2025-06-12 08:16:58.608974: I tensorflow/core/platform/cpu_feature_guard.cc:141] Your CPU supports instructions that this TensorFlow binary was not compiled to use: AVX2 AVX512F FMA
Configurations
===========================================
{'batch_size': 50,
 'bf_search_max': 400.0,
 'bf_search_min': -400.0,
 'bf_search_step_size': 1.0,
 'dataset': 'machine-3-6',
 'dense_dim': 500,
 'early_stop': True,
 'get_score_on_dim': True,
 'gradient_clip_norm': 10.0,
 'initial_lr': 0.001,
 'l2_reg': 0.0001,
 'level': 0.005,
 'lr_anneal_epoch_freq': 40,
 'lr_anneal_factor': 0.5,
 'lr_anneal_step_freq': None,
 'max_epoch': 10,
 'max_test_size': None,
 'max_train_size': None,
 'nf_layers': 20,
 'posterior_flow_type': 'nf',
 'restore_dir': None,
 'result_dir': 'result',
 'rnn_cell': 'GRU',
 'rnn_num_hidden': 500,
 'save_dir': 'model',
 'save_z': False,
 'std_epsilon': 0.0001,
 'test_batch_size': 50,
 'test_n_z': 1,
 'test_score_filename': 'test_score.pkl',
 'test_start': 0,
 'train_score_filename': 'train_score.pkl',
 'train_start': 0,
 'use_connected_z_p': True,
 'use_connected_z_q': True,
 'valid_step_freq': 100,
 'window_length': 100,
 'x_dim': 38,
 'z_dim': 3}

train start time:  2025-06-12 08:16:42
load data of: machine-3-6
train:  0 None
test:  0 None
Data normalized
Data normalized
train set shape:  (28726, 38)
test set shape:  (28726, 38)
test set label shape:  (28726,)
Trainable Parameters                                            (2,607,740 in total)
------------------------------------------------------------------------------------
model/q_z_given_x/rnn_q_z/rnn/gru_cell/gates/kernel             (538, 1000)  538,000
model/q_z_given_x/rnn_q_z/rnn/gru_cell/gates/bias               (1000,)        1,000
model/q_z_given_x/rnn_q_z/rnn/gru_cell/candidate/kernel         (538, 500)   269,000
model/q_z_given_x/rnn_q_z/rnn/gru_cell/candidate/bias           (500,)           500
model/q_z_given_x/rnn_q_z/dense/kernel                          (500, 500)   250,000
model/q_z_given_x/rnn_q_z/dense/bias                            (500,)           500
model/q_z_given_x/rnn_q_z/dense_1/kernel                        (500, 500)   250,000
model/q_z_given_x/rnn_q_z/dense_1/bias                          (500,)           500
model/vae/variational/z_mean/kernel                             (503, 3)       1,509
model/vae/variational/z_mean/bias                               (3,)               3
model/vae/variational/z_std/kernel                              (503, 3)       1,509
model/vae/variational/z_std/bias                                (3,)               3
model/posterior_flow/_0/w                                       (1, 3)             3
model/posterior_flow/_0/b                                       (1,)               1
model/posterior_flow/_0/u                                       (1, 3)             3
model/posterior_flow/_1/w                                       (1, 3)             3
model/posterior_flow/_1/b                                       (1,)               1
model/posterior_flow/_1/u                                       (1, 3)             3
model/posterior_flow/_2/w                                       (1, 3)             3
model/posterior_flow/_2/b                                       (1,)               1
model/posterior_flow/_2/u                                       (1, 3)             3
model/posterior_flow/_3/w                                       (1, 3)             3
model/posterior_flow/_3/b                                       (1,)               1
model/posterior_flow/_3/u                                       (1, 3)             3
model/posterior_flow/_4/w                                       (1, 3)             3
model/posterior_flow/_4/b                                       (1,)               1
model/posterior_flow/_4/u                                       (1, 3)             3
model/posterior_flow/_5/w                                       (1, 3)             3
model/posterior_flow/_5/b                                       (1,)               1
model/posterior_flow/_5/u                                       (1, 3)             3
model/posterior_flow/_6/w                                       (1, 3)             3
model/posterior_flow/_6/b                                       (1,)               1
model/posterior_flow/_6/u                                       (1, 3)             3
model/posterior_flow/_7/w                                       (1, 3)             3
model/posterior_flow/_7/b                                       (1,)               1
model/posterior_flow/_7/u                                       (1, 3)             3
model/posterior_flow/_8/w                                       (1, 3)             3
model/posterior_flow/_8/b                                       (1,)               1
model/posterior_flow/_8/u                                       (1, 3)             3
model/posterior_flow/_9/w                                       (1, 3)             3
model/posterior_flow/_9/b                                       (1,)               1
model/posterior_flow/_9/u                                       (1, 3)             3
model/posterior_flow/_10/w                                      (1, 3)             3
model/posterior_flow/_10/b                                      (1,)               1
model/posterior_flow/_10/u                                      (1, 3)             3
model/posterior_flow/_11/w                                      (1, 3)             3
model/posterior_flow/_11/b                                      (1,)               1
model/posterior_flow/_11/u                                      (1, 3)             3
model/posterior_flow/_12/w                                      (1, 3)             3
model/posterior_flow/_12/b                                      (1,)               1
model/posterior_flow/_12/u                                      (1, 3)             3
model/posterior_flow/_13/w                                      (1, 3)             3
model/posterior_flow/_13/b                                      (1,)               1
model/posterior_flow/_13/u                                      (1, 3)             3
model/posterior_flow/_14/w                                      (1, 3)             3
model/posterior_flow/_14/b                                      (1,)               1
model/posterior_flow/_14/u                                      (1, 3)             3
model/posterior_flow/_15/w                                      (1, 3)             3
model/posterior_flow/_15/b                                      (1,)               1
model/posterior_flow/_15/u                                      (1, 3)             3
model/posterior_flow/_16/w                                      (1, 3)             3
model/posterior_flow/_16/b                                      (1,)               1
model/posterior_flow/_16/u                                      (1, 3)             3
model/posterior_flow/_17/w                                      (1, 3)             3
model/posterior_flow/_17/b                                      (1,)               1
model/posterior_flow/_17/u                                      (1, 3)             3
model/posterior_flow/_18/w                                      (1, 3)             3
model/posterior_flow/_18/b                                      (1,)               1
model/posterior_flow/_18/u                                      (1, 3)             3
model/posterior_flow/_19/w                                      (1, 3)             3
model/posterior_flow/_19/b                                      (1,)               1
model/posterior_flow/_19/u                                      (1, 3)             3
model/p_x_given_z/hidden/rnn_p_x/rnn/gru_cell/gates/kernel      (503, 1000)  503,000
model/p_x_given_z/hidden/rnn_p_x/rnn/gru_cell/gates/bias        (1000,)        1,000
model/p_x_given_z/hidden/rnn_p_x/rnn/gru_cell/candidate/kernel  (503, 500)   251,500
model/p_x_given_z/hidden/rnn_p_x/rnn/gru_cell/candidate/bias    (500,)           500
model/p_x_given_z/hidden/rnn_p_x/dense/kernel                   (500, 500)   250,000
model/p_x_given_z/hidden/rnn_p_x/dense/bias                     (500,)           500
model/p_x_given_z/hidden/rnn_p_x/dense_1/kernel                 (500, 500)   250,000
model/p_x_given_z/hidden/rnn_p_x/dense_1/bias                   (500,)           500
model/p_x_given_z/x_mean/kernel                                 (500, 38)     19,000
model/p_x_given_z/x_mean/bias                                   (38,)             38
model/p_x_given_z/x_std/kernel                                  (500, 38)     19,000
model/p_x_given_z/x_std/bias                                    (38,)             38/home/hz/anaconda3/envs/py36/lib/python3.6/site-packages/tensorflow/python/framework/dtypes.py:523: FutureWarning: Passing (type, 1) or '1type' as a synonym of type is deprecated; in a future version of numpy, it will be understood as (type, (1,)) / '(1,)type'.
  _np_qint8 = np.dtype([("qint8", np.int8, 1)])
/home/hz/anaconda3/envs/py36/lib/python3.6/site-packages/tensorflow/python/framework/dtypes.py:524: FutureWarning: Passing (type, 1) or '1type' as a synonym of type is deprecated; in a future version of numpy, it will be understood as (type, (1,)) / '(1,)type'.
  _np_quint8 = np.dtype([("quint8", np.uint8, 1)])
/home/hz/anaconda3/envs/py36/lib/python3.6/site-packages/tensorflow/python/framework/dtypes.py:525: FutureWarning: Passing (type, 1) or '1type' as a synonym of type is deprecated; in a future version of numpy, it will be understood as (type, (1,)) / '(1,)type'.
  _np_qint16 = np.dtype([("qint16", np.int16, 1)])
/home/hz/anaconda3/envs/py36/lib/python3.6/site-packages/tensorflow/python/framework/dtypes.py:526: FutureWarning: Passing (type, 1) or '1type' as a synonym of type is deprecated; in a future version of numpy, it will be understood as (type, (1,)) / '(1,)type'.
  _np_quint16 = np.dtype([("quint16", np.uint16, 1)])
/home/hz/anaconda3/envs/py36/lib/python3.6/site-packages/tensorflow/python/framework/dtypes.py:527: FutureWarning: Passing (type, 1) or '1type' as a synonym of type is deprecated; in a future version of numpy, it will be understood as (type, (1,)) / '(1,)type'.
  _np_qint32 = np.dtype([("qint32", np.int32, 1)])
/home/hz/anaconda3/envs/py36/lib/python3.6/site-packages/tensorflow/python/framework/dtypes.py:532: FutureWarning: Passing (type, 1) or '1type' as a synonym of type is deprecated; in a future version of numpy, it will be understood as (type, (1,)) / '(1,)type'.
  np_resource = np.dtype([("resource", np.ubyte, 1)])
/home/hz/anaconda3/envs/py36/lib/python3.6/site-packages/tfsnippet/utils/tfver.py:22: DeprecationWarning: Function 'semver.compare' is deprecated. Deprecated since version 2.10.0.  This function will be removed in semver 3. Use the respective 'semver.VersionInfo.compare' instead.
  compare_result = semver.compare(version, tf.__version__)
/home/hz/anaconda3/envs/py36/lib/python3.6/site-packages/tfsnippet/utils/tfver.py:22: DeprecationWarning: Function 'semver.compare' is deprecated. Deprecated since version 2.10.0.  This function will be removed in semver 3. Use the respective 'semver.VersionInfo.compare' instead.
  compare_result = semver.compare(version, tf.__version__)
INFO:tensorflow:Restoring parameters from /tmp/tmp3cg8x4yo/variables.dat-3800
2025-06-12 09:27:15,069 [INFO] tensorflow: Restoring parameters from /tmp/tmp3cg8x4yo/variables.dat-3800


train_values: (20109, 38)
[Epoch 1/10, Step 100] step time: 1.275s (±5.701s); train time: 1m 12.31s; valid time: 55.29s; loss: 5.92163 (±145.301); valid loss: -39.353 (*)
[Epoch 1/10, Step 200] step time: 1.044s (±5.009s); train time: 54.1s; valid time: 50.34s; loss: -35.2233 (±4.86831); valid loss: -28.6667
[Epoch 1/10, Step 300] step time: 1.043s (±5.06s); train time: 53.46s; valid time: 50.86s; loss: -37.7878 (±3.84806); valid loss: -28.0098
[Epoch 1/10, Step 400] step time: 1.061s (±5.16s); train time: 54.24s; valid time: 51.87s; loss: -39.8104 (±5.84085); valid loss: -40.812 (*)
train_values: (20109, 38)
[Epoch 2/10, Step 500, ETA 1h 3m 48.81s] step time: 1.044s (±5.002s); train time: 54.24s; valid time: 50.26s; loss: -38.6606 (±10.1649); valid loss: -38.8613
[Epoch 2/10, Step 600, ETA 1h 1m 41.06s] step time: 1.061s (±5.184s); train time: 54.04s; valid time: 52.11s; loss: -40.646 (±4.35413); valid loss: -42.477 (*)
[Epoch 2/10, Step 700, ETA 59m 31.2s] step time: 1.043s (±5.031s); train time: 53.84s; valid time: 50.56s; loss: -42.7533 (±5.98862); valid loss: -36.551
[Epoch 2/10, Step 800, ETA 57m 28.93s] step time: 1.047s (±5.034s); train time: 54.11s; valid time: 50.59s; loss: -44.443 (±5.9614); valid loss: -19.4229
train_values: (20109, 38)
[Epoch 3/10, Step 900, ETA 55m 30.84s] step time: 1.047s (±5.034s); train time: 54.18s; valid time: 50.6s; loss: -43.8698 (±9.41061); valid loss: -39.5895
[Epoch 3/10, Step 1000, ETA 53m 38.31s] step time: 1.057s (±5.145s); train time: 54.03s; valid time: 51.72s; loss: -45.2623 (±6.59392); valid loss: -44.3979 (*)
[Epoch 3/10, Step 1100, ETA 51m 47.05s] step time: 1.057s (±5.176s); train time: 53.73s; valid time: 52.03s; loss: -45.8197 (±4.60351); valid loss: -44.9543 (*)
[Epoch 3/10, Step 1200, ETA 49m 56.84s] step time: 1.058s (±5.159s); train time: 53.98s; valid time: 51.84s; loss: -46.3957 (±6.85867); valid loss: -48.1205 (*)
train_values: (20109, 38)
[Epoch 4/10, Step 1300, ETA 48m 7.624s] step time: 1.059s (±5.164s); train time: 54.08s; valid time: 51.89s; loss: -48.0395 (±5.38279); valid loss: -53.1516 (*)
[Epoch 4/10, Step 1400, ETA 46m 15.57s] step time: 1.041s (±5.016s); train time: 53.78s; valid time: 50.42s; loss: -45.1627 (±6.39821); valid loss: -49.028
[Epoch 4/10, Step 1500, ETA 44m 24.84s] step time: 1.043s (±5.009s); train time: 53.99s; valid time: 50.37s; loss: -48.021 (±5.50944); valid loss: -36.3749
[Epoch 4/10, Step 1600, ETA 42m 35.39s] step time: 1.046s (±5.068s); train time: 53.74s; valid time: 50.94s; loss: -47.9438 (±8.50784); valid loss: -47.8675
train_values: (20109, 38)
[Epoch 5/10, Step 1700, ETA 40m 45.95s] step time: 1.042s (±5.01s); train time: 53.93s; valid time: 50.36s; loss: -48.4654 (±7.43876); valid loss: -47.2549
[Epoch 5/10, Step 1800, ETA 38m 57.73s] step time: 1.048s (±5.042s); train time: 54.16s; valid time: 50.65s; loss: -47.8886 (±7.41453); valid loss: -47.4787
[Epoch 5/10, Step 1900, ETA 37m 9.379s] step time: 1.043s (±5.007s); train time: 54.03s; valid time: 50.34s; loss: -47.6035 (±10.0688); valid loss: -50.4146
[Epoch 5/10, Step 2000, ETA 35m 21.66s] step time: 1.046s (±5.015s); train time: 54.2s; valid time: 50.41s; loss: -49.2497 (±6.12382); valid loss: -45.6834
train_values: (20109, 38)
[Epoch 6/10, Step 2100, ETA 33m 33.92s] step time: 1.042s (±5.014s); train time: 53.84s; valid time: 50.4s; loss: -52.0022 (±3.65753); valid loss: -52.8544
[Epoch 6/10, Step 2200, ETA 31m 47.84s] step time: 1.058s (±5.166s); train time: 53.97s; valid time: 51.92s; loss: -50.6155 (±5.87019); valid loss: -54.598 (*)
[Epoch 6/10, Step 2300, ETA 30m 0.7923s] step time: 1.045s (±5.026s); train time: 54.06s; valid time: 50.5s; loss: -49.7846 (±9.55105); valid loss: -41.8586
[Epoch 6/10, Step 2400, ETA 28m 13.66s] step time: 1.041s (±4.997s); train time: 53.91s; valid time: 50.22s; loss: -48.4888 (±7.3075); valid loss: -46.7279
train_values: (20109, 38)
[Epoch 7/10, Step 2500, ETA 26m 27.3s] step time: 1.049s (±5.043s); train time: 54.32s; valid time: 50.68s; loss: -50.8889 (±6.48659); valid loss: -53.2193
[Epoch 7/10, Step 2600, ETA 24m 40.84s] step time: 1.046s (±5.02s); train time: 54.17s; valid time: 50.46s; loss: -51.1476 (±6.07216); valid loss: -51.2204
[Epoch 7/10, Step 2700, ETA 22m 55.13s] step time: 1.058s (±5.153s); train time: 54.1s; valid time: 51.79s; loss: -53.0063 (±4.31213); valid loss: -56.2192 (*)
[Epoch 7/10, Step 2800, ETA 21m 8.767s] step time: 1.044s (±5.022s); train time: 53.94s; valid time: 50.48s; loss: -54.4346 (±7.33394); valid loss: -50.6535
train_values: (20109, 38)
[Epoch 8/10, Step 2900, ETA 19m 22.48s] step time: 1.042s (±4.999s); train time: 54.03s; valid time: 50.24s; loss: -54.8687 (±5.04831); valid loss: -56.1913
[Epoch 8/10, Step 3000, ETA 17m 36.8s] step time: 1.056s (±5.141s); train time: 54.01s; valid time: 51.67s; loss: -55.8853 (±6.7314); valid loss: -56.3671 (*)
[Epoch 8/10, Step 3100, ETA 15m 50.94s] step time: 1.05s (±5.122s); train time: 53.56s; valid time: 51.48s; loss: -55.3332 (±4.42488); valid loss: -57.1014 (*)
[Epoch 8/10, Step 3200, ETA 14m 4.912s] step time: 1.041s (±5.013s); train time: 53.8s; valid time: 50.4s; loss: -57.4817 (±4.0969); valid loss: -45.9958
train_values: (20109, 38)
[Epoch 9/10, Step 3300, ETA 12m 19.01s] step time: 1.042s (±5.012s); train time: 53.87s; valid time: 50.37s; loss: -55.8677 (±4.93776); valid loss: -56.9787
[Epoch 9/10, Step 3400, ETA 10m 33.2s] step time: 1.042s (±5.026s); train time: 53.72s; valid time: 50.5s; loss: -56.5615 (±4.76161); valid loss: -52.3907
[Epoch 9/10, Step 3500, ETA 8m 47.43s] step time: 1.038s (±5.007s); train time: 53.56s; valid time: 50.32s; loss: -55.6672 (±6.13401); valid loss: -54.9442
[Epoch 9/10, Step 3600, ETA 7m 1.764s] step time: 1.038s (±4.984s); train time: 53.76s; valid time: 50.11s; loss: -55.6283 (±4.47046); valid loss: -54.4669
train_values: (20109, 38)
[Epoch 10/10, Step 3700, ETA 5m 16.24s] step time: 1.043s (±5.011s); train time: 54.06s; valid time: 50.35s; loss: -57.5183 (±4.30269); valid loss: -54.3147
[Epoch 10/10, Step 3800, ETA 3m 30.85s] step time: 1.058s (±5.165s); train time: 53.91s; valid time: 51.91s; loss: -57.7411 (±5.91427); valid loss: -61.953 (*)
[Epoch 10/10, Step 3900, ETA 1m 45.38s] step time: 1.038s (±4.981s); train time: 53.74s; valid time: 50.07s; loss: -59.2302 (±4.54004); valid loss: -58.1939
[Epoch 10/10, Step 4000, ETA 0s] step time: 1.037s (±4.964s); train time: 53.84s; valid time: 49.89s; loss: -58.095 (±5.31881); valid loss: -46.6546
train end time:  2025-06-12 09:27:15
train time:  4233.249735593796
test start time:  2025-06-12 09:27:15
------------------------------ testing ------------------------------
test_score shape:  (28627, 38)
test_z shape:  (28627, 100, 6)
search range:  -400.0 400.0
cur thr:  -399.0 [0.895119235273067, 0.9928571327259477, 0.8149078658717934, 973.0, 27426.0, 7.0, 221.0, 42.37447031912101] [0.895119235273067, 0.9928571327259477, 0.8149078658717934, 973.0, 27426.0, 7.0, 221.0, 42.37447031912101] -399.0
cur thr:  -349.0 [0.8947076834307633, 0.9918450459546887, 0.8149078658717934, 973.0, 27425.0, 8.0, 221.0, 42.37447031912101] [0.895119235273067, 0.9928571327259477, 0.8149078658717934, 973.0, 27426.0, 7.0, 221.0, 42.37447031912101] -399.0
cur thr:  -299.0 [0.8942965098555641, 0.9908350204599286, 0.8149078658717934, 973.0, 27424.0, 9.0, 221.0, 42.37447031912101] [0.895119235273067, 0.9928571327259477, 0.8149078658717934, 973.0, 27426.0, 7.0, 221.0, 42.37447031912101] -399.0
cur thr:  -249.0 [0.8930652535246588, 0.9878172488546473, 0.8149078658717934, 973.0, 27421.0, 12.0, 221.0, 31.499606254921815] [0.895119235273067, 0.9928571327259477, 0.8149078658717934, 973.0, 27426.0, 7.0, 221.0, 42.37447031912101] -399.0
cur thr:  -199.0 [0.9874426905104283, 0.986622065329247, 0.9882746985906642, 1180.0, 27417.0, 16.0, 14.0, 49.777224697503364] [0.9882696986159606, 0.9882746985906642, 0.9882746985906642, 1180.0, 27419.0, 14.0, 14.0, 49.777224697503364] -225.0
cur thr:  -149.0 [0.9857928197242868, 0.9833333251388889, 0.9882746985906642, 1180.0, 27413.0, 20.0, 14.0, 49.66611482094643] [0.9882696986159606, 0.9882746985906642, 0.9882746985906642, 1180.0, 27419.0, 14.0, 14.0, 49.777224697503364]  0%|          | 0/28627 [00:00<?, ?it/s]100%|██████████| 28627/28627 [00:00<00:00, 1302761.76it/s] -225.0
cur thr:  -99.0 [0.982509563205169, 0.976821183966712, 0.9882746985906642, 1180.0, 27405.0, 28.0, 14.0, 31.444095065610384] [0.9882696986159606, 0.9882746985906642, 0.9882746985906642, 1180.0, 27419.0, 14.0, 14.0, 49.777224697503364] -225.0
cur thr:  -49.0 [0.9708608127088735, 0.9517296785862456, 0.9907872613836913, 1183.0, 27373.0, 60.0, 11.0, 23.79976200237998] [0.9882696986159606, 0.9882746985906642, 0.9882746985906642, 1180.0, 27419.0, 14.0, 14.0, 49.777224697503364] -225.0
cur thr:  1.0 [0.857552170121935, 0.7559105383008912, 0.9907872613836913, 1183.0, 27051.0, 382.0, 11.0, 21.299787002129978] [0.9882696986159606, 0.9882746985906642, 0.9882746985906642, 1180.0, 27419.0, 14.0, 14.0, 49.777224697503364] -225.0
cur thr:  51.0 [0.16094749873381395, 0.08751740813053038, 0.9999999916247907, 1194.0, 14984.0, 12449.0, 0.0, 0.272724793410969] [0.9882696986159606, 0.9882746985906642, 0.9882746985906642, 1180.0, 27419.0, 14.0, 14.0, 49.777224697503364] -225.0
cur thr:  101.0 [0.0800770287631949, 0.041708876221151756, 0.9999999916247907, 1194.0, 0.0, 27433.0, 0.0, 0.0] [0.9882696986159606, 0.9882746985906642, 0.9882746985906642, 1180.0, 27419.0, 14.0, 14.0, 49.777224697503364] -225.0
cur thr:  151.0 [0.0800770287631949, 0.041708876221151756, 0.9999999916247907, 1194.0, 0.0, 27433.0, 0.0, 0.0] [0.9882696986159606, 0.9882746985906642, 0.9882746985906642, 1180.0, 27419.0, 14.0, 14.0, 49.777224697503364] -225.0
cur thr:  201.0 [0.0800770287631949, 0.041708876221151756, 0.9999999916247907, 1194.0, 0.0, 27433.0, 0.0, 0.0] [0.9882696986159606, 0.9882746985906642, 0.9882746985906642, 1180.0, 27419.0, 14.0, 14.0, 49.777224697503364] -225.0
cur thr:  251.0 [0.0800770287631949, 0.041708876221151756, 0.9999999916247907, 1194.0, 0.0, 27433.0, 0.0, 0.0] [0.9882696986159606, 0.9882746985906642, 0.9882746985906642, 1180.0, 27419.0, 14.0, 14.0, 49.777224697503364] -225.0
cur thr:  301.0 [0.0800770287631949, 0.041708876221151756, 0.9999999916247907, 1194.0, 0.0, 27433.0, 0.0, 0.0] [0.9882696986159606, 0.9882746985906642, 0.9882746985906642, 1180.0, 27419.0, 14.0, 14.0, 49.777224697503364] -225.0
cur thr:  351.0 [0.0800770287631949, 0.041708876221151756, 0.9999999916247907, 1194.0, 0.0, 27433.0, 0.0, 0.0] [0.9882696986159606, 0.9882746985906642, 0.9882746985906642, 1180.0, 27419.0, 14.0, 14.0, 49.777224697503364] -225.0
[0.9882696986159606, 0.9882746985906642, 0.9882746985906642, 1180.0, 27419.0, 14.0, 14.0, 49.777224697503364] -225.0
label_file: ServerMachineDataset/interpretation_label/machine-3-6.txt
Initial threshold : 31.49061
Number of peaks : 143
Grimshaw maximum log-likelihood estimation ... [done]
	γ = 0
	σ = 284.59802
	L = 951.1041164118491
Extreme quantile (probability = 0.001): 489.2649075633543
169
28627
POT result:  (0.9625661923432729, 0.935917714114575, 0.9907872613836913, 1183.0, 27352.0, 81.0, 11.0) -32.034304051942655 23.79976200237998

=== 全局调试信息 ===
y_true shape: (28627,), unique values: [0. 1.]
y_pred shape: (28627,), unique values: [False  True]
feature_scores shape: (28627, 38)
y_true 中的异常段: [(1088, 1121), (8078, 8111), (10538, 10643), (15534, 15763), (16689, 16895), (17955, 18034), (19177, 19400), (20582, 20765), (24404, 24406), (26039, 26049), (27778, 27858)]


=== 处理第 1/11 段 ===
段范围: start=1088, end=1121
段内真实标签 (seg_true): [1. 1. 1. 1. 1. 1. 1. 1. 1. 1. 1. 1. 1. 1. 1. 1. 1. 1. 1. 1. 1. 1. 1. 1.
 1. 1. 1. 1. 1. 1. 1. 1. 1. 1.]
段内预测标签 (seg_pred): [ True  True  True  True  True  True  True  True  True  True  True  True
  True  True  True  True  True  True  True  True  True  True  True  True
  True  True  True  True  True  True  True  True  True  True]
段内真实异常时间点索引 (相对段内): [ 0  1  2  3  4  5  6  7  8  9 10 11 12 13 14 15 16 17 18 19 20 21 22 23
 24 25 26 27 28 29 30 31 32 33]
段内是否有预测为异常的时间点: True
真实异常维度 (0-based): [0, 1, 2, 3, 18, 19, 20, 21, 22, 23, 24, 27, 28, 30, 31, 33, 34, 35]
段内检测到的异常时间点索引 (相对段内): [ 0  1  2  3  4  5  6  7  8  9 10 11 12 13 14 15 16 17 18 19 20 21 22 23
 24 25 26 27 28 29 30 31 32 33]
推断的异常维度 (0-based): [0, 1, 2, 3, 4, 5, 7, 8, 9, 10, 11, 12, 14, 15, 16, 17, 21, 23, 24, 25, 26, 28, 29, 30, 31, 32, 33, 34, 35, 36, 37]
真实与推断的交集: [0, 1, 2, 3, 21, 23, 24, 28, 30, 31, 33, 34, 35]
段内指标: TP=13, FP=18, FN=5, TN=2, IPS=0.7222

=== 处理第 2/11 段 ===
段范围: start=8078, end=8111
段内真实标签 (seg_true): [1. 1. 1. 1. 1. 1. 1. 1. 1. 1. 1. 1. 1. 1. 1. 1. 1. 1. 1. 1. 1. 1. 1. 1.
 1. 1. 1. 1. 1. 1. 1. 1. 1. 1.]
段内预测标签 (seg_pred): [ True  True  True  True  True  True  True  True  True  True  True  True
  True  True  True  True  True  True  True  True  True  True  True  True
  True  True  True  True  True  True  True  True  True  True]
段内真实异常时间点索引 (相对段内): [ 0  1  2  3  4  5  6  7  8  9 10 11 12 13 14 15 16 17 18 19 20 21 22 23
 24 25 26 27 28 29 30 31 32 33]
段内是否有预测为异常的时间点: True
真实异常维度 (0-based): [0, 1, 2, 3, 32, 33]
段内检测到的异常时间点索引 (相对段内): [ 0  1  2  3  4  5  6  7  8  9 10 11 12 13 14 15 16 17 18 19 20 21 22 23
 24 25 26 27 28 29 30 31 32 33]
推断的异常维度 (0-based): [4, 7, 16, 17, 28, 36, 37]
真实与推断的交集: []
段内指标: TP=0, FP=7, FN=6, TN=25, IPS=0.0000

=== 处理第 3/11 段 ===
段范围: start=10538, end=10643
段内真实标签 (seg_true): [1. 1. 1. 1. 1. 1. 1. 1. 1. 1. 1. 1. 1. 1. 1. 1. 1. 1. 1. 1. 1. 1. 1. 1.
 1. 1. 1. 1. 1. 1. 1. 1. 1. 1. 1. 1. 1. 1. 1. 1. 1. 1. 1. 1. 1. 1. 1. 1.
 1. 1. 1. 1. 1. 1. 1. 1. 1. 1. 1. 1. 1. 1. 1. 1. 1. 1. 1. 1. 1. 1. 1. 1.
 1. 1. 1. 1. 1. 1. 1. 1. 1. 1. 1. 1. 1. 1. 1. 1. 1. 1. 1. 1. 1. 1. 1. 1.
 1. 1. 1. 1. 1. 1. 1. 1. 1. 1.]
段内预测标签 (seg_pred): [ True  True  True  True  True  True  True  True  True  True  True  True
  True  True  True  True  True  True  True  True  True  True  True  True
  True  True  True  True  True  True  True  True  True  True  True  True
  True  True  True  True  True  True  True  True  True  True  True  True
  True  True  True  True  True  True  True  True  True  True  True  True
  True  True  True  True  True  True  True  True  True  True  True  True
  True  True  True  True  True  True  True  True  True  True  True  True
  True  True  True  True  True  True  True  True  True  True  True  True
  True  True  True  True  True  True  True  True  True  True]
段内真实异常时间点索引 (相对段内): [  0   1   2   3   4   5   6   7   8   9  10  11  12  13  14  15  16  17
  18  19  20  21  22  23  24  25  26  27  28  29  30  31  32  33  34  35
  36  37  38  39  40  41  42  43  44  45  46  47  48  49  50  51  52  53
  54  55  56  57  58  59  60  61  62  63  64  65  66  67  68  69  70  71
  72  73  74  75  76  77  78  79  80  81  82  83  84  85  86  87  88  89
  90  91  92  93  94  95  96  97  98  99 100 101 102 103 104 105]
段内是否有预测为异常的时间点: True
真实异常维度 (0-based): [0, 32, 33]
段内检测到的异常时间点索引 (相对段内): [  0   1   2   3   4   5   6   7   8   9  10  11  12  13  14  15  16  17
  18  19  20  21  22  23  24  25  26  27  28  29  30  31  32  33  34  35
  36  37  38  39  40  41  42  43  44  45  46  47  48  49  50  51  52  53
  54  55  56  57  58  59  60  61  62  63  64  65  66  67  68  69  70  71
  72  73  74  75  76  77  78  79  80  81  82  83  84  85  86  87  88  89
  90  91  92  93  94  95  96  97  98  99 100 101 102 103 104 105]
推断的异常维度 (0-based): [4, 7, 16, 36]
真实与推断的交集: []
段内指标: TP=0, FP=4, FN=3, TN=31, IPS=0.0000

=== 处理第 4/11 段 ===
段范围: start=15534, end=15763
段内真实标签 (seg_true): [1. 1. 1. 1. 1. 1. 1. 1. 1. 1. 1. 1. 1. 1. 1. 1. 1. 1. 1. 1. 1. 1. 1. 1.
 1. 1. 1. 1. 1. 1. 1. 1. 1. 1. 1. 1. 1. 1. 1. 1. 1. 1. 1. 1. 1. 1. 1. 1.
 1. 1. 1. 1. 1. 1. 1. 1. 1. 1. 1. 1. 1. 1. 1. 1. 1. 1. 1. 1. 1. 1. 1. 1.
 1. 1. 1. 1. 1. 1. 1. 1. 1. 1. 1. 1. 1. 1. 1. 1. 1. 1. 1. 1. 1. 1. 1. 1.
 1. 1. 1. 1. 1. 1. 1. 1. 1. 1. 1. 1. 1. 1. 1. 1. 1. 1. 1. 1. 1. 1. 1. 1.
 1. 1. 1. 1. 1. 1. 1. 1. 1. 1. 1. 1. 1. 1. 1. 1. 1. 1. 1. 1. 1. 1. 1. 1.
 1. 1. 1. 1. 1. 1. 1. 1. 1. 1. 1. 1. 1. 1. 1. 1. 1. 1. 1. 1. 1. 1. 1. 1.
 1. 1. 1. 1. 1. 1. 1. 1. 1. 1. 1. 1. 1. 1. 1. 1. 1. 1. 1. 1. 1. 1. 1. 1.
 1. 1. 1. 1. 1. 1. 1. 1. 1. 1. 1. 1. 1. 1. 1. 1. 1. 1. 1. 1. 1. 1. 1. 1.
 1. 1. 1. 1. 1. 1. 1. 1. 1. 1. 1. 1. 1. 1.]
段内预测标签 (seg_pred): [ True  True  True  True  True  True  True  True  True  True  True  True
  True  True  True  True  True  True  True  True  True  True  True  True
  True  True  True  True  True  True  True  True  True  True  True  True
  True  True  True  True  True  True  True  True  True  True  True  True
  True  True  True  True  True  True  True  True  True  True  True  True
  True  True  True  True  True  True  True  True  True  True  True  True
  True  True  True  True  True  True  True  True  True  True  True  True
  True  True  True  True  True  True  True  True  True  True  True  True
  True  True  True  True  True  True  True  True  True  True  True  True
  True  True  True  True  True  True  True  True  True  True  True  True
  True  True  True  True  True  True  True  True  True  True  True  True
  True  True  True  True  True  True  True  True  True  True  True  True
  True  True  True  True  True  True  True  True  True  True  True  True
  True  True  True  True  True  True  True  True  True  True  True  True
  True  True  True  True  True  True  True  True  True  True  True  True
  True  True  True  True  True  True  True  True  True  True  True  True
  True  True  True  True  True  True  True  True  True  True  True  True
  True  True  True  True  True  True  True  True  True  True  True  True
  True  True  True  True  True  True  True  True  True  True  True  True
  True  True]
段内真实异常时间点索引 (相对段内): [  0   1   2   3   4   5   6   7   8   9  10  11  12  13  14  15  16  17
  18  19  20  21  22  23  24  25  26  27  28  29  30  31  32  33  34  35
  36  37  38  39  40  41  42  43  44  45  46  47  48  49  50  51  52  53
  54  55  56  57  58  59  60  61  62  63  64  65  66  67  68  69  70  71
  72  73  74  75  76  77  78  79  80  81  82  83  84  85  86  87  88  89
  90  91  92  93  94  95  96  97  98  99 100 101 102 103 104 105 106 107
 108 109 110 111 112 113 114 115 116 117 118 119 120 121 122 123 124 125
 126 127 128 129 130 131 132 133 134 135 136 137 138 139 140 141 142 143
 144 145 146 147 148 149 150 151 152 153 154 155 156 157 158 159 160 161
 162 163 164 165 166 167 168 169 170 171 172 173 174 175 176 177 178 179
 180 181 182 183 184 185 186 187 188 189 190 191 192 193 194 195 196 197
 198 199 200 201 202 203 204 205 206 207 208 209 210 211 212 213 214 215
 216 217 218 219 220 221 222 223 224 225 226 227 228 229]
段内是否有预测为异常的时间点: True
真实异常维度 (0-based): [0, 8, 9, 11, 12, 13, 14, 15]
段内检测到的异常时间点索引 (相对段内): [  0   1   2   3   4   5   6   7   8   9  10  11  12  13  14  15  16  17
  18  19  20  21  22  23  24  25  26  27  28  29  30  31  32  33  34  35
  36  37  38  39  40  41  42  43  44  45  46  47  48  49  50  51  52  53
  54  55  56  57  58  59  60  61  62  63  64  65  66  67  68  69  70  71
  72  73  74  75  76  77  78  79  80  81  82  83  84  85  86  87  88  89
  90  91  92  93  94  95  96  97  98  99 100 101 102 103 104 105 106 107
 108 109 110 111 112 113 114 115 116 117 118 119 120 121 122 123 124 125
 126 127 128 129 130 131 132 133 134 135 136 137 138 139 140 141 142 143
 144 145 146 147 148 149 150 151 152 153 154 155 156 157 158 159 160 161
 162 163 164 165 166 167 168 169 170 171 172 173 174 175 176 177 178 179
 180 181 182 183 184 185 186 187 188 189 190 191 192 193 194 195 196 197
 198 199 200 201 202 203 204 205 206 207 208 209 210 211 212 213 214 215
 216 217 218 219 220 221 222 223 224 225 226 227 228 229]
推断的异常维度 (0-based): [4, 7, 16, 17, 26, 28, 32, 33, 36, 37]
真实与推断的交集: []
段内指标: TP=0, FP=10, FN=8, TN=20, IPS=0.0000

=== 处理第 5/11 段 ===
段范围: start=16689, end=16895
段内真实标签 (seg_true): [1. 1. 1. 1. 1. 1. 1. 1. 1. 1. 1. 1. 1. 1. 1. 1. 1. 1. 1. 1. 1. 1. 1. 1.
 1. 1. 1. 1. 1. 1. 1. 1. 1. 1. 1. 1. 1. 1. 1. 1. 1. 1. 1. 1. 1. 1. 1. 1.
 1. 1. 1. 1. 1. 1. 1. 1. 1. 1. 1. 1. 1. 1. 1. 1. 1. 1. 1. 1. 1. 1. 1. 1.
 1. 1. 1. 1. 1. 1. 1. 1. 1. 1. 1. 1. 1. 1. 1. 1. 1. 1. 1. 1. 1. 1. 1. 1.
 1. 1. 1. 1. 1. 1. 1. 1. 1. 1. 1. 1. 1. 1. 1. 1. 1. 1. 1. 1. 1. 1. 1. 1.
 1. 1. 1. 1. 1. 1. 1. 1. 1. 1. 1. 1. 1. 1. 1. 1. 1. 1. 1. 1. 1. 1. 1. 1.
 1. 1. 1. 1. 1. 1. 1. 1. 1. 1. 1. 1. 1. 1. 1. 1. 1. 1. 1. 1. 1. 1. 1. 1.
 1. 1. 1. 1. 1. 1. 1. 1. 1. 1. 1. 1. 1. 1. 1. 1. 1. 1. 1. 1. 1. 1. 1. 1.
 1. 1. 1. 1. 1. 1. 1. 1. 1. 1. 1. 1. 1. 1. 1.]
段内预测标签 (seg_pred): [ True  True  True  True  True  True  True  True  True  True  True  True
  True  True  True  True  True  True  True  True  True  True  True  True
  True  True  True  True  True  True  True  True  True  True  True  True
  True  True  True  True  True  True  True  True  True  True  True  True
  True  True  True  True  True  True  True  True  True  True  True  True
  True  True  True  True  True  True  True  True  True  True  True  True
  True  True  True  True  True  True  True  True  True  True  True  True
  True  True  True  True  True  True  True  True  True  True  True  True
  True  True  True  True  True  True  True  True  True  True  True  True
  True  True  True  True  True  True  True  True  True  True  True  True
  True  True  True  True  True  True  True  True  True  True  True  True
  True  True  True  True  True  True  True  True  True  True  True  True
  True  True  True  True  True  True  True  True  True  True  True  True
  True  True  True  True  True  True  True  True  True  True  True  True
  True  True  True  True  True  True  True  True  True  True  True  True
  True  True  True  True  True  True  True  True  True  True  True  True
  True  True  True  True  True  True  True  True  True  True  True  True
  True  True  True]
段内真实异常时间点索引 (相对段内): [  0   1   2   3   4   5   6   7   8   9  10  11  12  13  14  15  16  17
  18  19  20  21  22  23  24  25  26  27  28  29  30  31  32  33  34  35
  36  37  38  39  40  41  42  43  44  45  46  47  48  49  50  51  52  53
  54  55  56  57  58  59  60  61  62  63  64  65  66  67  68  69  70  71
  72  73  74  75  76  77  78  79  80  81  82  83  84  85  86  87  88  89
  90  91  92  93  94  95  96  97  98  99 100 101 102 103 104 105 106 107
 108 109 110 111 112 113 114 115 116 117 118 119 120 121 122 123 124 125
 126 127 128 129 130 131 132 133 134 135 136 137 138 139 140 141 142 143
 144 145 146 147 148 149 150 151 152 153 154 155 156 157 158 159 160 161
 162 163 164 165 166 167 168 169 170 171 172 173 174 175 176 177 178 179
 180 181 182 183 184 185 186 187 188 189 190 191 192 193 194 195 196 197
 198 199 200 201 202 203 204 205 206]
段内是否有预测为异常的时间点: True
真实异常维度 (0-based): [0, 9, 11, 12, 13, 14]
段内检测到的异常时间点索引 (相对段内): [  0   1   2   3   4   5   6   7   8   9  10  11  12  13  14  15  16  17
  18  19  20  21  22  23  24  25  26  27  28  29  30  31  32  33  34  35
  36  37  38  39  40  41  42  43  44  45  46  47  48  49  50  51  52  53
  54  55  56  57  58  59  60  61  62  63  64  65  66  67  68  69  70  71
  72  73  74  75  76  77  78  79  80  81  82  83  84  85  86  87  88  89
  90  91  92  93  94  95  96  97  98  99 100 101 102 103 104 105 106 107
 108 109 110 111 112 113 114 115 116 117 118 119 120 121 122 123 124 125
 126 127 128 129 130 131 132 133 134 135 136 137 138 139 140 141 142 143
 144 145 146 147 148 149 150 151 152 153 154 155 156 157 158 159 160 161
 162 163 164 165 166 167 168 169 170 171 172 173 174 175 176 177 178 179
 180 181 182 183 184 185 186 187 188 189 190 191 192 193 194 195 196 197
 198 199 200 201 202 203 204 205 206]
推断的异常维度 (0-based): [4, 7, 16, 17, 36, 37]
真实与推断的交集: []
段内指标: TP=0, FP=6, FN=6, TN=26, IPS=0.0000

=== 处理第 6/11 段 ===
段范围: start=17955, end=18034
段内真实标签 (seg_true): [1. 1. 1. 1. 1. 1. 1. 1. 1. 1. 1. 1. 1. 1. 1. 1. 1. 1. 1. 1. 1. 1. 1. 1.
 1. 1. 1. 1. 1. 1. 1. 1. 1. 1. 1. 1. 1. 1. 1. 1. 1. 1. 1. 1. 1. 1. 1. 1.
 1. 1. 1. 1. 1. 1. 1. 1. 1. 1. 1. 1. 1. 1. 1. 1. 1. 1. 1. 1. 1. 1. 1. 1.
 1. 1. 1. 1. 1. 1. 1. 1.]
段内预测标签 (seg_pred): [ True  True  True  True  True  True  True  True  True  True  True  True
  True  True  True  True  True  True  True  True  True  True  True  True
  True  True  True  True  True  True  True  True  True  True  True  True
  True  True  True  True  True  True  True  True  True  True  True  True
  True  True  True  True  True  True  True  True  True  True  True  True
  True  True  True  True  True  True  True  True  True  True  True  True
  True  True  True  True  True  True  True  True]
段内真实异常时间点索引 (相对段内): [ 0  1  2  3  4  5  6  7  8  9 10 11 12 13 14 15 16 17 18 19 20 21 22 23
 24 25 26 27 28 29 30 31 32 33 34 35 36 37 38 39 40 41 42 43 44 45 46 47
 48 49 50 51 52 53 54 55 56 57 58 59 60 61 62 63 64 65 66 67 68 69 70 71
 72 73 74 75 76 77 78 79]
段内是否有预测为异常的时间点: True
真实异常维度 (0-based): [0, 9, 11, 12, 13, 14]
段内检测到的异常时间点索引 (相对段内): [ 0  1  2  3  4  5  6  7  8  9 10 11 12 13 14 15 16 17 18 19 20 21 22 23
 24 25 26 27 28 29 30 31 32 33 34 35 36 37 38 39 40 41 42 43 44 45 46 47
 48 49 50 51 52 53 54 55 56 57 58 59 60 61 62 63 64 65 66 67 68 69 70 71
 72 73 74 75 76 77 78 79]
推断的异常维度 (0-based): [4, 7, 16, 17, 28, 36, 37]
真实与推断的交集: []
段内指标: TP=0, FP=7, FN=6, TN=25, IPS=0.0000

=== 处理第 7/11 段 ===
段范围: start=19177, end=19400
段内真实标签 (seg_true): [1. 1. 1. 1. 1. 1. 1. 1. 1. 1. 1. 1. 1. 1. 1. 1. 1. 1. 1. 1. 1. 1. 1. 1.
 1. 1. 1. 1. 1. 1. 1. 1. 1. 1. 1. 1. 1. 1. 1. 1. 1. 1. 1. 1. 1. 1. 1. 1.
 1. 1. 1. 1. 1. 1. 1. 1. 1. 1. 1. 1. 1. 1. 1. 1. 1. 1. 1. 1. 1. 1. 1. 1.
 1. 1. 1. 1. 1. 1. 1. 1. 1. 1. 1. 1. 1. 1. 1. 1. 1. 1. 1. 1. 1. 1. 1. 1.
 1. 1. 1. 1. 1. 1. 1. 1. 1. 1. 1. 1. 1. 1. 1. 1. 1. 1. 1. 1. 1. 1. 1. 1.
 1. 1. 1. 1. 1. 1. 1. 1. 1. 1. 1. 1. 1. 1. 1. 1. 1. 1. 1. 1. 1. 1. 1. 1.
 1. 1. 1. 1. 1. 1. 1. 1. 1. 1. 1. 1. 1. 1. 1. 1. 1. 1. 1. 1. 1. 1. 1. 1.
 1. 1. 1. 1. 1. 1. 1. 1. 1. 1. 1. 1. 1. 1. 1. 1. 1. 1. 1. 1. 1. 1. 1. 1.
 1. 1. 1. 1. 1. 1. 1. 1. 1. 1. 1. 1. 1. 1. 1. 1. 1. 1. 1. 1. 1. 1. 1. 1.
 1. 1. 1. 1. 1. 1. 1. 1.]
段内预测标签 (seg_pred): [ True  True  True  True  True  True  True  True  True  True  True  True
  True  True  True  True  True  True  True  True  True  True  True  True
  True  True  True  True  True  True  True  True  True  True  True  True
  True  True  True  True  True  True  True  True  True  True  True  True
  True  True  True  True  True  True  True  True  True  True  True  True
  True  True  True  True  True  True  True  True  True  True  True  True
  True  True  True  True  True  True  True  True  True  True  True  True
  True  True  True  True  True  True  True  True  True  True  True  True
  True  True  True  True  True  True  True  True  True  True  True  True
  True  True  True  True  True  True  True  True  True  True  True  True
  True  True  True  True  True  True  True  True  True  True  True  True
  True  True  True  True  True  True  True  True  True  True  True  True
  True  True  True  True  True  True  True  True  True  True  True  True
  True  True  True  True  True  True  True  True  True  True  True  True
  True  True  True  True  True  True  True  True  True  True  True  True
  True  True  True  True  True  True  True  True  True  True  True  True
  True  True  True  True  True  True  True  True  True  True  True  True
  True  True  True  True  True  True  True  True  True  True  True  True
  True  True  True  True  True  True  True  True]
段内真实异常时间点索引 (相对段内): [  0   1   2   3   4   5   6   7   8   9  10  11  12  13  14  15  16  17
  18  19  20  21  22  23  24  25  26  27  28  29  30  31  32  33  34  35
  36  37  38  39  40  41  42  43  44  45  46  47  48  49  50  51  52  53
  54  55  56  57  58  59  60  61  62  63  64  65  66  67  68  69  70  71
  72  73  74  75  76  77  78  79  80  81  82  83  84  85  86  87  88  89
  90  91  92  93  94  95  96  97  98  99 100 101 102 103 104 105 106 107
 108 109 110 111 112 113 114 115 116 117 118 119 120 121 122 123 124 125
 126 127 128 129 130 131 132 133 134 135 136 137 138 139 140 141 142 143
 144 145 146 147 148 149 150 151 152 153 154 155 156 157 158 159 160 161
 162 163 164 165 166 167 168 169 170 171 172 173 174 175 176 177 178 179
 180 181 182 183 184 185 186 187 188 189 190 191 192 193 194 195 196 197
 198 199 200 201 202 203 204 205 206 207 208 209 210 211 212 213 214 215
 216 217 218 219 220 221 222 223]
段内是否有预测为异常的时间点: True
真实异常维度 (0-based): [0, 9, 11, 12, 13, 14]
段内检测到的异常时间点索引 (相对段内): [  0   1   2   3   4   5   6   7   8   9  10  11  12  13  14  15  16  17
  18  19  20  21  22  23  24  25  26  27  28  29  30  31  32  33  34  35
  36  37  38  39  40  41  42  43  44  45  46  47  48  49  50  51  52  53
  54  55  56  57  58  59  60  61  62  63  64  65  66  67  68  69  70  71
  72  73  74  75  76  77  78  79  80  81  82  83  84  85  86  87  88  89
  90  91  92  93  94  95  96  97  98  99 100 101 102 103 104 105 106 107
 108 109 110 111 112 113 114 115 116 117 118 119 120 121 122 123 124 125
 126 127 128 129 130 131 132 133 134 135 136 137 138 139 140 141 142 143
 144 145 146 147 148 149 150 151 152 153 154 155 156 157 158 159 160 161
 162 163 164 165 166 167 168 169 170 171 172 173 174 175 176 177 178 179
 180 181 182 183 184 185 186 187 188 189 190 191 192 193 194 195 196 197
 198 199 200 201 202 203 204 205 206 207 208 209 210 211 212 213 214 215
 216 217 218 219 220 221 222 223]
推断的异常维度 (0-based): [4, 7, 16, 17, 32, 36, 37]
真实与推断的交集: []
段内指标: TP=0, FP=7, FN=6, TN=25, IPS=0.0000

=== 处理第 8/11 段 ===
段范围: start=20582, end=20765
段内真实标签 (seg_true): [1. 1. 1. 1. 1. 1. 1. 1. 1. 1. 1. 1. 1. 1. 1. 1. 1. 1. 1. 1. 1. 1. 1. 1.
 1. 1. 1. 1. 1. 1. 1. 1. 1. 1. 1. 1. 1. 1. 1. 1. 1. 1. 1. 1. 1. 1. 1. 1.
 1. 1. 1. 1. 1. 1. 1. 1. 1. 1. 1. 1. 1. 1. 1. 1. 1. 1. 1. 1. 1. 1. 1. 1.
 1. 1. 1. 1. 1. 1. 1. 1. 1. 1. 1. 1. 1. 1. 1. 1. 1. 1. 1. 1. 1. 1. 1. 1.
 1. 1. 1. 1. 1. 1. 1. 1. 1. 1. 1. 1. 1. 1. 1. 1. 1. 1. 1. 1. 1. 1. 1. 1.
 1. 1. 1. 1. 1. 1. 1. 1. 1. 1. 1. 1. 1. 1. 1. 1. 1. 1. 1. 1. 1. 1. 1. 1.
 1. 1. 1. 1. 1. 1. 1. 1. 1. 1. 1. 1. 1. 1. 1. 1. 1. 1. 1. 1. 1. 1. 1. 1.
 1. 1. 1. 1. 1. 1. 1. 1. 1. 1. 1. 1. 1. 1. 1. 1.]
段内预测标签 (seg_pred): [ True  True  True  True  True  True  True  True  True  True  True  True
  True  True  True  True  True  True  True  True  True  True  True  True
  True  True  True  True  True  True  True  True  True  True  True  True
  True  True  True  True  True  True  True  True  True  True  True  True
  True  True  True  True  True  True  True  True  True  True  True  True
  True  True  True  True  True  True  True  True  True  True  True  True
  True  True  True  True  True  True  True  True  True  True  True  True
  True  True  True  True  True  True  True  True  True  True  True  True
  True  True  True  True  True  True  True  True  True  True  True  True
  True  True  True  True  True  True  True  True  True  True  True  True
  True  True  True  True  True  True  True  True  True  True  True  True
  True  True  True  True  True  True  True  True  True  True  True  True
  True  True  True  True  True  True  True  True  True  True  True  True
  True  True  True  True  True  True  True  True  True  True  True  True
  True  True  True  True  True  True  True  True  True  True  True  True
  True  True  True  True]
段内真实异常时间点索引 (相对段内): [  0   1   2   3   4   5   6   7   8   9  10  11  12  13  14  15  16  17
  18  19  20  21  22  23  24  25  26  27  28  29  30  31  32  33  34  35
  36  37  38  39  40  41  42  43  44  45  46  47  48  49  50  51  52  53
  54  55  56  57  58  59  60  61  62  63  64  65  66  67  68  69  70  71
  72  73  74  75  76  77  78  79  80  81  82  83  84  85  86  87  88  89
  90  91  92  93  94  95  96  97  98  99 100 101 102 103 104 105 106 107
 108 109 110 111 112 113 114 115 116 117 118 119 120 121 122 123 124 125
 126 127 128 129 130 131 132 133 134 135 136 137 138 139 140 141 142 143
 144 145 146 147 148 149 150 151 152 153 154 155 156 157 158 159 160 161
 162 163 164 165 166 167 168 169 170 171 172 173 174 175 176 177 178 179
 180 181 182 183]
段内是否有预测为异常的时间点: True
真实异常维度 (0-based): [0, 8, 9, 11, 12, 13, 14]
段内检测到的异常时间点索引 (相对段内): [  0   1   2   3   4   5   6   7   8   9  10  11  12  13  14  15  16  17
  18  19  20  21  22  23  24  25  26  27  28  29  30  31  32  33  34  35
  36  37  38  39  40  41  42  43  44  45  46  47  48  49  50  51  52  53
  54  55  56  57  58  59  60  61  62  63  64  65  66  67  68  69  70  71
  72  73  74  75  76  77  78  79  80  81  82  83  84  85  86  87  88  89
  90  91  92  93  94  95  96  97  98  99 100 101 102 103 104 105 106 107
 108 109 110 111 112 113 114 115 116 117 118 119 120 121 122 123 124 125
 126 127 128 129 130 131 132 133 134 135 136 137 138 139 140 141 142 143
 144 145 146 147 148 149 150 151 152 153 154 155 156 157 158 159 160 161
 162 163 164 165 166 167 168 169 170 171 172 173 174 175 176 177 178 179
 180 181 182 183]
推断的异常维度 (0-based): [4, 7, 16, 17, 26, 28, 32, 33, 36, 37]
真实与推断的交集: []
段内指标: TP=0, FP=10, FN=7, TN=21, IPS=0.0000

=== 处理第 9/11 段 ===
段范围: start=24404, end=24406
段内真实标签 (seg_true): [1. 1. 1.]
段内预测标签 (seg_pred): [ True  True  True]
段内真实异常时间点索引 (相对段内): [0 1 2]
段内是否有预测为异常的时间点: True
真实异常维度 (0-based): [0, 8, 9, 11, 12, 13, 14]
段内检测到的异常时间点索引 (相对段内): [0 1 2]
推断的异常维度 (0-based): [4, 7, 16, 17, 28, 36, 37]
真实与推断的交集: []
段内指标: TP=0, FP=7, FN=7, TN=24, IPS=0.0000

=== 处理第 10/11 段 ===
段范围: start=26039, end=26049
段内真实标签 (seg_true): [1. 1. 1. 1. 1. 1. 1. 1. 1. 1. 1.]
段内预测标签 (seg_pred): [False False False False False False False False False False False]
段内真实异常时间点索引 (相对段内): [ 0  1  2  3  4  5  6  7  8  9 10]
段内是否有预测为异常的时间点: False
真实异常维度 (0-based): [0, 11]
段内检测到的异常时间点索引 (相对段内): []
未检测到任何异常点，尝试从特征分数中推断异常维度
推断的异常维度 (0-based): [4, 36]
真实与推断的交集: []
段内指标: TP=0, FP=2, FN=2, TN=34, IPS=0.0000

=== 处理第 11/11 段 ===
段范围: start=27778, end=27858
段内真实标签 (seg_true): [1. 1. 1. 1. 1. 1. 1. 1. 1. 1. 1. 1. 1. 1. 1. 1. 1. 1. 1. 1. 1. 1. 1. 1.
 1. 1. 1. 1. 1. 1. 1. 1. 1. 1. 1. 1. 1. 1. 1. 1. 1. 1. 1. 1. 1. 1. 1. 1.
 1. 1. 1. 1. 1. 1. 1. 1. 1. 1. 1. 1. 1. 1. 1. 1. 1. 1. 1. 1. 1. 1. 1. 1.
 1. 1. 1. 1. 1. 1. 1. 1. 1.]
段内预测标签 (seg_pred): [ True  True  True  True  True  True  True  True  True  True  True  True
  True  True  True  True  True  True  True  True  True  True  True  True
  True  True  True  True  True  True  True  True  True  True  True  True
  True  True  True  True  True  True  True  True  True  True  True  True
  True  True  True  True  True  True  True  True  True  True  True  True
  True  True  True  True  True  True  True  True  True  True  True  True
  True  True  True  True  True  True  True  True  True]
段内真实异常时间点索引 (相对段内): [ 0  1  2  3  4  5  6  7  8  9 10 11 12 13 14 15 16 17 18 19 20 21 22 23
 24 25 26 27 28 29 30 31 32 33 34 35 36 37 38 39 40 41 42 43 44 45 46 47
 48 49 50 51 52 53 54 55 56 57 58 59 60 61 62 63 64 65 66 67 68 69 70 71
 72 73 74 75 76 77 78 79 80]
段内是否有预测为异常的时间点: True
真实异常维度 (0-based): [0, 1, 2, 3, 5, 6, 10, 15, 18, 19, 20, 21, 22, 23, 24, 25, 27, 29, 30, 31, 32, 34, 35]
段内检测到的异常时间点索引 (相对段内): [ 0  1  2  3  4  5  6  7  8  9 10 11 12 13 14 15 16 17 18 19 20 21 22 23
 24 25 26 27 28 29 30 31 32 33 34 35 36 37 38 39 40 41 42 43 44 45 46 47
 48 49 50 51 52 53 54 55 56 57 58 59 60 61 62 63 64 65 66 67 68 69 70 71
 72 73 74 75 76 77 78 79 80]
推断的异常维度 (0-based): [0, 1, 2, 3, 4, 5, 6, 7, 8, 9, 10, 11, 12, 13, 14, 15, 16, 17, 18, 19, 20, 21, 22, 23, 24, 25, 26, 27, 28, 29, 30, 31, 32, 33, 34, 35, 36, 37]
真实与推断的交集: [0, 1, 2, 3, 5, 6, 10, 15, 18, 19, 20, 21, 22, 23, 24, 25, 27, 29, 30, 31, 32, 34, 35]
段内指标: TP=23, FP=15, FN=0, TN=0, IPS=1.0000

=== 汇总指标 ===
总 TP: 36, 总 TN: 233, 总 FP: 93, 总 FN: 56
平均 IPS: 0.0884, Precision: 0.2791, Recall: 0.3913, F1: 0.3258
每段IPS与混淆: [{'start': 1088, 'end': 1121, 'TP': 13, 'TN': 2, 'FP': 18, 'FN': 5, 'IPS': 0.7222222222222222, 'k_selected': 18, 'gt_dims_count': 18}, {'start': 8078, 'end': 8111, 'TP': 0, 'TN': 25, 'FP': 7, 'FN': 6, 'IPS': 0.0, 'k_selected': 6, 'gt_dims_count': 6}, {'start': 10538, 'end': 10643, 'TP': 0, 'TN': 31, 'FP': 4, 'FN': 3, 'IPS': 0.0, 'k_selected': 3, 'gt_dims_count': 3}, {'start': 15534, 'end': 15763, 'TP': 0, 'TN': 20, 'FP': 10, 'FN': 8, 'IPS': 0.0, 'k_selected': 8, 'gt_dims_count': 8}, {'start': 16689, 'end': 16895, 'TP': 0, 'TN': 26, 'FP': 6, 'FN': 6, 'IPS': 0.0, 'k_selected': 6, 'gt_dims_count': 6}, {'start': 17955, 'end': 18034, 'TP': 0, 'TN': 25, 'FP': 7, 'FN': 6, 'IPS': 0.0, 'k_selected': 6, 'gt_dims_count': 6}, {'start': 19177, 'end': 19400, 'TP': 0, 'TN': 25, 'FP': 7, 'FN': 6, 'IPS': 0.0, 'k_selected': 6, 'gt_dims_count': 6}, {'start': 20582, 'end': 20765, 'TP': 0, 'TN': 21, 'FP': 10, 'FN': 7, 'IPS': 0.0, 'k_selected': 7, 'gt_dims_count': 7}, {'start': 24404, 'end': 24406, 'TP': 0, 'TN': 24, 'FP': 7, 'FN': 7, 'IPS': 0.0, 'k_selected': 7, 'gt_dims_count': 7}, {'start': 26039, 'end': 26049, 'TP': 0, 'TN': 34, 'FP': 2, 'FN': 2, 'IPS': 0.0, 'k_selected': 2, 'gt_dims_count': 2}, {'start': 27778, 'end': 27858, 'TP': 23, 'TN': 0, 'FP': 15, 'FN': 0, 'IPS': 1.0, 'k_selected': 23, 'gt_dims_count': 23}]
总和: {'TP': 36, 'TN': 233, 'FP': 93, 'FN': 56, 'IPS': 0.08840498790247533, 'precision': 0.27906976744186046, 'recall': 0.391304347826087, 'F1': 0.3257918552036199}
test end time:  2025-06-12 09:32:57
test time:  341.84104776382446
==============================result==============================
{'FN': 14.0,
 'FP': 14.0,
 'TN': 27419.0,
 'TP': 1180.0,
 'best-f1': 0.9882696986159606,
 'best_valid_loss': -61.95304065927368,
 'latency': 49.777224697503364,
 'pot-FN': 11.0,
 'pot-FP': 81.0,
 'pot-TN': 27352.0,
 'pot-TP': 1183.0,
 'pot-f1': 0.9625661923432729,
 'pot-latency': 23.79976200237998,
 'pot-precision': 0.935917714114575,
 'pot-recall': 0.9907872613836913,
 'pot-threshold': -32.034304051942655,
 'precision': 0.9882746985906642,
 'pred_time': 0.2815513935388695,
 'pred_total_time': 161.67898106575012,
 'recall': 0.9882746985906642,
 'segment_results': [{'FN': 5,
                      'FP': 18,
                      'IPS': 0.7222222222222222,
                      'TN': 2,
                      'TP': 13,
                      'end': 1121,
                      'gt_dims_count': 18,
                      'k_selected': 18,
                      'start': 1088},
                     {'FN': 6,
                      'FP': 7,
                      'IPS': 0.0,
                      'TN': 25,
                      'TP': 0,
                      'end': 8111,
                      'gt_dims_count': 6,
                      'k_selected': 6,
                      'start': 8078},
                     {'FN': 3,
                      'FP': 4,
                      'IPS': 0.0,
                      'TN': 31,
                      'TP': 0,
                      'end': 10643,
                      'gt_dims_count': 3,
                      'k_selected': 3,
                      'start': 10538},
                     {'FN': 8,
                      'FP': 10,
                      'IPS': 0.0,
                      'TN': 20,
                      'TP': 0,
                      'end': 15763,
                      'gt_dims_count': 8,
                      'k_selected': 8,
                      'start': 15534},
                     {'FN': 6,
                      'FP': 6,
                      'IPS': 0.0,
                      'TN': 26,
                      'TP': 0,
                      'end': 16895,
                      'gt_dims_count': 6,
                      'k_selected': 6,
                      'start': 16689},
                     {'FN': 6,
                      'FP': 7,
                      'IPS': 0.0,
                      'TN': 25,
                      'TP': 0,
                      'end': 18034,
                      'gt_dims_count': 6,
                      'k_selected': 6,
                      'start': 17955},
                     {'FN': 6,
                      'FP': 7,
                      'IPS': 0.0,
                      'TN': 25,
                      'TP': 0,
                      'end': 19400,
                      'gt_dims_count': 6,
                      'k_selected': 6,
                      'start': 19177},
                     {'FN': 7,
                      'FP': 10,
                      'IPS': 0.0,
                      'TN': 21,
                      'TP': 0,
                      'end': 20765,
                      'gt_dims_count': 7,
                      'k_selected': 7,
                      'start': 20582},
                     {'FN': 7,
                      
'FP': 7,
                      'IPS': 0.0,
                      'TN': 24,
                      'TP': 0,
                      'end': 24406,
                      'gt_dims_count': 7,
                      'k_selected': 7,
                      'start': 24404},
                     {'FN': 2,
                      'FP': 2,
                      'IPS': 0.0,
                      'TN': 34,
                      'TP': 0,
                      'end': 26049,
                      'gt_dims_count': 2,
                      'k_selected': 2,
                      'start': 26039},
                     {'FN': 0,
                      'FP': 15,
                      'IPS': 1.0,
                      'TN': 0,
                      'TP': 23,
                      'end': 27858,
                      'gt_dims_count': 23,
                      'k_selected': 23,
                      'start': 27778}],
 'segment_summary': {'F1': 0.3257918552036199,
                     'FN': 56,
                     'FP': 93,
                     'IPS': 0.08840498790247533,
                     'TN': 233,
                     'TP': 36,
                     'precision': 0.27906976744186046,
                     'recall': 0.391304347826087},
 'threshold': -225.0,
 'train_time': 421.6692870616913,
 'valid_time': 0.2947815173202091}
