2025-06-12 11:48:24.615742: I tensorflow/core/platform/cpu_feature_guard.cc:141] Your CPU supports instructions that this TensorFlow binary was not compiled to use: AVX2 AVX512F FMA
Configurations
===========================================
{'batch_size': 50,
 'bf_search_max': 400.0,
 'bf_search_min': -400.0,
 'bf_search_step_size': 1.0,
 'dataset': 'machine-3-11',
 'dense_dim': 500,
 'early_stop': True,
 'get_score_on_dim': True,
 'gradient_clip_norm': 10.0,
 'initial_lr': 0.001,
 'l2_reg': 0.0001,
 'level': 0.005,
 'lr_anneal_epoch_freq': 40,
 'lr_anneal_factor': 0.5,
 'lr_anneal_step_freq': None,
 'max_epoch': 10,
 'max_test_size': None,
 'max_train_size': None,
 'nf_layers': 20,
 'posterior_flow_type': 'nf',
 'restore_dir': None,
 'result_dir': 'result',
 'rnn_cell': 'GRU',
 'rnn_num_hidden': 500,
 'save_dir': 'model',
 'save_z': False,
 'std_epsilon': 0.0001,
 'test_batch_size': 50,
 'test_n_z': 1,
 'test_score_filename': 'test_score.pkl',
 'test_start': 0,
 'train_score_filename': 'train_score.pkl',
 'train_start': 0,
 'use_connected_z_p': True,
 'use_connected_z_q': True,
 'valid_step_freq': 100,
 'window_length': 100,
 'x_dim': 38,
 'z_dim': 3}

train start time:  2025-06-12 11:48:07
load data of: machine-3-11
train:  0 None
test:  0 None
Data normalized
Data normalized
train set shape:  (28695, 38)
test set shape:  (28696, 38)
test set label shape:  (28696,)
Trainable Parameters                                            (2,607,740 in total)
------------------------------------------------------------------------------------
model/q_z_given_x/rnn_q_z/rnn/gru_cell/gates/kernel             (538, 1000)  538,000
model/q_z_given_x/rnn_q_z/rnn/gru_cell/gates/bias               (1000,)        1,000
model/q_z_given_x/rnn_q_z/rnn/gru_cell/candidate/kernel         (538, 500)   269,000
model/q_z_given_x/rnn_q_z/rnn/gru_cell/candidate/bias           (500,)           500
model/q_z_given_x/rnn_q_z/dense/kernel                          (500, 500)   250,000
model/q_z_given_x/rnn_q_z/dense/bias                            (500,)           500
model/q_z_given_x/rnn_q_z/dense_1/kernel                        (500, 500)   250,000
model/q_z_given_x/rnn_q_z/dense_1/bias                          (500,)           500
model/vae/variational/z_mean/kernel                             (503, 3)       1,509
model/vae/variational/z_mean/bias                               (3,)               3
model/vae/variational/z_std/kernel                              (503, 3)       1,509
model/vae/variational/z_std/bias                                (3,)               3
model/posterior_flow/_0/w                                       (1, 3)             3
model/posterior_flow/_0/b                                       (1,)               1
model/posterior_flow/_0/u                                       (1, 3)             3
model/posterior_flow/_1/w                                       (1, 3)             3
model/posterior_flow/_1/b                                       (1,)               1
model/posterior_flow/_1/u                                       (1, 3)             3
model/posterior_flow/_2/w                                       (1, 3)             3
model/posterior_flow/_2/b                                       (1,)               1
model/posterior_flow/_2/u                                       (1, 3)             3
model/posterior_flow/_3/w                                       (1, 3)             3
model/posterior_flow/_3/b                                       (1,)               1
model/posterior_flow/_3/u                                       (1, 3)             3
model/posterior_flow/_4/w                                       (1, 3)             3
model/posterior_flow/_4/b                                       (1,)               1
model/posterior_flow/_4/u                                       (1, 3)             3
model/posterior_flow/_5/w                                       (1, 3)             3
model/posterior_flow/_5/b                                       (1,)               1
model/posterior_flow/_5/u                                       (1, 3)             3
model/posterior_flow/_6/w                                       (1, 3)             3
model/posterior_flow/_6/b                                       (1,)               1
model/posterior_flow/_6/u                                       (1, 3)             3
model/posterior_flow/_7/w                                       (1, 3)             3
model/posterior_flow/_7/b                                       (1,)               1
model/posterior_flow/_7/u                                       (1, 3)             3
model/posterior_flow/_8/w                                       (1, 3)             3
model/posterior_flow/_8/b                                       (1,)               1
model/posterior_flow/_8/u                                       (1, 3)             3
model/posterior_flow/_9/w                                       (1, 3)             3
model/posterior_flow/_9/b                                       (1,)               1
model/posterior_flow/_9/u                                       (1, 3)             3
model/posterior_flow/_10/w                                      (1, 3)             3
model/posterior_flow/_10/b                                      (1,)               1
model/posterior_flow/_10/u                                      (1, 3)             3
model/posterior_flow/_11/w                                      (1, 3)             3
model/posterior_flow/_11/b                                      (1,)               1
model/posterior_flow/_11/u                                      (1, 3)             3
model/posterior_flow/_12/w                                      (1, 3)             3
model/posterior_flow/_12/b                                      (1,)               1
model/posterior_flow/_12/u                                      (1, 3)             3
model/posterior_flow/_13/w                                      (1, 3)             3
model/posterior_flow/_13/b                                      (1,)               1
model/posterior_flow/_13/u                                      (1, 3)             3
model/posterior_flow/_14/w                                      (1, 3)             3
model/posterior_flow/_14/b                                      (1,)               1
model/posterior_flow/_14/u                                      (1, 3)             3
model/posterior_flow/_15/w                                      (1, 3)             3
model/posterior_flow/_15/b                                      (1,)               1
model/posterior_flow/_15/u                                      (1, 3)             3
model/posterior_flow/_16/w                                      (1, 3)             3
model/posterior_flow/_16/b                                      (1,)               1
model/posterior_flow/_16/u                                      (1, 3)             3
model/posterior_flow/_17/w                                      (1, 3)             3
model/posterior_flow/_17/b                                      (1,)               1
model/posterior_flow/_17/u                                      (1, 3)             3
model/posterior_flow/_18/w                                      (1, 3)             3
model/posterior_flow/_18/b                                      (1,)               1
model/posterior_flow/_18/u                                      (1, 3)             3
model/posterior_flow/_19/w                                      (1, 3)             3
model/posterior_flow/_19/b                                      (1,)               1
model/posterior_flow/_19/u                                      (1, 3)             3
model/p_x_given_z/hidden/rnn_p_x/rnn/gru_cell/gates/kernel      (503, 1000)  503,000
model/p_x_given_z/hidden/rnn_p_x/rnn/gru_cell/gates/bias        (1000,)        1,000
model/p_x_given_z/hidden/rnn_p_x/rnn/gru_cell/candidate/kernel  (503, 500)   251,500
model/p_x_given_z/hidden/rnn_p_x/rnn/gru_cell/candidate/bias    (500,)           500
model/p_x_given_z/hidden/rnn_p_x/dense/kernel                   (500, 500)   250,000
model/p_x_given_z/hidden/rnn_p_x/dense/bias                     (500,)           500
model/p_x_given_z/hidden/rnn_p_x/dense_1/kernel                 (500, 500)   250,000
model/p_x_given_z/hidden/rnn_p_x/dense_1/bias                   (500,)           500
model/p_x_given_z/x_mean/kernel                                 (500, 38)     19,000
model/p_x_given_z/x_mean/bias                                   (38,)             38
model/p_x_given_z/x_std/kernel                                  (500, 38)     19,000
model/p_x_given_z/x_std/bias                                    (38,)             38/home/hz/anaconda3/envs/py36/lib/python3.6/site-packages/tensorflow/python/framework/dtypes.py:523: FutureWarning: Passing (type, 1) or '1type' as a synonym of type is deprecated; in a future version of numpy, it will be understood as (type, (1,)) / '(1,)type'.
  _np_qint8 = np.dtype([("qint8", np.int8, 1)])
/home/hz/anaconda3/envs/py36/lib/python3.6/site-packages/tensorflow/python/framework/dtypes.py:524: FutureWarning: Passing (type, 1) or '1type' as a synonym of type is deprecated; in a future version of numpy, it will be understood as (type, (1,)) / '(1,)type'.
  _np_quint8 = np.dtype([("quint8", np.uint8, 1)])
/home/hz/anaconda3/envs/py36/lib/python3.6/site-packages/tensorflow/python/framework/dtypes.py:525: FutureWarning: Passing (type, 1) or '1type' as a synonym of type is deprecated; in a future version of numpy, it will be understood as (type, (1,)) / '(1,)type'.
  _np_qint16 = np.dtype([("qint16", np.int16, 1)])
/home/hz/anaconda3/envs/py36/lib/python3.6/site-packages/tensorflow/python/framework/dtypes.py:526: FutureWarning: Passing (type, 1) or '1type' as a synonym of type is deprecated; in a future version of numpy, it will be understood as (type, (1,)) / '(1,)type'.
  _np_quint16 = np.dtype([("quint16", np.uint16, 1)])
/home/hz/anaconda3/envs/py36/lib/python3.6/site-packages/tensorflow/python/framework/dtypes.py:527: FutureWarning: Passing (type, 1) or '1type' as a synonym of type is deprecated; in a future version of numpy, it will be understood as (type, (1,)) / '(1,)type'.
  _np_qint32 = np.dtype([("qint32", np.int32, 1)])
/home/hz/anaconda3/envs/py36/lib/python3.6/site-packages/tensorflow/python/framework/dtypes.py:532: FutureWarning: Passing (type, 1) or '1type' as a synonym of type is deprecated; in a future version of numpy, it will be understood as (type, (1,)) / '(1,)type'.
  np_resource = np.dtype([("resource", np.ubyte, 1)])
/home/hz/anaconda3/envs/py36/lib/python3.6/site-packages/tfsnippet/utils/tfver.py:22: DeprecationWarning: Function 'semver.compare' is deprecated. Deprecated since version 2.10.0.  This function will be removed in semver 3. Use the respective 'semver.VersionInfo.compare' instead.
  compare_result = semver.compare(version, tf.__version__)
/home/hz/anaconda3/envs/py36/lib/python3.6/site-packages/tfsnippet/utils/tfver.py:22: DeprecationWarning: Function 'semver.compare' is deprecated. Deprecated since version 2.10.0.  This function will be removed in semver 3. Use the respective 'semver.VersionInfo.compare' instead.
  compare_result = semver.compare(version, tf.__version__)
INFO:tensorflow:Restoring parameters from /tmp/tmpagrzehls/variables.dat-3100
2025-06-12 12:57:28,247 [INFO] tensorflow: Restoring parameters from /tmp/tmpagrzehls/variables.dat-3100


train_values: (20087, 38)
[Epoch 1/10, Step 100] step time: 1.268s (±5.685s); train time: 1m 12.13s; valid time: 54.74s; loss: 9256.39 (±81544.2); valid loss: -29.5349 (*)
[Epoch 1/10, Step 200] step time: 1.047s (±5.053s); train time: 53.99s; valid time: 50.78s; loss: -41.1073 (±5.02249); valid loss: -43.1615 (*)
[Epoch 1/10, Step 300] step time: 1.045s (±5.072s); train time: 53.57s; valid time: 50.97s; loss: -45.2029 (±5.06359); valid loss: -43.7546 (*)
train_values: (20087, 38)
[Epoch 2/10, Step 400, ETA 1h 5m 51.22s] step time: 1.04s (±5.035s); train time: 0.5753s; valid time: 50.59s; loss: -46.139 (±4.09037); valid loss: -44.9263 (*)
[Epoch 2/10, Step 500, ETA 1h 3m 18.35s] step time: 1.039s (±5.017s); train time: 53.53s; valid time: 50.4s; loss: -48.9909 (±5.87833); valid loss: -48.8396 (*)
[Epoch 2/10, Step 600, ETA 1h 1m 2.135s] step time: 1.039s (±4.998s); train time: 53.76s; valid time: 50.23s; loss: -51.8485 (±4.04385); valid loss: -49.6719 (*)
[Epoch 2/10, Step 700, ETA 58m 49.16s] step time: 1.027s (±4.938s); train time: 53.09s; valid time: 49.63s; loss: -51.2132 (±5.05459); valid loss: -47.1747
train_values: (20087, 38)
[Epoch 3/10, Step 800, ETA 56m 49.85s] step time: 1.042s (±5.053s); train time: 1.054s; valid time: 50.82s; loss: -51.7173 (±4.01707); valid loss: -54.3468 (*)
[Epoch 3/10, Step 900, ETA 54m 49.7s] step time: 1.03s (±4.908s); train time: 53.68s; valid time: 49.35s; loss: -51.9138 (±5.33377); valid loss: -48.1528
[Epoch 3/10, Step 1000, ETA 52m 51.52s] step time: 1.025s (±4.886s); train time: 53.45s; valid time: 49.09s; loss: -52.6822 (±4.36741); valid loss: -49.3414
[Epoch 3/10, Step 1100, ETA 50m 55.57s] step time: 1.023s (±4.908s); train time: 52.97s; valid time: 49.34s; loss: -53.3044 (±4.97313); valid loss: -49.4199
train_values: (20087, 38)
[Epoch 4/10, Step 1200, ETA 49m 2.832s] step time: 1.026s (±4.898s); train time: 1.62s; valid time: 49.25s; loss: -53.2118 (±7.30114); valid loss: -53.8934
[Epoch 4/10, Step 1300, ETA 47m 10.61s] step time: 1.022s (±4.884s); train time: 53.13s; valid time: 49.09s; loss: -53.9465 (±5.52993); valid loss: -54.0763
[Epoch 4/10, Step 1400, ETA 45m 19.47s] step time: 1.02s (±4.877s); train time: 53.03s; valid time: 49s; loss: -54.9152 (±4.40746); valid loss: -53.341
[Epoch 4/10, Step 1500, ETA 43m 30.27s] step time: 1.024s (±4.859s); train time: 53.6s; valid time: 48.86s; loss: -54.23 (±8.74599); valid loss: -51.2975
train_values: (20087, 38)
[Epoch 5/10, Step 1600, ETA 41m 42.23s] step time: 1.026s (±4.873s); train time: 2.115s; valid time: 48.99s; loss: -56.6262 (±7.1368); valid loss: -53.3678
[Epoch 5/10, Step 1700, ETA 39m 56.83s] step time: 1.041s (±5.041s); train time: 53.47s; valid time: 50.69s; loss: -56.1445 (±5.78059); valid loss: -56.1458 (*)
[Epoch 5/10, Step 1800, ETA 38m 12.51s] step time: 1.049s (±5.073s); train time: 53.94s; valid time: 51.01s; loss: -56.205 (±7.5984); valid loss: -52.0007
[Epoch 5/10, Step 1900, ETA 36m 29.26s] step time: 1.059s (±5.077s); train time: 54.95s; valid time: 51.03s; loss: -56.0143 (±7.77588); valid loss: -53.5845
train_values: (20087, 38)
[Epoch 6/10, Step 2000, ETA 34m 45s] step time: 1.052s (±5.001s); train time: 2.742s; valid time: 50.3s; loss: -58.1021 (±4.47891); valid loss: -47.312
[Epoch 6/10, Step 2100, ETA 33m 0.5181s] step time: 1.05s (±5.008s); train time: 54.77s; valid time: 50.33s; loss: -58.617 (±5.38998); valid loss: -55.7904
[Epoch 6/10, Step 2200, ETA 31m 17.2s] step time: 1.065s (±5.156s); train time: 54.76s; valid time: 51.83s; loss: -59.4448 (±4.99519); valid loss: -57.6436 (*)
[Epoch 6/10, Step 2300, ETA 29m 32.5s] step time: 1.051s (±5.027s); train time: 54.58s; valid time: 50.53s; loss: -56.6495 (±10.118); valid loss: -55.1685
train_values: (20087, 38)
[Epoch 7/10, Step 2400, ETA 27m 48.66s] step time: 1.064s (±5.142s); train time: 3.365s; valid time: 51.67s; loss: -59.6097 (±3.89237); valid loss: -63.1579 (*)
[Epoch 7/10, Step 2500, ETA 26m 3.749s] step time: 1.049s (±4.995s); train time: 54.79s; valid time: 50.21s; loss: -61.7854 (±5.19889); valid loss: -53.5028
[Epoch 7/10, Step 2600, ETA 24m 18.83s] step time: 1.049s (±4.994s); train time: 54.8s; valid time: 50.2s; loss: -63.2408 (±3.91944); valid loss: -59.1882
[Epoch 7/10, Step 2700, ETA 22m 33.9s] step time: 1.049s (±5.017s); train time: 54.58s; valid time: 50.42s; loss: -63.827 (±5.19933); valid loss: -59.6691
train_values: (20087, 38)
[Epoch 8/10, Step 2800, ETA 20m 48.91s] step time: 1.048s (±4.986s); train time: 3.885s; valid time: 50.09s; loss: -64.0853 (±5.05516); valid loss: -60.7436
[Epoch 8/10, Step 2900, ETA 19m 4.521s] step time: 1.064s (±5.126s); train time: 54.92s; valid time: 51.51s; loss: -64.4092 (±5.19542); valid loss: -64.4301 (*)
[Epoch 8/10, Step 3000, ETA 17m 19.45s] step time: 1.047s (±4.985s); train time: 54.69s; valid time: 50.11s; loss: -64.3306 (±6.4652); valid loss: -62.2009
[Epoch 8/10, Step 3100, ETA 15m 34.79s] step time: 1.061s (±5.152s); train time: 54.37s; valid time: 51.77s; loss: -66.4124 (±4.5074); valid loss: -67.9082 (*)
train_values: (20087, 38)
[Epoch 9/10, Step 3200, ETA 13m 49.73s] step time: 1.048s (±4.984s); train time: 4.352s; valid time: 50.1s; loss: -64.3243 (±5.68276); valid loss: -64.8099
[Epoch 9/10, Step 3300, ETA 12m 4.83s] step time: 1.056s (±5.04s); train time: 54.99s; valid time: 50.65s; loss: -67.0066 (±5.19163); valid loss: -66.6164
[Epoch 9/10, Step 3400, ETA 10m 19.55s] step time: 1.036s (±4.935s); train time: 54.11s; valid time: 49.58s; loss: -65.823 (±4.745); valid loss: -63.2866
[Epoch 9/10, Step 3500, ETA 8m 34.38s] step time: 1.038s (±4.954s); train time: 54.03s; valid time: 49.8s; loss: -68.3677 (±5.57329); valid loss: -67.4415
train_values: (20087, 38)
[Epoch 10/10, Step 3600, ETA 6m 49.31s] step time: 1.041s (±4.976s); train time: 4.804s; valid time: 49.98s; loss: -67.3918 (±4.43138); valid loss: -64.9023
[Epoch 10/10, Step 3700, ETA 5m 4.301s] step time: 1.042s (±4.948s); train time: 54.44s; valid time: 49.76s; loss: -68.6985 (±4.97876); valid loss: -65.8715
[Epoch 10/10, Step 3800, ETA 3m 19.35s] step time: 1.044s (±4.98s); train time: 54.4s; valid time: 50.04s; loss: -68.0244 (±6.47806); valid loss: -62.4072
[Epoch 10/10, Step 3900, ETA 1m 34.42s] step time: 1.045s (±4.985s); train time: 54.4s; valid time: 50.12s; loss: -67.5475 (±5.6403); valid loss: -60.6907
train end time:  2025-06-12 12:57:28
train time:  4161.136579990387
test start time:  2025-06-12 12:57:28
------------------------------ testing ------------------------------
test_score shape:  (28597, 38)
test_z shape:  (28597, 100, 6)
search range:  -400.0 400.0
cur thr:  -399.0 [0.03072118698621598, 0.015600378178694944, 0.9999999494949521, 198.0, 15905.0, 12494.0, 0.0, 5.333155561481283] [0.03072118698621598, 0.015600378178694944, 0.9999999494949521, 198.0, 15905.0, 12494.0, 0.0, 5.333155561481283] -399.0
cur thr:  -349.0 [0.018263816799009437, 0.009216160859608937, 0.9999999494949521, 198.0, 7113.0, 21286.0, 0.0, 0.3333222225925802] [0.03072118698621598, 0.015600378178694944, 0.9999999494949521, 198.0, 15905.0, 12494.0, 0.0, 5.333155561481283] -399.0
cur thr:  -299.0 [0.014164975955160784, 0.007133078749501737, 0.9999999494949521, 198.0, 839.0, 27560.0, 0.0, 0.0] [0.03072118698621598, 0.015600378178694944, 0.9999999494949521, 198.0, 15905.0, 12494.0, 0.0, 5.333155561481283] -399.0
cur thr:  -249.0 [0.013752250980848828, 0.0069238031937182915, 0.9999999494949521, 198.0, 0.0, 28399.0, 0.0, 0.0] [0.03072118698621598, 0.015600378178694944, 0.9999999494949521, 198.0, 15905.0, 12494.0, 0.0, 5.333155561481283] -399.0
cur thr:  -199.0 [0.013752250980848828, 0.0069238031937182915, 0.9999999494949521, 198.0, 0.0, 28399.0, 0.0, 0.0] [0.03072118698621598, 0.015600378178694944, 0.9999999494949521, 198.0, 15905.0, 12494.0, 0.0, 5.333155561481283] -399.0
cur thr:  -149.0 [0.013752250980848828, 0.0069238031937182915, 0.9999999494949521, 198.0, 0.0, 28399.0, 0.0, 0.0] [0.03072118698621598, 0.015600378178694944, 0.9999999494949521, 198.0, 15905.0, 12494.0, 0.0, 5.333155561481283] -399.0
cur thr:  -99.0 [0.013752250980848828, 0.0069238031937182915, 0.9999999494949521, 198.0, 0.0, 28399.0, 0.0, 0.0]  0%|          | 0/28597 [00:00<?, ?it/s]100%|██████████| 28597/28597 [00:00<00:00, 855609.77it/s] [0.03072118698621598, 0.015600378178694944, 0.9999999494949521, 198.0, 15905.0, 12494.0, 0.0, 5.333155561481283] -399.0
cur thr:  -49.0 [0.013752250980848828, 0.0069238031937182915, 0.9999999494949521, 198.0, 0.0, 28399.0, 0.0, 0.0] [0.03072118698621598, 0.015600378178694944, 0.9999999494949521, 198.0, 15905.0, 12494.0, 0.0, 5.333155561481283] -399.0
cur thr:  1.0 [0.013752250980848828, 0.0069238031937182915, 0.9999999494949521, 198.0, 0.0, 28399.0, 0.0, 0.0] [0.03072118698621598, 0.015600378178694944, 0.9999999494949521, 198.0, 15905.0, 12494.0, 0.0, 5.333155561481283] -399.0
cur thr:  51.0 [0.013752250980848828, 0.0069238031937182915, 0.9999999494949521, 198.0, 0.0, 28399.0, 0.0, 0.0] [0.03072118698621598, 0.015600378178694944, 0.9999999494949521, 198.0, 15905.0, 12494.0, 0.0, 5.333155561481283] -399.0
cur thr:  101.0 [0.013752250980848828, 0.0069238031937182915, 0.9999999494949521, 198.0, 0.0, 28399.0, 0.0, 0.0] [0.03072118698621598, 0.015600378178694944, 0.9999999494949521, 198.0, 15905.0, 12494.0, 0.0, 5.333155561481283] -399.0
cur thr:  151.0 [0.013752250980848828, 0.0069238031937182915, 0.9999999494949521, 198.0, 0.0, 28399.0, 0.0, 0.0] [0.03072118698621598, 0.015600378178694944, 0.9999999494949521, 198.0, 15905.0, 12494.0, 0.0, 5.333155561481283] -399.0
cur thr:  201.0 [0.013752250980848828, 0.0069238031937182915, 0.9999999494949521, 198.0, 0.0, 28399.0, 0.0, 0.0] [0.03072118698621598, 0.015600378178694944, 0.9999999494949521, 198.0, 15905.0, 12494.0, 0.0, 5.333155561481283] -399.0
cur thr:  251.0 [0.013752250980848828, 0.0069238031937182915, 0.9999999494949521, 198.0, 0.0, 28399.0, 0.0, 0.0] [0.03072118698621598, 0.015600378178694944, 0.9999999494949521, 198.0, 15905.0, 12494.0, 0.0, 5.333155561481283] -399.0
cur thr:  301.0 [0.013752250980848828, 0.0069238031937182915, 0.9999999494949521, 198.0, 0.0, 28399.0, 0.0, 0.0] [0.03072118698621598, 0.015600378178694944, 0.9999999494949521, 198.0, 15905.0, 12494.0, 0.0, 5.333155561481283] -399.0
cur thr:  351.0 [0.013752250980848828, 0.0069238031937182915, 0.9999999494949521, 198.0, 0.0, 28399.0, 0.0, 0.0] [0.03072118698621598, 0.015600378178694944, 0.9999999494949521, 198.0, 15905.0, 12494.0, 0.0, 5.333155561481283] -399.0
[0.03072118698621598, 0.015600378178694944, 0.9999999494949521, 198.0, 15905.0, 12494.0, 0.0, 5.333155561481283] -399.0
label_file: ServerMachineDataset/interpretation_label/machine-3-11.txt
Initial threshold : -23.583809
Number of peaks : 142
Grimshaw maximum log-likelihood estimation ... [done]
	γ = 0
	σ = 466.7228
	L = 1014.694444457961
Extreme quantile (probability = 0.001): 724.3675935025362
28597
28597
POT result:  (0.013752250980848828, 0.0069238031937182915, 0.9999999494949521, 198.0, 0.0, 28399.0, 0.0) 23.583807 0.0

=== 全局调试信息 ===
y_true shape: (28597,), unique values: [0. 1.]
y_pred shape: (28597,), unique values: [ True]
feature_scores shape: (28597, 38)
y_true 中的异常段: [(21131, 21196), (27726, 27851), (27896, 27901)]


=== 处理第 1/3 段 ===
段范围: start=21131, end=21196
段内真实标签 (seg_true): [1. 1. 1. 1. 1. 1. 1. 1. 1. 1. 1. 1. 1. 1. 1. 1. 1. 1. 1. 1. 1. 1. 1. 1.
 1. 1. 1. 1. 1. 1. 1. 1. 1. 1. 1. 1. 1. 1. 1. 1. 1. 1. 1. 1. 1. 1. 1. 1.
 1. 1. 1. 1. 1. 1. 1. 1. 1. 1. 1. 1. 1. 1. 1. 1. 1. 1.]
段内预测标签 (seg_pred): [ True  True  True  True  True  True  True  True  True  True  True  True
  True  True  True  True  True  True  True  True  True  True  True  True
  True  True  True  True  True  True  True  True  True  True  True  True
  True  True  True  True  True  True  True  True  True  True  True  True
  True  True  True  True  True  True  True  True  True  True  True  True
  True  True  True  True  True  True]
段内真实异常时间点索引 (相对段内): [ 0  1  2  3  4  5  6  7  8  9 10 11 12 13 14 15 16 17 18 19 20 21 22 23
 24 25 26 27 28 29 30 31 32 33 34 35 36 37 38 39 40 41 42 43 44 45 46 47
 48 49 50 51 52 53 54 55 56 57 58 59 60 61 62 63 64 65]
段内是否有预测为异常的时间点: True
真实异常维度 (0-based): [0, 1, 2, 3, 4, 5, 6, 9, 10, 15, 18, 19, 20, 21, 22, 23, 25, 27, 29, 30, 31, 34, 35]
段内检测到的异常时间点索引 (相对段内): [ 0  1  2  3  4  5  6  7  8  9 10 11 12 13 14 15 16 17 18 19 20 21 22 23
 24 25 26 27 28 29 30 31 32 33 34 35 36 37 38 39 40 41 42 43 44 45 46 47
 48 49 50 51 52 53 54 55 56 57 58 59 60 61 62 63 64 65]
推断的异常维度 (0-based): [0, 1, 2, 3, 4, 5, 6, 7, 8, 9, 10, 11, 12, 13, 14, 15, 16, 17, 18, 19, 20, 21, 22, 23, 24, 25, 26, 27, 28, 29, 30, 31, 32, 33, 34, 35, 36, 37]
真实与推断的交集: [0, 1, 2, 3, 4, 5, 6, 9, 10, 15, 18, 19, 20, 21, 22, 23, 25, 27, 29, 30, 31, 34, 35]
段内指标: TP=23, FP=15, FN=0, TN=0, IPS=1.0000

=== 处理第 2/3 段 ===
段范围: start=27726, end=27851
段内真实标签 (seg_true): [1. 1. 1. 1. 1. 1. 1. 1. 1. 1. 1. 1. 1. 1. 1. 1. 1. 1. 1. 1. 1. 1. 1. 1.
 1. 1. 1. 1. 1. 1. 1. 1. 1. 1. 1. 1. 1. 1. 1. 1. 1. 1. 1. 1. 1. 1. 1. 1.
 1. 1. 1. 1. 1. 1. 1. 1. 1. 1. 1. 1. 1. 1. 1. 1. 1. 1. 1. 1. 1. 1. 1. 1.
 1. 1. 1. 1. 1. 1. 1. 1. 1. 1. 1. 1. 1. 1. 1. 1. 1. 1. 1. 1. 1. 1. 1. 1.
 1. 1. 1. 1. 1. 1. 1. 1. 1. 1. 1. 1. 1. 1. 1. 1. 1. 1. 1. 1. 1. 1. 1. 1.
 1. 1. 1. 1. 1. 1.]
段内预测标签 (seg_pred): [ True  True  True  True  True  True  True  True  True  True  True  True
  True  True  True  True  True  True  True  True  True  True  True  True
  True  True  True  True  True  True  True  True  True  True  True  True
  True  True  True  True  True  True  True  True  True  True  True  True
  True  True  True  True  True  True  True  True  True  True  True  True
  True  True  True  True  True  True  True  True  True  True  True  True
  True  True  True  True  True  True  True  True  True  True  True  True
  True  True  True  True  True  True  True  True  True  True  True  True
  True  True  True  True  True  True  True  True  True  True  True  True
  True  True  True  True  True  True  True  True  True  True  True  True
  True  True  True  True  True  True]
段内真实异常时间点索引 (相对段内): [  0   1   2   3   4   5   6   7   8   9  10  11  12  13  14  15  16  17
  18  19  20  21  22  23  24  25  26  27  28  29  30  31  32  33  34  35
  36  37  38  39  40  41  42  43  44  45  46  47  48  49  50  51  52  53
  54  55  56  57  58  59  60  61  62  63  64  65  66  67  68  69  70  71
  72  73  74  75  76  77  78  79  80  81  82  83  84  85  86  87  88  89
  90  91  92  93  94  95  96  97  98  99 100 101 102 103 104 105 106 107
 108 109 110 111 112 113 114 115 116 117 118 119 120 121 122 123 124 125]
段内是否有预测为异常的时间点: True
真实异常维度 (0-based): [0, 1, 2, 3, 6, 18, 19, 20, 21, 22, 23, 25, 27, 29, 30, 31, 33, 34, 35, 36]
段内检测到的异常时间点索引 (相对段内): [  0   1   2   3   4   5   6   7   8   9  10  11  12  13  14  15  16  17
  18  19  20  21  22  23  24  25  26  27  28  29  30  31  32  33  34  35
  36  37  38  39  40  41  42  43  44  45  46  47  48  49  50  51  52  53
  54  55  56  57  58  59  60  61  62  63  64  65  66  67  68  69  70  71
  72  73  74  75  76  77  78  79  80  81  82  83  84  85  86  87  88  89
  90  91  92  93  94  95  96  97  98  99 100 101 102 103 104 105 106 107
 108 109 110 111 112 113 114 115 116 117 118 119 120 121 122 123 124 125]
推断的异常维度 (0-based): [0, 1, 2, 3, 4, 5, 6, 7, 8, 9, 10, 11, 12, 13, 14, 15, 16, 17, 18, 19, 20, 21, 22, 23, 24, 25, 26, 27, 28, 30, 31, 32, 33, 36, 37]
真实与推断的交集: [0, 1, 2, 3, 6, 18, 19, 20, 21, 22, 23, 25, 27, 30, 31, 33, 36]
段内指标: TP=17, FP=18, FN=3, TN=0, IPS=0.8500

=== 处理第 3/3 段 ===
段范围: start=27896, end=27901
段内真实标签 (seg_true): [1. 1. 1. 1. 1. 1.]
段内预测标签 (seg_pred): [ True  True  True  True  True  True]
段内真实异常时间点索引 (相对段内): [0 1 2 3 4 5]
段内是否有预测为异常的时间点: True
真实异常维度 (0-based): [9, 10]
段内检测到的异常时间点索引 (相对段内): [0 1 2 3 4 5]
推断的异常维度 (0-based): [16, 17, 26]
真实与推断的交集: []
段内指标: TP=0, FP=3, FN=2, TN=33, IPS=0.0000

=== 汇总指标 ===
总 TP: 40, 总 TN: 33, 总 FP: 36, 总 FN: 5
平均 IPS: 0.8742, Precision: 0.5263, Recall: 0.8889, F1: 0.6612

每段IPS与混淆: [{'start': 21131, 'end': 21196, 'TP': 23, 'TN': 0, 'FP': 15, 'FN': 0, 'IPS': 1.0, 'k_selected': 23, 'gt_dims_count': 23}, {'start': 27726, 'end': 27851, 'TP': 17, 'TN': 0, 'FP': 18, 'FN': 3, 'IPS': 0.85, 'k_selected': 20, 'gt_dims_count': 20}, {'start': 27896, 'end': 27901, 'TP': 0, 'TN': 33, 'FP': 3, 'FN': 2, 'IPS': 0.0, 'k_selected': 2, 'gt_dims_count': 2}]
总和: {'TP': 40, 'TN': 33, 'FP': 36, 'FN': 5, 'IPS': 0.8742424242424243, 'precision': 0.5263157894736842, 'recall': 0.8888888888888888, 'F1': 0.6611570247933884}
test end time:  2025-06-12 13:03:17
test time:  348.93741750717163
==============================result==============================
{'FN': 0.0,
 'FP': 12494.0,
 'TN': 15905.0,
 'TP': 198.0,
 'best-f1': 0.03072118698621598,
 'best_valid_loss': -67.90819405416642,
 'latency': 5.333155561481283,
 'pot-FN': 0.0,
 'pot-FP': 28399.0,
 'pot-TN': 0.0,
 'pot-TP': 198.0,
 'pot-f1': 0.013752250980848828,
 'pot-latency': 0.0,
 'pot-precision': 0.0069238031937182915,
 'pot-recall': 0.9999999494949521,
 'pot-threshold': 23.583807,
 'precision': 0.015600378178694944,
 'pred_time': 0.29305959581495167,
 'pred_total_time': 168.00358629226685,
 'recall': 0.9999999494949521,
 'segment_results': [{'FN': 0,
                      'FP': 15,
                      'IPS': 1.0,
                      'TN': 0,
                      'TP': 23,
                      'end': 21196,
                      'gt_dims_count': 23,
                      'k_selected': 23,
                      'start': 21131},
                     {'FN': 3,
                      'FP': 18,
                      'IPS': 0.85,
                      'TN': 0,
                      'TP': 17,
                      'end': 27851,
                      'gt_dims_count': 20,
                      'k_selected': 20,
                      'start': 27726},
                     {'FN': 2,
                      'FP': 3,
                      'IPS': 0.0,
                      'TN': 33,
                      'TP': 0,
                      'end': 27901,
                      'gt_dims_count': 2,
                      'k_selected': 2,
                      'start': 27896}],
 'segment_summary': {'F1': 0.6611570247933884,
                     'FN': 5,
                     'FP': 36,
                     'IPS': 0.8742424242424243,
                     'TN': 33,
                     'TP': 40,
                     'precision': 0.5263157894736842,
                     'recall': 0.8888888888888888},
 'threshold': -399.0,
 'train_time': 414.39039182662964,
 'valid_time': 0.2908957892226429}
