2025-06-12 06:22:10.208689: I tensorflow/core/platform/cpu_feature_guard.cc:141] Your CPU supports instructions that this TensorFlow binary was not compiled to use: AVX2 AVX512F FMA
Configurations
===========================================
{'batch_size': 50,
 'bf_search_max': 400.0,
 'bf_search_min': -400.0,
 'bf_search_step_size': 1.0,
 'dataset': 'machine-3-3',
 'dense_dim': 500,
 'early_stop': True,
 'get_score_on_dim': True,
 'gradient_clip_norm': 10.0,
 'initial_lr': 0.001,
 'l2_reg': 0.0001,
 'level': 0.005,
 'lr_anneal_epoch_freq': 40,
 'lr_anneal_factor': 0.5,
 'lr_anneal_step_freq': None,
 'max_epoch': 10,
 'max_test_size': None,
 'max_train_size': None,
 'nf_layers': 20,
 'posterior_flow_type': 'nf',
 'restore_dir': None,
 'result_dir': 'result',
 'rnn_cell': 'GRU',
 'rnn_num_hidden': 500,
 'save_dir': 'model',
 'save_z': False,
 'std_epsilon': 0.0001,
 'test_batch_size': 50,
 'test_n_z': 1,
 'test_score_filename': 'test_score.pkl',
 'test_start': 0,
 'train_score_filename': 'train_score.pkl',
 'train_start': 0,
 'use_connected_z_p': True,
 'use_connected_z_q': True,
 'valid_step_freq': 100,
 'window_length': 100,
 'x_dim': 38,
 'z_dim': 3}

train start time:  2025-06-12 06:21:53
load data of: machine-3-3
train:  0 None
test:  0 None
Data normalized
Data normalized
train set shape:  (23703, 38)
test set shape:  (23703, 38)
test set label shape:  (23703,)
Trainable Parameters                                            (2,607,740 in total)
------------------------------------------------------------------------------------
model/q_z_given_x/rnn_q_z/rnn/gru_cell/gates/kernel             (538, 1000)  538,000
model/q_z_given_x/rnn_q_z/rnn/gru_cell/gates/bias               (1000,)        1,000
model/q_z_given_x/rnn_q_z/rnn/gru_cell/candidate/kernel         (538, 500)   269,000
model/q_z_given_x/rnn_q_z/rnn/gru_cell/candidate/bias           (500,)           500
model/q_z_given_x/rnn_q_z/dense/kernel                          (500, 500)   250,000
model/q_z_given_x/rnn_q_z/dense/bias                            (500,)           500
model/q_z_given_x/rnn_q_z/dense_1/kernel                        (500, 500)   250,000
model/q_z_given_x/rnn_q_z/dense_1/bias                          (500,)           500
model/vae/variational/z_mean/kernel                             (503, 3)       1,509
model/vae/variational/z_mean/bias                               (3,)               3
model/vae/variational/z_std/kernel                              (503, 3)       1,509
model/vae/variational/z_std/bias                                (3,)               3
model/posterior_flow/_0/w                                       (1, 3)             3
model/posterior_flow/_0/b                                       (1,)               1
model/posterior_flow/_0/u                                       (1, 3)             3
model/posterior_flow/_1/w                                       (1, 3)             3
model/posterior_flow/_1/b                                       (1,)               1
model/posterior_flow/_1/u                                       (1, 3)             3
model/posterior_flow/_2/w                                       (1, 3)             3
model/posterior_flow/_2/b                                       (1,)               1
model/posterior_flow/_2/u                                       (1, 3)             3
model/posterior_flow/_3/w                                       (1, 3)             3
model/posterior_flow/_3/b                                       (1,)               1
model/posterior_flow/_3/u                                       (1, 3)             3
model/posterior_flow/_4/w                                       (1, 3)             3
model/posterior_flow/_4/b                                       (1,)               1
model/posterior_flow/_4/u                                       (1, 3)             3
model/posterior_flow/_5/w                                       (1, 3)             3
model/posterior_flow/_5/b                                       (1,)               1
model/posterior_flow/_5/u                                       (1, 3)             3
model/posterior_flow/_6/w                                       (1, 3)             3
model/posterior_flow/_6/b                                       (1,)               1
model/posterior_flow/_6/u                                       (1, 3)             3
model/posterior_flow/_7/w                                       (1, 3)             3
model/posterior_flow/_7/b                                       (1,)               1
model/posterior_flow/_7/u                                       (1, 3)             3
model/posterior_flow/_8/w                                       (1, 3)             3
model/posterior_flow/_8/b                                       (1,)               1
model/posterior_flow/_8/u                                       (1, 3)             3
model/posterior_flow/_9/w                                       (1, 3)             3
model/posterior_flow/_9/b                                       (1,)               1
model/posterior_flow/_9/u                                       (1, 3)             3
model/posterior_flow/_10/w                                      (1, 3)             3
model/posterior_flow/_10/b                                      (1,)               1
model/posterior_flow/_10/u                                      (1, 3)             3
model/posterior_flow/_11/w                                      (1, 3)             3
model/posterior_flow/_11/b                                      (1,)               1
model/posterior_flow/_11/u                                      (1, 3)             3
model/posterior_flow/_12/w                                      (1, 3)             3
model/posterior_flow/_12/b                                      (1,)               1
model/posterior_flow/_12/u                                      (1, 3)             3
model/posterior_flow/_13/w                                      (1, 3)             3
model/posterior_flow/_13/b                                      (1,)               1
model/posterior_flow/_13/u                                      (1, 3)             3
model/posterior_flow/_14/w                                      (1, 3)             3
model/posterior_flow/_14/b                                      (1,)               1
model/posterior_flow/_14/u                                      (1, 3)             3
model/posterior_flow/_15/w                                      (1, 3)             3
model/posterior_flow/_15/b                                      (1,)               1
model/posterior_flow/_15/u                                      (1, 3)             3
model/posterior_flow/_16/w                                      (1, 3)             3
model/posterior_flow/_16/b                                      (1,)               1
model/posterior_flow/_16/u                                      (1, 3)             3
model/posterior_flow/_17/w                                      (1, 3)             3
model/posterior_flow/_17/b                                      (1,)               1
model/posterior_flow/_17/u                                      (1, 3)             3
model/posterior_flow/_18/w                                      (1, 3)             3
model/posterior_flow/_18/b                                      (1,)               1
model/posterior_flow/_18/u                                      (1, 3)             3
model/posterior_flow/_19/w                                      (1, 3)             3
model/posterior_flow/_19/b                                      (1,)               1
model/posterior_flow/_19/u                                      (1, 3)             3
model/p_x_given_z/hidden/rnn_p_x/rnn/gru_cell/gates/kernel      (503, 1000)  503,000
model/p_x_given_z/hidden/rnn_p_x/rnn/gru_cell/gates/bias        (1000,)        1,000
model/p_x_given_z/hidden/rnn_p_x/rnn/gru_cell/candidate/kernel  (503, 500)   251,500
model/p_x_given_z/hidden/rnn_p_x/rnn/gru_cell/candidate/bias    (500,)           500
model/p_x_given_z/hidden/rnn_p_x/dense/kernel                   (500, 500)   250,000
model/p_x_given_z/hidden/rnn_p_x/dense/bias                     (500,)           500
model/p_x_given_z/hidden/rnn_p_x/dense_1/kernel                 (500, 500)   250,000
model/p_x_given_z/hidden/rnn_p_x/dense_1/bias                   (500,)           500
model/p_x_given_z/x_mean/kernel                                 (500, 38)     19,000
model/p_x_given_z/x_mean/bias                                   (38,)             38
model/p_x_given_z/x_std/kernel                                  (500, 38)     19,000
model/p_x_given_z/x_std/bias                                    (38,)             38/home/hz/anaconda3/envs/py36/lib/python3.6/site-packages/tensorflow/python/framework/dtypes.py:523: FutureWarning: Passing (type, 1) or '1type' as a synonym of type is deprecated; in a future version of numpy, it will be understood as (type, (1,)) / '(1,)type'.
  _np_qint8 = np.dtype([("qint8", np.int8, 1)])
/home/hz/anaconda3/envs/py36/lib/python3.6/site-packages/tensorflow/python/framework/dtypes.py:524: FutureWarning: Passing (type, 1) or '1type' as a synonym of type is deprecated; in a future version of numpy, it will be understood as (type, (1,)) / '(1,)type'.
  _np_quint8 = np.dtype([("quint8", np.uint8, 1)])
/home/hz/anaconda3/envs/py36/lib/python3.6/site-packages/tensorflow/python/framework/dtypes.py:525: FutureWarning: Passing (type, 1) or '1type' as a synonym of type is deprecated; in a future version of numpy, it will be understood as (type, (1,)) / '(1,)type'.
  _np_qint16 = np.dtype([("qint16", np.int16, 1)])
/home/hz/anaconda3/envs/py36/lib/python3.6/site-packages/tensorflow/python/framework/dtypes.py:526: FutureWarning: Passing (type, 1) or '1type' as a synonym of type is deprecated; in a future version of numpy, it will be understood as (type, (1,)) / '(1,)type'.
  _np_quint16 = np.dtype([("quint16", np.uint16, 1)])
/home/hz/anaconda3/envs/py36/lib/python3.6/site-packages/tensorflow/python/framework/dtypes.py:527: FutureWarning: Passing (type, 1) or '1type' as a synonym of type is deprecated; in a future version of numpy, it will be understood as (type, (1,)) / '(1,)type'.
  _np_qint32 = np.dtype([("qint32", np.int32, 1)])
/home/hz/anaconda3/envs/py36/lib/python3.6/site-packages/tensorflow/python/framework/dtypes.py:532: FutureWarning: Passing (type, 1) or '1type' as a synonym of type is deprecated; in a future version of numpy, it will be understood as (type, (1,)) / '(1,)type'.
  np_resource = np.dtype([("resource", np.ubyte, 1)])
/home/hz/anaconda3/envs/py36/lib/python3.6/site-packages/tfsnippet/utils/tfver.py:22: DeprecationWarning: Function 'semver.compare' is deprecated. Deprecated since version 2.10.0.  This function will be removed in semver 3. Use the respective 'semver.VersionInfo.compare' instead.
  compare_result = semver.compare(version, tf.__version__)
/home/hz/anaconda3/envs/py36/lib/python3.6/site-packages/tfsnippet/utils/tfver.py:22: DeprecationWarning: Function 'semver.compare' is deprecated. Deprecated since version 2.10.0.  This function will be removed in semver 3. Use the respective 'semver.VersionInfo.compare' instead.
  compare_result = semver.compare(version, tf.__version__)
INFO:tensorflow:Restoring parameters from /tmp/tmp19sc88zh/variables.dat-3200
2025-06-12 07:14:11,730 [INFO] tensorflow: Restoring parameters from /tmp/tmp19sc88zh/variables.dat-3200


train_values: (16593, 38)
[Epoch 1/10, Step 100] step time: 1.185s (±4.837s); train time: 1m 12.42s; valid time: 46.21s; loss: 894.499 (±8137.51); valid loss: -42.2792 (*)
[Epoch 1/10, Step 200] step time: 0.9609s (±4.206s); train time: 53.85s; valid time: 42.29s; loss: -41.0316 (±6.19205); valid loss: -47.0267 (*)
[Epoch 1/10, Step 300] step time: 0.9655s (±4.232s); train time: 54.05s; valid time: 42.55s; loss: -45.8405 (±2.43726); valid loss: -51.2971 (*)
train_values: (16593, 38)
[Epoch 2/10, Step 400, ETA 48m 56.45s] step time: 0.9496s (±4.074s); train time: 38.48s; valid time: 40.94s; loss: -46.4159 (±2.89666); valid loss: -41.0717
[Epoch 2/10, Step 500, ETA 46m 34.29s] step time: 0.9429s (±4.097s); train time: 53.17s; valid time: 41.17s; loss: -46.9417 (±3.03294); valid loss: -46.0658
[Epoch 2/10, Step 600, ETA 44m 30.23s] step time: 0.9476s (±4.098s); train time: 53.62s; valid time: 41.2s; loss: -46.7913 (±2.7531); valid loss: -46.6408
train_values: (16593, 38)
[Epoch 3/10, Step 700, ETA 42m 34.98s] step time: 0.9487s (±4.109s); train time: 22.46s; valid time: 41.3s; loss: -47.8106 (±3.0507); valid loss: -48.7319
[Epoch 3/10, Step 800, ETA 40m 44.05s] step time: 0.9465s (±4.107s); train time: 53.43s; valid time: 41.27s; loss: -47.3119 (±2.79407); valid loss: -49.965
[Epoch 3/10, Step 900, ETA 38m 56.99s] step time: 0.9475s (±4.085s); train time: 53.74s; valid time: 41.06s; loss: -46.8604 (±3.87493); valid loss: -48.8182
train_values: (16593, 38)
[Epoch 4/10, Step 1000, ETA 37m 12.68s] step time: 0.9484s (±4.07s); train time: 7.024s; valid time: 40.91s; loss: -47.6937 (±3.95421); valid loss: -51.2541
[Epoch 4/10, Step 1100, ETA 35m 29.76s] step time: 0.9472s (±4.083s); train time: 53.75s; valid time: 41.03s; loss: -46.1992 (±4.4353); valid loss: -51.2517
[Epoch 4/10, Step 1200, ETA 33m 47.83s] step time: 0.9451s (±4.077s); train time: 53.59s; valid time: 40.97s; loss: -48.9475 (±3.28599); valid loss: -44.3816
[Epoch 4/10, Step 1300, ETA 32m 7.644s] step time: 0.949s (±4.111s); train time: 53.65s; valid time: 41.31s; loss: -46.9965 (±5.20544); valid loss: -50.1888
train_values: (16593, 38)
[Epoch 5/10, Step 1400, ETA 30m 29s] step time: 0.9547s (±4.104s); train time: 45.58s; valid time: 41.25s; loss: -48.8784 (±3.6296); valid loss: -50.7234
[Epoch 5/10, Step 1500, ETA 28m 49.59s] step time: 0.9452s (±4.101s); train time: 53.35s; valid time: 41.21s; loss: -47.1645 (±4.33154); valid loss: -45.5301
[Epoch 5/10, Step 1600, ETA 27m 10.7s] step time: 0.9442s (±4.091s); train time: 53.35s; valid time: 41.12s; loss: -48.1439 (±3.32697); valid loss: -42.7894
train_values: (16593, 38)
[Epoch 6/10, Step 1700, ETA 25m 33.73s] step time: 0.9589s (±4.226s); train time: 29.45s; valid time: 42.47s; loss: -47.6961 (±5.85407); valid loss: -51.9432 (*)
[Epoch 6/10, Step 1800, ETA 23m 55.89s] step time: 0.9474s (±4.098s); train time: 53.62s; valid time: 41.17s; loss: -49.8807 (±3.90776); valid loss: -51.6783
[Epoch 6/10, Step 1900, ETA 22m 19.11s] step time: 0.9575s (±4.236s); train time: 53.25s; valid time: 42.56s; loss: -50.8972 (±2.98293); valid loss: -54.6585 (*)
train_values: (16593, 38)
[Epoch 7/10, Step 2000, ETA 20m 41.77s] step time: 0.947s (±4.068s); train time: 13.98s; valid time: 40.9s; loss: -49.6249 (±4.83199); valid loss: -37.2073
[Epoch 7/10, Step 2100, ETA 19m 5.41s] step time: 0.9603s (±4.221s); train time: 53.65s; valid time: 42.44s; loss: -49.2133 (±5.07902); valid loss: -55.2446 (*)
[Epoch 7/10, Step 2200, ETA 17m 28.3s] step time: 0.9448s (±4.079s); train time: 53.54s; valid time: 40.99s; loss: -51.8271 (±4.17012); valid loss: -51.5356
[Epoch 7/10, Step 2300, ETA 15m 51.52s] step time: 0.947s (±4.08s); train time: 53.76s; valid time: 41s; loss: -50.767 (±4.45537); valid loss: -49.6337
train_values: (16593, 38)
[Epoch 8/10, Step 2400, ETA 14m 15.13s] step time: 0.9529s (±4.102s); train time: 52.52s; valid time: 41.23s; loss: -51.4019 (±4.91734); valid loss: -49.0191
[Epoch 8/10, Step 2500, ETA 12m 38.66s] step time: 0.9481s (±4.067s); train time: 54.01s; valid time: 40.86s; loss: -52.846 (±3.7505); valid loss: -43.837
[Epoch 8/10, Step 2600, ETA 11m 2.331s] step time: 0.9485s (±4.095s); train time: 53.74s; valid time: 41.17s; loss: -53.5643 (±8.1757); valid loss: -54.874
train_values: (16593, 38)
[Epoch 9/10, Step 2700, ETA 9m 26.32s] step time: 0.9581s (±4.199s); train time: 36.43s; valid time: 42.2s; loss: -54.2983 (±4.88372); valid loss: -57.0427 (*)
[Epoch 9/10, Step 2800, ETA 7m 50.38s] step time: 0.9619s (±4.23s); train time: 53.73s; valid time: 42.52s; loss: -54.4382 (±4.8141); valid loss: -59.4779 (*)
[Epoch 9/10, Step 2900, ETA 6m 14.29s] step time: 0.9526s (±4.124s); train time: 53.89s; valid time: 41.43s; loss: -55.9794 (±4.62654); valid loss: -53.9097
train_values: (16593, 38)
[Epoch 10/10, Step 3000, ETA 4m 38.2s] step time: 0.9467s (±4.138s); train time: 20.76s; valid time: 41.58s; loss: -56.5073 (±4.68501); valid loss: -52.5725
[Epoch 10/10, Step 3100, ETA 3m 2.302s] step time: 0.9639s (±4.233s); train time: 53.88s; valid time: 42.56s; loss: -58.3694 (±4.33413); valid loss: -61.7914 (*)
[Epoch 10/10, Step 3200, ETA 1m 26.36s] step time: 0.9623s (±4.269s); train time: 53.38s; valid time: 42.91s; loss: -58.1158 (±4.86841); valid loss: -61.8713 (*)
train end time:  2025-06-12 07:14:11
train time:  3138.2743604183197
test start time:  2025-06-12 07:14:11
------------------------------ testing ------------------------------
test_score shape:  (23604, 38)
test_z shape:  (23604, 100, 6)
search range:  -400.0 400.0
cur thr:  -399.0 [0.9076382978793816, 0.913461523822732, 0.9018987199066658, 570.0, 22918.0, 54.0, 62.0, 2.190465759686859] [0.9076382978793816, 0.913461523822732, 0.9018987199066658, 570.0, 22918.0, 54.0, 62.0, 2.190465759686859] -399.0
cur thr:  -349.0 [0.8871545206295365, 0.8728943204763504, 0.9018987199066658, 570.0, 22889.0, 83.0, 62.0, 2.190465759686859] [0.9076382978793816, 0.913461523822732, 0.9018987199066658, 570.0, 22918.0, 54.0, 62.0, 2.190465759686859] -399.0
cur thr:  -299.0 [0.8796942472327559, 0.8381088705141996, 0.925632896746315, 585.0, 22859.0, 113.0, 47.0, 2.499988636415289] [0.9076382978793816, 0.913461523822732, 0.9018987199066658, 570.0, 22918.0, 54.0, 62.0, 2.190465759686859] -399.0
cur thr:  -249.0 [0.8306345448059803, 0.747155489922181, 0.9351265674821746, 591.0, 22772.0, 200.0, 41.0, 2.4782500945648063] [0.9076382978793816, 0.913461523822732, 0.9018987199066658, 570.0, 22918.0, 54.0, 62.0, 2.190465759686859] -399.0
cur thr:  -199.0 [0.7504550845756532, 0.6126126064803543, 0.9683544150576834, 612.0, 22585.0, 387.0, 20.0, 3.1249869792209197] [0.9076382978793816, 0.913461523822732, 0.9018987199066658, 570.0, 22918.0, 54.0, 62.0, 2.190465759686859] -399.0
cur thr:  -149.0 [0.6106454569509443, 0.44169610995267766, 0.9889240349853793, 625.0, 22182.0, 790.0, 7.0, 2.63998944004224] [0.9076382978793816, 0.913461523822732, 0.9018987199066658, 570.0, 22918.0, 54.0, 62.0, 2.190465759686859] -399.0
cur thr:  -99.0 [0.42847120659925647, 0.2726488340265365, 0.9999999841772155, 632.0, 21286.0, 1686.0, 0.0, 2.4230676035861403] [0.9076382978793816, 0.913461523822732, 0.9018987199066658, 570.0, 22918.0, 54.0, 62.0, 2.190465759686859] -399.0
cur thr:  -49.0 [0.24970148819238314, 0.142663656562836, 0.9999999841772155, 632.0, 19174.0, 3798.0, 0.0, 0.3846139053311333] [0.9076382978793816, 0.913461523822732, 0.9018987199066658, 570.0, 22918.0, 54.0, 62.0, 2.190465759686859] -399.0
cur thr:  1.0 [0.12146724249107958, 0.06466134636314574, 0.9999999841772155, 632.0, 13830.0, 9142.0, 0.0, 0.19230695266556666] [0.9076382978793816, 0.913461523822732, 0.9018987199066658, 570.0, 22918.0, 54.0, 62.0, 2.190465759686859] -399.0
cur thr:  51.0 [0.062462332162233465, 0.03223831869402249, 0.9999999841772155, 632.0, 4000.0, 18972.0, 0.0, 0.0] [0.9076382978793816, 0.913461523822732, 0.9018987199066658, 570.0, 22918.0, 54.0, 62.0, 2.190465759686859] -399.0
cur thr:  101.0 [0.05215331278630069, 0.026775122849188645, 0.9999999841772155, 632.0, 0.0, 22972.0, 0.0, 0.0] [0.9076382978793816, 0.913461523822732, 0.9018987199066658, 570.0, 22918.0, 54.0, 62.0, 2.190465759686859]  0%|          | 0/23604 [00:00<?, ?it/s]100%|██████████| 23604/23604 [00:00<00:00, 1269505.05it/s] -399.0
cur thr:  151.0 [0.05215331278630069, 0.026775122849188645, 0.9999999841772155, 632.0, 0.0, 22972.0, 0.0, 0.0] [0.9076382978793816, 0.913461523822732, 0.9018987199066658, 570.0, 22918.0, 54.0, 62.0, 2.190465759686859] -399.0
cur thr:  201.0 [0.05215331278630069, 0.026775122849188645, 0.9999999841772155, 632.0, 0.0, 22972.0, 0.0, 0.0] [0.9076382978793816, 0.913461523822732, 0.9018987199066658, 570.0, 22918.0, 54.0, 62.0, 2.190465759686859] -399.0
cur thr:  251.0 [0.05215331278630069, 0.026775122849188645, 0.9999999841772155, 632.0, 0.0, 22972.0, 0.0, 0.0] [0.9076382978793816, 0.913461523822732, 0.9018987199066658, 570.0, 22918.0, 54.0, 62.0, 2.190465759686859] -399.0
cur thr:  301.0 [0.05215331278630069, 0.026775122849188645, 0.9999999841772155, 632.0, 0.0, 22972.0, 0.0, 0.0] [0.9076382978793816, 0.913461523822732, 0.9018987199066658, 570.0, 22918.0, 54.0, 62.0, 2.190465759686859] -399.0
cur thr:  351.0 [0.05215331278630069, 0.026775122849188645, 0.9999999841772155, 632.0, 0.0, 22972.0, 0.0, 0.0] [0.9076382978793816, 0.913461523822732, 0.9018987199066658, 570.0, 22918.0, 54.0, 62.0, 2.190465759686859] -399.0
[0.9076382978793816, 0.913461523822732, 0.9018987199066658, 570.0, 22918.0, 54.0, 62.0, 2.190465759686859] -399.0
label_file: ServerMachineDataset/interpretation_label/machine-3-3.txt
Initial threshold : 47.82227
Number of peaks : 118
Grimshaw maximum log-likelihood estimation ... [done]
	γ = 0
	σ = 370.61517
	L = 815.9893821662608
Extreme quantile (probability = 0.001): 644.2415695279026
4036
23604
POT result:  (0.24672826751878593, 0.14072589592356738, 0.9999999841772155, 632.0, 19113.0, 3859.0, 0.0) -48.024411212308074 0.3846139053311333

=== 全局调试信息 ===
y_true shape: (23604,), unique values: [0. 1.]
y_pred shape: (23604,), unique values: [False  True]
feature_scores shape: (23604, 38)
y_true 中的异常段: [(640, 642), (1709, 1714), (2080, 2082), (3520, 3522), (4462, 4478), (4960, 4962), (5350, 5353), (6400, 6402), (7840, 7842), (8308, 8314), (9638, 9640), (10720, 10722), (12160, 12162), (13600, 13602), (13728, 13730), (14377, 14386), (15040, 15042), (16100, 16112), (16480, 16482), (17920, 17922), (18982, 18988), (19250, 19730), (20798, 20803), (21779, 21793), (22240, 22242), (23060, 23080)]


=== 处理第 1/26 段 ===
段范围: start=640, end=642
段内真实标签 (seg_true): [1. 1. 1.]
段内预测标签 (seg_pred): [ True  True  True]
段内真实异常时间点索引 (相对段内): [0 1 2]
段内是否有预测为异常的时间点: True
真实异常维度 (0-based): [9, 10, 11, 12]
段内检测到的异常时间点索引 (相对段内): [0 1 2]
推断的异常维度 (0-based): [4, 7, 16, 28]
真实与推断的交集: []
段内指标: TP=0, FP=4, FN=4, TN=30, IPS=0.0000

=== 处理第 2/26 段 ===
段范围: start=1709, end=1714
段内真实标签 (seg_true): [1. 1. 1. 1. 1. 1.]
段内预测标签 (seg_pred): [ True  True  True  True  True  True]
段内真实异常时间点索引 (相对段内): [0 1 2 3 4 5]
段内是否有预测为异常的时间点: True
真实异常维度 (0-based): [17]
段内检测到的异常时间点索引 (相对段内): [0 1 2 3 4 5]
推断的异常维度 (0-based): [4]
真实与推断的交集: []
段内指标: TP=0, FP=1, FN=1, TN=36, IPS=0.0000

=== 处理第 3/26 段 ===
段范围: start=2080, end=2082
段内真实标签 (seg_true): [1. 1. 1.]
段内预测标签 (seg_pred): [ True  True  True]
段内真实异常时间点索引 (相对段内): [0 1 2]
段内是否有预测为异常的时间点: True
真实异常维度 (0-based): [9, 10, 11, 12]
段内检测到的异常时间点索引 (相对段内): [0 1 2]
推断的异常维度 (0-based): [4, 7, 16, 17]
真实与推断的交集: []
段内指标: TP=0, FP=4, FN=4, TN=30, IPS=0.0000

=== 处理第 4/26 段 ===
段范围: start=3520, end=3522
段内真实标签 (seg_true): [1. 1. 1.]
段内预测标签 (seg_pred): [ True  True  True]
段内真实异常时间点索引 (相对段内): [0 1 2]
段内是否有预测为异常的时间点: True
真实异常维度 (0-based): [9, 10, 11, 12]
段内检测到的异常时间点索引 (相对段内): [0 1 2]
推断的异常维度 (0-based): [4, 7, 16, 17]
真实与推断的交集: []
段内指标: TP=0, FP=4, FN=4, TN=30, IPS=0.0000

=== 处理第 5/26 段 ===
段范围: start=4462, end=4478
段内真实标签 (seg_true): [1. 1. 1. 1. 1. 1. 1. 1. 1. 1. 1. 1. 1. 1. 1. 1. 1.]
段内预测标签 (seg_pred): [ True  True  True  True  True  True  True  True  True  True  True  True
  True  True  True  True  True]
段内真实异常时间点索引 (相对段内): [ 0  1  2  3  4  5  6  7  8  9 10 11 12 13 14 15 16]
段内是否有预测为异常的时间点: True
真实异常维度 (0-based): [0, 5, 6, 8, 9, 10, 11, 12, 13, 14, 18, 19, 20, 21, 22, 23, 24, 25, 27, 30, 34, 35, 36, 37]
段内检测到的异常时间点索引 (相对段内): [ 0  1  2  3  4  5  6  7  8  9 10 11 12 13 14 15 16]
推断的异常维度 (0-based): [0, 1, 2, 3, 4, 5, 6, 7, 8, 9, 10, 11, 12, 14, 15, 16, 17, 18, 19, 20, 21, 22, 24, 25, 26, 27, 28, 29, 30, 31, 32, 33, 34, 35, 36, 37]
真实与推断的交集: [0, 5, 6, 8, 9, 10, 11, 12, 14, 18, 19, 20, 21, 22, 24, 25, 27, 30, 34, 35, 36, 37]
段内指标: TP=22, FP=14, FN=2, TN=0, IPS=0.9167

=== 处理第 6/26 段 ===
段范围: start=4960, end=4962
段内真实标签 (seg_true): [1. 1. 1.]
段内预测标签 (seg_pred): [ True  True  True]
段内真实异常时间点索引 (相对段内): [0 1 2]
段内是否有预测为异常的时间点: True
真实异常维度 (0-based): [0, 5, 6, 8, 9, 10, 11, 12, 13, 14, 18, 19, 20, 21, 22, 23, 24, 25, 27, 30, 34, 35, 36, 37]
段内检测到的异常时间点索引 (相对段内): [0 1 2]
推断的异常维度 (0-based): [0, 1, 2, 3, 4, 5, 7, 8, 9, 10, 12, 13, 14, 15, 16, 17, 18, 19, 20, 22, 23, 26, 27, 28, 29, 31, 32, 33]
真实与推断的交集: [0, 5, 8, 9, 10, 12, 13, 14, 18, 19, 20, 22, 23, 27]
段内指标: TP=14, FP=14, FN=10, TN=0, IPS=0.5833

=== 处理第 7/26 段 ===
段范围: start=5350, end=5353
段内真实标签 (seg_true): [1. 1. 1. 1.]
段内预测标签 (seg_pred): [ True  True  True  True]
段内真实异常时间点索引 (相对段内): [0 1 2 3]
段内是否有预测为异常的时间点: True
真实异常维度 (0-based): [9, 10, 11, 12]
段内检测到的异常时间点索引 (相对段内): [0 1 2 3]
推断的异常维度 (0-based): [4, 7, 16, 17, 28]
真实与推断的交集: []
段内指标: TP=0, FP=5, FN=4, TN=29, IPS=0.0000

=== 处理第 8/26 段 ===
段范围: start=6400, end=6402
段内真实标签 (seg_true): [1. 1. 1.]
段内预测标签 (seg_pred): [ True  True  True]
段内真实异常时间点索引 (相对段内): [0 1 2]
段内是否有预测为异常的时间点: True
真实异常维度 (0-based): [11, 12, 14, 15, 16]
段内检测到的异常时间点索引 (相对段内): [0 1 2]
推断的异常维度 (0-based): [4, 7, 16, 17, 28]
真实与推断的交集: [16]
段内指标: TP=1, FP=4, FN=4, TN=29, IPS=0.2000

=== 处理第 9/26 段 ===
段范围: start=7840, end=7842
段内真实标签 (seg_true): [1. 1. 1.]
段内预测标签 (seg_pred): [ True  True  True]
段内真实异常时间点索引 (相对段内): [0 1 2]
段内是否有预测为异常的时间点: True
真实异常维度 (0-based): [9, 10, 11, 12]
段内检测到的异常时间点索引 (相对段内): [0 1 2]
推断的异常维度 (0-based): [4, 16, 17, 28]
真实与推断的交集: []
段内指标: TP=0, FP=4, FN=4, TN=30, IPS=0.0000

=== 处理第 10/26 段 ===
段范围: start=8308, end=8314
段内真实标签 (seg_true): [1. 1. 1. 1. 1. 1. 1.]
段内预测标签 (seg_pred): [ True  True  True  True  True  True  True]
段内真实异常时间点索引 (相对段内): [0 1 2 3 4 5 6]
段内是否有预测为异常的时间点: True
真实异常维度 (0-based): [9, 10, 11, 12]
段内检测到的异常时间点索引 (相对段内): [0 1 2 3 4 5 6]
推断的异常维度 (0-based): [4, 7, 17, 28]
真实与推断的交集: []
段内指标: TP=0, FP=4, FN=4, TN=30, IPS=0.0000

=== 处理第 11/26 段 ===
段范围: start=9638, end=9640
段内真实标签 (seg_true): [1. 1. 1.]
段内预测标签 (seg_pred): [ True  True  True]
段内真实异常时间点索引 (相对段内): [0 1 2]
段内是否有预测为异常的时间点: True
真实异常维度 (0-based): [11, 12, 14, 15, 16]
段内检测到的异常时间点索引 (相对段内): [0 1 2]
推断的异常维度 (0-based): [4, 7, 16, 17, 26, 28]
真实与推断的交集: [16]
段内指标: TP=1, FP=5, FN=4, TN=28, IPS=0.2000

=== 处理第 12/26 段 ===
段范围: start=10720, end=10722
段内真实标签 (seg_true): [1. 1. 1.]
段内预测标签 (seg_pred): [ True  True  True]
段内真实异常时间点索引 (相对段内): [0 1 2]
段内是否有预测为异常的时间点: True
真实异常维度 (0-based): [14, 15, 16]
段内检测到的异常时间点索引 (相对段内): [0 1 2]
推断的异常维度 (0-based): [4, 16, 28]
真实与推断的交集: [16]
段内指标: TP=1, FP=2, FN=2, TN=33, IPS=0.3333

=== 处理第 13/26 段 ===
段范围: start=12160, end=12162
段内真实标签 (seg_true): [1. 1. 1.]
段内预测标签 (seg_pred): [ True  True  True]
段内真实异常时间点索引 (相对段内): [0 1 2]
段内是否有预测为异常的时间点: True
真实异常维度 (0-based): [9, 10, 11, 12]
段内检测到的异常时间点索引 (相对段内): [0 1 2]
推断的异常维度 (0-based): [4, 16, 17, 28]
真实与推断的交集: []
段内指标: TP=0, FP=4, FN=4, TN=30, IPS=0.0000

=== 处理第 14/26 段 ===
段范围: start=13600, end=13602
段内真实标签 (seg_true): [1. 1. 1.]
段内预测标签 (seg_pred): [ True  True  True]
段内真实异常时间点索引 (相对段内): [0 1 2]
段内是否有预测为异常的时间点: True
真实异常维度 (0-based): [9, 10, 11, 12]
段内检测到的异常时间点索引 (相对段内): [0 1 2]
推断的异常维度 (0-based): [4, 16, 17, 28]
真实与推断的交集: []
段内指标: TP=0, FP=4, FN=4, TN=30, IPS=0.0000

=== 处理第 15/26 段 ===
段范围: start=13728, end=13730
段内真实标签 (seg_true): [1. 1. 1.]
段内预测标签 (seg_pred): [ True  True  True]
段内真实异常时间点索引 (相对段内): [0 1 2]
段内是否有预测为异常的时间点: True
真实异常维度 (0-based): [9, 10, 11, 12]
段内检测到的异常时间点索引 (相对段内): [0 1 2]
推断的异常维度 (0-based): [4, 17, 26, 28]
真实与推断的交集: []
段内指标: TP=0, FP=4, FN=4, TN=30, IPS=0.0000

=== 处理第 16/26 段 ===
段范围: start=14377, end=14386
段内真实标签 (seg_true): [1. 1. 1. 1. 1. 1. 1. 1. 1. 1.]
段内预测标签 (seg_pred): [ True  True  True  True  True  True  True  True  True  True]
段内真实异常时间点索引 (相对段内): [0 1 2 3 4 5 6 7 8 9]
段内是否有预测为异常的时间点: True
真实异常维度 (0-based): [16]
段内检测到的异常时间点索引 (相对段内): [0 1 2 3 4 5 6 7 8 9]
推断的异常维度 (0-based): [4]
真实与推断的交集: []
段内指标: TP=0, FP=1, FN=1, TN=36, IPS=0.0000

=== 处理第 17/26 段 ===
段范围: start=15040, end=15042
段内真实标签 (seg_true): [1. 1. 1.]
段内预测标签 (seg_pred): [ True  True  True]
段内真实异常时间点索引 (相对段内): [0 1 2]
段内是否有预测为异常的时间点: True
真实异常维度 (0-based): [13]
段内检测到的异常时间点索引 (相对段内): [0 1 2]
推断的异常维度 (0-based): [4]
真实与推断的交集: []
段内指标: TP=0, FP=1, FN=1, TN=36, IPS=0.0000

=== 处理第 18/26 段 ===
段范围: start=16100, end=16112
段内真实标签 (seg_true): [1. 1. 1. 1. 1. 1. 1. 1. 1. 1. 1. 1. 1.]
段内预测标签 (seg_pred): [ True  True  True  True  True  True  True  True  True  True  True  True
  True]
段内真实异常时间点索引 (相对段内): [ 0  1  2  3  4  5  6  7  8  9 10 11 12]
段内是否有预测为异常的时间点: True
真实异常维度 (0-based): [9, 10, 11, 12]
段内检测到的异常时间点索引 (相对段内): [ 0  1  2  3  4  5  6  7  8  9 10 11 12]
推断的异常维度 (0-based): [4, 9, 10, 16, 28]
真实与推断的交集: [9, 10]
段内指标: TP=2, FP=3, FN=2, TN=31, IPS=0.5000

=== 处理第 19/26 段 ===
段范围: start=16480, end=16482
段内真实标签 (seg_true): [1. 1. 1.]
段内预测标签 (seg_pred): [ True  True  True]
段内真实异常时间点索引 (相对段内): [0 1 2]
段内是否有预测为异常的时间点: True
真实异常维度 (0-based): [9, 10, 11, 12]
段内检测到的异常时间点索引 (相对段内): [0 1 2]
推断的异常维度 (0-based): [4, 16, 17, 28]
真实与推断的交集: []
段内指标: TP=0, FP=4, FN=4, TN=30, IPS=0.0000

=== 处理第 20/26 段 ===
段范围: start=17920, end=17922
段内真实标签 (seg_true): [1. 1. 1.]
段内预测标签 (seg_pred): [ True  True  True]
段内真实异常时间点索引 (相对段内): [0 1 2]
段内是否有预测为异常的时间点: True
真实异常维度 (0-based): [0, 1, 2, 3, 18, 20, 21, 24, 27, 30]
段内检测到的异常时间点索引 (相对段内): [0 1 2]
推断的异常维度 (0-based): [1, 4, 7, 8, 9, 10, 15, 16, 17, 26, 28, 29]
真实与推断的交集: [1]
段内指标: TP=1, FP=11, FN=9, TN=17, IPS=0.1000

=== 处理第 21/26 段 ===
段范围: start=18982, end=18988
段内真实标签 (seg_true): [1. 1. 1. 1. 1. 1. 1.]
段内预测标签 (seg_pred): [ True  True  True  True  True  True  True]
段内真实异常时间点索引 (相对段内): [0 1 2 3 4 5 6]
段内是否有预测为异常的时间点: True
真实异常维度 (0-based): [9, 10, 11, 12]
段内检测到的异常时间点索引 (相对段内): [0 1 2 3 4 5 6]
推断的异常维度 (0-based): [4, 9, 10, 16, 28]
真实与推断的交集: [9, 10]
段内指标: TP=2, FP=3, FN=2, TN=31, IPS=0.5000

=== 处理第 22/26 段 ===
段范围: start=19250, end=19730
段内真实标签 (seg_true): [1. 1. 1. 1. 1. 1. 1. 1. 1. 1. 1. 1. 1. 1. 1. 1. 1. 1. 1. 1. 1. 1. 1. 1.
 1. 1. 1. 1. 1. 1. 1. 1. 1. 1. 1. 1. 1. 1. 1. 1. 1. 1. 1. 1. 1. 1. 1. 1.
 1. 1. 1. 1. 1. 1. 1. 1. 1. 1. 1. 1. 1. 1. 1. 1. 1. 1. 1. 1. 1. 1. 1. 1.
 1. 1. 1. 1. 1. 1. 1. 1. 1. 1. 1. 1. 1. 1. 1. 1. 1. 1. 1. 1. 1. 1. 1. 1.
 1. 1. 1. 1. 1. 1. 1. 1. 1. 1. 1. 1. 1. 1. 1. 1. 1. 1. 1. 1. 1. 1. 1. 1.
 1. 1. 1. 1. 1. 1. 1. 1. 1. 1. 1. 1. 1. 1. 1. 1. 1. 1. 1. 1. 1. 1. 1. 1.
 1. 1. 1. 1. 1. 1. 1. 1. 1. 1. 1. 1. 1. 1. 1. 1. 1. 1. 1. 1. 1. 1. 1. 1.
 1. 1. 1. 1. 1. 1. 1. 1. 1. 1. 1. 1. 1. 1. 1. 1. 1. 1. 1. 1. 1. 1. 1. 1.
 1. 1. 1. 1. 1. 1. 1. 1. 1. 1. 1. 1. 1. 1. 1. 1. 1. 1. 1. 1. 1. 1. 1. 1.
 1. 1. 1. 1. 1. 1. 1. 1. 1. 1. 1. 1. 1. 1. 1. 1. 1. 1. 1. 1. 1. 1. 1. 1.
 1. 1. 1. 1. 1. 1. 1. 1. 1. 1. 1. 1. 1. 1. 1. 1. 1. 1. 1. 1. 1. 1. 1. 1.
 1. 1. 1. 1. 1. 1. 1. 1. 1. 1. 1. 1. 1. 1. 1. 1. 1. 1. 1. 1. 1. 1. 1. 1.
 1. 1. 1. 1. 1. 1. 1. 1. 1. 1. 1. 1. 1. 1. 1. 1. 1. 1. 1. 1. 1. 1. 1. 1.
 1. 1. 1. 1. 1. 1. 1. 1. 1. 1. 1. 1. 1. 1. 1. 1. 1. 1. 1. 1. 1. 1. 1. 1.
 1. 1. 1. 1. 1. 1. 1. 1. 1. 1. 1. 1. 1. 1. 1. 1. 1. 1. 1. 1. 1. 1. 1. 1.
 1. 1. 1. 1. 1. 1. 1. 1. 1. 1. 1. 1. 1. 1. 1. 1. 1. 1. 1. 1. 1. 1. 1. 1.
 1. 1. 1. 1. 1. 1. 1. 1. 1. 1. 1. 1. 1. 1. 1. 1. 1. 1. 1. 1. 1. 1. 1. 1.
 1. 1. 1. 1. 1. 1. 1. 1. 1. 1. 1. 1. 1. 1. 1. 1. 1. 1. 1. 1. 1. 1. 1. 1.
 1. 1. 1. 1. 1. 1. 1. 1. 1. 1. 1. 1. 1. 1. 1. 1. 1. 1. 1. 1. 1. 1. 1. 1.
 1. 1. 1. 1. 1. 1. 1. 1. 1. 1. 1. 1. 1. 1. 1. 1. 1. 1. 1. 1. 1. 1. 1. 1.
 1.]
段内预测标签 (seg_pred): [ True  True  True  True  True  True  True  True  True  True  True  True
  True  True  True  True  True  True  True  True  True  True  True  True
  True  True  True  True  True  True  True  True  True  True  True  True
  True  True  True  True  True  True  True  True  True  True  True  True
  True  True  True  True  True  True  True  True  True  True  True  True
  True  True  True  True  True  True  True  True  True  True  True  True
  True  True  True  True  True  True  True  True  True  True  True  True
  True  True  True  True  True  True  True  True  True  True  True  True
  True  True  True  True  True  True  True  True  True  True  True  True
  True  True  True  True  True  True  True  True  True  True  True  True
  True  True  True  True  True  True  True  True  True  True  True  True
  True  True  True  True  True  True  True  True  True  True  True  True
  True  True  True  True  True  True  True  True  True  True  True  True
  True  True  True  True  True  True  True  True  True  True  True  True
  True  True  True  True  True  True  True  True  True  True  True  True
  True  True  True  True  True  True  True  True  True  True  True  True
  True  True  True  True  True  True  True  True  True  True  True  True
  True  True  True  True  True  True  True  True  True  True  True  True
  True  True  True  True  True  True  True  True  True  True  True  True
  True  True  True  True  True  True  True  True  True  True  True  True
  True  True  True  True  True  True  True  True  True  True  True  True
  True  True  True  True  True  True  True  True  True  True  True  True
  True  True  True  True  True  True  True  True  True  True  True  True
  True  True  True  True  True  True  True  True  True  True  True  True
  True  True  True  True  True  True  True  True  True  True  True  True
  True  True  True  True  True  True  True  True  True  True  True  True
  True  True  True  True  True  True  True  True  True  True  True  True
  True  True  True  True  True  True  True  True  True  True  True  True
  True  True  True  True  True  True  True  True  True  True  True  True
  True  True  True  True  True  True  True  True  True  True  True  True
  True  True  True  True  True  True  True  True  True  True  True  True
  True  True  True  True  True  True  True  True  True  True  True  True
  True  True  True  True  True  True  True  True  True  True  True  True
  True  True  True  True  True  True  True  True  True  True  True  True
  True  True  True  True  True  True  True  True  True  True  True  True
  True  True  True  True  True  True  True  True  True  True  True  True
  True  True  True  True  True  True  True  True  True  True  True  True
  True  True  True  True  True  True  True  True  True  True  True  True
  True  True  True  True  True  True  True  True  True  True  True  True
  True  True  True  True  True  True  True  True  True  True  True  True
  True]
段内真实异常时间点索引 (相对段内): [  0   1   2   3   4   5   6   7   8   9  10  11  12  13  14  15  16  17
  18  19  20  21  22  23  24  25  26  27  28  29  30  31  32  33  34  35
  36  37  38  39  40  41  42  43  44  45  46  47  48  49  50  51  52  53
  54  55  56  57  58  59  60  61  62  63  64  65  66  67  68  69  70  71
  72  73  74  75  76  77  78  79  80  81  82  83  84  85  86  87  88  89
  90  91  92  93  94  95  96  97  98  99 100 101 102 103 104 105 106 107
 108 109 110 111 112 113 114 115 116 117 118 119 120 121 122 123 124 125
 126 127 128 129 130 131 132 133 134 135 136 137 138 139 140 141 142 143
 144 145 146 147 148 149 150 151 152 153 154 155 156 157 158 159 160 161
 162 163 164 165 166 167 168 169 170 171 172 173 174 175 176 177 178 179
 180 181 182 183 184 185 186 187 188 189 190 191 192 193 194 195 196 197
 198 199 200 201 202 203 204 205 206 207 208 209 210 211 212 213 214 215
 216 217 218 219 220 221 222 223 224 225 226 227 228 229 230 231 232 233
 234 235 236 237 238 239 240 241 242 243 244 245 246 247 248 249 250 251
 252 253 254 255 256 257 258 259 260 261 262 263 264 265 266 267 268 269
 270 271 272 273 274 275 276 277 278 279 280 281 282 283 284 285 286 287
 288 289 290 291 292 293 294 295 296 297 298 299 300 301 302 303 304 305
 306 307 308 309 310 311 312 313 314 315 316 317 318 319 320 321 322 323
 324 325 326 327 328 329 330 331 332 333 334 335 336 337 338 339 340 341
 342 343 344 345 346 347 348 349 350 351 352 353 354 355 356 357 358 359
 360 361 362 363 364 365 366 367 368 369 370 371 372 373 374 375 376 377
 378 379 380 381 382 383 384 385 386 387 388 389 390 391 392 393 394 395
 396 397 398 399 400 401 402 403 404 405 406 407 408 409 410 411 412 413
 414 415 416 417 418 419 420 421 422 423 424 425 426 427 428 429 430 431
 432 433 434 435 436 437 438 439 440 441 442 443 444 445 446 447 448 449
 450 451 452 453 454 455 456 457 458 459 460 461 462 463 464 465 466 467
 468 469 470 471 472 473 474 475 476 477 478 479 480]
段内是否有预测为异常的时间点: True
真实异常维度 (0-based): [9, 10, 11, 12]
段内检测到的异常时间点索引 (相对段内): [  0   1   2   3   4   5   6   7   8   9  10  11  12  13  14  15  16  17
  18  19  20  21  22  23  24  25  26  27  28  29  30  31  32  33  34  35
  36  37  38  39  40  41  42  43  44  45  46  47  48  49  50  51  52  53
  54  55  56  57  58  59  60  61  62  63  64  65  66  67  68  69  70  71
  72  73  74  75  76  77  78  79  80  81  82  83  84  85  86  87  88  89
  90  91  92  93  94  95  96  97  98  99 100 101 102 103 104 105 106 107
 108 109 110 111 112 113 114 115 116 117 118 119 120 121 122 123 124 125
 126 127 128 129 130 131 132 133 134 135 136 137 138 139 140 141 142 143
 144 145 146 147 148 149 150 151 152 153 154 155 156 157 158 159 160 161
 162 163 164 165 166 167 168 169 170 171 172 173 174 175 176 177 178 179
 180 181 182 183 184 185 186 187 188 189 190 191 192 193 194 195 196 197
 198 199 200 201 202 203 204 205 206 207 208 209 210 211 212 213 214 215
 216 217 218 219 220 221 222 223 224 225 226 227 228 229 230 231 232 233
 234 235 236 237 238 239 240 241 242 243 244 245 246 247 248 249 250 251
 252 253 254 255 256 257 258 259 260 261 262 263 264 265 266 267 268 269
 270 271 272 273 274 275 276 277 278 279 280 281 282 283 284 285 286 287
 288 289 290 291 292 293 294 295 296 297 298 299 300 301 302 303 304 305
 306 307 308 309 310 311 312 313 314 315 316 317 318 319 320 321 322 323
 324 325 326 327 328 329 330 331 332 333 334 335 336 337 338 339 340 341
 342 343 344 345 346 347 348 349 350 351 352 353 354 355 356 357 358 359
 360 361 362 363 364 365 366 367 368 369 370 371 372 373 374 375 376 377
 378 379 380 381 382 383 384 385 386 387 388 389 390 391 392 393 394 395
 396 397 398 399 400 401 402 403 404 405 406 407 408 409 410 411 412 413
 414 415 416 417 418 419 420 421 422 423 424 425 426 427 428 429 430 431
 432 433 434 435 436 437 438 439 440 441 442 443 444 445 446 447 448 449
 450 451 452 453 454 455 456 457 458 459 460 461 462 463 464 465 466 467
 468 469 470 471 472 473 474 475 476 477 478 479 480]
推断的异常维度 (0-based): [4, 7, 9, 10, 16, 17, 26, 28]
真实与推断的交集: [9, 10]
段内指标: TP=2, FP=6, FN=2, TN=28, IPS=0.5000

=== 处理第 23/26 段 ===
段范围: start=20798, end=20803
段内真实标签 (seg_true): [1. 1. 1. 1. 1. 1.]
段内预测标签 (seg_pred): [ True  True  True  True  True  True]
段内真实异常时间点索引 (相对段内): [0 1 2 3 4 5]
段内是否有预测为异常的时间点: True
真实异常维度 (0-based): [0, 1, 2]
段内检测到的异常时间点索引 (相对段内): [0 1 2 3 4 5]
推断的异常维度 (0-based): [4, 16, 28]
真实与推断的交集: []
段内指标: TP=0, FP=3, FN=3, TN=32, IPS=0.0000

=== 处理第 24/26 段 ===
段范围: start=21779, end=21793
段内真实标签 (seg_true): [1. 1. 1. 1. 1. 1. 1. 1. 1. 1. 1. 1. 1. 1. 1.]
段内预测标签 (seg_pred): [ True  True  True  True  True  True  True  True  True  True  True  True
  True  True  True]
段内真实异常时间点索引 (相对段内): [ 0  1  2  3  4  5  6  7  8  9 10 11 12 13 14]
段内是否有预测为异常的时间点: True
真实异常维度 (0-based): [0, 1, 2, 3, 9, 10, 11, 18, 19, 20, 21, 22, 24, 27, 30, 34, 35, 36, 37]
段内检测到的异常时间点索引 (相对段内): [ 0  1  2  3  4  5  6  7  8  9 10 11 12 13 14]
推断的异常维度 (0-based): [0, 1, 2, 3, 4, 7, 8, 9, 10, 11, 12, 14, 15, 16, 17, 18, 19, 23, 25, 26, 28, 29, 31, 32, 33]
真实与推断的交集: [0, 1, 2, 3, 9, 10, 11, 18, 19]
段内指标: TP=9, FP=16, FN=10, TN=3, IPS=0.4737

=== 处理第 25/26 段 ===
段范围: start=22240, end=22242
段内真实标签 (seg_true): [1. 1. 1.]
段内预测标签 (seg_pred): [ True  True  True]
段内真实异常时间点索引 (相对段内): [0 1 2]
段内是否有预测为异常的时间点: True
真实异常维度 (0-based): [9, 10, 11, 12]
段内检测到的异常时间点索引 (相对段内): [0 1 2]
推断的异常维度 (0-based): [4, 16, 17, 28]
真实与推断的交集: []
段内指标: TP=0, FP=4, FN=4, TN=30, IPS=0.0000

=== 处理第 26/26 段 ===
段范围: start=23060, end=23080
段内真实标签 (seg_true): [1. 1. 1. 1. 1. 1. 1. 1. 1. 1. 1. 1. 1. 1. 1. 1. 1. 1. 1. 1. 1.]
段内预测标签 (seg_pred): [ True  True  True  True  True  True  True  True  True  True  True  True
  True  True  True  True  True  True  True  True  True]
段内真实异常时间点索引 (相对段内): [ 0  1  2  3  4  5  6  7  8  9 10 11 12 13 14 15 16 17 18 19 20]
段内是否有预测为异常的时间点: True
真实异常维度 (0-based): [17]
段内检测到的异常时间点索引 (相对段内): [ 0  1  2  3  4  5  6  7  8  9 10 11 12 13 14 15 16 17 18 19 20]
推断的异常维度 (0-based): [4]
真实与推断的交集: []
段内指标: TP=0, FP=1, FN=1, TN=36, IPS=0.0000

=== 汇总指标 ===
总 TP: 55, 总 TN: 705, 总 FP: 130, 总 FN: 98
平均 IPS: 0.4390, Precision: 0.2973, Recall: 0.3595, F1: 0.3254
每段IPS与混淆: [{'start': 640, 'end': 642, 'TP': 0, 'TN': 30, 'FP': 4, 'FN': 4, 'IPS': 0.0, 'k_selected': 4, 'gt_dims_count': 4}, {'start': 1709, 'end': 1714, 'TP': 0, 'TN': 36, 'FP': 1, 'FN': 1, 'IPS': 0.0, 'k_selected': 1, 'gt_dims_count': 1}, {'start': 2080, 'end': 2082, 'TP': 0, 'TN': 30, 'FP': 4, 'FN': 4, 'IPS': 0.0, 'k_selected': 4, 'gt_dims_count': 4}, {'start': 3520, 'end': 3522, 'TP': 0, 'TN': 30, 'FP': 4, 'FN': 4, 'IPS': 0.0, 'k_selected': 4, 'gt_dims_count': 4}, {'start': 4462, 'end': 4478, 'TP': 22, 'TN': 0, 'FP': 14, 'FN': 2, 'IPS': 0.9166666666666666, 'k_selected': 24, 'gt_dims_count': 24}, {'start': 4960, 'end': 4962, 'TP': 14, 'TN': 0, 'FP': 14, 'FN': 10, 'IPS': 0.5833333333333334, 'k_selected': 24, 'gt_dims_count': 24}, {'start': 5350, 'end': 5353, 'TP': 0, 'TN': 29, 'FP': 5, 'FN': 4, 'IPS': 0.0, 'k_selected': 4, 'gt_dims_count': 4}, {'start': 6400, 'end': 6402, 'TP': 1, 'TN': 29, 'FP': 4, 'FN': 4, 'IPS': 0.2, 'k_selected': 5, 'gt_dims_count': 5}, {'start': 7840, 'end': 7842, 'TP': 0, 'TN': 30, 'FP': 4, 'FN': 4, 'IPS': 0.0, 'k_selected': 4, 'gt_dims_count': 4}, {'start': 8308, 'end': 8314, 'TP': 0, 'TN': 30, 'FP': 4, 'FN': 4, 'IPS': 0.0, 'k_selected': 4, 'gt_dims_count': 4}, {'start': 9638, 'end': 9640, 'TP': 1, 'TN': 28, 'FP': 5, 'FN': 4, 'IPS': 0.2, 'k_selected': 5, 'gt_dims_count': 5}, {'start': 10720, 'end': 10722, 'TP': 1, 'TN': 33, 'FP': 2, 'FN': 2, 'IPS': 0.3333333333333333, 'k_selected': 3, 'gt_dims_count': 3}, {'start': 12160, 'end': 12162, 'TP': 0, 'TN': 30, 'FP': 4, 'FN': 4, 'IPS': 0.0, 'k_selected': 4, 'gt_dims_count': 4}, {'start': 13600, 'end': 13602, 'TP': 0, 'TN': 30, 'FP': 4, 'FN': 4, 'IPS': 0.0, 'k_selected': 4, 'gt_dims_count': 4}, {'start': 13728, 'end': 13730, 'TP': 0, 'TN': 30, 'FP': 4, 'FN': 4, 'IPS': 0.0, 'k_selected': 4, 'gt_dims_count': 4}, {'start': 14377, 'end': 14386, 'TP': 0, 'TN': 36, 'FP': 1, 'FN': 1, 'IPS': 0.0, 'k_selected': 1, 'gt_dims_count': 1}, {'start': 15040, 'end': 15042, 'TP': 0, 'TN': 36, 'FP': 1, 'FN': 1, 'IPS': 0.0, 'k_selected': 1, 'gt_dims_count': 1}, {'start': 16100, 'end': 16112, 'TP': 2, 'TN': 31, 'FP': 3, 'FN': 2, 'IPS': 0.5, 'k_selected': 4, 'gt_dims_count': 4}, {'start': 16480, 'end': 16482, 'TP': 0, 'TN': 30, 'FP': 4, 'FN': 4, 'IPS': 0.0, 'k_selected': 4, 'gt_dims_count': 4}, {'start': 17920, 'end': 17922, 'TP': 1, 'TN': 17, 'FP': 11, 'FN': 9, 'IPS': 0.1, 'k_selected': 10, 'gt_dims_count': 10}, {'start': 18982, 'end': 18988, 'TP': 2, 'TN': 31, 'FP': 3, 'FN': 2, 'IPS': 0.5, 'k_selected': 4, 'gt_dims_count': 4}, {'start': 19250, 'end': 19730, 'TP': 2, 'TN': 28, 'FP': 6, 'FN': 2, 'IPS': 0.5, 'k_selected': 4, 'gt_dims_count': 4}, {'start': 20798, 'end': 20803, 'TP': 0, 'TN': 32, 'FP': 3, 'FN': 3, 'IPS': 0.0, 'k_selected': 3, 'gt_dims_count': 3}, {'start': 21779, 'end': 21793, 'TP': 9, 'TN': 3, 'FP': 16, 'FN': 10, 'IPS': 0.47368421052631576, 'k_selected': 19, 'gt_dims_count': 19}, {'start': 22240, 'end': 22242, 'TP': 0, 'TN': 30, 'FP': 4, 'FN': 4, 'IPS': 0.0, 'k_selected': 4, 'gt_dims_count': 4}, {'start': 23060, 'end': 23080, 'TP': 0, 'TN': 36, 'FP': 1, 'FN': 1, 'IPS': 0.0, 'k_selected': 1, 'gt_dims_count': 1}]
总和: {'TP': 55, 'TN': 705, 'FP': 130, 'FN': 98, 'IPS': 0.43898512103042414, 'precision': 0.2972972972972973, 'recall': 0.35947712418300654, 'F1': 0.3254437869822486}
test end time:  2025-06-12 07:19:00
test time:  288.4530382156372
==============================result==============================
{'FN': 62.0,
 'FP': 54.0,
 'TN': 22918.0,
 'TP': 570.0,
 'best-f1': 0.9076382978793816,
 'best_valid_loss': -61.87125272618911,
 'latency': 2.190465759686859,
 'pot-FN': 0.0,
 'pot-FP': 3859.0,
 'pot-TN': 19113.0,
 'pot-TP': 632.0,
 'pot-f1': 0.24672826751878593,
 'pot-latency': 0.3846139053311333,
 'pot-precision': 0.14072589592356738,
 'pot-recall': 0.9999999841772155,
 'pot-threshold': -48.024411212308074,
 'precision': 0.913461523822732,
 'pred_time': 0.29294835487833487,
 'pred_total_time': 138.86518621444702,
 'recall': 0.9018987199066658,
 'segment_results': [{'FN': 4,
                      'FP': 4,
                      'IPS': 0.0,
                      'TN': 30,
                      'TP': 0,
                      'end': 642,
                      'gt_dims_count': 4,
                      'k_selected': 4,
                      'start': 640},
                     {'FN': 1,
                      'FP': 1,
                      'IPS': 0.0,
                      'TN': 36,
                      'TP': 0,
                      'end': 1714,
                      'gt_dims_count': 1,
                      'k_selected': 1,
                      'start': 1709},
                     {'FN': 4,
                      'FP': 4,
                      'IPS': 0.0,
                      'TN': 30,
                      'TP': 0,
                      'end': 2082,
                      'gt_dims_count': 4,
                      'k_selected': 4,
                      'start': 2080},
                     {'FN': 4,
                      'FP': 4,
                      'IPS': 0.0,
                      'TN': 30,
                      'TP': 0,
                      'end': 3522,
                      'gt_dims_count': 4,
                      'k_selected': 4,
                      'start': 3520},
                     {'FN': 2,
                      'FP': 14,
                      'IPS': 0.9166666666666666,
                      'TN': 0,
                      'TP': 22,
                      'end': 4478,
                      'gt_dims_count': 24,
                      'k_selected': 24,
                      'start': 4462},
                     {'FN': 10,
                      'FP': 14,
                      'IPS': 0.5833333333333334,
                      'TN': 0,
                      'TP': 14,
                      'end': 4962,
                      'gt_dims_count': 24,
                      'k_selected': 24,
                      'start': 4960},
                     {'FN': 4,
                      'FP': 5,
                      'IPS': 0.0,
                      'TN': 29,
                      'TP': 0,
                      'end': 5353,
                      'gt_dims_count': 4,
                      'k_selected': 4,
                      'start': 5350},
                     {'FN': 4,
                      'FP': 4,
                      'IPS': 0.2,
                      'TN': 29,
                      'TP': 1,
                      'end': 6402,
                      'gt_dims_count': 5,
                      'k_selected': 5,
                      'start': 6400},
                     {'FN': 4,
                      'FP': 4,
                      'IPS': 0.0,
                      'TN': 30,
                      'TP': 0,
                      'end': 7842,
                      'gt_dims_count': 4,
                      'k_selected': 4,
                      'start': 7840},
                     {'FN': 4,
                      'FP': 4,
                      'IPS': 0.0,
                      'TN': 30,
                      'TP': 0,
                      'end': 8314,
                      'gt_dims_count': 4,
                      'k_selected': 4,
                      'start': 8308},
                     {'FN': 4,
                      'FP': 5,
                      'IPS': 0.2,
                      'TN': 28,
                      'TP': 1,
                      'end': 9640,
                      'gt_dims_count': 5,
                      'k_selected': 5,
                      'start': 9638},
                     {'FN': 2,
                      'FP': 2,
                      'IPS': 0.3333333333333333,
                      'TN': 33,
                      'TP': 1,
                      'end': 10722,
                      'gt_dims_count': 3,
                      'k_selected': 3,
                      'start': 10720},
                     {'FN': 4,
                      'FP': 4,
                      'IPS': 0.0,
                      'TN': 30,
                      'TP': 0,
                      'end': 12162,
                      'gt_dims_count': 4,
                      'k_selected': 4,
                      'start': 12160},
                     {'FN': 4,
                      'FP': 4,
                      'IPS': 0.0,
                      'TN': 30,
                      'TP': 0,
                      'end': 13602,
                      'gt_dims_count': 4,
                      'k_selected': 4,
                      'start': 13600},
                     {'FN': 4,
                      'FP': 4,
                      'IPS': 0.0,
                      'TN': 30,
                      'TP': 0,
                      'end': 13730,
                      'gt_dims_count': 4,
                      'k_selected': 4,
                      'start': 13728},
                     {'FN': 1,
                      'FP': 1,
                      'IPS': 0.0,
                      'TN': 36,
                      'TP': 0,
                      'end': 14386,
                      'gt_dims_count': 1,
                      'k_selected': 1,
                      'start': 14377},
                     {'FN': 1,
                      'FP': 1,
                      'IPS': 0.0,
                      'TN': 36,
                      'TP': 0,
                      'end': 15042,
                      'gt_dims_count': 1,
                      'k_selected': 1,
                      'start': 15040},
                     {'FN': 2,
                      'FP': 3,
                      'IPS': 0.5,
                      'TN': 31,
                      'TP': 2,
                      'end': 16112,
                      'gt_dims_count': 4,
                      'k_selected': 4,
                      'start': 16100},
                     {'FN': 4,
                      'FP': 4,
                      'IPS': 0.0,
                      'TN': 30,
                      'TP': 0,
                      'end': 16482,
                      'gt_dims_count': 4,
                      'k_selected': 4,
                      'start': 16480},
                     {'FN': 9,
                      'FP': 11,
                      'IPS': 0.1,
                      'TN': 17,
                      'TP': 1,
                      'end': 17922,
                      'gt_dims_count': 10,
                      'k_selected': 10,
                      'start': 17920},
                     {'FN': 2,
                      'FP': 3,
                      'IPS': 0.5,
                      'TN': 31,
                      'TP': 2,
                      'end': 18988,
                      'gt_dims_count': 4,
                      'k_selected': 4,
                      'start': 18982},
                     {'FN': 2,
                      'FP': 6,
                      'IPS': 0.5,
                      'TN': 28,
                      'TP': 2,
                      'end': 19730,
                      'gt_dims_count': 4,
                      'k_selected': 4,
                      'start': 19250},
                     {'FN': 3,
                      'FP': 3,
                      'IPS': 0.0,
                      'TN': 32,
                      'TP': 0,
                      'end': 20803,
                      'gt_dims_count': 3,
                      'k_selected': 3,
                      'start': 20798},
                     {'FN': 10,
                      'FP': 16
,
                      'IPS': 0.47368421052631576,
                      'TN': 3,
                      'TP': 9,
                      'end': 21793,
                      'gt_dims_count': 19,
                      'k_selected': 19,
                      'start': 21779},
                     {'FN': 4,
                      'FP': 4,
                      'IPS': 0.0,
                      'TN': 30,
                      'TP': 0,
                      'end': 22242,
                      'gt_dims_count': 4,
                      'k_selected': 4,
                      'start': 22240},
                     {'FN': 1,
                      'FP': 1,
                      'IPS': 0.0,
                      'TN': 36,
                      'TP': 0,
                      'end': 23080,
                      'gt_dims_count': 1,
                      'k_selected': 1,
                      'start': 23060}],
 'segment_summary': {'F1': 0.3254437869822486,
                     'FN': 98,
                     'FP': 130,
                     'IPS': 0.43898512103042414,
                     'TN': 705,
                     'TP': 55,
                     'precision': 0.2972972972972973,
                     'recall': 0.35947712418300654},
 'threshold': -399.0,
 'train_time': 312.16927762031554,
 'valid_time': 0.291805440810978}
