2025-06-12 00:37:24.361368: I tensorflow/core/platform/cpu_feature_guard.cc:141] Your CPU supports instructions that this TensorFlow binary was not compiled to use: AVX2 AVX512F FMA
Configurations
===========================================
{'batch_size': 50,
 'bf_search_max': 400.0,
 'bf_search_min': -400.0,
 'bf_search_step_size': 1.0,
 'dataset': 'machine-2-1',
 'dense_dim': 500,
 'early_stop': True,
 'get_score_on_dim': True,
 'gradient_clip_norm': 10.0,
 'initial_lr': 0.001,
 'l2_reg': 0.0001,
 'level': 0.005,
 'lr_anneal_epoch_freq': 40,
 'lr_anneal_factor': 0.5,
 'lr_anneal_step_freq': None,
 'max_epoch': 10,
 'max_test_size': None,
 'max_train_size': None,
 'nf_layers': 20,
 'posterior_flow_type': 'nf',
 'restore_dir': None,
 'result_dir': 'result',
 'rnn_cell': 'GRU',
 'rnn_num_hidden': 500,
 'save_dir': 'model',
 'save_z': False,
 'std_epsilon': 0.0001,
 'test_batch_size': 50,
 'test_n_z': 1,
 'test_score_filename': 'test_score.pkl',
 'test_start': 0,
 'train_score_filename': 'train_score.pkl',
 'train_start': 0,
 'use_connected_z_p': True,
 'use_connected_z_q': True,
 'valid_step_freq': 100,
 'window_length': 100,
 'x_dim': 38,
 'z_dim': 3}

train start time:  2025-06-12 00:37:06
load data of: machine-2-1
train:  0 None
test:  0 None
Data normalized
Data normalized
train set shape:  (23693, 38)
test set shape:  (23694, 38)
test set label shape:  (23694,)
Trainable Parameters                                            (2,607,740 in total)
------------------------------------------------------------------------------------
model/q_z_given_x/rnn_q_z/rnn/gru_cell/gates/kernel             (538, 1000)  538,000
model/q_z_given_x/rnn_q_z/rnn/gru_cell/gates/bias               (1000,)        1,000
model/q_z_given_x/rnn_q_z/rnn/gru_cell/candidate/kernel         (538, 500)   269,000
model/q_z_given_x/rnn_q_z/rnn/gru_cell/candidate/bias           (500,)           500
model/q_z_given_x/rnn_q_z/dense/kernel                          (500, 500)   250,000
model/q_z_given_x/rnn_q_z/dense/bias                            (500,)           500
model/q_z_given_x/rnn_q_z/dense_1/kernel                        (500, 500)   250,000
model/q_z_given_x/rnn_q_z/dense_1/bias                          (500,)           500
model/vae/variational/z_mean/kernel                             (503, 3)       1,509
model/vae/variational/z_mean/bias                               (3,)               3
model/vae/variational/z_std/kernel                              (503, 3)       1,509
model/vae/variational/z_std/bias                                (3,)               3
model/posterior_flow/_0/w                                       (1, 3)             3
model/posterior_flow/_0/b                                       (1,)               1
model/posterior_flow/_0/u                                       (1, 3)             3
model/posterior_flow/_1/w                                       (1, 3)             3
model/posterior_flow/_1/b                                       (1,)               1
model/posterior_flow/_1/u                                       (1, 3)             3
model/posterior_flow/_2/w                                       (1, 3)             3
model/posterior_flow/_2/b                                       (1,)               1
model/posterior_flow/_2/u                                       (1, 3)             3
model/posterior_flow/_3/w                                       (1, 3)             3
model/posterior_flow/_3/b                                       (1,)               1
model/posterior_flow/_3/u                                       (1, 3)             3
model/posterior_flow/_4/w                                       (1, 3)             3
model/posterior_flow/_4/b                                       (1,)               1
model/posterior_flow/_4/u                                       (1, 3)             3
model/posterior_flow/_5/w                                       (1, 3)             3
model/posterior_flow/_5/b                                       (1,)               1
model/posterior_flow/_5/u                                       (1, 3)             3
model/posterior_flow/_6/w                                       (1, 3)             3
model/posterior_flow/_6/b                                       (1,)               1
model/posterior_flow/_6/u                                       (1, 3)             3
model/posterior_flow/_7/w                                       (1, 3)             3
model/posterior_flow/_7/b                                       (1,)               1
model/posterior_flow/_7/u                                       (1, 3)             3
model/posterior_flow/_8/w                                       (1, 3)             3
model/posterior_flow/_8/b                                       (1,)               1
model/posterior_flow/_8/u                                       (1, 3)             3
model/posterior_flow/_9/w                                       (1, 3)             3
model/posterior_flow/_9/b                                       (1,)               1
model/posterior_flow/_9/u                                       (1, 3)             3
model/posterior_flow/_10/w                                      (1, 3)             3
model/posterior_flow/_10/b                                      (1,)               1
model/posterior_flow/_10/u                                      (1, 3)             3
model/posterior_flow/_11/w                                      (1, 3)             3
model/posterior_flow/_11/b                                      (1,)               1
model/posterior_flow/_11/u                                      (1, 3)             3
model/posterior_flow/_12/w                                      (1, 3)             3
model/posterior_flow/_12/b                                      (1,)               1
model/posterior_flow/_12/u                                      (1, 3)             3
model/posterior_flow/_13/w                                      (1, 3)             3
model/posterior_flow/_13/b                                      (1,)               1
model/posterior_flow/_13/u                                      (1, 3)             3
model/posterior_flow/_14/w                                      (1, 3)             3
model/posterior_flow/_14/b                                      (1,)               1
model/posterior_flow/_14/u                                      (1, 3)             3
model/posterior_flow/_15/w                                      (1, 3)             3
model/posterior_flow/_15/b                                      (1,)               1
model/posterior_flow/_15/u                                      (1, 3)             3
model/posterior_flow/_16/w                                      (1, 3)             3
model/posterior_flow/_16/b                                      (1,)               1
model/posterior_flow/_16/u                                      (1, 3)             3
model/posterior_flow/_17/w                                      (1, 3)             3
model/posterior_flow/_17/b                                      (1,)               1
model/posterior_flow/_17/u                                      (1, 3)             3
model/posterior_flow/_18/w                                      (1, 3)             3
model/posterior_flow/_18/b                                      (1,)               1
model/posterior_flow/_18/u                                      (1, 3)             3
model/posterior_flow/_19/w                                      (1, 3)             3
model/posterior_flow/_19/b                                      (1,)               1
model/posterior_flow/_19/u                                      (1, 3)             3
model/p_x_given_z/hidden/rnn_p_x/rnn/gru_cell/gates/kernel      (503, 1000)  503,000
model/p_x_given_z/hidden/rnn_p_x/rnn/gru_cell/gates/bias        (1000,)        1,000
model/p_x_given_z/hidden/rnn_p_x/rnn/gru_cell/candidate/kernel  (503, 500)   251,500
model/p_x_given_z/hidden/rnn_p_x/rnn/gru_cell/candidate/bias    (500,)           500
model/p_x_given_z/hidden/rnn_p_x/dense/kernel                   (500, 500)   250,000
model/p_x_given_z/hidden/rnn_p_x/dense/bias                     (500,)           500
model/p_x_given_z/hidden/rnn_p_x/dense_1/kernel                 (500, 500)   250,000
model/p_x_given_z/hidden/rnn_p_x/dense_1/bias                   (500,)           500
model/p_x_given_z/x_mean/kernel                                 (500, 38)     19,000
model/p_x_given_z/x_mean/bias                                   (38,)             38
model/p_x_given_z/x_std/kernel                                  (500, 38)     19,000
model/p_x_given_z/x_std/bias                                    (38,)             38/home/hz/anaconda3/envs/py36/lib/python3.6/site-packages/tensorflow/python/framework/dtypes.py:523: FutureWarning: Passing (type, 1) or '1type' as a synonym of type is deprecated; in a future version of numpy, it will be understood as (type, (1,)) / '(1,)type'.
  _np_qint8 = np.dtype([("qint8", np.int8, 1)])
/home/hz/anaconda3/envs/py36/lib/python3.6/site-packages/tensorflow/python/framework/dtypes.py:524: FutureWarning: Passing (type, 1) or '1type' as a synonym of type is deprecated; in a future version of numpy, it will be understood as (type, (1,)) / '(1,)type'.
  _np_quint8 = np.dtype([("quint8", np.uint8, 1)])
/home/hz/anaconda3/envs/py36/lib/python3.6/site-packages/tensorflow/python/framework/dtypes.py:525: FutureWarning: Passing (type, 1) or '1type' as a synonym of type is deprecated; in a future version of numpy, it will be understood as (type, (1,)) / '(1,)type'.
  _np_qint16 = np.dtype([("qint16", np.int16, 1)])
/home/hz/anaconda3/envs/py36/lib/python3.6/site-packages/tensorflow/python/framework/dtypes.py:526: FutureWarning: Passing (type, 1) or '1type' as a synonym of type is deprecated; in a future version of numpy, it will be understood as (type, (1,)) / '(1,)type'.
  _np_quint16 = np.dtype([("quint16", np.uint16, 1)])
/home/hz/anaconda3/envs/py36/lib/python3.6/site-packages/tensorflow/python/framework/dtypes.py:527: FutureWarning: Passing (type, 1) or '1type' as a synonym of type is deprecated; in a future version of numpy, it will be understood as (type, (1,)) / '(1,)type'.
  _np_qint32 = np.dtype([("qint32", np.int32, 1)])
/home/hz/anaconda3/envs/py36/lib/python3.6/site-packages/tensorflow/python/framework/dtypes.py:532: FutureWarning: Passing (type, 1) or '1type' as a synonym of type is deprecated; in a future version of numpy, it will be understood as (type, (1,)) / '(1,)type'.
  np_resource = np.dtype([("resource", np.ubyte, 1)])
/home/hz/anaconda3/envs/py36/lib/python3.6/site-packages/tfsnippet/utils/tfver.py:22: DeprecationWarning: Function 'semver.compare' is deprecated. Deprecated since version 2.10.0.  This function will be removed in semver 3. Use the respective 'semver.VersionInfo.compare' instead.
  compare_result = semver.compare(version, tf.__version__)
/home/hz/anaconda3/envs/py36/lib/python3.6/site-packages/tfsnippet/utils/tfver.py:22: DeprecationWarning: Function 'semver.compare' is deprecated. Deprecated since version 2.10.0.  This function will be removed in semver 3. Use the respective 'semver.VersionInfo.compare' instead.
  compare_result = semver.compare(version, tf.__version__)
INFO:tensorflow:Restoring parameters from /tmp/tmp1sdxxca5/variables.dat-3000
2025-06-12 01:28:28,723 [INFO] tensorflow: Restoring parameters from /tmp/tmp1sdxxca5/variables.dat-3000


train_values: (16586, 38)
[Epoch 1/10, Step 100] step time: 1.133s (±4.672s); train time: 1m 9.279s; valid time: 44.09s; loss: 25.3847 (±330.545); valid loss: -43.8714 (*)
[Epoch 1/10, Step 200] step time: 0.9102s (±4.026s); train time: 50.6s; valid time: 40.46s; loss: -47.8788 (±3.5599); valid loss: -48.8195 (*)
[Epoch 1/10, Step 300] step time: 0.9178s (±4.053s); train time: 51.09s; valid time: 40.73s; loss: -50.0224 (±6.00252); valid loss: -52.9528 (*)
train_values: (16586, 38)
[Epoch 2/10, Step 400, ETA 46m 35.53s] step time: 0.9058s (±3.923s); train time: 35.97s; valid time: 39.43s; loss: -53.2394 (±4.47617); valid loss: -52.2513
[Epoch 2/10, Step 500, ETA 44m 44.1s] step time: 0.9405s (±4.085s); train time: 53.01s; valid time: 41.08s; loss: -53.3262 (±4.27579); valid loss: -52.1418
[Epoch 2/10, Step 600, ETA 43m 0.2448s] step time: 0.9445s (±4.07s); train time: 53.58s; valid time: 40.92s; loss: -54.5889 (±4.47697); valid loss: -49.5646
train_values: (16586, 38)
[Epoch 3/10, Step 700, ETA 41m 15.75s] step time: 0.9352s (±4.051s); train time: 22.17s; valid time: 40.71s; loss: -53.641 (±4.15197); valid loss: -51.3668
[Epoch 3/10, Step 800, ETA 39m 33.87s] step time: 0.9352s (±4.061s); train time: 52.76s; valid time: 40.81s; loss: -55.1064 (±9.22436); valid loss: -50.5937
[Epoch 3/10, Step 900, ETA 37m 52.92s] step time: 0.9317s (±4.042s); train time: 52.59s; valid time: 40.63s; loss: -55.2773 (±2.82105); valid loss: -47.9219
train_values: (16586, 38)
[Epoch 4/10, Step 1000, ETA 36m 13.55s] step time: 0.9316s (±4.051s); train time: 6.805s; valid time: 40.73s; loss: -55.0072 (±5.0587); valid loss: -44.4879
[Epoch 4/10, Step 1100, ETA 34m 35.69s] step time: 0.9338s (±4.032s); train time: 52.9s; valid time: 40.53s; loss: -53.5495 (±6.3008); valid loss: -51.5361
[Epoch 4/10, Step 1200, ETA 32m 58.06s] step time: 0.9309s (±4.045s); train time: 52.48s; valid time: 40.66s; loss: -56.5411 (±4.44244); valid loss: -52.5526
[Epoch 4/10, Step 1300, ETA 31m 21.56s] step time: 0.9338s (±4.026s); train time: 52.98s; valid time: 40.46s; loss: -57.0307 (±4.25278); valid loss: -52.4171
train_values: (16586, 38)
[Epoch 5/10, Step 1400, ETA 29m 47.56s] step time: 0.9488s (±4.192s); train time: 44.34s; valid time: 42.13s; loss: -54.3075 (±7.42643); valid loss: -53.351 (*)
[Epoch 5/10, Step 1500, ETA 28m 13.46s] step time: 0.9493s (±4.175s); train time: 53.01s; valid time: 41.97s; loss: -56.1385 (±7.80548); valid loss: -54.9621 (*)
[Epoch 5/10, Step 1600, ETA 26m 39.05s] step time: 0.9474s (±4.181s); train time: 52.76s; valid time: 42.03s; loss: -58.8021 (±3.3559); valid loss: -57.0372 (*)
train_values: (16586, 38)
[Epoch 6/10, Step 1700, ETA 25m 4.419s] step time: 0.9453s (±4.163s); train time: 29.02s; valid time: 41.83s; loss: -58.1184 (±5.55449); valid loss: -59.1416 (*)
[Epoch 6/10, Step 1800, ETA 23m 28.83s] step time: 0.9339s (±4.041s); train time: 52.81s; valid time: 40.62s; loss: -60.4198 (±3.1336); valid loss: -58.6388
[Epoch 6/10, Step 1900, ETA 21m 53.42s] step time: 0.9334s (±4.027s); train time: 52.89s; valid time: 40.49s; loss: -58.1121 (±8.22229); valid loss: -54.2839
train_values: (16586, 38)
[Epoch 7/10, Step 2000, ETA 20m 19.25s] step time: 0.949s (±4.191s); train time: 13.77s; valid time: 42.11s; loss: -61.0134 (±3.06388); valid loss: -64.2022 (*)
[Epoch 7/10, Step 2100, ETA 18m 44.07s] step time: 0.9329s (±4.024s); train time: 52.89s; valid time: 40.45s; loss: -61.5962 (±3.64262); valid loss: -58.8775
[Epoch 7/10, Step 2200, ETA 17m 9.257s] step time: 0.937s (±4.046s); train time: 53.09s; valid time: 40.66s; loss: -64.2978 (±3.57993); valid loss: -61.3294
[Epoch 7/10, Step 2300, ETA 15m 34.26s] step time: 0.9305s (±4.02s); train time: 52.71s; valid time: 40.39s; loss: -61.8726 (±5.22845); valid loss: -61.9801
train_values: (16586, 38)
[Epoch 8/10, Step 2400, ETA 13m 59.72s] step time: 0.9385s (±4.049s); train time: 51.63s; valid time: 40.69s; loss: -64.2638 (±2.96383); valid loss: -60.4533
[Epoch 8/10, Step 2500, ETA 12m 25.04s] step time: 0.9325s (±4.029s); train time: 52.8s; valid time: 40.5s; loss: -63.3263 (±5.78155); valid loss: -60.3766
[Epoch 8/10, Step 2600, ETA 10m 50.57s] step time: 0.9365s (±4.045s); train time: 53.05s; valid time: 40.65s; loss: -64.7526 (±4.22474); valid loss: -61.5363
train_values: (16586, 38)
[Epoch 9/10, Step 2700, ETA 9m 16.38s] step time: 0.9465s (±4.171s); train time: 35.71s; valid time: 41.93s; loss: -66.2288 (±2.79535); valid loss: -64.8007 (*)
[Epoch 9/10, Step 2800, ETA 7m 41.91s] step time: 0.9326s (±4.02s); train time: 52.92s; valid time: 40.39s; loss: -66.674 (±4.46188); valid loss: -64.0024
[Epoch 9/10, Step 2900, ETA 6m 7.477s] step time: 0.93s (±4.041s); train time: 52.44s; valid time: 40.61s; loss: -65.3961 (±5.88219); valid loss: -63.9013
train_values: (16586, 38)
[Epoch 10/10, Step 3000, ETA 4m 33.28s] step time: 0.9444s (±4.162s); train time: 20.63s; valid time: 41.83s; loss: -66.8797 (±3.59334); valid loss: -68.2433 (*)
[Epoch 10/10, Step 3100, ETA 2m 58.97s] step time: 0.9296s (±4.049s); train time: 52.33s; valid time: 40.68s; loss: -67.0736 (±3.16212); valid loss: -63.5745
[Epoch 10/10, Step 3200, ETA 1m 24.77s] step time: 0.9383s (±4.086s); train time: 52.81s; valid time: 41.06s; loss: -68.148 (±4.13222); valid loss: -66.1477
train end time:  2025-06-12 01:28:28
train time:  3082.3397703170776
test start time:  2025-06-12 01:28:28
------------------------------ testing ------------------------------
test_score shape:  (23595, 38)
test_z shape:  (23595, 100, 6)
search range:  -400.0 400.0
cur thr:  -399.0 [0.9393348763117841, 0.9822761102399616, 0.8999999923076923, 1053.0, 22406.0, 19.0, 117.0, 26.666370373662517] [0.9393348763117841, 0.9822761102399616, 0.8999999923076923, 1053.0, 22406.0, 19.0, 117.0, 26.666370373662517] -399.0
cur thr:  -349.0 [0.9389160888342484, 0.9813606618698913, 0.8999999923076923, 1053.0, 22405.0, 20.0, 117.0, 26.55526049710559] [0.9393348763117841, 0.9822761102399616, 0.8999999923076923, 1053.0, 22406.0, 19.0, 117.0, 26.666370373662517] -399.0
cur thr:  -299.0 [0.936411184856348, 0.9759036054133123, 0.8999999923076923, 1053.0, 22399.0, 26.0, 117.0, 26.55526049710559] [0.9393348763117841, 0.9822761102399616, 0.8999999923076923, 1053.0, 22406.0, 19.0, 117.0, 26.666370373662517] -399.0
cur thr:  -249.0 [0.9318534051250457, 0.9660550370086695, 0.8999999923076923, 1053.0, 22388.0, 37.0, 117.0, 26.444150620548662] [0.9393348763117841, 0.9822761102399616, 0.8999999923076923, 1053.0, 22406.0, 19.0, 117.0, 26.666370373662517] -399.0
cur thr:  -199.0 [0.9277483005722194, 0.957272718570248, 0.8999999923076923, 1053.0, 22378.0, 47.0, 117.0, 26.444150620548662] [0.9393348763117841, 0.9822761102399616, 0.8999999923076923, 1053.0, 22406.0, 19.0, 117.0, 26.666370373662517] -399.0
cur thr:  -149.0 [0.9283196903019801, 0.938045367032763, 0.9188034109503982, 1075.0, 22354.0, 71.0, 95.0, 14.099859001409985] [0.9393348763117841, 0.9822761102399616, 0.8999999923076923, 1053.0, 22406.0, 19.0, 117.0, 26.666370373662517] -399.0
cur thr:  -99.0 [0.9231372429208635, 0.9172995703181471, 0.9290598211191469, 1087.0, 22327.0, 98.0, 83.0, 12.999881819256188] [0.9393348763117841, 0.9822761102399616, 0.8999999923076923, 1053.0, 22406.0, 19.0, 117.0, 26.666370373662517] -399.0
cur thr:  -49.0 [0.9337539929654326, 0.8757484964390083, 0.9999999914529916, 1170.0, 22259.0, 166.0, 0.0, 16.153721894446967] [0.9435433954477629, 0.893129764174582, 0.9999999914529916, 1170.0, 22285.0, 140.0, 0.0, 16.153721894446967] -63.0
cur thr:  1.0 [0.8744345342029238, 0.7768924251202363, 0.9999999914529916, 1170.0, 22089.0, 336.0, 0.0, 7.769171006376874] [0.9435433954477629, 0.893129764174582, 0.9999999914529916, 1170.0, 22285.0, 140.0, 0.0, 16.153721894446967] -63.0
cur thr:  51.0 [0.6055858368027017, 0.4342984393678603, 0.9999999914529916, 1170.0, 20901.0, 1524.0, 0.0, 2.461519526772871] [0.9435433954477629, 0.893129764174582, 0.9999999914529916, 1170.0, 22285.0, 140.0, 0.0, 16.153721894446967] -63.0
cur thr:  101.0 [0.09448728866684003, 0.04958677683848833, 0.9999999914529916, 1170.0, 0.0, 22425.0, 0.0, 0.0] [0.9435433954477629, 0.893129764174582, 0.9999999914529916, 1170.0, 22285.0, 140.0, 0.0, 16.153721894446967]  0%|          | 0/23595 [00:00<?, ?it/s]100%|██████████| 23595/23595 [00:00<00:00, 1479247.30it/s] -63.0
cur thr:  151.0 [0.09448728866684003, 0.04958677683848833, 0.9999999914529916, 1170.0, 0.0, 22425.0, 0.0, 0.0] [0.9435433954477629, 0.893129764174582, 0.9999999914529916, 1170.0, 22285.0, 140.0, 0.0, 16.153721894446967] -63.0
cur thr:  201.0 [0.09448728866684003, 0.04958677683848833, 0.9999999914529916, 1170.0, 0.0, 22425.0, 0.0, 0.0] [0.9435433954477629, 0.893129764174582, 0.9999999914529916, 1170.0, 22285.0, 140.0, 0.0, 16.153721894446967] -63.0
cur thr:  251.0 [0.09448728866684003, 0.04958677683848833, 0.9999999914529916, 1170.0, 0.0, 22425.0, 0.0, 0.0] [0.9435433954477629, 0.893129764174582, 0.9999999914529916, 1170.0, 22285.0, 140.0, 0.0, 16.153721894446967] -63.0
cur thr:  301.0 [0.09448728866684003, 0.04958677683848833, 0.9999999914529916, 1170.0, 0.0, 22425.0, 0.0, 0.0] [0.9435433954477629, 0.893129764174582, 0.9999999914529916, 1170.0, 22285.0, 140.0, 0.0, 16.153721894446967] -63.0
cur thr:  351.0 [0.09448728866684003, 0.04958677683848833, 0.9999999914529916, 1170.0, 0.0, 22425.0, 0.0, 0.0] [0.9435433954477629, 0.893129764174582, 0.9999999914529916, 1170.0, 22285.0, 140.0, 0.0, 16.153721894446967] -63.0
[0.9435433954477629, 0.893129764174582, 0.9999999914529916, 1170.0, 22285.0, 140.0, 0.0, 16.153721894446967] -63.0
label_file: ServerMachineDataset/interpretation_label/machine-2-1.txt
Initial threshold : 59.971848
Number of peaks : 117
Grimshaw maximum log-likelihood estimation ... [done]
	γ = 0
	σ = 512.56366
	L = 847.0127153223362
Extreme quantile (probability = 0.001): 880.6792930601212
204
23595
POT result:  (0.9147819623474706, 0.8946078358283673, 0.9358974278983127, 1095.0, 22296.0, 129.0, 75.0) -68.94588953230188 11.91656736193865

=== 全局调试信息 ===
y_true shape: (23595,), unique values: [0. 1.]
y_pred shape: (23595,), unique values: [False  True]
feature_scores shape: (23595, 38)
y_true 中的异常段: [(6407, 6428), (7808, 7861), (9241, 9286), (9680, 9705), (12074, 12081), (16037, 16488), (17266, 17282), (17896, 17928), (18476, 18550), (19921, 19936), (20241, 20252), (20792, 20812), (22808, 23195)]


=== 处理第 1/13 段 ===
段范围: start=6407, end=6428
段内真实标签 (seg_true): [1. 1. 1. 1. 1. 1. 1. 1. 1. 1. 1. 1. 1. 1. 1. 1. 1. 1. 1. 1. 1. 1.]
段内预测标签 (seg_pred): [ True  True  True  True  True  True  True  True  True  True  True  True
  True  True  True  True  True  True  True  True  True  True]
段内真实异常时间点索引 (相对段内): [ 0  1  2  3  4  5  6  7  8  9 10 11 12 13 14 15 16 17 18 19 20 21]
段内是否有预测为异常的时间点: True
真实异常维度 (0-based): [22, 24, 31, 34, 35]
段内检测到的异常时间点索引 (相对段内): [ 0  1  2  3  4  5  6  7  8  9 10 11 12 13 14 15 16 17 18 19 20 21]
推断的异常维度 (0-based): [7, 16, 26, 36, 37]
真实与推断的交集: []
段内指标: TP=0, FP=5, FN=5, TN=28, IPS=0.0000

=== 处理第 2/13 段 ===
段范围: start=7808, end=7861
段内真实标签 (seg_true): [1. 1. 1. 1. 1. 1. 1. 1. 1. 1. 1. 1. 1. 1. 1. 1. 1. 1. 1. 1. 1. 1. 1. 1.
 1. 1. 1. 1. 1. 1. 1. 1. 1. 1. 1. 1. 1. 1. 1. 1. 1. 1. 1. 1. 1. 1. 1. 1.
 1. 1. 1. 1. 1. 1.]
段内预测标签 (seg_pred): [ True  True  True  True  True  True  True  True  True  True  True  True
  True  True  True  True  True  True  True  True  True  True  True  True
  True  True  True  True  True  True  True  True  True  True  True  True
  True  True  True  True  True  True  True  True  True  True  True  True
  True  True  True  True  True  True]
段内真实异常时间点索引 (相对段内): [ 0  1  2  3  4  5  6  7  8  9 10 11 12 13 14 15 16 17 18 19 20 21 22 23
 24 25 26 27 28 29 30 31 32 33 34 35 36 37 38 39 40 41 42 43 44 45 46 47
 48 49 50 51 52 53]
段内是否有预测为异常的时间点: True
真实异常维度 (0-based): [8, 9, 10, 12, 31]
段内检测到的异常时间点索引 (相对段内): [ 0  1  2  3  4  5  6  7  8  9 10 11 12 13 14 15 16 17 18 19 20 21 22 23
 24 25 26 27 28 29 30 31 32 33 34 35 36 37 38 39 40 41 42 43 44 45 46 47
 48 49 50 51 52 53]
推断的异常维度 (0-based): [7, 16, 17, 26, 36, 37]
真实与推断的交集: []
段内指标: TP=0, FP=6, FN=5, TN=27, IPS=0.0000

=== 处理第 3/13 段 ===
段范围: start=9241, end=9286
段内真实标签 (seg_true): [1. 1. 1. 1. 1. 1. 1. 1. 1. 1. 1. 1. 1. 1. 1. 1. 1. 1. 1. 1. 1. 1. 1. 1.
 1. 1. 1. 1. 1. 1. 1. 1. 1. 1. 1. 1. 1. 1. 1. 1. 1. 1. 1. 1. 1. 1.]
段内预测标签 (seg_pred): [ True  True  True  True  True  True  True  True  True  True  True  True
  True  True  True  True  True  True  True  True  True  True  True  True
  True  True  True  True  True  True  True  True  True  True  True  True
  True  True  True  True  True  True  True  True  True  True]
段内真实异常时间点索引 (相对段内): [ 0  1  2  3  4  5  6  7  8  9 10 11 12 13 14 15 16 17 18 19 20 21 22 23
 24 25 26 27 28 29 30 31 32 33 34 35 36 37 38 39 40 41 42 43 44 45]
段内是否有预测为异常的时间点: True
真实异常维度 (0-based): [8, 9, 10, 12, 31, 32, 33]
段内检测到的异常时间点索引 (相对段内): [ 0  1  2  3  4  5  6  7  8  9 10 11 12 13 14 15 16 17 18 19 20 21 22 23
 24 25 26 27 28 29 30 31 32 33 34 35 36 37 38 39 40 41 42 43 44 45]
推断的异常维度 (0-based): [7, 10, 16, 17, 26, 32, 36, 37]
真实与推断的交集: [10, 32]
段内指标: TP=2, FP=6, FN=5, TN=25, IPS=0.2857

=== 处理第 4/13 段 ===
段范围: start=9680, end=9705
段内真实标签 (seg_true): [1. 1. 1. 1. 1. 1. 1. 1. 1. 1. 1. 1. 1. 1. 1. 1. 1. 1. 1. 1. 1. 1. 1. 1.
 1. 1.]
段内预测标签 (seg_pred): [ True  True  True  True  True  True  True  True  True  True  True  True
  True  True  True  True  True  True  True  True  True  True  True  True
  True  True]
段内真实异常时间点索引 (相对段内): [ 0  1  2  3  4  5  6  7  8  9 10 11 12 13 14 15 16 17 18 19 20 21 22 23
 24 25]
段内是否有预测为异常的时间点: True
真实异常维度 (0-based): [4, 32, 33]
段内检测到的异常时间点索引 (相对段内): [ 0  1  2  3  4  5  6  7  8  9 10 11 12 13 14 15 16 17 18 19 20 21 22 23
 24 25]
推断的异常维度 (0-based): [7, 26, 36]
真实与推断的交集: []
段内指标: TP=0, FP=3, FN=3, TN=32, IPS=0.0000

=== 处理第 5/13 段 ===
段范围: start=12074, end=12081
段内真实标签 (seg_true): [1. 1. 1. 1. 1. 1. 1. 1.]
段内预测标签 (seg_pred): [ True  True  True  True  True  True  True  True]
段内真实异常时间点索引 (相对段内): [0 1 2 3 4 5 6 7]
段内是否有预测为异常的时间点: True
真实异常维度 (0-based): [18, 19, 20, 21, 27]
段内检测到的异常时间点索引 (相对段内): [0 1 2 3 4 5 6 7]
推断的异常维度 (0-based): [7, 16, 17, 26, 36]
真实与推断的交集: []
段内指标: TP=0, FP=5, FN=5, TN=28, IPS=0.0000

=== 处理第 6/13 段 ===
段范围: start=16037, end=16488
段内真实标签 (seg_true): [1. 1. 1. 1. 1. 1. 1. 1. 1. 1. 1. 1. 1. 1. 1. 1. 1. 1. 1. 1. 1. 1. 1. 1.
 1. 1. 1. 1. 1. 1. 1. 1. 1. 1. 1. 1. 1. 1. 1. 1. 1. 1. 1. 1. 1. 1. 1. 1.
 1. 1. 1. 1. 1. 1. 1. 1. 1. 1. 1. 1. 1. 1. 1. 1. 1. 1. 1. 1. 1. 1. 1. 1.
 1. 1. 1. 1. 1. 1. 1. 1. 1. 1. 1. 1. 1. 1. 1. 1. 1. 1. 1. 1. 1. 1. 1. 1.
 1. 1. 1. 1. 1. 1. 1. 1. 1. 1. 1. 1. 1. 1. 1. 1. 1. 1. 1. 1. 1. 1. 1. 1.
 1. 1. 1. 1. 1. 1. 1. 1. 1. 1. 1. 1. 1. 1. 1. 1. 1. 1. 1. 1. 1. 1. 1. 1.
 1. 1. 1. 1. 1. 1. 1. 1. 1. 1. 1. 1. 1. 1. 1. 1. 1. 1. 1. 1. 1. 1. 1. 1.
 1. 1. 1. 1. 1. 1. 1. 1. 1. 1. 1. 1. 1. 1. 1. 1. 1. 1. 1. 1. 1. 1. 1. 1.
 1. 1. 1. 1. 1. 1. 1. 1. 1. 1. 1. 1. 1. 1. 1. 1. 1. 1. 1. 1. 1. 1. 1. 1.
 1. 1. 1. 1. 1. 1. 1. 1. 1. 1. 1. 1. 1. 1. 1. 1. 1. 1. 1. 1. 1. 1. 1. 1.
 1. 1. 1. 1. 1. 1. 1. 1. 1. 1. 1. 1. 1. 1. 1. 1. 1. 1. 1. 1. 1. 1. 1. 1.
 1. 1. 1. 1. 1. 1. 1. 1. 1. 1. 1. 1. 1. 1. 1. 1. 1. 1. 1. 1. 1. 1. 1. 1.
 1. 1. 1. 1. 1. 1. 1. 1. 1. 1. 1. 1. 1. 1. 1. 1. 1. 1. 1. 1. 1. 1. 1. 1.
 1. 1. 1. 1. 1. 1. 1. 1. 1. 1. 1. 1. 1. 1. 1. 1. 1. 1. 1. 1. 1. 1. 1. 1.
 1. 1. 1. 1. 1. 1. 1. 1. 1. 1. 1. 1. 1. 1. 1. 1. 1. 1. 1. 1. 1. 1. 1. 1.
 1. 1. 1. 1. 1. 1. 1. 1. 1. 1. 1. 1. 1. 1. 1. 1. 1. 1. 1. 1. 1. 1. 1. 1.
 1. 1. 1. 1. 1. 1. 1. 1. 1. 1. 1. 1. 1. 1. 1. 1. 1. 1. 1. 1. 1. 1. 1. 1.
 1. 1. 1. 1. 1. 1. 1. 1. 1. 1. 1. 1. 1. 1. 1. 1. 1. 1. 1. 1. 1. 1. 1. 1.
 1. 1. 1. 1. 1. 1. 1. 1. 1. 1. 1. 1. 1. 1. 1. 1. 1. 1. 1. 1.]
段内预测标签 (seg_pred): [ True  True  True  True  True  True  True  True  True  True  True  True
  True  True  True  True  True  True  True  True  True  True  True  True
  True  True  True  True  True  True  True  True  True  True  True  True
  True  True  True  True  True  True  True  True  True  True  True  True
  True  True  True  True  True  True  True  True  True  True  True  True
  True  True  True  True  True  True  True  True  True  True  True  True
  True  True  True  True  True  True  True  True  True  True  True  True
  True  True  True  True  True  True  True  True  True  True  True  True
  True  True  True  True  True  True  True  True  True  True  True  True
  True  True  True  True  True  True  True  True  True  True  True  True
  True  True  True  True  True  True  True  True  True  True  True  True
  True  True  True  True  True  True  True  True  True  True  True  True
  True  True  True  True  True  True  True  True  True  True  True  True
  True  True  True  True  True  True  True  True  True  True  True  True
  True  True  True  True  True  True  True  True  True  True  True  True
  True  True  True  True  True  True  True  True  True  True  True  True
  True  True  True  True  True  True  True  True  True  True  True  True
  True  True  True  True  True  True  True  True  True  True  True  True
  True  True  True  True  True  True  True  True  True  True  True  True
  True  True  True  True  True  True  True  True  True  True  True  True
  True  True  True  True  True  True  True  True  True  True  True  True
  True  True  True  True  True  True  True  True  True  True  True  True
  True  True  True  True  True  True  True  True  True  True  True  True
  True  True  True  True  True  True  True  True  True  True  True  True
  True  True  True  True  True  True  True  True  True  True  True  True
  True  True  True  True  True  True  True  True  True  True  True  True
  True  True  True  True  True  True  True  True  True  True  True  True
  True  True  True  True  True  True  True  True  True  True  True  True
  True  True  True  True  True  True  True  True  True  True  True  True
  True  True  True  True  True  True  True  True  True  True  True  True
  True  True  True  True  True  True  True  True  True  True  True  True
  True  True  True  True  True  True  True  True  True  True  True  True
  True  True  True  True  True  True  True  True  True  True  True  True
  True  True  True  True  True  True  True  True  True  True  True  True
  True  True  True  True  True  True  True  True  True  True  True  True
  True  True  True  True  True  True  True  True  True  True  True  True
  True  True  True  True  True  True  True  True  True  True  True  True
  True  True  True  True  True  True  True  True]
段内真实异常时间点索引 (相对段内): [  0   1   2   3   4   5   6   7   8   9  10  11  12  13  14  15  16  17
  18  19  20  21  22  23  24  25  26  27  28  29  30  31  32  33  34  35
  36  37  38  39  40  41  42  43  44  45  46  47  48  49  50  51  52  53
  54  55  56  57  58  59  60  61  62  63  64  65  66  67  68  69  70  71
  72  73  74  75  76  77  78  79  80  81  82  83  84  85  86  87  88  89
  90  91  92  93  94  95  96  97  98  99 100 101 102 103 104 105 106 107
 108 109 110 111 112 113 114 115 116 117 118 119 120 121 122 123 124 125
 126 127 128 129 130 131 132 133 134 135 136 137 138 139 140 141 142 143
 144 145 146 147 148 149 150 151 152 153 154 155 156 157 158 159 160 161
 162 163 164 165 166 167 168 169 170 171 172 173 174 175 176 177 178 179
 180 181 182 183 184 185 186 187 188 189 190 191 192 193 194 195 196 197
 198 199 200 201 202 203 204 205 206 207 208 209 210 211 212 213 214 215
 216 217 218 219 220 221 222 223 224 225 226 227 228 229 230 231 232 233
 234 235 236 237 238 239 240 241 242 243 244 245 246 247 248 249 250 251
 252 253 254 255 256 257 258 259 260 261 262 263 264 265 266 267 268 269
 270 271 272 273 274 275 276 277 278 279 280 281 282 283 284 285 286 287
 288 289 290 291 292 293 294 295 296 297 298 299 300 301 302 303 304 305
 306 307 308 309 310 311 312 313 314 315 316 317 318 319 320 321 322 323
 324 325 326 327 328 329 330 331 332 333 334 335 336 337 338 339 340 341
 342 343 344 345 346 347 348 349 350 351 352 353 354 355 356 357 358 359
 360 361 362 363 364 365 366 367 368 369 370 371 372 373 374 375 376 377
 378 379 380 381 382 383 384 385 386 387 388 389 390 391 392 393 394 395
 396 397 398 399 400 401 402 403 404 405 406 407 408 409 410 411 412 413
 414 415 416 417 418 419 420 421 422 423 424 425 426 427 428 429 430 431
 432 433 434 435 436 437 438 439 440 441 442 443 444 445 446 447 448 449
 450 451]
段内是否有预测为异常的时间点: True
真实异常维度 (0-based): [8, 9, 23, 25]
段内检测到的异常时间点索引 (相对段内): [  0   1   2   3   4   5   6   7   8   9  10  11  12  13  14  15  16  17
  18  19  20  21  22  23  24  25  26  27  28  29  30  31  32  33  34  35
  36  37  38  39  40  41  42  43  44  45  46  47  48  49  50  51  52  53
  54  55  56  57  58  59  60  61  62  63  64  65  66  67  68  69  70  71
  72  73  74  75  76  77  78  79  80  81  82  83  84  85  86  87  88  89
  90  91  92  93  94  95  96  97  98  99 100 101 102 103 104 105 106 107
 108 109 110 111 112 113 114 115 116 117 118 119 120 121 122 123 124 125
 126 127 128 129 130 131 132 133 134 135 136 137 138 139 140 141 142 143
 144 145 146 147 148 149 150 151 152 153 154 155 156 157 158 159 160 161
 162 163 164 165 166 167 168 169 170 171 172 173 174 175 176 177 178 179
 180 181 182 183 184 185 186 187 188 189 190 191 192 193 194 195 196 197
 198 199 200 201 202 203 204 205 206 207 208 209 210 211 212 213 214 215
 216 217 218 219 220 221 222 223 224 225 226 227 228 229 230 231 232 233
 234 235 236 237 238 239 240 241 242 243 244 245 246 247 248 249 250 251
 252 253 254 255 256 257 258 259 260 261 262 263 264 265 266 267 268 269
 270 271 272 273 274 275 276 277 278 279 280 281 282 283 284 285 286 287
 288 289 290 291 292 293 294 295 296 297 298 299 300 301 302 303 304 305
 306 307 308 309 310 311 312 313 314 315 316 317 318 319 320 321 322 323
 324 325 326 327 328 329 330 331 332 333 334 335 336 337 338 339 340 341
 342 343 344 345 346 347 348 349 350 351 352 353 354 355 356 357 358 359
 360 361 362 363 364 365 366 367 368 369 370 371 372 373 374 375 376 377
 378 379 380 381 382 383 384 385 386 387 388 389 390 391 392 393 394 395
 396 397 398 399 400 401 402 403 404 405 406 407 408 409 410 411 412 413
 414 415 416 417 418 419 420 421 422 423 424 425 426 427 428 429 430 431
 432 433 434 435 436 437 438 439 440 441 442 443 444 445 446 447 448 449
 450 451]
推断的异常维度 (0-based): [7, 16, 17, 26, 28, 36, 37]
真实与推断的交集: []
段内指标: TP=0, FP=7, FN=4, TN=27, IPS=0.0000

=== 处理第 7/13 段 ===
段范围: start=17266, end=17282
段内真实标签 (seg_true): [1. 1. 1. 1. 1. 1. 1. 1. 1. 1. 1. 1. 1. 1. 1. 1. 1.]
段内预测标签 (seg_pred): [ True  True  True  True  True  True  True  True  True  True  True  True
  True  True  True  True  True]
段内真实异常时间点索引 (相对段内): [ 0  1  2  3  4  5  6  7  8  9 10 11 12 13 14 15 16]
段内是否有预测为异常的时间点: True
真实异常维度 (0-based): [0, 1, 2, 3, 8, 13, 14, 15, 17, 23, 25]
段内检测到的异常时间点索引 (相对段内): [ 0  1  2  3  4  5  6  7  8  9 10 11 12 13 14 15 16]
推断的异常维度 (0-based): [7, 8, 9, 10, 11, 12, 16, 17, 26, 28, 29, 32, 36, 37]
真实与推断的交集: [8, 17]
段内指标: TP=2, FP=12, FN=9, TN=15, IPS=0.1818

=== 处理第 8/13 段 ===
段范围: start=17896, end=17928
段内真实标签 (seg_true): [1. 1. 1. 1. 1. 1. 1. 1. 1. 1. 1. 1. 1. 1. 1. 1. 1. 1. 1. 1. 1. 1. 1. 1.
 1. 1. 1. 1. 1. 1. 1. 1. 1.]
段内预测标签 (seg_pred): [ True  True  True  True  True  True  True  True  True  True  True  True
  True  True  True  True  True  True  True  True  True  True  True  True
  True  True  True  True  True  True  True  True  True]
段内真实异常时间点索引 (相对段内): [ 0  1  2  3  4  5  6  7  8  9 10 11 12 13 14 15 16 17 18 19 20 21 22 23
 24 25 26 27 28 29 30 31 32]
段内是否有预测为异常的时间点: True
真实异常维度 (0-based): [8, 9, 10, 12, 14]
段内检测到的异常时间点索引 (相对段内): [ 0  1  2  3  4  5  6  7  8  9 10 11 12 13 14 15 16 17 18 19 20 21 22 23
 24 25 26 27 28 29 30 31 32]
推断的异常维度 (0-based): [7, 10, 17, 26, 36, 37]
真实与推断的交集: [10]
段内指标: TP=1, FP=5, FN=4, TN=28, IPS=0.2000

=== 处理第 9/13 段 ===
段范围: start=18476, end=18550
段内真实标签 (seg_true): [1. 1. 1. 1. 1. 1. 1. 1. 1. 1. 1. 1. 1. 1. 1. 1. 1. 1. 1. 1. 1. 1. 1. 1.
 1. 1. 1. 1. 1. 1. 1. 1. 1. 1. 1. 1. 1. 1. 1. 1. 1. 1. 1. 1. 1. 1. 1. 1.
 1. 1. 1. 1. 1. 1. 1. 1. 1. 1. 1. 1. 1. 1. 1. 1. 1. 1. 1. 1. 1. 1. 1. 1.
 1. 1. 1.]
段内预测标签 (seg_pred): [False False False False False False False False False False False False
 False False False False False False False False False False False False
 False False False False False False False False False False False False
 False False False False False False False False False False False False
 False False False False False False False False False False False False
 False False False False False False False False False False False False
 False False False]
段内真实异常时间点索引 (相对段内): [ 0  1  2  3  4  5  6  7  8  9 10 11 12 13 14 15 16 17 18 19 20 21 22 23
 24 25 26 27 28 29 30 31 32 33 34 35 36 37 38 39 40 41 42 43 44 45 46 47
 48 49 50 51 52 53 54 55 56 57 58 59 60 61 62 63 64 65 66 67 68 69 70 71
 72 73 74]
段内是否有预测为异常的时间点: False
真实异常维度 (0-based): [0, 18, 19, 20, 21]
段内检测到的异常时间点索引 (相对段内): []
未检测到任何异常点，尝试从特征分数中推断异常维度
推断的异常维度 (0-based): [7, 16, 17, 26, 28, 36, 37]
真实与推断的交集: []
段内指标: TP=0, FP=7, FN=5, TN=26, IPS=0.0000

=== 处理第 10/13 段 ===
段范围: start=19921, end=19936
段内真实标签 (seg_true): [1. 1. 1. 1. 1. 1. 1. 1. 1. 1. 1. 1. 1. 1. 1. 1.]
段内预测标签 (seg_pred): [ True  True  True  True  True  True  True  True  True  True  True  True
  True  True  True  True]
段内真实异常时间点索引 (相对段内): [ 0  1  2  3  4  5  6  7  8  9 10 11 12 13 14 15]
段内是否有预测为异常的时间点: True
真实异常维度 (0-based): [0, 5, 6]
段内检测到的异常时间点索引 (相对段内): [ 0  1  2  3  4  5  6  7  8  9 10 11 12 13 14 15]
推断的异常维度 (0-based): [7, 26, 36]
真实与推断的交集: []
段内指标: TP=0, FP=3, FN=3, TN=32, IPS=0.0000

=== 处理第 11/13 段 ===
段范围: start=20241, end=20252
段内真实标签 (seg_true): [1. 1. 1. 1. 1. 1. 1. 1. 1. 1. 1. 1.]
段内预测标签 (seg_pred): [ True  True  True  True  True  True  True  True  True  True  True  True]
段内真实异常时间点索引 (相对段内): [ 0  1  2  3  4  5  6  7  8  9 10 11]
段内是否有预测为异常的时间点: True
真实异常维度 (0-based): [9, 12]
段内检测到的异常时间点索引 (相对段内): [ 0  1  2  3  4  5  6  7  8  9 10 11]
推断的异常维度 (0-based): [7, 26]
真实与推断的交集: []
段内指标: TP=0, FP=2, FN=2, TN=34, IPS=0.0000

=== 处理第 12/13 段 ===
段范围: start=20792, end=20812
段内真实标签 (seg_true): [1. 1. 1. 1. 1. 1. 1. 1. 1. 1. 1. 1. 1. 1. 1. 1. 1. 1. 1. 1. 1.]
段内预测标签 (seg_pred): [ True  True  True  True  True  True  True  True  True  True  True  True
  True  True  True  True  True  True  True  True  True]
段内真实异常时间点索引 (相对段内): [ 0  1  2  3  4  5  6  7  8  9 10 11 12 13 14 15 16 17 18 19 20]
段内是否有预测为异常的时间点: True
真实异常维度 (0-based): [8, 9, 10, 12, 31]
段内检测到的异常时间点索引 (相对段内): [ 0  1  2  3  4  5  6  7  8  9 10 11 12 13 14 15 16 17 18 19 20]
推断的异常维度 (0-based): [7, 16, 26, 36, 37]
真实与推断的交集: []
段内指标: TP=0, FP=5, FN=5, TN=28, IPS=0.0000

=== 处理第 13/13 段 ===
段范围: start=22808, end=23195
段内真实标签 (seg_true): [1. 1. 1. 1. 1. 1. 1. 1. 1. 1. 1. 1. 1. 1. 1. 1. 1. 1. 1. 1. 1. 1. 1. 1.
 1. 1. 1. 1. 1. 1. 1. 1. 1. 1. 1. 1. 1. 1. 1. 1. 1. 1. 1. 1. 1. 1. 1. 1.
 1. 1. 1. 1. 1. 1. 1. 1. 1. 1. 1. 1. 1. 1. 1. 1. 1. 1. 1. 1. 1. 1. 1. 1.
 1. 1. 1. 1. 1. 1. 1. 1. 1. 1. 1. 1. 1. 1. 1. 1. 1. 1. 1. 1. 1. 1. 1. 1.
 1. 1. 1. 1. 1. 1. 1. 1. 1. 1. 1. 1. 1. 1. 1. 1. 1. 1. 1. 1. 1. 1. 1. 1.
 1. 1. 1. 1. 1. 1. 1. 1. 1. 1. 1. 1. 1. 1. 1. 1. 1. 1. 1. 1. 1. 1. 1. 1.
 1. 1. 1. 1. 1. 1. 1. 1. 1. 1. 1. 1. 1. 1. 1. 1. 1. 1. 1. 1. 1. 1. 1. 1.
 1. 1. 1. 1. 1. 1. 1. 1. 1. 1. 1. 1. 1. 1. 1. 1. 1. 1. 1. 1. 1. 1. 1. 1.
 1. 1. 1. 1. 1. 1. 1. 1. 1. 1. 1. 1. 1. 1. 1. 1. 1. 1. 1. 1. 1. 1. 1. 1.
 1. 1. 1. 1. 1. 1. 1. 1. 1. 1. 1. 1. 1. 1. 1. 1. 1. 1. 1. 1. 1. 1. 1. 1.
 1. 1. 1. 1. 1. 1. 1. 1. 1. 1. 1. 1. 1. 1. 1. 1. 1. 1. 1. 1. 1. 1. 1. 1.
 1. 1. 1. 1. 1. 1. 1. 1. 1. 1. 1. 1. 1. 1. 1. 1. 1. 1. 1. 1. 1. 1. 1. 1.
 1. 1. 1. 1. 1. 1. 1. 1. 1. 1. 1. 1. 1. 1. 1. 1. 1. 1. 1. 1. 1. 1. 1. 1.
 1. 1. 1. 1. 1. 1. 1. 1. 1. 1. 1. 1. 1. 1. 1. 1. 1. 1. 1. 1. 1. 1. 1. 1.
 1. 1. 1. 1. 1. 1. 1. 1. 1. 1. 1. 1. 1. 1. 1. 1. 1. 1. 1. 1. 1. 1. 1. 1.
 1. 1. 1. 1. 1. 1. 1. 1. 1. 1. 1. 1. 1. 1. 1. 1. 1. 1. 1. 1. 1. 1. 1. 1.
 1. 1. 1. 1.]
段内预测标签 (seg_pred): [ True  True  True  True  True  True  True  True  True  True  True  True
  True  True  True  True  True  True  True  True  True  True  True  True
  True  True  True  True  True  True  True  True  True  True  True  True
  True  True  True  True  True  True  True  True  True  True  True  True
  True  True  True  True  True  True  True  True  True  True  True  True
  True  True  True  True  True  True  True  True  True  True  True  True
  True  True  True  True  True  True  True  True  True  True  True  True
  True  True  True  True  True  True  True  True  True  True  True  True
  True  True  True  True  True  True  True  True  True  True  True  True
  True  True  True  True  True  True  True  True  True  True  True  True
  True  True  True  True  True  True  True  True  True  True  True  True
  True  True  True  True  True  True  True  True  True  True  True  True
  True  True  True  True  True  True  True  True  True  True  True  True
  True  True  True  True  True  True  True  True  True  True  True  True
  True  True  True  True  True  True  True  True  True  True  True  True
  True  True  True  True  True  True  True  True  True  True  True  True
  True  True  True  True  True  True  True  True  True  True  True  True
  True  True  True  True  True  True  True  True  True  True  True  True
  True  True  True  True  True  True  True  True  True  True  True  True
  True  True  True  True  True  True  True  True  True  True  True  True
  True  True  True  True  True  True  True  True  True  True  True  True
  True  True  True  True  True  True  True  True  True  True  True  True
  True  True  True  True  True  True  True  True  True  True  True  True
  True  True  True  True  True  True  True  True  True  True  True  True
  True  True  True  True  True  True  True  True  True  True  True  True
  True  True  True  True  True  True  True  True  True  True  True  True
  True  True  True  True  True  True  True  True  True  True  True  True
  True  True  True  True  True  True  True  True  True  True  True  True
  True  True  True  True  True  True  True  True  True  True  True  True
  True  True  True  True  True  True  True  True  True  True  True  True
  True  True  True  True  True  True  True  True  True  True  True  True
  True  True  True  True  True  True  True  True  True  True  True  True
  True  True  True  True]
段内真实异常时间点索引 (相对段内): [  0   1   2   3   4   5   6   7   8   9  10  11  12  13  14  15  16  17
  18  19  20  21  22  23  24  25  26  27  28  29  30  31  32  33  34  35
  36  37  38  39  40  41  42  43  44  45  46  47  48  49  50  51  52  53
  54  55  56  57  58  59  60  61  62  63  64  65  66  67  68  69  70  71
  72  73  74  75  76  77  78  79  80  81  82  83  84  85  86  87  88  89
  90  91  92  93  94  95  96  97  98  99 100 101 102 103 104 105 106 107
 108 109 110 111 112 113 114 115 116 117 118 119 120 121 122 123 124 125
 126 127 128 129 130 131 132 133 134 135 136 137 138 139 140 141 142 143
 144 145 146 147 148 149 150 151 152 153 154 155 156 157 158 159 160 161
 162 163 164 165 166 167 168 169 170 171 172 173 174 175 176 177 178 179
 180 181 182 183 184 185 186 187 188 189 190 191 192 193 194 195 196 197
 198 199 200 201 202 203 204 205 206 207 208 209 210 211 212 213 214 215
 216 217 218 219 220 221 222 223 224 225 226 227 228 229 230 231 232 233
 234 235 236 237 238 239 240 241 242 243 244 245 246 247 248 249 250 251
 252 253 254 255 256 257 258 259 260 261 262 263 264 265 266 267 268 269
 270 271 272 273 274 275 276 277 278 279 280 281 282 283 284 285 286 287
 288 289 290 291 292 293 294 295 296 297 298 299 300 301 302 303 304 305
 306 307 308 309 310 311 312 313 314 315 316 317 318 319 320 321 322 323
 324 325 326 327 328 329 330 331 332 333 334 335 336 337 338 339 340 341
 342 343 344 345 346 347 348 349 350 351 352 353 354 355 356 357 358 359
 360 361 362 363 364 365 366 367 368 369 370 371 372 373 374 375 376 377
 378 379 380 381 382 383 384 385 386 387]
段内是否有预测为异常的时间点: True
真实异常维度 (0-based): [0, 1, 2, 3, 4, 5, 6, 8, 9, 10, 11, 12, 13, 15, 16, 18, 19, 20, 21, 22, 23, 24, 25, 27, 30, 31, 34, 35]
段内检测到的异常时间点索引 (相对段内): [  0   1   2   3   4   5   6   7   8   9  10  11  12  13  14  15  16  17
  18  19  20  21  22  23  24  25  26  27  28  29  30  31  32  33  34  35
  36  37  38  39  40  41  42  43  44  45  46  47  48  49  50  51  52  53
  54  55  56  57  58  59  60  61  62  63  64  65  66  67  68  69  70  71
  72  73  74  75  76  77  78  79  80  81  82  83  84  85  86  87  88  89
  90  91  92  93  94  95  96  97  98  99 100 101 102 103 104 105 106 107
 108 109 110 111 112 113 114 115 116 117 118 119 120 121 122 123 124 125
 126 127 128 129 130 131 132 133 134 135 136 137 138 139 140 141 142 143
 144 145 146 147 148 149 150 151 152 153 154 155 156 157 158 159 160 161
 162 163 164 165 166 167 168 169 170 171 172 173 174 175 176 177 178 179
 180 181 182 183 184 185 186 187 188 189 190 191 192 193 194 195 196 197
 198 199 200 201 202 203 204 205 206 207 208 209 210 211 212 213 214 215
 216 217 218 219 220 221 222 223 224 225 226 227 228 229 230 231 232 233
 234 235 236 237 238 239 240 241 242 243 244 245 246 247 248 249 250 251
 252 253 254 255 256 257 258 259 260 261 262 263 264 265 266 267 268 269
 270 271 272 273 274 275 276 277 278 279 280 281 282 283 284 285 286 287
 288 289 290 291 292 293 294 295 296 297 298 299 300 301 302 303 304 305
 306 307 308 309 310 311 312 313 314 315 316 317 318 319 320 321 322 323
 324 325 326 327 328 329 330 331 332 333 334 335 336 337 338 339 340 341
 342 343 344 345 346 347 348 349 350 351 352 353 354 355 356 357 358 359
 360 361 362 363 364 365 366 367 368 369 370 371 372 373 374 375 376 377
 378 379 380 381 382 383 384 385 386 387]
推断的异常维度 (0-based): [0, 1, 2, 3, 4, 5, 6, 7, 8, 9, 10, 11, 12, 13, 14, 15, 16, 17, 18, 19, 20, 21, 22, 23, 24, 25, 26, 27, 28, 29, 30, 31, 32, 33, 34, 35, 36, 37]
真实与推断的交集: [0, 1, 2, 3, 4, 5, 6, 8, 9, 10, 11, 12, 13, 15, 16, 18, 19, 20, 21, 22, 23, 24, 25, 27, 30, 31, 34, 35]
段内指标: TP=28, FP=10, FN=0, TN=0, IPS=1.0000

=== 汇总指标 ===
总 TP: 33, 总 TN: 330, 总 FP: 76, 总 FN: 55
平均 IPS: 0.3511, Precision: 0.3028, Recall: 0.3750, F1: 0.3350
每段IPS与混淆: [{'start': 6407, 'end': 6428, 'TP': 0, 'TN': 28, 'FP': 5, 'FN': 5, 'IPS': 0.0, 'k_selected': 5, 'gt_dims_count': 5}, {'start': 7808, 'end': 7861, 'TP': 0, 'TN': 27, 'FP': 6, 'FN': 5, 'IPS': 0.0, 'k_selected': 5, 'gt_dims_count': 5}, {'start': 9241, 'end': 9286, 'TP': 2, 'TN': 25, 'FP': 6, 'FN': 5, 'IPS': 0.2857142857142857, 'k_selected': 7, 'gt_dims_count': 7}, {'start': 9680, 'end': 9705, 'TP': 0, 'TN': 32, 'FP': 3, 'FN': 3, 'IPS': 0.0, 'k_selected': 3, 'gt_dims_count': 3}, {'start': 12074, 'end': 12081, 'TP': 0, 'TN': 28, 'FP': 5, 'FN': 5, 'IPS': 0.0, 'k_selected': 5, 'gt_dims_count': 5}, {'start': 16037, 'end': 16488, 'TP': 0, 'TN': 27, 'FP': 7, 'FN': 4, 'IPS': 0.0, 'k_selected': 4, 'gt_dims_count': 4}, {'start': 17266, 'end': 17282, 'TP': 2, 'TN': 15, 'FP': 12, 'FN': 9, 'IPS': 0.18181818181818182, 'k_selected': 11, 'gt_dims_count': 11}, {'start': 17896, 'end': 17928, 'TP': 1, 'TN': 28, 'FP': 5, 'FN': 4, 'IPS': 0.2, 'k_selected': 5, 'gt_dims_count': 5}, {'start': 18476, 'end': 18550, 'TP': 0, 'TN': 26, 'FP': 7, 'FN': 5, 'IPS': 0.0, 'k_selected': 5, 'gt_dims_count': 5}, {'start': 19921, 'end': 19936, 'TP': 0, 'TN': 32, 'FP': 3, 'FN': 3, 'IPS': 0.0, 'k_selected': 3, 'gt_dims_count': 3}, {'start': 20241, 'end': 20252, 'TP': 0, 'TN': 34, 'FP': 2, 'FN': 2, 'IPS': 0.0, 'k_selected': 2, 'gt_dims_count': 2}, {'start': 20792, 'end': 20812, 'TP': 0, 'TN': 28, 'FP': 5, 'FN': 5, 'IPS': 0.0, 'k_selected': 5, 'gt_dims_count': 5}, {'start': 22808, 'end': 23195, 'TP': 28, 'TN': 0, 'FP': 10, 'FN': 0, 'IPS': 1.0, 'k_selected': 28, 'gt_dims_count': 28}]
总和: {'TP': 33, 'TN': 330, 'FP': 76, 'FN': 55, 'IPS': 0.35113997113997114, 'precision': 0.30275229357798167, 'recall': 0.375, 'F1': 0.33502538071065996}
test end time:  2025-06-12 01:33:12
test time:  283.8171133995056
==============================result==============================
{'FN': 0.0,
 'FP': 140.0,
 'TN': 22285.0,
 'TP': 1170.0,
 'best-f1': 0.9435433954477629,
 'best_valid_loss': -68.24333192061071,
 'latency': 16.153721894446967,
 'pot-FN': 75.0,
 'pot-FP': 129.0,
 'pot-TN': 22296.0,
 'pot-TP': 1095.0,
 'pot-f1': 0.9147819623474706,
 'pot-latency': 11.91656736193865,
 'pot-precision': 0.8946078358283673,
 'pot-recall': 0.9358974278983127,
 'pot-threshold': -68.94588953230188,
 'precision': 0.893129764174582,
 'pred_time': 0.29001949601254223,
 'pred_total_time': 137.16791677474976,
 'recall': 0.9999999914529916,
 'segment_results': [{'FN': 5,
                      'FP': 5,
                      'IPS': 0.0,
                      'TN': 28,
                      'TP': 0,
                      'end': 6428,
                      'gt_dims_count': 5,
                      'k_selected': 5,
                      'start': 6407},
                     {'FN': 5,
                      'FP': 6,
                      'IPS': 0.0,
                      'TN': 27,
                      'TP': 0,
                      'end': 7861,
                      'gt_dims_count': 5,
                      'k_selected': 5,
                      'start': 7808},
                     {'FN': 5,
                      'FP': 6,
                      'IPS': 0.2857142857142857,
                      'TN': 25,
                      'TP': 2,
                      'end': 9286,
                      'gt_dims_count': 7,
                      'k_selected': 7,
                      'start': 9241},
                     {'FN': 3,
                      'FP': 3,
                      'IPS': 0.0,
                      'TN': 32,
                      'TP': 0,
                      'end': 9705,
                      'gt_dims_count': 3,
                      'k_selected': 3,
                      'start': 9680},
                     {'FN': 5,
                      'FP': 5,
                      'IPS': 0.0,
                      'TN': 28,
                      'TP': 0,
                      'end': 12081,
                      'gt_dims_count': 5,
                      'k_selected': 5,
                      'start': 12074},
                     {'FN': 4,
                      'FP': 7,
                      'IPS': 0.0,
                      'TN': 27,
                      'TP': 0,
                      'end': 16488,
                      'gt_dims_count': 4,
                      'k_selected': 4,
                      'start': 16037},
                     {'FN': 9,
                      'FP': 12,
                      'IPS': 0.18181818181818182,
                      'TN': 15,
                      'TP': 2,
                      'end': 17282,
                      'gt_dims_count': 11,
                      'k_selected': 11,
                      'start': 17266},
                     {'FN': 4,
                      'FP': 5,
                      'IPS': 0.2,
                      'TN': 28,
                      'TP': 1,
                      'end': 17928,
                      'gt_dims_count': 5,
                      'k_selected': 5,
                      'start': 17896},
                     {'FN': 5,
                      'FP': 7,
                      'IPS': 0.0,
                      'TN': 26,
                      'TP': 0,
                      'end': 18550,
                      'gt_dims_count': 5,
                      'k_selected': 5,
                      'start': 18476},
                     {'FN': 3,
                      'FP': 3,
                      'IPS': 0.0,
                      'TN': 32,
                      'TP': 0,
                      'end': 19936,
                      'gt_dims_count': 3,
                      'k_selected': 3,
                      'start': 19921},
                     {'FN': 2,
                      'FP': 2,
                      'IPS': 0.0,
                      'TN': 34,
                      'TP': 0,
                      'end': 20252,
                      'gt_dims_count': 2,
                      'k_selected': 2,
                      
'start': 20241},
                     {'FN': 5,
                      'FP': 5,
                      'IPS': 0.0,
                      'TN': 28,
                      'TP': 0,
                      'end': 20812,
                      'gt_dims_count': 5,
                      'k_selected': 5,
                      'start': 20792},
                     {'FN': 0,
                      'FP': 10,
                      'IPS': 1.0,
                      'TN': 0,
                      'TP': 28,
                      'end': 23195,
                      'gt_dims_count': 28,
                      'k_selected': 28,
                      'start': 22808}],
 'segment_summary': {'F1': 0.33502538071065996,
                     'FN': 55,
                     'FP': 76,
                     'IPS': 0.35113997113997114,
                     'TN': 330,
                     'TP': 33,
                     'precision': 0.30275229357798167,
                     'recall': 0.375},
 'threshold': -63.0,
 'train_time': 306.4616894960403,
 'valid_time': 0.28703898762134794}
