2025-06-12 05:24:27.342119: I tensorflow/core/platform/cpu_feature_guard.cc:141] Your CPU supports instructions that this TensorFlow binary was not compiled to use: AVX2 AVX512F FMA
Configurations
===========================================
{'batch_size': 50,
 'bf_search_max': 400.0,
 'bf_search_min': -400.0,
 'bf_search_step_size': 1.0,
 'dataset': 'machine-2-8',
 'dense_dim': 500,
 'early_stop': True,
 'get_score_on_dim': True,
 'gradient_clip_norm': 10.0,
 'initial_lr': 0.001,
 'l2_reg': 0.0001,
 'level': 0.005,
 'lr_anneal_epoch_freq': 40,
 'lr_anneal_factor': 0.5,
 'lr_anneal_step_freq': None,
 'max_epoch': 10,
 'max_test_size': None,
 'max_train_size': None,
 'nf_layers': 20,
 'posterior_flow_type': 'nf',
 'restore_dir': None,
 'result_dir': 'result',
 'rnn_cell': 'GRU',
 'rnn_num_hidden': 500,
 'save_dir': 'model',
 'save_z': False,
 'std_epsilon': 0.0001,
 'test_batch_size': 50,
 'test_n_z': 1,
 'test_score_filename': 'test_score.pkl',
 'test_start': 0,
 'train_score_filename': 'train_score.pkl',
 'train_start': 0,
 'use_connected_z_p': True,
 'use_connected_z_q': True,
 'valid_step_freq': 100,
 'window_length': 100,
 'x_dim': 38,
 'z_dim': 3}

train start time:  2025-06-12 05:24:10
load data of: machine-2-8
train:  0 None
test:  0 None
Data normalized
Data normalized
train set shape:  (23702, 38)
test set shape:  (23703, 38)
test set label shape:  (23703,)
Trainable Parameters                                            (2,607,740 in total)
------------------------------------------------------------------------------------
model/q_z_given_x/rnn_q_z/rnn/gru_cell/gates/kernel             (538, 1000)  538,000
model/q_z_given_x/rnn_q_z/rnn/gru_cell/gates/bias               (1000,)        1,000
model/q_z_given_x/rnn_q_z/rnn/gru_cell/candidate/kernel         (538, 500)   269,000
model/q_z_given_x/rnn_q_z/rnn/gru_cell/candidate/bias           (500,)           500
model/q_z_given_x/rnn_q_z/dense/kernel                          (500, 500)   250,000
model/q_z_given_x/rnn_q_z/dense/bias                            (500,)           500
model/q_z_given_x/rnn_q_z/dense_1/kernel                        (500, 500)   250,000
model/q_z_given_x/rnn_q_z/dense_1/bias                          (500,)           500
model/vae/variational/z_mean/kernel                             (503, 3)       1,509
model/vae/variational/z_mean/bias                               (3,)               3
model/vae/variational/z_std/kernel                              (503, 3)       1,509
model/vae/variational/z_std/bias                                (3,)               3
model/posterior_flow/_0/w                                       (1, 3)             3
model/posterior_flow/_0/b                                       (1,)               1
model/posterior_flow/_0/u                                       (1, 3)             3
model/posterior_flow/_1/w                                       (1, 3)             3
model/posterior_flow/_1/b                                       (1,)               1
model/posterior_flow/_1/u                                       (1, 3)             3
model/posterior_flow/_2/w                                       (1, 3)             3
model/posterior_flow/_2/b                                       (1,)               1
model/posterior_flow/_2/u                                       (1, 3)             3
model/posterior_flow/_3/w                                       (1, 3)             3
model/posterior_flow/_3/b                                       (1,)               1
model/posterior_flow/_3/u                                       (1, 3)             3
model/posterior_flow/_4/w                                       (1, 3)             3
model/posterior_flow/_4/b                                       (1,)               1
model/posterior_flow/_4/u                                       (1, 3)             3
model/posterior_flow/_5/w                                       (1, 3)             3
model/posterior_flow/_5/b                                       (1,)               1
model/posterior_flow/_5/u                                       (1, 3)             3
model/posterior_flow/_6/w                                       (1, 3)             3
model/posterior_flow/_6/b                                       (1,)               1
model/posterior_flow/_6/u                                       (1, 3)             3
model/posterior_flow/_7/w                                       (1, 3)             3
model/posterior_flow/_7/b                                       (1,)               1
model/posterior_flow/_7/u                                       (1, 3)             3
model/posterior_flow/_8/w                                       (1, 3)             3
model/posterior_flow/_8/b                                       (1,)               1
model/posterior_flow/_8/u                                       (1, 3)             3
model/posterior_flow/_9/w                                       (1, 3)             3
model/posterior_flow/_9/b                                       (1,)               1
model/posterior_flow/_9/u                                       (1, 3)             3
model/posterior_flow/_10/w                                      (1, 3)             3
model/posterior_flow/_10/b                                      (1,)               1
model/posterior_flow/_10/u                                      (1, 3)             3
model/posterior_flow/_11/w                                      (1, 3)             3
model/posterior_flow/_11/b                                      (1,)               1
model/posterior_flow/_11/u                                      (1, 3)             3
model/posterior_flow/_12/w                                      (1, 3)             3
model/posterior_flow/_12/b                                      (1,)               1
model/posterior_flow/_12/u                                      (1, 3)             3
model/posterior_flow/_13/w                                      (1, 3)             3
model/posterior_flow/_13/b                                      (1,)               1
model/posterior_flow/_13/u                                      (1, 3)             3
model/posterior_flow/_14/w                                      (1, 3)             3
model/posterior_flow/_14/b                                      (1,)               1
model/posterior_flow/_14/u                                      (1, 3)             3
model/posterior_flow/_15/w                                      (1, 3)             3
model/posterior_flow/_15/b                                      (1,)               1
model/posterior_flow/_15/u                                      (1, 3)             3
model/posterior_flow/_16/w                                      (1, 3)             3
model/posterior_flow/_16/b                                      (1,)               1
model/posterior_flow/_16/u                                      (1, 3)             3
model/posterior_flow/_17/w                                      (1, 3)             3
model/posterior_flow/_17/b                                      (1,)               1
model/posterior_flow/_17/u                                      (1, 3)             3
model/posterior_flow/_18/w                                      (1, 3)             3
model/posterior_flow/_18/b                                      (1,)               1
model/posterior_flow/_18/u                                      (1, 3)             3
model/posterior_flow/_19/w                                      (1, 3)             3
model/posterior_flow/_19/b                                      (1,)               1
model/posterior_flow/_19/u                                      (1, 3)             3
model/p_x_given_z/hidden/rnn_p_x/rnn/gru_cell/gates/kernel      (503, 1000)  503,000
model/p_x_given_z/hidden/rnn_p_x/rnn/gru_cell/gates/bias        (1000,)        1,000
model/p_x_given_z/hidden/rnn_p_x/rnn/gru_cell/candidate/kernel  (503, 500)   251,500
model/p_x_given_z/hidden/rnn_p_x/rnn/gru_cell/candidate/bias    (500,)           500
model/p_x_given_z/hidden/rnn_p_x/dense/kernel                   (500, 500)   250,000
model/p_x_given_z/hidden/rnn_p_x/dense/bias                     (500,)           500
model/p_x_given_z/hidden/rnn_p_x/dense_1/kernel                 (500, 500)   250,000
model/p_x_given_z/hidden/rnn_p_x/dense_1/bias                   (500,)           500
model/p_x_given_z/x_mean/kernel                                 (500, 38)     19,000
model/p_x_given_z/x_mean/bias                                   (38,)             38
model/p_x_given_z/x_std/kernel                                  (500, 38)     19,000
model/p_x_given_z/x_std/bias                                    (38,)             38/home/hz/anaconda3/envs/py36/lib/python3.6/site-packages/tensorflow/python/framework/dtypes.py:523: FutureWarning: Passing (type, 1) or '1type' as a synonym of type is deprecated; in a future version of numpy, it will be understood as (type, (1,)) / '(1,)type'.
  _np_qint8 = np.dtype([("qint8", np.int8, 1)])
/home/hz/anaconda3/envs/py36/lib/python3.6/site-packages/tensorflow/python/framework/dtypes.py:524: FutureWarning: Passing (type, 1) or '1type' as a synonym of type is deprecated; in a future version of numpy, it will be understood as (type, (1,)) / '(1,)type'.
  _np_quint8 = np.dtype([("quint8", np.uint8, 1)])
/home/hz/anaconda3/envs/py36/lib/python3.6/site-packages/tensorflow/python/framework/dtypes.py:525: FutureWarning: Passing (type, 1) or '1type' as a synonym of type is deprecated; in a future version of numpy, it will be understood as (type, (1,)) / '(1,)type'.
  _np_qint16 = np.dtype([("qint16", np.int16, 1)])
/home/hz/anaconda3/envs/py36/lib/python3.6/site-packages/tensorflow/python/framework/dtypes.py:526: FutureWarning: Passing (type, 1) or '1type' as a synonym of type is deprecated; in a future version of numpy, it will be understood as (type, (1,)) / '(1,)type'.
  _np_quint16 = np.dtype([("quint16", np.uint16, 1)])
/home/hz/anaconda3/envs/py36/lib/python3.6/site-packages/tensorflow/python/framework/dtypes.py:527: FutureWarning: Passing (type, 1) or '1type' as a synonym of type is deprecated; in a future version of numpy, it will be understood as (type, (1,)) / '(1,)type'.
  _np_qint32 = np.dtype([("qint32", np.int32, 1)])
/home/hz/anaconda3/envs/py36/lib/python3.6/site-packages/tensorflow/python/framework/dtypes.py:532: FutureWarning: Passing (type, 1) or '1type' as a synonym of type is deprecated; in a future version of numpy, it will be understood as (type, (1,)) / '(1,)type'.
  np_resource = np.dtype([("resource", np.ubyte, 1)])
/home/hz/anaconda3/envs/py36/lib/python3.6/site-packages/tfsnippet/utils/tfver.py:22: DeprecationWarning: Function 'semver.compare' is deprecated. Deprecated since version 2.10.0.  This function will be removed in semver 3. Use the respective 'semver.VersionInfo.compare' instead.
  compare_result = semver.compare(version, tf.__version__)
/home/hz/anaconda3/envs/py36/lib/python3.6/site-packages/tfsnippet/utils/tfver.py:22: DeprecationWarning: Function 'semver.compare' is deprecated. Deprecated since version 2.10.0.  This function will be removed in semver 3. Use the respective 'semver.VersionInfo.compare' instead.
  compare_result = semver.compare(version, tf.__version__)
INFO:tensorflow:Restoring parameters from /tmp/tmpe4ygxtu7/variables.dat-2700
2025-06-12 06:16:50,169 [INFO] tensorflow: Restoring parameters from /tmp/tmpe4ygxtu7/variables.dat-2700


train_values: (16592, 38)
[Epoch 1/10, Step 100] step time: 1.186s (±4.866s); train time: 1m 12.08s; valid time: 46.59s; loss: 1.78766 (±175.732); valid loss: -26.598 (*)
[Epoch 1/10, Step 200] step time: 0.9701s (±4.278s); train time: 54.08s; valid time: 42.99s; loss: -38.3647 (±4.2437); valid loss: -27.2968 (*)
[Epoch 1/10, Step 300] step time: 0.9729s (±4.29s); train time: 54.2s; valid time: 43.14s; loss: -38.8541 (±20.8744); valid loss: -35.6259 (*)
train_values: (16592, 38)
[Epoch 2/10, Step 400, ETA 49m 18.94s] step time: 0.9637s (±4.268s); train time: 37.9s; valid time: 42.91s; loss: -43.1038 (±3.71302); valid loss: -36.3293 (*)
[Epoch 2/10, Step 500, ETA 47m 4.761s] step time: 0.9663s (±4.264s); train time: 53.81s; valid time: 42.87s; loss: -43.177 (±6.45184); valid loss: -37.3117 (*)
[Epoch 2/10, Step 600, ETA 45m 1.878s] step time: 0.9637s (±4.252s); train time: 53.67s; valid time: 42.75s; loss: -42.9217 (±9.11155); valid loss: -40.1444 (*)
train_values: (16592, 38)
[Epoch 3/10, Step 700, ETA 43m 5.538s] step time: 0.9606s (±4.17s); train time: 22.87s; valid time: 41.89s; loss: -45.5793 (±4.14342); valid loss: -37.439
[Epoch 3/10, Step 800, ETA 41m 12.48s] step time: 0.9552s (±4.135s); train time: 53.99s; valid time: 41.58s; loss: -45.8103 (±6.32503); valid loss: -28.6867
[Epoch 3/10, Step 900, ETA 39m 23.56s] step time: 0.9562s (±4.172s); train time: 53.74s; valid time: 41.93s; loss: -45.522 (±4.56679); valid loss: -39.0606
train_values: (16592, 38)
[Epoch 4/10, Step 1000, ETA 37m 40.16s] step time: 0.9685s (±4.277s); train time: 7.046s; valid time: 42.98s; loss: -45.9353 (±4.8686); valid loss: -42.7541 (*)
[Epoch 4/10, Step 1100, ETA 35m 54.75s] step time: 0.9527s (±4.131s); train time: 53.8s; valid time: 41.52s; loss: -45.0257 (±12.0305); valid loss: -39.9319
[Epoch 4/10, Step 1200, ETA 34m 11.35s] step time: 0.9546s (±4.134s); train time: 53.96s; valid time: 41.56s; loss: -47.4289 (±3.70167); valid loss: -40.4017
[Epoch 4/10, Step 1300, ETA 32m 30.18s] step time: 0.9612s (±4.26s); train time: 53.37s; valid time: 42.8s; loss: -48.8989 (±4.24214); valid loss: -43.9897 (*)
train_values: (16592, 38)
[Epoch 5/10, Step 1400, ETA 30m 49.13s] step time: 0.9566s (±4.16s); train time: 45.27s; valid time: 41.82s; loss: -48.382 (±6.61997); valid loss: -38.1738
[Epoch 5/10, Step 1500, ETA 29m 9.357s] step time: 0.9616s (±4.268s); train time: 53.32s; valid time: 42.89s; loss: -50.4288 (±4.1391); valid loss: -44.0607 (*)
[Epoch 5/10, Step 1600, ETA 27m 29.29s] step time: 0.9546s (±4.164s); train time: 53.67s; valid time: 41.85s; loss: -50.8628 (±3.53205); valid loss: -39.9948
train_values: (16592, 38)
[Epoch 6/10, Step 1700, ETA 25m 50.65s] step time: 0.9639s (±4.284s); train time: 29.27s; valid time: 43.05s; loss: -50.1751 (±4.91462); valid loss: -45.2482 (*)
[Epoch 6/10, Step 1800, ETA 24m 11.23s] step time: 0.9518s (±4.139s); train time: 53.65s; valid time: 41.59s; loss: -50.9769 (±5.8707); valid loss: -30.3244
[Epoch 6/10, Step 1900, ETA 22m 32.26s] step time: 0.9519s (±4.157s); train time: 53.45s; valid time: 41.8s; loss: -51.5586 (±4.59785); valid loss: -29.6411
train_values: (16592, 38)
[Epoch 7/10, Step 2000, ETA 20m 54.53s] step time: 0.9651s (±4.259s); train time: 13.88s; valid time: 42.81s; loss: -53.9281 (±5.05572); valid loss: -46.2107 (*)
[Epoch 7/10, Step 2100, ETA 19m 16.61s] step time: 0.9601s (±4.245s); train time: 53.4s; valid time: 42.66s; loss: -54.5482 (±4.36341); valid loss: -47.9201 (*)
[Epoch 7/10, Step 2200, ETA 17m 38.7s] step time: 0.9569s (±4.17s); train time: 53.84s; valid time: 41.91s; loss: -56.5708 (±3.68359); valid loss: -45.2635
[Epoch 7/10, Step 2300, ETA 16m 0.7803s] step time: 0.9524s (±4.128s); train time: 53.78s; valid time: 41.51s; loss: -56.798 (±4.53114); valid loss: -40.5226
train_values: (16592, 38)
[Epoch 8/10, Step 2400, ETA 14m 22.94s] step time: 0.9483s (±4.24s); train time: 50.74s; valid time: 42.57s; loss: -57.1961 (±5.02597); valid loss: -49.8214 (*)
[Epoch 8/10, Step 2500, ETA 12m 45.39s] step time: 0.9504s (±4.113s); train time: 53.76s; valid time: 41.34s; loss: -56.9194 (±4.21645); valid loss: -48.4471
[Epoch 8/10, Step 2600, ETA 11m 8.136s] step time: 0.9543s (±4.138s); train time: 53.89s; valid time: 41.59s; loss: -59.7427 (±3.89911); valid loss: -46.0001
train_values: (16592, 38)
[Epoch 9/10, Step 2700, ETA 9m 31.29s] step time: 0.9667s (±4.295s); train time: 36.29s; valid time: 43.18s; loss: -59.9824 (±3.73766); valid loss: -53.1449 (*)
[Epoch 9/10, Step 2800, ETA 7m 54.07s] step time: 0.9453s (±4.126s); train time: 53.12s; valid time: 41.47s; loss: -57.0329 (±4.12686); valid loss: -40.9333
[Epoch 9/10, Step 2900, ETA 6m 17.15s] step time: 0.9544s (±4.148s); train time: 53.8s; valid time: 41.7s; loss: -57.2941 (±4.90242); valid loss: -48.9092
train_values: (16592, 38)
[Epoch 10/10, Step 3000, ETA 4m 40.3s] step time: 0.9509s (±4.127s); train time: 21s; valid time: 41.46s; loss: -58.8732 (±4.39468); valid loss: -51.504
[Epoch 10/10, Step 3100, ETA 3m 3.586s] step time: 0.9566s (±4.157s); train time: 53.93s; valid time: 41.79s; loss: -57.47 (±4.10753); valid loss: -49.9253
[Epoch 10/10, Step 3200, ETA 1m 26.94s] step time: 0.9595s (±4.175s); train time: 54.03s; valid time: 41.97s; loss: -59.0438 (±4.17473); valid loss: -50.8643
train end time:  2025-06-12 06:16:50
train time:  3160.17027926445
test start time:  2025-06-12 06:16:50
------------------------------ testing ------------------------------
test_score shape:  (23604, 38)
test_z shape:  (23604, 100, 6)
search range:  -400.0 400.0
cur thr:  -399.0 [0.13158847129365622, 0.07042869610486134, 0.9999999378882026, 161.0, 21318.0, 2125.0, 0.0, 4.999500049995] [0.13158847129365622, 0.07042869610486134, 0.9999999378882026, 161.0, 21318.0, 2125.0, 0.0, 4.999500049995] -399.0
cur thr:  -349.0 [0.10471445415489979, 0.05525051456674497, 0.9999999378882026, 161.0, 20690.0, 2753.0, 0.0, 4.999500049995] [0.13158847129365622, 0.07042869610486134, 0.9999999378882026, 161.0, 21318.0, 2125.0, 0.0, 4.999500049995] -399.0
cur thr:  -299.0 [0.07326436780914211, 0.03802550770423829, 0.9999999378882026, 161.0, 19370.0, 4073.0, 0.0, 4.999500049995] [0.13158847129365622, 0.07042869610486134, 0.9999999378882026, 161.0, 21318.0, 2125.0, 0.0, 4.999500049995] -399.0
cur thr:  -249.0 [0.052103052245149564, 0.026748629295981676, 0.9999999378882026, 161.0, 17585.0, 5858.0, 0.0, 0.0] [0.13158847129365622, 0.07042869610486134, 0.9999999378882026, 161.0, 21318.0, 2125.0, 0.0, 4.999500049995] -399.0
cur thr:  -199.0 [0.036837528727043205, 0.018764568742698638, 0.9999999378882026, 161.0, 15024.0, 8419.0, 0.0, 0.0] [0.13158847129365622, 0.07042869610486134, 0.9999999378882026, 161.0, 21318.0, 2125.0, 0.0, 4.999500049995] -399.0
cur thr:  -149.0 [0.026057847492398062, 0.013201049513610159, 0.9999999378882026, 161.0, 11408.0, 12035.0, 0.0, 0.0] [0.13158847129365622, 0.07042869610486134, 0.9999999378882026, 161.0, 21318.0, 2125.0, 0.0, 4.999500049995] -399.0
cur thr:  -99.0 [0.018840138668744986, 0.009509746007377586, 0.9999999378882026, 161.0, 6674.0, 16769.0, 0.0, 0.0] [0.13158847129365622, 0.07042869610486134, 0.9999999378882026, 161.0, 21318.0, 2125.0, 0.0, 4.999500049995] -399.0
cur thr:  -49.0 [0.01481126051433617, 0.007460957408841486, 0.9999999378882026, 161.0, 2025.0, 21418.0, 0.0, 0.0] [0.13158847129365622, 0.07042869610486134, 0.9999999378882026, 161.0, 21318.0, 2125.0, 0.0, 4.999500049995] -399.0
cur thr:  1.0 [0.01354920267515323, 0.006820877814429386, 0.9999999378882026, 161.0, 0.0, 23443.0, 0.0, 0.0] [0.13158847129365622, 0.07042869610486134, 0.9999999378882026, 161.0, 21318.0, 2125.0, 0.0, 4.999500049995] -399.0
cur thr:  51.0 [0.01354920267515323, 0.006820877814429386, 0.9999999378882026, 161.0, 0.0, 23443.0, 0.0, 0.0] [0.13158847129365622, 0.07042869610486134, 0.9999999378882026, 161.0, 21318.0, 2125.0, 0.0, 4.999500049995] -399.0
cur thr:  101.0 [0.01354920267515323, 0.006820877814429386, 0.9999999378882026, 161.0, 0.0, 23443.0, 0.0, 0.0] [0.13158847129365622, 0.07042869610486134, 0.9999999378882026, 161.0, 21318.0, 2125.0, 0.0, 4.999500049995] -399.0
cur thr:  151.0 [0.01354920267515323, 0.006820877814429386, 0.9999999378882026, 161.0, 0.0, 23443.0, 0.0, 0.0]  0%|          | 0/23604 [00:00<?, ?it/s]100%|██████████| 23604/23604 [00:00<00:00, 1117534.16it/s]
 [0.13158847129365622, 0.07042869610486134, 0.9999999378882026, 161.0, 21318.0, 2125.0, 0.0, 4.999500049995] -399.0
cur thr:  201.0 [0.01354920267515323, 0.006820877814429386, 0.9999999378882026, 161.0, 0.0, 23443.0, 0.0, 0.0] [0.13158847129365622, 0.07042869610486134, 0.9999999378882026, 161.0, 21318.0, 2125.0, 0.0, 4.999500049995] -399.0
cur thr:  251.0 [0.01354920267515323, 0.006820877814429386, 0.9999999378882026, 161.0, 0.0, 23443.0, 0.0, 0.0] [0.13158847129365622, 0.07042869610486134, 0.9999999378882026, 161.0, 21318.0, 2125.0, 0.0, 4.999500049995] -399.0
cur thr:  301.0 [0.01354920267515323, 0.006820877814429386, 0.9999999378882026, 161.0, 0.0, 23443.0, 0.0, 0.0] [0.13158847129365622, 0.07042869610486134, 0.9999999378882026, 161.0, 21318.0, 2125.0, 0.0, 4.999500049995] -399.0
cur thr:  351.0 [0.01354920267515323, 0.006820877814429386, 0.9999999378882026, 161.0, 0.0, 23443.0, 0.0, 0.0] [0.13158847129365622, 0.07042869610486134, 0.9999999378882026, 161.0, 21318.0, 2125.0, 0.0, 4.999500049995] -399.0
[0.13158847129365622, 0.07042869610486134, 0.9999999378882026, 161.0, 21318.0, 2125.0, 0.0, 4.999500049995] -399.0
label_file: ServerMachineDataset/interpretation_label/machine-2-8.txt
Initial threshold : 91.51014
Number of peaks : 118
Grimshaw maximum log-likelihood estimation ... [done]
	γ = 0
	σ = 145.22095
	L = 705.4342501142338
Extreme quantile (probability = 0.001): 325.2157785575395
17429
23604
POT result:  (0.01822073387294459, 0.009194220770261994, 0.9999999378882026, 161.0, 6093.0, 17350.0, 0.0) -91.51015 0.0

=== 全局调试信息 ===
y_true shape: (23604,), unique values: [0. 1.]
y_pred shape: (23604,), unique values: [False  True]
feature_scores shape: (23604, 38)
y_true 中的异常段: [(17481, 17641)]


=== 处理第 1/1 段 ===
段范围: start=17481, end=17641
段内真实标签 (seg_true): [1. 1. 1. 1. 1. 1. 1. 1. 1. 1. 1. 1. 1. 1. 1. 1. 1. 1. 1. 1. 1. 1. 1. 1.
 1. 1. 1. 1. 1. 1. 1. 1. 1. 1. 1. 1. 1. 1. 1. 1. 1. 1. 1. 1. 1. 1. 1. 1.
 1. 1. 1. 1. 1. 1. 1. 1. 1. 1. 1. 1. 1. 1. 1. 1. 1. 1. 1. 1. 1. 1. 1. 1.
 1. 1. 1. 1. 1. 1. 1. 1. 1. 1. 1. 1. 1. 1. 1. 1. 1. 1. 1. 1. 1. 1. 1. 1.
 1. 1. 1. 1. 1. 1. 1. 1. 1. 1. 1. 1. 1. 1. 1. 1. 1. 1. 1. 1. 1. 1. 1. 1.
 1. 1. 1. 1. 1. 1. 1. 1. 1. 1. 1. 1. 1. 1. 1. 1. 1. 1. 1. 1. 1. 1. 1. 1.
 1. 1. 1. 1. 1. 1. 1. 1. 1. 1. 1. 1. 1. 1. 1. 1. 1.]
段内预测标签 (seg_pred): [ True  True  True  True  True  True  True  True  True  True  True  True
  True  True  True  True  True  True  True  True  True  True  True  True
  True  True  True  True  True  True  True  True  True  True  True  True
  True  True  True  True  True  True  True  True  True  True  True  True
  True  True  True  True  True  True  True  True  True  True  True  True
  True  True  True  True  True  True  True  True  True  True  True  True
  True  True  True  True  True  True  True  True  True  True  True  True
  True  True  True  True  True  True  True  True  True  True  True  True
  True  True  True  True  True  True  True  True  True  True  True  True
  True  True  True  True  True  True  True  True  True  True  True  True
  True  True  True  True  True  True  True  True  True  True  True  True
  True  True  True  True  True  True  True  True  True  True  True  True
  True  True  True  True  True  True  True  True  True  True  True  True
  True  True  True  True  True]
段内真实异常时间点索引 (相对段内): [  0   1   2   3   4   5   6   7   8   9  10  11  12  13  14  15  16  17
  18  19  20  21  22  23  24  25  26  27  28  29  30  31  32  33  34  35
  36  37  38  39  40  41  42  43  44  45  46  47  48  49  50  51  52  53
  54  55  56  57  58  59  60  61  62  63  64  65  66  67  68  69  70  71
  72  73  74  75  76  77  78  79  80  81  82  83  84  85  86  87  88  89
  90  91  92  93  94  95  96  97  98  99 100 101 102 103 104 105 106 107
 108 109 110 111 112 113 114 115 116 117 118 119 120 121 122 123 124 125
 126 127 128 129 130 131 132 133 134 135 136 137 138 139 140 141 142 143
 144 145 146 147 148 149 150 151 152 153 154 155 156 157 158 159 160]
段内是否有预测为异常的时间点: True
真实异常维度 (0-based): [0, 1, 2, 3, 4, 5, 6, 8, 9, 10, 11, 12, 13, 14, 15, 16, 17, 18, 19, 20, 21, 22, 23, 24, 25, 27, 28, 29, 30, 31, 32, 33, 34, 35]
段内检测到的异常时间点索引 (相对段内): [  0   1   2   3   4   5   6   7   8   9  10  11  12  13  14  15  16  17
  18  19  20  21  22  23  24  25  26  27  28  29  30  31  32  33  34  35
  36  37  38  39  40  41  42  43  44  45  46  47  48  49  50  51  52  53
  54  55  56  57  58  59  60  61  62  63  64  65  66  67  68  69  70  71
  72  73  74  75  76  77  78  79  80  81  82  83  84  85  86  87  88  89
  90  91  92  93  94  95  96  97  98  99 100 101 102 103 104 105 106 107
 108 109 110 111 112 113 114 115 116 117 118 119 120 121 122 123 124 125
 126 127 128 129 130 131 132 133 134 135 136 137 138 139 140 141 142 143
 144 145 146 147 148 149 150 151 152 153 154 155 156 157 158 159 160]
推断的异常维度 (0-based): [0, 1, 2, 3, 4, 5, 6, 7, 8, 9, 10, 11, 12, 13, 14, 15, 16, 17, 18, 19, 20, 21, 22, 23, 24, 25, 26, 27, 28, 29, 30, 31, 32, 33, 34, 35, 36, 37]
真实与推断的交集: [0, 1, 2, 3, 4, 5, 6, 8, 9, 10, 11, 12, 13, 14, 15, 16, 17, 18, 19, 20, 21, 22, 23, 24, 25, 27, 28, 29, 30, 31, 32, 33, 34, 35]
段内指标: TP=34, FP=4, FN=0, TN=0, IPS=1.0000

=== 汇总指标 ===
总 TP: 34, 总 TN: 0, 总 FP: 4, 总 FN: 0
平均 IPS: 1.0000, Precision: 0.8947, Recall: 1.0000, F1: 0.9444
每段IPS与混淆: [{'start': 17481, 'end': 17641, 'TP': 34, 'TN': 0, 'FP': 4, 'FN': 0, 'IPS': 1.0, 'k_selected': 34, 'gt_dims_count': 34}]
总和: {'TP': 34, 'TN': 0, 'FP': 4, 'FN': 0, 'IPS': 1.0, 'precision': 0.8947368421052632, 'recall': 1.0, 'F1': 0.9444444444444444}
test end time:  2025-06-12 06:21:41
test time:  291.1737582683563
==============================result==============================
{'FN': 0.0,
 'FP': 2125.0,
 'TN': 21318.0,
 'TP': 161.0,
 'best-f1': 0.13158847129365622,
 'best_valid_loss': -53.144890627971876,
 'latency': 4.999500049995,
 'pot-FN': 0.0,
 'pot-FP': 17350.0,
 'pot-TN': 6093.0,
 'pot-TP': 161.0,
 'pot-f1': 0.01822073387294459,
 'pot-latency': 0.0,
 'pot-precision': 0.009194220770261994,
 'pot-recall': 0.9999999378882026,
 'pot-threshold': -91.51015,
 'precision': 0.07042869610486134,
 'pred_time': 0.29644186804208894,
 'pred_total_time': 140.53906893730164,
 'recall': 0.9999999378882026,
 'segment_results': [{'FN': 0,
                      'FP': 4,
                      'IPS': 1.0,
                      'TN': 0,
                      'TP': 34,
                      'end': 17641,
                      'gt_dims_count': 34,
                      'k_selected': 34,
                      'start': 17481}],
 'segment_summary': {'F1': 0.9444444444444444,
                     'FN': 0,
                     'FP': 4,
                     'IPS': 1.0,
                     'TN': 0,
                     'TP': 34,
                     'precision': 0.8947368421052632,
                     'recall': 1.0},
 'threshold': -399.0,
 'train_time': 314.30723621845243,
 'valid_time': 0.2952367400235318}
