2025-06-21 21:39:23.060257: I tensorflow/core/platform/cpu_feature_guard.cc:141] Your CPU supports instructions that this TensorFlow binary was not compiled to use: AVX2 AVX512F FMA
Configurations
===========================================
{'batch_size': 50,
 'bf_search_max': 400.0,
 'bf_search_min': -400.0,
 'bf_search_step_size': 1.0,
 'dataset': 'machine-2-3',
 'dense_dim': 500,
 'early_stop': True,
 'get_score_on_dim': True,
 'gradient_clip_norm': 10.0,
 'initial_lr': 0.001,
 'l2_reg': 0.0001,
 'level': 0.0075,
 'lr_anneal_epoch_freq': 40,
 'lr_anneal_factor': 0.5,
 'lr_anneal_step_freq': None,
 'max_epoch': 10,
 'max_test_size': None,
 'max_train_size': None,
 'nf_layers': 20,
 'percentage_Dimension': 30.0,
 'posterior_flow_type': 'nf',
 'restore_dir': None,
 'result_dir': 'result',
 'rnn_cell': 'GRU',
 'rnn_num_hidden': 500,
 'save_dir': 'model',
 'save_z': False,
 'std_epsilon': 0.0001,
 'test_batch_size': 50,
 'test_n_z': 1,
 'test_score_filename': 'test_score.pkl',
 'test_start': 0,
 'train_score_filename': 'train_score.pkl',
 'train_start': 0,
 'use_connected_z_p': True,
 'use_connected_z_q': True,
 'valid_step_freq': 100,
 'window_length': 100,
 'x_dim': 38,
 'z_dim': 3}

train start time:  2025-06-21 21:38:56
load data of: machine-2-3
train:  0 None
test:  0 None
Data normalized
Data normalized
train set shape:  (23688, 38)
test set shape:  (23689, 38)
test set label shape:  (23689,)
Trainable Parameters                                            (2,607,740 in total)
------------------------------------------------------------------------------------
model/q_z_given_x/rnn_q_z/rnn/gru_cell/gates/kernel             (538, 1000)  538,000
model/q_z_given_x/rnn_q_z/rnn/gru_cell/gates/bias               (1000,)        1,000
model/q_z_given_x/rnn_q_z/rnn/gru_cell/candidate/kernel         (538, 500)   269,000
model/q_z_given_x/rnn_q_z/rnn/gru_cell/candidate/bias           (500,)           500
model/q_z_given_x/rnn_q_z/dense/kernel                          (500, 500)   250,000
model/q_z_given_x/rnn_q_z/dense/bias                            (500,)           500
model/q_z_given_x/rnn_q_z/dense_1/kernel                        (500, 500)   250,000
model/q_z_given_x/rnn_q_z/dense_1/bias                          (500,)           500
model/vae/variational/z_mean/kernel                             (503, 3)       1,509
model/vae/variational/z_mean/bias                               (3,)               3
model/vae/variational/z_std/kernel                              (503, 3)       1,509
model/vae/variational/z_std/bias                                (3,)               3
model/posterior_flow/_0/w                                       (1, 3)             3
model/posterior_flow/_0/b                                       (1,)               1
model/posterior_flow/_0/u                                       (1, 3)             3
model/posterior_flow/_1/w                                       (1, 3)             3
model/posterior_flow/_1/b                                       (1,)               1
model/posterior_flow/_1/u                                       (1, 3)             3
model/posterior_flow/_2/w                                       (1, 3)             3
model/posterior_flow/_2/b                                       (1,)               1
model/posterior_flow/_2/u                                       (1, 3)             3
model/posterior_flow/_3/w                                       (1, 3)             3
model/posterior_flow/_3/b                                       (1,)               1
model/posterior_flow/_3/u                                       (1, 3)             3
model/posterior_flow/_4/w                                       (1, 3)             3
model/posterior_flow/_4/b                                       (1,)               1
model/posterior_flow/_4/u                                       (1, 3)             3
model/posterior_flow/_5/w                                       (1, 3)             3
model/posterior_flow/_5/b                                       (1,)               1
model/posterior_flow/_5/u                                       (1, 3)             3
model/posterior_flow/_6/w                                       (1, 3)             3
model/posterior_flow/_6/b                                       (1,)               1
model/posterior_flow/_6/u                                       (1, 3)             3
model/posterior_flow/_7/w                                       (1, 3)             3
model/posterior_flow/_7/b                                       (1,)               1
model/posterior_flow/_7/u                                       (1, 3)             3
model/posterior_flow/_8/w                                       (1, 3)             3
model/posterior_flow/_8/b                                       (1,)               1
model/posterior_flow/_8/u                                       (1, 3)             3
model/posterior_flow/_9/w                                       (1, 3)             3
model/posterior_flow/_9/b                                       (1,)               1
model/posterior_flow/_9/u                                       (1, 3)             3
model/posterior_flow/_10/w                                      (1, 3)             3
model/posterior_flow/_10/b                                      (1,)               1
model/posterior_flow/_10/u                                      (1, 3)             3
model/posterior_flow/_11/w                                      (1, 3)             3
model/posterior_flow/_11/b                                      (1,)               1
model/posterior_flow/_11/u                                      (1, 3)             3
model/posterior_flow/_12/w                                      (1, 3)             3
model/posterior_flow/_12/b                                      (1,)               1
model/posterior_flow/_12/u                                      (1, 3)             3
model/posterior_flow/_13/w                                      (1, 3)             3
model/posterior_flow/_13/b                                      (1,)               1
model/posterior_flow/_13/u                                      (1, 3)             3
model/posterior_flow/_14/w                                      (1, 3)             3
model/posterior_flow/_14/b                                      (1,)               1
model/posterior_flow/_14/u                                      (1, 3)             3
model/posterior_flow/_15/w                                      (1, 3)             3
model/posterior_flow/_15/b                                      (1,)               1
model/posterior_flow/_15/u                                      (1, 3)             3
model/posterior_flow/_16/w                                      (1, 3)             3
model/posterior_flow/_16/b                                      (1,)               1
model/posterior_flow/_16/u                                      (1, 3)             3
model/posterior_flow/_17/w                                      (1, 3)             3
model/posterior_flow/_17/b                                      (1,)               1
model/posterior_flow/_17/u                                      (1, 3)             3
model/posterior_flow/_18/w                                      (1, 3)             3
model/posterior_flow/_18/b                                      (1,)               1
model/posterior_flow/_18/u                                      (1, 3)             3
model/posterior_flow/_19/w                                      (1, 3)             3
model/posterior_flow/_19/b                                      (1,)               1
model/posterior_flow/_19/u                                      (1, 3)             3
model/p_x_given_z/hidden/rnn_p_x/rnn/gru_cell/gates/kernel      (503, 1000)  503,000
model/p_x_given_z/hidden/rnn_p_x/rnn/gru_cell/gates/bias        (1000,)        1,000
model/p_x_given_z/hidden/rnn_p_x/rnn/gru_cell/candidate/kernel  (503, 500)   251,500
model/p_x_given_z/hidden/rnn_p_x/rnn/gru_cell/candidate/bias    (500,)           500
model/p_x_given_z/hidden/rnn_p_x/dense/kernel                   (500, 500)   250,000
model/p_x_given_z/hidden/rnn_p_x/dense/bias                     (500,)           500
model/p_x_given_z/hidden/rnn_p_x/dense_1/kernel                 (500, 500)   250,000
model/p_x_given_z/hidden/rnn_p_x/dense_1/bias                   (500,)           500
model/p_x_given_z/x_mean/kernel                                 (500, 38)     19,000
model/p_x_given_z/x_mean/bias                                   (38,)             38
model/p_x_given_z/x_std/kernel                                  (500, 38)     19,000
model/p_x_given_z/x_std/bias                                    (38,)             38/home/hz/anaconda3/envs/py36/lib/python3.6/site-packages/tensorflow/python/framework/dtypes.py:523: FutureWarning: Passing (type, 1) or '1type' as a synonym of type is deprecated; in a future version of numpy, it will be understood as (type, (1,)) / '(1,)type'.
  _np_qint8 = np.dtype([("qint8", np.int8, 1)])
/home/hz/anaconda3/envs/py36/lib/python3.6/site-packages/tensorflow/python/framework/dtypes.py:524: FutureWarning: Passing (type, 1) or '1type' as a synonym of type is deprecated; in a future version of numpy, it will be understood as (type, (1,)) / '(1,)type'.
  _np_quint8 = np.dtype([("quint8", np.uint8, 1)])
/home/hz/anaconda3/envs/py36/lib/python3.6/site-packages/tensorflow/python/framework/dtypes.py:525: FutureWarning: Passing (type, 1) or '1type' as a synonym of type is deprecated; in a future version of numpy, it will be understood as (type, (1,)) / '(1,)type'.
  _np_qint16 = np.dtype([("qint16", np.int16, 1)])
/home/hz/anaconda3/envs/py36/lib/python3.6/site-packages/tensorflow/python/framework/dtypes.py:526: FutureWarning: Passing (type, 1) or '1type' as a synonym of type is deprecated; in a future version of numpy, it will be understood as (type, (1,)) / '(1,)type'.
  _np_quint16 = np.dtype([("quint16", np.uint16, 1)])
/home/hz/anaconda3/envs/py36/lib/python3.6/site-packages/tensorflow/python/framework/dtypes.py:527: FutureWarning: Passing (type, 1) or '1type' as a synonym of type is deprecated; in a future version of numpy, it will be understood as (type, (1,)) / '(1,)type'.
  _np_qint32 = np.dtype([("qint32", np.int32, 1)])
/home/hz/anaconda3/envs/py36/lib/python3.6/site-packages/tensorflow/python/framework/dtypes.py:532: FutureWarning: Passing (type, 1) or '1type' as a synonym of type is deprecated; in a future version of numpy, it will be understood as (type, (1,)) / '(1,)type'.
  np_resource = np.dtype([("resource", np.ubyte, 1)])
/home/hz/anaconda3/envs/py36/lib/python3.6/site-packages/tfsnippet/utils/tfver.py:22: DeprecationWarning: Function 'semver.compare' is deprecated. Deprecated since version 2.10.0.  This function will be removed in semver 3. Use the respective 'semver.VersionInfo.compare' instead.
  compare_result = semver.compare(version, tf.__version__)
/home/hz/anaconda3/envs/py36/lib/python3.6/site-packages/tfsnippet/utils/tfver.py:22: DeprecationWarning: Function 'semver.compare' is deprecated. Deprecated since version 2.10.0.  This function will be removed in semver 3. Use the respective 'semver.VersionInfo.compare' instead.
  compare_result = semver.compare(version, tf.__version__)
INFO:tensorflow:Restoring parameters from /tmp/tmpaorjrm9o/variables.dat-2900
2025-06-21 23:03:30,235 [INFO] tensorflow: Restoring parameters from /tmp/tmpaorjrm9o/variables.dat-2900


train_values: (16582, 38)
[Epoch 1/10, Step 100] step time: 1.87s (±8.027s); train time: 1m 50.32s; valid time: 1m 16.84s; loss: -32.5405 (±39.9252); valid loss: -71.6602 (*)
[Epoch 1/10, Step 200] step time: 1.555s (±7.183s); train time: 1m 23.53s; valid time: 1m 12.06s; loss: -63.9099 (±12.6805); valid loss: -79.9727 (*)
[Epoch 1/10, Step 300] step time: 1.558s (±7.221s); train time: 1m 23.25s; valid time: 1m 12.62s; loss: -71.2009 (±9.174); valid loss: -82.4101 (*)
train_values: (16582, 38)
[Epoch 2/10, Step 400, ETA 1h 18m 35.42s] step time: 1.539s (±7.142s); train time: 57.83s; valid time: 1m 11.68s; loss: -71.2774 (±13.2332); valid loss: -78.2361
[Epoch 2/10, Step 500, ETA 1h 15m 7.187s] step time: 1.55s (±7.254s); train time: 1m 22.13s; valid time: 1m 12.95s; loss: -74.6979 (±11.9149); valid loss: -83.8344 (*)
[Epoch 2/10, Step 600, ETA 1h 11m 46.23s] step time: 1.527s (±6.978s); train time: 1m 22.49s; valid time: 1m 10.27s; loss: -72.6535 (±12.0343); valid loss: -79.923
train_values: (16582, 38)
[Epoch 3/10, Step 700, ETA 1h 8m 45.5s] step time: 1.544s (±7.176s); train time: 34.58s; valid time: 1m 12.27s; loss: -72.0271 (±19.6038); valid loss: -86.8787 (*)
[Epoch 3/10, Step 800, ETA 1h 5m 48.22s] step time: 1.534s (±6.965s); train time: 1m 23.42s; valid time: 1m 10.09s; loss: -76.3436 (±13.3968); valid loss: -68.368
[Epoch 3/10, Step 900, ETA 1h 3m 0.7951s] step time: 1.552s (±7.192s); train time: 1m 22.87s; valid time: 1m 12.36s; loss: -73.7017 (±17.0275); valid loss: -90.2872 (*)
train_values: (16582, 38)
[Epoch 4/10, Step 1000, ETA 1h 12.14s] step time: 1.535s (±7.016s); train time: 10.91s; valid time: 1m 10.5s; loss: -74.5479 (±15.233); valid loss: -84.9644
[Epoch 4/10, Step 1100, ETA 57m 25.2s] step time: 1.53s (±7.032s); train time: 1m 22.45s; valid time: 1m 10.66s; loss: -75.3067 (±14.4732); valid loss: -86.5778
[Epoch 4/10, Step 1200, ETA 54m 44.69s] step time: 1.554s (±7.216s); train time: 1m 22.91s; valid time: 1m 12.56s; loss: -74.1696 (±19.833); valid loss: -96.9072 (*)
[Epoch 4/10, Step 1300, ETA 52m 2.403s] step time: 1.537s (±7.009s); train time: 1m 23.36s; valid time: 1m 10.45s; loss: -76.5307 (±21.2315); valid loss: -87.2363
train_values: (16582, 38)
[Epoch 5/10, Step 1400, ETA 49m 20.04s] step time: 1.527s (±6.989s); train time: 1m 9.676s; valid time: 1m 10.3s; loss: -80.1317 (±12.2776); valid loss: -89.4273
[Epoch 5/10, Step 1500, ETA 46m 36.5s] step time: 1.508s (±6.882s); train time: 1m 21.66s; valid time: 1m 9.16s; loss: -77.1027 (±13.5409); valid loss: -89.4107
[Epoch 5/10, Step 1600, ETA 43m 55.27s] step time: 1.514s (±6.892s); train time: 1m 22.23s; valid time: 1m 9.264s; loss: -79.9126 (±11.4126); valid loss: -88.9201
train_values: (16582, 38)
[Epoch 6/10, Step 1700, ETA 41m 16.37s] step time: 1.526s (±7.002s); train time: 45.25s; valid time: 1m 10.31s; loss: -71.4138 (±36.112); valid loss: -86.5886
[Epoch 6/10, Step 1800, ETA 38m 38.13s] step time: 1.527s (±6.961s); train time: 1m 22.82s; valid time: 1m 9.917s; loss: -76.382 (±18.2663); valid loss: -88.185
[Epoch 6/10, Step 1900, ETA 36m 0.7436s] step time: 1.53s (±7.071s); train time: 1m 22.07s; valid time: 1m 11.04s; loss: -81.7077 (±12.2698); valid loss: -87.0205
train_values: (16582, 38)
[Epoch 7/10, Step 2000, ETA 33m 23.12s] step time: 1.52s (±6.944s); train time: 21.59s; valid time: 1m 9.692s; loss: -83.247 (±12.4895); valid loss: -92.4705
[Epoch 7/10, Step 2100, ETA 30m 45.97s] step time: 1.519s (±6.939s); train time: 1m 22.19s; valid time: 1m 9.798s; loss: -80.9872 (±11.6831); valid loss: -95.1022
[Epoch 7/10, Step 2200, ETA 28m 9.769s] step time: 1.529s (±6.937s); train time: 1m 23.24s; valid time: 1m 9.697s; loss: -84.1361 (±9.02716); valid loss: -88.3724
[Epoch 7/10, Step 2300, ETA 25m 34.57s] step time: 1.546s (±7.157s); train time: 1m 22.61s; valid time: 1m 12.01s; loss: -85.9236 (±11.3829); valid loss: -98.8031 (*)
train_values: (16582, 38)
[Epoch 8/10, Step 2400, ETA 22m 58.73s] step time: 1.526s (±6.909s); train time: 1m 20.85s; valid time: 1m 9.447s; loss: -84.1721 (±27.0268); valid loss: -94.7425
[Epoch 8/10, Step 2500, ETA 20m 22.62s] step time: 1.51s (±6.805s); train time: 1m 22.77s; valid time: 1m 8.337s; loss: -84.2496 (±11.6358); valid loss: -95.7987
[Epoch 8/10, Step 2600, ETA 17m 55.51s] step time: 1.835s (±9.599s); train time: 1m 27.39s; valid time: 1m 36.23s; loss: -87.1443 (±12.4977); valid loss: -90.4564
train_values: (16582, 38)
[Epoch 9/10, Step 2700, ETA 15m 19.42s] step time: 1.547s (±7.156s); train time: 56.38s; valid time: 1m 11.86s; loss: -86.4554 (±9.32929); valid loss: -99.4296 (*)
[Epoch 9/10, Step 2800, ETA 12m 43s] step time: 1.524s (±6.963s); train time: 1m 22.69s; valid time: 1m 9.802s; loss: -89.89 (±7.9465); valid loss: -97.0544
[Epoch 9/10, Step 2900, ETA 10m 7.133s] step time: 1.545s (±7.238s); train time: 1m 21.73s; valid time: 1m 12.83s; loss: -90.2023 (±13.3977); valid loss: -105.496 (*)
train_values: (16582, 38)
[Epoch 10/10, Step 3000, ETA 7m 31.09s] step time: 1.517s (±6.953s); train time: 32.01s; valid time: 1m 9.829s; loss: -89.3113 (±13.7126); valid loss: -101.064
[Epoch 10/10, Step 3100, ETA 4m 55.27s] step time: 1.51s (±6.943s); train time: 1m 21.33s; valid time: 1m 9.732s; loss: -90.1626 (±9.28523); valid loss: -100.742
[Epoch 10/10, Step 3200, ETA 2m 19.76s] step time: 1.518s (±6.908s); train time: 1m 22.43s; valid time: 1m 9.411s; loss: -90.6998 (±11.3696); valid loss: -96.8889
train end time:  2025-06-21 23:03:30
train time:  5074.644296169281
test start time:  2025-06-21 23:03:30
------------------------------ testing ------------------------------
test_score shape:  (23590, 38)
test_z shape:  (23590, 100, 6)
search range:  -400.0 400.0
cur thr:  -399.0 [0.9907868608251642, 0.9817517889871611, 0.9999999628252803, 269.0, 23316.0, 5.0, 0.0, 5.399946000539995] [0.9907868608251642, 0.9817517889871611, 0.9999999628252803, 269.0, 23316.0, 5.0, 0.0, 5.399946000539995] -399.0
cur thr:  -349.0 [0.9907868608251642, 0.9817517889871611, 0.9999999628252803, 269.0, 23316.0, 5.0, 0.0, 3.2999670003299966] [0.9907868608251642, 0.9817517889871611, 0.9999999628252803, 269.0, 23316.0, 5.0, 0.0, 5.399946000539995] -399.0
cur thr:  -299.0 [0.9853429503534222, 0.9711190985155561, 0.9999999628252803, 269.0, 23313.0, 8.0, 0.0, 3.2999670003299966] [0.9907868608251642, 0.9817517889871611, 0.9999999628252803, 269.0, 23316.0, 5.0, 0.0, 5.399946000539995] -399.0
cur thr:  -249.0 [0.9781767850172698, 0.9572953395980307, 0.9999999628252803, 269.0, 23309.0, 12.0, 0.0, 2.4999750002499974] [0.9907868608251642, 0.9817517889871611, 0.9999999628252803, 269.0, 23316.0, 5.0, 0.0, 5.399946000539995] -399.0
cur thr:  -199.0 [0.9607092591458407, 0.9243985936632787, 0.9999999628252803, 269.0, 23299.0, 22.0, 0.0, 2.299977000229998] [0.9907868608251642, 0.9817517889871611, 0.9999999628252803, 269.0, 23316.0, 5.0, 0.0, 5.399946000539995] -399.0
cur thr:  -149.0 [0.9340227671344611, 0.8762214698299197, 0.9999999628252803, 269.0, 23283.0, 38.0, 0.0, 2.199978000219998] [0.9907868608251642, 0.9817517889871611, 0.9999999628252803, 269.0, 23316.0, 5.0, 0.0, 5.399946000539995] -399.0
cur thr:  -99.0 [0.8677369949809802, 0.7663817445475287, 0.9999999628252803, 269.0, 23239.0, 82.0, 0.0, 1.999980000199998] [0.9907868608251642, 0.9817517889871611, 0.9999999628252803, 269.0, 23316.0, 5.0, 0.0, 5.399946000539995] -399.0
cur thr:  -49.0 [0.6986967344873058, 0.5369261369875022, 0.9999999628252803, 269.0, 23089.0, 232.0, 0.0, 1.8999810001899982] [0.9907868608251642, 0.9817517889871611, 0.9999999628252803, 269.0, 23316.0, 5.0, 0.0, 5.399946000539995] -399.0
cur thr:  1.0 [0.450582766413363, 0.2908108076669102, 0.9999999628252803, 269.0, 22665.0, 656.0, 0.0, 1.5999840001599985] [0.9907868608251642, 0.9817517889871611, 0.9999999628252803, 269.0, 23316.0, 5.0, 0.0, 5.399946000539995] -399.0
cur thr:  51.0 [0.2395348439916462, 0.13606474387422993, 0.9999999628252803, 269.0, 21613.0, 1708.0, 0.0, 1.5999840001599985] [0.9907868608251642, 0.9817517889871611, 0.9999999628252803, 269.0, 23316.0, 5.0, 0.0, 5.399946000539995] -399.0
cur thr:  101.0 [0.031132151100955484, 0.015812367731123697, 0.9999999628252803, 269.0, 6578.0, 16743.0, 0.0, 0.8999910000899991]  0%|          | 0/23590 [00:00<?, ?it/s]100%|██████████| 23590/23590 [00:00<00:00, 792900.15it/s] [0.9907868608251642, 0.9817517889871611, 0.9999999628252803, 269.0, 23316.0, 5.0, 0.0, 5.399946000539995] -399.0
cur thr:  151.0 [0.022548919915277823, 0.01140313691759087, 0.9999999628252803, 269.0, 0.0, 23321.0, 0.0, 0.0] [0.9907868608251642, 0.9817517889871611, 0.9999999628252803, 269.0, 23316.0, 5.0, 0.0, 5.399946000539995] -399.0
cur thr:  201.0 [0.022548919915277823, 0.01140313691759087, 0.9999999628252803, 269.0, 0.0, 23321.0, 0.0, 0.0] [0.9907868608251642, 0.9817517889871611, 0.9999999628252803, 269.0, 23316.0, 5.0, 0.0, 5.399946000539995] -399.0
cur thr:  251.0 [0.022548919915277823, 0.01140313691759087, 0.9999999628252803, 269.0, 0.0, 23321.0, 0.0, 0.0] [0.9907868608251642, 0.9817517889871611, 0.9999999628252803, 269.0, 23316.0, 5.0, 0.0, 5.399946000539995] -399.0
cur thr:  301.0 [0.022548919915277823, 0.01140313691759087, 0.9999999628252803, 269.0, 0.0, 23321.0, 0.0, 0.0] [0.9907868608251642, 0.9817517889871611, 0.9999999628252803, 269.0, 23316.0, 5.0, 0.0, 5.399946000539995] -399.0
cur thr:  351.0 [0.022548919915277823, 0.01140313691759087, 0.9999999628252803, 269.0, 0.0, 23321.0, 0.0, 0.0] [0.9907868608251642, 0.9817517889871611, 0.9999999628252803, 269.0, 23316.0, 5.0, 0.0, 5.399946000539995] -399.0
[0.9907868608251642, 0.9817517889871611, 0.9999999628252803, 269.0, 23316.0, 5.0, 0.0, 5.399946000539995] -399.0
label_file: ServerMachineDataset/interpretation_label/machine-2-3.txt
Initial threshold : 0.9402485
Number of peaks : 176
Grimshaw maximum log-likelihood estimation ... [done]
	γ = 0
	σ = 1234.6617
	L = 1428.8652082094577
Extreme quantile (probability = 0.001): 2482.244266844962
828
23590
POT result:  (0.8264160162247276, 0.7041884632411397, 0.9999999628252803, 269.0, 23208.0, 113.0, 0.0) -80.67015293675298 1.999980000199998

=== 全局调试信息 ===
y_true shape: (23590,), unique values: [0. 1.]
y_pred shape: (23590,), unique values: [False  True]
feature_scores shape: (23590, 38)
interpretation_segments 数量: 10


=== 处理第 1/10 段 ===
原始段范围: orig_start=857, orig_end=860
调整后段范围: start=758, end=761
段内真实标签 (seg_true): [1. 1. 1. 0.]
段内预测标签 (seg_pred): [ True  True  True False]
段内真实异常时间点索引 (相对段内): [0 1 2]
段内是否有预测为异常的时间点: True
真实异常维度 (0-based): [11, 12]
段内检测到的异常时间点索引 (相对段内): [0 1 2]
选择的维度数量 (k): 11 (基于真实异常维度数的 100%)
推断的异常维度 (0-based): [4, 7, 9, 16, 17, 25, 26, 28, 32, 33, 36, 37]
真实与推断的交集: []
段内指标: TP=0, FP=12, FN=2, TN=24, IPS=0.0000

=== 处理第 2/10 段 ===
原始段范围: orig_start=5739, orig_end=5745
调整后段范围: start=5640, end=5646
段内真实标签 (seg_true): [1. 1. 1. 1. 1. 1. 0.]
段内预测标签 (seg_pred): [ True  True  True  True  True  True False]
段内真实异常时间点索引 (相对段内): [0 1 2 3 4 5]
段内是否有预测为异常的时间点: True
真实异常维度 (0-based): [8, 9, 12]
段内检测到的异常时间点索引 (相对段内): [0 1 2 3 4 5]
选择的维度数量 (k): 11 (基于真实异常维度数的 100%)
推断的异常维度 (0-based): [4, 7, 9, 16, 17, 23, 26, 28, 32, 33, 36, 37]
真实与推断的交集: [9]
段内指标: TP=1, FP=11, FN=2, TN=24, IPS=0.3333

=== 处理第 3/10 段 ===
原始段范围: orig_start=6008, orig_end=6012
调整后段范围: start=5909, end=5913
段内真实标签 (seg_true): [1. 1. 1. 1. 0.]
段内预测标签 (seg_pred): [ True  True  True  True False]
段内真实异常时间点索引 (相对段内): [0 1 2 3]
段内是否有预测为异常的时间点: True
真实异常维度 (0-based): [8, 9, 12]
段内检测到的异常时间点索引 (相对段内): [0 1 2 3]
选择的维度数量 (k): 11 (基于真实异常维度数的 100%)
推断的异常维度 (0-based): [4, 7, 9, 16, 17, 25, 26, 28, 32, 33, 36, 37]
真实与推断的交集: [9]
段内指标: TP=1, FP=11, FN=2, TN=24, IPS=0.3333

=== 处理第 4/10 段 ===
原始段范围: orig_start=7910, orig_end=8010
调整后段范围: start=7811, end=7911
段内真实标签 (seg_true): [1. 1. 1. 1. 1. 1. 1. 1. 1. 1. 1. 1. 1. 1. 1. 1. 1. 1. 1. 1. 1. 1. 1. 1.
 1. 1. 1. 1. 1. 1. 1. 1. 1. 1. 1. 1. 1. 1. 1. 1. 1. 1. 1. 1. 1. 1. 1. 1.
 1. 1. 1. 1. 1. 1. 1. 1. 1. 1. 1. 1. 1. 1. 1. 1. 1. 1. 1. 1. 1. 1. 1. 1.
 1. 1. 1. 1. 1. 1. 1. 1. 1. 1. 1. 1. 1. 1. 1. 1. 1. 1. 1. 0. 0. 0. 0. 0.
 0. 0. 0. 0. 0.]
段内预测标签 (seg_pred): [ True  True  True  True  True  True  True  True  True  True  True  True
  True  True  True  True  True  True  True  True  True  True  True  True
  True  True  True  True  True  True  True  True  True  True  True  True
  True  True  True  True  True  True  True  True  True  True  True  True
  True  True  True  True  True  True  True  True  True  True  True  True
  True  True  True  True  True  True  True  True  True  True  True  True
  True  True  True  True  True  True  True  True  True  True  True  True
  True  True  True  True  True  True  True False False False False False
 False False False False False]
段内真实异常时间点索引 (相对段内): [ 0  1  2  3  4  5  6  7  8  9 10 11 12 13 14 15 16 17 18 19 20 21 22 23
 24 25 26 27 28 29 30 31 32 33 34 35 36 37 38 39 40 41 42 43 44 45 46 47
 48 49 50 51 52 53 54 55 56 57 58 59 60 61 62 63 64 65 66 67 68 69 70 71
 72 73 74 75 76 77 78 79 80 81 82 83 84 85 86 87 88 89 90]
段内是否有预测为异常的时间点: True
真实异常维度 (0-based): [0, 1, 2, 3, 5, 6, 18, 20, 21, 22, 23, 24, 25, 27, 30, 31, 34, 35]
段内检测到的异常时间点索引 (相对段内): [ 0  1  2  3  4  5  6  7  8  9 10 11 12 13 14 15 16 17 18 19 20 21 22 23
 24 25 26 27 28 29 30 31 32 33 34 35 36 37 38 39 40 41 42 43 44 45 46 47
 48 49 50 51 52 53 54 55 56 57 58 59 60 61 62 63 64 65 66 67 68 69 70 71
 72 73 74 75 76 77 78 79 80 81 82 83 84 85 86 87 88 89 90]
选择的维度数量 (k): 11 (基于真实异常维度数的 100%)
推断的异常维度 (0-based): [4, 7, 9, 16, 17, 23, 26, 28, 32, 33, 36, 37]
真实与推断的交集: [23]
段内指标: TP=1, FP=11, FN=17, TN=9, IPS=0.0556

=== 处理第 5/10 段 ===
原始段范围: orig_start=10953, orig_end=10957
调整后段范围: start=10854, end=10858
段内真实标签 (seg_true): [1. 1. 1. 1. 0.]
段内预测标签 (seg_pred): [ True  True  True  True False]
段内真实异常时间点索引 (相对段内): [0 1 2 3]
段内是否有预测为异常的时间点: True
真实异常维度 (0-based): [8, 11, 14]
段内检测到的异常时间点索引 (相对段内): [0 1 2 3]
选择的维度数量 (k): 11 (基于真实异常维度数的 100%)
推断的异常维度 (0-based): [4, 7, 9, 16, 17, 23, 25, 26, 32, 33, 36, 37]
真实与推断的交集: []
段内指标: TP=0, FP=12, FN=3, TN=23, IPS=0.0000

=== 处理第 6/10 段 ===
原始段范围: orig_start=12200, orig_end=12226
调整后段范围: start=12101, end=12127
段内真实标签 (seg_true): [1. 1. 1. 1. 1. 1. 1. 1. 1. 1. 1. 1. 1. 1. 1. 1. 1. 1. 1. 1. 1. 1. 1. 1.
 1. 1. 0.]
段内预测标签 (seg_pred): [ True  True  True  True  True  True  True  True  True  True  True  True
  True  True  True  True  True  True  True  True  True  True  True  True
  True  True False]
段内真实异常时间点索引 (相对段内): [ 0  1  2  3  4  5  6  7  8  9 10 11 12 13 14 15 16 17 18 19 20 21 22 23
 24 25]
段内是否有预测为异常的时间点: True
真实异常维度 (0-based): [0, 5, 6, 10, 15, 19, 20, 21, 22, 24, 27, 30, 31]
段内检测到的异常时间点索引 (相对段内): [ 0  1  2  3  4  5  6  7  8  9 10 11 12 13 14 15 16 17 18 19 20 21 22 23
 24 25]
选择的维度数量 (k): 11 (基于真实异常维度数的 100%)
推断的异常维度 (0-based): [4, 7, 9, 16, 17, 26, 28, 32, 33, 36, 37]
真实与推断的交集: []
段内指标: TP=0, FP=11, FN=13, TN=14, IPS=0.0000

=== 处理第 7/10 段 ===
原始段范围: orig_start=15070, orig_end=15151
调整后段范围: start=14971, end=15052
段内真实标签 (seg_true): [1. 1. 1. 1. 1. 1. 1. 1. 1. 1. 1. 1. 1. 1. 1. 1. 1. 1. 1. 1. 1. 1. 1. 1.
 1. 1. 1. 1. 1. 1. 1. 1. 1. 1. 1. 1. 1. 1. 1. 1. 1. 1. 1. 1. 1. 1. 1. 1.
 1. 1. 1. 1. 1. 1. 1. 1. 1. 1. 1. 1. 1. 1. 1. 1. 1. 1. 1. 1. 1. 1. 1. 1.
 1. 1. 1. 1. 1. 1. 1. 1. 1. 0.]
段内预测标签 (seg_pred): [ True  True  True  True  True  True  True  True  True  True  True  True
  True  True  True  True  True  True  True  True  True  True  True  True
  True  True  True  True  True  True  True  True  True  True  True  True
  True  True  True  True  True  True  True  True  True  True  True  True
  True  True  True  True  True  True  True  True  True  True  True  True
  True  True  True  True  True  True  True  True  True  True  True  True
  True  True  True  True  True  True  True  True  True False]
段内真实异常时间点索引 (相对段内): [ 0  1  2  3  4  5  6  7  8  9 10 11 12 13 14 15 16 17 18 19 20 21 22 23
 24 25 26 27 28 29 30 31 32 33 34 35 36 37 38 39 40 41 42 43 44 45 46 47
 48 49 50 51 52 53 54 55 56 57 58 59 60 61 62 63 64 65 66 67 68 69 70 71
 72 73 74 75 76 77 78 79 80]
段内是否有预测为异常的时间点: True
真实异常维度 (0-based): [0, 5, 6, 19, 20, 21, 22, 24, 27, 30, 31]
段内检测到的异常时间点索引 (相对段内): [ 0  1  2  3  4  5  6  7  8  9 10 11 12 13 14 15 16 17 18 19 20 21 22 23
 24 25 26 27 28 29 30 31 32 33 34 35 36 37 38 39 40 41 42 43 44 45 46 47
 48 49 50 51 52 53 54 55 56 57 58 59 60 61 62 63 64 65 66 67 68 69 70 71
 72 73 74 75 76 77 78 79 80]
选择的维度数量 (k): 11 (基于真实异常维度数的 100%)
推断的异常维度 (0-based): [4, 7, 9, 16, 17, 23, 26, 28, 32, 33, 36, 37]
真实与推断的交集: []
段内指标: TP=0, FP=12, FN=11, TN=15, IPS=0.0000

=== 处理第 8/10 段 ===
原始段范围: orig_start=19375, orig_end=19416
调整后段范围: start=19276, end=19317
段内真实标签 (seg_true): [1. 1. 1. 1. 1. 1. 1. 1. 1. 1. 1. 1. 1. 1. 1. 1. 1. 1. 1. 1. 1. 1. 1. 1.
 1. 1. 1. 1. 1. 1. 1. 1. 1. 1. 1. 1. 1. 1. 1. 1. 1. 0.]
段内预测标签 (seg_pred): [ True  True  True  True  True  True  True  True  True  True  True  True
  True  True  True  True  True  True  True  True  True  True  True  True
  True  True  True  True  True  True  True  True  True  True  True  True
  True  True  True  True  True False]
段内真实异常时间点索引 (相对段内): [ 0  1  2  3  4  5  6  7  8  9 10 11 12 13 14 15 16 17 18 19 20 21 22 23
 24 25 26 27 28 29 30 31 32 33 34 35 36 37 38 39 40]
段内是否有预测为异常的时间点: True
真实异常维度 (0-based): [0, 1, 2, 3, 5, 6, 15, 18, 19, 20, 21, 22, 23, 24, 25, 26, 27, 28, 29, 30, 31, 32, 33, 34, 35]
段内检测到的异常时间点索引 (相对段内): [ 0  1  2  3  4  5  6  7  8  9 10 11 12 13 14 15 16 17 18 19 20 21 22 23
 24 25 26 27 28 29 30 31 32 33 34 35 36 37 38 39 40]
选择的维度数量 (k): 11 (基于真实异常维度数的 100%)
推断的异常维度 (0-based): [4, 7, 9, 10, 11, 12, 13, 15, 16, 17, 26, 28, 32, 33, 36, 37]
真实与推断的交集: [15, 26, 28, 32, 33]
段内指标: TP=5, FP=11, FN=20, TN=2, IPS=0.2000

=== 处理第 9/10 段 ===
原始段范围: orig_start=19545, orig_end=19553
调整后段范围: start=19446, end=19454
段内真实标签 (seg_true): [1. 1. 1. 1. 1. 1. 1. 1. 0.]
段内预测标签 (seg_pred): [ True  True  True  True  True  True  True  True False]
段内真实异常时间点索引 (相对段内): [0 1 2 3 4 5 6 7]
段内是否有预测为异常的时间点: True
真实异常维度 (0-based): [11]
段内检测到的异常时间点索引 (相对段内): [0 1 2 3 4 5 6 7]
选择的维度数量 (k): 11 (基于真实异常维度数的 100%)
推断的异常维度 (0-based): [4, 7, 9, 16, 17, 26, 28, 32, 33, 36, 37]
真实与推断的交集: []
段内指标: TP=0, FP=11, FN=1, TN=26, IPS=0.0000

=== 处理第 10/10 段 ===
原始段范围: orig_start=20253, orig_end=20258
调整后段范围: start=20154, end=20159
段内真实标签 (seg_true): [1. 1. 1. 1. 1. 0.]
段内预测标签 (seg_pred): [ True  True  True  True  True False]
段内真实异常时间点索引 (相对段内): [0 1 2 3 4]
段内是否有预测为异常的时间点: True
真实异常维度 (0-based): [29]
段内检测到的异常时间点索引 (相对段内): [0 1 2 3 4]
选择的维度数量 (k): 11 (基于真实异常维度数的 100%)
推断的异常维度 (0-based): [2, 4, 7, 9, 12, 16, 17, 23, 25, 26, 28, 32, 33, 36, 37]
真实与推断的交集: []
段内指标: TP=0, FP=15, FN=1, TN=22, IPS=0.0000

=== 汇总指标 ===
总 TP: 8, 总 TN: 183, 总 FP: 117, 总 FN: 72
平均 IPS: 0.0625, Precision: 0.0640, Recall: 0.1000, F1: 0.0780
每段IPS与混淆: [{'original_start': 857, 'original_end': 860, 'start': 758, 'end': 761, 'TP': 0, 'TN': 24, 'FP': 12, 'FN': 2, 'IPS': 0.0, 'k_selected': 11, 'gt_dims_count': 2}, {'original_start': 5739, 'original_end': 5745, 'start': 5640, 'end': 5646, 'TP': 1, 'TN': 24, 'FP': 11, 'FN': 2, 'IPS': 0.3333333333333333, 'k_selected': 11, 'gt_dims_count': 3}, {'original_start': 6008, 'original_end': 6012, 'start': 5909, 'end': 5913, 'TP': 1, 'TN': 24, 'FP': 11, 'FN': 2, 'IPS': 0.3333333333333333, 'k_selected': 11, 'gt_dims_count': 3}, {'original_start': 7910, 'original_end': 8010, 'start': 7811, 'end': 7911, 'TP': 1, 'TN': 9, 'FP': 11, 'FN': 17, 'IPS': 0.05555555555555555, 'k_selected': 11, 'gt_dims_count': 18}, {'original_start': 10953, 'original_end': 10957, 'start': 10854, 'end': 10858, 'TP': 0, 'TN': 23, 'FP': 12, 'FN': 3, 'IPS': 0.0, 'k_selected': 11, 'gt_dims_count': 3}, {'original_start': 12200, 'original_end': 12226, 'start': 12101, 'end': 12127, 'TP': 0, 'TN': 14, 'FP': 11, 'FN': 13, 'IPS': 0.0, 'k_selected': 11, 'gt_dims_count': 13}, {'original_start': 15070, 'original_end': 15151, 'start': 14971, 'end': 15052, 'TP': 0, 'TN': 15, 'FP': 12, 'FN': 11, 'IPS': 0.0, 'k_selected': 11, 'gt_dims_count': 11}, {'original_start': 19375, 'original_end': 19416, 'start': 19276, 'end': 19317, 'TP': 5, 'TN': 2, 'FP': 11, 'FN': 20, 'IPS': 0.2, 'k_selected': 11, 'gt_dims_count': 25}, {'original_start': 19545, 'original_end': 19553, 'start': 19446, 'end': 19454, 'TP': 0, 'TN': 26, 'FP': 11, 'FN': 1, 'IPS': 0.0, 'k_selected': 11, 'gt_dims_count': 1}, {'original_start': 20253, 'original_end': 20258, 'start': 20154, 'end': 20159, 'TP': 0, 'TN': 22, 'FP': 15, 'FN': 1, 'IPS': 0.0, 'k_selected': 11, 'gt_dims_count': 1}]
总和: {'TP': 8, 'TN': 183, 'FP': 117, 'FN': 72, 'IPS': 0.06253858024691358, 'precision': 0.064, 'recall': 0.1, 'F1': 0.07804878048780488}
test end time:  2025-06-21 23:11:39
test time:  488.6937847137451
==============================result==============================
{'FN': 0.0,
 'FP': 5.0,
 'TN': 23316.0,
 'TP': 269.0,
 'best-f1': 0.9907868608251642,
 'best_valid_loss': -105.49631431784293,
 'dataset': 'machine-2-3',
 'latency': 5.399946000539995,
 'pot-FN': 0.0,
 'pot-FP': 113.0,
 'pot-TN': 23208.0,
 'pot-TP': 269.0,
 'pot-f1': 0.8264160162247276,
 'pot-latency': 1.999980000199998,
 'pot-precision': 0.7041884632411397,
 'pot-recall': 0.9999999628252803,
 'pot-threshold': -80.67015293675298,
 'precision': 0.9817517889871611,
 'pred_time': 0.4953825448529195,
 'pred_total_time': 234.24446201324463,
 'recall': 0.9999999628252803,
 'segment_results': [{'FN': 2,
                      'FP': 12,
                      'IPS': 0.0,
                      'TN': 24,
                      'TP': 0,
                      'end': 761,
                      'gt_dims_count': 2,
                      'k_selected': 11,
                      'original_end': 860,
                      'original_start': 857,
                      'start': 758},
                     {'FN': 2,
                      'FP': 11,
                      'IPS': 0.3333333333333333,
                      'TN': 24,
                      'TP': 1,
                      'end': 5646,
                      'gt_dims_count': 3,
                      'k_selected': 11,
                      'original_end': 5745,
                      'original_start': 5739,
                      'start': 5640},
                     {'FN': 2,
                      'FP': 11,
                      'IPS': 0.3333333333333333,
                      'TN': 24,
                      'TP': 1,
                      'end': 5913,
                      'gt_dims_count': 3,
                      'k_selected': 11,
                      'original_end': 6012,
                      'original_start': 6008,
                      
'start': 5909},
                     {'FN': 17,
                      'FP': 11,
                      'IPS': 0.05555555555555555,
                      'TN': 9,
                      'TP': 1,
                      'end': 7911,
                      'gt_dims_count': 18,
                      'k_selected': 11,
                      'original_end': 8010,
                      'original_start': 7910,
                      'start': 7811},
                     {'FN': 3,
                      'FP': 12,
                      'IPS': 0.0,
                      'TN': 23,
                      'TP': 0,
                      'end': 10858,
                      'gt_dims_count': 3,
                      'k_selected': 11,
                      'original_end': 10957,
                      'original_start': 10953,
                      'start': 10854},
                     {'FN': 13,
                      'FP': 11,
                      'IPS': 0.0,
                      'TN': 14,
                      'TP': 0,
                      'end': 12127,
                      'gt_dims_count': 13,
                      'k_selected': 11,
                      'original_end': 12226,
                      'original_start': 12200,
                      'start': 12101},
                     {'FN': 11,
                      'FP': 12,
                      'IPS': 0.0,
                      'TN': 15,
                      'TP': 0,
                      'end': 15052,
                      'gt_dims_count': 11,
                      'k_selected': 11,
                      'original_end': 15151,
                      'original_start': 15070,
                      'start': 14971},
                     {'FN': 20,
                      'FP': 11,
                      'IPS': 0.2,
                      'TN': 2,
                      'TP': 5,
                      'end': 19317,
                      'gt_dims_count': 25,
                      'k_selected': 11,
                      'original_end': 19416,
                      'original_start': 19375,
                      'start': 19276},
                     {'FN': 1,
                      'FP': 11,
                      'IPS': 0.0,
                      'TN': 26,
                      'TP': 0,
                      'end': 19454,
                      'gt_dims_count': 1,
                      'k_selected': 11,
                      'original_end': 19553,
                      'original_start': 19545,
                      'start': 19446},
                     {'FN': 1,
                      'FP': 15,
                      'IPS': 0.0,
                      'TN': 22,
                      'TP': 0,
                      'end': 20159,
                      'gt_dims_count': 1,
                      'k_selected': 11,
                      'original_end': 20258,
                      'original_start': 20253,
                      'start': 20154}],
 'segment_summary': {'F1': 0.07804878048780488,
                     'FN': 72,
                     'FP': 117,
                     'IPS': 0.06253858024691358,
                     'TN': 183,
                     'TP': 8,
                     'precision': 0.064,
                     'recall': 0.1},
 'threshold': -399.0,
 'train_time': 504.7562062978744,
 'valid_time': 0.5019052739895827}
