2025-06-21 15:18:21.575151: I tensorflow/core/platform/cpu_feature_guard.cc:141] Your CPU supports instructions that this TensorFlow binary was not compiled to use: AVX2 AVX512F FMA
Configurations
===========================================
{'batch_size': 50,
 'bf_search_max': 400.0,
 'bf_search_min': -400.0,
 'bf_search_step_size': 1.0,
 'dataset': 'machine-1-6',
 'dense_dim': 500,
 'early_stop': True,
 'get_score_on_dim': True,
 'gradient_clip_norm': 10.0,
 'initial_lr': 0.001,
 'l2_reg': 0.0001,
 'level': 0.0075,
 'lr_anneal_epoch_freq': 40,
 'lr_anneal_factor': 0.5,
 'lr_anneal_step_freq': None,
 'max_epoch': 10,
 'max_test_size': None,
 'max_train_size': None,
 'nf_layers': 20,
 'percentage_Dimension': 30.0,
 'posterior_flow_type': 'nf',
 'restore_dir': None,
 'result_dir': 'result',
 'rnn_cell': 'GRU',
 'rnn_num_hidden': 500,
 'save_dir': 'model',
 'save_z': False,
 'std_epsilon': 0.0001,
 'test_batch_size': 50,
 'test_n_z': 1,
 'test_score_filename': 'test_score.pkl',
 'test_start': 0,
 'train_score_filename': 'train_score.pkl',
 'train_start': 0,
 'use_connected_z_p': True,
 'use_connected_z_q': True,
 'valid_step_freq': 100,
 'window_length': 100,
 'x_dim': 38,
 'z_dim': 3}

train start time:  2025-06-21 15:17:54
load data of: machine-1-6
train:  0 None
test:  0 None
Data normalized
Data normalized
train set shape:  (23688, 38)
test set shape:  (23689, 38)
test set label shape:  (23689,)
Trainable Parameters                                            (2,607,740 in total)
------------------------------------------------------------------------------------
model/q_z_given_x/rnn_q_z/rnn/gru_cell/gates/kernel             (538, 1000)  538,000
model/q_z_given_x/rnn_q_z/rnn/gru_cell/gates/bias               (1000,)        1,000
model/q_z_given_x/rnn_q_z/rnn/gru_cell/candidate/kernel         (538, 500)   269,000
model/q_z_given_x/rnn_q_z/rnn/gru_cell/candidate/bias           (500,)           500
model/q_z_given_x/rnn_q_z/dense/kernel                          (500, 500)   250,000
model/q_z_given_x/rnn_q_z/dense/bias                            (500,)           500
model/q_z_given_x/rnn_q_z/dense_1/kernel                        (500, 500)   250,000
model/q_z_given_x/rnn_q_z/dense_1/bias                          (500,)           500
model/vae/variational/z_mean/kernel                             (503, 3)       1,509
model/vae/variational/z_mean/bias                               (3,)               3
model/vae/variational/z_std/kernel                              (503, 3)       1,509
model/vae/variational/z_std/bias                                (3,)               3
model/posterior_flow/_0/w                                       (1, 3)             3
model/posterior_flow/_0/b                                       (1,)               1
model/posterior_flow/_0/u                                       (1, 3)             3
model/posterior_flow/_1/w                                       (1, 3)             3
model/posterior_flow/_1/b                                       (1,)               1
model/posterior_flow/_1/u                                       (1, 3)             3
model/posterior_flow/_2/w                                       (1, 3)             3
model/posterior_flow/_2/b                                       (1,)               1
model/posterior_flow/_2/u                                       (1, 3)             3
model/posterior_flow/_3/w                                       (1, 3)             3
model/posterior_flow/_3/b                                       (1,)               1
model/posterior_flow/_3/u                                       (1, 3)             3
model/posterior_flow/_4/w                                       (1, 3)             3
model/posterior_flow/_4/b                                       (1,)               1
model/posterior_flow/_4/u                                       (1, 3)             3
model/posterior_flow/_5/w                                       (1, 3)             3
model/posterior_flow/_5/b                                       (1,)               1
model/posterior_flow/_5/u                                       (1, 3)             3
model/posterior_flow/_6/w                                       (1, 3)             3
model/posterior_flow/_6/b                                       (1,)               1
model/posterior_flow/_6/u                                       (1, 3)             3
model/posterior_flow/_7/w                                       (1, 3)             3
model/posterior_flow/_7/b                                       (1,)               1
model/posterior_flow/_7/u                                       (1, 3)             3
model/posterior_flow/_8/w                                       (1, 3)             3
model/posterior_flow/_8/b                                       (1,)               1
model/posterior_flow/_8/u                                       (1, 3)             3
model/posterior_flow/_9/w                                       (1, 3)             3
model/posterior_flow/_9/b                                       (1,)               1
model/posterior_flow/_9/u                                       (1, 3)             3
model/posterior_flow/_10/w                                      (1, 3)             3
model/posterior_flow/_10/b                                      (1,)               1
model/posterior_flow/_10/u                                      (1, 3)             3
model/posterior_flow/_11/w                                      (1, 3)             3
model/posterior_flow/_11/b                                      (1,)               1
model/posterior_flow/_11/u                                      (1, 3)             3
model/posterior_flow/_12/w                                      (1, 3)             3
model/posterior_flow/_12/b                                      (1,)               1
model/posterior_flow/_12/u                                      (1, 3)             3
model/posterior_flow/_13/w                                      (1, 3)             3
model/posterior_flow/_13/b                                      (1,)               1
model/posterior_flow/_13/u                                      (1, 3)             3
model/posterior_flow/_14/w                                      (1, 3)             3
model/posterior_flow/_14/b                                      (1,)               1
model/posterior_flow/_14/u                                      (1, 3)             3
model/posterior_flow/_15/w                                      (1, 3)             3
model/posterior_flow/_15/b                                      (1,)               1
model/posterior_flow/_15/u                                      (1, 3)             3
model/posterior_flow/_16/w                                      (1, 3)             3
model/posterior_flow/_16/b                                      (1,)               1
model/posterior_flow/_16/u                                      (1, 3)             3
model/posterior_flow/_17/w                                      (1, 3)             3
model/posterior_flow/_17/b                                      (1,)               1
model/posterior_flow/_17/u                                      (1, 3)             3
model/posterior_flow/_18/w                                      (1, 3)             3
model/posterior_flow/_18/b                                      (1,)               1
model/posterior_flow/_18/u                                      (1, 3)             3
model/posterior_flow/_19/w                                      (1, 3)             3
model/posterior_flow/_19/b                                      (1,)               1
model/posterior_flow/_19/u                                      (1, 3)             3
model/p_x_given_z/hidden/rnn_p_x/rnn/gru_cell/gates/kernel      (503, 1000)  503,000
model/p_x_given_z/hidden/rnn_p_x/rnn/gru_cell/gates/bias        (1000,)        1,000
model/p_x_given_z/hidden/rnn_p_x/rnn/gru_cell/candidate/kernel  (503, 500)   251,500
model/p_x_given_z/hidden/rnn_p_x/rnn/gru_cell/candidate/bias    (500,)           500
model/p_x_given_z/hidden/rnn_p_x/dense/kernel                   (500, 500)   250,000
model/p_x_given_z/hidden/rnn_p_x/dense/bias                     (500,)           500
model/p_x_given_z/hidden/rnn_p_x/dense_1/kernel                 (500, 500)   250,000
model/p_x_given_z/hidden/rnn_p_x/dense_1/bias                   (500,)           500
model/p_x_given_z/x_mean/kernel                                 (500, 38)     19,000
model/p_x_given_z/x_mean/bias                                   (38,)             38
model/p_x_given_z/x_std/kernel                                  (500, 38)     19,000
model/p_x_given_z/x_std/bias                                    (38,)             38/home/hz/anaconda3/envs/py36/lib/python3.6/site-packages/tensorflow/python/framework/dtypes.py:523: FutureWarning: Passing (type, 1) or '1type' as a synonym of type is deprecated; in a future version of numpy, it will be understood as (type, (1,)) / '(1,)type'.
  _np_qint8 = np.dtype([("qint8", np.int8, 1)])
/home/hz/anaconda3/envs/py36/lib/python3.6/site-packages/tensorflow/python/framework/dtypes.py:524: FutureWarning: Passing (type, 1) or '1type' as a synonym of type is deprecated; in a future version of numpy, it will be understood as (type, (1,)) / '(1,)type'.
  _np_quint8 = np.dtype([("quint8", np.uint8, 1)])
/home/hz/anaconda3/envs/py36/lib/python3.6/site-packages/tensorflow/python/framework/dtypes.py:525: FutureWarning: Passing (type, 1) or '1type' as a synonym of type is deprecated; in a future version of numpy, it will be understood as (type, (1,)) / '(1,)type'.
  _np_qint16 = np.dtype([("qint16", np.int16, 1)])
/home/hz/anaconda3/envs/py36/lib/python3.6/site-packages/tensorflow/python/framework/dtypes.py:526: FutureWarning: Passing (type, 1) or '1type' as a synonym of type is deprecated; in a future version of numpy, it will be understood as (type, (1,)) / '(1,)type'.
  _np_quint16 = np.dtype([("quint16", np.uint16, 1)])
/home/hz/anaconda3/envs/py36/lib/python3.6/site-packages/tensorflow/python/framework/dtypes.py:527: FutureWarning: Passing (type, 1) or '1type' as a synonym of type is deprecated; in a future version of numpy, it will be understood as (type, (1,)) / '(1,)type'.
  _np_qint32 = np.dtype([("qint32", np.int32, 1)])
/home/hz/anaconda3/envs/py36/lib/python3.6/site-packages/tensorflow/python/framework/dtypes.py:532: FutureWarning: Passing (type, 1) or '1type' as a synonym of type is deprecated; in a future version of numpy, it will be understood as (type, (1,)) / '(1,)type'.
  np_resource = np.dtype([("resource", np.ubyte, 1)])
/home/hz/anaconda3/envs/py36/lib/python3.6/site-packages/tfsnippet/utils/tfver.py:22: DeprecationWarning: Function 'semver.compare' is deprecated. Deprecated since version 2.10.0.  This function will be removed in semver 3. Use the respective 'semver.VersionInfo.compare' instead.
  compare_result = semver.compare(version, tf.__version__)
/home/hz/anaconda3/envs/py36/lib/python3.6/site-packages/tfsnippet/utils/tfver.py:22: DeprecationWarning: Function 'semver.compare' is deprecated. Deprecated since version 2.10.0.  This function will be removed in semver 3. Use the respective 'semver.VersionInfo.compare' instead.
  compare_result = semver.compare(version, tf.__version__)
INFO:tensorflow:Restoring parameters from /tmp/tmpwkfz5f6b/variables.dat-3100
2025-06-21 16:43:35,348 [INFO] tensorflow: Restoring parameters from /tmp/tmpwkfz5f6b/variables.dat-3100


train_values: (16582, 38)
[Epoch 1/10, Step 100] step time: 1.92s (±8.359s); train time: 1m 52.38s; valid time: 1m 19.72s; loss: 3435.79 (±27647.9); valid loss: -35.3934 (*)
[Epoch 1/10, Step 200] step time: 1.59s (±7.415s); train time: 1m 24.58s; valid time: 1m 14.46s; loss: -42.0008 (±5.98417); valid loss: -41.4024 (*)
[Epoch 1/10, Step 300] step time: 1.567s (±7.329s); train time: 1m 23.04s; valid time: 1m 13.72s; loss: -45.4311 (±3.82732); valid loss: -42.0579 (*)
train_values: (16582, 38)
[Epoch 2/10, Step 400, ETA 1h 20m 2.308s] step time: 1.566s (±7.316s); train time: 59.23s; valid time: 1m 13.63s; loss: -46.6321 (±4.41709); valid loss: -44.4174 (*)
[Epoch 2/10, Step 500, ETA 1h 16m 16.09s] step time: 1.553s (±7.211s); train time: 1m 22.97s; valid time: 1m 12.43s; loss: -47.9898 (±3.06342); valid loss: -47.2129 (*)
[Epoch 2/10, Step 600, ETA 1h 12m 49.87s] step time: 1.545s (±6.984s); train time: 1m 24.55s; valid time: 1m 10.05s; loss: -46.0709 (±4.25716); valid loss: -44.3188
train_values: (16582, 38)
[Epoch 3/10, Step 700, ETA 1h 9m 39.63s] step time: 1.548s (±7.118s); train time: 34.96s; valid time: 1m 11.44s; loss: -48.9559 (±4.82384); valid loss: -41.9525
[Epoch 3/10, Step 800, ETA 1h 6m 36.59s] step time: 1.543s (±6.979s); train time: 1m 24.31s; valid time: 1m 10.11s; loss: -48.7825 (±5.58207); valid loss: -44.7716
[Epoch 3/10, Step 900, ETA 1h 3m 47.99s] step time: 1.574s (±7.379s); train time: 1m 23.2s; valid time: 1m 14.26s; loss: -49.8881 (±2.73413); valid loss: -47.2259 (*)
train_values: (16582, 38)
[Epoch 4/10, Step 1000, ETA 1h 54.95s] step time: 1.544s (±6.935s); train time: 11.27s; valid time: 1m 9.589s; loss: -45.0752 (±25.6691); valid loss: -38.0738
[Epoch 4/10, Step 1100, ETA 58m 5.844s] step time: 1.548s (±7.054s); train time: 1m 24.02s; valid time: 1m 10.81s; loss: -49.6658 (±3.31302); valid loss: -30.3609
[Epoch 4/10, Step 1200, ETA 55m 24.51s] step time: 1.578s (±7.313s); train time: 1m 24.46s; valid time: 1m 13.46s; loss: -49.3641 (±5.9697); valid loss: -49.0179 (*)
[Epoch 4/10, Step 1300, ETA 52m 39.72s] step time: 1.553s (±7.02s); train time: 1m 24.76s; valid time: 1m 10.57s; loss: -47.4407 (±12.629); valid loss: -35.6655
train_values: (16582, 38)
[Epoch 5/10, Step 1400, ETA 49m 57.65s] step time: 1.562s (±7.112s); train time: 1m 10.8s; valid time: 1m 11.53s; loss: -47.9085 (±7.69372); valid loss: -28.9256
[Epoch 5/10, Step 1500, ETA 47m 14.59s] step time: 1.548s (±7.138s); train time: 1m 23.16s; valid time: 1m 11.71s; loss: -46.9635 (±8.10641); valid loss: -47.5818
[Epoch 5/10, Step 1600, ETA 44m 34.07s] step time: 1.562s (±7.081s); train time: 1m 25.2s; valid time: 1m 11.11s; loss: -48.5374 (±7.05082); valid loss: -42.0349
train_values: (16582, 38)
[Epoch 6/10, Step 1700, ETA 41m 52.86s] step time: 1.549s (±7.088s); train time: 45.9s; valid time: 1m 11.2s; loss: -50.0465 (±5.48406); valid loss: -45.8959
[Epoch 6/10, Step 1800, ETA 39m 21.75s] step time: 1.663s (±7.058s); train time: 1m 35.52s; valid time: 1m 10.91s; loss: -50.8958 (±4.68951); valid loss: -46.8032
[Epoch 6/10, Step 1900, ETA 36m 42.19s] step time: 1.57s (±7.177s); train time: 1m 25.02s; valid time: 1m 12.04s; loss: -50.8139 (±5.2824); valid loss: -43.3499
train_values: (16582, 38)
[Epoch 7/10, Step 2000, ETA 34m 2.386s] step time: 1.562s (±7.041s); train time: 22.63s; valid time: 1m 10.82s; loss: -52.7332 (±4.42487); valid loss: -42.5007
[Epoch 7/10, Step 2100, ETA 31m 22.78s] step time: 1.56s (±7.1s); train time: 1m 24.68s; valid time: 1m 11.38s; loss: -53.4348 (±3.46192); valid loss: -47.7781
[Epoch 7/10, Step 2200, ETA 28m 42.04s] step time: 1.531s (±6.983s); train time: 1m 22.94s; valid time: 1m 10.19s; loss: -53.6028 (±2.8989); valid loss: -45.8336
[Epoch 7/10, Step 2300, ETA 26m 4.091s] step time: 1.58s (±7.399s); train time: 1m 23.72s; valid time: 1m 14.34s; loss: -55.03 (±3.05525); valid loss: -50.0322 (*)
train_values: (16582, 38)
[Epoch 8/10, Step 2400, ETA 23m 25.2s] step time: 1.554s (±7.01s); train time: 1m 22.58s; valid time: 1m 10.32s; loss: -54.5195 (±3.90008); valid loss: -41.8862
[Epoch 8/10, Step 2500, ETA 20m 46.58s] step time: 1.555s (±7.102s); train time: 1m 24.24s; valid time: 1m 11.31s; loss: -55.2885 (±3.67286); valid loss: -47.4456
[Epoch 8/10, Step 2600, ETA 18m 7.886s] step time: 1.543s (±6.965s); train time: 1m 24.33s; valid time: 1m 10.09s; loss: -55.7426 (±4.57045); valid loss: -46.3405
train_values: (16582, 38)
[Epoch 9/10, Step 2700, ETA 15m 30.05s] step time: 1.568s (±7.307s); train time: 56.83s; valid time: 1m 13.45s; loss: -55.4438 (±5.04092); valid loss: -54.3456 (*)
[Epoch 9/10, Step 2800, ETA 12m 51.98s] step time: 1.551s (±7.066s); train time: 1m 23.99s; valid time: 1m 11.16s; loss: -54.495 (±4.70785); valid loss: -51.6641
[Epoch 9/10, Step 2900, ETA 10m 14.03s] step time: 1.545s (±7.051s); train time: 1m 23.78s; valid time: 1m 10.8s; loss: -57.0146 (±3.95009); valid loss: -53.741
train_values: (16582, 38)
[Epoch 10/10, Step 3000, ETA 7m 36.36s] step time: 1.549s (±7.063s); train time: 32.63s; valid time: 1m 10.96s; loss: -56.1377 (±4.08592); valid loss: -50.3876
[Epoch 10/10, Step 3100, ETA 4m 59.04s] step time: 1.581s (±7.35s); train time: 1m 24.36s; valid time: 1m 13.79s; loss: -59.1087 (±3.4245); valid loss: -55.2116 (*)
[Epoch 10/10, Step 3200, ETA 2m 21.6s] step time: 1.554s (±7.085s); train time: 1m 24.28s; valid time: 1m 11.17s; loss: -57.2142 (±5.19768); valid loss: -42.9875
train end time:  2025-06-21 16:43:35
train time:  5141.793109416962
test start time:  2025-06-21 16:43:35
------------------------------ testing ------------------------------
test_score shape:  (23590, 38)
test_z shape:  (23590, 100, 6)
search range:  -400.0 400.0
cur thr:  -399.0 [0.9960755487848878, 0.9983744215703754, 0.9937971925733624, 3685.0, 19876.0, 6.0, 23.0, 3.4166524306148727] [0.9960755487848878, 0.9983744215703754, 0.9937971925733624, 3685.0, 19876.0, 6.0, 23.0, 3.4166524306148727] -399.0
cur thr:  -349.0 [0.9963497968561404, 0.9975669072788134, 0.9951456283841811, 3690.0, 19873.0, 9.0, 18.0, 3.23998704005184] [0.9964843303164362, 0.9978366657711285, 0.9951456283841811, 3690.0, 19874.0, 8.0, 18.0, 3.27998688005248] -361.0
cur thr:  -299.0 [0.9960808388847755, 0.997027827622189, 0.9951456283841811, 3690.0, 19871.0, 11.0, 18.0, 3.03998784004864] [0.9964843303164362, 0.9978366657711285, 0.9951456283841811, 3690.0, 19874.0, 8.0, 18.0, 3.27998688005248] -361.0
cur thr:  -249.0 [0.9967631093883946, 0.9954276465964829, 0.9981121871679822, 3701.0, 19865.0, 17.0, 7.0, 2.6428477041153426] [0.9970284385444014, 0.9970334385193272, 0.9970334385193272, 3697.0, 19871.0, 11.0, 11.0, 2.777767489750038] -281.0
cur thr:  -199.0 [0.9964947281035657, 0.9948924704438374, 0.9981121871679822, 3701.0, 19863.0, 19.0, 7.0, 2.5357052296241798] [0.9970284385444014, 0.9970334385193272, 0.9970334385193272, 3697.0, 19871.0, 11.0, 11.0, 2.777767489750038] -281.0
cur thr:  -149.0 [0.9960955755763248, 0.9932957870922612, 0.9989212486544734, 3704.0, 19857.0, 25.0, 4.0, 0.2068958382902128] [0.9970284385444014, 0.9970334385193272, 0.9970334385193272, 3697.0, 19871.0, 11.0, 11.0, 2.777767489750038] -281.0
cur thr:  -99.0 [0.9940905422940219, 0.9893162366738348, 0.9989212486544734, 3704.0, 19842.0, 40.0, 4.0, 0.17241319857517734] [0.9970284385444014, 0.9970334385193272, 0.9970334385193272, 3697.0, 19871.0, 11.0, 11.0, 2.777767489750038] -281.0
cur thr:  -49.0 [0.9870702812425942, 0.9755069766249487, 0.9989212486544734, 3704.0, 19789.0, 93.0, 4.0, 0.17241319857517734] [0.9970284385444014, 0.9970334385193272, 0.9970334385193272, 3697.0, 19871.0, 11.0, 11.0, 2.777767489750038] -281.0
cur thr:  1.0 [0.872140122069047, 0.7739239432220562, 0.9989212486544734, 3704.0, 18800.0, 1082.0, 4.0, 0.06896527943007093] [0.9970284385444014, 0.9970334385193272, 0.9970334385193272, 3697.0, 19871.0, 11.0, 11.0, 2.777767489750038] -281.0
cur thr:  51.0 [0.3486252894077844, 0.21116241935399213, 0.9989212486544734, 3704.0, 6045.0, 13837.0, 4.0, 0.06896527943007093] [0.9970284385444014, 0.9970334385193272, 0.9970334385193272, 3697.0, 19871.0, 11.0, 11.0, 2.777767489750038] -281.0
cur thr:  101.0 [0.2716659062414536, 0.1571852479198028, 0.9999999973031283, 3708.0, 0.0, 19882.0, 0.0, 0.0]  0%|          | 0/23590 [00:00<?, ?it/s]100%|██████████| 23590/23590 [00:00<00:00, 510181.77it/s] [0.9970284385444014, 0.9970334385193272, 0.9970334385193272, 3697.0, 19871.0, 11.0, 11.0, 2.777767489750038] -281.0
cur thr:  151.0 [0.2716659062414536, 0.1571852479198028, 0.9999999973031283, 3708.0, 0.0, 19882.0, 0.0, 0.0] [0.9970284385444014, 0.9970334385193272, 0.9970334385193272, 3697.0, 19871.0, 11.0, 11.0, 2.777767489750038] -281.0
cur thr:  201.0 [0.2716659062414536, 0.1571852479198028, 0.9999999973031283, 3708.0, 0.0, 19882.0, 0.0, 0.0] [0.9970284385444014, 0.9970334385193272, 0.9970334385193272, 3697.0, 19871.0, 11.0, 11.0, 2.777767489750038] -281.0
cur thr:  251.0 [0.2716659062414536, 0.1571852479198028, 0.9999999973031283, 3708.0, 0.0, 19882.0, 0.0, 0.0] [0.9970284385444014, 0.9970334385193272, 0.9970334385193272, 3697.0, 19871.0, 11.0, 11.0, 2.777767489750038] -281.0
cur thr:  301.0 [0.2716659062414536, 0.1571852479198028, 0.9999999973031283, 3708.0, 0.0, 19882.0, 0.0, 0.0] [0.9970284385444014, 0.9970334385193272, 0.9970334385193272, 3697.0, 19871.0, 11.0, 11.0, 2.777767489750038] -281.0
cur thr:  351.0 [0.2716659062414536, 0.1571852479198028, 0.9999999973031283, 3708.0, 0.0, 19882.0, 0.0, 0.0] [0.9970284385444014, 0.9970334385193272, 0.9970334385193272, 3697.0, 19871.0, 11.0, 11.0, 2.777767489750038] -281.0
[0.9970284385444014, 0.9970334385193272, 0.9970334385193272, 3697.0, 19871.0, 11.0, 11.0, 2.777767489750038] -281.0
label_file: ServerMachineDataset/interpretation_label/machine-1-6.txt
Initial threshold : 82.62015
Number of peaks : 176
Grimshaw maximum log-likelihood estimation ... [done]
	γ = 0
	σ = 351.27722
	L = 1207.6373262076602
Extreme quantile (probability = 0.001): 788.5832072527742
1803
23590
POT result:  (0.9931576198637799, 0.9874700053653158, 0.9989212486544734, 3704.0, 19835.0, 47.0, 4.0) -87.07917677979651 0.17241319857517734

=== 全局调试信息 ===
y_true shape: (23590,), unique values: [0. 1.]
y_pred shape: (23590,), unique values: [False  True]
feature_scores shape: (23590, 38)
interpretation_segments 数量: 30


=== 处理第 1/30 段 ===
原始段范围: orig_start=246, orig_end=252
调整后段范围: start=147, end=153
段内真实标签 (seg_true): [1. 1. 1. 1. 1. 1. 0.]
段内预测标签 (seg_pred): [ True  True  True  True  True  True False]
段内真实异常时间点索引 (相对段内): [0 1 2 3 4 5]
段内是否有预测为异常的时间点: True
真实异常维度 (0-based): [0, 1, 2, 3, 5, 8, 9, 10, 11, 12, 14]
段内检测到的异常时间点索引 (相对段内): [0 1 2 3 4 5]
选择的维度数量 (k): 11 (基于真实异常维度数的 100%)
推断的异常维度 (0-based): [2, 7, 9, 10, 13, 16, 17, 26, 28, 32, 33, 36, 37]
真实与推断的交集: [2, 9, 10]
段内指标: TP=3, FP=10, FN=8, TN=17, IPS=0.2727

=== 处理第 2/30 段 ===
原始段范围: orig_start=653, orig_end=658
调整后段范围: start=554, end=559
段内真实标签 (seg_true): [1. 1. 1. 1. 1. 0.]
段内预测标签 (seg_pred): [ True  True  True  True  True False]
段内真实异常时间点索引 (相对段内): [0 1 2 3 4]
段内是否有预测为异常的时间点: True
真实异常维度 (0-based): [0, 1, 2, 3, 5, 8, 9, 10, 11, 12, 14, 18, 19, 20, 21, 25, 27, 29, 30, 31]
段内检测到的异常时间点索引 (相对段内): [0 1 2 3 4]
选择的维度数量 (k): 11 (基于真实异常维度数的 100%)
推断的异常维度 (0-based): [7, 11, 13, 15, 16, 17, 25, 26, 28, 32, 33, 36, 37]
真实与推断的交集: [11, 25]
段内指标: TP=2, FP=11, FN=18, TN=7, IPS=0.1000

=== 处理第 3/30 段 ===
原始段范围: orig_start=2092, orig_end=2100
调整后段范围: start=1993, end=2001
段内真实标签 (seg_true): [1. 1. 1. 1. 1. 1. 1. 1. 0.]
段内预测标签 (seg_pred): [ True  True  True  True  True  True  True  True False]
段内真实异常时间点索引 (相对段内): [0 1 2 3 4 5 6 7]
段内是否有预测为异常的时间点: True
真实异常维度 (0-based): [0, 1, 2, 3, 5, 8, 9, 10, 11, 12, 14, 18, 19, 20, 21, 25, 27, 29, 30, 31]
段内检测到的异常时间点索引 (相对段内): [0 1 2 3 4 5 6 7]
选择的维度数量 (k): 11 (基于真实异常维度数的 100%)
推断的异常维度 (0-based): [2, 7, 9, 10, 13, 15, 16, 17, 25, 26, 28, 32, 33, 36, 37]
真实与推断的交集: [2, 9, 10, 25]
段内指标: TP=4, FP=11, FN=16, TN=7, IPS=0.2000

=== 处理第 4/30 段 ===
原始段范围: orig_start=2884, orig_end=2888
调整后段范围: start=2785, end=2789
段内真实标签 (seg_true): [1. 1. 1. 1. 0.]
段内预测标签 (seg_pred): [False False False False False]
段内真实异常时间点索引 (相对段内): [0 1 2 3]
段内是否有预测为异常的时间点: False
真实异常维度 (0-based): [5]
段内检测到的异常时间点索引 (相对段内): []
未检测到任何异常点，将整个段中的时间索引标记为异常
选择的维度数量 (k): 11 (基于真实异常维度数的 100%)
推断的异常维度 (0-based): [7, 8, 9, 10, 16, 17, 26, 28, 32, 33, 36, 37]
真实与推断的交集: []
段内指标: TP=0, FP=12, FN=1, TN=25, IPS=0.0000

=== 处理第 5/30 段 ===
原始段范围: orig_start=3534, orig_end=3539
调整后段范围: start=3435, end=3440
段内真实标签 (seg_true): [1. 1. 1. 1. 1. 0.]
段内预测标签 (seg_pred): [ True  True  True  True  True False]
段内真实异常时间点索引 (相对段内): [0 1 2 3 4]
段内是否有预测为异常的时间点: True
真实异常维度 (0-based): [0, 1, 2, 3, 5, 8, 9, 10, 11, 12, 14, 18, 19, 20, 21]
段内检测到的异常时间点索引 (相对段内): [0 1 2 3 4]
选择的维度数量 (k): 11 (基于真实异常维度数的 100%)
推断的异常维度 (0-based): [2, 3, 7, 9, 10, 13, 15, 16, 17, 26, 28, 32, 33, 36, 37]
真实与推断的交集: [2, 3, 9, 10]
段内指标: TP=4, FP=11, FN=11, TN=12, IPS=0.2667

=== 处理第 6/30 段 ===
原始段范围: orig_start=4647, orig_end=5045
调整后段范围: start=4548, end=4946
段内真实标签 (seg_true): [1. 1. 1. 1. 1. 1. 1. 1. 1. 1. 1. 1. 1. 1. 1. 1. 1. 1. 1. 1. 1. 1. 1. 1.
 1. 1. 1. 1. 1. 1. 1. 1. 1. 1. 1. 1. 1. 1. 1. 1. 1. 1. 1. 1. 1. 1. 1. 1.
 1. 1. 1. 1. 1. 1. 1. 1. 1. 1. 1. 1. 1. 1. 1. 1. 1. 1. 1. 1. 1. 1. 1. 1.
 1. 1. 1. 1. 1. 1. 1. 1. 1. 1. 1. 1. 1. 1. 1. 1. 1. 1. 1. 1. 1. 1. 1. 1.
 1. 1. 1. 1. 1. 1. 1. 1. 1. 1. 1. 1. 1. 1. 1. 1. 1. 1. 1. 1. 1. 1. 1. 1.
 1. 1. 1. 1. 1. 1. 1. 1. 1. 1. 1. 1. 1. 1. 1. 1. 1. 1. 1. 1. 1. 1. 1. 1.
 1. 1. 1. 1. 1. 1. 1. 1. 1. 1. 1. 1. 1. 1. 1. 1. 1. 1. 1. 1. 1. 1. 1. 1.
 1. 1. 1. 1. 1. 1. 1. 1. 1. 1. 1. 1. 1. 1. 1. 1. 1. 1. 1. 1. 1. 1. 1. 1.
 1. 1. 1. 1. 1. 1. 1. 1. 1. 1. 1. 1. 1. 1. 1. 1. 1. 1. 1. 1. 1. 1. 1. 1.
 1. 1. 1. 1. 1. 1. 1. 1. 1. 1. 1. 1. 1. 1. 1. 1. 1. 1. 1. 1. 1. 1. 1. 1.
 1. 1. 1. 1. 1. 1. 1. 1. 1. 1. 1. 1. 1. 1. 1. 1. 1. 1. 1. 1. 1. 1. 1. 1.
 1. 1. 1. 1. 1. 1. 1. 1. 1. 1. 1. 1. 1. 1. 1. 1. 1. 1. 1. 1. 1. 1. 1. 1.
 1. 1. 1. 1. 1. 1. 1. 1. 1. 1. 1. 1. 1. 1. 1. 1. 1. 1. 1. 1. 1. 1. 1. 1.
 1. 1. 1. 1. 1. 1. 1. 1. 1. 1. 1. 1. 1. 1. 1. 1. 1. 1. 1. 1. 1. 1. 1. 1.
 1. 1. 1. 1. 1. 1. 1. 1. 1. 1. 1. 1. 1. 1. 1. 1. 1. 1. 1. 1. 1. 1. 1. 1.
 1. 1. 1. 1. 1. 1. 1. 1. 1. 1. 1. 1. 1. 1. 1. 1. 1. 1. 1. 1. 1. 1. 1. 1.
 1. 1. 1. 1. 1. 1. 1. 1. 1. 1. 1. 1. 1. 1. 0.]
段内预测标签 (seg_pred): [ True  True  True  True  True  True  True  True  True  True  True  True
  True  True  True  True  True  True  True  True  True  True  True  True
  True  True  True  True  True  True  True  True  True  True  True  True
  True  True  True  True  True  True  True  True  True  True  True  True
  True  True  True  True  True  True  True  True  True  True  True  True
  True  True  True  True  True  True  True  True  True  True  True  True
  True  True  True  True  True  True  True  True  True  True  True  True
  True  True  True  True  True  True  True  True  True  True  True  True
  True  True  True  True  True  True  True  True  True  True  True  True
  True  True  True  True  True  True  True  True  True  True  True  True
  True  True  True  True  True  True  True  True  True  True  True  True
  True  True  True  True  True  True  True  True  True  True  True  True
  True  True  True  True  True  True  True  True  True  True  True  True
  True  True  True  True  True  True  True  True  True  True  True  True
  True  True  True  True  True  True  True  True  True  True  True  True
  True  True  True  True  True  True  True  True  True  True  True  True
  True  True  True  True  True  True  True  True  True  True  True  True
  True  True  True  True  True  True  True  True  True  True  True  True
  True  True  True  True  True  True  True  True  True  True  True  True
  True  True  True  True  True  True  True  True  True  True  True  True
  True  True  True  True  True  True  True  True  True  True  True  True
  True  True  True  True  True  True  True  True  True  True  True  True
  True  True  True  True  True  True  True  True  True  True  True  True
  True  True  True  True  True  True  True  True  True  True  True  True
  True  True  True  True  True  True  True  True  True  True  True  True
  True  True  True  True  True  True  True  True  True  True  True  True
  True  True  True  True  True  True  True  True  True  True  True  True
  True  True  True  True  True  True  True  True  True  True  True  True
  True  True  True  True  True  True  True  True  True  True  True  True
  True  True  True  True  True  True  True  True  True  True  True  True
  True  True  True  True  True  True  True  True  True  True  True  True
  True  True  True  True  True  True  True  True  True  True  True  True
  True  True  True  True  True  True  True  True  True  True  True  True
  True  True False]
段内真实异常时间点索引 (相对段内): [  0   1   2   3   4   5   6   7   8   9  10  11  12  13  14  15  16  17
  18  19  20  21  22  23  24  25  26  27  28  29  30  31  32  33  34  35
  36  37  38  39  40  41  42  43  44  45  46  47  48  49  50  51  52  53
  54  55  56  57  58  59  60  61  62  63  64  65  66  67  68  69  70  71
  72  73  74  75  76  77  78  79  80  81  82  83  84  85  86  87  88  89
  90  91  92  93  94  95  96  97  98  99 100 101 102 103 104 105 106 107
 108 109 110 111 112 113 114 115 116 117 118 119 120 121 122 123 124 125
 126 127 128 129 130 131 132 133 134 135 136 137 138 139 140 141 142 143
 144 145 146 147 148 149 150 151 152 153 154 155 156 157 158 159 160 161
 162 163 164 165 166 167 168 169 170 171 172 173 174 175 176 177 178 179
 180 181 182 183 184 185 186 187 188 189 190 191 192 193 194 195 196 197
 198 199 200 201 202 203 204 205 206 207 208 209 210 211 212 213 214 215
 216 217 218 219 220 221 222 223 224 225 226 227 228 229 230 231 232 233
 234 235 236 237 238 239 240 241 242 243 244 245 246 247 248 249 250 251
 252 253 254 255 256 257 258 259 260 261 262 263 264 265 266 267 268 269
 270 271 272 273 274 275 276 277 278 279 280 281 282 283 284 285 286 287
 288 289 290 291 292 293 294 295 296 297 298 299 300 301 302 303 304 305
 306 307 308 309 310 311 312 313 314 315 316 317 318 319 320 321 322 323
 324 325 326 327 328 329 330 331 332 333 334 335 336 337 338 339 340 341
 342 343 344 345 346 347 348 349 350 351 352 353 354 355 356 357 358 359
 360 361 362 363 364 365 366 367 368 369 370 371 372 373 374 375 376 377
 378 379 380 381 382 383 384 385 386 387 388 389 390 391 392 393 394 395
 396 397]
段内是否有预测为异常的时间点: True
真实异常维度 (0-based): [4, 5, 8, 9, 10, 12, 16, 32, 33]
段内检测到的异常时间点索引 (相对段内): [  0   1   2   3   4   5   6   7   8   9  10  11  12  13  14  15  16  17
  18  19  20  21  22  23  24  25  26  27  28  29  30  31  32  33  34  35
  36  37  38  39  40  41  42  43  44  45  46  47  48  49  50  51  52  53
  54  55  56  57  58  59  60  61  62  63  64  65  66  67  68  69  70  71
  72  73  74  75  76  77  78  79  80  81  82  83  84  85  86  87  88  89
  90  91  92  93  94  95  96  97  98  99 100 101 102 103 104 105 106 107
 108 109 110 111 112 113 114 115 116 117 118 119 120 121 122 123 124 125
 126 127 128 129 130 131 132 133 134 135 136 137 138 139 140 141 142 143
 144 145 146 147 148 149 150 151 152 153 154 155 156 157 158 159 160 161
 162 163 164 165 166 167 168 169 170 171 172 173 174 175 176 177 178 179
 180 181 182 183 184 185 186 187 188 189 190 191 192 193 194 195 196 197
 198 199 200 201 202 203 204 205 206 207 208 209 210 211 212 213 214 215
 216 217 218 219 220 221 222 223 224 225 226 227 228 229 230 231 232 233
 234 235 236 237 238 239 240 241 242 243 244 245 246 247 248 249 250 251
 252 253 254 255 256 257 258 259 260 261 262 263 264 265 266 267 268 269
 270 271 272 273 274 275 276 277 278 279 280 281 282 283 284 285 286 287
 288 289 290 291 292 293 294 295 296 297 298 299 300 301 302 303 304 305
 306 307 308 309 310 311 312 313 314 315 316 317 318 319 320 321 322 323
 324 325 326 327 328 329 330 331 332 333 334 335 336 337 338 339 340 341
 342 343 344 345 346 347 348 349 350 351 352 353 354 355 356 357 358 359
 360 361 362 363 364 365 366 367 368 369 370 371 372 373 374 375 376 377
 378 379 380 381 382 383 384 385 386 387 388 389 390 391 392 393 394 395
 396 397]
选择的维度数量 (k): 11 (基于真实异常维度数的 100%)
推断的异常维度 (0-based): [1, 2, 7, 9, 10, 11, 13, 15, 16, 17, 26, 28, 32, 33, 36, 37]
真实与推断的交集: [9, 10, 16, 32, 33]
段内指标: TP=5, FP=11, FN=4, TN=18, IPS=0.5556

=== 处理第 7/30 段 ===
原始段范围: orig_start=5167, orig_end=5172
调整后段范围: start=5068, end=5073
段内真实标签 (seg_true): [1. 1. 1. 1. 1. 0.]
段内预测标签 (seg_pred): [ True  True  True  True  True False]
段内真实异常时间点索引 (相对段内): [0 1 2 3 4]
段内是否有预测为异常的时间点: True
真实异常维度 (0-based): [8, 9, 10, 12, 17]
段内检测到的异常时间点索引 (相对段内): [0 1 2 3 4]
选择的维度数量 (k): 11 (基于真实异常维度数的 100%)
推断的异常维度 (0-based): [1, 2, 7, 9, 10, 13, 15, 16, 17, 26, 28, 32, 33, 36, 37]
真实与推断的交集: [9, 10, 17]
段内指标: TP=3, FP=12, FN=2, TN=21, IPS=0.6000

=== 处理第 8/30 段 ===
原始段范围: orig_start=5708, orig_end=5713
调整后段范围: start=5609, end=5614
段内真实标签 (seg_true): [1. 1. 1. 1. 1. 0.]
段内预测标签 (seg_pred): [ True  True  True  True  True False]
段内真实异常时间点索引 (相对段内): [0 1 2 3 4]
段内是否有预测为异常的时间点: True
真实异常维度 (0-based): [8, 9, 10, 12]
段内检测到的异常时间点索引 (相对段内): [0 1 2 3 4]
选择的维度数量 (k): 11 (基于真实异常维度数的 100%)
推断的异常维度 (0-based): [7, 9, 10, 11, 15, 16, 17, 26, 28, 32, 33, 36, 37]
真实与推断的交集: [9, 10]
段内指标: TP=2, FP=11, FN=2, TN=23, IPS=0.5000

=== 处理第 9/30 段 ===
原始段范围: orig_start=5873, orig_end=5885
调整后段范围: start=5774, end=5786
段内真实标签 (seg_true): [1. 1. 1. 1. 1. 1. 1. 1. 1. 1. 1. 1. 0.]
段内预测标签 (seg_pred): [ True  True  True  True  True  True  True  True  True  True  True  True
 False]
段内真实异常时间点索引 (相对段内): [ 0  1  2  3  4  5  6  7  8  9 10 11]
段内是否有预测为异常的时间点: True
真实异常维度 (0-based): [1, 2, 5, 8, 9, 10, 12, 18, 19, 20, 21, 27, 30, 31]
段内检测到的异常时间点索引 (相对段内): [ 0  1  2  3  4  5  6  7  8  9 10 11]
选择的维度数量 (k): 11 (基于真实异常维度数的 100%)
推断的异常维度 (0-based): [3, 7, 9, 10, 11, 13, 15, 16, 17, 26, 28, 32, 33, 36, 37]
真实与推断的交集: [9, 10]
段内指标: TP=2, FP=13, FN=12, TN=11, IPS=0.1429

=== 处理第 10/30 段 ===
原始段范围: orig_start=6022, orig_end=6027
调整后段范围: start=5923, end=5928
段内真实标签 (seg_true): [1. 1. 1. 1. 1. 0.]
段内预测标签 (seg_pred): [ True  True  True  True  True False]
段内真实异常时间点索引 (相对段内): [0 1 2 3 4]
段内是否有预测为异常的时间点: True
真实异常维度 (0-based): [32, 33]
段内检测到的异常时间点索引 (相对段内): [0 1 2 3 4]
选择的维度数量 (k): 11 (基于真实异常维度数的 100%)
推断的异常维度 (0-based): [1, 3, 7, 9, 10, 15, 16, 17, 26, 28, 32, 33, 36, 37]
真实与推断的交集: [32, 33]
段内指标: TP=2, FP=12, FN=0, TN=24, IPS=1.0000

=== 处理第 11/30 段 ===
原始段范围: orig_start=6412, orig_end=6419
调整后段范围: start=6313, end=6320
段内真实标签 (seg_true): [1. 1. 1. 1. 1. 1. 1. 0.]
段内预测标签 (seg_pred): [ True  True  True  True  True  True  True False]
段内真实异常时间点索引 (相对段内): [0 1 2 3 4 5 6]
段内是否有预测为异常的时间点: True
真实异常维度 (0-based): [0, 1, 2, 5, 8, 9, 10, 12, 14, 18, 19, 20, 21, 27, 29, 30, 31, 34, 35]
段内检测到的异常时间点索引 (相对段内): [0 1 2 3 4 5 6]
选择的维度数量 (k): 11 (基于真实异常维度数的 100%)
推断的异常维度 (0-based): [7, 9, 10, 13, 15, 16, 17, 24, 25, 26, 28, 32, 33, 36, 37]
真实与推断的交集: [9, 10]
段内指标: TP=2, FP=13, FN=17, TN=6, IPS=0.1053

=== 处理第 12/30 段 ===
原始段范围: orig_start=7851, orig_end=7856
调整后段范围: start=7752, end=7757
段内真实标签 (seg_true): [1. 1. 1. 1. 1. 0.]
段内预测标签 (seg_pred): [ True  True  True  True  True False]
段内真实异常时间点索引 (相对段内): [0 1 2 3 4]
段内是否有预测为异常的时间点: True
真实异常维度 (0-based): [0, 1, 8, 9, 10, 12, 18, 19, 20, 21, 22, 27, 29, 30, 31]
段内检测到的异常时间点索引 (相对段内): [0 1 2 3 4]
选择的维度数量 (k): 11 (基于真实异常维度数的 100%)
推断的异常维度 (0-based): [1, 7, 9, 10, 13, 15, 16, 17, 26, 28, 32, 33, 36, 37]
真实与推断的交集: [1, 9, 10]
段内指标: TP=3, FP=11, FN=12, TN=12, IPS=0.2000

=== 处理第 13/30 段 ===
原始段范围: orig_start=9291, orig_end=9298
调整后段范围: start=9192, end=9199
段内真实标签 (seg_true): [1. 1. 1. 1. 1. 1. 1. 0.]
段内预测标签 (seg_pred): [ True  True  True  True  True  True  True False]
段内真实异常时间点索引 (相对段内): [0 1 2 3 4 5 6]
段内是否有预测为异常的时间点: True
真实异常维度 (0-based): [0, 1, 2, 8, 9, 10, 12, 18, 19, 20, 21, 22, 27, 29, 30, 31]
段内检测到的异常时间点索引 (相对段内): [0 1 2 3 4 5 6]
选择的维度数量 (k): 11 (基于真实异常维度数的 100%)
推断的异常维度 (0-based): [2, 3, 7, 9, 10, 13, 15, 16, 17, 26, 28, 32, 33, 36, 37]
真实与推断的交集: [2, 9, 10]
段内指标: TP=3, FP=12, FN=13, TN=10, IPS=0.1875

=== 处理第 14/30 段 ===
原始段范围: orig_start=10731, orig_end=10736
调整后段范围: start=10632, end=10637
段内真实标签 (seg_true): [1. 1. 1. 1. 1. 0.]
段内预测标签 (seg_pred): [ True  True  True  True  True False]
段内真实异常时间点索引 (相对段内): [0 1 2 3 4]
段内是否有预测为异常的时间点: True
真实异常维度 (0-based): [0, 1, 2, 8, 9, 10, 12, 18, 19, 20, 21, 22, 27, 29, 30, 31]
段内检测到的异常时间点索引 (相对段内): [0 1 2 3 4]
选择的维度数量 (k): 11 (基于真实异常维度数的 100%)
推断的异常维度 (0-based): [3, 7, 9, 10, 13, 15, 16, 17, 26, 28, 32, 33, 36, 37]
真实与推断的交集: [9, 10]
段内指标: TP=2, FP=12, FN=14, TN=10, IPS=0.1250

=== 处理第 15/30 段 ===
原始段范围: orig_start=11467, orig_end=11471
调整后段范围: start=11368, end=11372
段内真实标签 (seg_true): [1. 1. 1. 1. 0.]
段内预测标签 (seg_pred): [ True  True  True  True False]
段内真实异常时间点索引 (相对段内): [0 1 2 3]
段内是否有预测为异常的时间点: True
真实异常维度 (0-based): [0, 1, 2, 5, 8, 9, 10, 12, 18, 19, 20, 21, 22, 27, 29, 30, 31]
段内检测到的异常时间点索引 (相对段内): [0 1 2 3]
选择的维度数量 (k): 11 (基于真实异常维度数的 100%)
推断的异常维度 (0-based): [7, 9, 10, 13, 15, 16, 17, 25, 26, 28, 32, 33, 36, 37]
真实与推断的交集: [9, 10]
段内指标: TP=2, FP=12, FN=15, TN=9, IPS=0.1176

=== 处理第 16/30 段 ===
原始段范围: orig_start=12171, orig_end=12176
调整后段范围: start=12072, end=12077
段内真实标签 (seg_true): [1. 1. 1. 1. 1. 0.]
段内预测标签 (seg_pred): [ True  True  True  True  True False]
段内真实异常时间点索引 (相对段内): [0 1 2 3 4]
段内是否有预测为异常的时间点: True
真实异常维度 (0-based): [0, 1, 2, 5, 8, 9, 10, 12, 18, 19, 20, 21, 22, 27, 29, 30, 31]
段内检测到的异常时间点索引 (相对段内): [0 1 2 3 4]
选择的维度数量 (k): 11 (基于真实异常维度数的 100%)
推断的异常维度 (0-based): [3, 7, 9, 10, 11, 13, 15, 16, 17, 26, 28, 32, 33, 36, 37]
真实与推断的交集: [9, 10]
段内指标: TP=2, FP=13, FN=15, TN=8, IPS=0.1176

=== 处理第 17/30 段 ===
原始段范围: orig_start=13069, orig_end=13073
调整后段范围: start=12970, end=12974
段内真实标签 (seg_true): [1. 1. 1. 1. 0.]
段内预测标签 (seg_pred): [ True  True  True  True False]
段内真实异常时间点索引 (相对段内): [0 1 2 3]
段内是否有预测为异常的时间点: True
真实异常维度 (0-based): [32, 33]
段内检测到的异常时间点索引 (相对段内): [0 1 2 3]
选择的维度数量 (k): 11 (基于真实异常维度数的 100%)
推断的异常维度 (0-based): [1, 7, 9, 10, 15, 16, 17, 26, 28, 32, 33, 36, 37]
真实与推断的交集: [32, 33]
段内指标: TP=2, FP=11, FN=0, TN=25, IPS=1.0000

=== 处理第 18/30 段 ===
原始段范围: orig_start=13277, orig_end=13280
调整后段范围: start=13178, end=13181
段内真实标签 (seg_true): [1. 1. 1. 0.]
段内预测标签 (seg_pred): [ True  True  True False]
段内真实异常时间点索引 (相对段内): [0 1 2]
段内是否有预测为异常的时间点: True
真实异常维度 (0-based): [16]
段内检测到的异常时间点索引 (相对段内): [0 1 2]
选择的维度数量 (k): 11 (基于真实异常维度数的 100%)
推断的异常维度 (0-based): [1, 7, 9, 10, 16, 17, 26, 28, 32, 33, 36, 37]
真实与推断的交集: [16]
段内指标: TP=1, FP=11, FN=0, TN=26, IPS=1.0000

=== 处理第 19/30 段 ===
原始段范围: orig_start=13613, orig_end=13619
调整后段范围: start=13514, end=13520
段内真实标签 (seg_true): [1. 1. 1. 1. 1. 1. 0.]
段内预测标签 (seg_pred): [ True  True  True  True  True  True False]
段内真实异常时间点索引 (相对段内): [0 1 2 3 4 5]
段内是否有预测为异常的时间点: True
真实异常维度 (0-based): [0, 1, 8, 9, 10, 11, 12, 29]
段内检测到的异常时间点索引 (相对段内): [0 1 2 3 4 5]
选择的维度数量 (k): 11 (基于真实异常维度数的 100%)
推断的异常维度 (0-based): [7, 9, 10, 13, 15, 16, 17, 25, 26, 28, 32, 33, 36, 37]
真实与推断的交集: [9, 10]
段内指标: TP=2, FP=12, FN=6, TN=18, IPS=0.2500

=== 处理第 20/30 段 ===
原始段范围: orig_start=14603, orig_end=14607
调整后段范围: start=14504, end=14508
段内真实标签 (seg_true): [1. 1. 1. 1. 0.]
段内预测标签 (seg_pred): [ True  True  True  True False]
段内真实异常时间点索引 (相对段内): [0 1 2 3]
段内是否有预测为异常的时间点: True
真实异常维度 (0-based): [8, 9, 10, 12, 18, 19, 20, 21, 31, 36]
段内检测到的异常时间点索引 (相对段内): [0 1 2 3]
选择的维度数量 (k): 11 (基于真实异常维度数的 100%)
推断的异常维度 (0-based): [0, 3, 7, 9, 10, 11, 13, 15, 16, 17, 26, 28, 32, 33, 36, 37]
真实与推断的交集: [9, 10, 36]
段内指标: TP=3, FP=13, FN=7, TN=15, IPS=0.3000

=== 处理第 21/30 段 ===
原始段范围: orig_start=15052, orig_end=15055
调整后段范围: start=14953, end=14956
段内真实标签 (seg_true): [1. 1. 1. 0.]
段内预测标签 (seg_pred): [ True  True  True False]
段内真实异常时间点索引 (相对段内): [0 1 2]
段内是否有预测为异常的时间点: True
真实异常维度 (0-based): [8, 9, 10, 12]
段内检测到的异常时间点索引 (相对段内): [0 1 2]
选择的维度数量 (k): 11 (基于真实异常维度数的 100%)
推断的异常维度 (0-based): [7, 9, 10, 13, 15, 16, 17, 26, 28, 32, 33, 36, 37]
真实与推断的交集: [9, 10]
段内指标: TP=2, FP=11, FN=2, TN=23, IPS=0.5000

=== 处理第 22/30 段 ===
原始段范围: orig_start=15397, orig_end=15401
调整后段范围: start=15298, end=15302
段内真实标签 (seg_true): [1. 1. 1. 1. 0.]
段内预测标签 (seg_pred): [ True  True  True  True False]
段内真实异常时间点索引 (相对段内): [0 1 2 3]
段内是否有预测为异常的时间点: True
真实异常维度 (0-based): [8, 11, 12]
段内检测到的异常时间点索引 (相对段内): [0 1 2 3]
选择的维度数量 (k): 11 (基于真实异常维度数的 100%)
推断的异常维度 (0-based): [7, 9, 10, 15, 16, 17, 26, 28, 32, 33, 36, 37]
真实与推断的交集: []
段内指标: TP=0, FP=12, FN=3, TN=23, IPS=0.0000

=== 处理第 23/30 段 ===
原始段范围: orig_start=15802, orig_end=15805
调整后段范围: start=15703, end=15706
段内真实标签 (seg_true): [1. 1. 1. 0.]
段内预测标签 (seg_pred): [ True  True  True False]
段内真实异常时间点索引 (相对段内): [0 1 2]
段内是否有预测为异常的时间点: True
真实异常维度 (0-based): [8, 9, 10, 12]
段内检测到的异常时间点索引 (相对段内): [0 1 2]
选择的维度数量 (k): 11 (基于真实异常维度数的 100%)
推断的异常维度 (0-based): [7, 9, 10, 11, 15, 16, 17, 26, 28, 32, 33, 36, 37]
真实与推断的交集: [9, 10]
段内指标: TP=2, FP=11, FN=2, TN=23, IPS=0.5000

=== 处理第 24/30 段 ===
原始段范围: orig_start=16491, orig_end=16499
调整后段范围: start=16392, end=16400
段内真实标签 (seg_true): [1. 1. 1. 1. 1. 1. 1. 1. 0.]
段内预测标签 (seg_pred): [ True  True  True  True  True  True  True  True False]
段内真实异常时间点索引 (相对段内): [0 1 2 3 4 5 6 7]
段内是否有预测为异常的时间点: True
真实异常维度 (0-based): [0, 1, 2, 8, 9, 10, 12, 14]
段内检测到的异常时间点索引 (相对段内): [0 1 2 3 4 5 6 7]
选择的维度数量 (k): 11 (基于真实异常维度数的 100%)
推断的异常维度 (0-based): [5, 7, 9, 10, 13, 15, 16, 17, 24, 26, 28, 32, 33, 36, 37]
真实与推断的交集: [9, 10]
段内指标: TP=2, FP=13, FN=6, TN=17, IPS=0.2500

=== 处理第 25/30 段 ===
原始段范围: orig_start=16718, orig_end=16721
调整后段范围: start=16619, end=16622
段内真实标签 (seg_true): [1. 1. 1. 0.]
段内预测标签 (seg_pred): [ True  True  True False]
段内真实异常时间点索引 (相对段内): [0 1 2]
段内是否有预测为异常的时间点: True
真实异常维度 (0-based): [8, 9, 10, 12]
段内检测到的异常时间点索引 (相对段内): [0 1 2]
选择的维度数量 (k): 11 (基于真实异常维度数的 100%)
推断的异常维度 (0-based): [2, 7, 9, 10, 11, 16, 17, 26, 28, 32, 33, 36, 37]
真实与推断的交集: [9, 10]
段内指标: TP=2, FP=11, FN=2, TN=23, IPS=0.5000

=== 处理第 26/30 段 ===
原始段范围: orig_start=16972, orig_end=16976
调整后段范围: start=16873, end=16877
段内真实标签 (seg_true): [1. 1. 1. 1. 0.]
段内预测标签 (seg_pred): [ True  True  True  True False]
段内真实异常时间点索引 (相对段内): [0 1 2 3]
段内是否有预测为异常的时间点: True
真实异常维度 (0-based): [8, 11, 12, 14]
段内检测到的异常时间点索引 (相对段内): [0 1 2 3]
选择的维度数量 (k): 11 (基于真实异常维度数的 100%)
推断的异常维度 (0-based): [7, 9, 10, 15, 16, 17, 26, 28, 32, 33, 36, 37]
真实与推断的交集: []
段内指标: TP=0, FP=12, FN=4, TN=22, IPS=0.0000

=== 处理第 27/30 段 ===
原始段范围: orig_start=17931, orig_end=17939
调整后段范围: start=17832, end=17840
段内真实标签 (seg_true): [1. 1. 1. 1. 1. 1. 1. 1. 0.]
段内预测标签 (seg_pred): [ True  True  True  True  True  True  True  True False]
段内真实异常时间点索引 (相对段内): [0 1 2 3 4 5 6 7]
段内是否有预测为异常的时间点: True
真实异常维度 (0-based): [0, 1, 2, 5, 8, 9, 10, 11, 12, 14, 18, 19, 20, 21, 22, 27, 29, 30, 31]
段内检测到的异常时间点索引 (相对段内): [0 1 2 3 4 5 6 7]
选择的维度数量 (k): 11 (基于真实异常维度数的 100%)
推断的异常维度 (0-based): [1, 3, 7, 9, 10, 13, 15, 16, 17, 26, 28, 32, 33, 36, 37]
真实与推断的交集: [1, 9, 10]
段内指标: TP=3, FP=12, FN=16, TN=7, IPS=0.1579

=== 处理第 28/30 段 ===
原始段范围: orig_start=18600, orig_end=21761
调整后段范围: start=18501, end=21662
段内真实标签 (seg_true): [1. 1. 1. ... 1. 1. 0.]
段内预测标签 (seg_pred): [ True  True  True ...  True  True False]
段内真实异常时间点索引 (相对段内): [   0    1    2 ... 3158 3159 3160]
段内是否有预测为异常的时间点: True
真实异常维度 (0-based): [0, 1, 2, 3, 5, 8, 9, 10, 11, 12, 13, 14, 15, 22, 24, 27, 29, 30, 31, 34, 35]
段内检测到的异常时间点索引 (相对段内): [   0    1    2 ... 3158 3159 3160]
选择的维度数量 (k): 11 (基于真实异常维度数的 100%)
推断的异常维度 (0-based): [1, 2, 3, 4, 5, 7, 8, 9, 10, 11, 13, 14, 15, 16, 17, 18, 19, 20, 22, 24, 25, 26, 28, 29, 31, 32, 33, 34, 35, 36, 37]
真实与推断的交集: [1, 2, 3, 5, 8, 9, 10, 11, 13, 14, 15, 22, 24, 29, 31, 34, 35]
段内指标: TP=17, FP=14, FN=4, TN=3, IPS=0.8095

=== 处理第 29/30 段 ===
原始段范围: orig_start=22252, orig_end=22260
调整后段范围: start=22153, end=22161
段内真实标签 (seg_true): [1. 1. 1. 1. 1. 1. 1. 1. 0.]
段内预测标签 (seg_pred): [ True  True  True  True  True  True  True  True False]
段内真实异常时间点索引 (相对段内): [0 1 2 3 4 5 6 7]
段内是否有预测为异常的时间点: True
真实异常维度 (0-based): [8, 12, 14]
段内检测到的异常时间点索引 (相对段内): [0 1 2 3 4 5 6 7]
选择的维度数量 (k): 11 (基于真实异常维度数的 100%)
推断的异常维度 (0-based): [1, 2, 7, 8, 9, 10, 13, 15, 16, 17, 26, 28, 32, 33, 36, 37]
真实与推断的交集: [8]
段内指标: TP=1, FP=15, FN=2, TN=20, IPS=0.3333

=== 处理第 30/30 段 ===
原始段范围: orig_start=22417, orig_end=22420
调整后段范围: start=22318, end=22321
段内真实标签 (seg_true): [1. 1. 1. 0.]
段内预测标签 (seg_pred): [ True  True  True False]
段内真实异常时间点索引 (相对段内): [0 1 2]
段内是否有预测为异常的时间点: True
真实异常维度 (0-based): [10, 12]
段内检测到的异常时间点索引 (相对段内): [0 1 2]
选择的维度数量 (k): 11 (基于真实异常维度数的 100%)
推断的异常维度 (0-based): [7, 9, 10, 14, 15, 16, 17, 26, 28, 32, 33, 36, 37]
真实与推断的交集: [10]
段内指标: TP=1, FP=12, FN=1, TN=24, IPS=0.5000

=== 汇总指标 ===
总 TP: 79, 总 TN: 489, 总 FP: 357, 总 FN: 215
平均 IPS: 0.7582, Precision: 0.1812, Recall: 0.2687, F1: 0.2164
每段IPS与混淆: [{'original_start': 246, 'original_end': 252, 'start': 147, 'end': 153, 'TP': 3, 'TN': 17, 'FP': 10, 'FN': 8, 'IPS': 0.2727272727272727, 'k_selected': 11, 'gt_dims_count': 11}, {'original_start': 653, 'original_end': 658, 'start': 554, 'end': 559, 'TP': 2, 'TN': 7, 'FP': 11, 'FN': 18, 'IPS': 0.1, 'k_selected': 11, 'gt_dims_count': 20}, {'original_start': 2092, 'original_end': 2100, 'start': 1993, 'end': 2001, 'TP': 4, 'TN': 7, 'FP': 11, 'FN': 16, 'IPS': 0.2, 'k_selected': 11, 'gt_dims_count': 20}, {'original_start': 2884, 'original_end': 2888, 'start': 2785, 'end': 2789, 'TP': 0, 'TN': 25, 'FP': 12, 'FN': 1, 'IPS': 0.0, 'k_selected': 11, 'gt_dims_count': 1}, {'original_start': 3534, 'original_end': 3539, 'start': 3435, 'end': 3440, 'TP': 4, 'TN': 12, 'FP': 11, 'FN': 11, 'IPS': 0.26666666666666666, 'k_selected': 11, 'gt_dims_count': 15}, {'original_start': 4647, 'original_end': 5045, 'start': 4548, 'end': 4946, 'TP': 5, 'TN': 18, 'FP': 11, 'FN': 4, 'IPS': 0.5555555555555556, 'k_selected': 11, 'gt_dims_count': 9}, {'original_start': 5167, 'original_end': 5172, 'start': 5068, 'end': 5073, 'TP': 3, 'TN': 21, 'FP': 12, 'FN': 2, 'IPS': 0.6, 'k_selected': 11, 'gt_dims_count': 5}, {'original_start': 5708, 'original_end': 5713, 'start': 5609, 'end': 5614, 'TP': 2, 'TN': 23, 'FP': 11, 'FN': 2, 'IPS': 0.5, 'k_selected': 11, 'gt_dims_count': 4}, {'original_start': 5873, 'original_end': 5885, 'start': 5774, 'end': 5786, 'TP': 2, 'TN': 11, 'FP': 13, 'FN': 12, 'IPS': 0.14285714285714285, 'k_selected': 11, 'gt_dims_count': 14}, {'original_start': 6022, 'original_end': 6027, 'start': 5923, 'end': 5928, 'TP': 2, 'TN': 24, 'FP': 12, 'FN': 0, 'IPS': 1.0, 'k_selected': 11, 'gt_dims_count': 2}, {'original_start': 6412, 'original_end': 6419, 'start': 6313, 'end': 6320, 'TP': 2, 'TN': 6, 'FP': 13, 'FN': 17, 'IPS': 0.10526315789473684, 'k_selected': 11, 'gt_dims_count': 19}, {'original_start': 7851, 'original_end': 7856, 'start': 7752, 'end': 7757, 'TP': 3, 'TN': 12, 'FP': 11, 'FN': 12, 'IPS': 0.2, 'k_selected': 11, 'gt_dims_count': 15}, {'original_start': 9291, 'original_end': 9298, 'start': 9192, 'end': 9199, 'TP': 3, 'TN': 10, 'FP': 12, 'FN': 13, 'IPS': 0.1875, 'k_selected': 11, 'gt_dims_count': 16}, {'original_start': 10731, 'original_end': 10736, 'start': 10632, 'end': 10637, 'TP': 2, 'TN': 10, 'FP': 12, 'FN': 14, 'IPS': 0.125, 'k_selected': 11, 'gt_dims_count': 16}, {'original_start': 11467, 'original_end': 11471, 'start': 11368, 'end': 11372, 'TP': 2, 'TN': 9, 'FP': 12, 'FN': 15, 'IPS': 0.11764705882352941, 'k_selected': 11, 'gt_dims_count': 17}, {'original_start': 12171, 'original_end': 12176, 'start': 12072, 'end': 12077, 'TP': 2, 'TN': 8, 'FP': 13, 'FN': 15, 'IPS': 0.11764705882352941, 'k_selected': 11, 'gt_dims_count': 17}, {'original_start': 13069, 'original_end': 13073, 'start': 12970, 'end': 12974, 'TP': 2, 'TN': 25, 'FP': 11, 'FN': 0, 'IPS': 1.0, 'k_selected': 11, 'gt_dims_count': 2}, {'original_start': 13277, 'original_end': 13280, 'start': 13178, 'end': 13181, 'TP': 1, 'TN': 26, 'FP': 11, 'FN': 0, 'IPS': 1.0, 'k_selected': 11, 'gt_dims_count': 1}, {'original_start': 13613, 'original_end': 13619, 'start': 13514, 'end': 13520, 'TP': 2, 'TN': 18, 'FP': 12, 'FN': 6, 'IPS': 0.25, 'k_selected': 11, 'gt_dims_count': 8}, {'original_start': 14603, 'original_end': 14607, 'start': 14504, 'end': 14508, 'TP': 3, 'TN': 15, 'FP': 13, 'FN': 7, 'IPS': 0.3, 'k_selected': 11, 'gt_dims_count': 10}, {'original_start': 15052, 'original_end': 15055, 'start': 14953, 'end': 14956, 'TP': 2, 'TN': 23, 'FP': 11, 'FN': 2, 'IPS': 0.5, 'k_selected': 11, 'gt_dims_count': 4}, {'original_start': 15397, 'original_end': 15401, 'start': 15298, 'end': 15302, 'TP': 0, 'TN': 23, 'FP': 12, 'FN': 3, 'IPS': 0.0, 'k_selected': 11, 'gt_dims_count': 3}, {'original_start': 15802, 'original_end': 15805, 'start': 15703, 'end': 15706, 'TP': 2, 'TN': 23, 'FP': 11, 'FN': 2, 'IPS': 0.5, 'k_selected': 11, 'gt_dims_count': 4}, {'original_start': 16491, 'original_end': 16499, 'start': 16392, 'end': 16400, 'TP': 2, 'TN': 17, 'FP': 13, 'FN': 6, 'IPS': 0.25, 'k_selected': 11, 'gt_dims_count': 8}, {'original_start': 16718, 'original_end': 16721, 'start': 16619, 'end': 16622, 'TP': 2, 'TN': 23, 'FP': 11, 'FN': 2, 'IPS': 0.5, 'k_selected': 11, 'gt_dims_count': 4}, {'original_start': 16972, 'original_end': 16976, 'start': 16873, 'end': 16877, 'TP': 0, 'TN': 22, 'FP': 12, 'FN': 4, 'IPS': 0.0, 'k_selected': 11, 'gt_dims_count': 4}, {'original_start': 17931, 'original_end': 17939, 'start': 17832, 'end': 17840, 'TP': 3, 'TN': 7, 'FP': 12, 'FN': 16, 'IPS': 0.15789473684210525, 'k_selected': 11, 'gt_dims_count': 19}, {'original_start': 18600, 'original_end': 21761, 'start': 18501, 'end': 21662, 'TP': 17, 'TN': 3, 'FP': 14, 'FN': 4, 'IPS': 0.8095238095238095, 'k_selected': 11, 'gt_dims_count': 21}, {'original_start': 22252, 'original_end': 22260, 'start': 22153, 'end': 22161, 'TP': 1, 'TN': 20, 'FP': 15, 'FN': 2, 'IPS': 0.3333333333333333, 'k_selected': 11, 'gt_dims_count': 3}, {'original_start': 22417, 'original_end': 22420, 'start': 22318, 'end': 22321, 'TP': 1, 'TN': 24, 'FP': 12, 'FN': 1, 'IPS': 0.5, 'k_selected': 11, 'gt_dims_count': 2}]
总和: {'TP': 79, 'TN': 489, 'FP': 357, 'FN': 215, 'IPS': 0.7582275178408191, 'precision': 0.1811926605504587, 'recall': 0.2687074829931973, 'F1': 0.21643835616438356}
test end time:  2025-06-21 16:51:50
test time:  494.20130348205566
==============================result==============================
{'FN': 11.0,
 'FP': 11.0,
 'TN': 19871.0,
 'TP': 3697.0,
 'best-f1': 0.9970284385444014,
 'best_valid_loss': -55.21159624192554,
 'dataset': 'machine-1-6',
 'latency': 2.777767489750038,
 'pot-FN': 4.0,
 'pot-FP': 47.0,
 'pot-TN': 19835.0,
 'pot-TP': 3704.0,
 'pot-f1': 0.9931576198637799,
 'pot-latency': 0.17241319857517734,
 'pot-precision': 0.9874700053653158,
 'pot-recall': 0.9989212486544734,
 'pot-threshold': -87.07917677979651,
 'precision': 0.9970334385193272,
 'pred_time': 0.5065699366189665,
 'pred_total_time': 239.56120800971985,
 'recall': 0.9970334385193272,
 'segment_results': [{'FN': 8,
                      'FP': 10,
                      'IPS': 0.2727272727272727,
                      'TN': 17,
                      'TP': 3,
                      'end': 153,
                      'gt_dims_count': 11,
                      'k_selected': 11,
                      'original_end': 252,
                      'original_start': 246,
                      'start': 147},
                     {'FN': 18,
                      'FP': 11,
                      'IPS': 0.1,
                      'TN': 7,
                      'TP': 2,
                      'end': 559,
                      'gt_dims_count': 20,
                      'k_selected': 11,
                      'original_end': 658,
                      'original_start': 653,
                      'start': 554},
                     {'FN': 16,
                      'FP': 11,
                      'IPS': 0.2,
                      'TN': 7,
                      'TP': 4,
                      'end': 2001,
                      'gt_dims_count': 20,
                      'k_selected': 11,
                      'original_end': 2100,
                      'original_start': 2092,
                      'start': 1993},
                     {'FN': 1,
                      'FP': 12,
                      'IPS': 0.0,
                      'TN': 25,
                      'TP': 0,
                      'end': 2789,
                      'gt_dims_count': 1,
                      'k_selected': 11,
                      'original_end': 2888,
                      'original_start': 2884,
                      'start': 2785},
                     {'FN': 11,
                      'FP': 11,
                      'IPS': 0.26666666666666666,
                      'TN': 12,
                      'TP': 4,
                      'end': 3440,
                      'gt_dims_count': 15,
                      'k_selected': 11,
                      'original_end': 3539,
                      'original_start': 3534,
                      'start': 3435},
                     {'FN': 4,
                      'FP': 11,
                      'IPS': 0.5555555555555556,
                      'TN': 18,
                      'TP': 5,
                      'end': 4946,
                      'gt_dims_count': 9,
                      'k_selected': 11,
                      'original_end': 5045,
                      'original_start': 4647,
                      'start': 4548},
                     {'FN': 2,
                      'FP': 12,
                      'IPS': 0.6,
                      'TN': 21,
                      'TP': 3,
                      'end': 5073,
                      'gt_dims_count': 5,
                      'k_selected': 11,
                      'original_end': 5172,
                      'original_start': 5167,
                      'start': 5068},
                     {'FN': 2,
                      'FP': 11,
                      'IPS': 0.5,
                      'TN': 23,
                      'TP': 2,
                      'end': 5614,
                      'gt_dims_count': 4,
                      'k_selected': 11,
                      'original_end': 5713,
                      'original_start': 5708,
                      'start': 5609},
                     {'FN': 12,
                      'FP': 13,
                      'IPS': 0.14285714285714285,
                      'TN': 11,
                      'TP': 2,
                      'end': 5786,
                      'gt_dims_count': 14,
                      'k_selected': 11,
                      'original_end': 5885,
                      'original_start': 5873,
                      'start': 5774},
                     {'FN': 0,
                      'FP': 12,
                      'IPS': 1.0,
                      'TN': 24,
                      'TP': 2,
                      'end': 5928,
                      'gt_dims_count': 2,
                      'k_selected': 11,
                      'original_end': 6027,
                      'original_start': 6022,
                      'start': 5923},
                     {'FN': 17,
                      'FP': 13,
                      'IPS': 0.10526315789473684,
                      'TN': 6,
                      'TP': 2,
                      'end': 6320,
                      'gt_dims_count': 19,
                      'k_selected': 11,
                      'original_end': 6419,
                      'original_start': 6412,
                      'start': 6313},
                     {'FN': 12,
                      'FP': 11,
                      'IPS': 0.2,
                      'TN': 12,
                      'TP': 3,
                      'end': 7757,
                      'gt_dims_count': 15,
                      'k_selected': 11,
                      'original_end': 7856,
                      'original_start': 7851,
                      'start': 7752},
                     {'FN': 13,
                      'FP': 12,
                      'IPS': 0.1875,
                      'TN': 10,
                      'TP': 3,
                      'end': 9199,
                      'gt_dims_count': 16,
                      'k_selected': 11,
                      'original_end': 9298,
                      'original_start': 9291,
                      'start': 9192},
                     {'FN': 14,
                      'FP': 12,
                      'IPS': 0.125,
                      'TN': 10,
                      'TP': 2,
                      'end': 10637,
                      'gt_dims_count': 16,
                      'k_selected': 11,
                      'original_end': 10736,
                      'original_start': 10731,
                      'start': 10632},
                     {'FN': 15,
                      'FP': 12,
                      'IPS': 0.11764705882352941,
                      'TN': 9,
                      'TP': 2,
                      'end': 11372,
                      'gt_dims_count': 17,
                      'k_selected': 11,
                      'original_end': 11471,
                      'original_start': 11467,
                      'start': 11368},
                     {'FN': 15,
                      'FP': 13,
                      'IPS': 0.11764705882352941,
                      'TN': 8,
                      'TP': 2,
                      'end': 12077,
                      'gt_dims_count': 17,
                      'k_selected': 11,
                      'original_end': 12176,
                      'original_start': 12171,
                      'start': 12072},
                     {'FN': 0,
                      'FP': 11,
                      'IPS': 1.0,
                      'TN': 25,
                      'TP': 2,
                      'end': 12974,
                      'gt_dims_count': 2,
                      'k_selected': 11,
                      'original_end': 13073,
                      'original_start': 13069,
                      'start': 12970},
                     {'FN': 0,
                      'FP': 11,
                      'IPS': 1.0,
                      'TN': 26,
                      'TP': 1,
                      'end': 13181,
                      'gt_dims_count': 1,
                      'k_selected': 11,
                      
'original_end': 13280,
                      'original_start': 13277,
                      'start': 13178},
                     {'FN': 6,
                      'FP': 12,
                      'IPS': 0.25,
                      'TN': 18,
                      'TP': 2,
                      'end': 13520,
                      'gt_dims_count': 8,
                      'k_selected': 11,
                      'original_end': 13619,
                      'original_start': 13613,
                      'start': 13514},
                     {'FN': 7,
                      'FP': 13,
                      'IPS': 0.3,
                      'TN': 15,
                      'TP': 3,
                      'end': 14508,
                      'gt_dims_count': 10,
                      'k_selected': 11,
                      'original_end': 14607,
                      'original_start': 14603,
                      'start': 14504},
                     {'FN': 2,
                      'FP': 11,
                      'IPS': 0.5,
                      'TN': 23,
                      'TP': 2,
                      'end': 14956,
                      'gt_dims_count': 4,
                      'k_selected': 11,
                      'original_end': 15055,
                      'original_start': 15052,
                      'start': 14953},
                     {'FN': 3,
                      'FP': 12,
                      'IPS': 0.0,
                      'TN': 23,
                      'TP': 0,
                      'end': 15302,
                      'gt_dims_count': 3,
                      'k_selected': 11,
                      'original_end': 15401,
                      'original_start': 15397,
                      'start': 15298},
                     {'FN': 2,
                      'FP': 11,
                      'IPS': 0.5,
                      'TN': 23,
                      'TP': 2,
                      'end': 15706,
                      'gt_dims_count': 4,
                      'k_selected': 11,
                      'original_end': 15805,
                      'original_start': 15802,
                      'start': 15703},
                     {'FN': 6,
                      'FP': 13,
                      'IPS': 0.25,
                      'TN': 17,
                      'TP': 2,
                      'end': 16400,
                      'gt_dims_count': 8,
                      'k_selected': 11,
                      'original_end': 16499,
                      'original_start': 16491,
                      'start': 16392},
                     {'FN': 2,
                      'FP': 11,
                      'IPS': 0.5,
                      'TN': 23,
                      'TP': 2,
                      'end': 16622,
                      'gt_dims_count': 4,
                      'k_selected': 11,
                      'original_end': 16721,
                      'original_start': 16718,
                      'start': 16619},
                     {'FN': 4,
                      'FP': 12,
                      'IPS': 0.0,
                      'TN': 22,
                      'TP': 0,
                      'end': 16877,
                      'gt_dims_count': 4,
                      'k_selected': 11,
                      'original_end': 16976,
                      'original_start': 16972,
                      'start': 16873},
                     {'FN': 16,
                      'FP': 12,
                      'IPS': 0.15789473684210525,
                      'TN': 7,
                      'TP': 3,
                      'end': 17840,
                      'gt_dims_count': 19,
                      'k_selected': 11,
                      'original_end': 17939,
                      'original_start': 17931,
                      'start': 17832},
                     {'FN': 4,
                      'FP': 14,
                      'IPS': 0.8095238095238095,
                      'TN': 3,
                      'TP': 17,
                      'end': 21662,
                      'gt_dims_count': 21,
                      'k_selected': 11,
                      'original_end': 21761,
                      'original_start': 18600,
                      'start': 18501},
                     {'FN': 2,
                      'FP': 15,
                      'IPS': 0.3333333333333333,
                      'TN': 20,
                      'TP': 1,
                      'end': 22161,
                      'gt_dims_count': 3,
                      'k_selected': 11,
                      'original_end': 22260,
                      'original_start': 22252,
                      'start': 22153},
                     {'FN': 1,
                      'FP': 12,
                      'IPS': 0.5,
                      'TN': 24,
                      'TP': 1,
                      'end': 22321,
                      'gt_dims_count': 2,
                      'k_selected': 11,
                      'original_end': 22420,
                      'original_start': 22417,
                      'start': 22318}],
 'segment_summary': {'F1': 0.21643835616438356,
                     'FN': 215,
                     'FP': 357,
                     'IPS': 0.7582275178408191,
                     'TN': 489,
                     'TP': 79,
                     'precision': 0.1811926605504587,
                     'recall': 0.2687074829931973},
 'threshold': -281.0,
 'train_time': 511.4184256315231,
 'valid_time': 0.5032891654904853}
