2025-06-22 01:58:03.236196: I tensorflow/core/platform/cpu_feature_guard.cc:141] Your CPU supports instructions that this TensorFlow binary was not compiled to use: AVX2 AVX512F FMA
Configurations
===========================================
{'batch_size': 50,
 'bf_search_max': 400.0,
 'bf_search_min': -400.0,
 'bf_search_step_size': 1.0,
 'dataset': 'machine-2-8',
 'dense_dim': 500,
 'early_stop': True,
 'get_score_on_dim': True,
 'gradient_clip_norm': 10.0,
 'initial_lr': 0.001,
 'l2_reg': 0.0001,
 'level': 0.0075,
 'lr_anneal_epoch_freq': 40,
 'lr_anneal_factor': 0.5,
 'lr_anneal_step_freq': None,
 'max_epoch': 10,
 'max_test_size': None,
 'max_train_size': None,
 'nf_layers': 20,
 'percentage_Dimension': 30.0,
 'posterior_flow_type': 'nf',
 'restore_dir': None,
 'result_dir': 'result',
 'rnn_cell': 'GRU',
 'rnn_num_hidden': 500,
 'save_dir': 'model',
 'save_z': False,
 'std_epsilon': 0.0001,
 'test_batch_size': 50,
 'test_n_z': 1,
 'test_score_filename': 'test_score.pkl',
 'test_start': 0,
 'train_score_filename': 'train_score.pkl',
 'train_start': 0,
 'use_connected_z_p': True,
 'use_connected_z_q': True,
 'valid_step_freq': 100,
 'window_length': 100,
 'x_dim': 38,
 'z_dim': 3}

train start time:  2025-06-22 01:57:35
load data of: machine-2-8
train:  0 None
test:  0 None
Data normalized
Data normalized
train set shape:  (23702, 38)
test set shape:  (23703, 38)
test set label shape:  (23703,)
Trainable Parameters                                            (2,607,740 in total)
------------------------------------------------------------------------------------
model/q_z_given_x/rnn_q_z/rnn/gru_cell/gates/kernel             (538, 1000)  538,000
model/q_z_given_x/rnn_q_z/rnn/gru_cell/gates/bias               (1000,)        1,000
model/q_z_given_x/rnn_q_z/rnn/gru_cell/candidate/kernel         (538, 500)   269,000
model/q_z_given_x/rnn_q_z/rnn/gru_cell/candidate/bias           (500,)           500
model/q_z_given_x/rnn_q_z/dense/kernel                          (500, 500)   250,000
model/q_z_given_x/rnn_q_z/dense/bias                            (500,)           500
model/q_z_given_x/rnn_q_z/dense_1/kernel                        (500, 500)   250,000
model/q_z_given_x/rnn_q_z/dense_1/bias                          (500,)           500
model/vae/variational/z_mean/kernel                             (503, 3)       1,509
model/vae/variational/z_mean/bias                               (3,)               3
model/vae/variational/z_std/kernel                              (503, 3)       1,509
model/vae/variational/z_std/bias                                (3,)               3
model/posterior_flow/_0/w                                       (1, 3)             3
model/posterior_flow/_0/b                                       (1,)               1
model/posterior_flow/_0/u                                       (1, 3)             3
model/posterior_flow/_1/w                                       (1, 3)             3
model/posterior_flow/_1/b                                       (1,)               1
model/posterior_flow/_1/u                                       (1, 3)             3
model/posterior_flow/_2/w                                       (1, 3)             3
model/posterior_flow/_2/b                                       (1,)               1
model/posterior_flow/_2/u                                       (1, 3)             3
model/posterior_flow/_3/w                                       (1, 3)             3
model/posterior_flow/_3/b                                       (1,)               1
model/posterior_flow/_3/u                                       (1, 3)             3
model/posterior_flow/_4/w                                       (1, 3)             3
model/posterior_flow/_4/b                                       (1,)               1
model/posterior_flow/_4/u                                       (1, 3)             3
model/posterior_flow/_5/w                                       (1, 3)             3
model/posterior_flow/_5/b                                       (1,)               1
model/posterior_flow/_5/u                                       (1, 3)             3
model/posterior_flow/_6/w                                       (1, 3)             3
model/posterior_flow/_6/b                                       (1,)               1
model/posterior_flow/_6/u                                       (1, 3)             3
model/posterior_flow/_7/w                                       (1, 3)             3
model/posterior_flow/_7/b                                       (1,)               1
model/posterior_flow/_7/u                                       (1, 3)             3
model/posterior_flow/_8/w                                       (1, 3)             3
model/posterior_flow/_8/b                                       (1,)               1
model/posterior_flow/_8/u                                       (1, 3)             3
model/posterior_flow/_9/w                                       (1, 3)             3
model/posterior_flow/_9/b                                       (1,)               1
model/posterior_flow/_9/u                                       (1, 3)             3
model/posterior_flow/_10/w                                      (1, 3)             3
model/posterior_flow/_10/b                                      (1,)               1
model/posterior_flow/_10/u                                      (1, 3)             3
model/posterior_flow/_11/w                                      (1, 3)             3
model/posterior_flow/_11/b                                      (1,)               1
model/posterior_flow/_11/u                                      (1, 3)             3
model/posterior_flow/_12/w                                      (1, 3)             3
model/posterior_flow/_12/b                                      (1,)               1
model/posterior_flow/_12/u                                      (1, 3)             3
model/posterior_flow/_13/w                                      (1, 3)             3
model/posterior_flow/_13/b                                      (1,)               1
model/posterior_flow/_13/u                                      (1, 3)             3
model/posterior_flow/_14/w                                      (1, 3)             3
model/posterior_flow/_14/b                                      (1,)               1
model/posterior_flow/_14/u                                      (1, 3)             3
model/posterior_flow/_15/w                                      (1, 3)             3
model/posterior_flow/_15/b                                      (1,)               1
model/posterior_flow/_15/u                                      (1, 3)             3
model/posterior_flow/_16/w                                      (1, 3)             3
model/posterior_flow/_16/b                                      (1,)               1
model/posterior_flow/_16/u                                      (1, 3)             3
model/posterior_flow/_17/w                                      (1, 3)             3
model/posterior_flow/_17/b                                      (1,)               1
model/posterior_flow/_17/u                                      (1, 3)             3
model/posterior_flow/_18/w                                      (1, 3)             3
model/posterior_flow/_18/b                                      (1,)               1
model/posterior_flow/_18/u                                      (1, 3)             3
model/posterior_flow/_19/w                                      (1, 3)             3
model/posterior_flow/_19/b                                      (1,)               1
model/posterior_flow/_19/u                                      (1, 3)             3
model/p_x_given_z/hidden/rnn_p_x/rnn/gru_cell/gates/kernel      (503, 1000)  503,000
model/p_x_given_z/hidden/rnn_p_x/rnn/gru_cell/gates/bias        (1000,)        1,000
model/p_x_given_z/hidden/rnn_p_x/rnn/gru_cell/candidate/kernel  (503, 500)   251,500
model/p_x_given_z/hidden/rnn_p_x/rnn/gru_cell/candidate/bias    (500,)           500
model/p_x_given_z/hidden/rnn_p_x/dense/kernel                   (500, 500)   250,000
model/p_x_given_z/hidden/rnn_p_x/dense/bias                     (500,)           500
model/p_x_given_z/hidden/rnn_p_x/dense_1/kernel                 (500, 500)   250,000
model/p_x_given_z/hidden/rnn_p_x/dense_1/bias                   (500,)           500
model/p_x_given_z/x_mean/kernel                                 (500, 38)     19,000
model/p_x_given_z/x_mean/bias                                   (38,)             38
model/p_x_given_z/x_std/kernel                                  (500, 38)     19,000
model/p_x_given_z/x_std/bias                                    (38,)             38/home/hz/anaconda3/envs/py36/lib/python3.6/site-packages/tensorflow/python/framework/dtypes.py:523: FutureWarning: Passing (type, 1) or '1type' as a synonym of type is deprecated; in a future version of numpy, it will be understood as (type, (1,)) / '(1,)type'.
  _np_qint8 = np.dtype([("qint8", np.int8, 1)])
/home/hz/anaconda3/envs/py36/lib/python3.6/site-packages/tensorflow/python/framework/dtypes.py:524: FutureWarning: Passing (type, 1) or '1type' as a synonym of type is deprecated; in a future version of numpy, it will be understood as (type, (1,)) / '(1,)type'.
  _np_quint8 = np.dtype([("quint8", np.uint8, 1)])
/home/hz/anaconda3/envs/py36/lib/python3.6/site-packages/tensorflow/python/framework/dtypes.py:525: FutureWarning: Passing (type, 1) or '1type' as a synonym of type is deprecated; in a future version of numpy, it will be understood as (type, (1,)) / '(1,)type'.
  _np_qint16 = np.dtype([("qint16", np.int16, 1)])
/home/hz/anaconda3/envs/py36/lib/python3.6/site-packages/tensorflow/python/framework/dtypes.py:526: FutureWarning: Passing (type, 1) or '1type' as a synonym of type is deprecated; in a future version of numpy, it will be understood as (type, (1,)) / '(1,)type'.
  _np_quint16 = np.dtype([("quint16", np.uint16, 1)])
/home/hz/anaconda3/envs/py36/lib/python3.6/site-packages/tensorflow/python/framework/dtypes.py:527: FutureWarning: Passing (type, 1) or '1type' as a synonym of type is deprecated; in a future version of numpy, it will be understood as (type, (1,)) / '(1,)type'.
  _np_qint32 = np.dtype([("qint32", np.int32, 1)])
/home/hz/anaconda3/envs/py36/lib/python3.6/site-packages/tensorflow/python/framework/dtypes.py:532: FutureWarning: Passing (type, 1) or '1type' as a synonym of type is deprecated; in a future version of numpy, it will be understood as (type, (1,)) / '(1,)type'.
  np_resource = np.dtype([("resource", np.ubyte, 1)])
/home/hz/anaconda3/envs/py36/lib/python3.6/site-packages/tfsnippet/utils/tfver.py:22: DeprecationWarning: Function 'semver.compare' is deprecated. Deprecated since version 2.10.0.  This function will be removed in semver 3. Use the respective 'semver.VersionInfo.compare' instead.
  compare_result = semver.compare(version, tf.__version__)
/home/hz/anaconda3/envs/py36/lib/python3.6/site-packages/tfsnippet/utils/tfver.py:22: DeprecationWarning: Function 'semver.compare' is deprecated. Deprecated since version 2.10.0.  This function will be removed in semver 3. Use the respective 'semver.VersionInfo.compare' instead.
  compare_result = semver.compare(version, tf.__version__)
INFO:tensorflow:Restoring parameters from /tmp/tmp908r0uhs/variables.dat-2100
2025-06-22 03:22:27,683 [INFO] tensorflow: Restoring parameters from /tmp/tmp908r0uhs/variables.dat-2100


train_values: (16592, 38)
[Epoch 1/10, Step 100] step time: 1.898s (±8.156s); train time: 1m 52.35s; valid time: 1m 17.59s; loss: 3594.88 (±25514.1); valid loss: -25.6587 (*)
[Epoch 1/10, Step 200] step time: 1.78s (±9.483s); train time: 1m 22.97s; valid time: 1m 35.14s; loss: -22.4774 (±85.9859); valid loss: -28.1751 (*)
[Epoch 1/10, Step 300] step time: 1.611s (±7.225s); train time: 1m 28.52s; valid time: 1m 12.66s; loss: -40.3459 (±2.83874); valid loss: -30.3216 (*)
train_values: (16592, 38)
[Epoch 2/10, Step 400, ETA 1h 22m 8.019s] step time: 1.527s (±7.002s); train time: 58.97s; valid time: 1m 10.19s; loss: -41.318 (±4.60049); valid loss: -28.6482
[Epoch 2/10, Step 500, ETA 1h 17m 57.94s] step time: 1.562s (±7.213s); train time: 1m 23.97s; valid time: 1m 12.29s; loss: -36.2628 (±32.5464); valid loss: -32.4275 (*)
[Epoch 2/10, Step 600, ETA 1h 14m 17.22s] step time: 1.558s (±7.196s); train time: 1m 23.46s; valid time: 1m 12.37s; loss: -44.1952 (±2.58964); valid loss: -33.2966 (*)
train_values: (16592, 38)
[Epoch 3/10, Step 700, ETA 1h 10m 50.67s] step time: 1.545s (±7.202s); train time: 34.53s; valid time: 1m 12.3s; loss: -44.8376 (±4.16275); valid loss: -37.791 (*)
[Epoch 3/10, Step 800, ETA 1h 7m 31.79s] step time: 1.529s (±6.967s); train time: 1m 22.86s; valid time: 1m 10.08s; loss: -31.3113 (±120.825); valid loss: -35.1165
[Epoch 3/10, Step 900, ETA 1h 4m 20.78s] step time: 1.52s (±6.877s); train time: 1m 22.8s; valid time: 1m 9.265s; loss: -44.9148 (±5.87106); valid loss: -32.4412
train_values: (16592, 38)
[Epoch 4/10, Step 1000, ETA 1h 1m 15.66s] step time: 1.511s (±6.88s); train time: 11.12s; valid time: 1m 9.071s; loss: -44.2124 (±6.10132); valid loss: -34.1979
[Epoch 4/10, Step 1100, ETA 58m 17.9s] step time: 1.518s (±6.993s); train time: 1m 21.46s; valid time: 1m 10.39s; loss: -43.4022 (±5.33782); valid loss: -25.997
[Epoch 4/10, Step 1200, ETA 55m 24.51s] step time: 1.518s (±6.932s); train time: 1m 22.11s; valid time: 1m 9.756s; loss: -39.7902 (±31.5457); valid loss: -29.4939
[Epoch 4/10, Step 1300, ETA 52m 36.5s] step time: 1.531s (±7.094s); train time: 1m 21.86s; valid time: 1m 11.36s; loss: -45.4318 (±5.08683); valid loss: -43.0389 (*)
train_values: (16592, 38)
[Epoch 5/10, Step 1400, ETA 49m 52.09s] step time: 1.542s (±7.009s); train time: 1m 9.283s; valid time: 1m 10.4s; loss: -45.3394 (±7.00762); valid loss: -35.2802
[Epoch 5/10, Step 1500, ETA 47m 5.041s] step time: 1.509s (±6.87s); train time: 1m 21.95s; valid time: 1m 9.038s; loss: -47.4487 (±5.70978); valid loss: -38.1591
[Epoch 5/10, Step 1600, ETA 44m 22.92s] step time: 1.537s (±7.079s); train time: 1m 22.72s; valid time: 1m 11.03s; loss: -46.0439 (±6.32851); valid loss: -36.2886
train_values: (16592, 38)
[Epoch 6/10, Step 1700, ETA 41m 39.81s] step time: 1.515s (±6.877s); train time: 45.73s; valid time: 1m 9.196s; loss: -48.4323 (±4.97789); valid loss: -36.5495
[Epoch 6/10, Step 1800, ETA 38m 57.46s] step time: 1.509s (±6.908s); train time: 1m 21.67s; valid time: 1m 9.347s; loss: -49.4958 (±3.51597); valid loss: -32.6826
[Epoch 6/10, Step 1900, ETA 36m 16.46s] step time: 1.512s (±6.902s); train time: 1m 21.98s; valid time: 1m 9.259s; loss: -49.1663 (±7.4381); valid loss: -41.2709
train_values: (16592, 38)
[Epoch 7/10, Step 2000, ETA 33m 37.31s] step time: 1.525s (±6.947s); train time: 21.72s; valid time: 1m 9.899s; loss: -49.4083 (±5.2748); valid loss: -36.7206
[Epoch 7/10, Step 2100, ETA 30m 59.78s] step time: 1.543s (±7.183s); train time: 1m 22.22s; valid time: 1m 12.14s; loss: -48.1602 (±5.49917); valid loss: -44.5861 (*)
[Epoch 7/10, Step 2200, ETA 28m 22.06s] step time: 1.533s (±6.898s); train time: 1m 24.18s; valid time: 1m 9.204s; loss: -49.1175 (±5.37184); valid loss: -39.7458
[Epoch 7/10, Step 2300, ETA 25m 43.72s] step time: 1.51s (±6.864s); train time: 1m 22.04s; valid time: 1m 9.014s; loss: -49.4274 (±7.26031); valid loss: -40.4461
train_values: (16592, 38)
[Epoch 8/10, Step 2400, ETA 23m 6.53s] step time: 1.524s (±6.957s); train time: 1m 20.07s; valid time: 1m 9.939s; loss: -49.3685 (±6.88146); valid loss: -42.2041
[Epoch 8/10, Step 2500, ETA 20m 32.27s] step time: 1.606s (±7.812s); train time: 1m 22.12s; valid time: 1m 18.51s; loss: -49.1691 (±4.21457); valid loss: -32.158
[Epoch 8/10, Step 2600, ETA 17m 59.72s] step time: 1.688s (±6.916s); train time: 1m 39.19s; valid time: 1m 9.731s; loss: -50.6127 (±5.08864); valid loss: -39.025
train_values: (16592, 38)
[Epoch 9/10, Step 2700, ETA 15m 21.62s] step time: 1.49s (±6.838s); train time: 54.88s; valid time: 1m 8.544s; loss: -50.1846 (±5.43404); valid loss: -39.3174
[Epoch 9/10, Step 2800, ETA 12m 44.42s] step time: 1.505s (±6.884s); train time: 1m 21.44s; valid time: 1m 9.124s; loss: -49.7371 (±4.67397); valid loss: -41.472
[Epoch 9/10, Step 2900, ETA 10m 7.956s] step time: 1.525s (±7.085s); train time: 1m 21.46s; valid time: 1m 11.11s; loss: -51.476 (±6.02178); valid loss: -42.6603
train_values: (16592, 38)
[Epoch 10/10, Step 3000, ETA 7m 31.99s] step time: 1.549s (±7.106s); train time: 32.6s; valid time: 1m 11.33s; loss: -51.8766 (±5.15381); valid loss: -35.7324
[Epoch 10/10, Step 3100, ETA 4m 56.11s] step time: 1.555s (±7.074s); train time: 1m 24.45s; valid time: 1m 11.11s; loss: -52.2647 (±5.18844); valid loss: -40.5823
[Epoch 10/10, Step 3200, ETA 2m 20.21s] step time: 1.54s (±7.109s); train time: 1m 22.64s; valid time: 1m 11.44s; loss: -52.0086 (±6.46252); valid loss: -39.6101
train end time:  2025-06-22 03:22:28
train time:  5092.656495332718
test start time:  2025-06-22 03:22:28
------------------------------ testing ------------------------------
test_score shape:  (23604, 38)
test_z shape:  (23604, 100, 6)
search range:  -400.0 400.0
cur thr:  -399.0 [0.9999949379132026, 0.9999999378882026, 0.9999999378882026, 161.0, 23443.0, 0.0, 0.0, 7.999200079992001] [0.9999949379132026, 0.9999999378882026, 0.9999999378882026, 161.0, 23443.0, 0.0, 0.0, 7.999200079992001] -399.0
cur thr:  -349.0 [0.9999949379132026, 0.9999999378882026, 0.9999999378882026, 161.0, 23443.0, 0.0, 0.0, 6.999300069993001] [0.9999949379132026, 0.9999999378882026, 0.9999999378882026, 161.0, 23443.0, 0.0, 0.0, 7.999200079992001] -399.0
cur thr:  -299.0 [0.9999949379132026, 0.9999999378882026, 0.9999999378882026, 161.0, 23443.0, 0.0, 0.0, 5.9994000599940005] [0.9999949379132026, 0.9999999378882026, 0.9999999378882026, 161.0, 23443.0, 0.0, 0.0, 7.999200079992001] -399.0
cur thr:  -249.0 [0.9999949379132026, 0.9999999378882026, 0.9999999378882026, 161.0, 23443.0, 0.0, 0.0, 4.999500049995] [0.9999949379132026, 0.9999999378882026, 0.9999999378882026, 161.0, 23443.0, 0.0, 0.0, 7.999200079992001] -399.0
cur thr:  -199.0 [0.9999949379132026, 0.9999999378882026, 0.9999999378882026, 161.0, 23443.0, 0.0, 0.0, 4.999500049995] [0.9999949379132026, 0.9999999378882026, 0.9999999378882026, 161.0, 23443.0, 0.0, 0.0, 7.999200079992001] -399.0
cur thr:  -149.0 [0.9938220993621483, 0.9877300007527606, 0.9999999378882026, 161.0, 23441.0, 2.0, 0.0, 4.999500049995] [0.9999949379132026, 0.9999999378882026, 0.9999999378882026, 161.0, 23443.0, 0.0, 0.0, 7.999200079992001] -399.0
cur thr:  -99.0 [0.9757525195848228, 0.9526626655229192, 0.9999999378882026, 161.0, 23435.0, 8.0, 0.0, 4.999500049995] [0.9999949379132026, 0.9999999378882026, 0.9999999378882026, 161.0, 23443.0, 0.0, 0.0, 7.999200079992001] -399.0
cur thr:  -49.0 [0.048427862390063296, 0.024815043118349193, 0.9999999378882026, 161.0, 17116.0, 6327.0, 0.0, 0.0] [0.9999949379132026, 0.9999999378882026, 0.9999999378882026, 161.0, 23443.0, 0.0, 0.0, 7.999200079992001] -399.0
cur thr:  1.0 [0.013606456863133309, 0.006849897886806545, 0.9999999378882026, 161.0, 100.0, 23343.0, 0.0, 0.0] [0.9999949379132026, 0.9999999378882026, 0.9999999378882026, 161.0, 23443.0, 0.0, 0.0, 7.999200079992001] -399.0
cur thr:  51.0 [0.01354920267515323, 0.006820877814429386, 0.9999999378882026, 161.0, 0.0, 23443.0, 0.0, 0.0] [0.9999949379132026, 0.9999999378882026, 0.9999999378882026, 161.0, 23443.0, 0.0, 0.0, 7.999200079992001] -399.0
cur thr:  101.0 [0.01354920267515323, 0.006820877814429386, 0.9999999378882026, 161.0, 0.0, 23443.0, 0.0, 0.0] [0.9999949379132026, 0.9999999378882026, 0.9999999378882026, 161.0, 23443.0, 0.0, 0.0, 7.999200079992001]  0%|          | 0/23604 [00:00<?, ?it/s]100%|██████████| 23604/23604 [00:00<00:00, 603338.10it/s]
 -399.0
cur thr:  151.0 [0.01354920267515323, 0.006820877814429386, 0.9999999378882026, 161.0, 0.0, 23443.0, 0.0, 0.0] [0.9999949379132026, 0.9999999378882026, 0.9999999378882026, 161.0, 23443.0, 0.0, 0.0, 7.999200079992001] -399.0
cur thr:  201.0 [0.01354920267515323, 0.006820877814429386, 0.9999999378882026, 161.0, 0.0, 23443.0, 0.0, 0.0] [0.9999949379132026, 0.9999999378882026, 0.9999999378882026, 161.0, 23443.0, 0.0, 0.0, 7.999200079992001] -399.0
cur thr:  251.0 [0.01354920267515323, 0.006820877814429386, 0.9999999378882026, 161.0, 0.0, 23443.0, 0.0, 0.0] [0.9999949379132026, 0.9999999378882026, 0.9999999378882026, 161.0, 23443.0, 0.0, 0.0, 7.999200079992001] -399.0
cur thr:  301.0 [0.01354920267515323, 0.006820877814429386, 0.9999999378882026, 161.0, 0.0, 23443.0, 0.0, 0.0] [0.9999949379132026, 0.9999999378882026, 0.9999999378882026, 161.0, 23443.0, 0.0, 0.0, 7.999200079992001] -399.0
cur thr:  351.0 [0.01354920267515323, 0.006820877814429386, 0.9999999378882026, 161.0, 0.0, 23443.0, 0.0, 0.0] [0.9999949379132026, 0.9999999378882026, 0.9999999378882026, 161.0, 23443.0, 0.0, 0.0, 7.999200079992001] -399.0
[0.9999949379132026, 0.9999999378882026, 0.9999999378882026, 161.0, 23443.0, 0.0, 0.0, 7.999200079992001] -399.0
label_file: ServerMachineDataset/interpretation_label/machine-2-8.txt
Initial threshold : 48.044895
Number of peaks : 177
Grimshaw maximum log-likelihood estimation ... [done]
	γ = 0
	σ = 120.04663
	L = 1024.4548056297335
Extreme quantile (probability = 0.001): 289.91195510149987
6743
23604
POT result:  (0.06146151512785484, 0.03170539576269123, 0.9999999378882026, 161.0, 18526.0, 4917.0, 0.0) -53.291291320392446 4.999500049995

=== 全局调试信息 ===
y_true shape: (23604,), unique values: [0. 1.]
y_pred shape: (23604,), unique values: [False  True]
feature_scores shape: (23604, 38)
interpretation_segments 数量: 1


=== 处理第 1/1 段 ===
原始段范围: orig_start=17580, orig_end=17741
调整后段范围: start=17481, end=17642
段内真实标签 (seg_true): [1. 1. 1. 1. 1. 1. 1. 1. 1. 1. 1. 1. 1. 1. 1. 1. 1. 1. 1. 1. 1. 1. 1. 1.
 1. 1. 1. 1. 1. 1. 1. 1. 1. 1. 1. 1. 1. 1. 1. 1. 1. 1. 1. 1. 1. 1. 1. 1.
 1. 1. 1. 1. 1. 1. 1. 1. 1. 1. 1. 1. 1. 1. 1. 1. 1. 1. 1. 1. 1. 1. 1. 1.
 1. 1. 1. 1. 1. 1. 1. 1. 1. 1. 1. 1. 1. 1. 1. 1. 1. 1. 1. 1. 1. 1. 1. 1.
 1. 1. 1. 1. 1. 1. 1. 1. 1. 1. 1. 1. 1. 1. 1. 1. 1. 1. 1. 1. 1. 1. 1. 1.
 1. 1. 1. 1. 1. 1. 1. 1. 1. 1. 1. 1. 1. 1. 1. 1. 1. 1. 1. 1. 1. 1. 1. 1.
 1. 1. 1. 1. 1. 1. 1. 1. 1. 1. 1. 1. 1. 1. 1. 1. 1. 0.]
段内预测标签 (seg_pred): [ True  True  True  True  True  True  True  True  True  True  True  True
  True  True  True  True  True  True  True  True  True  True  True  True
  True  True  True  True  True  True  True  True  True  True  True  True
  True  True  True  True  True  True  True  True  True  True  True  True
  True  True  True  True  True  True  True  True  True  True  True  True
  True  True  True  True  True  True  True  True  True  True  True  True
  True  True  True  True  True  True  True  True  True  True  True  True
  True  True  True  True  True  True  True  True  True  True  True  True
  True  True  True  True  True  True  True  True  True  True  True  True
  True  True  True  True  True  True  True  True  True  True  True  True
  True  True  True  True  True  True  True  True  True  True  True  True
  True  True  True  True  True  True  True  True  True  True  True  True
  True  True  True  True  True  True  True  True  True  True  True  True
  True  True  True  True  True False]
段内真实异常时间点索引 (相对段内): [  0   1   2   3   4   5   6   7   8   9  10  11  12  13  14  15  16  17
  18  19  20  21  22  23  24  25  26  27  28  29  30  31  32  33  34  35
  36  37  38  39  40  41  42  43  44  45  46  47  48  49  50  51  52  53
  54  55  56  57  58  59  60  61  62  63  64  65  66  67  68  69  70  71
  72  73  74  75  76  77  78  79  80  81  82  83  84  85  86  87  88  89
  90  91  92  93  94  95  96  97  98  99 100 101 102 103 104 105 106 107
 108 109 110 111 112 113 114 115 116 117 118 119 120 121 122 123 124 125
 126 127 128 129 130 131 132 133 134 135 136 137 138 139 140 141 142 143
 144 145 146 147 148 149 150 151 152 153 154 155 156 157 158 159 160]
段内是否有预测为异常的时间点: True
真实异常维度 (0-based): [0, 1, 2, 3, 4, 5, 6, 8, 9, 10, 11, 12, 13, 14, 15, 16, 17, 18, 19, 20, 21, 22, 23, 24, 25, 27, 28, 29, 30, 31, 32, 33, 34, 35]
段内检测到的异常时间点索引 (相对段内): [  0   1   2   3   4   5   6   7   8   9  10  11  12  13  14  15  16  17
  18  19  20  21  22  23  24  25  26  27  28  29  30  31  32  33  34  35
  36  37  38  39  40  41  42  43  44  45  46  47  48  49  50  51  52  53
  54  55  56  57  58  59  60  61  62  63  64  65  66  67  68  69  70  71
  72  73  74  75  76  77  78  79  80  81  82  83  84  85  86  87  88  89
  90  91  92  93  94  95  96  97  98  99 100 101 102 103 104 105 106 107
 108 109 110 111 112 113 114 115 116 117 118 119 120 121 122 123 124 125
 126 127 128 129 130 131 132 133 134 135 136 137 138 139 140 141 142 143
 144 145 146 147 148 149 150 151 152 153 154 155 156 157 158 159 160]
选择的维度数量 (k): 11 (基于真实异常维度数的 100%)
推断的异常维度 (0-based): [1, 2, 3, 4, 5, 6, 7, 8, 9, 10, 11, 12, 13, 15, 16, 17, 18, 19, 20, 21, 22, 23, 24, 25, 26, 27, 28, 29, 30, 31, 32, 33, 34, 35, 36, 37]
真实与推断的交集: [1, 2, 3, 4, 5, 6, 8, 9, 10, 11, 12, 13, 15, 16, 17, 18, 19, 20, 21, 22, 23, 24, 25, 27, 28, 29, 30, 31, 32, 33, 34, 35]
段内指标: TP=32, FP=4, FN=2, TN=0, IPS=0.9412

=== 汇总指标 ===
总 TP: 32, 总 TN: 0, 总 FP: 4, 总 FN: 2
平均 IPS: 0.9412, Precision: 0.8889, Recall: 0.9412, F1: 0.9143
每段IPS与混淆: [{'original_start': 17580, 'original_end': 17741, 'start': 17481, 'end': 17642, 'TP': 32, 'TN': 0, 'FP': 4, 'FN': 2, 'IPS': 0.9411764705882353, 'k_selected': 11, 'gt_dims_count': 34}]
总和: {'TP': 32, 'TN': 0, 'FP': 4, 'FN': 2, 'IPS': 0.9411764705882353, 'precision': 0.8888888888888888, 'recall': 0.9411764705882353, 'F1': 0.9142857142857143}
test end time:  2025-06-22 03:30:43
test time:  495.4071431159973
==============================result==============================
{'FN': 0.0,
 'FP': 0.0,
 'TN': 23443.0,
 'TP': 161.0,
 'best-f1': 0.9999949379132026,
 'best_valid_loss': -44.58606676667008,
 'dataset': 'machine-2-8',
 'latency': 7.999200079992001,
 'pot-FN': 0.0,
 'pot-FP': 4917.0,
 'pot-TN': 18526.0,
 'pot-TP': 161.0,
 'pot-f1': 0.06146151512785484,
 'pot-latency': 4.999500049995,
 'pot-precision': 0.03170539576269123,
 'pot-recall': 0.9999999378882026,
 'pot-threshold': -53.291291320392446,
 'precision': 0.9999999378882026,
 'pred_time': 0.5019681378096406,
 'pred_total_time': 237.89108395576477,
 'recall': 0.9999999378882026,
 'segment_results': [{'FN': 2,
                      'FP': 4,
                      'IPS': 0.9411764705882353,
                      'TN': 0,
                      'TP': 32,
                      'end': 17642,
                      'gt_dims_count': 34,
                      'k_selected': 11,
                      'original_end': 17741,
                      'original_start': 17580,
                      'start': 17481}],
 'segment_summary': {'F1': 0.9142857142857143,
                     'FN': 2,
                     'FP': 4,
                     'IPS': 0.9411764705882353,
                     'TN': 0,
                     'TP': 32,
                     'precision': 0.8888888888888888,
                     'recall': 0.9411764705882353},
 'threshold': -399.0,
 'train_time': 506.4834812402725,
 'valid_time': 0.5026325457167964}
