2025-06-19 18:45:50.880591: I tensorflow/core/platform/cpu_feature_guard.cc:141] Your CPU supports instructions that this TensorFlow binary was not compiled to use: AVX2 AVX512F FMA
Configurations
===========================================
{'batch_size': 50,
 'bf_search_max': 400.0,
 'bf_search_min': -400.0,
 'bf_search_step_size': 1.0,
 'dataset': 'omi-7',
 'dense_dim': 500,
 'early_stop': True,
 'get_score_on_dim': True,
 'gradient_clip_norm': 10.0,
 'initial_lr': 0.001,
 'l2_reg': 0.0001,
 'level': 0.0075,
 'lr_anneal_epoch_freq': 40,
 'lr_anneal_factor': 0.5,
 'lr_anneal_step_freq': None,
 'max_epoch': 10,
 'max_test_size': None,
 'max_train_size': None,
 'nf_layers': 20,
 'percentage_Dimension': 20.0,
 'posterior_flow_type': 'nf',
 'restore_dir': None,
 'result_dir': 'result',
 'rnn_cell': 'GRU',
 'rnn_num_hidden': 500,
 'save_dir': 'model',
 'save_z': False,
 'std_epsilon': 0.0001,
 'test_batch_size': 50,
 'test_n_z': 1,
 'test_score_filename': 'test_score.pkl',
 'test_start': 0,
 'train_score_filename': 'train_score.pkl',
 'train_start': 0,
 'use_connected_z_p': True,
 'use_connected_z_q': True,
 'valid_step_freq': 100,
 'window_length': 100,
 'x_dim': 19,
 'z_dim': 3}

train start time:  2025-06-19 18:45:17
load data of: omi-7
train:  0 None
test:  0 None
Data normalized
Data normalized
train set shape:  (8640, 19)
test set shape:  (4320, 19)
test set label shape:  (4320,)
Trainable Parameters                                            (2,560,202 in total)
------------------------------------------------------------------------------------
model/q_z_given_x/rnn_q_z/rnn/gru_cell/gates/kernel             (519, 1000)  519,000
model/q_z_given_x/rnn_q_z/rnn/gru_cell/gates/bias               (1000,)        1,000
model/q_z_given_x/rnn_q_z/rnn/gru_cell/candidate/kernel         (519, 500)   259,500
model/q_z_given_x/rnn_q_z/rnn/gru_cell/candidate/bias           (500,)           500
model/q_z_given_x/rnn_q_z/dense/kernel                          (500, 500)   250,000
model/q_z_given_x/rnn_q_z/dense/bias                            (500,)           500
model/q_z_given_x/rnn_q_z/dense_1/kernel                        (500, 500)   250,000
model/q_z_given_x/rnn_q_z/dense_1/bias                          (500,)           500
model/vae/variational/z_mean/kernel                             (503, 3)       1,509
model/vae/variational/z_mean/bias                               (3,)               3
model/vae/variational/z_std/kernel                              (503, 3)       1,509
model/vae/variational/z_std/bias                                (3,)               3
model/posterior_flow/_0/w                                       (1, 3)             3
model/posterior_flow/_0/b                                       (1,)               1
model/posterior_flow/_0/u                                       (1, 3)             3
model/posterior_flow/_1/w                                       (1, 3)             3
model/posterior_flow/_1/b                                       (1,)               1
model/posterior_flow/_1/u                                       (1, 3)             3
model/posterior_flow/_2/w                                       (1, 3)             3
model/posterior_flow/_2/b                                       (1,)               1
model/posterior_flow/_2/u                                       (1, 3)             3
model/posterior_flow/_3/w                                       (1, 3)             3
model/posterior_flow/_3/b                                       (1,)               1
model/posterior_flow/_3/u                                       (1, 3)             3
model/posterior_flow/_4/w                                       (1, 3)             3
model/posterior_flow/_4/b                                       (1,)               1
model/posterior_flow/_4/u                                       (1, 3)             3
model/posterior_flow/_5/w                                       (1, 3)             3
model/posterior_flow/_5/b                                       (1,)               1
model/posterior_flow/_5/u                                       (1, 3)             3
model/posterior_flow/_6/w                                       (1, 3)             3
model/posterior_flow/_6/b                                       (1,)               1
model/posterior_flow/_6/u                                       (1, 3)             3
model/posterior_flow/_7/w                                       (1, 3)             3
model/posterior_flow/_7/b                                       (1,)               1
model/posterior_flow/_7/u                                       (1, 3)             3
model/posterior_flow/_8/w                                       (1, 3)             3
model/posterior_flow/_8/b                                       (1,)               1
model/posterior_flow/_8/u                                       (1, 3)             3
model/posterior_flow/_9/w                                       (1, 3)             3
model/posterior_flow/_9/b                                       (1,)               1
model/posterior_flow/_9/u                                       (1, 3)             3
model/posterior_flow/_10/w                                      (1, 3)             3
model/posterior_flow/_10/b                                      (1,)               1
model/posterior_flow/_10/u                                      (1, 3)             3
model/posterior_flow/_11/w                                      (1, 3)             3
model/posterior_flow/_11/b                                      (1,)               1
model/posterior_flow/_11/u                                      (1, 3)             3
model/posterior_flow/_12/w                                      (1, 3)             3
model/posterior_flow/_12/b                                      (1,)               1
model/posterior_flow/_12/u                                      (1, 3)             3
model/posterior_flow/_13/w                                      (1, 3)             3
model/posterior_flow/_13/b                                      (1,)               1
model/posterior_flow/_13/u                                      (1, 3)             3
model/posterior_flow/_14/w                                      (1, 3)             3
model/posterior_flow/_14/b                                      (1,)               1
model/posterior_flow/_14/u                                      (1, 3)             3
model/posterior_flow/_15/w                                      (1, 3)             3
model/posterior_flow/_15/b                                      (1,)               1
model/posterior_flow/_15/u                                      (1, 3)             3
model/posterior_flow/_16/w                                      (1, 3)             3
model/posterior_flow/_16/b                                      (1,)               1
model/posterior_flow/_16/u                                      (1, 3)             3
model/posterior_flow/_17/w                                      (1, 3)             3
model/posterior_flow/_17/b                                      (1,)               1
model/posterior_flow/_17/u                                      (1, 3)             3
model/posterior_flow/_18/w                                      (1, 3)             3
model/posterior_flow/_18/b                                      (1,)               1
model/posterior_flow/_18/u                                      (1, 3)             3
model/posterior_flow/_19/w                                      (1, 3)             3
model/posterior_flow/_19/b                                      (1,)               1
model/posterior_flow/_19/u                                      (1, 3)             3
model/p_x_given_z/hidden/rnn_p_x/rnn/gru_cell/gates/kernel      (503, 1000)  503,000
model/p_x_given_z/hidden/rnn_p_x/rnn/gru_cell/gates/bias        (1000,)        1,000
model/p_x_given_z/hidden/rnn_p_x/rnn/gru_cell/candidate/kernel  (503, 500)   251,500
model/p_x_given_z/hidden/rnn_p_x/rnn/gru_cell/candidate/bias    (500,)           500
model/p_x_given_z/hidden/rnn_p_x/dense/kernel                   (500, 500)   250,000
model/p_x_given_z/hidden/rnn_p_x/dense/bias                     (500,)           500
model/p_x_given_z/hidden/rnn_p_x/dense_1/kernel                 (500, 500)   250,000
model/p_x_given_z/hidden/rnn_p_x/dense_1/bias                   (500,)           500
model/p_x_given_z/x_mean/kernel                                 (500, 19)      9,500
model/p_x_given_z/x_mean/bias                                   (19,)             19
model/p_x_given_z/x_std/kernel                                  (500, 19)      9,500
model/p_x_given_z/x_std/bias                                    (19,)             19/home/hz/anaconda3/envs/py36/lib/python3.6/site-packages/tensorflow/python/framework/dtypes.py:523: FutureWarning: Passing (type, 1) or '1type' as a synonym of type is deprecated; in a future version of numpy, it will be understood as (type, (1,)) / '(1,)type'.
  _np_qint8 = np.dtype([("qint8", np.int8, 1)])
/home/hz/anaconda3/envs/py36/lib/python3.6/site-packages/tensorflow/python/framework/dtypes.py:524: FutureWarning: Passing (type, 1) or '1type' as a synonym of type is deprecated; in a future version of numpy, it will be understood as (type, (1,)) / '(1,)type'.
  _np_quint8 = np.dtype([("quint8", np.uint8, 1)])
/home/hz/anaconda3/envs/py36/lib/python3.6/site-packages/tensorflow/python/framework/dtypes.py:525: FutureWarning: Passing (type, 1) or '1type' as a synonym of type is deprecated; in a future version of numpy, it will be understood as (type, (1,)) / '(1,)type'.
  _np_qint16 = np.dtype([("qint16", np.int16, 1)])
/home/hz/anaconda3/envs/py36/lib/python3.6/site-packages/tensorflow/python/framework/dtypes.py:526: FutureWarning: Passing (type, 1) or '1type' as a synonym of type is deprecated; in a future version of numpy, it will be understood as (type, (1,)) / '(1,)type'.
  _np_quint16 = np.dtype([("quint16", np.uint16, 1)])
/home/hz/anaconda3/envs/py36/lib/python3.6/site-packages/tensorflow/python/framework/dtypes.py:527: FutureWarning: Passing (type, 1) or '1type' as a synonym of type is deprecated; in a future version of numpy, it will be understood as (type, (1,)) / '(1,)type'.
  _np_qint32 = np.dtype([("qint32", np.int32, 1)])
/home/hz/anaconda3/envs/py36/lib/python3.6/site-packages/tensorflow/python/framework/dtypes.py:532: FutureWarning: Passing (type, 1) or '1type' as a synonym of type is deprecated; in a future version of numpy, it will be understood as (type, (1,)) / '(1,)type'.
  np_resource = np.dtype([("resource", np.ubyte, 1)])
/home/hz/anaconda3/envs/py36/lib/python3.6/site-packages/tfsnippet/utils/tfver.py:22: DeprecationWarning: Function 'semver.compare' is deprecated. Deprecated since version 2.10.0.  This function will be removed in semver 3. Use the respective 'semver.VersionInfo.compare' instead.
  compare_result = semver.compare(version, tf.__version__)
/home/hz/anaconda3/envs/py36/lib/python3.6/site-packages/tfsnippet/utils/tfver.py:22: DeprecationWarning: Function 'semver.compare' is deprecated. Deprecated since version 2.10.0.  This function will be removed in semver 3. Use the respective 'semver.VersionInfo.compare' instead.
  compare_result = semver.compare(version, tf.__version__)
INFO:tensorflow:Restoring parameters from /tmp/tmpnaq2uwxu/variables.dat-900
2025-06-19 19:20:51,567 [INFO] tensorflow: Restoring parameters from /tmp/tmpnaq2uwxu/variables.dat-900
  0%|          | 0/4221 [00:00<?, ?it/s]100%|██████████| 4221/4221 [00:00<00:00, 561092.68it/s]

train_values: (6048, 19)
[Epoch 1/10, Step 100] step time: 2.391s (±6.469s); train time: 3m 4.05s; valid time: 55.14s; loss: 3.6961 (±41.1379); valid loss: -2.39825 (*)
train_values: (6048, 19)
[Epoch 2/10, Step 200, ETA 34m 42.46s] step time: 1.856s (±4.346s); train time: 1m 57.02s; valid time: 43.44s; loss: -6.22413 (±2.49817); valid loss: -6.1234 (*)
train_values: (6048, 19)
[Epoch 3/10, Step 300, ETA 30m 0.7614s] step time: 1.888s (±4.502s); train time: 1m 31.28s; valid time: 45.65s; loss: -7.63145 (±2.03423); valid loss: -6.49697 (*)
train_values: (6048, 19)
[Epoch 4/10, Step 400, ETA 25m 54.75s] step time: 1.833s (±4.297s); train time: 1m 5.958s; valid time: 42.69s; loss: -7.72303 (±3.10168); valid loss: -3.42802
train_values: (6048, 19)
[Epoch 5/10, Step 500, ETA 22m 19.44s] step time: 1.875s (±4.493s); train time: 38.79s; valid time: 44.81s; loss: -8.39819 (±2.06568); valid loss: -7.63569 (*)
train_values: (6048, 19)
[Epoch 6/10, Step 600, ETA 18m 55.23s] step time: 1.893s (±4.445s); train time: 15.69s; valid time: 44.62s; loss: -8.70431 (±2.28638); valid loss: -7.71391 (*)
[Epoch 6/10, Step 700, ETA 15m 2.49s] step time: 1.417s (±2.966s); train time: 1m 51.98s; valid time: 29.77s; loss: -8.72512 (±2.07754); valid loss: -8.11976 (*)
train_values: (6048, 19)
[Epoch 7/10, Step 800, ETA 11m 23.89s] step time: 1.236s (±3.076s); train time: 1m 25.47s; valid time: 30.86s; loss: -9.36422 (±2.17119); valid loss: -8.1558 (*)
train_values: (6048, 19)
[Epoch 8/10, Step 900, ETA 8m 19.35s] step time: 1.652s (±4.398s); train time: 1m 37.78s; valid time: 43.47s; loss: -8.91872 (±2.57835); valid loss: -10.1406 (*)
train_values: (6048, 19)
[Epoch 9/10, Step 1000, ETA 5m 21.9s] step time: 1.832s (±4.047s); train time: 1m 20.38s; valid time: 40.2s; loss: -9.72643 (±1.92559); valid loss: -9.10879
train_values: (6048, 19)
[Epoch 10/10, Step 1100, ETA 2m 23.95s] step time: 1.908s (±4.291s); train time: 58.22s; valid time: 42.75s; loss: -9.56436 (±3.64253); valid loss: -9.32378
train end time:  2025-06-19 19:20:52
train time:  2134.9455733299255
test start time:  2025-06-19 19:20:52
------------------------------ testing ------------------------------
test_score shape:  (4221, 19)
test_z shape:  (4221, 100, 6)
search range:  -400.0 400.0
cur thr:  -399.0 [0.6406205456837057, 0.9999997560976204, 0.47126431364778004, 41.0, 4134.0, 0.0, 46.0, 2.9997000299970003] [0.6406205456837057, 0.9999997560976204, 0.47126431364778004, 41.0, 4134.0, 0.0, 46.0, 2.9997000299970003] -399.0
cur thr:  -349.0 [0.6406205456837057, 0.9999997560976204, 0.47126431364778004, 41.0, 4134.0, 0.0, 46.0, 2.9997000299970003] [0.6406205456837057, 0.9999997560976204, 0.47126431364778004, 41.0, 4134.0, 0.0, 46.0, 2.9997000299970003] -399.0
cur thr:  -299.0 [0.6406205456837057, 0.9999997560976204, 0.47126431364778004, 41.0, 4134.0, 0.0, 46.0, 2.9997000299970003] [0.6406205456837057, 0.9999997560976204, 0.47126431364778004, 41.0, 4134.0, 0.0, 46.0, 2.9997000299970003] -399.0
cur thr:  -249.0 [0.6406205456837057, 0.9999997560976204, 0.47126431364778004, 41.0, 4134.0, 0.0, 46.0, 2.9997000299970003] [0.6406205456837057, 0.9999997560976204, 0.47126431364778004, 41.0, 4134.0, 0.0, 46.0, 2.9997000299970003] -399.0
cur thr:  -199.0 [0.6356544246440716, 0.9761902437642276, 0.47126431364778004, 41.0, 4133.0, 1.0, 46.0, 2.9997000299970003] [0.6406205456837057, 0.9999997560976204, 0.47126431364778004, 41.0, 4134.0, 0.0, 46.0, 2.9997000299970003] -399.0
cur thr:  -149.0 [0.6259496416609218, 0.9318179700413703, 0.47126431364778004, 41.0, 4131.0, 3.0, 46.0, 2.9997000299970003] [0.6406205456837057, 0.9999997560976204, 0.47126431364778004, 41.0, 4134.0, 0.0, 46.0, 2.9997000299970003] -399.0
cur thr:  -99.0 [0.8508236427752517, 0.8191488490267181, 0.8850573695336357, 77.0, 4117.0, 17.0, 10.0, 13.499325033748311] [0.874994901242418, 0.8651684421159054, 0.8850573695336357, 77.0, 4122.0, 12.0, 10.0, 13.499325033748311] -109.0
cur thr:  -49.0 [0.6637883587577849, 0.5310344461355554, 0.8850573695336357, 77.0, 4066.0, 68.0, 10.0, 10.999450027498623] [0.874994901242418, 0.8651684421159054, 0.8850573695336357, 77.0, 4122.0, 12.0, 10.0, 13.499325033748311] -109.0
cur thr:  1.0 [0.18432035666094945, 0.10151691830201963, 0.9999998850574845, 87.0, 3364.0, 770.0, 0.0, 1.666611112962901] [0.874994901242418, 0.8651684421159054, 0.8850573695336357, 77.0, 4122.0, 12.0, 10.0, 13.499325033748311] -109.0
cur thr:  51.0 [0.040389576218197845, 0.020611229517623245, 0.9999998850574845, 87.0, 0.0, 4134.0, 0.0, 0.0] [0.874994901242418, 0.8651684421159054, 0.8850573695336357, 77.0, 4122.0, 12.0, 10.0, 13.499325033748311] -109.0
cur thr:  101.0 [0.040389576218197845, 0.020611229517623245, 0.9999998850574845, 87.0, 0.0, 4134.0, 0.0, 0.0] [0.874994901242418, 0.8651684421159054, 0.8850573695336357, 77.0, 4122.0, 12.0, 10.0, 13.499325033748311] -109.0
cur thr:  151.0 [0.040389576218197845, 0.020611229517623245, 0.9999998850574845, 87.0, 0.0, 4134.0, 0.0, 0.0] [0.874994901242418, 0.8651684421159054, 0.8850573695336357, 77.0, 4122.0, 12.0, 10.0, 13.499325033748311] -109.0
cur thr:  201.0 [0.040389576218197845, 0.020611229517623245, 0.9999998850574845, 87.0, 0.0, 4134.0, 0.0, 0.0] [0.874994901242418, 0.8651684421159054, 0.8850573695336357, 77.0, 4122.0, 12.0, 10.0, 13.499325033748311] -109.0
cur thr:  251.0 [0.040389576218197845, 0.020611229517623245, 0.9999998850574845, 87.0, 0.0, 4134.0, 0.0, 0.0] [0.874994901242418, 0.8651684421159054, 0.8850573695336357, 77.0, 4122.0, 12.0, 10.0, 13.499325033748311] -109.0
cur thr:  301.0 [0.040389576218197845, 0.020611229517623245, 0.9999998850574845, 87.0, 0.0, 4134.0, 0.0, 0.0] [0.874994901242418, 0.8651684421159054, 0.8850573695336357, 77.0, 4122.0, 12.0, 10.0, 13.499325033748311] -109.0
cur thr:  351.0 [0.040389576218197845, 0.020611229517623245, 0.9999998850574845, 87.0, 0.0, 4134.0, 0.0, 0.0] [0.874994901242418, 0.8651684421159054, 0.8850573695336357, 77.0, 4122.0, 12.0, 10.0, 13.499325033748311] -109.0
[0.874994901242418, 0.8651684421159054, 0.8850573695336357, 77.0, 4122.0, 12.0, 10.0, 13.499325033748311] -109.0
label_file: ServerMachineDataset/interpretation_label/omi-7.txt
Initial threshold : 78.78744
Number of peaks : 64
Grimshaw maximum log-likelihood estimation ... [done]
	γ = 0
	σ = 28.262405
	L = 277.85807937587407
Extreme quantile (probability = 0.001): 135.70806283305322
50
4221
POT result:  (0.7817208771472415, 0.6999999363636421, 0.8850573695336357, 77.0, 4101.0, 33.0, 10.0) -79.51563307300435 13.499325033748311

=== 全局调试信息 ===
y_true shape: (4221,), unique values: [0. 1.]
y_pred shape: (4221,), unique values: [False  True]
feature_scores shape: (4221, 19)
interpretation_segments 数量: 3


=== 处理第 1/3 段 ===
原始段范围: orig_start=738, orig_end=778
调整后段范围: start=639, end=679
段内真实标签 (seg_true): [1. 1. 1. 1. 1. 1. 1. 1. 1. 1. 1. 1. 1. 1. 1. 1. 1. 1. 1. 1. 1. 1. 1. 1.
 1. 1. 1. 1. 1. 1. 1. 1. 1. 1. 1. 1. 1. 1. 1. 1. 1.]
段内预测标签 (seg_pred): [ True  True  True  True  True  True  True  True  True  True  True  True
  True  True  True  True  True  True  True  True  True  True  True  True
  True  True  True  True  True  True  True  True  True  True  True  True
  True  True  True  True  True]
段内真实异常时间点索引 (相对段内): [ 0  1  2  3  4  5  6  7  8  9 10 11 12 13 14 15 16 17 18 19 20 21 22 23
 24 25 26 27 28 29 30 31 32 33 34 35 36 37 38 39 40]
段内是否有预测为异常的时间点: True
真实异常维度 (0-based): [0, 1, 3, 5, 6, 7, 8, 9, 10, 11, 12, 13, 14, 15, 16, 17, 18]
段内检测到的异常时间点索引 (相对段内): [ 0  1  2  3  4  5  6  7  8  9 10 11 12 13 14 15 16 17 18 19 20 21 22 23
 24 25 26 27 28 29 30 31 32 33 34 35 36 37 38 39 40]
选择的维度数量 (k): 3 (基于真实异常维度数的 100%)
推断的异常维度 (0-based): [0, 1, 2, 3, 4, 5]
真实与推断的交集: [0, 1, 3, 5]
段内指标: TP=4, FP=2, FN=13, TN=0, IPS=0.2353

=== 处理第 2/3 段 ===
原始段范围: orig_start=1625, orig_end=1660
调整后段范围: start=1526, end=1561
段内真实标签 (seg_true): [1. 1. 1. 1. 1. 1. 1. 1. 1. 1. 1. 1. 1. 1. 1. 1. 1. 1. 1. 1. 1. 1. 1. 1.
 1. 1. 1. 1. 1. 1. 1. 1. 1. 1. 1. 1.]

段内预测标签 (seg_pred): [ True  True  True  True  True  True  True  True  True  True  True  True
  True  True  True  True  True  True  True  True  True  True  True  True
  True  True  True  True  True  True  True  True  True  True  True  True]
段内真实异常时间点索引 (相对段内): [ 0  1  2  3  4  5  6  7  8  9 10 11 12 13 14 15 16 17 18 19 20 21 22 23
 24 25 26 27 28 29 30 31 32 33 34 35]
段内是否有预测为异常的时间点: True
真实异常维度 (0-based): [6, 9, 10, 11, 12, 13, 14, 15, 16, 17, 18]
段内检测到的异常时间点索引 (相对段内): [ 0  1  2  3  4  5  6  7  8  9 10 11 12 13 14 15 16 17 18 19 20 21 22 23
 24 25 26 27 28 29 30 31 32 33 34 35]
选择的维度数量 (k): 3 (基于真实异常维度数的 100%)
推断的异常维度 (0-based): [1, 2, 3]
真实与推断的交集: []
段内指标: TP=0, FP=3, FN=11, TN=5, IPS=0.0000

=== 处理第 3/3 段 ===
原始段范围: orig_start=3311, orig_end=3320
调整后段范围: start=3212, end=3221
段内真实标签 (seg_true): [1. 1. 1. 1. 1. 1. 1. 1. 1. 1.]
段内预测标签 (seg_pred): [False False False False False False False False False False]
段内真实异常时间点索引 (相对段内): [0 1 2 3 4 5 6 7 8 9]
段内是否有预测为异常的时间点: False
真实异常维度 (0-based): [6, 9, 10, 11, 12, 13, 14, 15, 16, 17, 18]
段内检测到的异常时间点索引 (相对段内): []
未检测到任何异常点，将整个段中的时间索引标记为异常
选择的维度数量 (k): 3 (基于真实异常维度数的 100%)
推断的异常维度 (0-based): [0, 1, 2, 3]
真实与推断的交集: []
段内指标: TP=0, FP=4, FN=11, TN=4, IPS=0.0000

=== 汇总指标 ===
总 TP: 4, 总 TN: 9, 总 FP: 9, 总 FN: 35
平均 IPS: 0.1109, Precision: 0.3077, Recall: 0.1026, F1: 0.1538
每段IPS与混淆: [{'original_start': 738, 'original_end': 778, 'start': 639, 'end': 679, 'TP': 4, 'TN': 0, 'FP': 2, 'FN': 13, 'IPS': 0.23529411764705882, 'k_selected': 3, 'gt_dims_count': 17}, {'original_start': 1625, 'original_end': 1660, 'start': 1526, 'end': 1561, 'TP': 0, 'TN': 5, 'FP': 3, 'FN': 11, 'IPS': 0.0, 'k_selected': 3, 'gt_dims_count': 11}, {'original_start': 3311, 'original_end': 3320, 'start': 3212, 'end': 3221, 'TP': 0, 'TN': 4, 'FP': 4, 'FN': 11, 'IPS': 0.0, 'k_selected': 3, 'gt_dims_count': 11}]
总和: {'TP': 4, 'TN': 9, 'FP': 9, 'FN': 35, 'IPS': 0.11088573360378634, 'precision': 0.3076923076923077, 'recall': 0.10256410256410256, 'F1': 0.15384615384615385}
test end time:  2025-06-19 19:24:53
test time:  241.4947452545166
==============================result==============================
{'FN': 10.0,
 'FP': 12.0,
 'TN': 4122.0,
 'TP': 77.0,
 'best-f1': 0.874994901242418,
 'best_valid_loss': -10.140620707915675,
 'dataset': 'omi-7',
 'latency': 13.499325033748311,
 'pot-FN': 10.0,
 'pot-FP': 33.0,
 'pot-TN': 4101.0,
 'pot-TP': 77.0,
 'pot-f1': 0.7817208771472415,
 'pot-latency': 13.499325033748311,
 'pot-precision': 0.6999999363636421,
 'pot-recall': 0.8850573695336357,
 'pot-threshold': -79.51563307300435,
 'precision': 0.8651684421159054,
 'pred_time': 0.8735254399916705,
 'pred_total_time': 74.32743835449219,
 'recall': 0.8850573695336357,
 'segment_results': [{'FN': 13,
                      'FP': 2,
                      'IPS': 0.23529411764705882,
                      'TN': 0,
                      'TP': 4,
                      'end': 679,
                      'gt_dims_count': 17,
                      'k_selected': 3,
                      'original_end': 778,
                      'original_start': 738,
                      'start': 639},
                     {'FN': 11,
                      'FP': 3,
                      'IPS': 0.0,
                      'TN': 5,
                      'TP': 0,
                      'end': 1561,
                      'gt_dims_count': 11,
                      'k_selected': 3,
                      'original_end': 1660,
                      'original_start': 1625,
                      'start': 1526},
                     {'FN': 11,
                      'FP': 4,
                      'IPS': 0.0,
                      'TN': 4,
                      'TP': 0,
                      'end': 3221,
                      'gt_dims_count': 11,
                      'k_selected': 3,
                      'original_end': 3320,
                      'original_start': 3311,
                      'start': 3212}],
 'segment_summary': {'F1': 0.15384615384615385,
                     'FN': 35,
                     'FP': 9,
                     'IPS': 0.11088573360378634,
                     'TN': 9,
                     'TP': 4,
                     'precision': 0.3076923076923077,
                     'recall': 0.10256410256410256},
 'threshold': -109.0,
 'train_time': 210.14727766513823,
 'valid_time': 0.796095441904935}
