2025-06-19 21:14:19.125455: I tensorflow/core/platform/cpu_feature_guard.cc:141] Your CPU supports instructions that this TensorFlow binary was not compiled to use: AVX2 AVX512F FMA
Configurations
===========================================
{'batch_size': 50,
 'bf_search_max': 400.0,
 'bf_search_min': -400.0,
 'bf_search_step_size': 1.0,
 'dataset': 'omi-10',
 'dense_dim': 500,
 'early_stop': True,
 'get_score_on_dim': True,
 'gradient_clip_norm': 10.0,
 'initial_lr': 0.001,
 'l2_reg': 0.0001,
 'level': 0.0075,
 'lr_anneal_epoch_freq': 40,
 'lr_anneal_factor': 0.5,
 'lr_anneal_step_freq': None,
 'max_epoch': 10,
 'max_test_size': None,
 'max_train_size': None,
 'nf_layers': 20,
 'percentage_Dimension': 20.0,
 'posterior_flow_type': 'nf',
 'restore_dir': None,
 'result_dir': 'result',
 'rnn_cell': 'GRU',
 'rnn_num_hidden': 500,
 'save_dir': 'model',
 'save_z': False,
 'std_epsilon': 0.0001,
 'test_batch_size': 50,
 'test_n_z': 1,
 'test_score_filename': 'test_score.pkl',
 'test_start': 0,
 'train_score_filename': 'train_score.pkl',
 'train_start': 0,
 'use_connected_z_p': True,
 'use_connected_z_q': True,
 'valid_step_freq': 100,
 'window_length': 100,
 'x_dim': 19,
 'z_dim': 3}

train start time:  2025-06-19 21:13:47
load data of: omi-10
train:  0 None
test:  0 None
Data normalized
Data normalized
train set shape:  (8640, 19)
test set shape:  (4320, 19)
test set label shape:  (4320,)
Trainable Parameters                                            (2,560,202 in total)
------------------------------------------------------------------------------------
model/q_z_given_x/rnn_q_z/rnn/gru_cell/gates/kernel             (519, 1000)  519,000
model/q_z_given_x/rnn_q_z/rnn/gru_cell/gates/bias               (1000,)        1,000
model/q_z_given_x/rnn_q_z/rnn/gru_cell/candidate/kernel         (519, 500)   259,500
model/q_z_given_x/rnn_q_z/rnn/gru_cell/candidate/bias           (500,)           500
model/q_z_given_x/rnn_q_z/dense/kernel                          (500, 500)   250,000
model/q_z_given_x/rnn_q_z/dense/bias                            (500,)           500
model/q_z_given_x/rnn_q_z/dense_1/kernel                        (500, 500)   250,000
model/q_z_given_x/rnn_q_z/dense_1/bias                          (500,)           500
model/vae/variational/z_mean/kernel                             (503, 3)       1,509
model/vae/variational/z_mean/bias                               (3,)               3
model/vae/variational/z_std/kernel                              (503, 3)       1,509
model/vae/variational/z_std/bias                                (3,)               3
model/posterior_flow/_0/w                                       (1, 3)             3
model/posterior_flow/_0/b                                       (1,)               1
model/posterior_flow/_0/u                                       (1, 3)             3
model/posterior_flow/_1/w                                       (1, 3)             3
model/posterior_flow/_1/b                                       (1,)               1
model/posterior_flow/_1/u                                       (1, 3)             3
model/posterior_flow/_2/w                                       (1, 3)             3
model/posterior_flow/_2/b                                       (1,)               1
model/posterior_flow/_2/u                                       (1, 3)             3
model/posterior_flow/_3/w                                       (1, 3)             3
model/posterior_flow/_3/b                                       (1,)               1
model/posterior_flow/_3/u                                       (1, 3)             3
model/posterior_flow/_4/w                                       (1, 3)             3
model/posterior_flow/_4/b                                       (1,)               1
model/posterior_flow/_4/u                                       (1, 3)             3
model/posterior_flow/_5/w                                       (1, 3)             3
model/posterior_flow/_5/b                                       (1,)               1
model/posterior_flow/_5/u                                       (1, 3)             3
model/posterior_flow/_6/w                                       (1, 3)             3
model/posterior_flow/_6/b                                       (1,)               1
model/posterior_flow/_6/u                                       (1, 3)             3
model/posterior_flow/_7/w                                       (1, 3)             3
model/posterior_flow/_7/b                                       (1,)               1
model/posterior_flow/_7/u                                       (1, 3)             3
model/posterior_flow/_8/w                                       (1, 3)             3
model/posterior_flow/_8/b                                       (1,)               1
model/posterior_flow/_8/u                                       (1, 3)             3
model/posterior_flow/_9/w                                       (1, 3)             3
model/posterior_flow/_9/b                                       (1,)               1
model/posterior_flow/_9/u                                       (1, 3)             3
model/posterior_flow/_10/w                                      (1, 3)             3
model/posterior_flow/_10/b                                      (1,)               1
model/posterior_flow/_10/u                                      (1, 3)             3
model/posterior_flow/_11/w                                      (1, 3)             3
model/posterior_flow/_11/b                                      (1,)               1
model/posterior_flow/_11/u                                      (1, 3)             3
model/posterior_flow/_12/w                                      (1, 3)             3
model/posterior_flow/_12/b                                      (1,)               1
model/posterior_flow/_12/u                                      (1, 3)             3
model/posterior_flow/_13/w                                      (1, 3)             3
model/posterior_flow/_13/b                                      (1,)               1
model/posterior_flow/_13/u                                      (1, 3)             3
model/posterior_flow/_14/w                                      (1, 3)             3
model/posterior_flow/_14/b                                      (1,)               1
model/posterior_flow/_14/u                                      (1, 3)             3
model/posterior_flow/_15/w                                      (1, 3)             3
model/posterior_flow/_15/b                                      (1,)               1
model/posterior_flow/_15/u                                      (1, 3)             3
model/posterior_flow/_16/w                                      (1, 3)             3
model/posterior_flow/_16/b                                      (1,)               1
model/posterior_flow/_16/u                                      (1, 3)             3
model/posterior_flow/_17/w                                      (1, 3)             3
model/posterior_flow/_17/b                                      (1,)               1
model/posterior_flow/_17/u                                      (1, 3)             3
model/posterior_flow/_18/w                                      (1, 3)             3
model/posterior_flow/_18/b                                      (1,)               1
model/posterior_flow/_18/u                                      (1, 3)             3
model/posterior_flow/_19/w                                      (1, 3)             3
model/posterior_flow/_19/b                                      (1,)               1
model/posterior_flow/_19/u                                      (1, 3)             3
model/p_x_given_z/hidden/rnn_p_x/rnn/gru_cell/gates/kernel      (503, 1000)  503,000
model/p_x_given_z/hidden/rnn_p_x/rnn/gru_cell/gates/bias        (1000,)        1,000
model/p_x_given_z/hidden/rnn_p_x/rnn/gru_cell/candidate/kernel  (503, 500)   251,500
model/p_x_given_z/hidden/rnn_p_x/rnn/gru_cell/candidate/bias    (500,)           500
model/p_x_given_z/hidden/rnn_p_x/dense/kernel                   (500, 500)   250,000
model/p_x_given_z/hidden/rnn_p_x/dense/bias                     (500,)           500
model/p_x_given_z/hidden/rnn_p_x/dense_1/kernel                 (500, 500)   250,000
model/p_x_given_z/hidden/rnn_p_x/dense_1/bias                   (500,)           500
model/p_x_given_z/x_mean/kernel                                 (500, 19)      9,500
model/p_x_given_z/x_mean/bias                                   (19,)             19
model/p_x_given_z/x_std/kernel                                  (500, 19)      9,500
model/p_x_given_z/x_std/bias                                    (19,)             19/home/hz/anaconda3/envs/py36/lib/python3.6/site-packages/tensorflow/python/framework/dtypes.py:523: FutureWarning: Passing (type, 1) or '1type' as a synonym of type is deprecated; in a future version of numpy, it will be understood as (type, (1,)) / '(1,)type'.
  _np_qint8 = np.dtype([("qint8", np.int8, 1)])
/home/hz/anaconda3/envs/py36/lib/python3.6/site-packages/tensorflow/python/framework/dtypes.py:524: FutureWarning: Passing (type, 1) or '1type' as a synonym of type is deprecated; in a future version of numpy, it will be understood as (type, (1,)) / '(1,)type'.
  _np_quint8 = np.dtype([("quint8", np.uint8, 1)])
/home/hz/anaconda3/envs/py36/lib/python3.6/site-packages/tensorflow/python/framework/dtypes.py:525: FutureWarning: Passing (type, 1) or '1type' as a synonym of type is deprecated; in a future version of numpy, it will be understood as (type, (1,)) / '(1,)type'.
  _np_qint16 = np.dtype([("qint16", np.int16, 1)])
/home/hz/anaconda3/envs/py36/lib/python3.6/site-packages/tensorflow/python/framework/dtypes.py:526: FutureWarning: Passing (type, 1) or '1type' as a synonym of type is deprecated; in a future version of numpy, it will be understood as (type, (1,)) / '(1,)type'.
  _np_quint16 = np.dtype([("quint16", np.uint16, 1)])
/home/hz/anaconda3/envs/py36/lib/python3.6/site-packages/tensorflow/python/framework/dtypes.py:527: FutureWarning: Passing (type, 1) or '1type' as a synonym of type is deprecated; in a future version of numpy, it will be understood as (type, (1,)) / '(1,)type'.
  _np_qint32 = np.dtype([("qint32", np.int32, 1)])
/home/hz/anaconda3/envs/py36/lib/python3.6/site-packages/tensorflow/python/framework/dtypes.py:532: FutureWarning: Passing (type, 1) or '1type' as a synonym of type is deprecated; in a future version of numpy, it will be understood as (type, (1,)) / '(1,)type'.
  np_resource = np.dtype([("resource", np.ubyte, 1)])
/home/hz/anaconda3/envs/py36/lib/python3.6/site-packages/tfsnippet/utils/tfver.py:22: DeprecationWarning: Function 'semver.compare' is deprecated. Deprecated since version 2.10.0.  This function will be removed in semver 3. Use the respective 'semver.VersionInfo.compare' instead.
  compare_result = semver.compare(version, tf.__version__)
/home/hz/anaconda3/envs/py36/lib/python3.6/site-packages/tfsnippet/utils/tfver.py:22: DeprecationWarning: Function 'semver.compare' is deprecated. Deprecated since version 2.10.0.  This function will be removed in semver 3. Use the respective 'semver.VersionInfo.compare' instead.
  compare_result = semver.compare(version, tf.__version__)
INFO:tensorflow:Restoring parameters from /tmp/tmpxmlc1sjp/variables.dat-1000
2025-06-19 22:23:02,358 [INFO] tensorflow: Restoring parameters from /tmp/tmpxmlc1sjp/variables.dat-1000
  0%|          | 0/4221 [00:00<?, ?it/s]100%|██████████| 4221/4221 [00:00<00:00, 67227.49it/s]

train_values: (6048, 19)
[Epoch 1/10, Step 100] step time: 2.407s (±6.372s); train time: 3m 5.141s; valid time: 55.72s; loss: 215.972 (±2053.97); valid loss: -6.0494 (*)
train_values: (6048, 19)
[Epoch 2/10, Step 200, ETA 36m 6.935s] step time: 2.013s (±4.936s); train time: 2m 4.765s; valid time: 49.69s; loss: -5.54345 (±1.94407); valid loss: -6.48813 (*)
train_values: (6048, 19)
[Epoch 3/10, Step 300, ETA 31m 6.605s] step time: 1.94s (±4.795s); train time: 1m 32.2s; valid time: 48.04s; loss: -6.46844 (±1.76858); valid loss: -7.45769 (*)
train_values: (6048, 19)
[Epoch 4/10, Step 400, ETA 28m 28.38s] step time: 2.396s (±8.174s); train time: 1m 14.46s; valid time: 1m 20.99s; loss: -5.89454 (±2.63842); valid loss: -5.58369
train_values: (6048, 19)
[Epoch 5/10, Step 500, ETA 28m 9.313s] step time: 3.658s (±8.778s); train time: 1m 16.03s; valid time: 1m 26.81s; loss: -6.86467 (±1.65972); valid loss: -7.54767 (*)
train_values: (6048, 19)
[Epoch 6/10, Step 600, ETA 26m 25.15s] step time: 3.975s (±9.38s); train time: 30.35s; valid time: 1m 34.09s; loss: -6.69366 (±2.01475); valid loss: -4.6257
[Epoch 6/10, Step 700, ETA 23m 35.65s] step time: 4.244s (±10.25s); train time: 5m 21.71s; valid time: 1m 42.96s; loss: -7.31963 (±1.49155); valid loss: -4.68402
train_values: (6048, 19)
[Epoch 7/10, Step 800, ETA 19m 48.51s] step time: 4.371s (±10.88s); train time: 5m 3.722s; valid time: 1m 49.39s; loss: -7.1545 (±1.45019); valid loss: -5.41509
train_values: (6048, 19)
[Epoch 8/10, Step 900, ETA 15m 19.5s] step time: 4.531s (±10.56s); train time: 4m 17.64s; valid time: 1m 46.36s; loss: -7.31079 (±1.42922); valid loss: -6.37566
train_values: (6048, 19)
[Epoch 9/10, Step 1000, ETA 10m 12.81s] step time: 4.488s (±11.33s); train time: 2m 59.9s; valid time: 1m 53.98s; loss: -7.80396 (±1.45938); valid loss: -9.83271 (*)
train_values: (6048, 19)
[Epoch 10/10, Step 1100, ETA 4m 39.2s] step time: 4.337s (±11.05s); train time: 2m 4.161s; valid time: 1m 50.47s; loss: -7.87543 (±2.07895); valid loss: -8.12396
train end time:  2025-06-19 22:23:03
train time:  4155.958397865295
test start time:  2025-06-19 22:23:03
------------------------------ testing ------------------------------
test_score shape:  (4221, 19)
test_z shape:  (4221, 100, 6)
search range:  -400.0 400.0
cur thr:  -399.0 [0.19806583877513187, 0.9999997560976204, 0.10991956809867111, 41.0, 3848.0, 0.0, 332.0, 2.9997000299970003] [0.19806583877513187, 0.9999997560976204, 0.10991956809867111, 41.0, 3848.0, 0.0, 332.0, 2.9997000299970003] -399.0
cur thr:  -349.0 [0.19806583877513187, 0.9999997560976204, 0.10991956809867111, 41.0, 3848.0, 0.0, 332.0, 2.9997000299970003] [0.19806583877513187, 0.9999997560976204, 0.10991956809867111, 41.0, 3848.0, 0.0, 332.0, 2.9997000299970003] -399.0
cur thr:  -299.0 [0.19806583877513187, 0.9999997560976204, 0.10991956809867111, 41.0, 3848.0, 0.0, 332.0, 2.9997000299970003] [0.19806583877513187, 0.9999997560976204, 0.10991956809867111, 41.0, 3848.0, 0.0, 332.0, 2.9997000299970003] -399.0
cur thr:  -249.0 [0.19806583877513187, 0.9999997560976204, 0.10991956809867111, 41.0, 3848.0, 0.0, 332.0, 2.9997000299970003] [0.19806583877513187, 0.9999997560976204, 0.10991956809867111, 41.0, 3848.0, 0.0, 332.0, 2.9997000299970003] -399.0
cur thr:  -199.0 [0.19806583877513187, 0.9999997560976204, 0.10991956809867111, 41.0, 3848.0, 0.0, 332.0, 2.9997000299970003] [0.19806583877513187, 0.9999997560976204, 0.10991956809867111, 41.0, 3848.0, 0.0, 332.0, 2.9997000299970003] -399.0
cur thr:  -149.0 [0.19806583877513187, 0.9999997560976204, 0.10991956809867111, 41.0, 3848.0, 0.0, 332.0, 2.9997000299970003] [0.19806583877513187, 0.9999997560976204, 0.10991956809867111, 41.0, 3848.0, 0.0, 332.0, 2.9997000299970003] -399.0
cur thr:  -99.0 [0.19806583877513187, 0.9999997560976204, 0.10991956809867111, 41.0, 3848.0, 0.0, 332.0, 2.9997000299970003] [0.19806583877513187, 0.9999997560976204, 0.10991956809867111, 41.0, 3848.0, 0.0, 332.0, 2.9997000299970003] -399.0
cur thr:  -49.0 [0.4025390408020791, 0.9595958626670845, 0.25469168217984767, 95.0, 3844.0, 4.0, 278.0, 14.66617779407353] [0.40597965294038774, 0.9999998947368531, 0.25469168217984767, 95.0, 3848.0, 0.0, 278.0, 15.33282223925869] -85.0
cur thr:  1.0 [0.7044335727071008, 0.5437317704995369, 0.9999999731903493, 373.0, 3535.0, 313.0, 0.0, 10.624867189160137] [0.8584530781397824, 0.7520161138706429, 0.9999999731903493, 373.0, 3725.0, 123.0, 0.0, 11.874851564355446] -4.0
cur thr:  51.0 [0.16238422780014367, 0.08836768517325827, 0.9999999731903493, 373.0, 0.0, 3848.0, 0.0, 0.0] [0.8584530781397824, 0.7520161138706429, 0.9999999731903493, 373.0, 3725.0, 123.0, 0.0, 11.874851564355446] -4.0
cur thr:  101.0 [0.16238422780014367, 0.08836768517325827, 0.9999999731903493, 373.0, 0.0, 3848.0, 0.0, 0.0] [0.8584530781397824, 0.7520161138706429, 0.9999999731903493, 373.0, 3725.0, 123.0, 0.0, 11.874851564355446] -4.0
cur thr:  151.0 [0.16238422780014367, 0.08836768517325827, 0.9999999731903493, 373.0, 0.0, 3848.0, 0.0, 0.0] [0.8584530781397824, 0.7520161138706429, 0.9999999731903493, 373.0, 3725.0, 123.0, 0.0, 11.874851564355446] -4.0
cur thr:  201.0 [0.16238422780014367, 0.08836768517325827, 0.9999999731903493, 373.0, 0.0, 3848.0, 0.0, 0.0] [0.8584530781397824, 0.7520161138706429, 0.9999999731903493, 373.0, 3725.0, 123.0, 0.0, 11.874851564355446] -4.0
cur thr:  251.0 [0.16238422780014367, 0.08836768517325827, 0.9999999731903493, 373.0, 0.0, 3848.0, 0.0, 0.0] [0.8584530781397824, 0.7520161138706429, 0.9999999731903493, 373.0, 3725.0, 123.0, 0.0, 11.874851564355446] -4.0
cur thr:  301.0 [0.16238422780014367, 0.08836768517325827, 0.9999999731903493, 373.0, 0.0, 3848.0, 0.0, 0.0] [0.8584530781397824, 0.7520161138706429, 0.9999999731903493, 373.0, 3725.0, 123.0, 0.0, 11.874851564355446] -4.0
cur thr:  351.0 [0.16238422780014367, 0.08836768517325827, 0.9999999731903493, 373.0, 0.0, 3848.0, 0.0, 0.0] [0.8584530781397824, 0.7520161138706429, 0.9999999731903493, 373.0, 3725.0, 123.0, 0.0, 11.874851564355446] -4.0
[0.8584530781397824, 0.7520161138706429, 0.9999999731903493, 373.0, 3725.0, 123.0, 0.0, 11.874851564355446] -4.0
label_file: ServerMachineDataset/interpretation_label/omi-10.txt
Initial threshold : 18.290344
Number of peaks : 64
Grimshaw maximum log-likelihood estimation ... [done]
	γ = 0
	σ = 19.678097
	L = 254.6883954028204
Extreme quantile (probability = 0.001): 57.922129258335445
81
4221
POT result:  (0.835550586147229, 0.9337748035173907, 0.756032151312811, 282.0, 3828.0, 20.0, 91.0) -22.759600260443246 14.166430559490676

=== 全局调试信息 ===
y_true shape: (4221,), unique values: [0. 1.]
y_pred shape: (4221,), unique values: [False  True]
feature_scores shape: (4221, 19)
interpretation_segments 数量: 8


=== 处理第 1/8 段 ===
原始段范围: orig_start=740, orig_end=780
调整后段范围: start=641, end=681
段内真实标签 (seg_true): [1. 1. 1. 1. 1. 1. 1. 1. 1. 1. 1. 1. 1. 1. 1. 1. 1. 1. 1. 1. 1. 1. 1. 1.
 1. 1. 1. 1. 1. 1. 1. 1. 1. 1. 1. 1. 1. 1. 1. 1. 1.]
段内预测标签 (seg_pred): [ True  True  True  True  True  True  True  True  True  True  True  True
  True  True  True  True  True  True  True  True  True  True  True  True
  True  True  True  True  True  True  True  True  True  True  True  True
  True  True  True  True  True]
段内真实异常时间点索引 (相对段内): [ 0  1  2  3  4  5  6  7  8  9 10 11 12 13 14 15 16 17 18 19 20 21 22 23
 24 25 26 27 28 29 30 31 32 33 34 35 36 37 38 39 40]
段内是否有预测为异常的时间点: True
真实异常维度 (0-based): [1, 4, 5, 6, 7, 8, 9, 10, 11, 12, 13, 14, 15, 16, 17, 18]
段内检测到的异常时间点索引 (相对段内): [ 0  1  2  3  4  5  6  7  8  9 10 11 12 13 14 15 16 17 18 19 20 21 22 23
 24 25 26 27 28 29 30 31 32 33 34 35 36 37 38 39 40]
选择的维度数量 (k): 3 (基于真实异常维度数的 100%)
推断的异常维度 (0-based): [0, 1, 2, 3, 4]
真实与推断的交集: [1, 4]
段内指标: TP=2, FP=3, FN=14, TN=0, IPS=0.1250

=== 处理第 2/8 段 ===
原始段范围: orig_start=1345, orig_end=1406
调整后段范围: start=1246, end=1307
段内真实标签 (seg_true): [1. 1. 1. 1. 1. 1. 1. 1. 1. 1. 1. 1. 1. 1. 1. 1. 1. 1. 1. 1. 1. 1. 1. 1.
 1. 1. 1. 1. 1. 1. 1. 1. 1. 1. 1. 1. 1. 1. 1. 1. 1. 1. 1. 1. 1. 1. 1. 1.
 1. 1. 1. 1. 1. 1. 1. 1. 1. 1. 1. 1. 1. 1.]
段内预测标签 (seg_pred): [ True  True  True  True  True  True  True  True  True  True  True  True
  True  True  True  True  True  True  True  True  True  True  True  True
  True  True  True  True  True  True  True  True  True  True  True  True
  True  True  True  True  True  True  True  True  True  True  True  True
  True  True  True  True  True  True  True  True  True  True  True  True
  True  True]
段内真实异常时间点索引 (相对段内): [ 0  1  2  3  4  5  6  7  8  9 10 11 12 13 14 15 16 17 18 19 20 21 22 23
 24 25 26 27 28 29 30 31 32 33 34 35 36 37 38 39 40 41 42 43 44 45 46 47
 48 49 50 51 52 53 54 55 56 57 58 59 60 61]
段内是否有预测为异常的时间点: True
真实异常维度 (0-based): [6, 8, 9, 10, 11, 12, 13, 14, 15, 16, 17]
段内检测到的异常时间点索引 (相对段内): [ 0  1  2  3  4  5  6  7  8  9 10 11 12 13 14 15 16 17 18 19 20 21 22 23
 24 25 26 27 28 29 30 31 32 33 34 35 36 37 38 39 40 41 42 43 44 45 46 47
 48 49 50 51 52 53 54 55 56 57 58 59 60 61]
选择的维度数量 (k): 3 (基于真实异常维度数的 100%)
推断的异常维度 (0-based): [0, 1, 2, 4]
真实与推断的交集: []
段内指标: TP=0, FP=4, FN=11, TN=4, IPS=0.0000

=== 处理第 3/8 段 ===
原始段范围: orig_start=2224, orig_end=2272
调整后段范围: start=2125, end=2173
段内真实标签 (seg_true): [1. 1. 1. 1. 1. 1. 1. 1. 1. 1. 1. 1. 1. 1. 1. 1. 1. 1. 1. 1. 1. 1. 1. 1.
 1. 1. 1. 1. 1. 1. 1. 1. 1. 1. 1. 1. 1. 1. 1. 1. 1. 1. 1. 1. 1. 1. 1. 1.
 1.]
段内预测标签 (seg_pred): [ True  True  True  True  True  True  True  True  True  True  True  True
  True  True  True  True  True  True  True  True  True  True  True  True
  True  True  True  True  True  True  True  True  True  True  True  True
  True  True  True  True  True  True  True  True  True  True  True  True
  True]
段内真实异常时间点索引 (相对段内): [ 0  1  2  3  4  5  6  7  8  9 10 11 12 13 14 15 16 17 18 19 20 21 22 23
 24 25 26 27 28 29 30 31 32 33 34 35 36 37 38 39 40 41 42 43 44 45 46 47
 48]
段内是否有预测为异常的时间点: True
真实异常维度 (0-based): [3, 4, 5, 6, 8, 9, 10, 11, 12, 13, 14, 15, 16, 17, 18]
段内检测到的异常时间点索引 (相对段内): [ 0  1  2  3  4  5  6  7  8  9 10 11 12 13 14 15 16 17 18 19 20 21 22 23
 24 25 26 27 28 29 30 31 32 33 34 35 36 37 38 39 40 41 42 43 44 45 46 47
 48]
选择的维度数量 (k): 3 (基于真实异常维度数的 100%)
推断的异常维度 (0-based): [0, 1, 2, 3, 4]
真实与推断的交集: [3, 4]
段内指标: TP=2, FP=3, FN=13, TN=1, IPS=0.1333

=== 处理第 4/8 段 ===
原始段范围: orig_start=2514, orig_end=2592
调整后段范围: start=2415, end=2493
段内真实标签 (seg_true): [1. 1. 1. 1. 1. 1. 1. 1. 1. 1. 1. 1. 1. 1. 1. 1. 1. 1. 1. 1. 1. 1. 1. 1.
 1. 1. 1. 1. 1. 1. 1. 1. 1. 1. 1. 1. 1. 1. 1. 1. 1. 1. 1. 1. 1. 1. 1. 1.
 1. 1. 1. 1. 1. 1. 1. 1. 1. 1. 1. 1. 1. 1. 1. 1. 1. 1. 1. 1. 1. 1. 1. 1.
 1. 1. 1. 1. 1. 1. 1.]
段内预测标签 (seg_pred): [ True  True  True  True  True  True  True  True  True  True  True  True
  True  True  True  True  True  True  True  True  True  True  True  True
  True  True  True  True  True  True  True  True  True  True  True  True
  True  True  True  True  True  True  True  True  True  True  True  True
  True  True  True  True  True  True  True  True  True  True  True  True
  True  True  True  True  True  True  True  True  True  True  True  True
  True  True  True  True  True  True  True]
段内真实异常时间点索引 (相对段内): [ 0  1  2  3  4  5  6  7  8  9 10 11 12 13 14 15 16 17 18 19 20 21 22 23
 24 25 26 27 28 29 30 31 32 33 34 35 36 37 38 39 40 41 42 43 44 45 46 47
 48 49 50 51 52 53 54 55 56 57 58 59 60 61 62 63 64 65 66 67 68 69 70 71
 72 73 74 75 76 77 78]
段内是否有预测为异常的时间点: True
真实异常维度 (0-based): [3, 15]
段内检测到的异常时间点索引 (相对段内): [ 0  1  2  3  4  5  6  7  8  9 10 11 12 13 14 15 16 17 18 19 20 21 22 23
 24 25 26 27 28 29 30 31 32 33 34 35 36 37 38 39 40 41 42 43 44 45 46 47
 48 49 50 51 52 53 54 55 56 57 58 59 60 61 62 63 64 65 66 67 68 69 70 71
 72 73 74 75 76 77 78]
选择的维度数量 (k): 3 (基于真实异常维度数的 100%)
推断的异常维度 (0-based): [0, 1, 2, 3, 4]
真实与推断的交集: [3]
段内指标: TP=1, FP=4, FN=1, TN=13, IPS=0.5000

=== 处理第 5/8 段 ===
原始段范围: orig_start=2733, orig_end=2778
调整后段范围: start=2634, end=2679
段内真实标签 (seg_true): [1. 1. 1. 1. 1. 1. 1. 1. 1. 1. 1. 1. 1. 1. 1. 1. 1. 1. 1. 1. 1. 1. 1. 1.
 1. 1. 1. 1. 1. 1. 1. 1. 1. 1. 1. 1. 1. 1. 1. 1. 1. 1. 1. 1. 1. 1.]
段内预测标签 (seg_pred): [False False False False False False False False False False False False
 False False False False False False False False False False False False
 False False False False False False False False False False False False
 False False False False False False False False False False]
段内真实异常时间点索引 (相对段内): [ 0  1  2  3  4  5  6  7  8  9 10 11 12 13 14 15 16 17 18 19 20 21 22 23
 24 25 26 27 28 29 30 31 32 33 34 35 36 37 38 39 40 41 42 43 44 45]
段内是否有预测为异常的时间点: False
真实异常维度 (0-based): [10, 13, 14]
段内检测到的异常时间点索引 (相对段内): []
未检测到任何异常点，将整个段中的时间索引标记为异常
选择的维度数量 (k): 3 (基于真实异常维度数的 100%)
推断的异常维度 (0-based): [0, 1, 2, 4]
真实与推断的交集: []
段内指标: TP=0, FP=4, FN=3, TN=12, IPS=0.0000

=== 处理第 6/8 段 ===
原始段范围: orig_start=3401, orig_end=3405
调整后段范围: start=3302, end=3306
段内真实标签 (seg_true): [1. 1. 1. 1. 1.]
段内预测标签 (seg_pred): [ True  True  True  True  True]
段内真实异常时间点索引 (相对段内): [0 1 2 3 4]
段内是否有预测为异常的时间点: True
真实异常维度 (0-based): [0]
段内检测到的异常时间点索引 (相对段内): [0 1 2 3 4]
选择的维度数量 (k): 3 (基于真实异常维度数的 100%)
推断的异常维度 (0-based): [0, 1, 2, 3]
真实与推断的交集: [0]
段内指标: TP=1, FP=3, FN=0, TN=15, IPS=1.0000

=== 处理第 7/8 段 ===
原始段范围: orig_start=3414, orig_end=3459
调整后段范围: start=3315, end=3360
段内真实标签 (seg_true): [1. 1. 1. 1. 1. 1. 1. 1. 1. 1. 1. 1. 1. 1. 1. 1. 1. 1. 1. 1. 1. 1. 1. 1.
 1. 1. 1. 1. 1. 1. 1. 1. 1. 1. 1. 1. 1. 1. 1. 1. 1. 1. 1. 1. 1. 1.]
段内预测标签 (seg_pred): [ True  True  True  True  True  True  True  True  True  True  True  True
  True  True  True  True  True  True  True  True  True  True  True  True
  True  True  True  True  True  True  True  True  True  True  True  True
  True  True  True  True  True  True  True  True  True  True]
段内真实异常时间点索引 (相对段内): [ 0  1  2  3  4  5  6  7  8  9 10 11 12 13 14 15 16 17 18 19 20 21 22 23
 24 25 26 27 28 29 30 31 32 33 34 35 36 37 38 39 40 41 42 43 44 45]
段内是否有预测为异常的时间点: True
真实异常维度 (0-based): [7]
段内检测到的异常时间点索引 (相对段内): [ 0  1  2  3  4  5  6  7  8  9 10 11 12 13 14 15 16 17 18 19 20 21 22 23
 24 25 26 27 28 29 30 31 32 33 34 35 36 37 38 39 40 41 42 43 44 45]
选择的维度数量 (k): 3 (基于真实异常维度数的 100%)
推断的异常维度 (0-based): [0, 1, 2, 3, 4]
真实与推断的交集: []
段内指标: TP=0, FP=5, FN=1, TN=13, IPS=0.0000

=== 处理第 8/8 段 ===
原始段范围: orig_start=3700, orig_end=3744
调整后段范围: start=3601, end=3645
段内真实标签 (seg_true): [1. 1. 1. 1. 1. 1. 1. 1. 1. 1. 1. 1. 1. 1. 1. 1. 1. 1. 1. 1. 1. 1. 1. 1.
 1. 1. 1. 1. 1. 1. 1. 1. 1. 1. 1. 1. 1. 1. 1. 1. 1. 1. 1. 1. 1.]
段内预测标签 (seg_pred): [False False False False False False False False False False False False
 False False False False False False False False False False False False
 False False False False False False False False False False False False
 False False False False False False False False False]
段内真实异常时间点索引 (相对段内): [ 0  1  2  3  4  5  6  7  8  9 10 11 12 13 14 15 16 17 18 19 20 21 22 23
 24 25 26 27 28 29 30 31 32 33 34 35 36 37 38 39 40 41 42 43 44]

段内是否有预测为异常的时间点: False
真实异常维度 (0-based): [6, 7, 8, 9, 10, 11, 12, 13, 14, 15, 16, 17]
段内检测到的异常时间点索引 (相对段内): []
未检测到任何异常点，将整个段中的时间索引标记为异常
选择的维度数量 (k): 3 (基于真实异常维度数的 100%)
推断的异常维度 (0-based): [0, 1, 2, 3, 4]
真实与推断的交集: []
段内指标: TP=0, FP=5, FN=12, TN=2, IPS=0.0000

=== 汇总指标 ===
总 TP: 6, 总 TN: 60, 总 FP: 31, 总 FN: 55
平均 IPS: 0.1506, Precision: 0.1622, Recall: 0.0984, F1: 0.1224
每段IPS与混淆: [{'original_start': 740, 'original_end': 780, 'start': 641, 'end': 681, 'TP': 2, 'TN': 0, 'FP': 3, 'FN': 14, 'IPS': 0.125, 'k_selected': 3, 'gt_dims_count': 16}, {'original_start': 1345, 'original_end': 1406, 'start': 1246, 'end': 1307, 'TP': 0, 'TN': 4, 'FP': 4, 'FN': 11, 'IPS': 0.0, 'k_selected': 3, 'gt_dims_count': 11}, {'original_start': 2224, 'original_end': 2272, 'start': 2125, 'end': 2173, 'TP': 2, 'TN': 1, 'FP': 3, 'FN': 13, 'IPS': 0.13333333333333333, 'k_selected': 3, 'gt_dims_count': 15}, {'original_start': 2514, 'original_end': 2592, 'start': 2415, 'end': 2493, 'TP': 1, 'TN': 13, 'FP': 4, 'FN': 1, 'IPS': 0.5, 'k_selected': 3, 'gt_dims_count': 2}, {'original_start': 2733, 'original_end': 2778, 'start': 2634, 'end': 2679, 'TP': 0, 'TN': 12, 'FP': 4, 'FN': 3, 'IPS': 0.0, 'k_selected': 3, 'gt_dims_count': 3}, {'original_start': 3401, 'original_end': 3405, 'start': 3302, 'end': 3306, 'TP': 1, 'TN': 15, 'FP': 3, 'FN': 0, 'IPS': 1.0, 'k_selected': 3, 'gt_dims_count': 1}, {'original_start': 3414, 'original_end': 3459, 'start': 3315, 'end': 3360, 'TP': 0, 'TN': 13, 'FP': 5, 'FN': 1, 'IPS': 0.0, 'k_selected': 3, 'gt_dims_count': 1}, {'original_start': 3700, 'original_end': 3744, 'start': 3601, 'end': 3645, 'TP': 0, 'TN': 2, 'FP': 5, 'FN': 12, 'IPS': 0.0, 'k_selected': 3, 'gt_dims_count': 12}]
总和: {'TP': 6, 'TN': 60, 'FP': 31, 'FN': 55, 'IPS': 0.1505585344057194, 'precision': 0.16216216216216217, 'recall': 0.09836065573770492, 'F1': 0.12244897959183673}
test end time:  2025-06-19 22:32:34
test time:  571.153657913208
==============================result==============================
{'FN': 0.0,
 'FP': 123.0,
 'TN': 3725.0,
 'TP': 373.0,
 'best-f1': 0.8584530781397824,
 'best_valid_loss': -9.83271230448215,
 'dataset': 'omi-10',
 'latency': 11.874851564355446,
 'pot-FN': 91.0,
 'pot-FP': 20.0,
 'pot-TN': 3828.0,
 'pot-TP': 282.0,
 'pot-f1': 0.835550586147229,
 'pot-latency': 14.166430559490676,
 'pot-precision': 0.9337748035173907,
 'pot-recall': 0.756032151312811,
 'pot-threshold': -22.759600260443246,
 'precision': 0.7520161138706429,
 'pred_time': 2.053594622892492,
 'pred_total_time': 175.01514387130737,
 'recall': 0.9999999731903493,
 'segment_results': [{'FN': 14,
                      'FP': 3,
                      'IPS': 0.125,
                      'TN': 0,
                      'TP': 2,
                      'end': 681,
                      'gt_dims_count': 16,
                      'k_selected': 3,
                      'original_end': 780,
                      'original_start': 740,
                      'start': 641},
                     {'FN': 11,
                      'FP': 4,
                      'IPS': 0.0,
                      'TN': 4,
                      'TP': 0,
                      'end': 1307,
                      'gt_dims_count': 11,
                      'k_selected': 3,
                      'original_end': 1406,
                      'original_start': 1345,
                      'start': 1246},
                     {'FN': 13,
                      'FP': 3,
                      'IPS': 0.13333333333333333,
                      'TN': 1,
                      'TP': 2,
                      'end': 2173,
                      'gt_dims_count': 15,
                      'k_selected': 3,
                      'original_end': 2272,
                      'original_start': 2224,
                      'start': 2125},
                     {'FN': 1,
                      'FP': 4,
                      'IPS': 0.5,
                      'TN': 13,
                      'TP': 1,
                      'end': 2493,
                      'gt_dims_count': 2,
                      'k_selected': 3,
                      'original_end': 2592,
                      'original_start': 2514,
                      'start': 2415},
                     {'FN': 3,
                      'FP': 4,
                      'IPS': 0.0,
                      'TN': 12,
                      'TP': 0,
                      'end': 2679,
                      'gt_dims_count': 3,
                      'k_selected': 3,
                      'original_end': 2778,
                      'original_start': 2733,
                      'start': 2634},
                     {'FN': 0,
                      'FP': 3,
                      'IPS': 1.0,
                      'TN': 15,
                      'TP': 1,
                      'end': 3306,
                      'gt_dims_count': 1,
                      'k_selected': 3,
                      'original_end': 3405,
                      'original_start': 3401,
                      'start': 3302},
                     {'FN': 1,
                      'FP': 5,
                      'IPS': 0.0,
                      'TN': 13,
                      'TP': 0,
                      'end': 3360,
                      'gt_dims_count': 1,
                      'k_selected': 3,
                      'original_end': 3459,
                      'original_start': 3414,
                      'start': 3315},
                     {'FN': 12,
                      'FP': 5,
                      'IPS': 0.0,
                      'TN': 2,
                      'TP': 0,
                      'end': 3645,
                      'gt_dims_count': 12,
                      'k_selected': 3,
                      'original_end': 3744,
                      'original_start': 3700,
                      'start': 3601}],
 'segment_summary': {'F1': 0.12244897959183673,
                     'FN': 55,
                     'FP': 31,
                     'IPS': 0.1505585344057194,
                     'TN': 60,
                     'TP': 6,
                     'precision': 0.16216216216216217,
                     'recall': 0.09836065573770492},
 'threshold': -4.0,
 'train_time': 412.4511767864227,
 'valid_time': 1.691470348184759}
