2025-06-19 22:34:07.307281: I tensorflow/core/platform/cpu_feature_guard.cc:141] Your CPU supports instructions that this TensorFlow binary was not compiled to use: AVX2 AVX512F FMA
Configurations
===========================================
{'batch_size': 50,
 'bf_search_max': 400.0,
 'bf_search_min': -400.0,
 'bf_search_step_size': 1.0,
 'dataset': 'omi-11',
 'dense_dim': 500,
 'early_stop': True,
 'get_score_on_dim': True,
 'gradient_clip_norm': 10.0,
 'initial_lr': 0.001,
 'l2_reg': 0.0001,
 'level': 0.0075,
 'lr_anneal_epoch_freq': 40,
 'lr_anneal_factor': 0.5,
 'lr_anneal_step_freq': None,
 'max_epoch': 10,
 'max_test_size': None,
 'max_train_size': None,
 'nf_layers': 20,
 'percentage_Dimension': 20.0,
 'posterior_flow_type': 'nf',
 'restore_dir': None,
 'result_dir': 'result',
 'rnn_cell': 'GRU',
 'rnn_num_hidden': 500,
 'save_dir': 'model',
 'save_z': False,
 'std_epsilon': 0.0001,
 'test_batch_size': 50,
 'test_n_z': 1,
 'test_score_filename': 'test_score.pkl',
 'test_start': 0,
 'train_score_filename': 'train_score.pkl',
 'train_start': 0,
 'use_connected_z_p': True,
 'use_connected_z_q': True,
 'valid_step_freq': 100,
 'window_length': 100,
 'x_dim': 19,
 'z_dim': 3}

train start time:  2025-06-19 22:33:20
load data of: omi-11
train:  0 None
test:  0 None
Data normalized
Data normalized
train set shape:  (8640, 19)
test set shape:  (4320, 19)
test set label shape:  (4320,)
Trainable Parameters                                            (2,560,202 in total)
------------------------------------------------------------------------------------
model/q_z_given_x/rnn_q_z/rnn/gru_cell/gates/kernel             (519, 1000)  519,000
model/q_z_given_x/rnn_q_z/rnn/gru_cell/gates/bias               (1000,)        1,000
model/q_z_given_x/rnn_q_z/rnn/gru_cell/candidate/kernel         (519, 500)   259,500
model/q_z_given_x/rnn_q_z/rnn/gru_cell/candidate/bias           (500,)           500
model/q_z_given_x/rnn_q_z/dense/kernel                          (500, 500)   250,000
model/q_z_given_x/rnn_q_z/dense/bias                            (500,)           500
model/q_z_given_x/rnn_q_z/dense_1/kernel                        (500, 500)   250,000
model/q_z_given_x/rnn_q_z/dense_1/bias                          (500,)           500
model/vae/variational/z_mean/kernel                             (503, 3)       1,509
model/vae/variational/z_mean/bias                               (3,)               3
model/vae/variational/z_std/kernel                              (503, 3)       1,509
model/vae/variational/z_std/bias                                (3,)               3
model/posterior_flow/_0/w                                       (1, 3)             3
model/posterior_flow/_0/b                                       (1,)               1
model/posterior_flow/_0/u                                       (1, 3)             3
model/posterior_flow/_1/w                                       (1, 3)             3
model/posterior_flow/_1/b                                       (1,)               1
model/posterior_flow/_1/u                                       (1, 3)             3
model/posterior_flow/_2/w                                       (1, 3)             3
model/posterior_flow/_2/b                                       (1,)               1
model/posterior_flow/_2/u                                       (1, 3)             3
model/posterior_flow/_3/w                                       (1, 3)             3
model/posterior_flow/_3/b                                       (1,)               1
model/posterior_flow/_3/u                                       (1, 3)             3
model/posterior_flow/_4/w                                       (1, 3)             3
model/posterior_flow/_4/b                                       (1,)               1
model/posterior_flow/_4/u                                       (1, 3)             3
model/posterior_flow/_5/w                                       (1, 3)             3
model/posterior_flow/_5/b                                       (1,)               1
model/posterior_flow/_5/u                                       (1, 3)             3
model/posterior_flow/_6/w                                       (1, 3)             3
model/posterior_flow/_6/b                                       (1,)               1
model/posterior_flow/_6/u                                       (1, 3)             3
model/posterior_flow/_7/w                                       (1, 3)             3
model/posterior_flow/_7/b                                       (1,)               1
model/posterior_flow/_7/u                                       (1, 3)             3
model/posterior_flow/_8/w                                       (1, 3)             3
model/posterior_flow/_8/b                                       (1,)               1
model/posterior_flow/_8/u                                       (1, 3)             3
model/posterior_flow/_9/w                                       (1, 3)             3
model/posterior_flow/_9/b                                       (1,)               1
model/posterior_flow/_9/u                                       (1, 3)             3
model/posterior_flow/_10/w                                      (1, 3)             3
model/posterior_flow/_10/b                                      (1,)               1
model/posterior_flow/_10/u                                      (1, 3)             3
model/posterior_flow/_11/w                                      (1, 3)             3
model/posterior_flow/_11/b                                      (1,)               1
model/posterior_flow/_11/u                                      (1, 3)             3
model/posterior_flow/_12/w                                      (1, 3)             3
model/posterior_flow/_12/b                                      (1,)               1
model/posterior_flow/_12/u                                      (1, 3)             3
model/posterior_flow/_13/w                                      (1, 3)             3
model/posterior_flow/_13/b                                      (1,)               1
model/posterior_flow/_13/u                                      (1, 3)             3
model/posterior_flow/_14/w                                      (1, 3)             3
model/posterior_flow/_14/b                                      (1,)               1
model/posterior_flow/_14/u                                      (1, 3)             3
model/posterior_flow/_15/w                                      (1, 3)             3
model/posterior_flow/_15/b                                      (1,)               1
model/posterior_flow/_15/u                                      (1, 3)             3
model/posterior_flow/_16/w                                      (1, 3)             3
model/posterior_flow/_16/b                                      (1,)               1
model/posterior_flow/_16/u                                      (1, 3)             3
model/posterior_flow/_17/w                                      (1, 3)             3
model/posterior_flow/_17/b                                      (1,)               1
model/posterior_flow/_17/u                                      (1, 3)             3
model/posterior_flow/_18/w                                      (1, 3)             3
model/posterior_flow/_18/b                                      (1,)               1
model/posterior_flow/_18/u                                      (1, 3)             3
model/posterior_flow/_19/w                                      (1, 3)             3
model/posterior_flow/_19/b                                      (1,)               1
model/posterior_flow/_19/u                                      (1, 3)             3
model/p_x_given_z/hidden/rnn_p_x/rnn/gru_cell/gates/kernel      (503, 1000)  503,000
model/p_x_given_z/hidden/rnn_p_x/rnn/gru_cell/gates/bias        (1000,)        1,000
model/p_x_given_z/hidden/rnn_p_x/rnn/gru_cell/candidate/kernel  (503, 500)   251,500
model/p_x_given_z/hidden/rnn_p_x/rnn/gru_cell/candidate/bias    (500,)           500
model/p_x_given_z/hidden/rnn_p_x/dense/kernel                   (500, 500)   250,000
model/p_x_given_z/hidden/rnn_p_x/dense/bias                     (500,)           500
model/p_x_given_z/hidden/rnn_p_x/dense_1/kernel                 (500, 500)   250,000
model/p_x_given_z/hidden/rnn_p_x/dense_1/bias                   (500,)           500
model/p_x_given_z/x_mean/kernel                                 (500, 19)      9,500
model/p_x_given_z/x_mean/bias                                   (19,)             19
model/p_x_given_z/x_std/kernel                                  (500, 19)      9,500
model/p_x_given_z/x_std/bias                                    (19,)             19/home/hz/anaconda3/envs/py36/lib/python3.6/site-packages/tensorflow/python/framework/dtypes.py:523: FutureWarning: Passing (type, 1) or '1type' as a synonym of type is deprecated; in a future version of numpy, it will be understood as (type, (1,)) / '(1,)type'.
  _np_qint8 = np.dtype([("qint8", np.int8, 1)])
/home/hz/anaconda3/envs/py36/lib/python3.6/site-packages/tensorflow/python/framework/dtypes.py:524: FutureWarning: Passing (type, 1) or '1type' as a synonym of type is deprecated; in a future version of numpy, it will be understood as (type, (1,)) / '(1,)type'.
  _np_quint8 = np.dtype([("quint8", np.uint8, 1)])
/home/hz/anaconda3/envs/py36/lib/python3.6/site-packages/tensorflow/python/framework/dtypes.py:525: FutureWarning: Passing (type, 1) or '1type' as a synonym of type is deprecated; in a future version of numpy, it will be understood as (type, (1,)) / '(1,)type'.
  _np_qint16 = np.dtype([("qint16", np.int16, 1)])
/home/hz/anaconda3/envs/py36/lib/python3.6/site-packages/tensorflow/python/framework/dtypes.py:526: FutureWarning: Passing (type, 1) or '1type' as a synonym of type is deprecated; in a future version of numpy, it will be understood as (type, (1,)) / '(1,)type'.
  _np_quint16 = np.dtype([("quint16", np.uint16, 1)])
/home/hz/anaconda3/envs/py36/lib/python3.6/site-packages/tensorflow/python/framework/dtypes.py:527: FutureWarning: Passing (type, 1) or '1type' as a synonym of type is deprecated; in a future version of numpy, it will be understood as (type, (1,)) / '(1,)type'.
  _np_qint32 = np.dtype([("qint32", np.int32, 1)])
/home/hz/anaconda3/envs/py36/lib/python3.6/site-packages/tensorflow/python/framework/dtypes.py:532: FutureWarning: Passing (type, 1) or '1type' as a synonym of type is deprecated; in a future version of numpy, it will be understood as (type, (1,)) / '(1,)type'.
  np_resource = np.dtype([("resource", np.ubyte, 1)])
/home/hz/anaconda3/envs/py36/lib/python3.6/site-packages/tfsnippet/utils/tfver.py:22: DeprecationWarning: Function 'semver.compare' is deprecated. Deprecated since version 2.10.0.  This function will be removed in semver 3. Use the respective 'semver.VersionInfo.compare' instead.
  compare_result = semver.compare(version, tf.__version__)
/home/hz/anaconda3/envs/py36/lib/python3.6/site-packages/tfsnippet/utils/tfver.py:22: DeprecationWarning: Function 'semver.compare' is deprecated. Deprecated since version 2.10.0.  This function will be removed in semver 3. Use the respective 'semver.VersionInfo.compare' instead.
  compare_result = semver.compare(version, tf.__version__)
INFO:tensorflow:Restoring parameters from /tmp/tmpkdl9p90g/variables.dat-1100
2025-06-20 00:00:02,149 [INFO] tensorflow: Restoring parameters from /tmp/tmpkdl9p90g/variables.dat-1100
  0%|          | 0/4221 [00:00<?, ?it/s]100%|██████████| 4221/4221 [00:00<00:00, 320954.25it/s]

train_values: (6048, 19)
[Epoch 1/10, Step 100] step time: 4.954s (±13.35s); train time: 6m 10.1s; valid time: 2m 5.437s; loss: 9.5581 (±52.0236); valid loss: -2.17515 (*)
train_values: (6048, 19)
[Epoch 2/10, Step 200, ETA 1h 15m 39.68s] step time: 4.305s (±10.62s); train time: 4m 25.39s; valid time: 1m 47.34s; loss: -3.37555 (±2.29909); valid loss: -4.72392 (*)
train_values: (6048, 19)
[Epoch 3/10, Step 300, ETA 1h 6m 23.46s] step time: 4.312s (±10.99s); train time: 3m 26.35s; valid time: 1m 50.42s; loss: -4.16184 (±1.89615); valid loss: -5.12419 (*)
train_values: (6048, 19)
[Epoch 4/10, Step 400, ETA 58m 54.47s] step time: 4.543s (±10.8s); train time: 2m 38.09s; valid time: 1m 48.34s; loss: -4.54978 (±1.42395); valid loss: -4.70558
train_values: (6048, 19)
[Epoch 5/10, Step 500, ETA 51m 24.44s] step time: 4.553s (±11.06s); train time: 1m 38.95s; valid time: 1m 51.24s; loss: -4.75639 (±1.99001); valid loss: -5.71569 (*)
train_values: (6048, 19)
[Epoch 6/10, Step 600, ETA 43m 55.9s] step time: 4.586s (±10.66s); train time: 36.41s; valid time: 1m 46.71s; loss: -5.16102 (±1.61366); valid loss: -5.84934 (*)
[Epoch 6/10, Step 700, ETA 36m 2.655s] step time: 4.269s (±10.12s); train time: 5m 25.22s; valid time: 1m 41.86s; loss: -4.12731 (±2.87273); valid loss: -0.7874
train_values: (6048, 19)
[Epoch 7/10, Step 800, ETA 28m 27.03s] step time: 4.396s (±10.71s); train time: 5m 4.018s; valid time: 1m 48.49s; loss: -5.41109 (±2.08197); valid loss: -6.36994 (*)
train_values: (6048, 19)
[Epoch 8/10, Step 900, ETA 20m 53.24s] step time: 4.344s (±10.88s); train time: 4m 3.412s; valid time: 1m 49.02s; loss: -5.0793 (±2.38869); valid loss: -7.00254 (*)
train_values: (6048, 19)
[Epoch 9/10, Step 1000, ETA 13m 21.51s] step time: 4.243s (±10.19s); train time: 2m 57.02s; valid time: 1m 42.69s; loss: -6.40194 (±2.05623); valid loss: -5.04705
train_values: (6048, 19)
[Epoch 10/10, Step 1100, ETA 5m 54.41s] step time: 4.2s (±10.41s); train time: 2m 1.171s; valid time: 1m 44.44s; loss: -6.76872 (±2.06641); valid loss: -9.49337 (*)
train end time:  2025-06-20 00:00:02
train time:  5202.047647237778
test start time:  2025-06-20 00:00:02
------------------------------ testing ------------------------------
test_score shape:  (4221, 19)
test_z shape:  (4221, 100, 6)
search range:  -400.0 400.0
cur thr:  -399.0 [0.1333319517282533, 0.899999550000225, 0.07199999712000012, 18.0, 3969.0, 2.0, 232.0, 2.9997000299970003] [0.1333319517282533, 0.899999550000225, 0.07199999712000012, 18.0, 3969.0, 2.0, 232.0, 2.9997000299970003] -399.0
cur thr:  -349.0 [0.1333319517282533, 0.899999550000225, 0.07199999712000012, 18.0, 3969.0, 2.0, 232.0, 2.9997000299970003] [0.1333319517282533, 0.899999550000225, 0.07199999712000012, 18.0, 3969.0, 2.0, 232.0, 2.9997000299970003] -399.0
cur thr:  -299.0 [0.5375682138023871, 0.9687498990885521, 0.3719999851200006, 93.0, 3968.0, 3.0, 157.0, 17.99940001999933] [0.5375682138023871, 0.9687498990885521, 0.3719999851200006, 93.0, 3968.0, 3.0, 157.0, 17.99940001999933] -301.0
cur thr:  -249.0 [0.6287218833889758, 0.9747898340512744, 0.46399998144000076, 116.0, 3968.0, 3.0, 134.0, 6.749831254218645] [0.6287218833889758, 0.9747898340512744, 0.46399998144000076, 116.0, 3968.0, 3.0, 134.0, 15.499612509687259] -283.0
cur thr:  -199.0 [0.6287218833889758, 0.9747898340512744, 0.46399998144000076, 116.0, 3968.0, 3.0, 134.0, 6.749831254218645] [0.6287218833889758, 0.9747898340512744, 0.46399998144000076, 116.0, 3968.0, 3.0, 134.0, 15.499612509687259] -283.0
cur thr:  -149.0 [0.83145571319668, 0.9487179000657487, 0.7399999704000012, 185.0, 3961.0, 10.0, 65.0, 6.666555557407377] [0.8447439200884619, 0.9840425008488032, 0.7399999704000012, 185.0, 3968.0, 3.0, 65.0, 6.666555557407377] -181.0
cur thr:  -99.0 [0.8008608000532819, 0.8726414682716288, 0.7399999704000012, 185.0, 3944.0, 27.0, 65.0, 5.499908334861086] [0.8447439200884619, 0.9840425008488032, 0.7399999704000012, 185.0, 3968.0, 3.0, 65.0, 6.666555557407377] -181.0
cur thr:  -49.0 [0.7752758901412583, 0.72887321377207, 0.8279999668800013, 207.0, 3894.0, 77.0, 43.0, 5.428493878658877] [0.8447439200884619, 0.9840425008488032, 0.7399999704000012, 185.0, 3968.0, 3.0, 65.0, 6.666555557407377] -181.0
cur thr:  1.0 [0.40107082460251303, 0.2583621654168147, 0.8959999641600014, 224.0, 3328.0, 643.0, 26.0, 3.2499593755078062] [0.8447439200884619, 0.9840425008488032, 0.7399999704000012, 185.0, 3968.0, 3.0, 65.0, 6.666555557407377] -181.0
cur thr:  51.0 [0.11183074868872353, 0.059227671027653, 0.9999999600000016, 250.0, 0.0, 3971.0, 0.0, 0.0] [0.8447439200884619, 0.9840425008488032, 0.7399999704000012, 185.0, 3968.0, 3.0, 65.0, 6.666555557407377] -181.0
cur thr:  101.0 [0.11183074868872353, 0.059227671027653, 0.9999999600000016, 250.0, 0.0, 3971.0, 0.0, 0.0] [0.8447439200884619, 0.9840425008488032, 0.7399999704000012, 185.0, 3968.0, 3.0, 65.0, 6.666555557407377] -181.0
cur thr:  151.0 [0.11183074868872353, 0.059227671027653, 0.9999999600000016, 250.0, 0.0, 3971.0, 0.0, 0.0] [0.8447439200884619, 0.9840425008488032, 0.7399999704000012, 185.0, 3968.0, 3.0, 65.0, 6.666555557407377] -181.0
cur thr:  201.0 [0.11183074868872353, 0.059227671027653, 0.9999999600000016, 250.0, 0.0, 3971.0, 0.0, 0.0] [0.8447439200884619, 0.9840425008488032, 0.7399999704000012, 185.0, 3968.0, 3.0, 65.0, 6.666555557407377] -181.0
cur thr:  251.0 [0.11183074868872353, 0.059227671027653, 0.9999999600000016, 250.0, 0.0, 3971.0, 0.0, 0.0] [0.8447439200884619, 0.9840425008488032, 0.7399999704000012, 185.0, 3968.0, 3.0, 65.0, 6.666555557407377] -181.0
cur thr:  301.0 [0.11183074868872353, 0.059227671027653, 0.9999999600000016, 250.0, 0.0, 3971.0, 0.0, 0.0] [0.8447439200884619, 0.9840425008488032, 0.7399999704000012, 185.0, 3968.0, 3.0, 65.0, 6.666555557407377] -181.0
cur thr:  351.0 [0.11183074868872353, 0.059227671027653, 0.9999999600000016, 250.0, 0.0, 3971.0, 0.0, 0.0] [0.8447439200884619, 0.9840425008488032, 0.7399999704000012, 185.0, 3968.0, 3.0, 65.0, 6.666555557407377] -181.0
[0.8447439200884619, 0.9840425008488032, 0.7399999704000012, 185.0, 3968.0, 3.0, 65.0, 6.666555557407377] -181.0
label_file: ServerMachineDataset/interpretation_label/omi-11.txt
Initial threshold : 59.583958
Number of peaks : 64
Grimshaw maximum log-likelihood estimation ... [done]
	γ = 0
	σ = 66.55066
	L = 332.6696607885555
Extreme quantile (probability = 0.001): 193.61731710792796
95
4221
POT result:  (0.8149555991068602, 0.8023255502974593, 0.8279999668800013, 207.0, 3920.0, 51.0, 43.0) -65.36317383353047 5.714204082798817

=== 全局调试信息 ===
y_true shape: (4221,), unique values: [0. 1.]
y_pred shape: (4221,), unique values: [False  True]
feature_scores shape: (4221, 19)
interpretation_segments 数量: 10


=== 处理第 1/10 段 ===
原始段范围: orig_start=738, orig_end=755
调整后段范围: start=639, end=656
段内真实标签 (seg_true): [1. 1. 1. 1. 1. 1. 1. 1. 1. 1. 1. 1. 1. 1. 1. 1. 1. 1.]
段内预测标签 (seg_pred): [ True  True  True  True  True  True  True  True  True  True  True  True
  True  True  True  True  True  True]
段内真实异常时间点索引 (相对段内): [ 0  1  2  3  4  5  6  7  8  9 10 11 12 13 14 15 16 17]
段内是否有预测为异常的时间点: True
真实异常维度 (0-based): [1]
段内检测到的异常时间点索引 (相对段内): [ 0  1  2  3  4  5  6  7  8  9 10 11 12 13 14 15 16 17]
选择的维度数量 (k): 3 (基于真实异常维度数的 100%)
推断的异常维度 (0-based): [0, 1, 2, 4]
真实与推断的交集: [1]
段内指标: TP=1, FP=3, FN=0, TN=15, IPS=1.0000

=== 处理第 2/10 段 ===
原始段范围: orig_start=757, orig_end=781
调整后段范围: start=658, end=682
段内真实标签 (seg_true): [1. 1. 1. 1. 1. 1. 1. 1. 1. 1. 1. 1. 1. 1. 1. 1. 1. 1. 1. 1. 1. 1. 1. 1.
 1.]
段内预测标签 (seg_pred): [ True  True  True  True  True  True  True  True  True  True  True  True
  True  True  True  True  True  True  True  True  True  True  True  True
  True]
段内真实异常时间点索引 (相对段内): [ 0  1  2  3  4  5  6  7  8  9 10 11 12 13 14 15 16 17 18 19 20 21 22 23
 24]
段内是否有预测为异常的时间点: True
真实异常维度 (0-based): [0, 3, 4, 5, 6, 7, 8, 9, 10, 11, 12, 13, 14, 15, 16, 17, 18]
段内检测到的异常时间点索引 (相对段内): [ 0  1  2  3  4  5  6  7  8  9 10 11 12 13 14 15 16 17 18 19 20 21 22 23
 24]
选择的维度数量 (k): 3 (基于真实异常维度数的 100%)
推断的异常维度 (0-based): [0, 1, 2, 4, 10]
真实与推断的交集: [0, 4, 10]
段内指标: TP=3, FP=2, FN=14, TN=0, IPS=0.1765

=== 处理第 3/10 段 ===
原始段范围: orig_start=782, orig_end=815
调整后段范围: start=683, end=716
段内真实标签 (seg_true): [1. 1. 1. 1. 1. 1. 1. 1. 1. 1. 1. 1. 1. 1. 1. 1. 1. 1. 1. 1. 1. 1. 1. 1.
 1. 1. 1. 1. 1. 1. 1. 1. 1. 1.]
段内预测标签 (seg_pred): [ True  True  True  True  True  True  True  True  True  True  True  True
  True  True  True  True  True  True  True  True  True  True  True  True
  True  True  True  True  True  True  True  True  True  True]
段内真实异常时间点索引 (相对段内): [ 0  1  2  3  4  5  6  7  8  9 10 11 12 13 14 15 16 17 18 19 20 21 22 23
 24 25 26 27 28 29 30 31 32 33]
段内是否有预测为异常的时间点: True
真实异常维度 (0-based): [0, 3, 5, 7, 8, 9, 10, 11, 12, 13, 14, 15, 16, 17, 18]
段内检测到的异常时间点索引 (相对段内): [ 0  1  2  3  4  5  6  7  8  9 10 11 12 13 14 15 16 17 18 19 20 21 22 23
 24 25 26 27 28 29 30 31 32 33]
选择的维度数量 (k): 3 (基于真实异常维度数的 100%)
推断的异常维度 (0-based): [0, 1, 2, 3, 4, 5, 7]
真实与推断的交集: [0, 3, 5, 7]
段内指标: TP=4, FP=3, FN=11, TN=1, IPS=0.2667

=== 处理第 4/10 段 ===
原始段范围: orig_start=1366, orig_end=1375
调整后段范围: start=1267, end=1276
段内真实标签 (seg_true): [1. 1. 1. 1. 1. 1. 1. 1. 1. 1.]
段内预测标签 (seg_pred): [ True  True  True  True  True  True  True  True  True  True]
段内真实异常时间点索引 (相对段内): [0 1 2 3 4 5 6 7 8 9]
段内是否有预测为异常的时间点: True
真实异常维度 (0-based): [3, 4, 7, 16, 18]
段内检测到的异常时间点索引 (相对段内): [0 1 2 3 4 5 6 7 8 9]
选择的维度数量 (k): 3 (基于真实异常维度数的 100%)
推断的异常维度 (0-based): [0, 1, 2, 4]
真实与推断的交集: [4]
段内指标: TP=1, FP=3, FN=4, TN=11, IPS=0.2000

=== 处理第 5/10 段 ===
原始段范围: orig_start=2301, orig_end=2314
调整后段范围: start=2202, end=2215
段内真实标签 (seg_true): [1. 1. 1. 1. 1. 1. 1. 1. 1. 1. 1. 1. 1. 1.]
段内预测标签 (seg_pred): [ True  True  True  True  True  True  True  True  True  True  True  True
  True  True]
段内真实异常时间点索引 (相对段内): [ 0  1  2  3  4  5  6  7  8  9 10 11 12 13]
段内是否有预测为异常的时间点: True
真实异常维度 (0-based): [3, 4, 16, 18]
段内检测到的异常时间点索引 (相对段内): [ 0  1  2  3  4  5  6  7  8  9 10 11 12 13]
选择的维度数量 (k): 3 (基于真实异常维度数的 100%)
推断的异常维度 (0-based): [0, 1, 2, 3, 4]
真实与推断的交集: [3, 4]
段内指标: TP=2, FP=3, FN=2, TN=12, IPS=0.5000

=== 处理第 6/10 段 ===
原始段范围: orig_start=2365, orig_end=2381
调整后段范围: start=2266, end=2282
段内真实标签 (seg_true): [1. 1. 1. 1. 1. 1. 1. 1. 1. 1. 1. 1. 1. 1. 1. 1. 1.]
段内预测标签 (seg_pred): [False False False False False False False False False False False False
 False False False False False]
段内真实异常时间点索引 (相对段内): [ 0  1  2  3  4  5  6  7  8  9 10 11 12 13 14 15 16]
段内是否有预测为异常的时间点: False
真实异常维度 (0-based): [18]
段内检测到的异常时间点索引 (相对段内): []
未检测到任何异常点，将整个段中的时间索引标记为异常
选择的维度数量 (k): 3 (基于真实异常维度数的 100%)
推断的异常维度 (0-based): [1, 3, 4]
真实与推断的交集: []
段内指标: TP=0, FP=3, FN=1, TN=15, IPS=0.0000

=== 处理第 7/10 段 ===
原始段范围: orig_start=2464, orig_end=2485
调整后段范围: start=2365, end=2386
段内真实标签 (seg_true): [1. 1. 1. 1. 1. 1. 1. 1. 1. 1. 1. 1. 1. 1. 1. 1. 1. 1. 1. 1. 1. 1.]
段内预测标签 (seg_pred): [ True  True  True  True  True  True  True  True  True  True  True  True
  True  True  True  True  True  True  True  True  True  True]
段内真实异常时间点索引 (相对段内): [ 0  1  2  3  4  5  6  7  8  9 10 11 12 13 14 15 16 17 18 19 20 21]
段内是否有预测为异常的时间点: True
真实异常维度 (0-based): [3, 4, 16, 18]
段内检测到的异常时间点索引 (相对段内): [ 0  1  2  3  4  5  6  7  8  9 10 11 12 13 14 15 16 17 18 19 20 21]
选择的维度数量 (k): 3 (基于真实异常维度数的 100%)
推断的异常维度 (0-based): [0, 1, 2]
真实与推断的交集: []
段内指标: TP=0, FP=3, FN=4, TN=12, IPS=0.0000

=== 处理第 8/10 段 ===
原始段范围: orig_start=2588, orig_end=2610
调整后段范围: start=2489, end=2511
段内真实标签 (seg_true): [1. 1. 1. 1. 1. 1. 1. 1. 1. 1. 1. 1. 1. 1. 1. 1. 1. 1. 1. 1. 1. 1. 1.]
段内预测标签 (seg_pred): [ True  True  True  True  True  True  True  True  True  True  True  True
  True  True  True  True  True  True  True  True  True  True  True]
段内真实异常时间点索引 (相对段内): [ 0  1  2  3  4  5  6  7  8  9 10 11 12 13 14 15 16 17 18 19 20 21 22]
段内是否有预测为异常的时间点: True
真实异常维度 (0-based): [3, 4, 16, 18]
段内检测到的异常时间点索引 (相对段内): [ 0  1  2  3  4  5  6  7  8  9 10 11 12 13 14 15 16 17 18 19 20 21 22]
选择的维度数量 (k): 3 (基于真实异常维度数的 100%)
推断的异常维度 (0-based): [0, 1, 2, 4]
真实与推断的交集: [4]
段内指标: TP=1, FP=3, FN=3, TN=12, IPS=0.2500

=== 处理第 9/10 段 ===
原始段范围: orig_start=2650, orig_end=2675
调整后段范围: start=2551, end=2576
段内真实标签 (seg_true): [1. 1. 1. 1. 1. 1. 1. 1. 1. 1. 1. 1. 1. 1. 1. 1. 1. 1. 1. 1. 1. 1. 1. 1.
 1. 1.]
段内预测标签 (seg_pred): [False False False False False False False False False False False False
 False False False False False False False False False False False False
 False False]
段内真实异常时间点索引 (相对段内): [ 0  1  2  3  4  5  6  7  8  9 10 11 12 13 14 15 16 17 18 19 20 21 22 23
 24 25]
段内是否有预测为异常的时间点: False
真实异常维度 (0-based): [18]
段内检测到的异常时间点索引 (相对段内): []
未检测到任何异常点，将整个段中的时间索引标记为异常
选择的维度数量 (k): 3 (基于真实异常维度数的 100%)
推断的异常维度 (0-based): [1, 3, 4, 9]
真实与推断的交集: []
段内指标: TP=0, FP=4, FN=1, TN=14, IPS=0.0000

=== 处理第 10/10 段 ===
原始段范围: orig_start=3012, orig_end=3072
调整后段范围: start=2913, end=2973
段内真实标签 (seg_true): [1. 1. 1. 1. 1. 1. 1. 1. 1. 1. 1. 1. 1. 1. 1. 1. 1. 1. 1. 1. 1. 1. 1. 1.
 1. 1. 1. 1. 1. 1. 1. 1. 1. 1. 1. 1. 1. 1. 1. 1. 1. 1. 1. 1. 1. 1. 1. 1.
 1. 1. 1. 1. 1. 1. 1. 1. 1. 1. 1. 1. 1.]
段内预测标签 (seg_pred): [ True  True  True  True  True  True  True  True  True  True  True  True
  True  True  True  True  True  True  True  True  True  True  True  True
  True  True  True  True  True  True  True  True  True  True  True  True
  True  True  True  True  True  True  True  True  True  True  True  True
  True  True  True  True  True  True  True  True  True  True  True  True
  True]
段内真实异常时间点索引 (相对段内): [ 0  1  2  3  4  5  6  7  8  9 10 11 12 13 14 15 16 17 18 19 20 21 22 23
 24 25 26 27 28 29 30 31 32 33 34 35 36 37 38 39 40 41 42 43 44 45 46 47
 48 49 50 51 52 53 54 55 56 57 58 59 60]
段内是否有预测为异常的时间点: True
真实异常维度 (0-based): [0, 3, 4, 7, 16, 18]
段内检测到的异常时间点索引 (相对段内): [ 0  1  2  3  4  5  6  7  8  9 10 11 12 13 14 15 16 17 18 19 20 21 22 23
 24 25 26 27 28 29 30 31 32 33 34 35 36 37 38 39 40 41 42 43 44 45 46 47
 48 49 50 51 52 53 54 55 56 57 58 59 60]
选择的维度数量 (k): 3 (基于真实异常维度数的 100%)
推断的异常维度 (0-based): [0, 1, 2, 3, 4]
真实与推断的交集: [0, 3, 4]
段内指标: TP=3, FP=2, FN=3, TN=11, IPS=0.5000

=== 汇总指标 ===
总 TP: 15, 总 TN: 103, 总 FP: 29, 总 FN: 43

平均 IPS: 0.3069, Precision: 0.3409, Recall: 0.2586, F1: 0.2941
每段IPS与混淆: [{'original_start': 738, 'original_end': 755, 'start': 639, 'end': 656, 'TP': 1, 'TN': 15, 'FP': 3, 'FN': 0, 'IPS': 1.0, 'k_selected': 3, 'gt_dims_count': 1}, {'original_start': 757, 'original_end': 781, 'start': 658, 'end': 682, 'TP': 3, 'TN': 0, 'FP': 2, 'FN': 14, 'IPS': 0.17647058823529413, 'k_selected': 3, 'gt_dims_count': 17}, {'original_start': 782, 'original_end': 815, 'start': 683, 'end': 716, 'TP': 4, 'TN': 1, 'FP': 3, 'FN': 11, 'IPS': 0.26666666666666666, 'k_selected': 3, 'gt_dims_count': 15}, {'original_start': 1366, 'original_end': 1375, 'start': 1267, 'end': 1276, 'TP': 1, 'TN': 11, 'FP': 3, 'FN': 4, 'IPS': 0.2, 'k_selected': 3, 'gt_dims_count': 5}, {'original_start': 2301, 'original_end': 2314, 'start': 2202, 'end': 2215, 'TP': 2, 'TN': 12, 'FP': 3, 'FN': 2, 'IPS': 0.5, 'k_selected': 3, 'gt_dims_count': 4}, {'original_start': 2365, 'original_end': 2381, 'start': 2266, 'end': 2282, 'TP': 0, 'TN': 15, 'FP': 3, 'FN': 1, 'IPS': 0.0, 'k_selected': 3, 'gt_dims_count': 1}, {'original_start': 2464, 'original_end': 2485, 'start': 2365, 'end': 2386, 'TP': 0, 'TN': 12, 'FP': 3, 'FN': 4, 'IPS': 0.0, 'k_selected': 3, 'gt_dims_count': 4}, {'original_start': 2588, 'original_end': 2610, 'start': 2489, 'end': 2511, 'TP': 1, 'TN': 12, 'FP': 3, 'FN': 3, 'IPS': 0.25, 'k_selected': 3, 'gt_dims_count': 4}, {'original_start': 2650, 'original_end': 2675, 'start': 2551, 'end': 2576, 'TP': 0, 'TN': 14, 'FP': 4, 'FN': 1, 'IPS': 0.0, 'k_selected': 3, 'gt_dims_count': 1}, {'original_start': 3012, 'original_end': 3072, 'start': 2913, 'end': 2973, 'TP': 3, 'TN': 11, 'FP': 2, 'FN': 3, 'IPS': 0.5, 'k_selected': 3, 'gt_dims_count': 6}]
总和: {'TP': 15, 'TN': 103, 'FP': 29, 'FN': 43, 'IPS': 0.3069137254901961, 'precision': 0.3409090909090909, 'recall': 0.25862068965517243, 'F1': 0.29411764705882354}
test end time:  2025-06-20 00:09:19
test time:  557.0790152549744
==============================result==============================
{'FN': 65.0,
 'FP': 3.0,
 'TN': 3968.0,
 'TP': 185.0,
 'best-f1': 0.8447439200884619,
 'best_valid_loss': -9.493366022934602,
 'dataset': 'omi-11',
 'latency': 6.666555557407377,
 'pot-FN': 43.0,
 'pot-FP': 51.0,
 'pot-TN': 3920.0,
 'pot-TP': 207.0,
 'pot-f1': 0.8149555991068602,
 'pot-latency': 5.714204082798817,
 'pot-precision': 0.8023255502974593,
 'pot-recall': 0.8279999668800013,
 'pot-threshold': -65.36317383353047,
 'precision': 0.9840425008488032,
 'pred_time': 2.0814185170566333,
 'pred_total_time': 177.04035639762878,
 'recall': 0.7399999704000012,
 'segment_results': [{'FN': 0,
                      'FP': 3,
                      'IPS': 1.0,
                      'TN': 15,
                      'TP': 1,
                      'end': 656,
                      'gt_dims_count': 1,
                      'k_selected': 3,
                      'original_end': 755,
                      'original_start': 738,
                      'start': 639},
                     {'FN': 14,
                      'FP': 2,
                      'IPS': 0.17647058823529413,
                      'TN': 0,
                      'TP': 3,
                      'end': 682,
                      'gt_dims_count': 17,
                      'k_selected': 3,
                      'original_end': 781,
                      'original_start': 757,
                      'start': 658},
                     {'FN': 11,
                      'FP': 3,
                      'IPS': 0.26666666666666666,
                      'TN': 1,
                      'TP': 4,
                      'end': 716,
                      'gt_dims_count': 15,
                      'k_selected': 3,
                      'original_end': 815,
                      'original_start': 782,
                      'start': 683},
                     {'FN': 4,
                      'FP': 3,
                      'IPS': 0.2,
                      'TN': 11,
                      'TP': 1,
                      'end': 1276,
                      'gt_dims_count': 5,
                      'k_selected': 3,
                      'original_end': 1375,
                      'original_start': 1366,
                      'start': 1267},
                     {'FN': 2,
                      'FP': 3,
                      'IPS': 0.5,
                      'TN': 12,
                      'TP': 2,
                      'end': 2215,
                      'gt_dims_count': 4,
                      'k_selected': 3,
                      'original_end': 2314,
                      'original_start': 2301,
                      'start': 2202},
                     {'FN': 1,
                      'FP': 3,
                      'IPS': 0.0,
                      'TN': 15,
                      'TP': 0,
                      'end': 2282,
                      'gt_dims_count': 1,
                      'k_selected': 3,
                      'original_end': 2381,
                      'original_start': 2365,
                      'start': 2266},
                     {'FN': 4,
                      'FP': 3,
                      'IPS': 0.0,
                      'TN': 12,
                      'TP': 0,
                      'end': 2386,
                      'gt_dims_count': 4,
                      'k_selected': 3,
                      'original_end': 2485,
                      'original_start': 2464,
                      'start': 2365},
                     {'FN': 3,
                      'FP': 3,
                      'IPS': 0.25,
                      'TN': 12,
                      'TP': 1,
                      'end': 2511,
                      'gt_dims_count': 4,
                      'k_selected': 3,
                      'original_end': 2610,
                      'original_start': 2588,
                      'start': 2489},
                     {'FN': 1,
                      'FP': 4,
                      'IPS': 0.0,
                      'TN': 14,
                      'TP': 0,
                      'end': 2576,
                      'gt_dims_count': 1,
                      'k_selected': 3,
                      'original_end': 2675,
                      'original_start': 2650,
                      'start': 2551},
                     {'FN': 3,
                      'FP': 2,
                      'IPS': 0.5,
                      'TN': 11,
                      'TP': 3,
                      'end': 2973,
                      'gt_dims_count': 6,
                      'k_selected': 3,
                      'original_end': 3072,
                      'original_start': 3012,
                      'start': 2913}],
 'segment_summary': {'F1': 0.29411764705882354,
                     'FN': 43,
                     'FP': 29,
                     'IPS': 0.3069137254901961,
                     'TN': 103,
                     'TP': 15,
                     'precision': 0.3409090909090909,
                     'recall': 0.25862068965517243},
 'threshold': -181.0,
 'train_time': 515.5381214380265,
 'valid_time': 2.095297254215587}
