2025-06-19 11:48:43.805144: I tensorflow/core/platform/cpu_feature_guard.cc:141] Your CPU supports instructions that this TensorFlow binary was not compiled to use: AVX2 AVX512F FMA
Configurations
===========================================
{'batch_size': 50,
 'bf_search_max': 400.0,
 'bf_search_min': -400.0,
 'bf_search_step_size': 1.0,
 'dataset': 'omi-1',
 'dense_dim': 500,
 'early_stop': True,
 'get_score_on_dim': True,
 'gradient_clip_norm': 10.0,
 'initial_lr': 0.001,
 'l2_reg': 0.0001,
 'level': 0.0075,
 'lr_anneal_epoch_freq': 40,
 'lr_anneal_factor': 0.5,
 'lr_anneal_step_freq': None,
 'max_epoch': 10,
 'max_test_size': None,
 'max_train_size': None,
 'nf_layers': 20,
 'percentage_Dimension': 20.0,
 'posterior_flow_type': 'nf',
 'restore_dir': None,
 'result_dir': 'result',
 'rnn_cell': 'GRU',
 'rnn_num_hidden': 500,
 'save_dir': 'model',
 'save_z': False,
 'std_epsilon': 0.0001,
 'test_batch_size': 50,
 'test_n_z': 1,
 'test_score_filename': 'test_score.pkl',
 'test_start': 0,
 'train_score_filename': 'train_score.pkl',
 'train_start': 0,
 'use_connected_z_p': True,
 'use_connected_z_q': True,
 'valid_step_freq': 100,
 'window_length': 100,
 'x_dim': 19,
 'z_dim': 3}

train start time:  2025-06-19 11:48:03
load data of: omi-1
train:  0 None
test:  0 None
Data normalized
Data normalized
train set shape:  (8640, 19)
test set shape:  (4320, 19)
test set label shape:  (4320,)
Trainable Parameters                                            (2,560,202 in total)
------------------------------------------------------------------------------------
model/q_z_given_x/rnn_q_z/rnn/gru_cell/gates/kernel             (519, 1000)  519,000
model/q_z_given_x/rnn_q_z/rnn/gru_cell/gates/bias               (1000,)        1,000
model/q_z_given_x/rnn_q_z/rnn/gru_cell/candidate/kernel         (519, 500)   259,500
model/q_z_given_x/rnn_q_z/rnn/gru_cell/candidate/bias           (500,)           500
model/q_z_given_x/rnn_q_z/dense/kernel                          (500, 500)   250,000
model/q_z_given_x/rnn_q_z/dense/bias                            (500,)           500
model/q_z_given_x/rnn_q_z/dense_1/kernel                        (500, 500)   250,000
model/q_z_given_x/rnn_q_z/dense_1/bias                          (500,)           500
model/vae/variational/z_mean/kernel                             (503, 3)       1,509
model/vae/variational/z_mean/bias                               (3,)               3
model/vae/variational/z_std/kernel                              (503, 3)       1,509
model/vae/variational/z_std/bias                                (3,)               3
model/posterior_flow/_0/w                                       (1, 3)             3
model/posterior_flow/_0/b                                       (1,)               1
model/posterior_flow/_0/u                                       (1, 3)             3
model/posterior_flow/_1/w                                       (1, 3)             3
model/posterior_flow/_1/b                                       (1,)               1
model/posterior_flow/_1/u                                       (1, 3)             3
model/posterior_flow/_2/w                                       (1, 3)             3
model/posterior_flow/_2/b                                       (1,)               1
model/posterior_flow/_2/u                                       (1, 3)             3
model/posterior_flow/_3/w                                       (1, 3)             3
model/posterior_flow/_3/b                                       (1,)               1
model/posterior_flow/_3/u                                       (1, 3)             3
model/posterior_flow/_4/w                                       (1, 3)             3
model/posterior_flow/_4/b                                       (1,)               1
model/posterior_flow/_4/u                                       (1, 3)             3
model/posterior_flow/_5/w                                       (1, 3)             3
model/posterior_flow/_5/b                                       (1,)               1
model/posterior_flow/_5/u                                       (1, 3)             3
model/posterior_flow/_6/w                                       (1, 3)             3
model/posterior_flow/_6/b                                       (1,)               1
model/posterior_flow/_6/u                                       (1, 3)             3
model/posterior_flow/_7/w                                       (1, 3)             3
model/posterior_flow/_7/b                                       (1,)               1
model/posterior_flow/_7/u                                       (1, 3)             3
model/posterior_flow/_8/w                                       (1, 3)             3
model/posterior_flow/_8/b                                       (1,)               1
model/posterior_flow/_8/u                                       (1, 3)             3
model/posterior_flow/_9/w                                       (1, 3)             3
model/posterior_flow/_9/b                                       (1,)               1
model/posterior_flow/_9/u                                       (1, 3)             3
model/posterior_flow/_10/w                                      (1, 3)             3
model/posterior_flow/_10/b                                      (1,)               1
model/posterior_flow/_10/u                                      (1, 3)             3
model/posterior_flow/_11/w                                      (1, 3)             3
model/posterior_flow/_11/b                                      (1,)               1
model/posterior_flow/_11/u                                      (1, 3)             3
model/posterior_flow/_12/w                                      (1, 3)             3
model/posterior_flow/_12/b                                      (1,)               1
model/posterior_flow/_12/u                                      (1, 3)             3
model/posterior_flow/_13/w                                      (1, 3)             3
model/posterior_flow/_13/b                                      (1,)               1
model/posterior_flow/_13/u                                      (1, 3)             3
model/posterior_flow/_14/w                                      (1, 3)             3
model/posterior_flow/_14/b                                      (1,)               1
model/posterior_flow/_14/u                                      (1, 3)             3
model/posterior_flow/_15/w                                      (1, 3)             3
model/posterior_flow/_15/b                                      (1,)               1
model/posterior_flow/_15/u                                      (1, 3)             3
model/posterior_flow/_16/w                                      (1, 3)             3
model/posterior_flow/_16/b                                      (1,)               1
model/posterior_flow/_16/u                                      (1, 3)             3
model/posterior_flow/_17/w                                      (1, 3)             3
model/posterior_flow/_17/b                                      (1,)               1
model/posterior_flow/_17/u                                      (1, 3)             3
model/posterior_flow/_18/w                                      (1, 3)             3
model/posterior_flow/_18/b                                      (1,)               1
model/posterior_flow/_18/u                                      (1, 3)             3
model/posterior_flow/_19/w                                      (1, 3)             3
model/posterior_flow/_19/b                                      (1,)               1
model/posterior_flow/_19/u                                      (1, 3)             3
model/p_x_given_z/hidden/rnn_p_x/rnn/gru_cell/gates/kernel      (503, 1000)  503,000
model/p_x_given_z/hidden/rnn_p_x/rnn/gru_cell/gates/bias        (1000,)        1,000
model/p_x_given_z/hidden/rnn_p_x/rnn/gru_cell/candidate/kernel  (503, 500)   251,500
model/p_x_given_z/hidden/rnn_p_x/rnn/gru_cell/candidate/bias    (500,)           500
model/p_x_given_z/hidden/rnn_p_x/dense/kernel                   (500, 500)   250,000
model/p_x_given_z/hidden/rnn_p_x/dense/bias                     (500,)           500
model/p_x_given_z/hidden/rnn_p_x/dense_1/kernel                 (500, 500)   250,000
model/p_x_given_z/hidden/rnn_p_x/dense_1/bias                   (500,)           500
model/p_x_given_z/x_mean/kernel                                 (500, 19)      9,500
model/p_x_given_z/x_mean/bias                                   (19,)             19
model/p_x_given_z/x_std/kernel                                  (500, 19)      9,500
model/p_x_given_z/x_std/bias                                    (19,)             19/home/hz/anaconda3/envs/py36/lib/python3.6/site-packages/tensorflow/python/framework/dtypes.py:523: FutureWarning: Passing (type, 1) or '1type' as a synonym of type is deprecated; in a future version of numpy, it will be understood as (type, (1,)) / '(1,)type'.
  _np_qint8 = np.dtype([("qint8", np.int8, 1)])
/home/hz/anaconda3/envs/py36/lib/python3.6/site-packages/tensorflow/python/framework/dtypes.py:524: FutureWarning: Passing (type, 1) or '1type' as a synonym of type is deprecated; in a future version of numpy, it will be understood as (type, (1,)) / '(1,)type'.
  _np_quint8 = np.dtype([("quint8", np.uint8, 1)])
/home/hz/anaconda3/envs/py36/lib/python3.6/site-packages/tensorflow/python/framework/dtypes.py:525: FutureWarning: Passing (type, 1) or '1type' as a synonym of type is deprecated; in a future version of numpy, it will be understood as (type, (1,)) / '(1,)type'.
  _np_qint16 = np.dtype([("qint16", np.int16, 1)])
/home/hz/anaconda3/envs/py36/lib/python3.6/site-packages/tensorflow/python/framework/dtypes.py:526: FutureWarning: Passing (type, 1) or '1type' as a synonym of type is deprecated; in a future version of numpy, it will be understood as (type, (1,)) / '(1,)type'.
  _np_quint16 = np.dtype([("quint16", np.uint16, 1)])
/home/hz/anaconda3/envs/py36/lib/python3.6/site-packages/tensorflow/python/framework/dtypes.py:527: FutureWarning: Passing (type, 1) or '1type' as a synonym of type is deprecated; in a future version of numpy, it will be understood as (type, (1,)) / '(1,)type'.
  _np_qint32 = np.dtype([("qint32", np.int32, 1)])
/home/hz/anaconda3/envs/py36/lib/python3.6/site-packages/tensorflow/python/framework/dtypes.py:532: FutureWarning: Passing (type, 1) or '1type' as a synonym of type is deprecated; in a future version of numpy, it will be understood as (type, (1,)) / '(1,)type'.
  np_resource = np.dtype([("resource", np.ubyte, 1)])
/home/hz/anaconda3/envs/py36/lib/python3.6/site-packages/tfsnippet/utils/tfver.py:22: DeprecationWarning: Function 'semver.compare' is deprecated. Deprecated since version 2.10.0.  This function will be removed in semver 3. Use the respective 'semver.VersionInfo.compare' instead.
  compare_result = semver.compare(version, tf.__version__)
/home/hz/anaconda3/envs/py36/lib/python3.6/site-packages/tfsnippet/utils/tfver.py:22: DeprecationWarning: Function 'semver.compare' is deprecated. Deprecated since version 2.10.0.  This function will be removed in semver 3. Use the respective 'semver.VersionInfo.compare' instead.
  compare_result = semver.compare(version, tf.__version__)
INFO:tensorflow:Restoring parameters from /tmp/tmprx3xirhx/variables.dat-1100
2025-06-19 12:50:14,914 [INFO] tensorflow: Restoring parameters from /tmp/tmprx3xirhx/variables.dat-1100
  0%|          | 0/4221 [00:00<?, ?it/s]100%|██████████| 4221/4221 [00:00<00:00, 411849.10it/s]

train_values: (6048, 19)
[Epoch 1/10, Step 100] step time: 3.729s (±9.796s); train time: 4m 42.6s; valid time: 1m 30.39s; loss: 1.63802 (±4.281); valid loss: -1.18136 (*)
train_values: (6048, 19)
[Epoch 2/10, Step 200, ETA 55m 52.16s] step time: 3.109s (±7.822s); train time: 3m 11.53s; valid time: 1m 19.14s; loss: -2.05082 (±0.983283); valid loss: -2.82115 (*)
train_values: (6048, 19)
[Epoch 3/10, Step 300, ETA 48m 26.02s] step time: 3.064s (±7.1s); train time: 2m 30.11s; valid time: 1m 11.43s; loss: -2.26896 (±0.888123); valid loss: -2.39826
train_values: (6048, 19)
[Epoch 4/10, Step 400, ETA 42m 26.59s] step time: 3.149s (±7.916s); train time: 1m 48.71s; valid time: 1m 19.24s; loss: -2.65441 (±2.17387); valid loss: -3.14981 (*)
train_values: (6048, 19)
[Epoch 5/10, Step 500, ETA 36m 40.43s] step time: 3.119s (±7.289s); train time: 1m 5.718s; valid time: 1m 12.94s; loss: -2.74721 (±0.886633); valid loss: -2.89569
train_values: (6048, 19)
[Epoch 6/10, Step 600, ETA 31m 15.62s] step time: 3.221s (±7.864s); train time: 25.41s; valid time: 1m 18.68s; loss: -2.91409 (±1.21693); valid loss: -3.66376 (*)
[Epoch 6/10, Step 700, ETA 25m 52.86s] step time: 3.242s (±7.608s); train time: 4m 8.001s; valid time: 1m 16.29s; loss: -3.39488 (±1.85265); valid loss: -4.73142 (*)
train_values: (6048, 19)
[Epoch 7/10, Step 800, ETA 20m 19.42s] step time: 3.024s (±7.599s); train time: 3m 27.79s; valid time: 1m 16.91s; loss: -4.65182 (±2.09518); valid loss: -5.08489 (*)
train_values: (6048, 19)
[Epoch 8/10, Step 900, ETA 14m 54.65s] step time: 3.083s (±8.055s); train time: 2m 49.48s; valid time: 1m 20.8s; loss: -5.44783 (±2.39438); valid loss: -6.32267 (*)
train_values: (6048, 19)
[Epoch 9/10, Step 1000, ETA 9m 33.81s] step time: 3.12s (±7.914s); train time: 2m 10.15s; valid time: 1m 19.27s; loss: -7.22968 (±1.39889); valid loss: -8.54455 (*)
train_values: (6048, 19)
[Epoch 10/10, Step 1100, ETA 4m 14.45s] step time: 3.107s (±7.618s); train time: 1m 29.07s; valid time: 1m 16.82s; loss: -7.65645 (±2.63745); valid loss: -9.21817 (*)
train end time:  2025-06-19 12:50:15
train time:  3731.8086392879486
test start time:  2025-06-19 12:50:15
------------------------------ testing ------------------------------
test_score shape:  (4221, 19)
test_z shape:  (4221, 100, 6)
search range:  -400.0 400.0
cur thr:  -399.0 [0.0, 0.0, 0.0, 0.0, 3780.0, 0.0, 441.0, 0.0] [0.0, 0.0, 0.0, 0.0, 3780.0, 0.0, 441.0, 0.0] -399.0
cur thr:  -349.0 [0.0, 0.0, 0.0, 0.0, 3780.0, 0.0, 441.0, 0.0] [0.0, 0.0, 0.0, 0.0, 3780.0, 0.0, 441.0, 0.0] -399.0
cur thr:  -299.0 [0.0, 0.0, 0.0, 0.0, 3780.0, 0.0, 441.0, 0.0] [0.0, 0.0, 0.0, 0.0, 3780.0, 0.0, 441.0, 0.0] -399.0
cur thr:  -249.0 [0.0, 0.0, 0.0, 0.0, 3780.0, 0.0, 441.0, 0.0] [0.0, 0.0, 0.0, 0.0, 3780.0, 0.0, 441.0, 0.0] -399.0
cur thr:  -199.0 [0.0, 0.0, 0.0, 0.0, 3780.0, 0.0, 441.0, 0.0] [0.0, 0.0, 0.0, 0.0, 3780.0, 0.0, 441.0, 0.0] -399.0
cur thr:  -149.0 [0.0, 0.0, 0.0, 0.0, 3780.0, 0.0, 441.0, 0.0] [0.0, 0.0, 0.0, 0.0, 3780.0, 0.0, 441.0, 0.0] -399.0
cur thr:  -99.0 [0.0, 0.0, 0.0, 0.0, 3779.0, 1.0, 441.0, 0.0] [0.0, 0.0, 0.0, 0.0, 3780.0, 0.0, 441.0, 0.0] -399.0
cur thr:  -49.0 [0.6974742489079904, 0.9120878786780998, 0.5646258375368292, 249.0, 3756.0, 24.0, 192.0, 7.999600019998999] [0.7093970179526735, 0.9540229519531437, 0.5646258375368292, 249.0, 3768.0, 12.0, 192.0, 69.99650017499124] -61.0
cur thr:  1.0 [0.605764999567139, 0.4344827543400714, 0.9999999773242636, 441.0, 3206.0, 574.0, 0.0, 9.571291838688019] [0.8297823260691894, 0.7234401227075865, 0.972789093587549, 429.0, 3616.0, 164.0, 12.0, 10.16649722504625] -17.0
cur thr:  51.0 [0.189187475463902, 0.10447761169277989, 0.9999999773242636, 441.0, 0.0, 3780.0, 0.0, 0.0] [0.8297823260691894, 0.7234401227075865, 0.972789093587549, 429.0, 3616.0, 164.0, 12.0, 10.16649722504625] -17.0
cur thr:  101.0 [0.189187475463902, 0.10447761169277989, 0.9999999773242636, 441.0, 0.0, 3780.0, 0.0, 0.0] [0.8297823260691894, 0.7234401227075865, 0.972789093587549, 429.0, 3616.0, 164.0, 12.0, 10.16649722504625] -17.0
cur thr:  151.0 [0.189187475463902, 0.10447761169277989, 0.9999999773242636, 441.0, 0.0, 3780.0, 0.0, 0.0] [0.8297823260691894, 0.7234401227075865, 0.972789093587549, 429.0, 3616.0, 164.0, 12.0, 10.16649722504625] -17.0
cur thr:  201.0 [0.189187475463902, 0.10447761169277989, 0.9999999773242636, 441.0, 0.0, 3780.0, 0.0, 0.0] [0.8297823260691894, 0.7234401227075865, 0.972789093587549, 429.0, 3616.0, 164.0, 12.0, 10.16649722504625] -17.0
cur thr:  251.0 [0.189187475463902, 0.10447761169277989, 0.9999999773242636, 441.0, 0.0, 3780.0, 0.0, 0.0] [0.8297823260691894, 0.7234401227075865, 0.972789093587549, 429.0, 3616.0, 164.0, 12.0, 10.16649722504625] -17.0
cur thr:  301.0 [0.189187475463902, 0.10447761169277989, 0.9999999773242636, 441.0, 0.0, 3780.0, 0.0, 0.0] [0.8297823260691894, 0.7234401227075865, 0.972789093587549, 429.0, 3616.0, 164.0, 12.0, 10.16649722504625] -17.0
cur thr:  351.0 [0.189187475463902, 0.10447761169277989, 0.9999999773242636, 441.0, 0.0, 3780.0, 0.0, 0.0] [0.8297823260691894, 0.7234401227075865, 0.972789093587549, 429.0, 3616.0, 164.0, 12.0, 10.16649722504625] -17.0
[0.8297823260691894, 0.7234401227075865, 0.972789093587549, 429.0, 3616.0, 164.0, 12.0, 10.16649722504625] -17.0
label_file: ServerMachineDataset/interpretation_label/omi-1.txt
Initial threshold : 40.38913
Number of peaks : 64
Grimshaw maximum log-likelihood estimation ... [done]
	γ = 0
	σ = 38.53451
	L = 297.69947162107053
Extreme quantile (probability = 0.001): 117.99782808124365
40
4221
POT result:  (0.6935885563362444, 0.8989169350571504, 0.5646258375368292, 249.0, 3752.0, 28.0, 192.0) -44.56282652245861 7.999600019998999

=== 全局调试信息 ===
y_true shape: (4221,), unique values: [0. 1.]
y_pred shape: (4221,), unique values: [False  True]
feature_scores shape: (4221, 19)
interpretation_segments 数量: 7


=== 处理第 1/7 段 ===
原始段范围: orig_start=760, orig_end=765
调整后段范围: start=661, end=666
段内真实标签 (seg_true): [1. 1. 1. 1. 1. 1.]
段内预测标签 (seg_pred): [False False False False False False]
段内真实异常时间点索引 (相对段内): [0 1 2 3 4 5]
段内是否有预测为异常的时间点: False
真实异常维度 (0-based): [3, 4, 6, 7, 8, 9, 10, 11, 12, 13, 14, 15, 16, 17, 18]
段内检测到的异常时间点索引 (相对段内): []
未检测到任何异常点，将整个段中的时间索引标记为异常
选择的维度数量 (k): 3 (基于真实异常维度数的 100%)
推断的异常维度 (0-based): [0, 1, 2, 3, 4]
真实与推断的交集: [3, 4]
段内指标: TP=2, FP=3, FN=13, TN=1, IPS=0.1333

=== 处理第 2/7 段 ===
原始段范围: orig_start=1064, orig_end=1298
调整后段范围: start=965, end=1199
段内真实标签 (seg_true): [1. 1. 1. 1. 1. 1. 1. 1. 1. 1. 1. 1. 1. 1. 1. 1. 1. 1. 1. 1. 1. 1. 1. 1.
 1. 1. 1. 1. 1. 1. 1. 1. 1. 1. 1. 1. 1. 1. 1. 1. 1. 1. 1. 1. 1. 1. 1. 1.
 1. 1. 1. 1. 1. 1. 1. 1. 1. 1. 1. 1. 1. 1. 1. 1. 1. 1. 1. 1. 1. 1. 1. 1.
 1. 1. 1. 1. 1. 1. 1. 1. 1. 1. 1. 1. 1. 1. 1. 1. 1. 1. 1. 1. 1. 1. 1. 1.
 1. 1. 1. 1. 1. 1. 1. 1. 1. 1. 1. 1. 1. 1. 1. 1. 1. 1. 1. 1. 1. 1. 1. 1.
 1. 1. 1. 1. 1. 1. 1. 1. 1. 1. 1. 1. 1. 1. 1. 1. 1. 1. 1. 1. 1. 1. 1. 1.
 1. 1. 1. 1. 1. 1. 1. 1. 1. 1. 1. 1. 1. 1. 1. 1. 1. 1. 1. 1. 1. 1. 1. 1.
 1. 1. 1. 1. 1. 1. 1. 1. 1. 1. 1. 1. 1. 1. 1. 1. 1. 1. 1. 1. 1. 1. 1. 1.
 1. 1. 1. 1. 1. 1. 1. 1. 1. 1. 1. 1. 1. 1. 1. 1. 1. 1. 1. 1. 1. 1. 1. 1.
 1. 1. 1. 1. 1. 1. 1. 1. 1. 1. 1. 1. 1. 1. 1. 1. 1. 1. 1.]
段内预测标签 (seg_pred): [ True  True  True  True  True  True  True  True  True  True  True  True
  True  True  True  True  True  True  True  True  True  True  True  True
  True  True  True  True  True  True  True  True  True  True  True  True
  True  True  True  True  True  True  True  True  True  True  True  True
  True  True  True  True  True  True  True  True  True  True  True  True
  True  True  True  True  True  True  True  True  True  True  True  True
  True  True  True  True  True  True  True  True  True  True  True  True
  True  True  True  True  True  True  True  True  True  True  True  True
  True  True  True  True  True  True  True  True  True  True  True  True
  True  True  True  True  True  True  True  True  True  True  True  True
  True  True  True  True  True  True  True  True  True  True  True  True
  True  True  True  True  True  True  True  True  True  True  True  True
  True  True  True  True  True  True  True  True  True  True  True  True
  True  True  True  True  True  True  True  True  True  True  True  True
  True  True  True  True  True  True  True  True  True  True  True  True
  True  True  True  True  True  True  True  True  True  True  True  True
  True  True  True  True  True  True  True  True  True  True  True  True
  True  True  True  True  True  True  True  True  True  True  True  True
  True  True  True  True  True  True  True  True  True  True  True  True
  True  True  True  True  True  True  True]
段内真实异常时间点索引 (相对段内): [  0   1   2   3   4   5   6   7   8   9  10  11  12  13  14  15  16  17
  18  19  20  21  22  23  24  25  26  27  28  29  30  31  32  33  34  35
  36  37  38  39  40  41  42  43  44  45  46  47  48  49  50  51  52  53
  54  55  56  57  58  59  60  61  62  63  64  65  66  67  68  69  70  71
  72  73  74  75  76  77  78  79  80  81  82  83  84  85  86  87  88  89
  90  91  92  93  94  95  96  97  98  99 100 101 102 103 104 105 106 107
 108 109 110 111 112 113 114 115 116 117 118 119 120 121 122 123 124 125
 126 127 128 129 130 131 132 133 134 135 136 137 138 139 140 141 142 143
 144 145 146 147 148 149 150 151 152 153 154 155 156 157 158 159 160 161
 162 163 164 165 166 167 168 169 170 171 172 173 174 175 176 177 178 179
 180 181 182 183 184 185 186 187 188 189 190 191 192 193 194 195 196 197
 198 199 200 201 202 203 204 205 206 207 208 209 210 211 212 213 214 215
 216 217 218 219 220 221 222 223 224 225 226 227 228 229 230 231 232 233
 234]
段内是否有预测为异常的时间点: True
真实异常维度 (0-based): [5, 6, 8, 9, 10, 11, 12, 13, 14, 15, 16, 17, 18]
段内检测到的异常时间点索引 (相对段内): [  0   1   2   3   4   5   6   7   8   9  10  11  12  13  14  15  16  17
  18  19  20  21  22  23  24  25  26  27  28  29  30  31  32  33  34  35
  36  37  38  39  40  41  42  43  44  45  46  47  48  49  50  51  52  53
  54  55  56  57  58  59  60  61  62  63  64  65  66  67  68  69  70  71
  72  73  74  75  76  77  78  79  80  81  82  83  84  85  86  87  88  89
  90  91  92  93  94  95  96  97  98  99 100 101 102 103 104 105 106 107
 108 109 110 111 112 113 114 115 116 117 118 119 120 121 122 123 124 125
 126 127 128 129 130 131 132 133 134 135 136 137 138 139 140 141 142 143
 144 145 146 147 148 149 150 151 152 153 154 155 156 157 158 159 160 161
 162 163 164 165 166 167 168 169 170 171 172 173 174 175 176 177 178 179
 180 181 182 183 184 185 186 187 188 189 190 191 192 193 194 195 196 197
 198 199 200 201 202 203 204 205 206 207 208 209 210 211 212 213 214 215
 216 217 218 219 220 221 222 223 224 225 226 227 228 229 230 231 232 233
 234]
选择的维度数量 (k): 3 (基于真实异常维度数的 100%)
推断的异常维度 (0-based): [0, 1, 2, 3, 4, 5]
真实与推断的交集: [5]
段内指标: TP=1, FP=5, FN=12, TN=1, IPS=0.0769

=== 处理第 3/7 段 ===
原始段范围: orig_start=2758, orig_end=2772
调整后段范围: start=2659, end=2673
段内真实标签 (seg_true): [1. 1. 1. 1. 1. 1. 1. 1. 1. 1. 1. 1. 1. 1. 1.]
段内预测标签 (seg_pred): [False False False False False False False False False False False False
 False False False]
段内真实异常时间点索引 (相对段内): [ 0  1  2  3  4  5  6  7  8  9 10 11 12 13 14]
段内是否有预测为异常的时间点: False
真实异常维度 (0-based): [4, 5, 6, 7, 8, 9, 10, 11, 12, 13, 14, 15, 16, 17, 18]
段内检测到的异常时间点索引 (相对段内): []
未检测到任何异常点，将整个段中的时间索引标记为异常
选择的维度数量 (k): 3 (基于真实异常维度数的 100%)
推断的异常维度 (0-based): [0, 1, 2, 3, 4]
真实与推断的交集: [4]
段内指标: TP=1, FP=4, FN=14, TN=0, IPS=0.0667

=== 处理第 4/7 段 ===
原始段范围: orig_start=2874, orig_end=2885
调整后段范围: start=2775, end=2786
段内真实标签 (seg_true): [1. 1. 1. 1. 1. 1. 1. 1. 1. 1. 1. 1.]
段内预测标签 (seg_pred): [False False False False False False False False False False False False]
段内真实异常时间点索引 (相对段内): [ 0  1  2  3  4  5  6  7  8  9 10 11]
段内是否有预测为异常的时间点: False
真实异常维度 (0-based): [6, 8, 9, 10, 11, 12, 13, 14, 15, 16, 17]
段内检测到的异常时间点索引 (相对段内): []
未检测到任何异常点，将整个段中的时间索引标记为异常
选择的维度数量 (k): 3 (基于真实异常维度数的 100%)
推断的异常维度 (0-based): [0, 1, 3, 4]
真实与推断的交集: []
段内指标: TP=0, FP=4, FN=11, TN=4, IPS=0.0000

=== 处理第 5/7 段 ===
原始段范围: orig_start=3012, orig_end=3025
调整后段范围: start=2913, end=2926
段内真实标签 (seg_true): [1. 1. 1. 1. 1. 1. 1. 1. 1. 1. 1. 1. 1. 1.]
段内预测标签 (seg_pred): [ True  True  True  True  True  True  True  True  True  True  True  True
  True  True]
段内真实异常时间点索引 (相对段内): [ 0  1  2  3  4  5  6  7  8  9 10 11 12 13]
段内是否有预测为异常的时间点: True
真实异常维度 (0-based): [6, 9, 10, 11, 12, 13, 14, 15, 16, 17, 18]
段内检测到的异常时间点索引 (相对段内): [ 0  1  2  3  4  5  6  7  8  9 10 11 12 13]
选择的维度数量 (k): 3 (基于真实异常维度数的 100%)
推断的异常维度 (0-based): [0, 1, 3, 4]
真实与推断的交集: []
段内指标: TP=0, FP=4, FN=11, TN=4, IPS=0.0000

=== 处理第 6/7 段 ===
原始段范围: orig_start=3160, orig_end=3305
调整后段范围: start=3061, end=3206
段内真实标签 (seg_true): [1. 1. 1. 1. 1. 1. 1. 1. 1. 1. 1. 1. 1. 1. 1. 1. 1. 1. 1. 1. 1. 1. 1. 1.
 1. 1. 1. 1. 1. 1. 1. 1. 1. 1. 1. 1. 1. 1. 1. 1. 1. 1. 1. 1. 1. 1. 1. 1.
 1. 1. 1. 1. 1. 1. 1. 1. 1. 1. 1. 1. 1. 1. 1. 1. 1. 1. 1. 1. 1. 1. 1. 1.
 1. 1. 1. 1. 1. 1. 1. 1. 1. 1. 1. 1. 1. 1. 1. 1. 1. 1. 1. 1. 1. 1. 1. 1.
 1. 1. 1. 1. 1. 1. 1. 1. 1. 1. 1. 1. 1. 1. 1. 1. 1. 1. 1. 1. 1. 1. 1. 1.
 1. 1. 1. 1. 1. 1. 1. 1. 1. 1. 1. 1. 1. 1. 1. 1. 1. 1. 1. 1. 1. 1. 1. 1.
 1. 1.]
段内预测标签 (seg_pred): [False False False False False False False False False False False False
 False False False False False False False False False False False False
 False False False False False False False False False False False False
 False False False False False False False False False False False False
 False False False False False False False False False False False False
 False False False False False False False False False False False False
 False False False False False False False False False False False False
 False False False False False False False False False False False False
 False False False False False False False False False False False False
 False False False False False False False False False False False False
 False False False False False False False False False False False False
 False False False False False False False False False False False False
 False False]
段内真实异常时间点索引 (相对段内): [  0   1   2   3   4   5   6   7   8   9  10  11  12  13  14  15  16  17
  18  19  20  21  22  23  24  25  26  27  28  29  30  31  32  33  34  35
  36  37  38  39  40  41  42  43  44  45  46  47  48  49  50  51  52  53
  54  55  56  57  58  59  60  61  62  63  64  65  66  67  68  69  70  71
  72  73  74  75  76  77  78  79  80  81  82  83  84  85  86  87  88  89
  90  91  92  93  94  95  96  97  98  99 100 101 102 103 104 105 106 107
 108 109 110 111 112 113 114 115 116 117 118 119 120 121 122 123 124 125
 126 127 128 129 130 131 132 133 134 135 136 137 138 139 140 141 142 143
 144 145]
段内是否有预测为异常的时间点: False
真实异常维度 (0-based): [7, 8, 9, 10, 11, 12, 13, 14, 15, 16, 17, 18]
段内检测到的异常时间点索引 (相对段内): []
未检测到任何异常点，将整个段中的时间索引标记为异常
选择的维度数量 (k): 3 (基于真实异常维度数的 100%)
推断的异常维度 (0-based): [0, 1, 3, 4, 5]
真实与推断的交集: []
段内指标: TP=0, FP=5, FN=12, TN=2, IPS=0.0000

=== 处理第 7/7 段 ===
原始段范围: orig_start=3626, orig_end=3638
调整后段范围: start=3527, end=3539
段内真实标签 (seg_true): [1. 1. 1. 1. 1. 1. 1. 1. 1. 1. 1. 1. 1.]
段内预测标签 (seg_pred): [False False False False False False False False False False False False
 False]
段内真实异常时间点索引 (相对段内): [ 0  1  2  3  4  5  6  7  8  9 10 11 12]
段内是否有预测为异常的时间点: False
真实异常维度 (0-based): [6, 8, 9, 10, 11, 12, 13, 14, 15, 16, 17, 18]
段内检测到的异常时间点索引 (相对段内): []
未检测到任何异常点，将整个段中的时间索引标记为异常
选择的维度数量 (k): 3 (基于真实异常维度数的 100%)

推断的异常维度 (0-based): [1, 2, 3, 4]
真实与推断的交集: []
段内指标: TP=0, FP=4, FN=12, TN=3, IPS=0.0000

=== 汇总指标 ===
总 TP: 4, 总 TN: 15, 总 FP: 29, 总 FN: 85
平均 IPS: 0.0451, Precision: 0.1212, Recall: 0.0449, F1: 0.0656
每段IPS与混淆: [{'original_start': 760, 'original_end': 765, 'start': 661, 'end': 666, 'TP': 2, 'TN': 1, 'FP': 3, 'FN': 13, 'IPS': 0.13333333333333333, 'k_selected': 3, 'gt_dims_count': 15}, {'original_start': 1064, 'original_end': 1298, 'start': 965, 'end': 1199, 'TP': 1, 'TN': 1, 'FP': 5, 'FN': 12, 'IPS': 0.07692307692307693, 'k_selected': 3, 'gt_dims_count': 13}, {'original_start': 2758, 'original_end': 2772, 'start': 2659, 'end': 2673, 'TP': 1, 'TN': 0, 'FP': 4, 'FN': 14, 'IPS': 0.06666666666666667, 'k_selected': 3, 'gt_dims_count': 15}, {'original_start': 2874, 'original_end': 2885, 'start': 2775, 'end': 2786, 'TP': 0, 'TN': 4, 'FP': 4, 'FN': 11, 'IPS': 0.0, 'k_selected': 3, 'gt_dims_count': 11}, {'original_start': 3012, 'original_end': 3025, 'start': 2913, 'end': 2926, 'TP': 0, 'TN': 4, 'FP': 4, 'FN': 11, 'IPS': 0.0, 'k_selected': 3, 'gt_dims_count': 11}, {'original_start': 3160, 'original_end': 3305, 'start': 3061, 'end': 3206, 'TP': 0, 'TN': 2, 'FP': 5, 'FN': 12, 'IPS': 0.0, 'k_selected': 3, 'gt_dims_count': 12}, {'original_start': 3626, 'original_end': 3638, 'start': 3527, 'end': 3539, 'TP': 0, 'TN': 3, 'FP': 4, 'FN': 12, 'IPS': 0.0, 'k_selected': 3, 'gt_dims_count': 12}]
总和: {'TP': 4, 'TN': 15, 'FP': 29, 'FN': 85, 'IPS': 0.04507238792953079, 'precision': 0.12121212121212122, 'recall': 0.0449438202247191, 'F1': 0.06557377049180327}
test end time:  2025-06-19 12:57:02
test time:  407.4406085014343
==============================result==============================
{'FN': 12.0,
 'FP': 164.0,
 'TN': 3616.0,
 'TP': 429.0,
 'best-f1': 0.8297823260691894,
 'best_valid_loss': -9.218168556570676,
 'dataset': 'omi-1',
 'latency': 10.16649722504625,
 'pot-FN': 192.0,
 'pot-FP': 28.0,
 'pot-TN': 3752.0,
 'pot-TP': 249.0,
 'pot-f1': 0.6935885563362444,
 'pot-latency': 7.999600019998999,
 'pot-precision': 0.8989169350571504,
 'pot-recall': 0.5646258375368292,
 'pot-threshold': -44.56282652245861,
 'precision': 0.7234401227075865,
 'pred_time': 1.5039429524365593,
 'pred_total_time': 127.96052885055542,
 'recall': 0.972789093587549,
 'segment_results': [{'FN': 13,
                      'FP': 3,
                      'IPS': 0.13333333333333333,
                      'TN': 1,
                      'TP': 2,
                      'end': 666,
                      'gt_dims_count': 15,
                      'k_selected': 3,
                      'original_end': 765,
                      'original_start': 760,
                      'start': 661},
                     {'FN': 12,
                      'FP': 5,
                      'IPS': 0.07692307692307693,
                      'TN': 1,
                      'TP': 1,
                      'end': 1199,
                      'gt_dims_count': 13,
                      'k_selected': 3,
                      'original_end': 1298,
                      'original_start': 1064,
                      'start': 965},
                     {'FN': 14,
                      'FP': 4,
                      'IPS': 0.06666666666666667,
                      'TN': 0,
                      'TP': 1,
                      'end': 2673,
                      'gt_dims_count': 15,
                      'k_selected': 3,
                      'original_end': 2772,
                      'original_start': 2758,
                      'start': 2659},
                     {'FN': 11,
                      'FP': 4,
                      'IPS': 0.0,
                      'TN': 4,
                      'TP': 0,
                      'end': 2786,
                      'gt_dims_count': 11,
                      'k_selected': 3,
                      'original_end': 2885,
                      'original_start': 2874,
                      'start': 2775},
                     {'FN': 11,
                      'FP': 4,
                      'IPS': 0.0,
                      'TN': 4,
                      'TP': 0,
                      'end': 2926,
                      'gt_dims_count': 11,
                      'k_selected': 3,
                      'original_end': 3025,
                      'original_start': 3012,
                      'start': 2913},
                     {'FN': 12,
                      'FP': 5,
                      'IPS': 0.0,
                      'TN': 2,
                      'TP': 0,
                      'end': 3206,
                      'gt_dims_count': 12,
                      'k_selected': 3,
                      'original_end': 3305,
                      'original_start': 3160,
                      'start': 3061},
                     {'FN': 12,
                      'FP': 4,
                      'IPS': 0.0,
                      'TN': 3,
                      'TP': 0,
                      'end': 3539,
                      'gt_dims_count': 12,
                      'k_selected': 3,
                      'original_end': 3638,
                      'original_start': 3626,
                      'start': 3527}],
 'segment_summary': {'F1': 0.06557377049180327,
                     'FN': 85,
                     'FP': 29,
                     'IPS': 0.04507238792953079,
                     'TN': 15,
                     'TP': 4,
                     'precision': 0.12121212121212122,
                     'recall': 0.0449438202247191},
 'threshold': -17.0,
 'train_time': 369.1620761156082,
 'valid_time': 1.4760289708050816}
