2025-06-17 09:12:25.656764: I tensorflow/core/platform/cpu_feature_guard.cc:141] Your CPU supports instructions that this TensorFlow binary was not compiled to use: AVX2 AVX512F FMA
Configurations
===========================================
{'batch_size': 50,
 'bf_search_max': 400.0,
 'bf_search_min': -400.0,
 'bf_search_step_size': 1.0,
 'dataset': 'machine-3-11',
 'dense_dim': 500,
 'early_stop': True,
 'get_score_on_dim': True,
 'gradient_clip_norm': 10.0,
 'initial_lr': 0.001,
 'l2_reg': 0.0001,
 'level': 0.0075,
 'lr_anneal_epoch_freq': 40,
 'lr_anneal_factor': 0.5,
 'lr_anneal_step_freq': None,
 'max_epoch': 10,
 'max_test_size': None,
 'max_train_size': None,
 'nf_layers': 20,
 'posterior_flow_type': 'nf',
 'restore_dir': None,
 'result_dir': 'result',
 'rnn_cell': 'GRU',
 'rnn_num_hidden': 500,
 'save_dir': 'model',
 'save_z': False,
 'std_epsilon': 0.0001,
 'test_batch_size': 50,
 'test_n_z': 1,
 'test_score_filename': 'test_score.pkl',
 'test_start': 0,
 'train_score_filename': 'train_score.pkl',
 'train_start': 0,
 'use_connected_z_p': True,
 'use_connected_z_q': True,
 'valid_step_freq': 100,
 'window_length': 100,
 'x_dim': 38,
 'z_dim': 3}

train start time:  2025-06-17 09:12:11
load data of: machine-3-11
train:  0 None
test:  0 None
Data normalized
Data normalized
train set shape:  (28695, 38)
test set shape:  (28696, 38)
test set label shape:  (28696,)
Trainable Parameters                                            (2,607,740 in total)
------------------------------------------------------------------------------------
model/q_z_given_x/rnn_q_z/rnn/gru_cell/gates/kernel             (538, 1000)  538,000
model/q_z_given_x/rnn_q_z/rnn/gru_cell/gates/bias               (1000,)        1,000
model/q_z_given_x/rnn_q_z/rnn/gru_cell/candidate/kernel         (538, 500)   269,000
model/q_z_given_x/rnn_q_z/rnn/gru_cell/candidate/bias           (500,)           500
model/q_z_given_x/rnn_q_z/dense/kernel                          (500, 500)   250,000
model/q_z_given_x/rnn_q_z/dense/bias                            (500,)           500
model/q_z_given_x/rnn_q_z/dense_1/kernel                        (500, 500)   250,000
model/q_z_given_x/rnn_q_z/dense_1/bias                          (500,)           500
model/vae/variational/z_mean/kernel                             (503, 3)       1,509
model/vae/variational/z_mean/bias                               (3,)               3
model/vae/variational/z_std/kernel                              (503, 3)       1,509
model/vae/variational/z_std/bias                                (3,)               3
model/posterior_flow/_0/w                                       (1, 3)             3
model/posterior_flow/_0/b                                       (1,)               1
model/posterior_flow/_0/u                                       (1, 3)             3
model/posterior_flow/_1/w                                       (1, 3)             3
model/posterior_flow/_1/b                                       (1,)               1
model/posterior_flow/_1/u                                       (1, 3)             3
model/posterior_flow/_2/w                                       (1, 3)             3
model/posterior_flow/_2/b                                       (1,)               1
model/posterior_flow/_2/u                                       (1, 3)             3
model/posterior_flow/_3/w                                       (1, 3)             3
model/posterior_flow/_3/b                                       (1,)               1
model/posterior_flow/_3/u                                       (1, 3)             3
model/posterior_flow/_4/w                                       (1, 3)             3
model/posterior_flow/_4/b                                       (1,)               1
model/posterior_flow/_4/u                                       (1, 3)             3
model/posterior_flow/_5/w                                       (1, 3)             3
model/posterior_flow/_5/b                                       (1,)               1
model/posterior_flow/_5/u                                       (1, 3)             3
model/posterior_flow/_6/w                                       (1, 3)             3
model/posterior_flow/_6/b                                       (1,)               1
model/posterior_flow/_6/u                                       (1, 3)             3
model/posterior_flow/_7/w                                       (1, 3)             3
model/posterior_flow/_7/b                                       (1,)               1
model/posterior_flow/_7/u                                       (1, 3)             3
model/posterior_flow/_8/w                                       (1, 3)             3
model/posterior_flow/_8/b                                       (1,)               1
model/posterior_flow/_8/u                                       (1, 3)             3
model/posterior_flow/_9/w                                       (1, 3)             3
model/posterior_flow/_9/b                                       (1,)               1
model/posterior_flow/_9/u                                       (1, 3)             3
model/posterior_flow/_10/w                                      (1, 3)             3
model/posterior_flow/_10/b                                      (1,)               1
model/posterior_flow/_10/u                                      (1, 3)             3
model/posterior_flow/_11/w                                      (1, 3)             3
model/posterior_flow/_11/b                                      (1,)               1
model/posterior_flow/_11/u                                      (1, 3)             3
model/posterior_flow/_12/w                                      (1, 3)             3
model/posterior_flow/_12/b                                      (1,)               1
model/posterior_flow/_12/u                                      (1, 3)             3
model/posterior_flow/_13/w                                      (1, 3)             3
model/posterior_flow/_13/b                                      (1,)               1
model/posterior_flow/_13/u                                      (1, 3)             3
model/posterior_flow/_14/w                                      (1, 3)             3
model/posterior_flow/_14/b                                      (1,)               1
model/posterior_flow/_14/u                                      (1, 3)             3
model/posterior_flow/_15/w                                      (1, 3)             3
model/posterior_flow/_15/b                                      (1,)               1
model/posterior_flow/_15/u                                      (1, 3)             3
model/posterior_flow/_16/w                                      (1, 3)             3
model/posterior_flow/_16/b                                      (1,)               1
model/posterior_flow/_16/u                                      (1, 3)             3
model/posterior_flow/_17/w                                      (1, 3)             3
model/posterior_flow/_17/b                                      (1,)               1
model/posterior_flow/_17/u                                      (1, 3)             3
model/posterior_flow/_18/w                                      (1, 3)             3
model/posterior_flow/_18/b                                      (1,)               1
model/posterior_flow/_18/u                                      (1, 3)             3
model/posterior_flow/_19/w                                      (1, 3)             3
model/posterior_flow/_19/b                                      (1,)               1
model/posterior_flow/_19/u                                      (1, 3)             3
model/p_x_given_z/hidden/rnn_p_x/rnn/gru_cell/gates/kernel      (503, 1000)  503,000
model/p_x_given_z/hidden/rnn_p_x/rnn/gru_cell/gates/bias        (1000,)        1,000
model/p_x_given_z/hidden/rnn_p_x/rnn/gru_cell/candidate/kernel  (503, 500)   251,500
model/p_x_given_z/hidden/rnn_p_x/rnn/gru_cell/candidate/bias    (500,)           500
model/p_x_given_z/hidden/rnn_p_x/dense/kernel                   (500, 500)   250,000
model/p_x_given_z/hidden/rnn_p_x/dense/bias                     (500,)           500
model/p_x_given_z/hidden/rnn_p_x/dense_1/kernel                 (500, 500)   250,000
model/p_x_given_z/hidden/rnn_p_x/dense_1/bias                   (500,)           500
model/p_x_given_z/x_mean/kernel                                 (500, 38)     19,000
model/p_x_given_z/x_mean/bias                                   (38,)             38
model/p_x_given_z/x_std/kernel                                  (500, 38)     19,000
model/p_x_given_z/x_std/bias                                    (38,)             38/home/hz/anaconda3/envs/py36/lib/python3.6/site-packages/tensorflow/python/framework/dtypes.py:523: FutureWarning: Passing (type, 1) or '1type' as a synonym of type is deprecated; in a future version of numpy, it will be understood as (type, (1,)) / '(1,)type'.
  _np_qint8 = np.dtype([("qint8", np.int8, 1)])
/home/hz/anaconda3/envs/py36/lib/python3.6/site-packages/tensorflow/python/framework/dtypes.py:524: FutureWarning: Passing (type, 1) or '1type' as a synonym of type is deprecated; in a future version of numpy, it will be understood as (type, (1,)) / '(1,)type'.
  _np_quint8 = np.dtype([("quint8", np.uint8, 1)])
/home/hz/anaconda3/envs/py36/lib/python3.6/site-packages/tensorflow/python/framework/dtypes.py:525: FutureWarning: Passing (type, 1) or '1type' as a synonym of type is deprecated; in a future version of numpy, it will be understood as (type, (1,)) / '(1,)type'.
  _np_qint16 = np.dtype([("qint16", np.int16, 1)])
/home/hz/anaconda3/envs/py36/lib/python3.6/site-packages/tensorflow/python/framework/dtypes.py:526: FutureWarning: Passing (type, 1) or '1type' as a synonym of type is deprecated; in a future version of numpy, it will be understood as (type, (1,)) / '(1,)type'.
  _np_quint16 = np.dtype([("quint16", np.uint16, 1)])
/home/hz/anaconda3/envs/py36/lib/python3.6/site-packages/tensorflow/python/framework/dtypes.py:527: FutureWarning: Passing (type, 1) or '1type' as a synonym of type is deprecated; in a future version of numpy, it will be understood as (type, (1,)) / '(1,)type'.
  _np_qint32 = np.dtype([("qint32", np.int32, 1)])
/home/hz/anaconda3/envs/py36/lib/python3.6/site-packages/tensorflow/python/framework/dtypes.py:532: FutureWarning: Passing (type, 1) or '1type' as a synonym of type is deprecated; in a future version of numpy, it will be understood as (type, (1,)) / '(1,)type'.
  np_resource = np.dtype([("resource", np.ubyte, 1)])
/home/hz/anaconda3/envs/py36/lib/python3.6/site-packages/tfsnippet/utils/tfver.py:22: DeprecationWarning: Function 'semver.compare' is deprecated. Deprecated since version 2.10.0.  This function will be removed in semver 3. Use the respective 'semver.VersionInfo.compare' instead.
  compare_result = semver.compare(version, tf.__version__)
/home/hz/anaconda3/envs/py36/lib/python3.6/site-packages/tfsnippet/utils/tfver.py:22: DeprecationWarning: Function 'semver.compare' is deprecated. Deprecated since version 2.10.0.  This function will be removed in semver 3. Use the respective 'semver.VersionInfo.compare' instead.
  compare_result = semver.compare(version, tf.__version__)
INFO:tensorflow:Restoring parameters from /tmp/tmpdwo09bs5/variables.dat-3600
2025-06-17 13:12:07,889 [INFO] tensorflow: Restoring parameters from /tmp/tmpdwo09bs5/variables.dat-3600


train_values: (20087, 38)
[Epoch 1/10, Step 100] step time: 1.362s (±6.185s); train time: 1m 15.04s; valid time: 1m 1.22s; loss: 1424.37 (±10175); valid loss: -29.5172 (*)
[Epoch 1/10, Step 200] step time: 1.188s (±5.856s); train time: 59.97s; valid time: 58.85s; loss: -35.731 (±12.9077); valid loss: -37.9559 (*)
[Epoch 1/10, Step 300] step time: 1.181s (±5.844s); train time: 59.4s; valid time: 58.73s; loss: -45.3576 (±3.49127); valid loss: -40.3445 (*)
train_values: (20087, 38)
[Epoch 2/10, Step 400, ETA 1h 13m 29.22s] step time: 1.18s (±5.809s); train time: 0.6374s; valid time: 58.36s; loss: -47.1016 (±4.36726); valid loss: -46.2721 (*)
[Epoch 2/10, Step 500, ETA 1h 10m 53.67s] step time: 1.181s (±5.823s); train time: 59.61s; valid time: 58.52s; loss: -49.0294 (±4.2155); valid loss: -49.5351 (*)
[Epoch 2/10, Step 600, ETA 1h 8m 21.52s] step time: 1.165s (±5.687s); train time: 59.36s; valid time: 57.16s; loss: -49.9971 (±7.18329); valid loss: -48.0038
[Epoch 2/10, Step 700, ETA 1h 6m 0.7507s] step time: 1.167s (±5.676s); train time: 59.75s; valid time: 57.03s; loss: -50.4472 (±4.50893); valid loss: -41.4973
train_values: (20087, 38)
[Epoch 3/10, Step 800, ETA 1h 3m 46.28s] step time: 1.168s (±5.701s); train time: 1.233s; valid time: 57.28s; loss: -51.2166 (±5.01846); valid loss: -48.3825
[Epoch 3/10, Step 900, ETA 1h 1m 35.14s] step time: 1.166s (±5.696s); train time: 59.45s; valid time: 57.23s; loss: -53.2946 (±4.49201); valid loss: -47.9764
[Epoch 3/10, Step 1000, ETA 59m 30.52s] step time: 1.179s (±5.814s); train time: 59.46s; valid time: 58.44s; loss: -53.8767 (±6.78045); valid loss: -50.7181 (*)
[Epoch 3/10, Step 1100, ETA 57m 27.58s] step time: 1.18s (±5.823s); train time: 59.54s; valid time: 58.53s; loss: -54.8447 (±4.42471); valid loss: -55.8735 (*)
train_values: (20087, 38)
[Epoch 4/10, Step 1200, ETA 55m 21.75s] step time: 1.164s (±5.686s); train time: 1.777s; valid time: 57.15s; loss: -55.3337 (±5.21071); valid loss: -53.0834
[Epoch 4/10, Step 1300, ETA 53m 17.43s] step time: 1.165s (±5.677s); train time: 59.45s; valid time: 57.06s; loss: -55.3886 (±5.45337); valid loss: -50.709
[Epoch 4/10, Step 1400, ETA 51m 13.4s] step time: 1.16s (±5.682s); train time: 58.97s; valid time: 57.1s; loss: -56.1267 (±4.30504); valid loss: -54.0357
[Epoch 4/10, Step 1500, ETA 51m 35.27s] step time: 2.033s (±14.39s); train time: 58.7s; valid time: 2m 24.62s; loss: -55.4398 (±5.75366); valid loss: -54.3762
train_values: (20087, 38)
[Epoch 5/10, Step 1600, ETA 57m 38.95s] step time: 4.507s (±23.07s); train time: 8.215s; valid time: 3m 51.76s; loss: -57.9134 (±4.94289); valid loss: -57.5233 (*)
[Epoch 5/10, Step 1700, ETA 1h 2m 23s] step time: 4.629s (±23.09s); train time: 3m 51.61s; valid time: 3m 51.41s; loss: -60.2266 (±4.66099); valid loss: -53.5698
[Epoch 5/10, Step 1800, ETA 1h 5m 49.38s] step time: 4.673s (±23.32s); train time: 3m 53.14s; valid time: 3m 54.28s; loss: -58.2524 (±7.54753); valid loss: -49.1652
[Epoch 5/10, Step 1900, ETA 1h 8m 7.854s] step time: 4.7s (±23.87s); train time: 3m 50.1s; valid time: 4m 0.05516s; loss: -61.0635 (±5.88736); valid loss: -59.5572 (*)
train_values: (20087, 38)
[Epoch 6/10, Step 2000, ETA 1h 9m 27.74s] step time: 4.722s (±23.51s); train time: 11.1s; valid time: 3m 56.33s; loss: -61.812 (±5.96464); valid loss: -57.5876
[Epoch 6/10, Step 2100, ETA 1h 10m 1.309s] step time: 4.792s (±23.84s); train time: 3m 59.64s; valid time: 3m 59.8s; loss: -59.8288 (±10.2449); valid loss: -57.9135
[Epoch 6/10, Step 2200, ETA 1h 11m 7.22s] step time: 5.761s (±28.86s); train time: 4m 46.21s; valid time: 4m 50.3s; loss: -64.082 (±5.10348); valid loss: -45.9585
[Epoch 6/10, Step 2300, ETA 1h 11m 27.26s] step time: 5.898s (±29.64s); train time: 4m 52.13s; valid time: 4m 57.97s; loss: -63.3136 (±4.4027); valid loss: -60.1112 (*)
train_values: (20087, 38)
[Epoch 7/10, Step 2400, ETA 1h 10m 58.53s] step time: 5.929s (±29.9s); train time: 15.72s; valid time: 5m 1.173s; loss: -63.725 (±5.44064); valid loss: -63.4604 (*)
[Epoch 7/10, Step 2500, ETA 1h 9m 43.5s] step time: 5.911s (±29.51s); train time: 4m 54.9s; valid time: 4m 56.42s; loss: -65.34 (±4.77214); valid loss: -62.4568
[Epoch 7/10, Step 2600, ETA 1h 7m 49.2s] step time: 5.917s (±30.11s); train time: 4m 49.48s; valid time: 5m 2.68s; loss: -64.1936 (±4.59672); valid loss: -59.8193
[Epoch 7/10, Step 2700, ETA 1h 5m 15.45s] step time: 5.834s (±29.37s); train time: 4m 48.66s; valid time: 4m 55.02s; loss: -65.6751 (±5.45502); valid loss: -52.2137
train_values: (20087, 38)
[Epoch 8/10, Step 2800, ETA 1h 2m 17.63s] step time: 5.988s (±30.12s); train time: 22.53s; valid time: 5m 2.598s; loss: -68.389 (±4.93622); valid loss: -64.5479 (*)
[Epoch 8/10, Step 2900, ETA 58m 45.53s] step time: 5.852s (±29.5s); train time: 4m 48.52s; valid time: 4m 56.9s; loss: -68.3407 (±4.38948); valid loss: -65.6605 (*)
[Epoch 8/10, Step 3000, ETA 54m 22.96s] step time: 5.076s (±24.07s); train time: 4m 24.77s; valid time: 4m 3.123s; loss: -68.5294 (±4.83199); valid loss: -68.0369 (*)
[Epoch 8/10, Step 3100, ETA 49m 36.48s] step time: 4.795s (±23.99s); train time: 3m 58.9s; valid time: 4m 0.8479s; loss: -69.4826 (±4.46229); valid loss: -66.7262
train_values: (20087, 38)
[Epoch 9/10, Step 3200, ETA 44m 40.09s] step time: 4.882s (±24.43s); train time: 21.06s; valid time: 4m 5.149s; loss: -67.2855 (±6.09599); valid loss: -68.7563 (*)
[Epoch 9/10, Step 3300, ETA 39m 30.3s] step time: 4.8s (±23.74s); train time: 4m 1.842s; valid time: 3m 58.35s; loss: -70.3451 (±4.90819); valid loss: -64.7153
[Epoch 9/10, Step 3400, ETA 34m 8.613s] step time: 4.691s (±23.59s); train time: 3m 51.99s; valid time: 3m 57.33s; loss: -69.0614 (±5.31571); valid loss: -67.6681
[Epoch 9/10, Step 3500, ETA 28m 40.16s] step time: 4.811s (±23.99s); train time: 4m 0.4267s; valid time: 4m 0.8797s; loss: -68.4745 (±5.45853); valid loss: -67.7562
train_values: (20087, 38)
[Epoch 10/10, Step 3600, ETA 23m 2.13s] step time: 4.71s (±23.86s); train time: 20.81s; valid time: 3m 59.72s; loss: -70.868 (±4.48116); valid loss: -70.6665 (*)
[Epoch 10/10, Step 3700, ETA 17m 16.74s] step time: 4.69s (±23.44s); train time: 3m 52.8s; valid time: 3m 56.4s; loss: -69.3705 (±4.59743); valid loss: -69.8472
[Epoch 10/10, Step 3800, ETA 11m 25.03s] step time: 4.73s (±23.7s); train time: 3m 55.56s; valid time: 3m 57.67s; loss: -71.7948 (±4.31053); valid loss: -65.4483
[Epoch 10/10, Step 3900, ETA 5m 26.98s] step time: 4.686s (±23.55s); train time: 3m 52.33s; valid time: 3m 56.4s; loss: -68.6459 (±6.10989); valid loss: -68.1572
train end time:  2025-06-17 13:12:08
train time:  14397.068051576614
test start time:  2025-06-17 13:12:08
------------------------------ testing ------------------------------
test_score shape:  (28597, 38)
test_z shape:  (28597, 100, 6)
search range:  -400.0 400.0
cur thr:  -399.0 [0.013773297173482387, 0.006934472732485388, 0.9999999494949521, 198.0, 44.0, 28355.0, 0.0, 0.0] [0.013773297173482387, 0.006934472732485388, 0.9999999494949521, 198.0, 44.0, 28355.0, 0.0, 0.0] -399.0
cur thr:  -349.0 [0.013752250980848828, 0.0069238031937182915, 0.9999999494949521, 198.0, 0.0, 28399.0, 0.0, 0.0] [0.013773297173482387, 0.006934472732485388, 0.9999999494949521, 198.0, 44.0, 28355.0, 0.0, 0.0] -399.0
cur thr:  -299.0 [0.013752250980848828, 0.0069238031937182915, 0.9999999494949521, 198.0, 0.0, 28399.0, 0.0, 0.0] [0.013773297173482387, 0.006934472732485388, 0.9999999494949521, 198.0, 44.0, 28355.0, 0.0, 0.0] -399.0
cur thr:  -249.0 [0.013752250980848828, 0.0069238031937182915, 0.9999999494949521, 198.0, 0.0, 28399.0, 0.0, 0.0] [0.013773297173482387, 0.006934472732485388, 0.9999999494949521, 198.0, 44.0, 28355.0, 0.0, 0.0] -399.0
cur thr:  -199.0 [0.013752250980848828, 0.0069238031937182915, 0.9999999494949521, 198.0, 0.0, 28399.0, 0.0, 0.0] [0.013773297173482387, 0.006934472732485388, 0.9999999494949521, 198.0, 44.0, 28355.0, 0.0, 0.0] -399.0
cur thr:  -149.0 [0.013752250980848828, 0.0069238031937182915, 0.9999999494949521, 198.0, 0.0, 28399.0, 0.0, 0.0] [0.013773297173482387, 0.006934472732485388, 0.9999999494949521, 198.0, 44.0, 28355.0, 0.0, 0.0] -399.0
cur thr:  -99.0  0%|          | 0/28597 [00:00<?, ?it/s]100%|██████████| 28597/28597 [00:00<00:00, 285630.46it/s] [0.013752250980848828, 0.0069238031937182915, 0.9999999494949521, 198.0, 0.0, 28399.0, 0.0, 0.0] [0.013773297173482387, 0.006934472732485388, 0.9999999494949521, 198.0, 44.0, 28355.0, 0.0, 0.0] -399.0
cur thr:  -49.0 [0.013752250980848828, 0.0069238031937182915, 0.9999999494949521, 198.0, 0.0, 28399.0, 0.0, 0.0] [0.013773297173482387, 0.006934472732485388, 0.9999999494949521, 198.0, 44.0, 28355.0, 0.0, 0.0] -399.0
cur thr:  1.0 [0.013752250980848828, 0.0069238031937182915, 0.9999999494949521, 198.0, 0.0, 28399.0, 0.0, 0.0] [0.013773297173482387, 0.006934472732485388, 0.9999999494949521, 198.0, 44.0, 28355.0, 0.0, 0.0] -399.0
cur thr:  51.0 [0.013752250980848828, 0.0069238031937182915, 0.9999999494949521, 198.0, 0.0, 28399.0, 0.0, 0.0] [0.013773297173482387, 0.006934472732485388, 0.9999999494949521, 198.0, 44.0, 28355.0, 0.0, 0.0] -399.0
cur thr:  101.0 [0.013752250980848828, 0.0069238031937182915, 0.9999999494949521, 198.0, 0.0, 28399.0, 0.0, 0.0] [0.013773297173482387, 0.006934472732485388, 0.9999999494949521, 198.0, 44.0, 28355.0, 0.0, 0.0] -399.0
cur thr:  151.0 [0.013752250980848828, 0.0069238031937182915, 0.9999999494949521, 198.0, 0.0, 28399.0, 0.0, 0.0] [0.013773297173482387, 0.006934472732485388, 0.9999999494949521, 198.0, 44.0, 28355.0, 0.0, 0.0] -399.0
cur thr:  201.0 [0.013752250980848828, 0.0069238031937182915, 0.9999999494949521, 198.0, 0.0, 28399.0, 0.0, 0.0] [0.013773297173482387, 0.006934472732485388, 0.9999999494949521, 198.0, 44.0, 28355.0, 0.0, 0.0] -399.0
cur thr:  251.0 [0.013752250980848828, 0.0069238031937182915, 0.9999999494949521, 198.0, 0.0, 28399.0, 0.0, 0.0] [0.013773297173482387, 0.006934472732485388, 0.9999999494949521, 198.0, 44.0, 28355.0, 0.0, 0.0] -399.0
cur thr:  301.0 [0.013752250980848828, 0.0069238031937182915, 0.9999999494949521, 198.0, 0.0, 28399.0, 0.0, 0.0] [0.013773297173482387, 0.006934472732485388, 0.9999999494949521, 198.0, 44.0, 28355.0, 0.0, 0.0] -399.0
cur thr:  351.0 [0.013752250980848828, 0.0069238031937182915, 0.9999999494949521, 198.0, 0.0, 28399.0, 0.0, 0.0] [0.013773297173482387, 0.006934472732485388, 0.9999999494949521, 198.0, 44.0, 28355.0, 0.0, 0.0] -399.0
[0.013773297173482387, 0.006934472732485388, 0.9999999494949521, 198.0, 44.0, 28355.0, 0.0, 0.0] -399.0
label_file: ServerMachineDataset/interpretation_label/machine-3-11.txt
Initial threshold : -38.603226
Number of peaks : 214
Grimshaw maximum log-likelihood estimation ... [done]
	γ = 0
	σ = 547.03955
	L = 1563.1675164079068
Extreme quantile (probability = 0.001): 1062.4282929251142
28597
28597
POT result:  (0.013752250980848828, 0.0069238031937182915, 0.9999999494949521, 198.0, 0.0, 28399.0, 0.0) 38.603218 0.0

=== 全局调试信息 ===
y_true shape: (28597,), unique values: [0. 1.]
y_pred shape: (28597,), unique values: [ True]
feature_scores shape: (28597, 38)
y_true 中的异常段: [(21131, 21196), (27726, 27851), (27896, 27901)]


=== 处理第 1/3 段 ===
段范围: start=21131, end=21196
段内真实标签 (seg_true): [1. 1. 1. 1. 1. 1. 1. 1. 1. 1. 1. 1. 1. 1. 1. 1. 1. 1. 1. 1. 1. 1. 1. 1.
 1. 1. 1. 1. 1. 1. 1. 1. 1. 1. 1. 1. 1. 1. 1. 1. 1. 1. 1. 1. 1. 1. 1. 1.
 1. 1. 1. 1. 1. 1. 1. 1. 1. 1. 1. 1. 1. 1. 1. 1. 1. 1.]
段内预测标签 (seg_pred): [ True  True  True  True  True  True  True  True  True  True  True  True
  True  True  True  True  True  True  True  True  True  True  True  True
  True  True  True  True  True  True  True  True  True  True  True  True
  True  True  True  True  True  True  True  True  True  True  True  True
  True  True  True  True  True  True  True  True  True  True  True  True
  True  True  True  True  True  True]
段内真实异常时间点索引 (相对段内): [ 0  1  2  3  4  5  6  7  8  9 10 11 12 13 14 15 16 17 18 19 20 21 22 23
 24 25 26 27 28 29 30 31 32 33 34 35 36 37 38 39 40 41 42 43 44 45 46 47
 48 49 50 51 52 53 54 55 56 57 58 59 60 61 62 63 64 65]
段内是否有预测为异常的时间点: True
真实异常维度 (0-based): [0, 1, 2, 3, 4, 5, 6, 9, 10, 15, 18, 19, 20, 21, 22, 23, 25, 27, 29, 30, 31, 34, 35]
段内检测到的异常时间点索引 (相对段内): [ 0  1  2  3  4  5  6  7  8  9 10 11 12 13 14 15 16 17 18 19 20 21 22 23
 24 25 26 27 28 29 30 31 32 33 34 35 36 37 38 39 40 41 42 43 44 45 46 47
 48 49 50 51 52 53 54 55 56 57 58 59 60 61 62 63 64 65]
推断的异常维度 (0-based): [0, 1, 2, 3, 4, 5, 6, 7, 8, 9, 10, 11, 12, 13, 14, 15, 16, 17, 18, 19, 20, 21, 22, 23, 24, 25, 26, 27, 28, 29, 30, 31, 32, 33, 34, 35, 36]
真实与推断的交集: [0, 1, 2, 3, 4, 5, 6, 9, 10, 15, 18, 19, 20, 21, 22, 23, 25, 27, 29, 30, 31, 34, 35]
段内指标: TP=23, FP=14, FN=0, TN=1, IPS=1.0000

=== 处理第 2/3 段 ===
段范围: start=27726, end=27851
段内真实标签 (seg_true): [1. 1. 1. 1. 1. 1. 1. 1. 1. 1. 1. 1. 1. 1. 1. 1. 1. 1. 1. 1. 1. 1. 1. 1.
 1. 1. 1. 1. 1. 1. 1. 1. 1. 1. 1. 1. 1. 1. 1. 1. 1. 1. 1. 1. 1. 1. 1. 1.
 1. 1. 1. 1. 1. 1. 1. 1. 1. 1. 1. 1. 1. 1. 1. 1. 1. 1. 1. 1. 1. 1. 1. 1.
 1. 1. 1. 1. 1. 1. 1. 1. 1. 1. 1. 1. 1. 1. 1. 1. 1. 1. 1. 1. 1. 1. 1. 1.
 1. 1. 1. 1. 1. 1. 1. 1. 1. 1. 1. 1. 1. 1. 1. 1. 1. 1. 1. 1. 1. 1. 1. 1.
 1. 1. 1. 1. 1. 1.]
段内预测标签 (seg_pred): [ True  True  True  True  True  True  True  True  True  True  True  True
  True  True  True  True  True  True  True  True  True  True  True  True
  True  True  True  True  True  True  True  True  True  True  True  True
  True  True  True  True  True  True  True  True  True  True  True  True
  True  True  True  True  True  True  True  True  True  True  True  True
  True  True  True  True  True  True  True  True  True  True  True  True
  True  True  True  True  True  True  True  True  True  True  True  True
  True  True  True  True  True  True  True  True  True  True  True  True
  True  True  True  True  True  True  True  True  True  True  True  True
  True  True  True  True  True  True  True  True  True  True  True  True
  True  True  True  True  True  True]
段内真实异常时间点索引 (相对段内): [  0   1   2   3   4   5   6   7   8   9  10  11  12  13  14  15  16  17
  18  19  20  21  22  23  24  25  26  27  28  29  30  31  32  33  34  35
  36  37  38  39  40  41  42  43  44  45  46  47  48  49  50  51  52  53
  54  55  56  57  58  59  60  61  62  63  64  65  66  67  68  69  70  71
  72  73  74  75  76  77  78  79  80  81  82  83  84  85  86  87  88  89
  90  91  92  93  94  95  96  97  98  99 100 101 102 103 104 105 106 107
 108 109 110 111 112 113 114 115 116 117 118 119 120 121 122 123 124 125]
段内是否有预测为异常的时间点: True
真实异常维度 (0-based): [0, 1, 2, 3, 6, 18, 19, 20, 21, 22, 23, 25, 27, 29, 30, 31, 33, 34, 35, 36]
段内检测到的异常时间点索引 (相对段内): [  0   1   2   3   4   5   6   7   8   9  10  11  12  13  14  15  16  17
  18  19  20  21  22  23  24  25  26  27  28  29  30  31  32  33  34  35
  36  37  38  39  40  41  42  43  44  45  46  47  48  49  50  51  52  53
  54  55  56  57  58  59  60  61  62  63  64  65  66  67  68  69  70  71
  72  73  74  75  76  77  78  79  80  81  82  83  84  85  86  87  88  89
  90  91  92  93  94  95  96  97  98  99 100 101 102 103 104 105 106 107
 108 109 110 111 112 113 114 115 116 117 118 119 120 121 122 123 124 125]
推断的异常维度 (0-based): [0, 1, 2, 3, 5, 7, 8, 9, 10, 11, 12, 13, 14, 15, 16, 17, 18, 19, 20, 21, 22, 23, 24, 25, 26, 27, 28, 30, 31, 32, 33, 34, 35, 36, 37]
真实与推断的交集: [0, 1, 2, 3, 18, 19, 20, 21, 22, 23, 25, 27, 30, 31, 33, 34, 35, 36]
段内指标: TP=18, FP=17, FN=2, TN=1, IPS=0.9000

=== 处理第 3/3 段 ===
段范围: start=27896, end=27901
段内真实标签 (seg_true): [1. 1. 1. 1. 1. 1.]
段内预测标签 (seg_pred): [ True  True  True  True  True  True]
段内真实异常时间点索引 (相对段内): [0 1 2 3 4 5]
段内是否有预测为异常的时间点: True
真实异常维度 (0-based): [9, 10]
段内检测到的异常时间点索引 (相对段内): [0 1 2 3 4 5]
推断的异常维度 (0-based): [7, 10, 31]
真实与推断的交集: [10]
段内指标: TP=1, FP=2, FN=1, TN=34, IPS=0.5000

=== 汇总指标 ===
总 TP: 42, 总 TN: 36, 总 FP: 33, 总 FN: 3
平均 IPS: 0.9212, Precision: 0.5600, Recall: 0.9333, F1: 0.7000
每段IPS与混淆: 
[{'start': 21131, 'end': 21196, 'TP': 23, 'TN': 1, 'FP': 14, 'FN': 0, 'IPS': 1.0, 'k_selected': 23, 'gt_dims_count': 23}, {'start': 27726, 'end': 27851, 'TP': 18, 'TN': 1, 'FP': 17, 'FN': 2, 'IPS': 0.9, 'k_selected': 20, 'gt_dims_count': 20}, {'start': 27896, 'end': 27901, 'TP': 1, 'TN': 34, 'FP': 2, 'FN': 1, 'IPS': 0.5, 'k_selected': 2, 'gt_dims_count': 2}]
总和: {'TP': 42, 'TN': 36, 'FP': 33, 'FN': 3, 'IPS': 0.9212121212121213, 'precision': 0.56, 'recall': 0.9333333333333333, 'F1': 0.7000000000000001}
test end time:  2025-06-17 13:39:50
test time:  1662.2807161808014
==============================result==============================
{'FN': 0.0,
 'FP': 28355.0,
 'TN': 44.0,
 'TP': 198.0,
 'best-f1': 0.013773297173482387,
 'best_valid_loss': -70.66654446268207,
 'dataset': 'machine-3-11',
 'latency': 0.0,
 'pot-FN': 0.0,
 'pot-FP': 28399.0,
 'pot-TN': 0.0,
 'pot-TP': 198.0,
 'pot-f1': 0.013752250980848828,
 'pot-latency': 0.0,
 'pot-precision': 0.0069238031937182915,
 'pot-recall': 0.9999999494949521,
 'pot-threshold': 38.603218,
 'precision': 0.006934472732485388,
 'pred_time': 1.429388639810202,
 'pred_total_time': 818.3696522712708,
 'recall': 0.9999999494949521,
 'segment_results': [{'FN': 0,
                      'FP': 14,
                      'IPS': 1.0,
                      'TN': 1,
                      'TP': 23,
                      'end': 21196,
                      'gt_dims_count': 23,
                      'k_selected': 23,
                      'start': 21131},
                     {'FN': 2,
                      'FP': 17,
                      'IPS': 0.9,
                      'TN': 1,
                      'TP': 18,
                      'end': 27851,
                      'gt_dims_count': 20,
                      'k_selected': 20,
                      'start': 27726},
                     {'FN': 1,
                      'FP': 2,
                      'IPS': 0.5,
                      'TN': 34,
                      'TP': 1,
                      'end': 27901,
                      'gt_dims_count': 2,
                      'k_selected': 2,
                      'start': 27896}],
 'segment_summary': {'F1': 0.7000000000000001,
                     'FN': 3,
                     'FP': 33,
                     'IPS': 0.9212121212121213,
                     'TN': 36,
                     'TP': 42,
                     'precision': 0.56,
                     'recall': 0.9333333333333333},
 'threshold': -399.0,
 'train_time': 1438.2930548906327,
 'valid_time': 1.0638257501221504}
