2025-06-17 06:45:14.204902: I tensorflow/core/platform/cpu_feature_guard.cc:141] Your CPU supports instructions that this TensorFlow binary was not compiled to use: AVX2 AVX512F FMA
Configurations
===========================================
{'batch_size': 50,
 'bf_search_max': 400.0,
 'bf_search_min': -400.0,
 'bf_search_step_size': 1.0,
 'dataset': 'machine-3-8',
 'dense_dim': 500,
 'early_stop': True,
 'get_score_on_dim': True,
 'gradient_clip_norm': 10.0,
 'initial_lr': 0.001,
 'l2_reg': 0.0001,
 'level': 0.0075,
 'lr_anneal_epoch_freq': 40,
 'lr_anneal_factor': 0.5,
 'lr_anneal_step_freq': None,
 'max_epoch': 10,
 'max_test_size': None,
 'max_train_size': None,
 'nf_layers': 20,
 'posterior_flow_type': 'nf',
 'restore_dir': None,
 'result_dir': 'result',
 'rnn_cell': 'GRU',
 'rnn_num_hidden': 500,
 'save_dir': 'model',
 'save_z': False,
 'std_epsilon': 0.0001,
 'test_batch_size': 50,
 'test_n_z': 1,
 'test_score_filename': 'test_score.pkl',
 'test_start': 0,
 'train_score_filename': 'train_score.pkl',
 'train_start': 0,
 'use_connected_z_p': True,
 'use_connected_z_q': True,
 'valid_step_freq': 100,
 'window_length': 100,
 'x_dim': 38,
 'z_dim': 3}

train start time:  2025-06-17 06:45:00
load data of: machine-3-8
train:  0 None
test:  0 None
Data normalized
Data normalized
train set shape:  (28703, 38)
test set shape:  (28704, 38)
test set label shape:  (28704,)
Trainable Parameters                                            (2,607,740 in total)
------------------------------------------------------------------------------------
model/q_z_given_x/rnn_q_z/rnn/gru_cell/gates/kernel             (538, 1000)  538,000
model/q_z_given_x/rnn_q_z/rnn/gru_cell/gates/bias               (1000,)        1,000
model/q_z_given_x/rnn_q_z/rnn/gru_cell/candidate/kernel         (538, 500)   269,000
model/q_z_given_x/rnn_q_z/rnn/gru_cell/candidate/bias           (500,)           500
model/q_z_given_x/rnn_q_z/dense/kernel                          (500, 500)   250,000
model/q_z_given_x/rnn_q_z/dense/bias                            (500,)           500
model/q_z_given_x/rnn_q_z/dense_1/kernel                        (500, 500)   250,000
model/q_z_given_x/rnn_q_z/dense_1/bias                          (500,)           500
model/vae/variational/z_mean/kernel                             (503, 3)       1,509
model/vae/variational/z_mean/bias                               (3,)               3
model/vae/variational/z_std/kernel                              (503, 3)       1,509
model/vae/variational/z_std/bias                                (3,)               3
model/posterior_flow/_0/w                                       (1, 3)             3
model/posterior_flow/_0/b                                       (1,)               1
model/posterior_flow/_0/u                                       (1, 3)             3
model/posterior_flow/_1/w                                       (1, 3)             3
model/posterior_flow/_1/b                                       (1,)               1
model/posterior_flow/_1/u                                       (1, 3)             3
model/posterior_flow/_2/w                                       (1, 3)             3
model/posterior_flow/_2/b                                       (1,)               1
model/posterior_flow/_2/u                                       (1, 3)             3
model/posterior_flow/_3/w                                       (1, 3)             3
model/posterior_flow/_3/b                                       (1,)               1
model/posterior_flow/_3/u                                       (1, 3)             3
model/posterior_flow/_4/w                                       (1, 3)             3
model/posterior_flow/_4/b                                       (1,)               1
model/posterior_flow/_4/u                                       (1, 3)             3
model/posterior_flow/_5/w                                       (1, 3)             3
model/posterior_flow/_5/b                                       (1,)               1
model/posterior_flow/_5/u                                       (1, 3)             3
model/posterior_flow/_6/w                                       (1, 3)             3
model/posterior_flow/_6/b                                       (1,)               1
model/posterior_flow/_6/u                                       (1, 3)             3
model/posterior_flow/_7/w                                       (1, 3)             3
model/posterior_flow/_7/b                                       (1,)               1
model/posterior_flow/_7/u                                       (1, 3)             3
model/posterior_flow/_8/w                                       (1, 3)             3
model/posterior_flow/_8/b                                       (1,)               1
model/posterior_flow/_8/u                                       (1, 3)             3
model/posterior_flow/_9/w                                       (1, 3)             3
model/posterior_flow/_9/b                                       (1,)               1
model/posterior_flow/_9/u                                       (1, 3)             3
model/posterior_flow/_10/w                                      (1, 3)             3
model/posterior_flow/_10/b                                      (1,)               1
model/posterior_flow/_10/u                                      (1, 3)             3
model/posterior_flow/_11/w                                      (1, 3)             3
model/posterior_flow/_11/b                                      (1,)               1
model/posterior_flow/_11/u                                      (1, 3)             3
model/posterior_flow/_12/w                                      (1, 3)             3
model/posterior_flow/_12/b                                      (1,)               1
model/posterior_flow/_12/u                                      (1, 3)             3
model/posterior_flow/_13/w                                      (1, 3)             3
model/posterior_flow/_13/b                                      (1,)               1
model/posterior_flow/_13/u                                      (1, 3)             3
model/posterior_flow/_14/w                                      (1, 3)             3
model/posterior_flow/_14/b                                      (1,)               1
model/posterior_flow/_14/u                                      (1, 3)             3
model/posterior_flow/_15/w                                      (1, 3)             3
model/posterior_flow/_15/b                                      (1,)               1
model/posterior_flow/_15/u                                      (1, 3)             3
model/posterior_flow/_16/w                                      (1, 3)             3
model/posterior_flow/_16/b                                      (1,)               1
model/posterior_flow/_16/u                                      (1, 3)             3
model/posterior_flow/_17/w                                      (1, 3)             3
model/posterior_flow/_17/b                                      (1,)               1
model/posterior_flow/_17/u                                      (1, 3)             3
model/posterior_flow/_18/w                                      (1, 3)             3
model/posterior_flow/_18/b                                      (1,)               1
model/posterior_flow/_18/u                                      (1, 3)             3
model/posterior_flow/_19/w                                      (1, 3)             3
model/posterior_flow/_19/b                                      (1,)               1
model/posterior_flow/_19/u                                      (1, 3)             3
model/p_x_given_z/hidden/rnn_p_x/rnn/gru_cell/gates/kernel      (503, 1000)  503,000
model/p_x_given_z/hidden/rnn_p_x/rnn/gru_cell/gates/bias        (1000,)        1,000
model/p_x_given_z/hidden/rnn_p_x/rnn/gru_cell/candidate/kernel  (503, 500)   251,500
model/p_x_given_z/hidden/rnn_p_x/rnn/gru_cell/candidate/bias    (500,)           500
model/p_x_given_z/hidden/rnn_p_x/dense/kernel                   (500, 500)   250,000
model/p_x_given_z/hidden/rnn_p_x/dense/bias                     (500,)           500
model/p_x_given_z/hidden/rnn_p_x/dense_1/kernel                 (500, 500)   250,000
model/p_x_given_z/hidden/rnn_p_x/dense_1/bias                   (500,)           500
model/p_x_given_z/x_mean/kernel                                 (500, 38)     19,000
model/p_x_given_z/x_mean/bias                                   (38,)             38
model/p_x_given_z/x_std/kernel                                  (500, 38)     19,000
model/p_x_given_z/x_std/bias                                    (38,)             38/home/hz/anaconda3/envs/py36/lib/python3.6/site-packages/tensorflow/python/framework/dtypes.py:523: FutureWarning: Passing (type, 1) or '1type' as a synonym of type is deprecated; in a future version of numpy, it will be understood as (type, (1,)) / '(1,)type'.
  _np_qint8 = np.dtype([("qint8", np.int8, 1)])
/home/hz/anaconda3/envs/py36/lib/python3.6/site-packages/tensorflow/python/framework/dtypes.py:524: FutureWarning: Passing (type, 1) or '1type' as a synonym of type is deprecated; in a future version of numpy, it will be understood as (type, (1,)) / '(1,)type'.
  _np_quint8 = np.dtype([("quint8", np.uint8, 1)])
/home/hz/anaconda3/envs/py36/lib/python3.6/site-packages/tensorflow/python/framework/dtypes.py:525: FutureWarning: Passing (type, 1) or '1type' as a synonym of type is deprecated; in a future version of numpy, it will be understood as (type, (1,)) / '(1,)type'.
  _np_qint16 = np.dtype([("qint16", np.int16, 1)])
/home/hz/anaconda3/envs/py36/lib/python3.6/site-packages/tensorflow/python/framework/dtypes.py:526: FutureWarning: Passing (type, 1) or '1type' as a synonym of type is deprecated; in a future version of numpy, it will be understood as (type, (1,)) / '(1,)type'.
  _np_quint16 = np.dtype([("quint16", np.uint16, 1)])
/home/hz/anaconda3/envs/py36/lib/python3.6/site-packages/tensorflow/python/framework/dtypes.py:527: FutureWarning: Passing (type, 1) or '1type' as a synonym of type is deprecated; in a future version of numpy, it will be understood as (type, (1,)) / '(1,)type'.
  _np_qint32 = np.dtype([("qint32", np.int32, 1)])
/home/hz/anaconda3/envs/py36/lib/python3.6/site-packages/tensorflow/python/framework/dtypes.py:532: FutureWarning: Passing (type, 1) or '1type' as a synonym of type is deprecated; in a future version of numpy, it will be understood as (type, (1,)) / '(1,)type'.
  np_resource = np.dtype([("resource", np.ubyte, 1)])
/home/hz/anaconda3/envs/py36/lib/python3.6/site-packages/tfsnippet/utils/tfver.py:22: DeprecationWarning: Function 'semver.compare' is deprecated. Deprecated since version 2.10.0.  This function will be removed in semver 3. Use the respective 'semver.VersionInfo.compare' instead.
  compare_result = semver.compare(version, tf.__version__)
/home/hz/anaconda3/envs/py36/lib/python3.6/site-packages/tfsnippet/utils/tfver.py:22: DeprecationWarning: Function 'semver.compare' is deprecated. Deprecated since version 2.10.0.  This function will be removed in semver 3. Use the respective 'semver.VersionInfo.compare' instead.
  compare_result = semver.compare(version, tf.__version__)
INFO:tensorflow:Restoring parameters from /tmp/tmpzckjvwz8/variables.dat-3700
2025-06-17 08:02:47,266 [INFO] tensorflow: Restoring parameters from /tmp/tmpzckjvwz8/variables.dat-3700


train_values: (20093, 38)
[Epoch 1/10, Step 100] step time: 1.361s (±6.254s); train time: 1m 14.27s; valid time: 1m 1.923s; loss: 83.6159 (±987.1); valid loss: -42.279 (*)
[Epoch 1/10, Step 200] step time: 1.186s (±5.903s); train time: 59.37s; valid time: 59.31s; loss: -51.7102 (±6.43079); valid loss: -57.0962 (*)
[Epoch 1/10, Step 300] step time: 1.174s (±5.752s); train time: 59.66s; valid time: 57.82s; loss: -59.1639 (±8.13307); valid loss: -54.0003
train_values: (20093, 38)
[Epoch 2/10, Step 400, ETA 1h 13m 14.2s] step time: 1.172s (±5.769s); train time: 0.6332s; valid time: 57.97s; loss: -60.0215 (±6.11956); valid loss: -54.6044
[Epoch 2/10, Step 500, ETA 1h 10m 46.41s] step time: 1.187s (±5.921s); train time: 59.27s; valid time: 59.49s; loss: -62.5779 (±6.86083); valid loss: -59.3466 (*)
[Epoch 2/10, Step 600, ETA 1h 8m 19.01s] step time: 1.171s (±5.752s); train time: 59.33s; valid time: 57.79s; loss: -61.6989 (±8.01232); valid loss: -58.2552
[Epoch 2/10, Step 700, ETA 1h 6m 8.892s] step time: 1.189s (±5.921s); train time: 59.44s; valid time: 59.52s; loss: -63.2466 (±7.32118); valid loss: -62.614 (*)
train_values: (20093, 38)
[Epoch 3/10, Step 800, ETA 1h 3m 57.95s] step time: 1.18s (±5.792s); train time: 1.233s; valid time: 58.2s; loss: -62.3681 (±6.68745); valid loss: -62.336
[Epoch 3/10, Step 900, ETA 1h 1m 48.15s] step time: 1.175s (±5.799s); train time: 59.27s; valid time: 58.28s; loss: -60.1241 (±10.4942); valid loss: -61.6523
[Epoch 3/10, Step 1000, ETA 59m 39.11s] step time: 1.169s (±5.754s); train time: 59.15s; valid time: 57.83s; loss: -61.2099 (±14.2976); valid loss: -58.2993
[Epoch 3/10, Step 1100, ETA 57m 31.87s] step time: 1.168s (±5.754s); train time: 59s; valid time: 57.83s; loss: -49.8787 (±25.5702); valid loss: -61.6417
train_values: (20093, 38)
[Epoch 4/10, Step 1200, ETA 55m 27.28s] step time: 1.171s (±5.77s); train time: 1.84s; valid time: 57.98s; loss: -46.8885 (±39.3059); valid loss: -30.6281
[Epoch 4/10, Step 1300, ETA 53m 23.96s] step time: 1.172s (±5.743s); train time: 59.58s; valid time: 57.72s; loss: -54.9159 (±15.929); valid loss: -58.0589
[Epoch 4/10, Step 1400, ETA 51m 22.88s] step time: 1.18s (±5.866s); train time: 59.09s; valid time: 58.95s; loss: -59.2107 (±14.6159); valid loss: -63.5984 (*)
[Epoch 4/10, Step 1500, ETA 49m 20.73s] step time: 1.171s (±5.777s); train time: 59.1s; valid time: 58.04s; loss: -60.7749 (±12.6617); valid loss: -61.6426
train_values: (20093, 38)
[Epoch 5/10, Step 1600, ETA 47m 18.95s] step time: 1.169s (±5.745s); train time: 2.388s; valid time: 57.75s; loss: -59.3155 (±15.1453); valid loss: -61.1378
[Epoch 5/10, Step 1700, ETA 45m 18.02s] step time: 1.171s (±5.764s); train time: 59.25s; valid time: 57.94s; loss: -53.0775 (±18.4964); valid loss: -37.1099
[Epoch 5/10, Step 1800, ETA 43m 19.12s] step time: 1.185s (±5.9s); train time: 59.21s; valid time: 59.31s; loss: -67.6982 (±7.05262); valid loss: -65.8264 (*)
[Epoch 5/10, Step 1900, ETA 41m 18.53s] step time: 1.169s (±5.753s); train time: 59.13s; valid time: 57.81s; loss: -68.7406 (±6.72392); valid loss: -65.1639
train_values: (20093, 38)
[Epoch 6/10, Step 2000, ETA 39m 19.84s] step time: 1.184s (±5.879s); train time: 3.035s; valid time: 59.09s; loss: -71.7343 (±5.67259); valid loss: -71.9322 (*)
[Epoch 6/10, Step 2100, ETA 37m 19.88s] step time: 1.17s (±5.749s); train time: 59.27s; valid time: 57.79s; loss: -73.3251 (±6.07114); valid loss: -71.4341
[Epoch 6/10, Step 2200, ETA 35m 20s] step time: 1.168s (±5.755s); train time: 59.01s; valid time: 57.82s; loss: -74.1164 (±7.75238); valid loss: -60.0654
[Epoch 6/10, Step 2300, ETA 33m 20.37s] step time: 1.168s (±5.743s); train time: 59.1s; valid time: 57.7s; loss: -71.8854 (±7.39942); valid loss: -66.4623
train_values: (20093, 38)
[Epoch 7/10, Step 2400, ETA 31m 21.08s] step time: 1.169s (±5.758s); train time: 3.57s; valid time: 57.85s; loss: -74.3508 (±4.89947); valid loss: -66.9112
[Epoch 7/10, Step 2500, ETA 29m 22.72s] step time: 1.182s (±5.879s); train time: 59.16s; valid time: 59.05s; loss: -74.0812 (±5.14381); valid loss: -74.5368 (*)
[Epoch 7/10, Step 2600, ETA 27m 23.68s] step time: 1.169s (±5.75s); train time: 59.13s; valid time: 57.78s; loss: -76.1744 (±6.78954); valid loss: -69.7396
[Epoch 7/10, Step 2700, ETA 25m 25.24s] step time: 1.178s (±5.861s); train time: 58.94s; valid time: 58.92s; loss: -77.9582 (±7.50043); valid loss: -76.4011 (*)
train_values: (20093, 38)
[Epoch 8/10, Step 2800, ETA 23m 27.1s] step time: 1.184s (±5.865s); train time: 4.227s; valid time: 58.94s; loss: -77.8871 (±6.35634); valid loss: -76.4325 (*)
[Epoch 8/10, Step 2900, ETA 21m 28.65s] step time: 1.177s (±5.856s); train time: 58.84s; valid time: 58.85s; loss: -77.9084 (±6.39009); valid loss: -78.8306 (*)
[Epoch 8/10, Step 3000, ETA 19m 29.88s] step time: 1.165s (±5.715s); train time: 59.12s; valid time: 57.45s; loss: -79.0033 (±5.59376); valid loss: -76.3924
[Epoch 8/10, Step 3100, ETA 17m 31.33s] step time: 1.168s (±5.744s); train time: 59.15s; valid time: 57.72s; loss: -78.9435 (±6.56318); valid loss: -70.7482
train_values: (20093, 38)
[Epoch 9/10, Step 3200, ETA 15m 33.12s] step time: 1.177s (±5.861s); train time: 4.746s; valid time: 58.9s; loss: -77.6421 (±5.85144); valid loss: -79.1949 (*)
[Epoch 9/10, Step 3300, ETA 13m 34.79s] step time: 1.17s (±5.758s); train time: 59.21s; valid time: 57.87s; loss: -79.5203 (±5.49369); valid loss: -78.6402
[Epoch 9/10, Step 3400, ETA 11m 36.45s] step time: 1.166s (±5.739s); train time: 58.97s; valid time: 57.67s; loss: -80.4868 (±5.63547); valid loss: -77.7901
[Epoch 9/10, Step 3500, ETA 9m 38.21s] step time: 1.166s (±5.733s); train time: 58.97s; valid time: 57.64s; loss: -78.4648 (±10.1839); valid loss: -72.5054
train_values: (20093, 38)
[Epoch 10/10, Step 3600, ETA 7m 40.05s] step time: 1.165s (±5.718s); train time: 5.343s; valid time: 57.47s; loss: -79.6275 (±4.30336); valid loss: -71.5724
[Epoch 10/10, Step 3700, ETA 5m 42.05s] step time: 1.174s (±5.844s); train time: 58.76s; valid time: 58.71s; loss: -79.872 (±6.28432); valid loss: -79.909 (*)
[Epoch 10/10, Step 3800, ETA 3m 44.04s] step time: 1.166s (±5.734s); train time: 59s; valid time: 57.64s; loss: -82.3042 (±5.05364); valid loss: -78.2828
[Epoch 10/10, Step 3900, ETA 1m 46.1s] step time: 1.168s (±5.767s); train time: 58.86s; valid time: 57.97s; loss: -77.9696 (±10.3401); valid loss: -78.2313
train end time:  2025-06-17 08:02:47
train time:  4667.423848628998
test start time:  2025-06-17 08:02:47
------------------------------ testing ------------------------------
test_score shape:  (28605, 38)
test_z shape:  (28605, 100, 6)
search range:  -400.0 400.0
cur thr:  -399.0 [0.3102836740992439, 0.18363246693861177, 0.999999992706054, 1371.0, 21139.0, 6095.0, 0.0, 1.166647222546291] [0.3102836740992439, 0.18363246693861177, 0.999999992706054, 1371.0, 21139.0, 6095.0, 0.0, 1.166647222546291] -399.0
cur thr:  -349.0 [0.3065031048803424, 0.18099009877097016, 0.999999992706054, 1371.0, 21030.0, 6204.0, 0.0, 1.166647222546291] [0.3102836740992439, 0.18363246693861177, 0.999999992706054, 1371.0, 21139.0, 6095.0, 0.0, 1.166647222546291] -399.0
cur thr:  -299.0 [0.3023460932132123, 0.17809820709522187, 0.999999992706054, 1371.0, 20907.0, 6327.0, 0.0, 1.166647222546291] [0.3102836740992439, 0.18363246693861177, 0.999999992706054, 1371.0, 21139.0, 6095.0, 0.0, 1.166647222546291] -399.0
cur thr:  -249.0 [0.2971688141838497, 0.17451629305687846, 0.999999992706054, 1371.0, 20749.0, 6485.0, 0.0, 1.166647222546291] [0.3102836740992439, 0.18363246693861177, 0.999999992706054, 1371.0, 21139.0, 6095.0, 0.0, 1.166647222546291] -399.0
cur thr:  -199.0 [0.292415120336671, 0.1712465648622951, 0.999999992706054, 1371.0, 20599.0, 6635.0, 0.0, 1.166647222546291] [0.3102836740992439, 0.18363246693861177, 0.999999992706054, 1371.0, 21139.0, 6095.0, 0.0, 1.166647222546291] -399.0
cur thr:  -149.0 [0.28775071041471617, 0.16805589584695282, 0.999999992706054, 1371.0, 20447.0, 6787.0, 0.0, 0.49999166680555324] [0.3102836740992439, 0.18363246693861177, 0.999999992706054, 1371.0, 21139.0, 6095.0, 0.0, 1.166647222546291] -399.0
cur thr:  -99.0 [0.2831450285512883, 0.1649224104836733, 0.999999992706054, 1371.0, 20292.0, 6942.0, 0.0, 0.1666638889351844]  0%|          | 0/28605 [00:00<?, ?it/s]100%|██████████| 28605/28605 [00:00<00:00, 1457176.28it/s] [0.3102836740992439, 0.18363246693861177, 0.999999992706054, 1371.0, 21139.0, 6095.0, 0.0, 1.166647222546291] -399.0
cur thr:  -49.0 [0.27574178953553363, 0.15992068102190518, 0.999999992706054, 1371.0, 20032.0, 7202.0, 0.0, 0.1666638889351844] [0.3102836740992439, 0.18363246693861177, 0.999999992706054, 1371.0, 21139.0, 6095.0, 0.0, 1.166647222546291] -399.0
cur thr:  1.0 [0.26034714625814553, 0.1496561509118479, 0.999999992706054, 1371.0, 19444.0, 7790.0, 0.0, 0.1666638889351844] [0.3102836740992439, 0.18363246693861177, 0.999999992706054, 1371.0, 21139.0, 6095.0, 0.0, 1.166647222546291] -399.0
cur thr:  51.0 [0.23191878162990515, 0.1311710676127334, 0.999999992706054, 1371.0, 18153.0, 9081.0, 0.0, 0.0] [0.3102836740992439, 0.18363246693861177, 0.999999992706054, 1371.0, 21139.0, 6095.0, 0.0, 1.166647222546291] -399.0
cur thr:  101.0 [0.09147230559505398, 0.047928683779783716, 0.999999992706054, 1371.0, 0.0, 27234.0, 0.0, 0.0] [0.3102836740992439, 0.18363246693861177, 0.999999992706054, 1371.0, 21139.0, 6095.0, 0.0, 1.166647222546291] -399.0
cur thr:  151.0 [0.09147230559505398, 0.047928683779783716, 0.999999992706054, 1371.0, 0.0, 27234.0, 0.0, 0.0] [0.3102836740992439, 0.18363246693861177, 0.999999992706054, 1371.0, 21139.0, 6095.0, 0.0, 1.166647222546291] -399.0
cur thr:  201.0 [0.09147230559505398, 0.047928683779783716, 0.999999992706054, 1371.0, 0.0, 27234.0, 0.0, 0.0] [0.3102836740992439, 0.18363246693861177, 0.999999992706054, 1371.0, 21139.0, 6095.0, 0.0, 1.166647222546291] -399.0
cur thr:  251.0 [0.09147230559505398, 0.047928683779783716, 0.999999992706054, 1371.0, 0.0, 27234.0, 0.0, 0.0] [0.3102836740992439, 0.18363246693861177, 0.999999992706054, 1371.0, 21139.0, 6095.0, 0.0, 1.166647222546291] -399.0
cur thr:  301.0 [0.09147230559505398, 0.047928683779783716, 0.999999992706054, 1371.0, 0.0, 27234.0, 0.0, 0.0] [0.3102836740992439, 0.18363246693861177, 0.999999992706054, 1371.0, 21139.0, 6095.0, 0.0, 1.166647222546291] -399.0
cur thr:  351.0 [0.09147230559505398, 0.047928683779783716, 0.999999992706054, 1371.0, 0.0, 27234.0, 0.0, 0.0] [0.3102836740992439, 0.18363246693861177, 0.999999992706054, 1371.0, 21139.0, 6095.0, 0.0, 1.166647222546291] -399.0
[0.3102836740992439, 0.18363246693861177, 0.999999992706054, 1371.0, 21139.0, 6095.0, 0.0, 1.166647222546291] -399.0
label_file: ServerMachineDataset/interpretation_label/machine-3-8.txt
Initial threshold : 122.011
Number of peaks : 214
Grimshaw maximum log-likelihood estimation ... [done]
	γ = 0
	σ = 211.88971
	L = 1360.1981028064179
Extreme quantile (probability = 0.001): 548.4240924111492
7418
28605
POT result:  (0.2854144360943639, 0.16646430285761984, 0.999999992706054, 1371.0, 20369.0, 6865.0, 0.0) -122.11535018456375 0.49999166680555324

=== 全局调试信息 ===
y_true shape: (28605,), unique values: [0. 1.]
y_pred shape: (28605,), unique values: [False  True]
feature_scores shape: (28605, 38)
y_true 中的异常段: [(15045, 15166), (15842, 16414), (16964, 17176), (21306, 21448), (23379, 23681), (28154, 28170)]


=== 处理第 1/6 段 ===
段范围: start=15045, end=15166
段内真实标签 (seg_true): [1. 1. 1. 1. 1. 1. 1. 1. 1. 1. 1. 1. 1. 1. 1. 1. 1. 1. 1. 1. 1. 1. 1. 1.
 1. 1. 1. 1. 1. 1. 1. 1. 1. 1. 1. 1. 1. 1. 1. 1. 1. 1. 1. 1. 1. 1. 1. 1.
 1. 1. 1. 1. 1. 1. 1. 1. 1. 1. 1. 1. 1. 1. 1. 1. 1. 1. 1. 1. 1. 1. 1. 1.
 1. 1. 1. 1. 1. 1. 1. 1. 1. 1. 1. 1. 1. 1. 1. 1. 1. 1. 1. 1. 1. 1. 1. 1.
 1. 1. 1. 1. 1. 1. 1. 1. 1. 1. 1. 1. 1. 1. 1. 1. 1. 1. 1. 1. 1. 1. 1. 1.
 1. 1.]
段内预测标签 (seg_pred): [ True  True  True  True  True  True  True  True  True  True  True  True
  True  True  True  True  True  True  True  True  True  True  True  True
  True  True  True  True  True  True  True  True  True  True  True  True
  True  True  True  True  True  True  True  True  True  True  True  True
  True  True  True  True  True  True  True  True  True  True  True  True
  True  True  True  True  True  True  True  True  True  True  True  True
  True  True  True  True  True  True  True  True  True  True  True  True
  True  True  True  True  True  True  True  True  True  True  True  True
  True  True  True  True  True  True  True  True  True  True  True  True
  True  True  True  True  True  True  True  True  True  True  True  True
  True  True]
段内真实异常时间点索引 (相对段内): [  0   1   2   3   4   5   6   7   8   9  10  11  12  13  14  15  16  17
  18  19  20  21  22  23  24  25  26  27  28  29  30  31  32  33  34  35
  36  37  38  39  40  41  42  43  44  45  46  47  48  49  50  51  52  53
  54  55  56  57  58  59  60  61  62  63  64  65  66  67  68  69  70  71
  72  73  74  75  76  77  78  79  80  81  82  83  84  85  86  87  88  89
  90  91  92  93  94  95  96  97  98  99 100 101 102 103 104 105 106 107
 108 109 110 111 112 113 114 115 116 117 118 119 120 121]
段内是否有预测为异常的时间点: True
真实异常维度 (0-based): [0, 1, 2, 3, 18, 19, 20, 21, 27, 30, 34, 35]
段内检测到的异常时间点索引 (相对段内): [  0   1   2   3   4   5   6   7   8   9  10  11  12  13  14  15  16  17
  18  19  20  21  22  23  24  25  26  27  28  29  30  31  32  33  34  35
  36  37  38  39  40  41  42  43  44  45  46  47  48  49  50  51  52  53
  54  55  56  57  58  59  60  61  62  63  64  65  66  67  68  69  70  71
  72  73  74  75  76  77  78  79  80  81  82  83  84  85  86  87  88  89
  90  91  92  93  94  95  96  97  98  99 100 101 102 103 104 105 106 107
 108 109 110 111 112 113 114 115 116 117 118 119 120 121]
推断的异常维度 (0-based): [4, 7, 8, 9, 11, 16, 17, 24, 26, 28, 29, 32, 33, 36, 37]
真实与推断的交集: []
段内指标: TP=0, FP=15, FN=12, TN=11, IPS=0.0000

=== 处理第 2/6 段 ===
段范围: start=15842, end=16414
段内真实标签 (seg_true): [1. 1. 1. 1. 1. 1. 1. 1. 1. 1. 1. 1. 1. 1. 1. 1. 1. 1. 1. 1. 1. 1. 1. 1.
 1. 1. 1. 1. 1. 1. 1. 1. 1. 1. 1. 1. 1. 1. 1. 1. 1. 1. 1. 1. 1. 1. 1. 1.
 1. 1. 1. 1. 1. 1. 1. 1. 1. 1. 1. 1. 1. 1. 1. 1. 1. 1. 1. 1. 1. 1. 1. 1.
 1. 1. 1. 1. 1. 1. 1. 1. 1. 1. 1. 1. 1. 1. 1. 1. 1. 1. 1. 1. 1. 1. 1. 1.
 1. 1. 1. 1. 1. 1. 1. 1. 1. 1. 1. 1. 1. 1. 1. 1. 1. 1. 1. 1. 1. 1. 1. 1.
 1. 1. 1. 1. 1. 1. 1. 1. 1. 1. 1. 1. 1. 1. 1. 1. 1. 1. 1. 1. 1. 1. 1. 1.
 1. 1. 1. 1. 1. 1. 1. 1. 1. 1. 1. 1. 1. 1. 1. 1. 1. 1. 1. 1. 1. 1. 1. 1.
 1. 1. 1. 1. 1. 1. 1. 1. 1. 1. 1. 1. 1. 1. 1. 1. 1. 1. 1. 1. 1. 1. 1. 1.
 1. 1. 1. 1. 1. 1. 1. 1. 1. 1. 1. 1. 1. 1. 1. 1. 1. 1. 1. 1. 1. 1. 1. 1.
 1. 1. 1. 1. 1. 1. 1. 1. 1. 1. 1. 1. 1. 1. 1. 1. 1. 1. 1. 1. 1. 1. 1. 1.
 1. 1. 1. 1. 1. 1. 1. 1. 1. 1. 1. 1. 1. 1. 1. 1. 1. 1. 1. 1. 1. 1. 1. 1.
 1. 1. 1. 1. 1. 1. 1. 1. 1. 1. 1. 1. 1. 1. 1. 1. 1. 1. 1. 1. 1. 1. 1. 1.
 1. 1. 1. 1. 1. 1. 1. 1. 1. 1. 1. 1. 1. 1. 1. 1. 1. 1. 1. 1. 1. 1. 1. 1.
 1. 1. 1. 1. 1. 1. 1. 1. 1. 1. 1. 1. 1. 1. 1. 1. 1. 1. 1. 1. 1. 1. 1. 1.
 1. 1. 1. 1. 1. 1. 1. 1. 1. 1. 1. 1. 1. 1. 1. 1. 1. 1. 1. 1. 1. 1. 1. 1.
 1. 1. 1. 1. 1. 1. 1. 1. 1. 1. 1. 1. 1. 1. 1. 1. 1. 1. 1. 1. 1. 1. 1. 1.
 1. 1. 1. 1. 1. 1. 1. 1. 1. 1. 1. 1. 1. 1. 1. 1. 1. 1. 1. 1. 1. 1. 1. 1.
 1. 1. 1. 1. 1. 1. 1. 1. 1. 1. 1. 1. 1. 1. 1. 1. 1. 1. 1. 1. 1. 1. 1. 1.
 1. 1. 1. 1. 1. 1. 1. 1. 1. 1. 1. 1. 1. 1. 1. 1. 1. 1. 1. 1. 1. 1. 1. 1.
 1. 1. 1. 1. 1. 1. 1. 1. 1. 1. 1. 1. 1. 1. 1. 1. 1. 1. 1. 1. 1. 1. 1. 1.
 1. 1. 1. 1. 1. 1. 1. 1. 1. 1. 1. 1. 1. 1. 1. 1. 1. 1. 1. 1. 1. 1. 1. 1.
 1. 1. 1. 1. 1. 1. 1. 1. 1. 1. 1. 1. 1. 1. 1. 1. 1. 1. 1. 1. 1. 1. 1. 1.
 1. 1. 1. 1. 1. 1. 1. 1. 1. 1. 1. 1. 1. 1. 1. 1. 1. 1. 1. 1. 1. 1. 1. 1.
 1. 1. 1. 1. 1. 1. 1. 1. 1. 1. 1. 1. 1. 1. 1. 1. 1. 1. 1. 1. 1.]
段内预测标签 (seg_pred): [ True  True  True  True  True  True  True  True  True  True  True  True
  True  True  True  True  True  True  True  True  True  True  True  True
  True  True  True  True  True  True  True  True  True  True  True  True
  True  True  True  True  True  True  True  True  True  True  True  True
  True  True  True  True  True  True  True  True  True  True  True  True
  True  True  True  True  True  True  True  True  True  True  True  True
  True  True  True  True  True  True  True  True  True  True  True  True
  True  True  True  True  True  True  True  True  True  True  True  True
  True  True  True  True  True  True  True  True  True  True  True  True
  True  True  True  True  True  True  True  True  True  True  True  True
  True  True  True  True  True  True  True  True  True  True  True  True
  True  True  True  True  True  True  True  True  True  True  True  True
  True  True  True  True  True  True  True  True  True  True  True  True
  True  True  True  True  True  True  True  True  True  True  True  True
  True  True  True  True  True  True  True  True  True  True  True  True
  True  True  True  True  True  True  True  True  True  True  True  True
  True  True  True  True  True  True  True  True  True  True  True  True
  True  True  True  True  True  True  True  True  True  True  True  True
  True  True  True  True  True  True  True  True  True  True  True  True
  True  True  True  True  True  True  True  True  True  True  True  True
  True  True  True  True  True  True  True  True  True  True  True  True
  True  True  True  True  True  True  True  True  True  True  True  True
  True  True  True  True  True  True  True  True  True  True  True  True
  True  True  True  True  True  True  True  True  True  True  True  True
  True  True  True  True  True  True  True  True  True  True  True  True
  True  True  True  True  True  True  True  True  True  True  True  True
  True  True  True  True  True  True  True  True  True  True  True  True
  True  True  True  True  True  True  True  True  True  True  True  True
  True  True  True  True  True  True  True  True  True  True  True  True
  True  True  True  True  True  True  True  True  True  True  True  True
  True  True  True  True  True  True  True  True  True  True  True  True
  True  True  True  True  True  True  True  True  True  True  True  True
  True  True  True  True  True  True  True  True  True  True  True  True
  True  True  True  True  True  True  True  True  True  True  True  True
  True  True  True  True  True  True  True  True  True  True  True  True
  True  True  True  True  True  True  True  True  True  True  True  True
  True  True  True  True  True  True  True  True  True  True  True  True
  True  True  True  True  True  True  True  True  True  True  True  True
  True  True  True  True  True  True  True  True  True  True  True  True
  True  True  True  True  True  True  True  True  True  True  True  True
  True  True  True  True  True  True  True  True  True  True  True  True
  True  True  True  True  True  True  True  True  True  True  True  True
  True  True  True  True  True  True  True  True  True  True  True  True
  True  True  True  True  True  True  True  True  True  True  True  True
  True  True  True  True  True  True  True  True  True  True  True  True
  True  True  True  True  True  True  True  True  True  True  True  True
  True  True  True  True  True  True  True  True  True  True  True  True
  True  True  True  True  True  True  True  True  True]
段内真实异常时间点索引 (相对段内): [  0   1   2   3   4   5   6   7   8   9  10  11  12  13  14  15  16  17
  18  19  20  21  22  23  24  25  26  27  28  29  30  31  32  33  34  35
  36  37  38  39  40  41  42  43  44  45  46  47  48  49  50  51  52  53
  54  55  56  57  58  59  60  61  62  63  64  65  66  67  68  69  70  71
  72  73  74  75  76  77  78  79  80  81  82  83  84  85  86  87  88  89
  90  91  92  93  94  95  96  97  98  99 100 101 102 103 104 105 106 107
 108 109 110 111 112 113 114 115 116 117 118 119 120 121 122 123 124 125
 126 127 128 129 130 131 132 133 134 135 136 137 138 139 140 141 142 143
 144 145 146 147 148 149 150 151 152 153 154 155 156 157 158 159 160 161
 162 163 164 165 166 167 168 169 170 171 172 173 174 175 176 177 178 179
 180 181 182 183 184 185 186 187 188 189 190 191 192 193 194 195 196 197
 198 199 200 201 202 203 204 205 206 207 208 209 210 211 212 213 214 215
 216 217 218 219 220 221 222 223 224 225 226 227 228 229 230 231 232 233
 234 235 236 237 238 239 240 241 242 243 244 245 246 247 248 249 250 251
 252 253 254 255 256 257 258 259 260 261 262 263 264 265 266 267 268 269
 270 271 272 273 274 275 276 277 278 279 280 281 282 283 284 285 286 287
 288 289 290 291 292 293 294 295 296 297 298 299 300 301 302 303 304 305
 306 307 308 309 310 311 312 313 314 315 316 317 318 319 320 321 322 323
 324 325 326 327 328 329 330 331 332 333 334 335 336 337 338 339 340 341
 342 343 344 345 346 347 348 349 350 351 352 353 354 355 356 357 358 359
 360 361 362 363 364 365 366 367 368 369 370 371 372 373 374 375 376 377
 378 379 380 381 382 383 384 385 386 387 388 389 390 391 392 393 394 395
 396 397 398 399 400 401 402 403 404 405 406 407 408 409 410 411 412 413
 414 415 416 417 418 419 420 421 422 423 424 425 426 427 428 429 430 431
 432 433 434 435 436 437 438 439 440 441 442 443 444 445 446 447 448 449
 450 451 452 453 454 455 456 457 458 459 460 461 462 463 464 465 466 467
 468 469 470 471 472 473 474 475 476 477 478 479 480 481 482 483 484 485
 486 487 488 489 490 491 492 493 494 495 496 497 498 499 500 501 502 503
 504 505 506 507 508 509 510 511 512 513 514 515 516 517 518 519 520 521
 522 523 524 525 526 527 528 529 530 531 532 533 534 535 536 537 538 539
 540 541 542 543 544 545 546 547 548 549 550 551 552 553 554 555 556 557
 558 559 560 561 562 563 564 565 566 567 568 569 570 571 572]
段内是否有预测为异常的时间点: True
真实异常维度 (0-based): [0, 1, 2, 3, 18, 19, 20, 21, 27, 29, 30]
段内检测到的异常时间点索引 (相对段内): [  0   1   2   3   4   5   6   7   8   9  10  11  12  13  14  15  16  17
  18  19  20  21  22  23  24  25  26  27  28  29  30  31  32  33  34  35
  36  37  38  39  40  41  42  43  44  45  46  47  48  49  50  51  52  53
  54  55  56  57  58  59  60  61  62  63  64  65  66  67  68  69  70  71
  72  73  74  75  76  77  78  79  80  81  82  83  84  85  86  87  88  89
  90  91  92  93  94  95  96  97  98  99 100 101 102 103 104 105 106 107
 108 109 110 111 112 113 114 115 116 117 118 119 120 121 122 123 124 125
 126 127 128 129 130 131 132 133 134 135 136 137 138 139 140 141 142 143
 144 145 146 147 148 149 150 151 152 153 154 155 156 157 158 159 160 161
 162 163 164 165 166 167 168 169 170 171 172 173 174 175 176 177 178 179
 180 181 182 183 184 185 186 187 188 189 190 191 192 193 194 195 196 197
 198 199 200 201 202 203 204 205 206 207 208 209 210 211 212 213 214 215
 216 217 218 219 220 221 222 223 224 225 226 227 228 229 230 231 232 233
 234 235 236 237 238 239 240 241 242 243 244 245 246 247 248 249 250 251
 252 253 254 255 256 257 258 259 260 261 262 263 264 265 266 267 268 269
 270 271 272 273 274 275 276 277 278 279 280 281 282 283 284 285 286 287
 288 289 290 291 292 293 294 295 296 297 298 299 300 301 302 303 304 305
 306 307 308 309 310 311 312 313 314 315 316 317 318 319 320 321 322 323
 324 325 326 327 328 329 330 331 332 333 334 335 336 337 338 339 340 341
 342 343 344 345 346 347 348 349 350 351 352 353 354 355 356 357 358 359
 360 361 362 363 364 365 366 367 368 369 370 371 372 373 374 375 376 377
 378 379 380 381 382 383 384 385 386 387 388 389 390 391 392 393 394 395
 396 397 398 399 400 401 402 403 404 405 406 407 408 409 410 411 412 413
 414 415 416 417 418 419 420 421 422 423 424 425 426 427 428 429 430 431
 432 433 434 435 436 437 438 439 440 441 442 443 444 445 446 447 448 449
 450 451 452 453 454 455 456 457 458 459 460 461 462 463 464 465 466 467
 468 469 470 471 472 473 474 475 476 477 478 479 480 481 482 483 484 485
 486 487 488 489 490 491 492 493 494 495 496 497 498 499 500 501 502 503
 504 505 506 507 508 509 510 511 512 513 514 515 516 517 518 519 520 521
 522 523 524 525 526 527 528 529 530 531 532 533 534 535 536 537 538 539
 540 541 542 543 544 545 546 547 548 549 550 551 552 553 554 555 556 557
 558 559 560 561 562 563 564 565 566 567 568 569 570 571 572]
推断的异常维度 (0-based): [4, 7, 8, 9, 11, 16, 17, 26, 28, 29, 32, 33, 36, 37]
真实与推断的交集: [29]
段内指标: TP=1, FP=13, FN=10, TN=14, IPS=0.0909

=== 处理第 3/6 段 ===
段范围: start=16964, end=17176
段内真实标签 (seg_true): [1. 1. 1. 1. 1. 1. 1. 1. 1. 1. 1. 1. 1. 1. 1. 1. 1. 1. 1. 1. 1. 1. 1. 1.
 1. 1. 1. 1. 1. 1. 1. 1. 1. 1. 1. 1. 1. 1. 1. 1. 1. 1. 1. 1. 1. 1. 1. 1.
 1. 1. 1. 1. 1. 1. 1. 1. 1. 1. 1. 1. 1. 1. 1. 1. 1. 1. 1. 1. 1. 1. 1. 1.
 1. 1. 1. 1. 1. 1. 1. 1. 1. 1. 1. 1. 1. 1. 1. 1. 1. 1. 1. 1. 1. 1. 1. 1.
 1. 1. 1. 1. 1. 1. 1. 1. 1. 1. 1. 1. 1. 1. 1. 1. 1. 1. 1. 1. 1. 1. 1. 1.
 1. 1. 1. 1. 1. 1. 1. 1. 1. 1. 1. 1. 1. 1. 1. 1. 1. 1. 1. 1. 1. 1. 1. 1.
 1. 1. 1. 1. 1. 1. 1. 1. 1. 1. 1. 1. 1. 1. 1. 1. 1. 1. 1. 1. 1. 1. 1. 1.
 1. 1. 1. 1. 1. 1. 1. 1. 1. 1. 1. 1. 1. 1. 1. 1. 1. 1. 1. 1. 1. 1. 1. 1.
 1. 1. 1. 1. 1. 1. 1. 1. 1. 1. 1. 1. 1. 1. 1. 1. 1. 1. 1. 1. 1.]
段内预测标签 (seg_pred): [ True  True  True  True  True  True  True  True  True  True  True  True
  True  True  True  True  True  True  True  True  True  True  True  True
  True  True  True  True  True  True  True  True  True  True  True  True
  True  True  True  True  True  True  True  True  True  True  True  True
  True  True  True  True  True  True  True  True  True  True  True  True
  True  True  True  True  True  True  True  True  True  True  True  True
  True  True  True  True  True  True  True  True  True  True  True  True
  True  True  True  True  True  True  True  True  True  True  True  True
  True  True  True  True  True  True  True  True  True  True  True  True
  True  True  True  True  True  True  True  True  True  True  True  True
  True  True  True  True  True  True  True  True  True  True  True  True
  True  True  True  True  True  True  True  True  True  True  True  True
  True  True  True  True  True  True  True  True  True  True  True  True
  True  True  True  True  True  True  True  True  True  True  True  True
  True  True  True  True  True  True  True  True  True  True  True  True
  True  True  True  True  True  True  True  True  True  True  True  True
  True  True  True  True  True  True  True  True  True  True  True  True
  True  True  True  True  True  True  True  True  True]
段内真实异常时间点索引 (相对段内): [  0   1   2   3   4   5   6   7   8   9  10  11  12  13  14  15  16  17
  18  19  20  21  22  23  24  25  26  27  28  29  30  31  32  33  34  35
  36  37  38  39  40  41  42  43  44  45  46  47  48  49  50  51  52  53
  54  55  56  57  58  59  60  61  62  63  64  65  66  67  68  69  70  71
  72  73  74  75  76  77  78  79  80  81  82  83  84  85  86  87  88  89
  90  91  92  93  94  95  96  97  98  99 100 101 102 103 104 105 106 107
 108 109 110 111 112 113 114 115 116 117 118 119 120 121 122 123 124 125
 126 127 128 129 130 131 132 133 134 135 136 137 138 139 140 141 142 143
 144 145 146 147 148 149 150 151 152 153 154 155 156 157 158 159 160 161
 162 163 164 165 166 167 168 169 170 171 172 173 174 175 176 177 178 179
 180 181 182 183 184 185 186 187 188 189 190 191 192 193 194 195 196 197
 198 199 200 201 202 203 204 205 206 207 208 209 210 211 212]
段内是否有预测为异常的时间点: True
真实异常维度 (0-based): [0, 1, 2, 3, 18, 19, 20, 21, 22, 23, 24, 25, 27, 28, 29, 30, 31, 32, 33, 34, 35]
段内检测到的异常时间点索引 (相对段内): [  0   1   2   3   4   5   6   7   8   9  10  11  12  13  14  15  16  17
  18  19  20  21  22  23  24  25  26  27  28  29  30  31  32  33  34  35
  36  37  38  39  40  41  42  43  44  45  46  47  48  49  50  51  52  53
  54  55  56  57  58  59  60  61  62  63  64  65  66  67  68  69  70  71
  72  73  74  75  76  77  78  79  80  81  82  83  84  85  86  87  88  89
  90  91  92  93  94  95  96  97  98  99 100 101 102 103 104 105 106 107
 108 109 110 111 112 113 114 115 116 117 118 119 120 121 122 123 124 125
 126 127 128 129 130 131 132 133 134 135 136 137 138 139 140 141 142 143
 144 145 146 147 148 149 150 151 152 153 154 155 156 157 158 159 160 161
 162 163 164 165 166 167 168 169 170 171 172 173 174 175 176 177 178 179
 180 181 182 183 184 185 186 187 188 189 190 191 192 193 194 195 196 197
 198 199 200 201 202 203 204 205 206 207 208 209 210 211 212]
推断的异常维度 (0-based): [1, 2, 4, 5, 6, 7, 8, 9, 10, 11, 12, 13, 14, 15, 16, 17, 18, 19, 20, 21, 22, 23, 24, 25, 26, 27, 28, 29, 31, 32, 33, 34, 35, 36, 37]
真实与推断的交集: [1, 2, 18, 19, 20, 21, 22, 23, 24, 25, 27, 28, 29, 31, 32, 33, 34, 35]
段内指标: TP=18, FP=17, FN=3, TN=0, IPS=0.8571

=== 处理第 4/6 段 ===
段范围: start=21306, end=21448
段内真实标签 (seg_true): [1. 1. 1. 1. 1. 1. 1. 1. 1. 1. 1. 1. 1. 1. 1. 1. 1. 1. 1. 1. 1. 1. 1. 1.
 1. 1. 1. 1. 1. 1. 1. 1. 1. 1. 1. 1. 1. 1. 1. 1. 1. 1. 1. 1. 1. 1. 1. 1.
 1. 1. 1. 1. 1. 1. 1. 1. 1. 1. 1. 1. 1. 1. 1. 1. 1. 1. 1. 1. 1. 1. 1. 1.
 1. 1. 1. 1. 1. 1. 1. 1. 1. 1. 1. 1. 1. 1. 1. 1. 1. 1. 1. 1. 1. 1. 1. 1.
 1. 1. 1. 1. 1. 1. 1. 1. 1. 1. 1. 1. 1. 1. 1. 1. 1. 1. 1. 1. 1. 1. 1. 1.
 1. 1. 1. 1. 1. 1. 1. 1. 1. 1. 1. 1. 1. 1. 1. 1. 1. 1. 1. 1. 1. 1. 1.]
段内预测标签 (seg_pred): [ True  True  True  True  True  True  True  True  True  True  True  True
  True  True  True  True  True  True  True  True  True  True  True  True
  True  True  True  True  True  True  True  True  True  True  True  True
  True  True  True  True  True  True  True  True  True  True  True  True
  True  True  True  True  True  True  True  True  True  True  True  True
  True  True  True  True  True  True  True  True  True  True  True  True
  True  True  True  True  True  True  True  True  True  True  True  True
  True  True  True  True  True  True  True  True  True  True  True  True
  True  True  True  True  True  True  True  True  True  True  True  True
  True  True  True  True  True  True  True  True  True  True  True  True
  True  True  True  True  True  True  True  True  True  True  True  True
  True  True  True  True  True  True  True  True  True  True  True]
段内真实异常时间点索引 (相对段内): [  0   1   2   3   4   5   6   7   8   9  10  11  12  13  14  15  16  17
  18  19  20  21  22  23  24  25  26  27  28  29  30  31  32  33  34  35
  36  37  38  39  40  41  42  43  44  45  46  47  48  49  50  51  52  53
  54  55  56  57  58  59  60  61  62  63  64  65  66  67  68  69  70  71
  72  73  74  75  76  77  78  79  80  81  82  83  84  85  86  87  88  89
  90  91  92  93  94  95  96  97  98  99 100 101 102 103 104 105 106 107
 108 109 110 111 112 113 114 115 116 117 118 119 120 121 122 123 124 125
 126 127 128 129 130 131 132 133 134 135 136 137 138 139 140 141 142]
段内是否有预测为异常的时间点: True
真实异常维度 (0-based): [8, 9, 11, 12]
段内检测到的异常时间点索引 (相对段内): [  0   1   2   3   4   5   6   7   8   9  10  11  12  13  14  15  16  17
  18  19  20  21  22  23  24  25  26  27  28  29  30  31  32  33  34  35
  36  37  38  39  40  41  42  43  44  45  46  47  48  49  50  51  52  53
  54  55  56  57  58  59  60  61  62  63  64  65  66  67  68  69  70  71
  72  73  74  75  76  77  78  79  80  81  82  83  84  85  86  87  88  89
  90  91  92  93  94  95  96  97  98  99 100 101 102 103 104 105 106 107
 108 109 110 111 112 113 114 115 116 117 118 119 120 121 122 123 124 125
 126 127 128 129 130 131 132 133 134 135 136 137 138 139 140 141 142]
推断的异常维度 (0-based): [16, 17, 26, 28]
真实与推断的交集: []
段内指标: TP=0, FP=4, FN=4, TN=30, IPS=0.0000

=== 处理第 5/6 段 ===
段范围: start=23379, end=23681
段内真实标签 (seg_true): [1. 1. 1. 1. 1. 1. 1. 1. 1. 1. 1. 1. 1. 1. 1. 1. 1. 1. 1. 1. 1. 1. 1. 1.
 1. 1. 1. 1. 1. 1. 1. 1. 1. 1. 1. 1. 1. 1. 1. 1. 1. 1. 1. 1. 1. 1. 1. 1.
 1. 1. 1. 1. 1. 1. 1. 1. 1. 1. 1. 1. 1. 1. 1. 1. 1. 1. 1. 1. 1. 1. 1. 1.
 1. 1. 1. 1. 1. 1. 1. 1. 1. 1. 1. 1. 1. 1. 1. 1. 1. 1. 1. 1. 1. 1. 1. 1.
 1. 1. 1. 1. 1. 1. 1. 1. 1. 1. 1. 1. 1. 1. 1. 1. 1. 1. 1. 1. 1. 1. 1. 1.
 1. 1. 1. 1. 1. 1. 1. 1. 1. 1. 1. 1. 1. 1. 1. 1. 1. 1. 1. 1. 1. 1. 1. 1.
 1. 1. 1. 1. 1. 1. 1. 1. 1. 1. 1. 1. 1. 1. 1. 1. 1. 1. 1. 1. 1. 1. 1. 1.
 1. 1. 1. 1. 1. 1. 1. 1. 1. 1. 1. 1. 1. 1. 1. 1. 1. 1. 1. 1. 1. 1. 1. 1.
 1. 1. 1. 1. 1. 1. 1. 1. 1. 1. 1. 1. 1. 1. 1. 1. 1. 1. 1. 1. 1. 1. 1. 1.
 1. 1. 1. 1. 1. 1. 1. 1. 1. 1. 1. 1. 1. 1. 1. 1. 1. 1. 1. 1. 1. 1. 1. 1.
 1. 1. 1. 1. 1. 1. 1. 1. 1. 1. 1. 1. 1. 1. 1. 1. 1. 1. 1. 1. 1. 1. 1. 1.
 1. 1. 1. 1. 1. 1. 1. 1. 1. 1. 1. 1. 1. 1. 1. 1. 1. 1. 1. 1. 1. 1. 1. 1.
 1. 1. 1. 1. 1. 1. 1. 1. 1. 1. 1. 1. 1. 1. 1.]
段内预测标签 (seg_pred): [ True  True  True  True  True  True  True  True  True  True  True  True
  True  True  True  True  True  True  True  True  True  True  True  True
  True  True  True  True  True  True  True  True  True  True  True  True
  True  True  True  True  True  True  True  True  True  True  True  True
  True  True  True  True  True  True  True  True  True  True  True  True
  True  True  True  True  True  True  True  True  True  True  True  True
  True  True  True  True  True  True  True  True  True  True  True  True
  True  True  True  True  True  True  True  True  True  True  True  True
  True  True  True  True  True  True  True  True  True  True  True  True
  True  True  True  True  True  True  True  True  True  True  True  True
  True  True  True  True  True  True  True  True  True  True  True  True
  True  True  True  True  True  True  True  True  True  True  True  True
  True  True  True  True  True  True  True  True  True  True  True  True
  True  True  True  True  True  True  True  True  True  True  True  True
  True  True  True  True  True  True  True  True  True  True  True  True
  True  True  True  True  True  True  True  True  True  True  True  True
  True  True  True  True  True  True  True  True  True  True  True  True
  True  True  True  True  True  True  True  True  True  True  True  True
  True  True  True  True  True  True  True  True  True  True  True  True
  True  True  True  True  True  True  True  True  True  True  True  True
  True  True  True  True  True  True  True  True  True  True  True  True
  True  True  True  True  True  True  True  True  True  True  True  True
  True  True  True  True  True  True  True  True  True  True  True  True
  True  True  True  True  True  True  True  True  True  True  True  True
  True  True  True  True  True  True  True  True  True  True  True  True
  True  True  True]
段内真实异常时间点索引 (相对段内): [  0   1   2   3   4   5   6   7   8   9  10  11  12  13  14  15  16  17
  18  19  20  21  22  23  24  25  26  27  28  29  30  31  32  33  34  35
  36  37  38  39  40  41  42  43  44  45  46  47  48  49  50  51  52  53
  54  55  56  57  58  59  60  61  62  63  64  65  66  67  68  69  70  71
  72  73  74  75  76  77  78  79  80  81  82  83  84  85  86  87  88  89
  90  91  92  93  94  95  96  97  98  99 100 101 102 103 104 105 106 107
 108 109 110 111 112 113 114 115 116 117 118 119 120 121 122 123 124 125
 126 127 128 129 130 131 132 133 134 135 136 137 138 139 140 141 142 143
 144 145 146 147 148 149 150 151 152 153 154 155 156 157 158 159 160 161
 162 163 164 165 166 167 168 169 170 171 172 173 174 175 176 177 178 179
 180 181 182 183 184 185 186 187 188 189 190 191 192 193 194 195 196 197
 198 199 200 201 202 203 204 205 206 207 208 209 210 211 212 213 214 215
 216 217 218 219 220 221 222 223 224 225 226 227 228 229 230 231 232 233
 234 235 236 237 238 239 240 241 242 243 244 245 246 247 248 249 250 251
 252 253 254 255 256 257 258 259 260 261 262 263 264 265 266 267 268 269
 270 271 272 273 274 275 276 277 278 279 280 281 282 283 284 285 286 287
 288 289 290 291 292 293 294 295 296 297 298 299 300 301 302]
段内是否有预测为异常的时间点: True
真实异常维度 (0-based): [8, 9, 12, 13, 29]
段内检测到的异常时间点索引 (相对段内): [  0   1   2   3   4   5   6   7   8   9  10  11  12  13  14  15  16  17
  18  19  20  21  22  23  24  25  26  27  28  29  30  31  32  33  34  35
  36  37  38  39  40  41  42  43  44  45  46  47  48  49  50  51  52  53
  54  55  56  57  58  59  60  61  62  63  64  65  66  67  68  69  70  71
  72  73  74  75  76  77  78  79  80  81  82  83  84  85  86  87  88  89
  90  91  92  93  94  95  96  97  98  99 100 101 102 103 104 105 106 107
 108 109 110 111 112 113 114 115 116 117 118 119 120 121 122 123 124 125
 126 127 128 129 130 131 132 133 134 135 136 137 138 139 140 141 142 143
 144 145 146 147 148 149 150 151 152 153 154 155 156 157 158 159 160 161
 162 163 164 165 166 167 168 169 170 171 172 173 174 175 176 177 178 179
 180 181 182 183 184 185 186 187 188 189 190 191 192 193 194 195 196 197
 198 199 200 201 202 203 204 205 206 207 208 209 210 211 212 213 214 215
 216 217 218 219 220 221 222 223 224 225 226 227 228 229 230 231 232 233
 234 235 236 237 238 239 240 241 242 243 244 245 246 247 248 249 250 251
 252 253 254 255 256 257 258 259 260 261 262 263 264 265 266 267 268 269
 270 271 272 273 274 275 276 277 278 279 280 281 282 283 284 285 286 287
 288 289 290 291 292 293 294 295 296 297 298 299 300 301 302]

推断的异常维度 (0-based): [7, 16, 17, 26, 28, 32, 36]
真实与推断的交集: []
段内指标: TP=0, FP=7, FN=5, TN=26, IPS=0.0000

=== 处理第 6/6 段 ===
段范围: start=28154, end=28170
段内真实标签 (seg_true): [1. 1. 1. 1. 1. 1. 1. 1. 1. 1. 1. 1. 1. 1. 1. 1. 1.]
段内预测标签 (seg_pred): [ True  True  True  True  True  True  True  True  True  True  True  True
  True  True  True  True  True]
段内真实异常时间点索引 (相对段内): [ 0  1  2  3  4  5  6  7  8  9 10 11 12 13 14 15 16]
段内是否有预测为异常的时间点: True
真实异常维度 (0-based): [9, 11, 12]
段内检测到的异常时间点索引 (相对段内): [ 0  1  2  3  4  5  6  7  8  9 10 11 12 13 14 15 16]
推断的异常维度 (0-based): [16, 17, 26]
真实与推断的交集: []
段内指标: TP=0, FP=3, FN=3, TN=32, IPS=0.0000

=== 汇总指标 ===
总 TP: 19, 总 TN: 113, 总 FP: 59, 总 FN: 37
平均 IPS: 0.1712, Precision: 0.2436, Recall: 0.3393, F1: 0.2836
每段IPS与混淆: [{'start': 15045, 'end': 15166, 'TP': 0, 'TN': 11, 'FP': 15, 'FN': 12, 'IPS': 0.0, 'k_selected': 12, 'gt_dims_count': 12}, {'start': 15842, 'end': 16414, 'TP': 1, 'TN': 14, 'FP': 13, 'FN': 10, 'IPS': 0.09090909090909091, 'k_selected': 11, 'gt_dims_count': 11}, {'start': 16964, 'end': 17176, 'TP': 18, 'TN': 0, 'FP': 17, 'FN': 3, 'IPS': 0.8571428571428571, 'k_selected': 21, 'gt_dims_count': 21}, {'start': 21306, 'end': 21448, 'TP': 0, 'TN': 30, 'FP': 4, 'FN': 4, 'IPS': 0.0, 'k_selected': 4, 'gt_dims_count': 4}, {'start': 23379, 'end': 23681, 'TP': 0, 'TN': 26, 'FP': 7, 'FN': 5, 'IPS': 0.0, 'k_selected': 5, 'gt_dims_count': 5}, {'start': 28154, 'end': 28170, 'TP': 0, 'TN': 32, 'FP': 3, 'FN': 3, 'IPS': 0.0, 'k_selected': 3, 'gt_dims_count': 3}]
总和: {'TP': 19, 'TN': 113, 'FP': 59, 'FN': 37, 'IPS': 0.1711614424962346, 'precision': 0.24358974358974358, 'recall': 0.3392857142857143, 'F1': 0.2835820895522388}
test end time:  2025-06-17 08:09:25
test time:  397.66022300720215
==============================result==============================
{'FN': 0.0,
 'FP': 6095.0,
 'TN': 21139.0,
 'TP': 1371.0,
 'best-f1': 0.3102836740992439,
 'best_valid_loss': -79.90899654672084,
 'dataset': 'machine-3-8',
 'latency': 1.166647222546291,
 'pot-FN': 0.0,
 'pot-FP': 6865.0,
 'pot-TN': 20369.0,
 'pot-TP': 1371.0,
 'pot-f1': 0.2854144360943639,
 'pot-latency': 0.49999166680555324,
 'pot-precision': 0.16646430285761984,
 'pot-recall': 0.999999992706054,
 'pot-threshold': -122.11535018456375,
 'precision': 0.18363246693861177,
 'pred_time': 0.3370570087932167,
 'pred_total_time': 193.42008709907532,
 'recall': 0.999999992706054,
 'segment_results': [{'FN': 12,
                      'FP': 15,
                      'IPS': 0.0,
                      'TN': 11,
                      'TP': 0,
                      'end': 15166,
                      'gt_dims_count': 12,
                      'k_selected': 12,
                      'start': 15045},
                     {'FN': 10,
                      'FP': 13,
                      'IPS': 0.09090909090909091,
                      'TN': 14,
                      'TP': 1,
                      'end': 16414,
                      'gt_dims_count': 11,
                      'k_selected': 11,
                      'start': 15842},
                     {'FN': 3,
                      'FP': 17,
                      'IPS': 0.8571428571428571,
                      'TN': 0,
                      'TP': 18,
                      'end': 17176,
                      'gt_dims_count': 21,
                      'k_selected': 21,
                      'start': 16964},
                     {'FN': 4,
                      'FP': 4,
                      'IPS': 0.0,
                      'TN': 30,
                      'TP': 0,
                      'end': 21448,
                      'gt_dims_count': 4,
                      'k_selected': 4,
                      'start': 21306},
                     {'FN': 5,
                      'FP': 7,
                      'IPS': 0.0,
                      'TN': 26,
                      'TP': 0,
                      'end': 23681,
                      'gt_dims_count': 5,
                      'k_selected': 5,
                      'start': 23379},
                     {'FN': 3,
                      'FP': 3,
                      'IPS': 0.0,
                      'TN': 32,
                      'TP': 0,
                      'end': 28170,
                      'gt_dims_count': 3,
                      'k_selected': 3,
                      'start': 28154}],
 'segment_summary': {'F1': 0.2835820895522388,
                     'FN': 37,
                     'FP': 59,
                     'IPS': 0.1711614424962346,
                     'TN': 113,
                     'TP': 19,
                     'precision': 0.24358974358974358,
                     'recall': 0.3392857142857143},
 'threshold': -399.0,
 'train_time': 465.32881593704224,
 'valid_time': 0.3380525176860096}
