2025-06-20 10:18:45.716931: I tensorflow/core/platform/cpu_feature_guard.cc:141] Your CPU supports instructions that this TensorFlow binary was not compiled to use: AVX2 AVX512F FMA
Configurations
===========================================
{'batch_size': 50,
 'bf_search_max': 400.0,
 'bf_search_min': -400.0,
 'bf_search_step_size': 1.0,
 'dataset': 'machine-2-1',
 'dense_dim': 500,
 'early_stop': True,
 'get_score_on_dim': True,
 'gradient_clip_norm': 10.0,
 'initial_lr': 0.001,
 'l2_reg': 0.0001,
 'level': 0.0075,
 'lr_anneal_epoch_freq': 40,
 'lr_anneal_factor': 0.5,
 'lr_anneal_step_freq': None,
 'max_epoch': 10,
 'max_test_size': None,
 'max_train_size': None,
 'nf_layers': 20,
 'percentage_Dimension': 20.0,
 'posterior_flow_type': 'nf',
 'restore_dir': None,
 'result_dir': 'result',
 'rnn_cell': 'GRU',
 'rnn_num_hidden': 500,
 'save_dir': 'model',
 'save_z': False,
 'std_epsilon': 0.0001,
 'test_batch_size': 50,
 'test_n_z': 1,
 'test_score_filename': 'test_score.pkl',
 'test_start': 0,
 'train_score_filename': 'train_score.pkl',
 'train_start': 0,
 'use_connected_z_p': True,
 'use_connected_z_q': True,
 'valid_step_freq': 100,
 'window_length': 100,
 'x_dim': 38,
 'z_dim': 3}

train start time:  2025-06-20 10:18:18
load data of: machine-2-1
train:  0 None
test:  0 None
Data normalized
Data normalized
train set shape:  (23693, 38)
test set shape:  (23694, 38)
test set label shape:  (23694,)
Trainable Parameters                                            (2,607,740 in total)
------------------------------------------------------------------------------------
model/q_z_given_x/rnn_q_z/rnn/gru_cell/gates/kernel             (538, 1000)  538,000
model/q_z_given_x/rnn_q_z/rnn/gru_cell/gates/bias               (1000,)        1,000
model/q_z_given_x/rnn_q_z/rnn/gru_cell/candidate/kernel         (538, 500)   269,000
model/q_z_given_x/rnn_q_z/rnn/gru_cell/candidate/bias           (500,)           500
model/q_z_given_x/rnn_q_z/dense/kernel                          (500, 500)   250,000
model/q_z_given_x/rnn_q_z/dense/bias                            (500,)           500
model/q_z_given_x/rnn_q_z/dense_1/kernel                        (500, 500)   250,000
model/q_z_given_x/rnn_q_z/dense_1/bias                          (500,)           500
model/vae/variational/z_mean/kernel                             (503, 3)       1,509
model/vae/variational/z_mean/bias                               (3,)               3
model/vae/variational/z_std/kernel                              (503, 3)       1,509
model/vae/variational/z_std/bias                                (3,)               3
model/posterior_flow/_0/w                                       (1, 3)             3
model/posterior_flow/_0/b                                       (1,)               1
model/posterior_flow/_0/u                                       (1, 3)             3
model/posterior_flow/_1/w                                       (1, 3)             3
model/posterior_flow/_1/b                                       (1,)               1
model/posterior_flow/_1/u                                       (1, 3)             3
model/posterior_flow/_2/w                                       (1, 3)             3
model/posterior_flow/_2/b                                       (1,)               1
model/posterior_flow/_2/u                                       (1, 3)             3
model/posterior_flow/_3/w                                       (1, 3)             3
model/posterior_flow/_3/b                                       (1,)               1
model/posterior_flow/_3/u                                       (1, 3)             3
model/posterior_flow/_4/w                                       (1, 3)             3
model/posterior_flow/_4/b                                       (1,)               1
model/posterior_flow/_4/u                                       (1, 3)             3
model/posterior_flow/_5/w                                       (1, 3)             3
model/posterior_flow/_5/b                                       (1,)               1
model/posterior_flow/_5/u                                       (1, 3)             3
model/posterior_flow/_6/w                                       (1, 3)             3
model/posterior_flow/_6/b                                       (1,)               1
model/posterior_flow/_6/u                                       (1, 3)             3
model/posterior_flow/_7/w                                       (1, 3)             3
model/posterior_flow/_7/b                                       (1,)               1
model/posterior_flow/_7/u                                       (1, 3)             3
model/posterior_flow/_8/w                                       (1, 3)             3
model/posterior_flow/_8/b                                       (1,)               1
model/posterior_flow/_8/u                                       (1, 3)             3
model/posterior_flow/_9/w                                       (1, 3)             3
model/posterior_flow/_9/b                                       (1,)               1
model/posterior_flow/_9/u                                       (1, 3)             3
model/posterior_flow/_10/w                                      (1, 3)             3
model/posterior_flow/_10/b                                      (1,)               1
model/posterior_flow/_10/u                                      (1, 3)             3
model/posterior_flow/_11/w                                      (1, 3)             3
model/posterior_flow/_11/b                                      (1,)               1
model/posterior_flow/_11/u                                      (1, 3)             3
model/posterior_flow/_12/w                                      (1, 3)             3
model/posterior_flow/_12/b                                      (1,)               1
model/posterior_flow/_12/u                                      (1, 3)             3
model/posterior_flow/_13/w                                      (1, 3)             3
model/posterior_flow/_13/b                                      (1,)               1
model/posterior_flow/_13/u                                      (1, 3)             3
model/posterior_flow/_14/w                                      (1, 3)             3
model/posterior_flow/_14/b                                      (1,)               1
model/posterior_flow/_14/u                                      (1, 3)             3
model/posterior_flow/_15/w                                      (1, 3)             3
model/posterior_flow/_15/b                                      (1,)               1
model/posterior_flow/_15/u                                      (1, 3)             3
model/posterior_flow/_16/w                                      (1, 3)             3
model/posterior_flow/_16/b                                      (1,)               1
model/posterior_flow/_16/u                                      (1, 3)             3
model/posterior_flow/_17/w                                      (1, 3)             3
model/posterior_flow/_17/b                                      (1,)               1
model/posterior_flow/_17/u                                      (1, 3)             3
model/posterior_flow/_18/w                                      (1, 3)             3
model/posterior_flow/_18/b                                      (1,)               1
model/posterior_flow/_18/u                                      (1, 3)             3
model/posterior_flow/_19/w                                      (1, 3)             3
model/posterior_flow/_19/b                                      (1,)               1
model/posterior_flow/_19/u                                      (1, 3)             3
model/p_x_given_z/hidden/rnn_p_x/rnn/gru_cell/gates/kernel      (503, 1000)  503,000
model/p_x_given_z/hidden/rnn_p_x/rnn/gru_cell/gates/bias        (1000,)        1,000
model/p_x_given_z/hidden/rnn_p_x/rnn/gru_cell/candidate/kernel  (503, 500)   251,500
model/p_x_given_z/hidden/rnn_p_x/rnn/gru_cell/candidate/bias    (500,)           500
model/p_x_given_z/hidden/rnn_p_x/dense/kernel                   (500, 500)   250,000
model/p_x_given_z/hidden/rnn_p_x/dense/bias                     (500,)           500
model/p_x_given_z/hidden/rnn_p_x/dense_1/kernel                 (500, 500)   250,000
model/p_x_given_z/hidden/rnn_p_x/dense_1/bias                   (500,)           500
model/p_x_given_z/x_mean/kernel                                 (500, 38)     19,000
model/p_x_given_z/x_mean/bias                                   (38,)             38
model/p_x_given_z/x_std/kernel                                  (500, 38)     19,000
model/p_x_given_z/x_std/bias                                    (38,)             38/home/hz/anaconda3/envs/py36/lib/python3.6/site-packages/tensorflow/python/framework/dtypes.py:523: FutureWarning: Passing (type, 1) or '1type' as a synonym of type is deprecated; in a future version of numpy, it will be understood as (type, (1,)) / '(1,)type'.
  _np_qint8 = np.dtype([("qint8", np.int8, 1)])
/home/hz/anaconda3/envs/py36/lib/python3.6/site-packages/tensorflow/python/framework/dtypes.py:524: FutureWarning: Passing (type, 1) or '1type' as a synonym of type is deprecated; in a future version of numpy, it will be understood as (type, (1,)) / '(1,)type'.
  _np_quint8 = np.dtype([("quint8", np.uint8, 1)])
/home/hz/anaconda3/envs/py36/lib/python3.6/site-packages/tensorflow/python/framework/dtypes.py:525: FutureWarning: Passing (type, 1) or '1type' as a synonym of type is deprecated; in a future version of numpy, it will be understood as (type, (1,)) / '(1,)type'.
  _np_qint16 = np.dtype([("qint16", np.int16, 1)])
/home/hz/anaconda3/envs/py36/lib/python3.6/site-packages/tensorflow/python/framework/dtypes.py:526: FutureWarning: Passing (type, 1) or '1type' as a synonym of type is deprecated; in a future version of numpy, it will be understood as (type, (1,)) / '(1,)type'.
  _np_quint16 = np.dtype([("quint16", np.uint16, 1)])
/home/hz/anaconda3/envs/py36/lib/python3.6/site-packages/tensorflow/python/framework/dtypes.py:527: FutureWarning: Passing (type, 1) or '1type' as a synonym of type is deprecated; in a future version of numpy, it will be understood as (type, (1,)) / '(1,)type'.
  _np_qint32 = np.dtype([("qint32", np.int32, 1)])
/home/hz/anaconda3/envs/py36/lib/python3.6/site-packages/tensorflow/python/framework/dtypes.py:532: FutureWarning: Passing (type, 1) or '1type' as a synonym of type is deprecated; in a future version of numpy, it will be understood as (type, (1,)) / '(1,)type'.
  np_resource = np.dtype([("resource", np.ubyte, 1)])
/home/hz/anaconda3/envs/py36/lib/python3.6/site-packages/tfsnippet/utils/tfver.py:22: DeprecationWarning: Function 'semver.compare' is deprecated. Deprecated since version 2.10.0.  This function will be removed in semver 3. Use the respective 'semver.VersionInfo.compare' instead.
  compare_result = semver.compare(version, tf.__version__)
/home/hz/anaconda3/envs/py36/lib/python3.6/site-packages/tfsnippet/utils/tfver.py:22: DeprecationWarning: Function 'semver.compare' is deprecated. Deprecated since version 2.10.0.  This function will be removed in semver 3. Use the respective 'semver.VersionInfo.compare' instead.
  compare_result = semver.compare(version, tf.__version__)
INFO:tensorflow:Restoring parameters from /tmp/tmpbe_qfnvo/variables.dat-3100
2025-06-20 13:18:41,536 [INFO] tensorflow: Restoring parameters from /tmp/tmpbe_qfnvo/variables.dat-3100


train_values: (16586, 38)
[Epoch 1/10, Step 100] step time: 3.656s (±16.63s); train time: 3m 21.4s; valid time: 2m 44.32s; loss: 44.8637 (±492.595); valid loss: -47.7814 (*)
[Epoch 1/10, Step 200] step time: 3.361s (±15.72s); train time: 2m 58.99s; valid time: 2m 37.32s; loss: -51.4042 (±3.22184); valid loss: -50.318 (*)
[Epoch 1/10, Step 300] step time: 3.307s (±14.93s); train time: 3m 0.9333s; valid time: 2m 29.84s; loss: -52.3039 (±4.00801); valid loss: -50.814 (*)
train_values: (16586, 38)
[Epoch 2/10, Step 400, ETA 2h 44m 54.73s] step time: 3.364s (±15.02s); train time: 2m 13.16s; valid time: 2m 31.37s; loss: -53.5357 (±4.61141); valid loss: -55.6589 (*)
[Epoch 2/10, Step 500, ETA 2h 38m 39.71s] step time: 3.363s (±15.7s); train time: 2m 58.24s; valid time: 2m 38.29s; loss: -54.1142 (±2.75796); valid loss: -53.3593
[Epoch 2/10, Step 600, ETA 2h 40m 1.55s] step time: 4.354s (±21.07s); train time: 3m 43.56s; valid time: 3m 32.01s; loss: -54.1654 (±3.42917); valid loss: -43.0509
train_values: (16586, 38)
[Epoch 3/10, Step 700, ETA 2h 40m 12.42s] step time: 4.561s (±21.1s); train time: 1m 44.41s; valid time: 3m 31.85s; loss: -54.9302 (±2.94295); valid loss: -54.7097
[Epoch 3/10, Step 800, ETA 2h 36m 45.66s] step time: 4.238s (±18.99s); train time: 3m 53.43s; valid time: 3m 10.52s; loss: -54.7966 (±3.80191); valid loss: -48.5385
[Epoch 3/10, Step 900, ETA 2h 27m 32.44s] step time: 3.115s (±14.19s); train time: 2m 49.01s; valid time: 2m 22.65s; loss: -54.5697 (±3.59236); valid loss: -43.3638
train_values: (16586, 38)
[Epoch 4/10, Step 1000, ETA 2h 20m 22.25s] step time: 3.439s (±15.87s); train time: 22.48s; valid time: 2m 39.31s; loss: -56.6162 (±3.15983); valid loss: -56.1207 (*)
[Epoch 4/10, Step 1100, ETA 2h 13m 37.34s] step time: 3.49s (±15.37s); train time: 3m 14.17s; valid time: 2m 34.97s; loss: -54.137 (±4.61002); valid loss: -51.1782
[Epoch 4/10, Step 1200, ETA 2h 6m 44.08s] step time: 3.389s (±15.07s); train time: 3m 7.277s; valid time: 2m 31.72s; loss: -47.454 (±25.1799); valid loss: -38.6124
[Epoch 4/10, Step 1300, ETA 2h 5.317s] step time: 3.409s (±15.29s); train time: 3m 7.428s; valid time: 2m 33.58s; loss: -40.8219 (±15.4086); valid loss: -40.4549
train_values: (16586, 38)
[Epoch 5/10, Step 1400, ETA 1h 51m 42.36s] step time: 2.575s (±9.267s); train time: 2m 12.66s; valid time: 1m 33.72s; loss: -50.0569 (±11.6953); valid loss: -54.7258
[Epoch 5/10, Step 1500, ETA 1h 46m 7.739s] step time: 3.713s (±16.62s); train time: 3m 24.63s; valid time: 2m 46.75s; loss: -55.1116 (±5.30523); valid loss: -51.3467
[Epoch 5/10, Step 1600, ETA 1h 40m 34.59s] step time: 3.769s (±16.75s); train time: 3m 28.97s; valid time: 2m 48.16s; loss: -51.4732 (±8.90578); valid loss: -47.4464
train_values: (16586, 38)
[Epoch 6/10, Step 1700, ETA 1h 34m 42.56s] step time: 3.623s (±16.09s); train time: 1m 50.91s; valid time: 2m 41.68s; loss: -47.1344 (±9.85212); valid loss: -50.0613
[Epoch 6/10, Step 1800, ETA 1h 28m 58.4s] step time: 3.733s (±16.94s); train time: 3m 23.25s; valid time: 2m 50.12s; loss: -55.0013 (±5.68049); valid loss: -54.4642
[Epoch 6/10, Step 1900, ETA 1h 22m 36.82s] step time: 3.263s (±12.73s); train time: 3m 18s; valid time: 2m 8.416s; loss: -57.2729 (±4.8095); valid loss: -51.3487
train_values: (16586, 38)
[Epoch 7/10, Step 2000, ETA 1h 16m 8.037s] step time: 3.065s (±13.81s); train time: 44.76s; valid time: 2m 19.47s; loss: -57.4248 (±4.40251); valid loss: -58.8115 (*)
[Epoch 7/10, Step 2100, ETA 1h 9m 49.34s] step time: 3.106s (±14.42s); train time: 2m 46.2s; valid time: 2m 24.53s; loss: -60.0777 (±3.89293); valid loss: -56.6213
[Epoch 7/10, Step 2200, ETA 1h 3m 44.03s] step time: 3.252s (±14.98s); train time: 2m 55.47s; valid time: 2m 29.79s; loss: -58.2208 (±4.98976); valid loss: -61.2366 (*)
[Epoch 7/10, Step 2300, ETA 57m 46.95s] step time: 3.362s (±15.34s); train time: 3m 2.607s; valid time: 2m 33.69s; loss: -61.8178 (±3.80104); valid loss: -57.5649
train_values: (16586, 38)
[Epoch 8/10, Step 2400, ETA 51m 50.91s] step time: 3.342s (±15.06s); train time: 2m 58.39s; valid time: 2m 31.09s; loss: -62.0176 (±5.36327); valid loss: -59.9293
[Epoch 8/10, Step 2500, ETA 45m 53.45s] step time: 3.243s (±14.34s); train time: 3m 0.4425s; valid time: 2m 24.02s; loss: -64.6978 (±3.85593); valid loss: -61.9572 (*)
[Epoch 8/10, Step 2600, ETA 39m 56.02s] step time: 3.149s (±14.13s); train time: 2m 53.19s; valid time: 2m 21.84s; loss: -62.9425 (±4.84573); valid loss: -64.5503 (*)
train_values: (16586, 38)
[Epoch 9/10, Step 2700, ETA 34m 4.609s] step time: 3.281s (±15.05s); train time: 2m 0.1063s; valid time: 2m 30.91s; loss: -65.1168 (±3.71323); valid loss: -65.8011 (*)
[Epoch 9/10, Step 2800, ETA 28m 7.523s] step time: 2.862s (±10.44s); train time: 3m 1.142s; valid time: 1m 45.16s; loss: -67.6749 (±2.68539); valid loss: -67.0162 (*)
[Epoch 9/10, Step 2900, ETA 22m 7.479s] step time: 2.279s (±10.41s); train time: 2m 3.201s; valid time: 1m 44.8s; loss: -67.6065 (±2.76025); valid loss: -66.3255
train_values: (16586, 38)
[Epoch 10/10, Step 3000, ETA 16m 18.44s] step time: 2.507s (±11.91s); train time: 54s; valid time: 1m 59.91s; loss: -67.466 (±3.31404); valid loss: -66.1448
[Epoch 10/10, Step 3100, ETA 10m 36.84s] step time: 2.685s (±12.08s); train time: 2m 26.93s; valid time: 2m 1.749s; loss: -68.8389 (±3.01598); valid loss: -67.3335 (*)
[Epoch 10/10, Step 3200, ETA 4m 59.63s] step time: 2.629s (±12.09s); train time: 2m 21.95s; valid time: 2m 1.105s; loss: -69.2633 (±2.86999); valid loss: -65.9809
train end time:  2025-06-20 13:18:41
train time:  10823.708850860596
test start time:  2025-06-20 13:18:41
------------------------------ testing ------------------------------
test_score shape:  (23595, 38)
test_z shape:  (23595, 100, 6)
search range:  -400.0 400.0
cur thr:  -399.0 [0.9384976746097428, 0.9804469182453732, 0.8999999923076923, 1053.0, 22404.0, 21.0, 117.0, 65.66593704514395] [0.9384976746097428, 0.9804469182453732, 0.8999999923076923, 1053.0, 22404.0, 21.0, 117.0, 65.66593704514395] -399.0
cur thr:  -349.0 [0.9376619639255825, 0.9786245262209616, 0.8999999923076923, 1053.0, 22402.0, 23.0, 117.0, 62.33264074843613] [0.9384976746097428, 0.9804469182453732, 0.8999999923076923, 1053.0, 22404.0, 21.0, 117.0, 65.66593704514395] -399.0
cur thr:  -299.0 [0.9335056369806446, 0.9696132507402095, 0.8999999923076923, 1053.0, 22392.0, 33.0, 117.0, 26.444150620548662] [0.9384976746097428, 0.9804469182453732, 0.8999999923076923, 1053.0, 22404.0, 21.0, 117.0, 65.66593704514395] -399.0
cur thr:  -249.0 [0.9306180643164196, 0.963403467855412, 0.8999999923076923, 1053.0, 22385.0, 40.0, 117.0, 26.444150620548662] [0.9384976746097428, 0.9804469182453732, 0.8999999923076923, 1053.0, 22404.0, 21.0, 117.0, 65.66593704514395] -399.0
cur thr:  -199.0 [0.9261163681251935, 0.9538043391865549, 0.8999999923076923, 1053.0, 22374.0, 51.0, 117.0, 26.444150620548662] [0.9384976746097428, 0.9804469182453732, 0.8999999923076923, 1053.0, 22404.0, 21.0, 117.0, 65.66593704514395] -399.0
cur thr:  -149.0 [0.9303281818584926, 0.9421559952484138, 0.9188034109503982, 1075.0, 22359.0, 66.0, 95.0, 13.499865001349987] [0.9384976746097428, 0.9804469182453732, 0.8999999923076923, 1053.0, 22404.0, 21.0, 117.0, 65.66593704514395] -399.0
cur thr:  -99.0 [0.927073883400837, 0.9251063751054777, 0.9290598211191469, 1087.0, 22337.0, 88.0, 83.0, 12.72715702584522] [0.9384976746097428, 0.9804469182453732, 0.8999999923076923, 1053.0, 22404.0, 21.0, 117.0, 65.66593704514395] -399.0
cur thr:  -49.0 [0.9363695625934061, 0.8803611671906609, 0.9999999914529916, 1170.0, 22266.0, 159.0, 0.0, 11.230682840901224] [0.9462490751358522, 0.903576975866431, 0.9931623846738258, 1162.0, 22301.0, 124.0, 8.0, 12.083232639728003] -68.0
cur thr:  1.0 [0.8836808616023596, 0.7916102788118384, 0.9999999914529916, 1170.0, 22117.0, 308.0, 0.0, 8.076860947223484] [0.9462490751358522, 0.903576975866431, 0.9931623846738258, 1162.0, 22301.0, 124.0, 8.0, 12.083232639728003] -68.0
cur thr:  51.0 [0.5851421441924726, 0.41357369949249306, 0.9999999914529916, 1170.0, 20766.0, 1659.0, 0.0, 2.9230544380427843] [0.9462490751358522, 0.903576975866431, 0.9931623846738258, 1162.0, 22301.0, 124.0, 8.0, 12.083232639728003]  0%|          | 0/23595 [00:00<?, ?it/s]100%|██████████| 23595/23595 [00:00<00:00, 990190.63it/s] -68.0
cur thr:  101.0 [0.09448728866684003, 0.04958677683848833, 0.9999999914529916, 1170.0, 0.0, 22425.0, 0.0, 0.0] [0.9462490751358522, 0.903576975866431, 0.9931623846738258, 1162.0, 22301.0, 124.0, 8.0, 12.083232639728003] -68.0
cur thr:  151.0 [0.09448728866684003, 0.04958677683848833, 0.9999999914529916, 1170.0, 0.0, 22425.0, 0.0, 0.0] [0.9462490751358522, 0.903576975866431, 0.9931623846738258, 1162.0, 22301.0, 124.0, 8.0, 12.083232639728003] -68.0
cur thr:  201.0 [0.09448728866684003, 0.04958677683848833, 0.9999999914529916, 1170.0, 0.0, 22425.0, 0.0, 0.0] [0.9462490751358522, 0.903576975866431, 0.9931623846738258, 1162.0, 22301.0, 124.0, 8.0, 12.083232639728003] -68.0
cur thr:  251.0 [0.09448728866684003, 0.04958677683848833, 0.9999999914529916, 1170.0, 0.0, 22425.0, 0.0, 0.0] [0.9462490751358522, 0.903576975866431, 0.9931623846738258, 1162.0, 22301.0, 124.0, 8.0, 12.083232639728003] -68.0
cur thr:  301.0 [0.09448728866684003, 0.04958677683848833, 0.9999999914529916, 1170.0, 0.0, 22425.0, 0.0, 0.0] [0.9462490751358522, 0.903576975866431, 0.9931623846738258, 1162.0, 22301.0, 124.0, 8.0, 12.083232639728003] -68.0
cur thr:  351.0 [0.09448728866684003, 0.04958677683848833, 0.9999999914529916, 1170.0, 0.0, 22425.0, 0.0, 0.0] [0.9462490751358522, 0.903576975866431, 0.9931623846738258, 1162.0, 22301.0, 124.0, 8.0, 12.083232639728003] -68.0
[0.9462490751358522, 0.903576975866431, 0.9931623846738258, 1162.0, 22301.0, 124.0, 8.0, 12.083232639728003] -68.0
label_file: ServerMachineDataset/interpretation_label/machine-2-1.txt
Initial threshold : 36.365932
Number of peaks : 176
Grimshaw maximum log-likelihood estimation ... [done]
	γ = 0
	σ = 548.6326
	L = 1286.107513557523
Extreme quantile (probability = 0.001): 1138.8385667237867
265
23595
POT result:  (0.925994228626131, 0.8621960142800589, 0.9999999914529916, 1170.0, 22238.0, 187.0, 0.0) -36.69300635482272 11.230682840901224

=== 全局调试信息 ===
y_true shape: (23595,), unique values: [0. 1.]
y_pred shape: (23595,), unique values: [False  True]
feature_scores shape: (23595, 38)
interpretation_segments 数量: 13


=== 处理第 1/13 段 ===
原始段范围: orig_start=6506, orig_end=6528
调整后段范围: start=6407, end=6429
段内真实标签 (seg_true): [1. 1. 1. 1. 1. 1. 1. 1. 1. 1. 1. 1. 1. 1. 1. 1. 1. 1. 1. 1. 1. 1. 0.]
段内预测标签 (seg_pred): [ True  True  True  True  True  True  True  True  True  True  True  True
  True  True  True  True  True  True  True  True  True  True False]
段内真实异常时间点索引 (相对段内): [ 0  1  2  3  4  5  6  7  8  9 10 11 12 13 14 15 16 17 18 19 20 21]
段内是否有预测为异常的时间点: True
真实异常维度 (0-based): [22, 24, 31, 34, 35]
段内检测到的异常时间点索引 (相对段内): [ 0  1  2  3  4  5  6  7  8  9 10 11 12 13 14 15 16 17 18 19 20 21]
选择的维度数量 (k): 7 (基于真实异常维度数的 100%)
推断的异常维度 (0-based): [7, 10, 16, 17, 26, 36, 37]
真实与推断的交集: []
段内指标: TP=0, FP=7, FN=5, TN=26, IPS=0.0000

=== 处理第 2/13 段 ===
原始段范围: orig_start=7907, orig_end=7961
调整后段范围: start=7808, end=7862
段内真实标签 (seg_true): [1. 1. 1. 1. 1. 1. 1. 1. 1. 1. 1. 1. 1. 1. 1. 1. 1. 1. 1. 1. 1. 1. 1. 1.
 1. 1. 1. 1. 1. 1. 1. 1. 1. 1. 1. 1. 1. 1. 1. 1. 1. 1. 1. 1. 1. 1. 1. 1.
 1. 1. 1. 1. 1. 1. 0.]
段内预测标签 (seg_pred): [ True  True  True  True  True  True  True  True  True  True  True  True
  True  True  True  True  True  True  True  True  True  True  True  True
  True  True  True  True  True  True  True  True  True  True  True  True
  True  True  True  True  True  True  True  True  True  True  True  True
  True  True  True  True  True  True False]
段内真实异常时间点索引 (相对段内): [ 0  1  2  3  4  5  6  7  8  9 10 11 12 13 14 15 16 17 18 19 20 21 22 23
 24 25 26 27 28 29 30 31 32 33 34 35 36 37 38 39 40 41 42 43 44 45 46 47
 48 49 50 51 52 53]
段内是否有预测为异常的时间点: True
真实异常维度 (0-based): [8, 9, 10, 12, 31]
段内检测到的异常时间点索引 (相对段内): [ 0  1  2  3  4  5  6  7  8  9 10 11 12 13 14 15 16 17 18 19 20 21 22 23
 24 25 26 27 28 29 30 31 32 33 34 35 36 37 38 39 40 41 42 43 44 45 46 47
 48 49 50 51 52 53]
选择的维度数量 (k): 7 (基于真实异常维度数的 100%)
推断的异常维度 (0-based): [10, 16, 17, 26, 28, 32, 36, 37]
真实与推断的交集: [10]
段内指标: TP=1, FP=7, FN=4, TN=26, IPS=0.2000

=== 处理第 3/13 段 ===
原始段范围: orig_start=9340, orig_end=9386
调整后段范围: start=9241, end=9287
段内真实标签 (seg_true): [1. 1. 1. 1. 1. 1. 1. 1. 1. 1. 1. 1. 1. 1. 1. 1. 1. 1. 1. 1. 1. 1. 1. 1.
 1. 1. 1. 1. 1. 1. 1. 1. 1. 1. 1. 1. 1. 1. 1. 1. 1. 1. 1. 1. 1. 1. 0.]
段内预测标签 (seg_pred): [ True  True  True  True  True  True  True  True  True  True  True  True
  True  True  True  True  True  True  True  True  True  True  True  True
  True  True  True  True  True  True  True  True  True  True  True  True
  True  True  True  True  True  True  True  True  True  True False]
段内真实异常时间点索引 (相对段内): [ 0  1  2  3  4  5  6  7  8  9 10 11 12 13 14 15 16 17 18 19 20 21 22 23
 24 25 26 27 28 29 30 31 32 33 34 35 36 37 38 39 40 41 42 43 44 45]
段内是否有预测为异常的时间点: True
真实异常维度 (0-based): [8, 9, 10, 12, 31, 32, 33]
段内检测到的异常时间点索引 (相对段内): [ 0  1  2  3  4  5  6  7  8  9 10 11 12 13 14 15 16 17 18 19 20 21 22 23
 24 25 26 27 28 29 30 31 32 33 34 35 36 37 38 39 40 41 42 43 44 45]
选择的维度数量 (k): 7 (基于真实异常维度数的 100%)
推断的异常维度 (0-based): [7, 10, 16, 17, 26, 28, 36, 37]
真实与推断的交集: [10]
段内指标: TP=1, FP=7, FN=6, TN=24, IPS=0.1429

=== 处理第 4/13 段 ===
原始段范围: orig_start=9779, orig_end=9805
调整后段范围: start=9680, end=9706
段内真实标签 (seg_true): [1. 1. 1. 1. 1. 1. 1. 1. 1. 1. 1. 1. 1. 1. 1. 1. 1. 1. 1. 1. 1. 1. 1. 1.
 1. 1. 0.]
段内预测标签 (seg_pred): [ True  True  True  True  True  True  True  True  True  True  True  True
  True  True  True  True  True  True  True  True  True  True  True  True
  True  True False]
段内真实异常时间点索引 (相对段内): [ 0  1  2  3  4  5  6  7  8  9 10 11 12 13 14 15 16 17 18 19 20 21 22 23
 24 25]
段内是否有预测为异常的时间点: True
真实异常维度 (0-based): [4, 32, 33]
段内检测到的异常时间点索引 (相对段内): [ 0  1  2  3  4  5  6  7  8  9 10 11 12 13 14 15 16 17 18 19 20 21 22 23
 24 25]
选择的维度数量 (k): 7 (基于真实异常维度数的 100%)
推断的异常维度 (0-based): [7, 10, 16, 17, 26, 28, 36, 37]
真实与推断的交集: []
段内指标: TP=0, FP=8, FN=3, TN=27, IPS=0.0000

=== 处理第 5/13 段 ===
原始段范围: orig_start=12173, orig_end=12181
调整后段范围: start=12074, end=12082
段内真实标签 (seg_true): [1. 1. 1. 1. 1. 1. 1. 1. 0.]
段内预测标签 (seg_pred): [ True  True  True  True  True  True  True  True False]
段内真实异常时间点索引 (相对段内): [0 1 2 3 4 5 6 7]
段内是否有预测为异常的时间点: True
真实异常维度 (0-based): [18, 19, 20, 21, 27]
段内检测到的异常时间点索引 (相对段内): [0 1 2 3 4 5 6 7]
选择的维度数量 (k): 7 (基于真实异常维度数的 100%)
推断的异常维度 (0-based): [10, 16, 17, 26, 28, 36, 37]
真实与推断的交集: []
段内指标: TP=0, FP=7, FN=5, TN=26, IPS=0.0000

=== 处理第 6/13 段 ===
原始段范围: orig_start=16136, orig_end=16588
调整后段范围: start=16037, end=16489
段内真实标签 (seg_true): [1. 1. 1. 1. 1. 1. 1. 1. 1. 1. 1. 1. 1. 1. 1. 1. 1. 1. 1. 1. 1. 1. 1. 1.
 1. 1. 1. 1. 1. 1. 1. 1. 1. 1. 1. 1. 1. 1. 1. 1. 1. 1. 1. 1. 1. 1. 1. 1.
 1. 1. 1. 1. 1. 1. 1. 1. 1. 1. 1. 1. 1. 1. 1. 1. 1. 1. 1. 1. 1. 1. 1. 1.
 1. 1. 1. 1. 1. 1. 1. 1. 1. 1. 1. 1. 1. 1. 1. 1. 1. 1. 1. 1. 1. 1. 1. 1.
 1. 1. 1. 1. 1. 1. 1. 1. 1. 1. 1. 1. 1. 1. 1. 1. 1. 1. 1. 1. 1. 1. 1. 1.
 1. 1. 1. 1. 1. 1. 1. 1. 1. 1. 1. 1. 1. 1. 1. 1. 1. 1. 1. 1. 1. 1. 1. 1.
 1. 1. 1. 1. 1. 1. 1. 1. 1. 1. 1. 1. 1. 1. 1. 1. 1. 1. 1. 1. 1. 1. 1. 1.
 1. 1. 1. 1. 1. 1. 1. 1. 1. 1. 1. 1. 1. 1. 1. 1. 1. 1. 1. 1. 1. 1. 1. 1.
 1. 1. 1. 1. 1. 1. 1. 1. 1. 1. 1. 1. 1. 1. 1. 1. 1. 1. 1. 1. 1. 1. 1. 1.
 1. 1. 1. 1. 1. 1. 1. 1. 1. 1. 1. 1. 1. 1. 1. 1. 1. 1. 1. 1. 1. 1. 1. 1.
 1. 1. 1. 1. 1. 1. 1. 1. 1. 1. 1. 1. 1. 1. 1. 1. 1. 1. 1. 1. 1. 1. 1. 1.
 1. 1. 1. 1. 1. 1. 1. 1. 1. 1. 1. 1. 1. 1. 1. 1. 1. 1. 1. 1. 1. 1. 1. 1.
 1. 1. 1. 1. 1. 1. 1. 1. 1. 1. 1. 1. 1. 1. 1. 1. 1. 1. 1. 1. 1. 1. 1. 1.
 1. 1. 1. 1. 1. 1. 1. 1. 1. 1. 1. 1. 1. 1. 1. 1. 1. 1. 1. 1. 1. 1. 1. 1.
 1. 1. 1. 1. 1. 1. 1. 1. 1. 1. 1. 1. 1. 1. 1. 1. 1. 1. 1. 1. 1. 1. 1. 1.
 1. 1. 1. 1. 1. 1. 1. 1. 1. 1. 1. 1. 1. 1. 1. 1. 1. 1. 1. 1. 1. 1. 1. 1.
 1. 1. 1. 1. 1. 1. 1. 1. 1. 1. 1. 1. 1. 1. 1. 1. 1. 1. 1. 1. 1. 1. 1. 1.
 1. 1. 1. 1. 1. 1. 1. 1. 1. 1. 1. 1. 1. 1. 1. 1. 1. 1. 1. 1. 1. 1. 1. 1.
 1. 1. 1. 1. 1. 1. 1. 1. 1. 1. 1. 1. 1. 1. 1. 1. 1. 1. 1. 1. 0.]
段内预测标签 (seg_pred): [ True  True  True  True  True  True  True  True  True  True  True  True
  True  True  True  True  True  True  True  True  True  True  True  True
  True  True  True  True  True  True  True  True  True  True  True  True
  True  True  True  True  True  True  True  True  True  True  True  True
  True  True  True  True  True  True  True  True  True  True  True  True
  True  True  True  True  True  True  True  True  True  True  True  True
  True  True  True  True  True  True  True  True  True  True  True  True
  True  True  True  True  True  True  True  True  True  True  True  True
  True  True  True  True  True  True  True  True  True  True  True  True
  True  True  True  True  True  True  True  True  True  True  True  True
  True  True  True  True  True  True  True  True  True  True  True  True
  True  True  True  True  True  True  True  True  True  True  True  True
  True  True  True  True  True  True  True  True  True  True  True  True
  True  True  True  True  True  True  True  True  True  True  True  True
  True  True  True  True  True  True  True  True  True  True  True  True
  True  True  True  True  True  True  True  True  True  True  True  True
  True  True  True  True  True  True  True  True  True  True  True  True
  True  True  True  True  True  True  True  True  True  True  True  True
  True  True  True  True  True  True  True  True  True  True  True  True
  True  True  True  True  True  True  True  True  True  True  True  True
  True  True  True  True  True  True  True  True  True  True  True  True
  True  True  True  True  True  True  True  True  True  True  True  True
  True  True  True  True  True  True  True  True  True  True  True  True
  True  True  True  True  True  True  True  True  True  True  True  True
  True  True  True  True  True  True  True  True  True  True  True  True
  True  True  True  True  True  True  True  True  True  True  True  True
  True  True  True  True  True  True  True  True  True  True  True  True
  True  True  True  True  True  True  True  True  True  True  True  True
  True  True  True  True  True  True  True  True  True  True  True  True
  True  True  True  True  True  True  True  True  True  True  True  True
  True  True  True  True  True  True  True  True  True  True  True  True
  True  True  True  True  True  True  True  True  True  True  True  True
  True  True  True  True  True  True  True  True  True  True  True  True
  True  True  True  True  True  True  True  True  True  True  True  True
  True  True  True  True  True  True  True  True  True  True  True  True
  True  True  True  True  True  True  True  True  True  True  True  True
  True  True  True  True  True  True  True  True  True  True  True  True
  True  True  True  True  True  True  True  True False]
段内真实异常时间点索引 (相对段内): [  0   1   2   3   4   5   6   7   8   9  10  11  12  13  14  15  16  17
  18  19  20  21  22  23  24  25  26  27  28  29  30  31  32  33  34  35
  36  37  38  39  40  41  42  43  44  45  46  47  48  49  50  51  52  53
  54  55  56  57  58  59  60  61  62  63  64  65  66  67  68  69  70  71
  72  73  74  75  76  77  78  79  80  81  82  83  84  85  86  87  88  89
  90  91  92  93  94  95  96  97  98  99 100 101 102 103 104 105 106 107
 108 109 110 111 112 113 114 115 116 117 118 119 120 121 122 123 124 125
 126 127 128 129 130 131 132 133 134 135 136 137 138 139 140 141 142 143
 144 145 146 147 148 149 150 151 152 153 154 155 156 157 158 159 160 161
 162 163 164 165 166 167 168 169 170 171 172 173 174 175 176 177 178 179
 180 181 182 183 184 185 186 187 188 189 190 191 192 193 194 195 196 197
 198 199 200 201 202 203 204 205 206 207 208 209 210 211 212 213 214 215
 216 217 218 219 220 221 222 223 224 225 226 227 228 229 230 231 232 233
 234 235 236 237 238 239 240 241 242 243 244 245 246 247 248 249 250 251
 252 253 254 255 256 257 258 259 260 261 262 263 264 265 266 267 268 269
 270 271 272 273 274 275 276 277 278 279 280 281 282 283 284 285 286 287
 288 289 290 291 292 293 294 295 296 297 298 299 300 301 302 303 304 305
 306 307 308 309 310 311 312 313 314 315 316 317 318 319 320 321 322 323
 324 325 326 327 328 329 330 331 332 333 334 335 336 337 338 339 340 341
 342 343 344 345 346 347 348 349 350 351 352 353 354 355 356 357 358 359
 360 361 362 363 364 365 366 367 368 369 370 371 372 373 374 375 376 377
 378 379 380 381 382 383 384 385 386 387 388 389 390 391 392 393 394 395
 396 397 398 399 400 401 402 403 404 405 406 407 408 409 410 411 412 413
 414 415 416 417 418 419 420 421 422 423 424 425 426 427 428 429 430 431
 432 433 434 435 436 437 438 439 440 441 442 443 444 445 446 447 448 449
 450 451]
段内是否有预测为异常的时间点: True
真实异常维度 (0-based): [8, 9, 23, 25]
段内检测到的异常时间点索引 (相对段内): [  0   1   2   3   4   5   6   7   8   9  10  11  12  13  14  15  16  17
  18  19  20  21  22  23  24  25  26  27  28  29  30  31  32  33  34  35
  36  37  38  39  40  41  42  43  44  45  46  47  48  49  50  51  52  53
  54  55  56  57  58  59  60  61  62  63  64  65  66  67  68  69  70  71
  72  73  74  75  76  77  78  79  80  81  82  83  84  85  86  87  88  89
  90  91  92  93  94  95  96  97  98  99 100 101 102 103 104 105 106 107
 108 109 110 111 112 113 114 115 116 117 118 119 120 121 122 123 124 125
 126 127 128 129 130 131 132 133 134 135 136 137 138 139 140 141 142 143
 144 145 146 147 148 149 150 151 152 153 154 155 156 157 158 159 160 161
 162 163 164 165 166 167 168 169 170 171 172 173 174 175 176 177 178 179
 180 181 182 183 184 185 186 187 188 189 190 191 192 193 194 195 196 197
 198 199 200 201 202 203 204 205 206 207 208 209 210 211 212 213 214 215
 216 217 218 219 220 221 222 223 224 225 226 227 228 229 230 231 232 233
 234 235 236 237 238 239 240 241 242 243 244 245 246 247 248 249 250 251
 252 253 254 255 256 257 258 259 260 261 262 263 264 265 266 267 268 269
 270 271 272 273 274 275 276 277 278 279 280 281 282 283 284 285 286 287
 288 289 290 291 292 293 294 295 296 297 298 299 300 301 302 303 304 305
 306 307 308 309 310 311 312 313 314 315 316 317 318 319 320 321 322 323
 324 325 326 327 328 329 330 331 332 333 334 335 336 337 338 339 340 341
 342 343 344 345 346 347 348 349 350 351 352 353 354 355 356 357 358 359
 360 361 362 363 364 365 366 367 368 369 370 371 372 373 374 375 376 377
 378 379 380 381 382 383 384 385 386 387 388 389 390 391 392 393 394 395
 396 397 398 399 400 401 402 403 404 405 406 407 408 409 410 411 412 413
 414 415 416 417 418 419 420 421 422 423 424 425 426 427 428 429 430 431
 432 433 434 435 436 437 438 439 440 441 442 443 444 445 446 447 448 449
 450 451]
选择的维度数量 (k): 7 (基于真实异常维度数的 100%)
推断的异常维度 (0-based): [7, 10, 16, 17, 26, 28, 32, 36, 37]
真实与推断的交集: []
段内指标: TP=0, FP=9, FN=4, TN=25, IPS=0.0000

=== 处理第 7/13 段 ===
原始段范围: orig_start=17365, orig_end=17382
调整后段范围: start=17266, end=17283
段内真实标签 (seg_true): [1. 1. 1. 1. 1. 1. 1. 1. 1. 1. 1. 1. 1. 1. 1. 1. 1. 0.]
段内预测标签 (seg_pred): [ True  True  True  True  True  True  True  True  True  True  True  True
  True  True  True  True  True False]
段内真实异常时间点索引 (相对段内): [ 0  1  2  3  4  5  6  7  8  9 10 11 12 13 14 15 16]
段内是否有预测为异常的时间点: True
真实异常维度 (0-based): [0, 1, 2, 3, 8, 13, 14, 15, 17, 23, 25]
段内检测到的异常时间点索引 (相对段内): [ 0  1  2  3  4  5  6  7  8  9 10 11 12 13 14 15 16]
选择的维度数量 (k): 7 (基于真实异常维度数的 100%)
推断的异常维度 (0-based): [10, 16, 17, 26, 28, 32, 36, 37]
真实与推断的交集: [17]
段内指标: TP=1, FP=7, FN=10, TN=20, IPS=0.0909

=== 处理第 8/13 段 ===
原始段范围: orig_start=17995, orig_end=18028
调整后段范围: start=17896, end=17929
段内真实标签 (seg_true): [1. 1. 1. 1. 1. 1. 1. 1. 1. 1. 1. 1. 1. 1. 1. 1. 1. 1. 1. 1. 1. 1. 1. 1.
 1. 1. 1. 1. 1. 1. 1. 1. 1. 0.]
段内预测标签 (seg_pred): [ True  True  True  True  True  True  True  True  True  True  True  True
  True  True  True  True  True  True  True  True  True  True  True  True
  True  True  True  True  True  True  True  True  True False]
段内真实异常时间点索引 (相对段内): [ 0  1  2  3  4  5  6  7  8  9 10 11 12 13 14 15 16 17 18 19 20 21 22 23
 24 25 26 27 28 29 30 31 32]
段内是否有预测为异常的时间点: True
真实异常维度 (0-based): [8, 9, 10, 12, 14]
段内检测到的异常时间点索引 (相对段内): [ 0  1  2  3  4  5  6  7  8  9 10 11 12 13 14 15 16 17 18 19 20 21 22 23
 24 25 26 27 28 29 30 31 32]
选择的维度数量 (k): 7 (基于真实异常维度数的 100%)
推断的异常维度 (0-based): [10, 16, 17, 26, 28, 32, 36, 37]
真实与推断的交集: [10]
段内指标: TP=1, FP=7, FN=4, TN=26, IPS=0.2000

=== 处理第 9/13 段 ===
原始段范围: orig_start=18575, orig_end=18650
调整后段范围: start=18476, end=18551
段内真实标签 (seg_true): [1. 1. 1. 1. 1. 1. 1. 1. 1. 1. 1. 1. 1. 1. 1. 1. 1. 1. 1. 1. 1. 1. 1. 1.
 1. 1. 1. 1. 1. 1. 1. 1. 1. 1. 1. 1. 1. 1. 1. 1. 1. 1. 1. 1. 1. 1. 1. 1.
 1. 1. 1. 1. 1. 1. 1. 1. 1. 1. 1. 1. 1. 1. 1. 1. 1. 1. 1. 1. 1. 1. 1. 1.
 1. 1. 1. 0.]
段内预测标签 (seg_pred): [ True  True  True  True  True  True  True  True  True  True  True  True
  True  True  True  True  True  True  True  True  True  True  True  True
  True  True  True  True  True  True  True  True  True  True  True  True
  True  True  True  True  True  True  True  True  True  True  True  True
  True  True  True  True  True  True  True  True  True  True  True  True
  True  True  True  True  True  True  True  True  True  True  True  True
  True  True  True False]
段内真实异常时间点索引 (相对段内): [ 0  1  2  3  4  5  6  7  8  9 10 11 12 13 14 15 16 17 18 19 20 21 22 23
 24 25 26 27 28 29 30 31 32 33 34 35 36 37 38 39 40 41 42 43 44 45 46 47
 48 49 50 51 52 53 54 55 56 57 58 59 60 61 62 63 64 65 66 67 68 69 70 71
 72 73 74]
段内是否有预测为异常的时间点: True
真实异常维度 (0-based): [0, 18, 19, 20, 21]
段内检测到的异常时间点索引 (相对段内): [ 0  1  2  3  4  5  6  7  8  9 10 11 12 13 14 15 16 17 18 19 20 21 22 23
 24 25 26 27 28 29 30 31 32 33 34 35 36 37 38 39 40 41 42 43 44 45 46 47
 48 49 50 51 52 53 54 55 56 57 58 59 60 61 62 63 64 65 66 67 68 69 70 71
 72 73 74]
选择的维度数量 (k): 7 (基于真实异常维度数的 100%)
推断的异常维度 (0-based): [7, 10, 16, 17, 26, 28, 36, 37]
真实与推断的交集: []
段内指标: TP=0, FP=8, FN=5, TN=25, IPS=0.0000

=== 处理第 10/13 段 ===
原始段范围: orig_start=20020, orig_end=20036
调整后段范围: start=19921, end=19937
段内真实标签 (seg_true): [1. 1. 1. 1. 1. 1. 1. 1. 1. 1. 1. 1. 1. 1. 1. 1. 0.]
段内预测标签 (seg_pred): [ True  True  True  True  True  True  True  True  True  True  True  True
  True  True  True  True False]
段内真实异常时间点索引 (相对段内): [ 0  1  2  3  4  5  6  7  8  9 10 11 12 13 14 15]
段内是否有预测为异常的时间点: True
真实异常维度 (0-based): [0, 5, 6]
段内检测到的异常时间点索引 (相对段内): [ 0  1  2  3  4  5  6  7  8  9 10 11 12 13 14 15]
选择的维度数量 (k): 7 (基于真实异常维度数的 100%)
推断的异常维度 (0-based): [10, 16, 17, 26, 28, 32, 36, 37]
真实与推断的交集: []
段内指标: TP=0, FP=8, FN=3, TN=27, IPS=0.0000

=== 处理第 11/13 段 ===
原始段范围: orig_start=20891, orig_end=20912
调整后段范围: start=20792, end=20813
段内真实标签 (seg_true): [1. 1. 1. 1. 1. 1. 1. 1. 1. 1. 1. 1. 1. 1. 1. 1. 1. 1. 1. 1. 1. 0.]
段内预测标签 (seg_pred): [ True  True  True  True  True  True  True  True  True  True  True  True
  True  True  True  True  True  True  True  True  True False]
段内真实异常时间点索引 (相对段内): [ 0  1  2  3  4  5  6  7  8  9 10 11 12 13 14 15 16 17 18 19 20]
段内是否有预测为异常的时间点: True
真实异常维度 (0-based): [9, 12]
段内检测到的异常时间点索引 (相对段内): [ 0  1  2  3  4  5  6  7  8  9 10 11 12 13 14 15 16 17 18 19 20]
选择的维度数量 (k): 7 (基于真实异常维度数的 100%)
推断的异常维度 (0-based): [7, 10, 16, 17, 26, 28, 32, 36, 37]
真实与推断的交集: []
段内指标: TP=0, FP=9, FN=2, TN=27, IPS=0.0000

=== 处理第 12/13 段 ===
原始段范围: orig_start=20340, orig_end=20352
调整后段范围: start=20241, end=20253
段内真实标签 (seg_true): [1. 1. 1. 1. 1. 1. 1. 1. 1. 1. 1. 1. 0.]
段内预测标签 (seg_pred): [ True  True  True  True  True  True  True  True  True  True  True  True
 False]
段内真实异常时间点索引 (相对段内): [ 0  1  2  3  4  5  6  7  8  9 10 11]
段内是否有预测为异常的时间点: True
真实异常维度 (0-based): [8, 9, 10, 12, 31]
段内检测到的异常时间点索引 (相对段内): [ 0  1  2  3  4  5  6  7  8  9 10 11]
选择的维度数量 (k): 7 (基于真实异常维度数的 100%)
推断的异常维度 (0-based): [7, 10, 16, 17, 26, 28, 36, 37]
真实与推断的交集: [10]
段内指标: TP=1, FP=7, FN=4, TN=26, IPS=0.2000

=== 处理第 13/13 段 ===
原始段范围: orig_start=22907, orig_end=23295
调整后段范围: start=22808, end=23196
段内真实标签 (seg_true): [1. 1. 1. 1. 1. 1. 1. 1. 1. 1. 1. 1. 1. 1. 1. 1. 1. 1. 1. 1. 1. 1. 1. 1.
 1. 1. 1. 1. 1. 1. 1. 1. 1. 1. 1. 1. 1. 1. 1. 1. 1. 1. 1. 1. 1. 1. 1. 1.
 1. 1. 1. 1. 1. 1. 1. 1. 1. 1. 1. 1. 1. 1. 1. 1. 1. 1. 1. 1. 1. 1. 1. 1.
 1. 1. 1. 1. 1. 1. 1. 1. 1. 1. 1. 1. 1. 1. 1. 1. 1. 1. 1. 1. 1. 1. 1. 1.
 1. 1. 1. 1. 1. 1. 1. 1. 1. 1. 1. 1. 1. 1. 1. 1. 1. 1. 1. 1. 1. 1. 1. 1.
 1. 1. 1. 1. 1. 1. 1. 1. 1. 1. 1. 1. 1. 1. 1. 1. 1. 1. 1. 1. 1. 1. 1. 1.
 1. 1. 1. 1. 1. 1. 1. 1. 1. 1. 1. 1. 1. 1. 1. 1. 1. 1. 1. 1. 1. 1. 1. 1.
 1. 1. 1. 1. 1. 1. 1. 1. 1. 1. 1. 1. 1. 1. 1. 1. 1. 1. 1. 1. 1. 1. 1. 1.
 1. 1. 1. 1. 1. 1. 1. 1. 1. 1. 1. 1. 1. 1. 1. 1. 1. 1. 1. 1. 1. 1. 1. 1.
 1. 1. 1. 1. 1. 1. 1. 1. 1. 1. 1. 1. 1. 1. 1. 1. 1. 1. 1. 1. 1. 1. 1. 1.
 1. 1. 1. 1. 1. 1. 1. 1. 1. 1. 1. 1. 1. 1. 1. 1. 1. 1. 1. 1. 1. 1. 1. 1.
 1. 1. 1. 1. 1. 1. 1. 1. 1. 1. 1. 1. 1. 1. 1. 1. 1. 1. 1. 1. 1. 1. 1. 1.
 1. 1. 1. 1. 1. 1. 1. 1. 1. 1. 1. 1. 1. 1. 1. 1. 1. 1. 1. 1. 1. 1. 1. 1.
 1. 1. 1. 1. 1. 1. 1. 1. 1. 1. 1. 1. 1. 1. 1. 1. 1. 1. 1. 1. 1. 1. 1. 1.
 1. 1. 1. 1. 1. 1. 1. 1. 1. 1. 1. 1. 1. 1. 1. 1. 1. 1. 1. 1. 1. 1. 1. 1.
 1. 1. 1. 1. 1. 1. 1. 1. 1. 1. 1. 1. 1. 1. 1. 1. 1. 1. 1. 1. 1. 1. 1. 1.
 1. 1. 1. 1. 0.]
段内预测标签 (seg_pred): [ True  True  True  True  True  True  True  True  True  True  True  True
  True  True  True  True  True  True  True  True  True  True  True  True
  True  True  True  True  True  True  True  True  True  True  True  True
  True  True  True  True  True  True  True  True  True  True  True  True
  True  True  True  True  True  True  True  True  True  True  True  True
  True  True  True  True  True  True  True  True  True  True  True  True
  True  True  True  True  True  True  True  True  True  True  True  True
  True  True  True  True  True  True  True  True  True  True  True  True
  True  True  True  True  True  True  True  True  True  True  True  True
  True  True  True  True  True  True  True  True  True  True  True  True
  True  True  True  True  True  True  True  True  True  True  True  True
  True  True  True  True  True  True  True  True  True  True  True  True
  True  True  True  True  True  True  True  True  True  True  True  True
  True  True  True  True  True  True  True  True  True  True  True  True
  True  True  True  True  True  True  True  True  True  True  True  True
  True  True  True  True  True  True  True  True  True  True  True  True
  True  True  True  True  True  True  True  True  True  True  True  True
  True  True  True  True  True  True  True  True  True  True  True  True
  True  True  True  True  True  True  True  True  True  True  True  True
  True  True  True  True  True  True  True  True  True  True  True  True
  True  True  True  True  True  True  True  True  True  True  True  True
  True  True  True  True  True  True  True  True  True  True  True  True
  True  True  True  True  True  True  True  True  True  True  True  True
  True  True  True  True  True  True  True  True  True  True  True  True
  True  True  True  True  True  True  True  True  True  True  True  True
  True  True  True  True  True  True  True  True  True  True  True  True
  True  True  True  True  True  True  True  True  True  True  True  True
  True  True  True  True  True  True  True  True  True  True  True  True
  True  True  True  True  True  True  True  True  True  True  True  True
  True  True  True  True  True  True  True  True  True  True  True  True
  True  True  True  True  True  True  True  True  True  True  True  True
  True  True  True  True  True  True  True  True  True  True  True  True
  True  True  True  True False]
段内真实异常时间点索引 (相对段内): [  0   1   2   3   4   5   6   7   8   9  10  11  12  13  14  15  16  17
  18  19  20  21  22  23  24  25  26  27  28  29  30  31  32  33  34  35
  36  37  38  39  40  41  42  43  44  45  46  47  48  49  50  51  52  53
  54  55  56  57  58  59  60  61  62  63  64  65  66  67  68  69  70  71
  72  73  74  75  76  77  78  79  80  81  82  83  84  85  86  87  88  89
  90  91  92  93  94  95  96  97  98  99 100 101 102 103 104 105 106 107
 108 109 110 111 112 113 114 115 116 117 118 119 120 121 122 123 124 125
 126 127 128 129 130 131 132 133 134 135 136 137 138 139 140 141 142 143
 144 145 146 147 148 149 150 151 152 153 154 155 156 157 158 159 160 161
 162 163 164 165 166 167 168 169 170 171 172 173 174 175 176 177 178 179
 180 181 182 183 184 185 186 187 188 189 190 191 192 193 194 195 196 197
 198 199 200 201 202 203 204 205 206 207 208 209 210 211 212 213 214 215
 216 217 218 219 220 221 222 223 224 225 226 227 228 229 230 231 232 233
 234 235 236 237 238 239 240 241 242 243 244 245 246 247 248 249 250 251
 252 253 254 255 256 257 258 259 260 261 262 263 264 265 266 267 268 269
 270 271 272 273 274 275 276 277 278 279 280 281 282 283 284 285 286 287
 288 289 290 291 292 293 294 295 296 297 298 299 300 301 302 303 304 305
 306 307 308 309 310 311 312 313 314 315 316 317 318 319 320 321 322 323
 324 325 326 327 328 329 330 331 332 333 334 335 336 337 338 339 340 341
 342 343 344 345 346 347 348 349 350 351 352 353 354 355 356 357 358 359
 360 361 362 363 364 365 366 367 368 369 370 371 372 373 374 375 376 377
 378 379 380 381 382 383 384 385 386 387]
段内是否有预测为异常的时间点: True
真实异常维度 (0-based): [0, 1, 2, 3, 4, 5, 6, 8, 9, 10, 11, 12, 13, 15, 16, 18, 19, 20, 21, 22, 23, 24, 25, 27, 30, 31, 34, 35]
段内检测到的异常时间点索引 (相对段内): [  0   1   2   3   4   5   6   7   8   9  10  11  12  13  14  15  16  17
  18  19  20  21  22  23  24  25  26  27  28  29  30  31  32  33  34  35
  36  37  38  39  40  41  42  43  44  45  46  47  48  49  50  51  52  53
  54  55  56  57  58  59  60  61  62  63  64  65  66  67  68  69  70  71
  72  73  74  75  76  77  78  79  80  81  82  83  84  85  86  87  88  89
  90  91  92  93  94  95  96  97  98  99 100 101 102 103 104 105 106 107
 108 109 110 111 112 113 114 115 116 117 118 119 120 121 122 123 124 125
 126 127 128 129 130 131 132 133 134 135 136 137 138 139 140 141 142 143
 144 145 146 147 148 149 150 151 152 153 154 155 156 157 158 159 160 161
 162 163 164 165 166 167 168 169 170 171 172 173 174 175 176 177 178 179
 180 181 182 183 184 185 186 187 188 189 190 191 192 193 194 195 196 197
 198 199 200 201 202 203 204 205 206 207 208 209 210 211 212 213 214 215
 216 217 218 219 220 221 222 223 224 225 226 227 228 229 230 231 232 233
 234 235 236 237 238 239 240 241 242 243 244 245 246 247 248 249 250 251
 252 253 254 255 256 257 258 259 260 261 262 263 264 265 266 267 268 269
 270 271 272 273 274 275 276 277 278 279 280 281 282 283 284 285 286 287
 288 289 290 291 292 293 294 295 296 297 298 299 300 301 302 303 304 305
 306 307 308 309 310 311 312 313 314 315 316 317 318 319 320 321 322 323
 324 325 326 327 328 329 330 331 332 333 334 335 336 337 338 339 340 341
 342 343 344 345 346 347 348 349 350 351 352 353 354 355 356 357 358 359
 360 361 362 363 364 365 366 367 368 369 370 371 372 373 374 375 376 377
 378 379 380 381 382 383 384 385 386 387]
选择的维度数量 (k): 7 (基于真实异常维度数的 100%)
推断的异常维度 (0-based): [7, 10, 16, 17, 26, 28, 32, 36, 37]
真实与推断的交集: [10, 16]
段内指标: TP=2, FP=7, FN=26, TN=3, IPS=0.0714

=== 汇总指标 ===
总 TP: 7, 总 TN: 308, 总 FP: 98, 总 FN: 81
平均 IPS: 0.0478, Precision: 0.0667, Recall: 0.0795, F1: 0.0725
每段IPS与混淆: [{'original_start': 6506, 'original_end': 6528, 'start': 6407, 'end': 6429, 'TP': 0, 'TN': 26, 'FP': 7, 'FN': 5, 'IPS': 0.0, 'k_selected': 7, 'gt_dims_count': 5}, {'original_start': 7907, 'original_end': 7961, 'start': 7808, 'end': 7862, 'TP': 1, 'TN': 26, 'FP': 7, 'FN': 4, 'IPS': 0.2, 'k_selected': 7, 'gt_dims_count': 5}, {'original_start': 9340, 'original_end': 9386, 'start': 9241, 'end': 9287, 'TP': 1, 'TN': 24, 'FP': 7, 'FN': 6, 'IPS': 0.14285714285714285, 'k_selected': 7, 'gt_dims_count': 7}, {'original_start': 9779, 'original_end': 9805, 'start': 9680, 'end': 9706, 'TP': 0, 'TN': 27, 'FP': 8, 'FN': 3, 'IPS': 0.0, 'k_selected': 7, 'gt_dims_count': 3}, {'original_start': 12173, 'original_end': 12181, 'start': 12074, 'end': 12082, 'TP': 0, 'TN': 26, 'FP': 7, 'FN': 5, 'IPS': 0.0, 'k_selected': 7, 'gt_dims_count': 5}, {'original_start': 16136, 'original_end': 16588, 'start': 16037, 'end': 16489, 'TP': 0, 'TN': 25, 'FP': 9, 'FN': 4, 'IPS': 0.0, 'k_selected': 7, 'gt_dims_count': 4}, {'original_start': 17365, 'original_end': 17382, 'start': 17266, 'end': 17283, 'TP': 1, 'TN': 20, 'FP': 7, 'FN': 10, 'IPS': 0.09090909090909091, 'k_selected': 7, 'gt_dims_count': 11}, {'original_start': 17995, 'original_end': 18028, 'start': 17896, 'end': 17929, 'TP': 1, 'TN': 26, 'FP': 7, 'FN': 4, 'IPS': 0.2, 'k_selected': 7, 'gt_dims_count': 5}, {'original_start': 18575, 'original_end': 18650, 'start': 18476, 'end': 18551, 'TP': 0, 'TN': 25, 'FP': 8, 'FN': 5, 'IPS': 0.0, 'k_selected': 7, 'gt_dims_count': 5}, {'original_start': 20020, 'original_end': 20036, 'start': 19921, 'end': 19937, 'TP': 0, 'TN': 27, 'FP': 8, 'FN': 3, 'IPS': 0.0, 'k_selected': 7, 'gt_dims_count': 3}, {'original_start': 20891, 'original_end': 20912, 'start': 20792, 'end': 20813, 'TP': 0, 'TN': 27, 'FP': 9, 'FN': 2, 'IPS': 0.0, 'k_selected': 7, 'gt_dims_count': 2}, {'original_start': 20340, 'original_end': 20352, 'start': 20241, 'end': 20253, 'TP': 1, 'TN': 26, 'FP': 7, 'FN': 4, 'IPS': 0.2, 'k_selected': 7, 'gt_dims_count': 5}, {'original_start': 22907, 'original_end': 23295, 'start': 22808, 'end': 23196, 'TP': 2, 'TN': 3, 'FP': 7, 'FN': 26, 'IPS': 0.07142857142857142, 'k_selected': 7, 'gt_dims_count': 28}]
总和: {'TP': 7, 'TN': 308, 'FP': 98, 'FN': 81, 'IPS': 0.04779067086759395, 'precision': 0.06666666666666667, 'recall': 0.07954545454545454, 'F1': 0.07253886010362694}
test end time:  2025-06-20 13:33:17
test time:  875.1938695907593
==============================result==============================
{'FN': 8.0,
 'FP': 124.0,
 'TN': 22301.0,
 'TP': 1162.0,
 'best-f1': 0.9462490751358522,
 'best_valid_loss': -67.33351599084868,
 'dataset': 'machine-2-1',
 'latency': 12.083232639728003,
 'pot-FN': 0.0,
 'pot-FP': 187.0,
 'pot-TN': 22238.0,
 'pot-TP': 1170.0,
 'pot-f1': 0.925994228626131,
 'pot-latency': 11.230682840901224,
 'pot-precision': 0.8621960142800589,
 'pot-recall': 0.9999999914529916,
 'pot-threshold': -36.69300635482272,
 'precision': 0.903576975866431,
 'pred_time': 0.8161947201874297,
 'pred_total_time': 385.8165657520294,
 'recall': 0.9931623846738258,
 'segment_results': [{'FN': 5,
                      'FP': 7,
                      'IPS': 0.0,
                      'TN': 26,
                      'TP': 0,
                      'end': 6429,
                      'gt_dims_count': 5,
                      'k_selected': 7,
                      'original_end': 6528,
                      'original_start': 6506,
                      'start': 6407},
                     {'FN': 4,
                      'FP': 7,
                      'IPS': 0.2,
                      'TN': 26,
                      'TP': 1,
                      'end': 7862,
                      'gt_dims_count': 5,
                      'k_selected': 7,
                      'original_end': 7961,
                      'original_start': 7907,
                      'start': 7808},
                     {'FN': 6,
                      'FP': 7,
                      'IPS': 0.14285714285714285,
                      'TN': 24,
                      'TP': 1,
                      'end': 9287,
                      'gt_dims_count': 7,
                      'k_selected': 7,
                      'original_end': 9386,
                      'original_start': 9340,
                      'start': 9241},
                     {'FN': 3,
                      'FP': 8,
                      
'IPS': 0.0,
                      'TN': 27,
                      'TP': 0,
                      'end': 9706,
                      'gt_dims_count': 3,
                      'k_selected': 7,
                      'original_end': 9805,
                      'original_start': 9779,
                      'start': 9680},
                     {'FN': 5,
                      'FP': 7,
                      'IPS': 0.0,
                      'TN': 26,
                      'TP': 0,
                      'end': 12082,
                      'gt_dims_count': 5,
                      'k_selected': 7,
                      'original_end': 12181,
                      'original_start': 12173,
                      'start': 12074},
                     {'FN': 4,
                      'FP': 9,
                      'IPS': 0.0,
                      'TN': 25,
                      'TP': 0,
                      'end': 16489,
                      'gt_dims_count': 4,
                      'k_selected': 7,
                      'original_end': 16588,
                      'original_start': 16136,
                      'start': 16037},
                     {'FN': 10,
                      'FP': 7,
                      'IPS': 0.09090909090909091,
                      'TN': 20,
                      'TP': 1,
                      'end': 17283,
                      'gt_dims_count': 11,
                      'k_selected': 7,
                      'original_end': 17382,
                      'original_start': 17365,
                      'start': 17266},
                     {'FN': 4,
                      'FP': 7,
                      'IPS': 0.2,
                      'TN': 26,
                      'TP': 1,
                      'end': 17929,
                      'gt_dims_count': 5,
                      'k_selected': 7,
                      'original_end': 18028,
                      'original_start': 17995,
                      'start': 17896},
                     {'FN': 5,
                      'FP': 8,
                      'IPS': 0.0,
                      'TN': 25,
                      'TP': 0,
                      'end': 18551,
                      'gt_dims_count': 5,
                      'k_selected': 7,
                      'original_end': 18650,
                      'original_start': 18575,
                      'start': 18476},
                     {'FN': 3,
                      'FP': 8,
                      'IPS': 0.0,
                      'TN': 27,
                      'TP': 0,
                      'end': 19937,
                      'gt_dims_count': 3,
                      'k_selected': 7,
                      'original_end': 20036,
                      'original_start': 20020,
                      'start': 19921},
                     {'FN': 2,
                      'FP': 9,
                      'IPS': 0.0,
                      'TN': 27,
                      'TP': 0,
                      'end': 20813,
                      'gt_dims_count': 2,
                      'k_selected': 7,
                      'original_end': 20912,
                      'original_start': 20891,
                      'start': 20792},
                     {'FN': 4,
                      'FP': 7,
                      'IPS': 0.2,
                      'TN': 26,
                      'TP': 1,
                      'end': 20253,
                      'gt_dims_count': 5,
                      'k_selected': 7,
                      'original_end': 20352,
                      'original_start': 20340,
                      'start': 20241},
                     {'FN': 26,
                      'FP': 7,
                      'IPS': 0.07142857142857142,
                      'TN': 3,
                      'TP': 2,
                      'end': 23196,
                      'gt_dims_count': 28,
                      'k_selected': 7,
                      'original_end': 23295,
                      'original_start': 22907,
                      'start': 22808}],
 'segment_summary': {'F1': 0.07253886010362694,
                     'FN': 81,
                     'FP': 98,
                     'IPS': 0.04779067086759395,
                     'TN': 308,
                     'TP': 7,
                     'precision': 0.06666666666666667,
                     'recall': 0.07954545454545454},
 'threshold': -68.0,
 'train_time': 1079.6191154956819,
 'valid_time': 1.0532321953710089}
