2025-06-20 23:56:29.388249: I tensorflow/core/platform/cpu_feature_guard.cc:141] Your CPU supports instructions that this TensorFlow binary was not compiled to use: AVX2 AVX512F FMA
Configurations
===========================================
{'batch_size': 50,
 'bf_search_max': 400.0,
 'bf_search_min': -400.0,
 'bf_search_step_size': 1.0,
 'dataset': 'machine-2-8',
 'dense_dim': 500,
 'early_stop': True,
 'get_score_on_dim': True,
 'gradient_clip_norm': 10.0,
 'initial_lr': 0.001,
 'l2_reg': 0.0001,
 'level': 0.0075,
 'lr_anneal_epoch_freq': 40,
 'lr_anneal_factor': 0.5,
 'lr_anneal_step_freq': None,
 'max_epoch': 10,
 'max_test_size': None,
 'max_train_size': None,
 'nf_layers': 20,
 'percentage_Dimension': 20.0,
 'posterior_flow_type': 'nf',
 'restore_dir': None,
 'result_dir': 'result',
 'rnn_cell': 'GRU',
 'rnn_num_hidden': 500,
 'save_dir': 'model',
 'save_z': False,
 'std_epsilon': 0.0001,
 'test_batch_size': 50,
 'test_n_z': 1,
 'test_score_filename': 'test_score.pkl',
 'test_start': 0,
 'train_score_filename': 'train_score.pkl',
 'train_start': 0,
 'use_connected_z_p': True,
 'use_connected_z_q': True,
 'valid_step_freq': 100,
 'window_length': 100,
 'x_dim': 38,
 'z_dim': 3}

train start time:  2025-06-20 23:56:06
load data of: machine-2-8
train:  0 None
test:  0 None
Data normalized
Data normalized
train set shape:  (23702, 38)
test set shape:  (23703, 38)
test set label shape:  (23703,)
Trainable Parameters                                            (2,607,740 in total)
------------------------------------------------------------------------------------
model/q_z_given_x/rnn_q_z/rnn/gru_cell/gates/kernel             (538, 1000)  538,000
model/q_z_given_x/rnn_q_z/rnn/gru_cell/gates/bias               (1000,)        1,000
model/q_z_given_x/rnn_q_z/rnn/gru_cell/candidate/kernel         (538, 500)   269,000
model/q_z_given_x/rnn_q_z/rnn/gru_cell/candidate/bias           (500,)           500
model/q_z_given_x/rnn_q_z/dense/kernel                          (500, 500)   250,000
model/q_z_given_x/rnn_q_z/dense/bias                            (500,)           500
model/q_z_given_x/rnn_q_z/dense_1/kernel                        (500, 500)   250,000
model/q_z_given_x/rnn_q_z/dense_1/bias                          (500,)           500
model/vae/variational/z_mean/kernel                             (503, 3)       1,509
model/vae/variational/z_mean/bias                               (3,)               3
model/vae/variational/z_std/kernel                              (503, 3)       1,509
model/vae/variational/z_std/bias                                (3,)               3
model/posterior_flow/_0/w                                       (1, 3)             3
model/posterior_flow/_0/b                                       (1,)               1
model/posterior_flow/_0/u                                       (1, 3)             3
model/posterior_flow/_1/w                                       (1, 3)             3
model/posterior_flow/_1/b                                       (1,)               1
model/posterior_flow/_1/u                                       (1, 3)             3
model/posterior_flow/_2/w                                       (1, 3)             3
model/posterior_flow/_2/b                                       (1,)               1
model/posterior_flow/_2/u                                       (1, 3)             3
model/posterior_flow/_3/w                                       (1, 3)             3
model/posterior_flow/_3/b                                       (1,)               1
model/posterior_flow/_3/u                                       (1, 3)             3
model/posterior_flow/_4/w                                       (1, 3)             3
model/posterior_flow/_4/b                                       (1,)               1
model/posterior_flow/_4/u                                       (1, 3)             3
model/posterior_flow/_5/w                                       (1, 3)             3
model/posterior_flow/_5/b                                       (1,)               1
model/posterior_flow/_5/u                                       (1, 3)             3
model/posterior_flow/_6/w                                       (1, 3)             3
model/posterior_flow/_6/b                                       (1,)               1
model/posterior_flow/_6/u                                       (1, 3)             3
model/posterior_flow/_7/w                                       (1, 3)             3
model/posterior_flow/_7/b                                       (1,)               1
model/posterior_flow/_7/u                                       (1, 3)             3
model/posterior_flow/_8/w                                       (1, 3)             3
model/posterior_flow/_8/b                                       (1,)               1
model/posterior_flow/_8/u                                       (1, 3)             3
model/posterior_flow/_9/w                                       (1, 3)             3
model/posterior_flow/_9/b                                       (1,)               1
model/posterior_flow/_9/u                                       (1, 3)             3
model/posterior_flow/_10/w                                      (1, 3)             3
model/posterior_flow/_10/b                                      (1,)               1
model/posterior_flow/_10/u                                      (1, 3)             3
model/posterior_flow/_11/w                                      (1, 3)             3
model/posterior_flow/_11/b                                      (1,)               1
model/posterior_flow/_11/u                                      (1, 3)             3
model/posterior_flow/_12/w                                      (1, 3)             3
model/posterior_flow/_12/b                                      (1,)               1
model/posterior_flow/_12/u                                      (1, 3)             3
model/posterior_flow/_13/w                                      (1, 3)             3
model/posterior_flow/_13/b                                      (1,)               1
model/posterior_flow/_13/u                                      (1, 3)             3
model/posterior_flow/_14/w                                      (1, 3)             3
model/posterior_flow/_14/b                                      (1,)               1
model/posterior_flow/_14/u                                      (1, 3)             3
model/posterior_flow/_15/w                                      (1, 3)             3
model/posterior_flow/_15/b                                      (1,)               1
model/posterior_flow/_15/u                                      (1, 3)             3
model/posterior_flow/_16/w                                      (1, 3)             3
model/posterior_flow/_16/b                                      (1,)               1
model/posterior_flow/_16/u                                      (1, 3)             3
model/posterior_flow/_17/w                                      (1, 3)             3
model/posterior_flow/_17/b                                      (1,)               1
model/posterior_flow/_17/u                                      (1, 3)             3
model/posterior_flow/_18/w                                      (1, 3)             3
model/posterior_flow/_18/b                                      (1,)               1
model/posterior_flow/_18/u                                      (1, 3)             3
model/posterior_flow/_19/w                                      (1, 3)             3
model/posterior_flow/_19/b                                      (1,)               1
model/posterior_flow/_19/u                                      (1, 3)             3
model/p_x_given_z/hidden/rnn_p_x/rnn/gru_cell/gates/kernel      (503, 1000)  503,000
model/p_x_given_z/hidden/rnn_p_x/rnn/gru_cell/gates/bias        (1000,)        1,000
model/p_x_given_z/hidden/rnn_p_x/rnn/gru_cell/candidate/kernel  (503, 500)   251,500
model/p_x_given_z/hidden/rnn_p_x/rnn/gru_cell/candidate/bias    (500,)           500
model/p_x_given_z/hidden/rnn_p_x/dense/kernel                   (500, 500)   250,000
model/p_x_given_z/hidden/rnn_p_x/dense/bias                     (500,)           500
model/p_x_given_z/hidden/rnn_p_x/dense_1/kernel                 (500, 500)   250,000
model/p_x_given_z/hidden/rnn_p_x/dense_1/bias                   (500,)           500
model/p_x_given_z/x_mean/kernel                                 (500, 38)     19,000
model/p_x_given_z/x_mean/bias                                   (38,)             38
model/p_x_given_z/x_std/kernel                                  (500, 38)     19,000
model/p_x_given_z/x_std/bias                                    (38,)             38/home/hz/anaconda3/envs/py36/lib/python3.6/site-packages/tensorflow/python/framework/dtypes.py:523: FutureWarning: Passing (type, 1) or '1type' as a synonym of type is deprecated; in a future version of numpy, it will be understood as (type, (1,)) / '(1,)type'.
  _np_qint8 = np.dtype([("qint8", np.int8, 1)])
/home/hz/anaconda3/envs/py36/lib/python3.6/site-packages/tensorflow/python/framework/dtypes.py:524: FutureWarning: Passing (type, 1) or '1type' as a synonym of type is deprecated; in a future version of numpy, it will be understood as (type, (1,)) / '(1,)type'.
  _np_quint8 = np.dtype([("quint8", np.uint8, 1)])
/home/hz/anaconda3/envs/py36/lib/python3.6/site-packages/tensorflow/python/framework/dtypes.py:525: FutureWarning: Passing (type, 1) or '1type' as a synonym of type is deprecated; in a future version of numpy, it will be understood as (type, (1,)) / '(1,)type'.
  _np_qint16 = np.dtype([("qint16", np.int16, 1)])
/home/hz/anaconda3/envs/py36/lib/python3.6/site-packages/tensorflow/python/framework/dtypes.py:526: FutureWarning: Passing (type, 1) or '1type' as a synonym of type is deprecated; in a future version of numpy, it will be understood as (type, (1,)) / '(1,)type'.
  _np_quint16 = np.dtype([("quint16", np.uint16, 1)])
/home/hz/anaconda3/envs/py36/lib/python3.6/site-packages/tensorflow/python/framework/dtypes.py:527: FutureWarning: Passing (type, 1) or '1type' as a synonym of type is deprecated; in a future version of numpy, it will be understood as (type, (1,)) / '(1,)type'.
  _np_qint32 = np.dtype([("qint32", np.int32, 1)])
/home/hz/anaconda3/envs/py36/lib/python3.6/site-packages/tensorflow/python/framework/dtypes.py:532: FutureWarning: Passing (type, 1) or '1type' as a synonym of type is deprecated; in a future version of numpy, it will be understood as (type, (1,)) / '(1,)type'.
  np_resource = np.dtype([("resource", np.ubyte, 1)])
/home/hz/anaconda3/envs/py36/lib/python3.6/site-packages/tfsnippet/utils/tfver.py:22: DeprecationWarning: Function 'semver.compare' is deprecated. Deprecated since version 2.10.0.  This function will be removed in semver 3. Use the respective 'semver.VersionInfo.compare' instead.
  compare_result = semver.compare(version, tf.__version__)
/home/hz/anaconda3/envs/py36/lib/python3.6/site-packages/tfsnippet/utils/tfver.py:22: DeprecationWarning: Function 'semver.compare' is deprecated. Deprecated since version 2.10.0.  This function will be removed in semver 3. Use the respective 'semver.VersionInfo.compare' instead.
  compare_result = semver.compare(version, tf.__version__)
INFO:tensorflow:Restoring parameters from /tmp/tmp4xkqq2uf/variables.dat-3000
2025-06-21 01:22:19,221 [INFO] tensorflow: Restoring parameters from /tmp/tmp4xkqq2uf/variables.dat-3000


train_values: (16592, 38)
[Epoch 1/10, Step 100] step time: 1.756s (±6.495s); train time: 1m 53.86s; valid time: 1m 1.798s; loss: -13.3289 (±69.4895); valid loss: -24.7526 (*)
[Epoch 1/10, Step 200] step time: 1.228s (±5.676s); train time: 1m 5.81s; valid time: 57.06s; loss: -36.2106 (±4.9546); valid loss: -34.2502 (*)
[Epoch 1/10, Step 300] step time: 1.521s (±7.596s); train time: 1m 15.62s; valid time: 1m 16.49s; loss: -41.9354 (±3.96382); valid loss: -33.0986
train_values: (16592, 38)
[Epoch 2/10, Step 400, ETA 1h 14m 34.92s] step time: 1.686s (±7.68s); train time: 1m 5.146s; valid time: 1m 17.17s; loss: -41.9456 (±6.87297); valid loss: -35.0856 (*)
[Epoch 2/10, Step 500, ETA 1h 12m 52.34s] step time: 1.641s (±7.244s); train time: 1m 31.51s; valid time: 1m 12.69s; loss: -44.9043 (±5.04481); valid loss: -32.9535
[Epoch 2/10, Step 600, ETA 1h 11m 7.656s] step time: 1.683s (±7.759s); train time: 1m 30.5s; valid time: 1m 17.82s; loss: -43.4091 (±5.35016); valid loss: -39.1187 (*)
train_values: (16592, 38)
[Epoch 3/10, Step 700, ETA 1h 9m 3.596s] step time: 1.679s (±7.703s); train time: 37.24s; valid time: 1m 17.47s; loss: -46.4654 (±4.08391); valid loss: -42.7502 (*)
[Epoch 3/10, Step 800, ETA 1h 6m 40.43s] step time: 1.653s (±7.492s); train time: 1m 30.14s; valid time: 1m 15.25s; loss: -48.2164 (±4.05937); valid loss: -42.025
[Epoch 3/10, Step 900, ETA 1h 4m 8.564s] step time: 1.639s (±7.421s); train time: 1m 29.48s; valid time: 1m 14.47s; loss: -47.7403 (±5.36385); valid loss: -41.0742
train_values: (16592, 38)
[Epoch 4/10, Step 1000, ETA 1h 1m 32.51s] step time: 1.631s (±7.285s); train time: 11.68s; valid time: 1m 13.08s; loss: -48.4605 (±4.59081); valid loss: -35.9129
[Epoch 4/10, Step 1100, ETA 58m 58.68s] step time: 1.649s (±7.531s); train time: 1m 29.44s; valid time: 1m 15.52s; loss: -46.9833 (±7.73999); valid loss: -40.4299
[Epoch 4/10, Step 1200, ETA 56m 1.277s] step time: 1.524s (±6.253s); train time: 1m 29.55s; valid time: 1m 2.949s; loss: -48.9327 (±7.56229); valid loss: -36.7652
[Epoch 4/10, Step 1300, ETA 52m 16.02s] step time: 1.187s (±5.46s); train time: 1m 3.847s; valid time: 54.89s; loss: -50.7002 (±4.50389); valid loss: -26.2517
train_values: (16592, 38)
[Epoch 5/10, Step 1400, ETA 49m 9.942s] step time: 1.364s (±7.052s); train time: 54.72s; valid time: 1m 10.91s; loss: -49.9709 (±7.10254); valid loss: -45.9164 (*)
[Epoch 5/10, Step 1500, ETA 46m 43.04s] step time: 1.637s (±7.337s); train time: 1m 30.18s; valid time: 1m 13.59s; loss: -51.3517 (±4.20776); valid loss: -44.2079
[Epoch 5/10, Step 1600, ETA 44m 13.34s] step time: 1.63s (±7.337s); train time: 1m 29.09s; valid time: 1m 14.03s; loss: -52.0959 (±5.83887); valid loss: -43.2682
train_values: (16592, 38)
[Epoch 6/10, Step 1700, ETA 41m 41.2s] step time: 1.621s (±7.41s); train time: 47.98s; valid time: 1m 14.43s; loss: -51.5591 (±6.4401); valid loss: -46.3802 (*)
[Epoch 6/10, Step 1800, ETA 39m 9.384s] step time: 1.639s (±7.48s); train time: 1m 28.81s; valid time: 1m 15.13s; loss: -52.0827 (±3.87639); valid loss: -37.4449
[Epoch 6/10, Step 1900, ETA 36m 37.1s] step time: 1.65s (±7.642s); train time: 1m 28.32s; valid time: 1m 16.73s; loss: -53.6907 (±7.29354); valid loss: -47.2171 (*)
train_values: (16592, 38)
[Epoch 7/10, Step 2000, ETA 34m 4.723s] step time: 1.667s (±7.589s); train time: 23.38s; valid time: 1m 16.13s; loss: -52.8062 (±7.31247); valid loss: -49.4561 (*)
[Epoch 7/10, Step 2100, ETA 31m 29.57s] step time: 1.644s (±7.301s); train time: 1m 31.08s; valid time: 1m 13.35s; loss: -53.6871 (±5.20259); valid loss: -47.4126
[Epoch 7/10, Step 2200, ETA 28m 54.17s] step time: 1.656s (±7.666s); train time: 1m 28.29s; valid time: 1m 17.34s; loss: -56.0616 (±4.67388); valid loss: -50.5555 (*)
[Epoch 7/10, Step 2300, ETA 26m 17.27s] step time: 1.641s (±7.514s); train time: 1m 28.85s; valid time: 1m 15.34s; loss: -55.5742 (±3.78424); valid loss: -46.9961
train_values: (16592, 38)
[Epoch 8/10, Step 2400, ETA 23m 27.39s] step time: 1.308s (±5.436s); train time: 1m 13.8s; valid time: 54.72s; loss: -55.8435 (±5.68624); valid loss: -47.7709
[Epoch 8/10, Step 2500, ETA 20m 37.07s] step time: 1.195s (±5.543s); train time: 1m 3.837s; valid time: 55.71s; loss: -56.1319 (±4.64987); valid loss: -52.4193 (*)
[Epoch 8/10, Step 2600, ETA 18m 0.7446s] step time: 1.575s (±7.642s); train time: 1m 20.93s; valid time: 1m 16.67s; loss: -59.9277 (±3.37435); valid loss: -54.0839 (*)
train_values: (16592, 38)
[Epoch 9/10, Step 2700, ETA 15m 26.16s] step time: 1.659s (±7.559s); train time: 1m 1.044s; valid time: 1m 15.9s; loss: -59.4536 (±4.12922); valid loss: -54.1441 (*)
[Epoch 9/10, Step 2800, ETA 12m 50.82s] step time: 1.663s (±7.455s); train time: 1m 31.45s; valid time: 1m 14.88s; loss: -58.4032 (±7.10865); valid loss: -49.8433
[Epoch 9/10, Step 2900, ETA 10m 14.46s] step time: 1.643s (±7.451s); train time: 1m 29.65s; valid time: 1m 14.75s; loss: -57.906 (±11.0865); valid loss: -45.2767
train_values: (16592, 38)
[Epoch 10/10, Step 3000, ETA 7m 37.83s] step time: 1.67s (±7.673s); train time: 35.03s; valid time: 1m 16.96s; loss: -57.6621 (±4.34007); valid loss: -55.3067 (*)
[Epoch 10/10, Step 3100, ETA 5m 0.3784s] step time: 1.646s (±7.32s); train time: 1m 30.8s; valid time: 1m 13.89s; loss: -57.648 (±6.02979); valid loss: -48.9168
[Epoch 10/10, Step 3200, ETA 2m 22.46s] step time: 1.644s (±7.338s); train time: 1m 30.74s; valid time: 1m 13.76s; loss: -58.6732 (±4.82452); valid loss: -37.5599
train end time:  2025-06-21 01:22:19
train time:  5172.701109886169
test start time:  2025-06-21 01:22:19
------------------------------ testing ------------------------------
test_score shape:  (23604, 38)
test_z shape:  (23604, 100, 6)
search range:  -400.0 400.0
cur thr:  -399.0 [0.9999949379132026, 0.9999999378882026, 0.9999999378882026, 161.0, 23443.0, 0.0, 0.0, 4.999500049995] [0.9999949379132026, 0.9999999378882026, 0.9999999378882026, 161.0, 23443.0, 0.0, 0.0, 4.999500049995] -399.0
cur thr:  -349.0 [0.9999949379132026, 0.9999999378882026, 0.9999999378882026, 161.0, 23443.0, 0.0, 0.0, 4.999500049995] [0.9999949379132026, 0.9999999378882026, 0.9999999378882026, 161.0, 23443.0, 0.0, 0.0, 4.999500049995] -399.0
cur thr:  -299.0 [0.9968989631130046, 0.9938270991464754, 0.9999999378882026, 161.0, 23442.0, 1.0, 0.0, 4.999500049995] [0.9999949379132026, 0.9999999378882026, 0.9999999378882026, 161.0, 23443.0, 0.0, 0.0, 4.999500049995] -399.0
cur thr:  -249.0 [0.7576423168734991, 0.6098484617481644, 0.9999999378882026, 161.0, 23340.0, 103.0, 0.0, 4.999500049995] [0.9999949379132026, 0.9999999378882026, 0.9999999378882026, 161.0, 23443.0, 0.0, 0.0, 4.999500049995] -399.0
cur thr:  -199.0 [0.5476150522639894, 0.3770491714976775, 0.9999999378882026, 161.0, 23177.0, 266.0, 0.0, 4.999500049995] [0.9999949379132026, 0.9999999378882026, 0.9999999378882026, 161.0, 23443.0, 0.0, 0.0, 4.999500049995] -399.0
cur thr:  -149.0 [0.15948342427345644, 0.0866523138500952, 0.9999999378882026, 161.0, 21746.0, 1697.0, 0.0, 4.999500049995] [0.9999949379132026, 0.9999999378882026, 0.9999999378882026, 161.0, 23443.0, 0.0, 0.0, 4.999500049995] -399.0
cur thr:  -99.0 [0.041698633298648494, 0.021293479670290334, 0.9999999378882026, 161.0, 16043.0, 7400.0, 0.0, 4.999500049995] [0.9999949379132026, 0.9999999378882026, 0.9999999378882026, 161.0, 23443.0, 0.0, 0.0, 4.999500049995] -399.0
cur thr:  -49.0 [0.016462846066141578, 0.00829982471991967, 0.9999999378882026, 161.0, 4206.0, 19237.0, 0.0, 0.0] [0.9999949379132026, 0.9999999378882026, 0.9999999378882026, 161.0, 23443.0, 0.0, 0.0, 4.999500049995] -399.0
cur thr:  1.0 [0.01354920267515323, 0.006820877814429386, 0.9999999378882026, 161.0, 0.0, 23443.0, 0.0, 0.0] [0.9999949379132026, 0.9999999378882026, 0.9999999378882026, 161.0, 23443.0, 0.0, 0.0, 4.999500049995] -399.0
cur thr:  51.0 [0.01354920267515323, 0.006820877814429386, 0.9999999378882026, 161.0, 0.0, 23443.0, 0.0, 0.0] [0.9999949379132026, 0.9999999378882026, 0.9999999378882026, 161.0, 23443.0, 0.0, 0.0, 4.999500049995] -399.0
cur thr:  101.0 [0.01354920267515323, 0.006820877814429386, 0.9999999378882026, 161.0, 0.0, 23443.0, 0.0, 0.0] [0.9999949379132026, 0.9999999378882026, 0.9999999378882026, 161.0, 23443.0, 0.0, 0.0, 4.999500049995]  0%|          | 0/23604 [00:00<?, ?it/s]100%|██████████| 23604/23604 [00:00<00:00, 1360613.93it/s]
 -399.0
cur thr:  151.0 [0.01354920267515323, 0.006820877814429386, 0.9999999378882026, 161.0, 0.0, 23443.0, 0.0, 0.0] [0.9999949379132026, 0.9999999378882026, 0.9999999378882026, 161.0, 23443.0, 0.0, 0.0, 4.999500049995] -399.0
cur thr:  201.0 [0.01354920267515323, 0.006820877814429386, 0.9999999378882026, 161.0, 0.0, 23443.0, 0.0, 0.0] [0.9999949379132026, 0.9999999378882026, 0.9999999378882026, 161.0, 23443.0, 0.0, 0.0, 4.999500049995] -399.0
cur thr:  251.0 [0.01354920267515323, 0.006820877814429386, 0.9999999378882026, 161.0, 0.0, 23443.0, 0.0, 0.0] [0.9999949379132026, 0.9999999378882026, 0.9999999378882026, 161.0, 23443.0, 0.0, 0.0, 4.999500049995] -399.0
cur thr:  301.0 [0.01354920267515323, 0.006820877814429386, 0.9999999378882026, 161.0, 0.0, 23443.0, 0.0, 0.0] [0.9999949379132026, 0.9999999378882026, 0.9999999378882026, 161.0, 23443.0, 0.0, 0.0, 4.999500049995] -399.0
cur thr:  351.0 [0.01354920267515323, 0.006820877814429386, 0.9999999378882026, 161.0, 0.0, 23443.0, 0.0, 0.0] [0.9999949379132026, 0.9999999378882026, 0.9999999378882026, 161.0, 23443.0, 0.0, 0.0, 4.999500049995] -399.0
[0.9999949379132026, 0.9999999378882026, 0.9999999378882026, 161.0, 23443.0, 0.0, 0.0, 4.999500049995] -399.0
label_file: ServerMachineDataset/interpretation_label/machine-2-8.txt
Initial threshold : 62.718224
Number of peaks : 177
Grimshaw maximum log-likelihood estimation ... [done]
	γ = 0
	σ = 130.67537
	L = 1039.470758621648
Extreme quantile (probability = 0.001): 325.9998095896162
16734
23604
POT result:  (0.019037295157916297, 0.00961021905950563, 0.9999999378882026, 161.0, 6851.0, 16592.0, 0.0) -62.718216 0.0

=== 全局调试信息 ===
y_true shape: (23604,), unique values: [0. 1.]
y_pred shape: (23604,), unique values: [False  True]
feature_scores shape: (23604, 38)
interpretation_segments 数量: 1


=== 处理第 1/1 段 ===
原始段范围: orig_start=17580, orig_end=17741
调整后段范围: start=17481, end=17642
段内真实标签 (seg_true): [1. 1. 1. 1. 1. 1. 1. 1. 1. 1. 1. 1. 1. 1. 1. 1. 1. 1. 1. 1. 1. 1. 1. 1.
 1. 1. 1. 1. 1. 1. 1. 1. 1. 1. 1. 1. 1. 1. 1. 1. 1. 1. 1. 1. 1. 1. 1. 1.
 1. 1. 1. 1. 1. 1. 1. 1. 1. 1. 1. 1. 1. 1. 1. 1. 1. 1. 1. 1. 1. 1. 1. 1.
 1. 1. 1. 1. 1. 1. 1. 1. 1. 1. 1. 1. 1. 1. 1. 1. 1. 1. 1. 1. 1. 1. 1. 1.
 1. 1. 1. 1. 1. 1. 1. 1. 1. 1. 1. 1. 1. 1. 1. 1. 1. 1. 1. 1. 1. 1. 1. 1.
 1. 1. 1. 1. 1. 1. 1. 1. 1. 1. 1. 1. 1. 1. 1. 1. 1. 1. 1. 1. 1. 1. 1. 1.
 1. 1. 1. 1. 1. 1. 1. 1. 1. 1. 1. 1. 1. 1. 1. 1. 1. 0.]
段内预测标签 (seg_pred): [ True  True  True  True  True  True  True  True  True  True  True  True
  True  True  True  True  True  True  True  True  True  True  True  True
  True  True  True  True  True  True  True  True  True  True  True  True
  True  True  True  True  True  True  True  True  True  True  True  True
  True  True  True  True  True  True  True  True  True  True  True  True
  True  True  True  True  True  True  True  True  True  True  True  True
  True  True  True  True  True  True  True  True  True  True  True  True
  True  True  True  True  True  True  True  True  True  True  True  True
  True  True  True  True  True  True  True  True  True  True  True  True
  True  True  True  True  True  True  True  True  True  True  True  True
  True  True  True  True  True  True  True  True  True  True  True  True
  True  True  True  True  True  True  True  True  True  True  True  True
  True  True  True  True  True  True  True  True  True  True  True  True
  True  True  True  True  True  True]
段内真实异常时间点索引 (相对段内): [  0   1   2   3   4   5   6   7   8   9  10  11  12  13  14  15  16  17
  18  19  20  21  22  23  24  25  26  27  28  29  30  31  32  33  34  35
  36  37  38  39  40  41  42  43  44  45  46  47  48  49  50  51  52  53
  54  55  56  57  58  59  60  61  62  63  64  65  66  67  68  69  70  71
  72  73  74  75  76  77  78  79  80  81  82  83  84  85  86  87  88  89
  90  91  92  93  94  95  96  97  98  99 100 101 102 103 104 105 106 107
 108 109 110 111 112 113 114 115 116 117 118 119 120 121 122 123 124 125
 126 127 128 129 130 131 132 133 134 135 136 137 138 139 140 141 142 143
 144 145 146 147 148 149 150 151 152 153 154 155 156 157 158 159 160]
段内是否有预测为异常的时间点: True
真实异常维度 (0-based): [0, 1, 2, 3, 4, 5, 6, 8, 9, 10, 11, 12, 13, 14, 15, 16, 17, 18, 19, 20, 21, 22, 23, 24, 25, 27, 28, 29, 30, 31, 32, 33, 34, 35]
段内检测到的异常时间点索引 (相对段内): [  0   1   2   3   4   5   6   7   8   9  10  11  12  13  14  15  16  17
  18  19  20  21  22  23  24  25  26  27  28  29  30  31  32  33  34  35
  36  37  38  39  40  41  42  43  44  45  46  47  48  49  50  51  52  53
  54  55  56  57  58  59  60  61  62  63  64  65  66  67  68  69  70  71
  72  73  74  75  76  77  78  79  80  81  82  83  84  85  86  87  88  89
  90  91  92  93  94  95  96  97  98  99 100 101 102 103 104 105 106 107
 108 109 110 111 112 113 114 115 116 117 118 119 120 121 122 123 124 125
 126 127 128 129 130 131 132 133 134 135 136 137 138 139 140 141 142 143
 144 145 146 147 148 149 150 151 152 153 154 155 156 157 158 159 160 161]
选择的维度数量 (k): 7 (基于真实异常维度数的 100%)
推断的异常维度 (0-based): [3, 5, 6, 7, 9, 10, 13, 15, 16, 17, 18, 20, 21, 22, 23, 24, 25, 26, 27, 28, 29, 30, 31, 32, 33, 34, 35, 36, 37]
真实与推断的交集: [3, 5, 6, 9, 10, 13, 15, 16, 17, 18, 20, 21, 22, 23, 24, 25, 27, 28, 29, 30, 31, 32, 33, 34, 35]
段内指标: TP=25, FP=4, FN=9, TN=0, IPS=0.7353

=== 汇总指标 ===
总 TP: 25, 总 TN: 0, 总 FP: 4, 总 FN: 9
平均 IPS: 0.7353, Precision: 0.8621, Recall: 0.7353, F1: 0.7937
每段IPS与混淆: [{'original_start': 17580, 'original_end': 17741, 'start': 17481, 'end': 17642, 'TP': 25, 'TN': 0, 'FP': 4, 'FN': 9, 'IPS': 0.7352941176470589, 'k_selected': 7, 'gt_dims_count': 34}]
总和: {'TP': 25, 'TN': 0, 'FP': 4, 'FN': 9, 'IPS': 0.7352941176470589, 'precision': 0.8620689655172413, 'recall': 0.7352941176470589, 'F1': 0.7936507936507937}
test end time:  2025-06-21 01:29:50
test time:  450.6935296058655
==============================result==============================
{'FN': 0.0,
 'FP': 0.0,
 'TN': 23443.0,
 'TP': 161.0,
 'best-f1': 0.9999949379132026,
 'best_valid_loss': -55.30674029348785,
 'dataset': 'machine-2-8',
 'latency': 4.999500049995,
 'pot-FN': 0.0,
 'pot-FP': 16592.0,
 'pot-TN': 6851.0,
 'pot-TP': 161.0,
 'pot-f1': 0.019037295157916297,
 'pot-latency': 0.0,
 'pot-precision': 0.00961021905950563,
 'pot-recall': 0.9999999378882026,
 'pot-threshold': -62.718216,
 'precision': 0.9999999378882026,
 'pred_time': 0.3874619727910951,
 'pred_total_time': 183.55951690673828,
 'recall': 0.9999999378882026,
 'segment_results': [{'FN': 9,
                      'FP': 4,
                      'IPS': 0.7352941176470589,
                      'TN': 0,
                      'TP': 25,
                      'end': 17642,
                      'gt_dims_count': 34,
                      'k_selected': 7,
                      'original_end': 17741,
                      'original_start': 17580,
                      'start': 17481}],
 'segment_summary': {'F1': 0.7936507936507937,
                     'FN': 9,
                     'FP': 4,
                     'IPS': 0.7352941176470589,
                     'TN': 0,
                     'TP': 25,
                     'precision': 0.8620689655172413,
                     'recall': 0.7352941176470589},
 'threshold': -399.0,
 'train_time': 515.0232680082321,
 'valid_time': 0.5026292906056905}
