2025-06-21 01:30:14.840374: I tensorflow/core/platform/cpu_feature_guard.cc:141] Your CPU supports instructions that this TensorFlow binary was not compiled to use: AVX2 AVX512F FMA
Configurations
===========================================
{'batch_size': 50,
 'bf_search_max': 400.0,
 'bf_search_min': -400.0,
 'bf_search_step_size': 1.0,
 'dataset': 'machine-3-3',
 'dense_dim': 500,
 'early_stop': True,
 'get_score_on_dim': True,
 'gradient_clip_norm': 10.0,
 'initial_lr': 0.001,
 'l2_reg': 0.0001,
 'level': 0.0075,
 'lr_anneal_epoch_freq': 40,
 'lr_anneal_factor': 0.5,
 'lr_anneal_step_freq': None,
 'max_epoch': 10,
 'max_test_size': None,
 'max_train_size': None,
 'nf_layers': 20,
 'percentage_Dimension': 20.0,
 'posterior_flow_type': 'nf',
 'restore_dir': None,
 'result_dir': 'result',
 'rnn_cell': 'GRU',
 'rnn_num_hidden': 500,
 'save_dir': 'model',
 'save_z': False,
 'std_epsilon': 0.0001,
 'test_batch_size': 50,
 'test_n_z': 1,
 'test_score_filename': 'test_score.pkl',
 'test_start': 0,
 'train_score_filename': 'train_score.pkl',
 'train_start': 0,
 'use_connected_z_p': True,
 'use_connected_z_q': True,
 'valid_step_freq': 100,
 'window_length': 100,
 'x_dim': 38,
 'z_dim': 3}

train start time:  2025-06-21 01:30:00
load data of: machine-3-3
train:  0 None
test:  0 None
Data normalized
Data normalized
train set shape:  (23703, 38)
test set shape:  (23703, 38)
test set label shape:  (23703,)
Trainable Parameters                                            (2,607,740 in total)
------------------------------------------------------------------------------------
model/q_z_given_x/rnn_q_z/rnn/gru_cell/gates/kernel             (538, 1000)  538,000
model/q_z_given_x/rnn_q_z/rnn/gru_cell/gates/bias               (1000,)        1,000
model/q_z_given_x/rnn_q_z/rnn/gru_cell/candidate/kernel         (538, 500)   269,000
model/q_z_given_x/rnn_q_z/rnn/gru_cell/candidate/bias           (500,)           500
model/q_z_given_x/rnn_q_z/dense/kernel                          (500, 500)   250,000
model/q_z_given_x/rnn_q_z/dense/bias                            (500,)           500
model/q_z_given_x/rnn_q_z/dense_1/kernel                        (500, 500)   250,000
model/q_z_given_x/rnn_q_z/dense_1/bias                          (500,)           500
model/vae/variational/z_mean/kernel                             (503, 3)       1,509
model/vae/variational/z_mean/bias                               (3,)               3
model/vae/variational/z_std/kernel                              (503, 3)       1,509
model/vae/variational/z_std/bias                                (3,)               3
model/posterior_flow/_0/w                                       (1, 3)             3
model/posterior_flow/_0/b                                       (1,)               1
model/posterior_flow/_0/u                                       (1, 3)             3
model/posterior_flow/_1/w                                       (1, 3)             3
model/posterior_flow/_1/b                                       (1,)               1
model/posterior_flow/_1/u                                       (1, 3)             3
model/posterior_flow/_2/w                                       (1, 3)             3
model/posterior_flow/_2/b                                       (1,)               1
model/posterior_flow/_2/u                                       (1, 3)             3
model/posterior_flow/_3/w                                       (1, 3)             3
model/posterior_flow/_3/b                                       (1,)               1
model/posterior_flow/_3/u                                       (1, 3)             3
model/posterior_flow/_4/w                                       (1, 3)             3
model/posterior_flow/_4/b                                       (1,)               1
model/posterior_flow/_4/u                                       (1, 3)             3
model/posterior_flow/_5/w                                       (1, 3)             3
model/posterior_flow/_5/b                                       (1,)               1
model/posterior_flow/_5/u                                       (1, 3)             3
model/posterior_flow/_6/w                                       (1, 3)             3
model/posterior_flow/_6/b                                       (1,)               1
model/posterior_flow/_6/u                                       (1, 3)             3
model/posterior_flow/_7/w                                       (1, 3)             3
model/posterior_flow/_7/b                                       (1,)               1
model/posterior_flow/_7/u                                       (1, 3)             3
model/posterior_flow/_8/w                                       (1, 3)             3
model/posterior_flow/_8/b                                       (1,)               1
model/posterior_flow/_8/u                                       (1, 3)             3
model/posterior_flow/_9/w                                       (1, 3)             3
model/posterior_flow/_9/b                                       (1,)               1
model/posterior_flow/_9/u                                       (1, 3)             3
model/posterior_flow/_10/w                                      (1, 3)             3
model/posterior_flow/_10/b                                      (1,)               1
model/posterior_flow/_10/u                                      (1, 3)             3
model/posterior_flow/_11/w                                      (1, 3)             3
model/posterior_flow/_11/b                                      (1,)               1
model/posterior_flow/_11/u                                      (1, 3)             3
model/posterior_flow/_12/w                                      (1, 3)             3
model/posterior_flow/_12/b                                      (1,)               1
model/posterior_flow/_12/u                                      (1, 3)             3
model/posterior_flow/_13/w                                      (1, 3)             3
model/posterior_flow/_13/b                                      (1,)               1
model/posterior_flow/_13/u                                      (1, 3)             3
model/posterior_flow/_14/w                                      (1, 3)             3
model/posterior_flow/_14/b                                      (1,)               1
model/posterior_flow/_14/u                                      (1, 3)             3
model/posterior_flow/_15/w                                      (1, 3)             3
model/posterior_flow/_15/b                                      (1,)               1
model/posterior_flow/_15/u                                      (1, 3)             3
model/posterior_flow/_16/w                                      (1, 3)             3
model/posterior_flow/_16/b                                      (1,)               1
model/posterior_flow/_16/u                                      (1, 3)             3
model/posterior_flow/_17/w                                      (1, 3)             3
model/posterior_flow/_17/b                                      (1,)               1
model/posterior_flow/_17/u                                      (1, 3)             3
model/posterior_flow/_18/w                                      (1, 3)             3
model/posterior_flow/_18/b                                      (1,)               1
model/posterior_flow/_18/u                                      (1, 3)             3
model/posterior_flow/_19/w                                      (1, 3)             3
model/posterior_flow/_19/b                                      (1,)               1
model/posterior_flow/_19/u                                      (1, 3)             3
model/p_x_given_z/hidden/rnn_p_x/rnn/gru_cell/gates/kernel      (503, 1000)  503,000
model/p_x_given_z/hidden/rnn_p_x/rnn/gru_cell/gates/bias        (1000,)        1,000
model/p_x_given_z/hidden/rnn_p_x/rnn/gru_cell/candidate/kernel  (503, 500)   251,500
model/p_x_given_z/hidden/rnn_p_x/rnn/gru_cell/candidate/bias    (500,)           500
model/p_x_given_z/hidden/rnn_p_x/dense/kernel                   (500, 500)   250,000
model/p_x_given_z/hidden/rnn_p_x/dense/bias                     (500,)           500
model/p_x_given_z/hidden/rnn_p_x/dense_1/kernel                 (500, 500)   250,000
model/p_x_given_z/hidden/rnn_p_x/dense_1/bias                   (500,)           500
model/p_x_given_z/x_mean/kernel                                 (500, 38)     19,000
model/p_x_given_z/x_mean/bias                                   (38,)             38
model/p_x_given_z/x_std/kernel                                  (500, 38)     19,000
model/p_x_given_z/x_std/bias                                    (38,)             38/home/hz/anaconda3/envs/py36/lib/python3.6/site-packages/tensorflow/python/framework/dtypes.py:523: FutureWarning: Passing (type, 1) or '1type' as a synonym of type is deprecated; in a future version of numpy, it will be understood as (type, (1,)) / '(1,)type'.
  _np_qint8 = np.dtype([("qint8", np.int8, 1)])
/home/hz/anaconda3/envs/py36/lib/python3.6/site-packages/tensorflow/python/framework/dtypes.py:524: FutureWarning: Passing (type, 1) or '1type' as a synonym of type is deprecated; in a future version of numpy, it will be understood as (type, (1,)) / '(1,)type'.
  _np_quint8 = np.dtype([("quint8", np.uint8, 1)])
/home/hz/anaconda3/envs/py36/lib/python3.6/site-packages/tensorflow/python/framework/dtypes.py:525: FutureWarning: Passing (type, 1) or '1type' as a synonym of type is deprecated; in a future version of numpy, it will be understood as (type, (1,)) / '(1,)type'.
  _np_qint16 = np.dtype([("qint16", np.int16, 1)])
/home/hz/anaconda3/envs/py36/lib/python3.6/site-packages/tensorflow/python/framework/dtypes.py:526: FutureWarning: Passing (type, 1) or '1type' as a synonym of type is deprecated; in a future version of numpy, it will be understood as (type, (1,)) / '(1,)type'.
  _np_quint16 = np.dtype([("quint16", np.uint16, 1)])
/home/hz/anaconda3/envs/py36/lib/python3.6/site-packages/tensorflow/python/framework/dtypes.py:527: FutureWarning: Passing (type, 1) or '1type' as a synonym of type is deprecated; in a future version of numpy, it will be understood as (type, (1,)) / '(1,)type'.
  _np_qint32 = np.dtype([("qint32", np.int32, 1)])
/home/hz/anaconda3/envs/py36/lib/python3.6/site-packages/tensorflow/python/framework/dtypes.py:532: FutureWarning: Passing (type, 1) or '1type' as a synonym of type is deprecated; in a future version of numpy, it will be understood as (type, (1,)) / '(1,)type'.
  np_resource = np.dtype([("resource", np.ubyte, 1)])
/home/hz/anaconda3/envs/py36/lib/python3.6/site-packages/tfsnippet/utils/tfver.py:22: DeprecationWarning: Function 'semver.compare' is deprecated. Deprecated since version 2.10.0.  This function will be removed in semver 3. Use the respective 'semver.VersionInfo.compare' instead.
  compare_result = semver.compare(version, tf.__version__)
/home/hz/anaconda3/envs/py36/lib/python3.6/site-packages/tfsnippet/utils/tfver.py:22: DeprecationWarning: Function 'semver.compare' is deprecated. Deprecated since version 2.10.0.  This function will be removed in semver 3. Use the respective 'semver.VersionInfo.compare' instead.
  compare_result = semver.compare(version, tf.__version__)
INFO:tensorflow:Restoring parameters from /tmp/tmpp_uunng1/variables.dat-3200
2025-06-21 02:27:47,023 [INFO] tensorflow: Restoring parameters from /tmp/tmpp_uunng1/variables.dat-3200


train_values: (16593, 38)
[Epoch 1/10, Step 100] step time: 1.236s (±5.182s); train time: 1m 12.7s; valid time: 50.93s; loss: 254.531 (±2553.03); valid loss: -38.0792 (*)
[Epoch 1/10, Step 200] step time: 1.069s (±4.764s); train time: 59.03s; valid time: 47.87s; loss: -40.8832 (±3.49702); valid loss: -46.3661 (*)
[Epoch 1/10, Step 300] step time: 1.068s (±4.773s); train time: 58.92s; valid time: 47.98s; loss: -45.179 (±2.97446); valid loss: -47.0551 (*)
train_values: (16593, 38)
[Epoch 2/10, Step 400, ETA 53m 27.65s] step time: 1.064s (±4.764s); train time: 41.51s; valid time: 47.88s; loss: -46.2891 (±2.52687); valid loss: -49.8622 (*)
[Epoch 2/10, Step 500, ETA 51m 6.216s] step time: 1.055s (±4.649s); train time: 58.83s; valid time: 46.7s; loss: -45.754 (±2.68396); valid loss: -43.377
[Epoch 2/10, Step 600, ETA 48m 55.64s] step time: 1.052s (±4.635s); train time: 58.72s; valid time: 46.57s; loss: -46.0977 (±3.20371); valid loss: -48.1942
train_values: (16593, 38)
[Epoch 3/10, Step 700, ETA 46m 52.87s] step time: 1.054s (±4.641s); train time: 24.68s; valid time: 46.64s; loss: -46.8096 (±3.74639); valid loss: -49.5639
[Epoch 3/10, Step 800, ETA 44m 55.01s] step time: 1.056s (±4.673s); train time: 58.66s; valid time: 46.97s; loss: -47.8298 (±2.76712); valid loss: -46.9401
[Epoch 3/10, Step 900, ETA 42m 58.14s] step time: 1.049s (±4.609s); train time: 58.65s; valid time: 46.33s; loss: -47.839 (±2.79372); valid loss: -47.8224
train_values: (16593, 38)
[Epoch 4/10, Step 1000, ETA 41m 4.682s] step time: 1.053s (±4.659s); train time: 7.632s; valid time: 46.81s; loss: -46.037 (±3.20637); valid loss: -47.4722
[Epoch 4/10, Step 1100, ETA 39m 14.46s] step time: 1.063s (±4.748s); train time: 58.6s; valid time: 47.72s; loss: -47.4821 (±3.53973); valid loss: -51.2687 (*)
[Epoch 4/10, Step 1200, ETA 37m 22.63s] step time: 1.05s (±4.611s); train time: 58.69s; valid time: 46.34s; loss: -46.4354 (±4.22608); valid loss: -49.7767
[Epoch 4/10, Step 1300, ETA 35m 32.13s] step time: 1.052s (±4.636s); train time: 58.61s; valid time: 46.59s; loss: -47.9938 (±2.88001); valid loss: -49.9849
train_values: (16593, 38)
[Epoch 5/10, Step 1400, ETA 33m 42.45s] step time: 1.052s (±4.638s); train time: 49.21s; valid time: 46.61s; loss: -46.8608 (±4.07403); valid loss: -32.6345
[Epoch 5/10, Step 1500, ETA 31m 53.2s] step time: 1.051s (±4.623s); train time: 58.67s; valid time: 46.45s; loss: -46.3251 (±5.49707); valid loss: -50.5405
[Epoch 5/10, Step 1600, ETA 30m 4.298s] step time: 1.049s (±4.625s); train time: 58.5s; valid time: 46.47s; loss: -46.6657 (±5.20583); valid loss: -47.3431
train_values: (16593, 38)
[Epoch 6/10, Step 1700, ETA 28m 16.17s] step time: 1.052s (±4.638s); train time: 32.27s; valid time: 46.63s; loss: -49.8479 (±2.92899); valid loss: -50.2062
[Epoch 6/10, Step 1800, ETA 26m 28.29s] step time: 1.052s (±4.662s); train time: 58.38s; valid time: 46.85s; loss: -49.1365 (±3.75673); valid loss: -49.7634
[Epoch 6/10, Step 1900, ETA 24m 41.4s] step time: 1.062s (±4.756s); train time: 58.43s; valid time: 47.78s; loss: -51.2231 (±2.58269); valid loss: -56.0301 (*)
train_values: (16593, 38)
[Epoch 7/10, Step 2000, ETA 22m 53.93s] step time: 1.051s (±4.635s); train time: 15.31s; valid time: 46.58s; loss: -49.4775 (±4.02106); valid loss: -51.71
[Epoch 7/10, Step 2100, ETA 21m 6.678s] step time: 1.051s (±4.647s); train time: 58.48s; valid time: 46.71s; loss: -51.627 (±3.23922); valid loss: -54.4671
[Epoch 7/10, Step 2200, ETA 19m 20.18s] step time: 1.063s (±4.758s); train time: 58.52s; valid time: 47.82s; loss: -51.9788 (±3.29443); valid loss: -56.2346 (*)
[Epoch 7/10, Step 2300, ETA 17m 33.24s] step time: 1.052s (±4.631s); train time: 58.72s; valid time: 46.55s; loss: -51.3461 (±3.71099); valid loss: -55.7784
train_values: (16593, 38)
[Epoch 8/10, Step 2400, ETA 15m 46.34s] step time: 1.049s (±4.619s); train time: 56.8s; valid time: 46.43s; loss: -53.5288 (±3.46297); valid loss: -55.0259
[Epoch 8/10, Step 2500, ETA 13m 59.67s] step time: 1.052s (±4.631s); train time: 58.73s; valid time: 46.54s; loss: -52.9415 (±4.41707); valid loss: -49.0736
[Epoch 8/10, Step 2600, ETA 12m 13.12s] step time: 1.052s (±4.636s); train time: 58.7s; valid time: 46.6s; loss: -53.7794 (±3.68755); valid loss: -55.8253
train_values: (16593, 38)
[Epoch 9/10, Step 2700, ETA 10m 26.94s] step time: 1.065s (±4.782s); train time: 39.81s; valid time: 48.06s; loss: -53.748 (±3.3371); valid loss: -57.2726 (*)
[Epoch 9/10, Step 2800, ETA 8m 40.47s] step time: 1.05s (±4.634s); train time: 58.51s; valid time: 46.57s; loss: -55.6636 (±3.33342); valid loss: -54.0137
[Epoch 9/10, Step 2900, ETA 6m 54.3s] step time: 1.065s (±4.764s); train time: 58.72s; valid time: 47.88s; loss: -54.7215 (±4.20932); valid loss: -58.5731 (*)
train_values: (16593, 38)
[Epoch 10/10, Step 3000, ETA 5m 7.978s] step time: 1.052s (±4.647s); train time: 22.88s; valid time: 46.7s; loss: -55.0614 (±3.16973); valid loss: -58.3115
[Epoch 10/10, Step 3100, ETA 3m 21.71s] step time: 1.05s (±4.626s); train time: 58.54s; valid time: 46.49s; loss: -55.7555 (±5.18141); valid loss: -57.7718
[Epoch 10/10, Step 3200, ETA 1m 35.55s] step time: 1.064s (±4.767s); train time: 58.58s; valid time: 47.91s; loss: -56.833 (±4.43722); valid loss: -58.8656 (*)
train end time:  2025-06-21 02:27:47
train time:  3466.6621034145355
test start time:  2025-06-21 02:27:47
------------------------------ testing ------------------------------
test_score shape:  (23604, 38)
test_z shape:  (23604, 100, 6)
search range:  -400.0 400.0
cur thr:  -399.0 [0.4796927446528538, 0.3155267083598267, 0.9999999841772155, 632.0, 21601.0, 1371.0, 0.0, 2.9230656805166135] [0.4796927446528538, 0.3155267083598267, 0.9999999841772155, 632.0, 21601.0, 1371.0, 0.0, 2.9230656805166135] -399.0
cur thr:  -349.0 [0.39561497730066736, 0.24658603103165808, 0.9999999841772155, 632.0, 21041.0, 1931.0, 0.0, 2.4615289941192535] [0.4796927446528538, 0.3155267083598267, 0.9999999841772155, 632.0, 21601.0, 1371.0, 0.0, 2.9230656805166135] -399.0
cur thr:  -299.0 [0.32368486538295993, 0.19309501926949274, 0.9999999841772155, 632.0, 20331.0, 2641.0, 0.0, 1.6923011834569868] [0.4796927446528538, 0.3155267083598267, 0.9999999841772155, 632.0, 21601.0, 1371.0, 0.0, 2.9230656805166135] -399.0
cur thr:  -249.0 [0.2615330038832292, 0.150440370982051, 0.9999999841772155, 632.0, 19403.0, 3569.0, 0.0, 0.80768920119538] [0.4796927446528538, 0.3155267083598267, 0.9999999841772155, 632.0, 21601.0, 1371.0, 0.0, 2.9230656805166135] -399.0
cur thr:  -199.0 [0.21279271055671203, 0.11906556119241606, 0.9999999841772155, 632.0, 18296.0, 4676.0, 0.0, 0.4999980769304733] [0.4796927446528538, 0.3155267083598267, 0.9999999841772155, 632.0, 21601.0, 1371.0, 0.0, 2.9230656805166135] -399.0
cur thr:  -149.0 [0.1697084357248459, 0.09272300455879841, 0.9999999841772155, 632.0, 16788.0, 6184.0, 0.0, 0.3846139053311333] [0.4796927446528538, 0.3155267083598267, 0.9999999841772155, 632.0, 21601.0, 1371.0, 0.0, 2.9230656805166135] -399.0
cur thr:  -99.0 [0.12978623860471564, 0.06939716693818254, 0.9999999841772155, 632.0, 14497.0, 8475.0, 0.0, 0.34615251479802] [0.4796927446528538, 0.3155267083598267, 0.9999999841772155, 632.0, 21601.0, 1371.0, 0.0, 2.9230656805166135] -399.0
cur thr:  -49.0 [0.09912076416097618, 0.05214521447842804, 0.9999999841772155, 632.0, 11484.0, 11488.0, 0.0, 0.038461390533113336] [0.4796927446528538, 0.3155267083598267, 0.9999999841772155, 632.0, 21601.0, 1371.0, 0.0, 2.9230656805166135] -399.0
cur thr:  1.0 [0.07780780857559191, 0.04047908791361104, 0.9999999841772155, 632.0, 7991.0, 14981.0, 0.0, 0.0] [0.4796927446528538, 0.3155267083598267, 0.9999999841772155, 632.0, 21601.0, 1371.0, 0.0, 2.9230656805166135] -399.0
cur thr:  51.0 [0.060327784468663624, 0.03110236218941813, 0.9999999841772155, 632.0, 3284.0, 19688.0, 0.0, 0.0] [0.4796927446528538, 0.3155267083598267, 0.9999999841772155, 632.0, 21601.0, 1371.0, 0.0, 2.9230656805166135] -399.0
cur thr:  101.0 [0.05215331278630069, 0.026775122849188645, 0.9999999841772155, 632.0, 0.0, 22972.0, 0.0, 0.0] [0.4796927446528538, 0.3155267083598267, 0.9999999841772155, 632.0, 21601.0, 1371.0, 0.0, 2.9230656805166135]  0%|          | 0/23604 [00:00<?, ?it/s]100%|██████████| 23604/23604 [00:00<00:00, 1278951.43it/s] -399.0
cur thr:  151.0 [0.05215331278630069, 0.026775122849188645, 0.9999999841772155, 632.0, 0.0, 22972.0, 0.0, 0.0] [0.4796927446528538, 0.3155267083598267, 0.9999999841772155, 632.0, 21601.0, 1371.0, 0.0, 2.9230656805166135] -399.0
cur thr:  201.0 [0.05215331278630069, 0.026775122849188645, 0.9999999841772155, 632.0, 0.0, 22972.0, 0.0, 0.0] [0.4796927446528538, 0.3155267083598267, 0.9999999841772155, 632.0, 21601.0, 1371.0, 0.0, 2.9230656805166135] -399.0
cur thr:  251.0 [0.05215331278630069, 0.026775122849188645, 0.9999999841772155, 632.0, 0.0, 22972.0, 0.0, 0.0] [0.4796927446528538, 0.3155267083598267, 0.9999999841772155, 632.0, 21601.0, 1371.0, 0.0, 2.9230656805166135] -399.0
cur thr:  301.0 [0.05215331278630069, 0.026775122849188645, 0.9999999841772155, 632.0, 0.0, 22972.0, 0.0, 0.0] [0.4796927446528538, 0.3155267083598267, 0.9999999841772155, 632.0, 21601.0, 1371.0, 0.0, 2.9230656805166135] -399.0
cur thr:  351.0 [0.05215331278630069, 0.026775122849188645, 0.9999999841772155, 632.0, 0.0, 22972.0, 0.0, 0.0] [0.4796927446528538, 0.3155267083598267, 0.9999999841772155, 632.0, 21601.0, 1371.0, 0.0, 2.9230656805166135] -399.0
[0.4796927446528538, 0.3155267083598267, 0.9999999841772155, 632.0, 21601.0, 1371.0, 0.0, 2.9230656805166135] -399.0
label_file: ServerMachineDataset/interpretation_label/machine-3-3.txt
Initial threshold : 45.018345
Number of peaks : 177
Grimshaw maximum log-likelihood estimation ... [done]
	γ = 0
	σ = 247.13286
	L = 1152.2569161204904
Extreme quantile (probability = 0.001): 542.9252041196528
12015
23604
POT result:  (0.09716257761890358, 0.05106245451154363, 0.9999999841772155, 632.0, 11227.0, 11745.0, 0.0) -45.018356 0.038461390533113336

=== 全局调试信息 ===
y_true shape: (23604,), unique values: [0. 1.]
y_pred shape: (23604,), unique values: [False  True]
feature_scores shape: (23604, 38)
interpretation_segments 数量: 28


=== 处理第 1/28 段 ===
原始段范围: orig_start=739, orig_end=742
调整后段范围: start=640, end=643
段内真实标签 (seg_true): [1. 1. 1. 0.]
段内预测标签 (seg_pred): [ True  True  True False]
段内真实异常时间点索引 (相对段内): [0 1 2]
段内是否有预测为异常的时间点: True
真实异常维度 (0-based): [9, 10, 11, 12]
段内检测到的异常时间点索引 (相对段内): [0 1 2]
选择的维度数量 (k): 7 (基于真实异常维度数的 100%)
推断的异常维度 (0-based): [4, 7, 8, 9, 16, 17, 26, 28]
真实与推断的交集: [9]
段内指标: TP=1, FP=7, FN=3, TN=27, IPS=0.2500

=== 处理第 2/28 段 ===
原始段范围: orig_start=1808, orig_end=1814
调整后段范围: start=1709, end=1715
段内真实标签 (seg_true): [1. 1. 1. 1. 1. 1. 0.]
段内预测标签 (seg_pred): [ True  True  True  True  True  True  True]
段内真实异常时间点索引 (相对段内): [0 1 2 3 4 5]
段内是否有预测为异常的时间点: True
真实异常维度 (0-based): [17]
段内检测到的异常时间点索引 (相对段内): [0 1 2 3 4 5 6]
选择的维度数量 (k): 7 (基于真实异常维度数的 100%)
推断的异常维度 (0-based): [4, 7, 9, 15, 16, 17, 26, 28]
真实与推断的交集: [17]
段内指标: TP=1, FP=7, FN=0, TN=30, IPS=1.0000

=== 处理第 3/28 段 ===
原始段范围: orig_start=2179, orig_end=2182
调整后段范围: start=2080, end=2083
段内真实标签 (seg_true): [1. 1. 1. 0.]
段内预测标签 (seg_pred): [ True  True  True False]
段内真实异常时间点索引 (相对段内): [0 1 2]
段内是否有预测为异常的时间点: True
真实异常维度 (0-based): [9, 10, 11, 12]
段内检测到的异常时间点索引 (相对段内): [0 1 2]
选择的维度数量 (k): 7 (基于真实异常维度数的 100%)
推断的异常维度 (0-based): [4, 7, 8, 9, 16, 17, 26, 28]
真实与推断的交集: [9]
段内指标: TP=1, FP=7, FN=3, TN=27, IPS=0.2500

=== 处理第 4/28 段 ===
原始段范围: orig_start=3619, orig_end=3622
调整后段范围: start=3520, end=3523
段内真实标签 (seg_true): [1. 1. 1. 0.]
段内预测标签 (seg_pred): [ True  True  True False]
段内真实异常时间点索引 (相对段内): [0 1 2]
段内是否有预测为异常的时间点: True
真实异常维度 (0-based): [9, 10, 11, 12]
段内检测到的异常时间点索引 (相对段内): [0 1 2]
选择的维度数量 (k): 7 (基于真实异常维度数的 100%)
推断的异常维度 (0-based): [4, 7, 8, 9, 16, 17, 26, 28]
真实与推断的交集: [9]
段内指标: TP=1, FP=7, FN=3, TN=27, IPS=0.2500

=== 处理第 5/28 段 ===
原始段范围: orig_start=4561, orig_end=4578
调整后段范围: start=4462, end=4479
段内真实标签 (seg_true): [1. 1. 1. 1. 1. 1. 1. 1. 1. 1. 1. 1. 1. 1. 1. 1. 1. 0.]
段内预测标签 (seg_pred): [ True  True  True  True  True  True  True  True  True  True  True  True
  True  True  True  True  True  True]
段内真实异常时间点索引 (相对段内): [ 0  1  2  3  4  5  6  7  8  9 10 11 12 13 14 15 16]
段内是否有预测为异常的时间点: True
真实异常维度 (0-based): [0, 5, 6, 8, 9, 10, 11, 12, 13, 14, 18, 19, 20, 21, 22, 23, 24, 25, 27, 30, 34, 35, 36, 37]
段内检测到的异常时间点索引 (相对段内): [ 0  1  2  3  4  5  6  7  8  9 10 11 12 13 14 15 16 17]
选择的维度数量 (k): 7 (基于真实异常维度数的 100%)
推断的异常维度 (0-based): [4, 7, 8, 9, 16, 17, 26, 28, 33]
真实与推断的交集: [8, 9]
段内指标: TP=2, FP=7, FN=22, TN=7, IPS=0.0833

=== 处理第 6/28 段 ===
原始段范围: orig_start=4564, orig_end=4567
调整后段范围: start=4465, end=4468
段内真实标签 (seg_true): [1. 1. 1. 1.]
段内预测标签 (seg_pred): [ True  True  True  True]
段内真实异常时间点索引 (相对段内): [0 1 2 3]
段内是否有预测为异常的时间点: True
真实异常维度 (0-based): [0, 5, 6, 8, 9, 10, 11, 12, 13, 14, 18, 19, 20, 21, 22, 23, 24, 25, 27, 30, 34, 35, 36, 37]
段内检测到的异常时间点索引 (相对段内): [0 1 2 3]
选择的维度数量 (k): 7 (基于真实异常维度数的 100%)
推断的异常维度 (0-based): [4, 7, 9, 16, 17, 26, 28, 33]
真实与推断的交集: [9]
段内指标: TP=1, FP=7, FN=23, TN=7, IPS=0.0417

=== 处理第 7/28 段 ===
原始段范围: orig_start=5059, orig_end=5062
调整后段范围: start=4960, end=4963
段内真实标签 (seg_true): [1. 1. 1. 0.]
段内预测标签 (seg_pred): [ True  True  True False]
段内真实异常时间点索引 (相对段内): [0 1 2]
段内是否有预测为异常的时间点: True
真实异常维度 (0-based): [9, 10, 11, 12]
段内检测到的异常时间点索引 (相对段内): [0 1 2]
选择的维度数量 (k): 7 (基于真实异常维度数的 100%)
推断的异常维度 (0-based): [4, 7, 8, 9, 16, 17, 26, 28]
真实与推断的交集: [9]
段内指标: TP=1, FP=7, FN=3, TN=27, IPS=0.2500

=== 处理第 8/28 段 ===
原始段范围: orig_start=5449, orig_end=5453
调整后段范围: start=5350, end=5354
段内真实标签 (seg_true): [1. 1. 1. 1. 0.]
段内预测标签 (seg_pred): [ True  True  True  True False]
段内真实异常时间点索引 (相对段内): [0 1 2 3]
段内是否有预测为异常的时间点: True
真实异常维度 (0-based): [11, 12, 14, 15, 16]
段内检测到的异常时间点索引 (相对段内): [0 1 2 3]
选择的维度数量 (k): 7 (基于真实异常维度数的 100%)
推断的异常维度 (0-based): [2, 4, 7, 9, 16, 17, 26, 28, 33]
真实与推断的交集: [16]
段内指标: TP=1, FP=8, FN=4, TN=25, IPS=0.2000

=== 处理第 9/28 段 ===
原始段范围: orig_start=6499, orig_end=6502
调整后段范围: start=6400, end=6403
段内真实标签 (seg_true): [1. 1. 1. 0.]
段内预测标签 (seg_pred): [ True  True  True False]
段内真实异常时间点索引 (相对段内): [0 1 2]
段内是否有预测为异常的时间点: True
真实异常维度 (0-based): [9, 10, 11, 12]
段内检测到的异常时间点索引 (相对段内): [0 1 2]
选择的维度数量 (k): 7 (基于真实异常维度数的 100%)
推断的异常维度 (0-based): [4, 7, 8, 9, 16, 17, 26, 28]
真实与推断的交集: [9]
段内指标: TP=1, FP=7, FN=3, TN=27, IPS=0.2500

=== 处理第 10/28 段 ===
原始段范围: orig_start=7939, orig_end=7942
调整后段范围: start=7840, end=7843
段内真实标签 (seg_true): [1. 1. 1. 0.]
段内预测标签 (seg_pred): [ True  True  True False]
段内真实异常时间点索引 (相对段内): [0 1 2]
段内是否有预测为异常的时间点: True
真实异常维度 (0-based): [9, 10, 11, 12]
段内检测到的异常时间点索引 (相对段内): [0 1 2]
选择的维度数量 (k): 7 (基于真实异常维度数的 100%)
推断的异常维度 (0-based): [4, 7, 8, 9, 16, 17, 26, 28]
真实与推断的交集: [9]
段内指标: TP=1, FP=7, FN=3, TN=27, IPS=0.2500

=== 处理第 11/28 段 ===
原始段范围: orig_start=8407, orig_end=8414
调整后段范围: start=8308, end=8315
段内真实标签 (seg_true): [1. 1. 1. 1. 1. 1. 1. 0.]
段内预测标签 (seg_pred): [ True  True  True  True  True  True  True False]
段内真实异常时间点索引 (相对段内): [0 1 2 3 4 5 6]
段内是否有预测为异常的时间点: True
真实异常维度 (0-based): [11, 12, 14, 15, 16]
段内检测到的异常时间点索引 (相对段内): [0 1 2 3 4 5 6]
选择的维度数量 (k): 7 (基于真实异常维度数的 100%)
推断的异常维度 (0-based): [4, 7, 8, 9, 16, 17, 23, 26, 28, 29]
真实与推断的交集: [16]
段内指标: TP=1, FP=9, FN=4, TN=24, IPS=0.2000

=== 处理第 12/28 段 ===
原始段范围: orig_start=9737, orig_end=9740
调整后段范围: start=9638, end=9641
段内真实标签 (seg_true): [1. 1. 1. 0.]
段内预测标签 (seg_pred): [ True  True  True False]
段内真实异常时间点索引 (相对段内): [0 1 2]
段内是否有预测为异常的时间点: True
真实异常维度 (0-based): [14, 15, 16]
段内检测到的异常时间点索引 (相对段内): [0 1 2]
选择的维度数量 (k): 7 (基于真实异常维度数的 100%)
推断的异常维度 (0-based): [4, 7, 8, 9, 16, 17, 23, 26, 28, 29]
真实与推断的交集: [16]
段内指标: TP=1, FP=9, FN=2, TN=26, IPS=0.3333

=== 处理第 13/28 段 ===
原始段范围: orig_start=10819, orig_end=10822
调整后段范围: start=10720, end=10723
段内真实标签 (seg_true): [1. 1. 1. 0.]
段内预测标签 (seg_pred): [ True  True  True False]
段内真实异常时间点索引 (相对段内): [0 1 2]
段内是否有预测为异常的时间点: True
真实异常维度 (0-based): [9, 10, 11, 12]
段内检测到的异常时间点索引 (相对段内): [0 1 2]
选择的维度数量 (k): 7 (基于真实异常维度数的 100%)
推断的异常维度 (0-based): [4, 7, 8, 9, 16, 17, 26, 28]
真实与推断的交集: [9]
段内指标: TP=1, FP=7, FN=3, TN=27, IPS=0.2500

=== 处理第 14/28 段 ===
原始段范围: orig_start=12259, orig_end=12262
调整后段范围: start=12160, end=12163
段内真实标签 (seg_true): [1. 1. 1. 0.]
段内预测标签 (seg_pred): [ True  True  True False]
段内真实异常时间点索引 (相对段内): [0 1 2]
段内是否有预测为异常的时间点: True
真实异常维度 (0-based): [9, 10, 11, 12]
段内检测到的异常时间点索引 (相对段内): [0 1 2]
选择的维度数量 (k): 7 (基于真实异常维度数的 100%)
推断的异常维度 (0-based): [4, 7, 8, 9, 16, 17, 26, 28]
真实与推断的交集: [9]
段内指标: TP=1, FP=7, FN=3, TN=27, IPS=0.2500

=== 处理第 15/28 段 ===
原始段范围: orig_start=13699, orig_end=13702
调整后段范围: start=13600, end=13603
段内真实标签 (seg_true): [1. 1. 1. 0.]
段内预测标签 (seg_pred): [ True  True  True False]
段内真实异常时间点索引 (相对段内): [0 1 2]
段内是否有预测为异常的时间点: True
真实异常维度 (0-based): [9, 10, 11, 12]
段内检测到的异常时间点索引 (相对段内): [0 1 2]
选择的维度数量 (k): 7 (基于真实异常维度数的 100%)
推断的异常维度 (0-based): [4, 7, 8, 9, 16, 17, 26, 28]
真实与推断的交集: [9]
段内指标: TP=1, FP=7, FN=3, TN=27, IPS=0.2500

=== 处理第 16/28 段 ===
原始段范围: orig_start=13827, orig_end=13830
调整后段范围: start=13728, end=13731
段内真实标签 (seg_true): [1. 1. 1. 0.]
段内预测标签 (seg_pred): [ True  True  True False]
段内真实异常时间点索引 (相对段内): [0 1 2]
段内是否有预测为异常的时间点: True
真实异常维度 (0-based): [16]
段内检测到的异常时间点索引 (相对段内): [0 1 2]
选择的维度数量 (k): 7 (基于真实异常维度数的 100%)
推断的异常维度 (0-based): [4, 7, 9, 16, 17, 26, 28, 29, 33]
真实与推断的交集: [16]
段内指标: TP=1, FP=8, FN=0, TN=29, IPS=1.0000

=== 处理第 17/28 段 ===
原始段范围: orig_start=14476, orig_end=14486
调整后段范围: start=14377, end=14387
段内真实标签 (seg_true): [1. 1. 1. 1. 1. 1. 1. 1. 1. 1. 0.]
段内预测标签 (seg_pred): [ True  True  True  True  True  True  True  True  True  True False]
段内真实异常时间点索引 (相对段内): [0 1 2 3 4 5 6 7 8 9]
段内是否有预测为异常的时间点: True
真实异常维度 (0-based): [13]
段内检测到的异常时间点索引 (相对段内): [0 1 2 3 4 5 6 7 8 9]
选择的维度数量 (k): 7 (基于真实异常维度数的 100%)
推断的异常维度 (0-based): [4, 7, 9, 16, 17, 26, 28]
真实与推断的交集: []
段内指标: TP=0, FP=7, FN=1, TN=30, IPS=0.0000

=== 处理第 18/28 段 ===
原始段范围: orig_start=15139, orig_end=15142
调整后段范围: start=15040, end=15043
段内真实标签 (seg_true): [1. 1. 1. 0.]
段内预测标签 (seg_pred): [ True  True  True False]
段内真实异常时间点索引 (相对段内): [0 1 2]
段内是否有预测为异常的时间点: True
真实异常维度 (0-based): [9, 10, 11, 12]
段内检测到的异常时间点索引 (相对段内): [0 1 2]
选择的维度数量 (k): 7 (基于真实异常维度数的 100%)
推断的异常维度 (0-based): [4, 7, 8, 9, 16, 17, 26, 28]
真实与推断的交集: [9]
段内指标: TP=1, FP=7, FN=3, TN=27, IPS=0.2500

=== 处理第 19/28 段 ===
原始段范围: orig_start=16199, orig_end=16212
调整后段范围: start=16100, end=16113
段内真实标签 (seg_true): [1. 1. 1. 1. 1. 1. 1. 1. 1. 1. 1. 1. 1. 0.]
段内预测标签 (seg_pred): [ True  True  True  True  True  True  True  True  True  True  True  True
  True  True]
段内真实异常时间点索引 (相对段内): [ 0  1  2  3  4  5  6  7  8  9 10 11 12]
段内是否有预测为异常的时间点: True
真实异常维度 (0-based): [9, 10, 11, 12]
段内检测到的异常时间点索引 (相对段内): [ 0  1  2  3  4  5  6  7  8  9 10 11 12 13]
选择的维度数量 (k): 7 (基于真实异常维度数的 100%)
推断的异常维度 (0-based): [4, 7, 9, 16, 17, 26, 28]
真实与推断的交集: [9]
段内指标: TP=1, FP=6, FN=3, TN=28, IPS=0.2500

=== 处理第 20/28 段 ===
原始段范围: orig_start=16579, orig_end=16582
调整后段范围: start=16480, end=16483
段内真实标签 (seg_true): [1. 1. 1. 0.]
段内预测标签 (seg_pred): [ True  True  True False]
段内真实异常时间点索引 (相对段内): [0 1 2]
段内是否有预测为异常的时间点: True
真实异常维度 (0-based): [0, 1, 2, 3, 18, 20, 21, 24, 27, 30]
段内检测到的异常时间点索引 (相对段内): [0 1 2]
选择的维度数量 (k): 7 (基于真实异常维度数的 100%)
推断的异常维度 (0-based): [4, 7, 8, 9, 16, 17, 26, 28]
真实与推断的交集: []
段内指标: TP=0, FP=8, FN=10, TN=20, IPS=0.0000

=== 处理第 21/28 段 ===
原始段范围: orig_start=18019, orig_end=18022
调整后段范围: start=17920, end=17923
段内真实标签 (seg_true): [1. 1. 1. 0.]
段内预测标签 (seg_pred): [ True  True  True False]
段内真实异常时间点索引 (相对段内): [0 1 2]
段内是否有预测为异常的时间点: True
真实异常维度 (0-based): [9, 10, 11, 12]
段内检测到的异常时间点索引 (相对段内): [0 1 2]
选择的维度数量 (k): 7 (基于真实异常维度数的 100%)
推断的异常维度 (0-based): [4, 7, 8, 9, 16, 17, 26, 28]
真实与推断的交集: [9]
段内指标: TP=1, FP=7, FN=3, TN=27, IPS=0.2500

=== 处理第 22/28 段 ===
原始段范围: orig_start=19081, orig_end=19088
调整后段范围: start=18982, end=18989
段内真实标签 (seg_true): [1. 1. 1. 1. 1. 1. 1. 0.]
段内预测标签 (seg_pred): [ True  True  True  True  True  True  True  True]
段内真实异常时间点索引 (相对段内): [0 1 2 3 4 5 6]
段内是否有预测为异常的时间点: True
真实异常维度 (0-based): [9, 10, 11, 12]
段内检测到的异常时间点索引 (相对段内): [0 1 2 3 4 5 6 7]
选择的维度数量 (k): 7 (基于真实异常维度数的 100%)
推断的异常维度 (0-based): [4, 7, 9, 16, 17, 26, 28]
真实与推断的交集: [9]
段内指标: TP=1, FP=6, FN=3, TN=28, IPS=0.2500

=== 处理第 23/28 段 ===
原始段范围: orig_start=19349, orig_end=19830
调整后段范围: start=19250, end=19731
段内真实标签 (seg_true): [1. 1. 1. 1. 1. 1. 1. 1. 1. 1. 1. 1. 1. 1. 1. 1. 1. 1. 1. 1. 1. 1. 1. 1.
 1. 1. 1. 1. 1. 1. 1. 1. 1. 1. 1. 1. 1. 1. 1. 1. 1. 1. 1. 1. 1. 1. 1. 1.
 1. 1. 1. 1. 1. 1. 1. 1. 1. 1. 1. 1. 1. 1. 1. 1. 1. 1. 1. 1. 1. 1. 1. 1.
 1. 1. 1. 1. 1. 1. 1. 1. 1. 1. 1. 1. 1. 1. 1. 1. 1. 1. 1. 1. 1. 1. 1. 1.
 1. 1. 1. 1. 1. 1. 1. 1. 1. 1. 1. 1. 1. 1. 1. 1. 1. 1. 1. 1. 1. 1. 1. 1.
 1. 1. 1. 1. 1. 1. 1. 1. 1. 1. 1. 1. 1. 1. 1. 1. 1. 1. 1. 1. 1. 1. 1. 1.
 1. 1. 1. 1. 1. 1. 1. 1. 1. 1. 1. 1. 1. 1. 1. 1. 1. 1. 1. 1. 1. 1. 1. 1.
 1. 1. 1. 1. 1. 1. 1. 1. 1. 1. 1. 1. 1. 1. 1. 1. 1. 1. 1. 1. 1. 1. 1. 1.
 1. 1. 1. 1. 1. 1. 1. 1. 1. 1. 1. 1. 1. 1. 1. 1. 1. 1. 1. 1. 1. 1. 1. 1.
 1. 1. 1. 1. 1. 1. 1. 1. 1. 1. 1. 1. 1. 1. 1. 1. 1. 1. 1. 1. 1. 1. 1. 1.
 1. 1. 1. 1. 1. 1. 1. 1. 1. 1. 1. 1. 1. 1. 1. 1. 1. 1. 1. 1. 1. 1. 1. 1.
 1. 1. 1. 1. 1. 1. 1. 1. 1. 1. 1. 1. 1. 1. 1. 1. 1. 1. 1. 1. 1. 1. 1. 1.
 1. 1. 1. 1. 1. 1. 1. 1. 1. 1. 1. 1. 1. 1. 1. 1. 1. 1. 1. 1. 1. 1. 1. 1.
 1. 1. 1. 1. 1. 1. 1. 1. 1. 1. 1. 1. 1. 1. 1. 1. 1. 1. 1. 1. 1. 1. 1. 1.
 1. 1. 1. 1. 1. 1. 1. 1. 1. 1. 1. 1. 1. 1. 1. 1. 1. 1. 1. 1. 1. 1. 1. 1.
 1. 1. 1. 1. 1. 1. 1. 1. 1. 1. 1. 1. 1. 1. 1. 1. 1. 1. 1. 1. 1. 1. 1. 1.
 1. 1. 1. 1. 1. 1. 1. 1. 1. 1. 1. 1. 1. 1. 1. 1. 1. 1. 1. 1. 1. 1. 1. 1.
 1. 1. 1. 1. 1. 1. 1. 1. 1. 1. 1. 1. 1. 1. 1. 1. 1. 1. 1. 1. 1. 1. 1. 1.
 1. 1. 1. 1. 1. 1. 1. 1. 1. 1. 1. 1. 1. 1. 1. 1. 1. 1. 1. 1. 1. 1. 1. 1.
 1. 1. 1. 1. 1. 1. 1. 1. 1. 1. 1. 1. 1. 1. 1. 1. 1. 1. 1. 1. 1. 1. 1. 1.
 1. 0.]
段内预测标签 (seg_pred): [ True  True  True  True  True  True  True  True  True  True  True  True
  True  True  True  True  True  True  True  True  True  True  True  True
  True  True  True  True  True  True  True  True  True  True  True  True
  True  True  True  True  True  True  True  True  True  True  True  True
  True  True  True  True  True  True  True  True  True  True  True  True
  True  True  True  True  True  True  True  True  True  True  True  True
  True  True  True  True  True  True  True  True  True  True  True  True
  True  True  True  True  True  True  True  True  True  True  True  True
  True  True  True  True  True  True  True  True  True  True  True  True
  True  True  True  True  True  True  True  True  True  True  True  True
  True  True  True  True  True  True  True  True  True  True  True  True
  True  True  True  True  True  True  True  True  True  True  True  True
  True  True  True  True  True  True  True  True  True  True  True  True
  True  True  True  True  True  True  True  True  True  True  True  True
  True  True  True  True  True  True  True  True  True  True  True  True
  True  True  True  True  True  True  True  True  True  True  True  True
  True  True  True  True  True  True  True  True  True  True  True  True
  True  True  True  True  True  True  True  True  True  True  True  True
  True  True  True  True  True  True  True  True  True  True  True  True
  True  True  True  True  True  True  True  True  True  True  True  True
  True  True  True  True  True  True  True  True  True  True  True  True
  True  True  True  True  True  True  True  True  True  True  True  True
  True  True  True  True  True  True  True  True  True  True  True  True
  True  True  True  True  True  True  True  True  True  True  True  True
  True  True  True  True  True  True  True  True  True  True  True  True
  True  True  True  True  True  True  True  True  True  True  True  True
  True  True  True  True  True  True  True  True  True  True  True  True
  True  True  True  True  True  True  True  True  True  True  True  True
  True  True  True  True  True  True  True  True  True  True  True  True
  True  True  True  True  True  True  True  True  True  True  True  True
  True  True  True  True  True  True  True  True  True  True  True  True
  True  True  True  True  True  True  True  True  True  True  True  True
  True  True  True  True  True  True  True  True  True  True  True  True
  True  True  True  True  True  True  True  True  True  True  True  True
  True  True  True  True  True  True  True  True  True  True  True  True
  True  True  True  True  True  True  True  True  True  True  True  True
  True  True  True  True  True  True  True  True  True  True  True  True
  True  True  True  True  True  True  True  True  True  True  True  True
  True  True  True  True  True  True  True  True  True  True  True  True
  True  True  True  True  True  True  True  True  True  True  True  True
  True  True]
段内真实异常时间点索引 (相对段内): [  0   1   2   3   4   5   6   7   8   9  10  11  12  13  14  15  16  17
  18  19  20  21  22  23  24  25  26  27  28  29  30  31  32  33  34  35
  36  37  38  39  40  41  42  43  44  45  46  47  48  49  50  51  52  53
  54  55  56  57  58  59  60  61  62  63  64  65  66  67  68  69  70  71
  72  73  74  75  76  77  78  79  80  81  82  83  84  85  86  87  88  89
  90  91  92  93  94  95  96  97  98  99 100 101 102 103 104 105 106 107
 108 109 110 111 112 113 114 115 116 117 118 119 120 121 122 123 124 125
 126 127 128 129 130 131 132 133 134 135 136 137 138 139 140 141 142 143
 144 145 146 147 148 149 150 151 152 153 154 155 156 157 158 159 160 161
 162 163 164 165 166 167 168 169 170 171 172 173 174 175 176 177 178 179
 180 181 182 183 184 185 186 187 188 189 190 191 192 193 194 195 196 197
 198 199 200 201 202 203 204 205 206 207 208 209 210 211 212 213 214 215
 216 217 218 219 220 221 222 223 224 225 226 227 228 229 230 231 232 233
 234 235 236 237 238 239 240 241 242 243 244 245 246 247 248 249 250 251
 252 253 254 255 256 257 258 259 260 261 262 263 264 265 266 267 268 269
 270 271 272 273 274 275 276 277 278 279 280 281 282 283 284 285 286 287
 288 289 290 291 292 293 294 295 296 297 298 299 300 301 302 303 304 305
 306 307 308 309 310 311 312 313 314 315 316 317 318 319 320 321 322 323
 324 325 326 327 328 329 330 331 332 333 334 335 336 337 338 339 340 341
 342 343 344 345 346 347 348 349 350 351 352 353 354 355 356 357 358 359
 360 361 362 363 364 365 366 367 368 369 370 371 372 373 374 375 376 377
 378 379 380 381 382 383 384 385 386 387 388 389 390 391 392 393 394 395
 396 397 398 399 400 401 402 403 404 405 406 407 408 409 410 411 412 413
 414 415 416 417 418 419 420 421 422 423 424 425 426 427 428 429 430 431
 432 433 434 435 436 437 438 439 440 441 442 443 444 445 446 447 448 449
 450 451 452 453 454 455 456 457 458 459 460 461 462 463 464 465 466 467
 468 469 470 471 472 473 474 475 476 477 478 479 480]
段内是否有预测为异常的时间点: True
真实异常维度 (0-based): [0, 1, 2]
段内检测到的异常时间点索引 (相对段内): [  0   1   2   3   4   5   6   7   8   9  10  11  12  13  14  15  16  17
  18  19  20  21  22  23  24  25  26  27  28  29  30  31  32  33  34  35
  36  37  38  39  40  41  42  43  44  45  46  47  48  49  50  51  52  53
  54  55  56  57  58  59  60  61  62  63  64  65  66  67  68  69  70  71
  72  73  74  75  76  77  78  79  80  81  82  83  84  85  86  87  88  89
  90  91  92  93  94  95  96  97  98  99 100 101 102 103 104 105 106 107
 108 109 110 111 112 113 114 115 116 117 118 119 120 121 122 123 124 125
 126 127 128 129 130 131 132 133 134 135 136 137 138 139 140 141 142 143
 144 145 146 147 148 149 150 151 152 153 154 155 156 157 158 159 160 161
 162 163 164 165 166 167 168 169 170 171 172 173 174 175 176 177 178 179
 180 181 182 183 184 185 186 187 188 189 190 191 192 193 194 195 196 197
 198 199 200 201 202 203 204 205 206 207 208 209 210 211 212 213 214 215
 216 217 218 219 220 221 222 223 224 225 226 227 228 229 230 231 232 233
 234 235 236 237 238 239 240 241 242 243 244 245 246 247 248 249 250 251
 252 253 254 255 256 257 258 259 260 261 262 263 264 265 266 267 268 269
 270 271 272 273 274 275 276 277 278 279 280 281 282 283 284 285 286 287
 288 289 290 291 292 293 294 295 296 297 298 299 300 301 302 303 304 305
 306 307 308 309 310 311 312 313 314 315 316 317 318 319 320 321 322 323
 324 325 326 327 328 329 330 331 332 333 334 335 336 337 338 339 340 341
 342 343 344 345 346 347 348 349 350 351 352 353 354 355 356 357 358 359
 360 361 362 363 364 365 366 367 368 369 370 371 372 373 374 375 376 377
 378 379 380 381 382 383 384 385 386 387 388 389 390 391 392 393 394 395
 396 397 398 399 400 401 402 403 404 405 406 407 408 409 410 411 412 413
 414 415 416 417 418 419 420 421 422 423 424 425 426 427 428 429 430 431
 432 433 434 435 436 437 438 439 440 441 442 443 444 445 446 447 448 449
 450 451 452 453 454 455 456 457 458 459 460 461 462 463 464 465 466 467
 468 469 470 471 472 473 474 475 476 477 478 479 480 481]
选择的维度数量 (k): 7 (基于真实异常维度数的 100%)
推断的异常维度 (0-based): [4, 7, 8, 9, 10, 12, 13, 16, 17, 26, 28]
真实与推断的交集: []
段内指标: TP=0, FP=11, FN=3, TN=24, IPS=0.0000

=== 处理第 24/28 段 ===
原始段范围: orig_start=19459, orig_end=19462
调整后段范围: start=19360, end=19363
段内真实标签 (seg_true): [1. 1. 1. 1.]
段内预测标签 (seg_pred): [ True  True  True  True]
段内真实异常时间点索引 (相对段内): [0 1 2 3]
段内是否有预测为异常的时间点: True
真实异常维度 (0-based): [0, 1, 2, 3, 9, 10, 11, 18, 19, 20, 21, 22, 24, 27, 30, 34, 35, 36, 37]
段内检测到的异常时间点索引 (相对段内): [0 1 2 3]
选择的维度数量 (k): 7 (基于真实异常维度数的 100%)
推断的异常维度 (0-based): [4, 7, 8, 9, 16, 17, 26, 28]
真实与推断的交集: [9]
段内指标: TP=1, FP=7, FN=18, TN=12, IPS=0.0526

=== 处理第 25/28 段 ===
原始段范围: orig_start=20897, orig_end=20903
调整后段范围: start=20798, end=20804
段内真实标签 (seg_true): [1. 1. 1. 1. 1. 1. 0.]
段内预测标签 (seg_pred): [ True  True  True  True  True  True False]
段内真实异常时间点索引 (相对段内): [0 1 2 3 4 5]
段内是否有预测为异常的时间点: True
真实异常维度 (0-based): [9, 10, 11, 12]
段内检测到的异常时间点索引 (相对段内): [0 1 2 3 4 5]
选择的维度数量 (k): 7 (基于真实异常维度数的 100%)
推断的异常维度 (0-based): [4, 7, 8, 9, 16, 17, 26, 28]
真实与推断的交集: [9]
段内指标: TP=1, FP=7, FN=3, TN=27, IPS=0.2500

=== 处理第 26/28 段 ===
原始段范围: orig_start=21878, orig_end=21893
调整后段范围: start=21779, end=21794
段内真实标签 (seg_true): [1. 1. 1. 1. 1. 1. 1. 1. 1. 1. 1. 1. 1. 1. 1. 0.]
段内预测标签 (seg_pred): [ True  True  True  True  True  True  True  True  True  True  True  True
  True  True  True  True]
段内真实异常时间点索引 (相对段内): [ 0  1  2  3  4  5  6  7  8  9 10 11 12 13 14]
段内是否有预测为异常的时间点: True
真实异常维度 (0-based): [17]
段内检测到的异常时间点索引 (相对段内): [ 0  1  2  3  4  5  6  7  8  9 10 11 12 13 14 15]
选择的维度数量 (k): 7 (基于真实异常维度数的 100%)
推断的异常维度 (0-based): [4, 7, 9, 10, 15, 16, 17, 26, 28]
真实与推断的交集: [17]
段内指标: TP=1, FP=8, FN=0, TN=29, IPS=1.0000

=== 处理第 27/28 段 ===
原始段范围: orig_start=22339, orig_end=22342
调整后段范围: start=22240, end=22243
段内真实标签 (seg_true): [1. 1. 1. 0.]
段内预测标签 (seg_pred): [ True  True  True False]
段内真实异常时间点索引 (相对段内): [0 1 2]
段内是否有预测为异常的时间点: True
真实异常维度 (0-based): [9, 10, 11, 12]
段内检测到的异常时间点索引 (相对段内): [0 1 2]
选择的维度数量 (k): 7 (基于真实异常维度数的 100%)
推断的异常维度 (0-based): [4, 7, 8, 16, 17, 26, 28]
真实与推断的交集: []
段内指标: TP=0, FP=7, FN=4, TN=27, IPS=0.0000

=== 处理第 28/28 段 ===
原始段范围: orig_start=23159, orig_end=23180
调整后段范围: start=23060, end=23081
段内真实标签 (seg_true): [1. 1. 1. 1. 1. 1. 1. 1. 1. 1. 1. 1. 1. 1. 1. 1. 1. 1. 1. 1. 1. 0.]
段内预测标签 (seg_pred): [ True  True  True  True  True  True  True  True  True  True  True  True
  True  True  True  True  True  True  True  True  True  True]
段内真实异常时间点索引 (相对段内): [ 0  1  2  3  4  5  6  7  8  9 10 11 12 13 14 15 16 17 18 19 20]
段内是否有预测为异常的时间点: True
真实异常维度 (0-based): [0, 1, 2, 3, 18, 20, 21, 27, 30]
段内检测到的异常时间点索引 (相对段内): [ 0  1  2  3  4  5  6  7  8  9 10 11 12 13 14 15 16 17 18 19 20 21]
选择的维度数量 (k): 7 (基于真实异常维度数的 100%)
推断的异常维度 (0-based): [4, 7, 9, 16, 17, 26, 28]
真实与推断的交集: []
段内指标: TP=0, FP=7, FN=9, TN=22, IPS=0.0000

=== 汇总指标 ===
总 TP: 24, 总 TN: 692, 总 FP: 206, 总 FN: 142
平均 IPS: 0.0767, Precision: 0.1043, Recall: 0.1446, F1: 0.1212
每段IPS与混淆: [{'original_start': 739, 'original_end': 742, 'start': 640, 'end': 643, 'TP': 1, 'TN': 27, 'FP': 7, 'FN': 3, 'IPS': 0.25, 'k_selected': 7, 'gt_dims_count': 4}, {'original_start': 1808, 'original_end': 1814, 'start': 1709, 'end': 1715, 'TP': 1, 'TN': 30, 'FP': 7, 'FN': 0, 'IPS': 1.0, 'k_selected': 7, 'gt_dims_count': 1}, {'original_start': 2179, 'original_end': 2182, 'start': 2080, 'end': 2083, 'TP': 1, 'TN': 27, 'FP': 7, 'FN': 3, 'IPS': 0.25, 'k_selected': 7, 'gt_dims_count': 4}, {'original_start': 3619, 'original_end': 3622, 'start': 3520, 'end': 3523, 'TP': 1, 'TN': 27, 'FP': 7, 'FN': 3, 'IPS': 0.25, 'k_selected': 7, 'gt_dims_count': 4}, {'original_start': 4561, 'original_end': 4578, 'start': 4462, 'end': 4479, 'TP': 2, 'TN': 7, 'FP': 7, 'FN': 22, 'IPS': 0.08333333333333333, 'k_selected': 7, 'gt_dims_count': 24}, {'original_start': 4564, 'original_end': 4567, 'start': 4465, 'end': 4468, 'TP': 1, 'TN': 7, 'FP': 7, 'FN': 23, 'IPS': 0.041666666666666664, 'k_selected': 7, 'gt_dims_count': 24}, {'original_start': 5059, 'original_end': 5062, 'start': 4960, 'end': 4963, 'TP': 1, 'TN': 27, 'FP': 7, 'FN': 3, 'IPS': 0.25, 'k_selected': 7, 'gt_dims_count': 4}, {'original_start': 5449, 'original_end': 5453, 'start': 5350, 'end': 5354, 'TP': 1, 'TN': 25, 'FP': 8, 'FN': 4, 'IPS': 0.2, 'k_selected': 7, 'gt_dims_count': 5}, {'original_start': 6499, 'original_end': 6502, 'start': 6400, 'end': 6403, 'TP': 1, 'TN': 27, 'FP': 7, 'FN': 3, 'IPS': 0.25, 'k_selected': 7, 'gt_dims_count': 4}, {'original_start': 7939, 'original_end': 7942, 'start': 7840, 'end': 7843, 'TP': 1, 'TN': 27, 'FP': 7, 'FN': 3, 'IPS': 0.25, 'k_selected': 7, 'gt_dims_count': 4}, {'original_start': 8407, 'original_end': 8414, 'start': 8308, 'end': 8315, 'TP': 1, 'TN': 24, 'FP': 9, 'FN': 4, 'IPS': 0.2, 'k_selected': 7, 'gt_dims_count': 5}, {'original_start': 9737, 'original_end': 9740, 'start': 9638, 'end': 9641, 'TP': 1, 'TN': 26, 'FP': 9, 'FN': 2, 'IPS': 0.3333333333333333, 'k_selected': 7, 'gt_dims_count': 3}, {'original_start': 10819, 'original_end': 10822, 'start': 10720, 'end': 10723, 'TP': 1, 'TN': 27, 'FP': 7, 'FN': 3, 'IPS': 0.25, 'k_selected': 7, 'gt_dims_count': 4}, {'original_start': 12259, 'original_end': 12262, 'start': 12160, 'end': 12163, 'TP': 1, 'TN': 27, 'FP': 7, 'FN': 3, 'IPS': 0.25, 'k_selected': 7, 'gt_dims_count': 4}, {'original_start': 13699, 'original_end': 13702, 'start': 13600, 'end': 13603, 'TP': 1, 'TN': 27, 'FP': 7, 'FN': 3, 'IPS': 0.25, 'k_selected': 7, 'gt_dims_count': 4}, {'original_start': 13827, 'original_end': 13830, 'start': 13728, 'end': 13731, 'TP': 1, 'TN': 29, 'FP': 8, 'FN': 0, 'IPS': 1.0, 'k_selected': 7, 'gt_dims_count': 1}, {'original_start': 14476, 'original_end': 14486, 'start': 14377, 'end': 14387, 'TP': 0, 'TN': 30, 'FP': 7, 'FN': 1, 'IPS': 0.0, 'k_selected': 7, 'gt_dims_count': 1}, {'original_start': 15139, 'original_end': 15142, 'start': 15040, 'end': 15043, 'TP': 1, 'TN': 27, 'FP': 7, 'FN': 3, 'IPS': 0.25, 'k_selected': 7, 'gt_dims_count': 4}, {'original_start': 16199, 'original_end': 16212, 'start': 16100, 'end': 16113, 'TP': 1, 'TN': 28, 'FP': 6, 'FN': 3, 'IPS': 0.25, 'k_selected': 7, 'gt_dims_count': 4}, {'original_start': 16579, 'original_end': 16582, 'start': 16480, 'end': 16483, 'TP': 0, 'TN': 20, 'FP': 8, 'FN': 10, 'IPS': 0.0, 'k_selected': 7, 'gt_dims_count': 10}, {'original_start': 18019, 'original_end': 18022, 'start': 17920, 'end': 17923, 'TP': 1, 'TN': 27, 'FP': 7, 'FN': 3, 'IPS': 0.25, 'k_selected': 7, 'gt_dims_count': 4}, {'original_start': 19081, 'original_end': 19088, 'start': 18982, 'end': 18989, 'TP': 1, 'TN': 28, 'FP': 6, 'FN': 3, 'IPS': 0.25, 'k_selected': 7, 'gt_dims_count': 4}, {'original_start': 19349, 'original_end': 19830, 'start': 19250, 'end': 19731, 'TP': 0, 'TN': 24, 'FP': 11, 'FN': 3, 'IPS': 0.0, 'k_selected': 7, 'gt_dims_count': 3}, {'original_start': 19459, 'original_end': 19462, 'start': 19360, 'end': 19363, 'TP': 1, 'TN': 12, 'FP': 7, 'FN': 18, 'IPS': 0.05263157894736842, 'k_selected': 7, 'gt_dims_count': 19}, {'original_start': 20897, 'original_end': 20903, 'start': 20798, 'end': 20804, 'TP': 1, 'TN': 27, 'FP': 7, 'FN': 3, 'IPS': 0.25, 'k_selected': 7, 'gt_dims_count': 4}, {'original_start': 21878, 'original_end': 21893, 'start': 21779, 'end': 21794, 'TP': 1, 'TN': 29, 'FP': 8, 'FN': 0, 'IPS': 1.0, 'k_selected': 7, 'gt_dims_count': 1}, {'original_start': 22339, 'original_end': 22342, 'start': 22240, 'end': 22243, 'TP': 0, 'TN': 27, 'FP': 7, 'FN': 4, 'IPS': 0.0, 'k_selected': 7, 'gt_dims_count': 4}, {'original_start': 23159, 'original_end': 23180, 'start': 23060, 'end': 23081, 'TP': 0, 'TN': 22, 'FP': 7, 'FN': 9, 'IPS': 0.0, 'k_selected': 7, 'gt_dims_count': 9}]
总和: {'TP': 24, 'TN': 692, 'FP': 206, 'FN': 142, 'IPS': 0.07666745693061482, 'precision': 0.10434782608695652, 'recall': 0.14457831325301204, 'F1': 0.12121212121212122}
test end time:  2025-06-21 02:33:10
test time:  322.971652507782
==============================result==============================
{'FN': 0.0,
 'FP': 1371.0,
 'TN': 21601.0,
 'TP': 632.0,
 'best-f1': 0.4796927446528538,
 'best_valid_loss': -58.865557880480495,
 'dataset': 'machine-3-3',
 'latency': 2.9230656805166135,
 'pot-FN': 0.0,
 'pot-FP': 11745.0,
 'pot-TN': 11227.0,
 'pot-TP': 632.0,
 'pot-f1': 0.09716257761890358,
 'pot-latency': 0.038461390533113336,
 'pot-precision': 0.05106245451154363,
 'pot-recall': 0.9999999841772155,
 'pot-threshold': -45.018356,
 'precision': 0.3155267083598267,
 'pred_time': 0.3311552411658063,
 'pred_total_time': 156.92142796516418,
 'recall': 0.9999999841772155,
 'segment_results': [{'FN': 3,
                      'FP': 7,
                      'IPS': 0.25,
                      'TN': 27,
                      'TP': 1,
                      'end': 643,
                      'gt_dims_count': 4,
                      'k_selected': 7,
                      'original_end': 742,
                      'original_start': 739,
                      'start': 640},
                     {'FN': 0,
                      'FP': 7,
                      'IPS': 1.0,
                      'TN': 30,
                      'TP': 1,
                      'end': 1715,
                      'gt_dims_count': 1,
                      'k_selected': 7,
                      'original_end': 1814,
                      'original_start': 1808,
                      'start': 1709},
                     {'FN': 3,
                      'FP': 7,
                      'IPS': 0.25,
                      'TN': 27,
                      'TP': 1,
                      'end': 2083,
                      'gt_dims_count': 4,
                      'k_selected': 7,
                      'original_end': 2182,
                      'original_start': 2179,
                      'start': 2080},
                     {'FN': 3,
                      'FP': 7,
                      'IPS': 0.25,
                      'TN': 27,
                      'TP': 1,
                      'end': 3523,
                      'gt_dims_count': 4,
                      'k_selected': 7,
                      'original_end': 3622,
                      'original_start': 3619,
                      'start': 3520},
                     {'FN': 22,
                      'FP': 7,
                      'IPS': 0.08333333333333333,
                      'TN': 7,
                      'TP': 2,
                      'end': 4479,
                      'gt_dims_count': 24,
                      'k_selected': 7,
                      'original_end': 4578,
                      'original_start': 4561,
                      'start': 4462},
                     {'FN': 23,
                      'FP': 7,
                      'IPS': 0.041666666666666664,
                      'TN': 7,
                      'TP': 1,
                      'end': 4468,
                      'gt_dims_count': 24,
                      'k_selected': 7,
                      'original_end': 4567,
                      'original_start': 4564,
                      'start': 4465},
                     {'FN': 3,
                      'FP': 7,
                      'IPS': 0.25,
                      'TN': 27,
                      'TP': 1,
                      'end': 4963,
                      'gt_dims_count': 4,
                      'k_selected': 7,
                      'original_end': 5062,
                      'original_start': 5059,
                      'start': 4960},
                     {'FN': 4,
                      'FP': 8,
                      'IPS': 0.2,
                      'TN': 25,
                      'TP': 1,
                      'end': 5354,
                      'gt_dims_count': 5,
                      'k_selected': 7,
                      'original_end': 5453,
                      'original_start': 5449,
                      'start': 5350},
                     {'FN': 3,
                      'FP': 7,
                      'IPS': 0.25,
                      'TN': 27,
                      'TP': 1,
                      'end': 6403,
                      'gt_dims_count': 4,
                      'k_selected': 7,
                      'original_end': 6502,
                      'original_start': 6499,
                      'start': 6400},
                     {'FN': 3,
                      'FP': 7,
                      'IPS': 0.25,
                      'TN': 27,
                      'TP': 1,
                      'end': 7843,
                      'gt_dims_count': 4,
                      'k_selected': 7,
                      'original_end': 7942,
                      'original_start': 7939,
                      'start': 7840},
                     {'FN': 4,
                      'FP': 9,
                      'IPS': 0.2,
                      'TN': 24,
                      'TP': 1,
                      'end': 8315,
                      'gt_dims_count': 5,
                      'k_selected': 7,
                      'original_end': 8414,
                      'original_start': 8407,
                      'start': 8308},
                     {'FN': 2,
                      'FP': 9,
                      'IPS': 0.3333333333333333,
                      'TN': 26,
                      'TP': 1,
                      'end': 9641,
                      'gt_dims_count': 3,
                      'k_selected': 7,
                      'original_end': 9740,
                      'original_start': 9737,
                      'start': 9638},
                     {'FN': 3,
                      'FP': 7,
                      'IPS': 0.25,
                      'TN': 27,
                      'TP': 1,
                      'end': 10723,
                      'gt_dims_count': 4,
                      'k_selected': 7,
                      'original_end': 10822,
                      'original_start': 10819,
                      'start': 10720},
                     {'FN': 3,
                      'FP': 7,
                      'IPS': 0.25,
                      'TN': 27,
                      'TP': 1,
                      'end': 12163,
                      'gt_dims_count': 4,
                      'k_selected': 7,
                      'original_end': 12262,
                      'original_start': 12259,
                      'start': 12160},
                     {'FN': 3,
                      'FP': 7,
                      'IPS': 0.25,
                      'TN': 27,
                      'TP': 1,
                      'end': 13603,
                      'gt_dims_count': 4,
                      'k_selected': 7,
                      'original_end': 13702,
                      'original_start': 13699,
                      'start': 13600},
                     {'FN': 0,
                      'FP': 8,
                      'IPS': 1.0,
                      'TN': 29,
                      'TP': 1,
                      'end': 13731,
                      'gt_dims_count': 1,
                      'k_selected': 7,
                      'original_end': 13830,
                      'original_start': 13827,
                      'start': 13728},
                     {'FN': 1,
                      'FP': 7,
                      'IPS': 0.0,
                      'TN': 30,
                      'TP': 0,
                      'end': 14387,
                      'gt_dims_count': 1,
                      'k_selected': 7,
                      'original_end': 14486,
                      'original_start': 14476,
                      'start': 14377},
                     {'FN': 3,
                      'FP': 7,
                      'IPS': 0.25,
                      'TN': 27,
                      'TP': 1,
                      'end': 15043,
                      'gt_dims_count': 4,
                      'k_selected': 7,
                      'original_end': 15142,
                      'original_start': 15139,
                      
'start': 15040},
                     {'FN': 3,
                      'FP': 6,
                      'IPS': 0.25,
                      'TN': 28,
                      'TP': 1,
                      'end': 16113,
                      'gt_dims_count': 4,
                      'k_selected': 7,
                      'original_end': 16212,
                      'original_start': 16199,
                      'start': 16100},
                     {'FN': 10,
                      'FP': 8,
                      'IPS': 0.0,
                      'TN': 20,
                      'TP': 0,
                      'end': 16483,
                      'gt_dims_count': 10,
                      'k_selected': 7,
                      'original_end': 16582,
                      'original_start': 16579,
                      'start': 16480},
                     {'FN': 3,
                      'FP': 7,
                      'IPS': 0.25,
                      'TN': 27,
                      'TP': 1,
                      'end': 17923,
                      'gt_dims_count': 4,
                      'k_selected': 7,
                      'original_end': 18022,
                      'original_start': 18019,
                      'start': 17920},
                     {'FN': 3,
                      'FP': 6,
                      'IPS': 0.25,
                      'TN': 28,
                      'TP': 1,
                      'end': 18989,
                      'gt_dims_count': 4,
                      'k_selected': 7,
                      'original_end': 19088,
                      'original_start': 19081,
                      'start': 18982},
                     {'FN': 3,
                      'FP': 11,
                      'IPS': 0.0,
                      'TN': 24,
                      'TP': 0,
                      'end': 19731,
                      'gt_dims_count': 3,
                      'k_selected': 7,
                      'original_end': 19830,
                      'original_start': 19349,
                      'start': 19250},
                     {'FN': 18,
                      'FP': 7,
                      'IPS': 0.05263157894736842,
                      'TN': 12,
                      'TP': 1,
                      'end': 19363,
                      'gt_dims_count': 19,
                      'k_selected': 7,
                      'original_end': 19462,
                      'original_start': 19459,
                      'start': 19360},
                     {'FN': 3,
                      'FP': 7,
                      'IPS': 0.25,
                      'TN': 27,
                      'TP': 1,
                      'end': 20804,
                      'gt_dims_count': 4,
                      'k_selected': 7,
                      'original_end': 20903,
                      'original_start': 20897,
                      'start': 20798},
                     {'FN': 0,
                      'FP': 8,
                      'IPS': 1.0,
                      'TN': 29,
                      'TP': 1,
                      'end': 21794,
                      'gt_dims_count': 1,
                      'k_selected': 7,
                      'original_end': 21893,
                      'original_start': 21878,
                      'start': 21779},
                     {'FN': 4,
                      'FP': 7,
                      'IPS': 0.0,
                      'TN': 27,
                      'TP': 0,
                      'end': 22243,
                      'gt_dims_count': 4,
                      'k_selected': 7,
                      'original_end': 22342,
                      'original_start': 22339,
                      'start': 22240},
                     {'FN': 9,
                      'FP': 7,
                      'IPS': 0.0,
                      'TN': 22,
                      'TP': 0,
                      'end': 23081,
                      'gt_dims_count': 9,
                      'k_selected': 7,
                      'original_end': 23180,
                      'original_start': 23159,
                      'start': 23060}],
 'segment_summary': {'F1': 0.12121212121212122,
                     'FN': 142,
                     'FP': 206,
                     'IPS': 0.07666745693061482,
                     'TN': 692,
                     'TP': 24,
                     'precision': 0.10434782608695652,
                     'recall': 0.14457831325301204},
 'threshold': -399.0,
 'train_time': 345.24244899749755,
 'valid_time': 0.33046248676717704}
