2025-06-20 21:20:47.856920: I tensorflow/core/platform/cpu_feature_guard.cc:141] Your CPU supports instructions that this TensorFlow binary was not compiled to use: AVX2 AVX512F FMA
Configurations
===========================================
{'batch_size': 50,
 'bf_search_max': 400.0,
 'bf_search_min': -400.0,
 'bf_search_step_size': 1.0,
 'dataset': 'machine-2-7',
 'dense_dim': 500,
 'early_stop': True,
 'get_score_on_dim': True,
 'gradient_clip_norm': 10.0,
 'initial_lr': 0.001,
 'l2_reg': 0.0001,
 'level': 0.0075,
 'lr_anneal_epoch_freq': 40,
 'lr_anneal_factor': 0.5,
 'lr_anneal_step_freq': None,
 'max_epoch': 10,
 'max_test_size': None,
 'max_train_size': None,
 'nf_layers': 20,
 'percentage_Dimension': 20.0,
 'posterior_flow_type': 'nf',
 'restore_dir': None,
 'result_dir': 'result',
 'rnn_cell': 'GRU',
 'rnn_num_hidden': 500,
 'save_dir': 'model',
 'save_z': False,
 'std_epsilon': 0.0001,
 'test_batch_size': 50,
 'test_n_z': 1,
 'test_score_filename': 'test_score.pkl',
 'test_start': 0,
 'train_score_filename': 'train_score.pkl',
 'train_start': 0,
 'use_connected_z_p': True,
 'use_connected_z_q': True,
 'valid_step_freq': 100,
 'window_length': 100,
 'x_dim': 38,
 'z_dim': 3}

train start time:  2025-06-20 21:20:12
load data of: machine-2-7
train:  0 None
test:  0 None
Data normalized
Data normalized
train set shape:  (23696, 38)
test set shape:  (23696, 38)
test set label shape:  (23696,)
Trainable Parameters                                            (2,607,740 in total)
------------------------------------------------------------------------------------
model/q_z_given_x/rnn_q_z/rnn/gru_cell/gates/kernel             (538, 1000)  538,000
model/q_z_given_x/rnn_q_z/rnn/gru_cell/gates/bias               (1000,)        1,000
model/q_z_given_x/rnn_q_z/rnn/gru_cell/candidate/kernel         (538, 500)   269,000
model/q_z_given_x/rnn_q_z/rnn/gru_cell/candidate/bias           (500,)           500
model/q_z_given_x/rnn_q_z/dense/kernel                          (500, 500)   250,000
model/q_z_given_x/rnn_q_z/dense/bias                            (500,)           500
model/q_z_given_x/rnn_q_z/dense_1/kernel                        (500, 500)   250,000
model/q_z_given_x/rnn_q_z/dense_1/bias                          (500,)           500
model/vae/variational/z_mean/kernel                             (503, 3)       1,509
model/vae/variational/z_mean/bias                               (3,)               3
model/vae/variational/z_std/kernel                              (503, 3)       1,509
model/vae/variational/z_std/bias                                (3,)               3
model/posterior_flow/_0/w                                       (1, 3)             3
model/posterior_flow/_0/b                                       (1,)               1
model/posterior_flow/_0/u                                       (1, 3)             3
model/posterior_flow/_1/w                                       (1, 3)             3
model/posterior_flow/_1/b                                       (1,)               1
model/posterior_flow/_1/u                                       (1, 3)             3
model/posterior_flow/_2/w                                       (1, 3)             3
model/posterior_flow/_2/b                                       (1,)               1
model/posterior_flow/_2/u                                       (1, 3)             3
model/posterior_flow/_3/w                                       (1, 3)             3
model/posterior_flow/_3/b                                       (1,)               1
model/posterior_flow/_3/u                                       (1, 3)             3
model/posterior_flow/_4/w                                       (1, 3)             3
model/posterior_flow/_4/b                                       (1,)               1
model/posterior_flow/_4/u                                       (1, 3)             3
model/posterior_flow/_5/w                                       (1, 3)             3
model/posterior_flow/_5/b                                       (1,)               1
model/posterior_flow/_5/u                                       (1, 3)             3
model/posterior_flow/_6/w                                       (1, 3)             3
model/posterior_flow/_6/b                                       (1,)               1
model/posterior_flow/_6/u                                       (1, 3)             3
model/posterior_flow/_7/w                                       (1, 3)             3
model/posterior_flow/_7/b                                       (1,)               1
model/posterior_flow/_7/u                                       (1, 3)             3
model/posterior_flow/_8/w                                       (1, 3)             3
model/posterior_flow/_8/b                                       (1,)               1
model/posterior_flow/_8/u                                       (1, 3)             3
model/posterior_flow/_9/w                                       (1, 3)             3
model/posterior_flow/_9/b                                       (1,)               1
model/posterior_flow/_9/u                                       (1, 3)             3
model/posterior_flow/_10/w                                      (1, 3)             3
model/posterior_flow/_10/b                                      (1,)               1
model/posterior_flow/_10/u                                      (1, 3)             3
model/posterior_flow/_11/w                                      (1, 3)             3
model/posterior_flow/_11/b                                      (1,)               1
model/posterior_flow/_11/u                                      (1, 3)             3
model/posterior_flow/_12/w                                      (1, 3)             3
model/posterior_flow/_12/b                                      (1,)               1
model/posterior_flow/_12/u                                      (1, 3)             3
model/posterior_flow/_13/w                                      (1, 3)             3
model/posterior_flow/_13/b                                      (1,)               1
model/posterior_flow/_13/u                                      (1, 3)             3
model/posterior_flow/_14/w                                      (1, 3)             3
model/posterior_flow/_14/b                                      (1,)               1
model/posterior_flow/_14/u                                      (1, 3)             3
model/posterior_flow/_15/w                                      (1, 3)             3
model/posterior_flow/_15/b                                      (1,)               1
model/posterior_flow/_15/u                                      (1, 3)             3
model/posterior_flow/_16/w                                      (1, 3)             3
model/posterior_flow/_16/b                                      (1,)               1
model/posterior_flow/_16/u                                      (1, 3)             3
model/posterior_flow/_17/w                                      (1, 3)             3
model/posterior_flow/_17/b                                      (1,)               1
model/posterior_flow/_17/u                                      (1, 3)             3
model/posterior_flow/_18/w                                      (1, 3)             3
model/posterior_flow/_18/b                                      (1,)               1
model/posterior_flow/_18/u                                      (1, 3)             3
model/posterior_flow/_19/w                                      (1, 3)             3
model/posterior_flow/_19/b                                      (1,)               1
model/posterior_flow/_19/u                                      (1, 3)             3
model/p_x_given_z/hidden/rnn_p_x/rnn/gru_cell/gates/kernel      (503, 1000)  503,000
model/p_x_given_z/hidden/rnn_p_x/rnn/gru_cell/gates/bias        (1000,)        1,000
model/p_x_given_z/hidden/rnn_p_x/rnn/gru_cell/candidate/kernel  (503, 500)   251,500
model/p_x_given_z/hidden/rnn_p_x/rnn/gru_cell/candidate/bias    (500,)           500
model/p_x_given_z/hidden/rnn_p_x/dense/kernel                   (500, 500)   250,000
model/p_x_given_z/hidden/rnn_p_x/dense/bias                     (500,)           500
model/p_x_given_z/hidden/rnn_p_x/dense_1/kernel                 (500, 500)   250,000
model/p_x_given_z/hidden/rnn_p_x/dense_1/bias                   (500,)           500
model/p_x_given_z/x_mean/kernel                                 (500, 38)     19,000
model/p_x_given_z/x_mean/bias                                   (38,)             38
model/p_x_given_z/x_std/kernel                                  (500, 38)     19,000
model/p_x_given_z/x_std/bias                                    (38,)             38/home/hz/anaconda3/envs/py36/lib/python3.6/site-packages/tensorflow/python/framework/dtypes.py:523: FutureWarning: Passing (type, 1) or '1type' as a synonym of type is deprecated; in a future version of numpy, it will be understood as (type, (1,)) / '(1,)type'.
  _np_qint8 = np.dtype([("qint8", np.int8, 1)])
/home/hz/anaconda3/envs/py36/lib/python3.6/site-packages/tensorflow/python/framework/dtypes.py:524: FutureWarning: Passing (type, 1) or '1type' as a synonym of type is deprecated; in a future version of numpy, it will be understood as (type, (1,)) / '(1,)type'.
  _np_quint8 = np.dtype([("quint8", np.uint8, 1)])
/home/hz/anaconda3/envs/py36/lib/python3.6/site-packages/tensorflow/python/framework/dtypes.py:525: FutureWarning: Passing (type, 1) or '1type' as a synonym of type is deprecated; in a future version of numpy, it will be understood as (type, (1,)) / '(1,)type'.
  _np_qint16 = np.dtype([("qint16", np.int16, 1)])
/home/hz/anaconda3/envs/py36/lib/python3.6/site-packages/tensorflow/python/framework/dtypes.py:526: FutureWarning: Passing (type, 1) or '1type' as a synonym of type is deprecated; in a future version of numpy, it will be understood as (type, (1,)) / '(1,)type'.
  _np_quint16 = np.dtype([("quint16", np.uint16, 1)])
/home/hz/anaconda3/envs/py36/lib/python3.6/site-packages/tensorflow/python/framework/dtypes.py:527: FutureWarning: Passing (type, 1) or '1type' as a synonym of type is deprecated; in a future version of numpy, it will be understood as (type, (1,)) / '(1,)type'.
  _np_qint32 = np.dtype([("qint32", np.int32, 1)])
/home/hz/anaconda3/envs/py36/lib/python3.6/site-packages/tensorflow/python/framework/dtypes.py:532: FutureWarning: Passing (type, 1) or '1type' as a synonym of type is deprecated; in a future version of numpy, it will be understood as (type, (1,)) / '(1,)type'.
  np_resource = np.dtype([("resource", np.ubyte, 1)])
/home/hz/anaconda3/envs/py36/lib/python3.6/site-packages/tfsnippet/utils/tfver.py:22: DeprecationWarning: Function 'semver.compare' is deprecated. Deprecated since version 2.10.0.  This function will be removed in semver 3. Use the respective 'semver.VersionInfo.compare' instead.
  compare_result = semver.compare(version, tf.__version__)
/home/hz/anaconda3/envs/py36/lib/python3.6/site-packages/tfsnippet/utils/tfver.py:22: DeprecationWarning: Function 'semver.compare' is deprecated. Deprecated since version 2.10.0.  This function will be removed in semver 3. Use the respective 'semver.VersionInfo.compare' instead.
  compare_result = semver.compare(version, tf.__version__)
INFO:tensorflow:Restoring parameters from /tmp/tmpby4cxu5b/variables.dat-3000
2025-06-20 23:46:43,595 [INFO] tensorflow: Restoring parameters from /tmp/tmpby4cxu5b/variables.dat-3000


train_values: (16588, 38)
[Epoch 1/10, Step 100] step time: 3.158s (±13.73s); train time: 3m 3.2s; valid time: 2m 12.77s; loss: 140391 (±1.20263e+06); valid loss: -34.2315 (*)
[Epoch 1/10, Step 200] step time: 2.806s (±12.97s); train time: 2m 30.2s; valid time: 2m 10.47s; loss: -49.8713 (±6.30832); valid loss: -37.4469 (*)
[Epoch 1/10, Step 300] step time: 2.668s (±11.43s); train time: 2m 31.43s; valid time: 1m 55.54s; loss: -51.7303 (±7.02353); valid loss: -51.3307 (*)
train_values: (16588, 38)
[Epoch 2/10, Step 400, ETA 2h 30m 57.3s] step time: 3.898s (±19.47s); train time: 2m 32.63s; valid time: 3m 15.96s; loss: -54.596 (±6.14468); valid loss: -50.5404
[Epoch 2/10, Step 500, ETA 2h 23m 11.67s] step time: 2.86s (±12.8s); train time: 2m 37.71s; valid time: 2m 8.406s; loss: -58.5743 (±4.55412); valid loss: -57.2664 (*)
[Epoch 2/10, Step 600, ETA 2h 16m 10.83s] step time: 2.827s (±12.29s); train time: 2m 39.68s; valid time: 2m 3.087s; loss: -59.4154 (±5.35406); valid loss: -57.1151
train_values: (16588, 38)
[Epoch 3/10, Step 700, ETA 2h 9m 37.37s] step time: 2.793s (±12.34s); train time: 1m 6.795s; valid time: 2m 4.058s; loss: -59.0332 (±6.18878); valid loss: -47.5813
[Epoch 3/10, Step 800, ETA 2h 5m 58.67s] step time: 3.264s (±18.04s); train time: 2m 25.21s; valid time: 3m 1.284s; loss: -61.6986 (±4.44381); valid loss: -53.2568
[Epoch 3/10, Step 900, ETA 2h 3m 18.67s] step time: 3.575s (±13.11s); train time: 3m 45.61s; valid time: 2m 12.01s; loss: -61.5507 (±5.67114); valid loss: -57.5219 (*)
train_values: (16588, 38)
[Epoch 4/10, Step 1000, ETA 1h 56m 16.57s] step time: 2.603s (±11.51s); train time: 18.6s; valid time: 1m 56.49s; loss: -62.0963 (±5.96665); valid loss: -24.4929
[Epoch 4/10, Step 1100, ETA 1h 49m 59.79s] step time: 2.683s (±12.15s); train time: 2m 26.3s; valid time: 2m 2.126s; loss: -62.4535 (±6.9045); valid loss: -59.5095 (*)
[Epoch 4/10, Step 1200, ETA 1h 43m 4.294s] step time: 2.357s (±10.29s); train time: 2m 12.53s; valid time: 1m 43.3s; loss: -64.2321 (±6.75348); valid loss: -61.5229 (*)
[Epoch 4/10, Step 1300, ETA 1h 36m 29.88s] step time: 2.314s (±10.74s); train time: 2m 3.762s; valid time: 1m 47.78s; loss: -63.9305 (±6.31096); valid loss: -29.4735
train_values: (16588, 38)
[Epoch 5/10, Step 1400, ETA 1h 31m 7.044s] step time: 2.672s (±12.13s); train time: 2m 2.381s; valid time: 2m 2.028s; loss: -62.5875 (±6.10489); valid loss: -62.7382 (*)
[Epoch 5/10, Step 1500, ETA 1h 25m 45.38s] step time: 2.62s (±11.73s); train time: 2m 24.8s; valid time: 1m 57.31s; loss: -64.0413 (±5.42364); valid loss: -58.2839
[Epoch 5/10, Step 1600, ETA 1h 20m 33.61s] step time: 2.643s (±12.02s); train time: 2m 23.89s; valid time: 2m 0.534s; loss: -65.4711 (±5.28333); valid loss: -56.3413
train_values: (16588, 38)
[Epoch 6/10, Step 1700, ETA 1h 15m 16.58s] step time: 2.527s (±10.73s); train time: 1m 19.44s; valid time: 1m 47.86s; loss: -66.1283 (±4.41002); valid loss: -62.7453 (*)
[Epoch 6/10, Step 1800, ETA 1h 9m 46.54s] step time: 2.284s (±10.27s); train time: 2m 5.396s; valid time: 1m 43.12s; loss: -60.784 (±24.393); valid loss: -61.3976
[Epoch 6/10, Step 1900, ETA 1h 4m 50.86s] step time: 2.608s (±12.14s); train time: 2m 18.54s; valid time: 2m 2.339s; loss: -68.7162 (±4.44588); valid loss: -59.5046
train_values: (16588, 38)
[Epoch 7/10, Step 2000, ETA 1h 11.56s] step time: 2.807s (±12.49s); train time: 40.65s; valid time: 2m 6.072s; loss: -67.9576 (±4.36918); valid loss: -45.5624
[Epoch 7/10, Step 2100, ETA 55m 29.26s] step time: 2.757s (±12.07s); train time: 2m 34.71s; valid time: 2m 1.136s; loss: -69.1369 (±4.21262); valid loss: -64.5814 (*)
[Epoch 7/10, Step 2200, ETA 50m 39.21s] step time: 2.589s (±11.4s); train time: 2m 24.64s; valid time: 1m 54.36s; loss: -68.3035 (±5.87255); valid loss: -60.1383
[Epoch 7/10, Step 2300, ETA 45m 58.56s] step time: 2.745s (±12.6s); train time: 2m 28.23s; valid time: 2m 6.373s; loss: -70.3664 (±6.27029); valid loss: -64.5691
train_values: (16588, 38)
[Epoch 8/10, Step 2400, ETA 41m 21.59s] step time: 2.83s (±12.78s); train time: 2m 30.03s; valid time: 2m 8.731s; loss: -71.0278 (±5.32948); valid loss: -69.6834 (*)
[Epoch 8/10, Step 2500, ETA 36m 41.89s] step time: 2.759s (±12.49s); train time: 2m 30.98s; valid time: 2m 5.109s; loss: -71.7622 (±4.82545); valid loss: -56.6222
[Epoch 8/10, Step 2600, ETA 32m 2.506s] step time: 2.761s (±12.12s); train time: 2m 34.84s; valid time: 2m 1.363s; loss: -72.6268 (±6.07666); valid loss: -60.7856
train_values: (16588, 38)
[Epoch 9/10, Step 2700, ETA 27m 19.45s] step time: 2.582s (±11.48s); train time: 1m 35.6s; valid time: 1m 55.33s; loss: -74.1869 (±4.31771); valid loss: -65.9954
[Epoch 9/10, Step 2800, ETA 22m 38.86s] step time: 2.622s (±11.94s); train time: 2m 22.34s; valid time: 1m 59.99s; loss: -71.178 (±8.35558); valid loss: -63.0197
[Epoch 9/10, Step 2900, ETA 18m 1.479s] step time: 2.767s (±12.41s); train time: 2m 32.68s; valid time: 2m 4.172s; loss: -73.4369 (±4.52839); valid loss: -61.2455
train_values: (16588, 38)
[Epoch 10/10, Step 3000, ETA 13m 24.54s] step time: 2.807s (±12.99s); train time: 59.44s; valid time: 2m 9.674s; loss: -74.7174 (±4.42148); valid loss: -70.792 (*)
[Epoch 10/10, Step 3100, ETA 8m 41.12s] step time: 1.797s (±7.511s); train time: 1m 43.86s; valid time: 1m 15.89s; loss: -72.268 (±8.13886); valid loss: -70.4122
[Epoch 10/10, Step 3200, ETA 4m 3.827s] step time: 1.668s (±7.407s); train time: 1m 32.4s; valid time: 1m 14.46s; loss: -74.0539 (±3.81529); valid loss: -69.268
train end time:  2025-06-20 23:46:44
train time:  8791.412832260132
test start time:  2025-06-20 23:46:44
------------------------------ testing ------------------------------
test_score shape:  (23597, 38)
test_z shape:  (23597, 100, 6)
search range:  -400.0 400.0
cur thr:  -399.0 [0.9222879896410782, 0.9836956254430538, 0.8681054947696525, 362.0, 23174.0, 6.0, 55.0, 23.99978182016527] [0.9222879896410782, 0.9836956254430538, 0.8681054947696525, 362.0, 23174.0, 6.0, 55.0, 23.99978182016527] -399.0
cur thr:  -349.0 [0.9263909326390829, 0.983827466743195, 0.8752997392014451, 365.0, 23174.0, 6.0, 52.0, 21.99981666819443] [0.9263909326390829, 0.983827466743195, 0.8752997392014451, 365.0, 23174.0, 6.0, 52.0, 21.99981666819443] -363.0
cur thr:  -299.0 [0.928116049253236, 0.9787233782254421, 0.8824939836332378, 368.0, 23172.0, 8.0, 49.0, 20.307536095876188] [0.9304627536024133, 0.9839571929423211, 0.8824939836332378, 368.0, 23174.0, 6.0, 49.0, 20.307536095876188] -347.0
cur thr:  -249.0 [0.9315018335929772, 0.9689118919971013, 0.8968824724968233, 374.0, 23168.0, 12.0, 43.0, 17.599882667448885] [0.9326633139053647, 0.9714285461966612, 0.8968824724968233, 374.0, 23169.0, 11.0, 43.0, 17.599882667448885] -258.0
cur thr:  -199.0 [0.9600917123529001, 0.9682926593099352, 0.9520383464739006, 397.0, 23167.0, 13.0, 20.0, 16.499896875644527] [0.9600917123529001, 0.9682926593099352, 0.9520383464739006, 397.0, 23167.0, 13.0, 20.0, 17.687389453815914] -218.0
cur thr:  -149.0 [0.9566186612026465, 0.9357797950509222, 0.9784172427238071, 408.0, 23152.0, 28.0, 9.0, 1.1666601852211933] [0.9641954544548724, 0.9596199297002392, 0.9688249168147502, 404.0, 23163.0, 17.0, 13.0, 15.705789965941378] -185.0
cur thr:  -99.0 [0.9386313559923979, 0.8920086200430104, 0.9904076501101283, 413.0, 23130.0, 50.0, 4.0, 1.1052573407508381] [0.9641954544548724, 0.9596199297002392, 0.9688249168147502, 404.0, 23163.0, 17.0, 13.0, 15.705789965941378] -185.0
cur thr:  -49.0 [0.8968462738104188, 0.8194444281856265, 0.9904076501101283, 413.0, 23089.0, 91.0, 4.0, 1.0526260388103221] [0.9641954544548724, 0.9596199297002392, 0.9688249168147502, 404.0, 23163.0, 17.0, 13.0, 15.705789965941378] -185.0
cur thr:  1.0 [0.7785060530565803, 0.641304337867945, 0.9904076501101283, 413.0, 22949.0, 231.0, 4.0, 0.9473634349292899] [0.9641954544548724, 0.9596199297002392, 0.9688249168147502, 404.0, 23163.0, 17.0, 13.0, 15.705789965941378] -185.0
cur thr:  51.0 [0.29573680605917757, 0.17382154808997663, 0.9904076501101283, 413.0, 21217.0, 1963.0, 4.0, 0.2105252077620644] [0.9641954544548724, 0.9596199297002392, 0.9688249168147502, 404.0, 23163.0, 17.0, 13.0, 15.705789965941378]  0%|          | 0/23597 [00:00<?, ?it/s]100%|██████████| 23597/23597 [00:00<00:00, 1418987.96it/s] -185.0
cur thr:  101.0 [0.034729399692211484, 0.01767173792529909, 0.9999999760191853, 417.0, 0.0, 23180.0, 0.0, 0.0] [0.9641954544548724, 0.9596199297002392, 0.9688249168147502, 404.0, 23163.0, 17.0, 13.0, 15.705789965941378] -185.0
cur thr:  151.0 [0.034729399692211484, 0.01767173792529909, 0.9999999760191853, 417.0, 0.0, 23180.0, 0.0, 0.0] [0.9641954544548724, 0.9596199297002392, 0.9688249168147502, 404.0, 23163.0, 17.0, 13.0, 15.705789965941378] -185.0
cur thr:  201.0 [0.034729399692211484, 0.01767173792529909, 0.9999999760191853, 417.0, 0.0, 23180.0, 0.0, 0.0] [0.9641954544548724, 0.9596199297002392, 0.9688249168147502, 404.0, 23163.0, 17.0, 13.0, 15.705789965941378] -185.0
cur thr:  251.0 [0.034729399692211484, 0.01767173792529909, 0.9999999760191853, 417.0, 0.0, 23180.0, 0.0, 0.0] [0.9641954544548724, 0.9596199297002392, 0.9688249168147502, 404.0, 23163.0, 17.0, 13.0, 15.705789965941378] -185.0
cur thr:  301.0 [0.034729399692211484, 0.01767173792529909, 0.9999999760191853, 417.0, 0.0, 23180.0, 0.0, 0.0] [0.9641954544548724, 0.9596199297002392, 0.9688249168147502, 404.0, 23163.0, 17.0, 13.0, 15.705789965941378] -185.0
cur thr:  351.0 [0.034729399692211484, 0.01767173792529909, 0.9999999760191853, 417.0, 0.0, 23180.0, 0.0, 0.0] [0.9641954544548724, 0.9596199297002392, 0.9688249168147502, 404.0, 23163.0, 17.0, 13.0, 15.705789965941378] -185.0
[0.9641954544548724, 0.9596199297002392, 0.9688249168147502, 404.0, 23163.0, 17.0, 13.0, 15.705789965941378] -185.0
label_file: ServerMachineDataset/interpretation_label/machine-2-7.txt
Initial threshold : 21.513962
Number of peaks : 176
Grimshaw maximum log-likelihood estimation ... [done]
	γ = 0
	σ = 273.34213
	L = 1163.4874668375717
Extreme quantile (probability = 0.001): 570.757914654803
282
23597
POT result:  (0.8419930563970285, 0.7322694905625977, 0.9904076501101283, 413.0, 23029.0, 151.0, 4.0) -24.865706895702182 1.0526260388103221

=== 全局调试信息 ===
y_true shape: (23597,), unique values: [0. 1.]
y_pred shape: (23597,), unique values: [False  True]
feature_scores shape: (23597, 38)
interpretation_segments 数量: 20


=== 处理第 1/20 段 ===
原始段范围: orig_start=664, orig_end=667
调整后段范围: start=565, end=568
段内真实标签 (seg_true): [1. 1. 1. 0.]
段内预测标签 (seg_pred): [ True  True  True False]
段内真实异常时间点索引 (相对段内): [0 1 2]
段内是否有预测为异常的时间点: True
真实异常维度 (0-based): [8, 12, 13]
段内检测到的异常时间点索引 (相对段内): [0 1 2]
选择的维度数量 (k): 7 (基于真实异常维度数的 100%)
推断的异常维度 (0-based): [4, 7, 9, 17, 26, 28, 37]
真实与推断的交集: []
段内指标: TP=0, FP=7, FN=3, TN=28, IPS=0.0000

=== 处理第 2/20 段 ===
原始段范围: orig_start=2104, orig_end=2107
调整后段范围: start=2005, end=2008
段内真实标签 (seg_true): [1. 1. 1. 0.]
段内预测标签 (seg_pred): [ True  True  True False]
段内真实异常时间点索引 (相对段内): [0 1 2]
段内是否有预测为异常的时间点: True
真实异常维度 (0-based): [12, 13]
段内检测到的异常时间点索引 (相对段内): [0 1 2]
选择的维度数量 (k): 7 (基于真实异常维度数的 100%)
推断的异常维度 (0-based): [4, 7, 9, 17, 26, 28, 37]
真实与推断的交集: []
段内指标: TP=0, FP=7, FN=2, TN=29, IPS=0.0000

=== 处理第 3/20 段 ===
原始段范围: orig_start=3544, orig_end=3547
调整后段范围: start=3445, end=3448
段内真实标签 (seg_true): [1. 1. 1. 0.]
段内预测标签 (seg_pred): [ True  True  True False]
段内真实异常时间点索引 (相对段内): [0 1 2]
段内是否有预测为异常的时间点: True
真实异常维度 (0-based): [8, 12, 13, 14]
段内检测到的异常时间点索引 (相对段内): [0 1 2]
选择的维度数量 (k): 7 (基于真实异常维度数的 100%)
推断的异常维度 (0-based): [4, 7, 9, 17, 26, 28, 37]
真实与推断的交集: []
段内指标: TP=0, FP=7, FN=4, TN=27, IPS=0.0000

=== 处理第 4/20 段 ===
原始段范围: orig_start=4984, orig_end=4987
调整后段范围: start=4885, end=4888
段内真实标签 (seg_true): [1. 1. 1. 0.]
段内预测标签 (seg_pred): [ True  True  True False]
段内真实异常时间点索引 (相对段内): [0 1 2]
段内是否有预测为异常的时间点: True
真实异常维度 (0-based): [8, 12, 13, 14]
段内检测到的异常时间点索引 (相对段内): [0 1 2]
选择的维度数量 (k): 7 (基于真实异常维度数的 100%)
推断的异常维度 (0-based): [4, 7, 16, 17, 26, 28, 37]
真实与推断的交集: []
段内指标: TP=0, FP=7, FN=4, TN=27, IPS=0.0000

=== 处理第 5/20 段 ===
原始段范围: orig_start=6030, orig_end=6034
调整后段范围: start=5931, end=5935
段内真实标签 (seg_true): [1. 1. 1. 1. 0.]
段内预测标签 (seg_pred): [ True  True  True  True False]
段内真实异常时间点索引 (相对段内): [0 1 2 3]
段内是否有预测为异常的时间点: True
真实异常维度 (0-based): [32, 33]
段内检测到的异常时间点索引 (相对段内): [0 1 2 3]
选择的维度数量 (k): 7 (基于真实异常维度数的 100%)
推断的异常维度 (0-based): [4, 7, 9, 16, 26, 28, 37]
真实与推断的交集: []
段内指标: TP=0, FP=7, FN=2, TN=29, IPS=0.0000

=== 处理第 6/20 段 ===
原始段范围: orig_start=7665, orig_end=7669
调整后段范围: start=7566, end=7570
段内真实标签 (seg_true): [1. 1. 1. 1. 0.]
段内预测标签 (seg_pred): [False False False False False]
段内真实异常时间点索引 (相对段内): [0 1 2 3]
段内是否有预测为异常的时间点: False
真实异常维度 (0-based): [29]
段内检测到的异常时间点索引 (相对段内): []
未检测到任何异常点，将整个段中的时间索引标记为异常
选择的维度数量 (k): 7 (基于真实异常维度数的 100%)
推断的异常维度 (0-based): [4, 7, 9, 17, 26, 28, 37]
真实与推断的交集: []
段内指标: TP=0, FP=7, FN=1, TN=30, IPS=0.0000

=== 处理第 7/20 段 ===
原始段范围: orig_start=7863, orig_end=7867
调整后段范围: start=7764, end=7768
段内真实标签 (seg_true): [1. 1. 1. 1. 0.]
段内预测标签 (seg_pred): [ True  True  True  True False]
段内真实异常时间点索引 (相对段内): [0 1 2 3]
段内是否有预测为异常的时间点: True
真实异常维度 (0-based): [8, 12, 13, 14]
段内检测到的异常时间点索引 (相对段内): [0 1 2 3]
选择的维度数量 (k): 7 (基于真实异常维度数的 100%)
推断的异常维度 (0-based): [4, 7, 9, 17, 26, 28, 37]
真实与推断的交集: []
段内指标: TP=0, FP=7, FN=4, TN=27, IPS=0.0000

=== 处理第 8/20 段 ===
原始段范围: orig_start=9304, orig_end=9307
调整后段范围: start=9205, end=9208
段内真实标签 (seg_true): [1. 1. 1. 0.]
段内预测标签 (seg_pred): [ True  True  True False]
段内真实异常时间点索引 (相对段内): [0 1 2]
段内是否有预测为异常的时间点: True
真实异常维度 (0-based): [8, 12, 13, 14]
段内检测到的异常时间点索引 (相对段内): [0 1 2]
选择的维度数量 (k): 7 (基于真实异常维度数的 100%)
推断的异常维度 (0-based): [4, 7, 9, 17, 26, 28, 37]
真实与推断的交集: []
段内指标: TP=0, FP=7, FN=4, TN=27, IPS=0.0000

=== 处理第 9/20 段 ===
原始段范围: orig_start=10744, orig_end=10747
调整后段范围: start=10645, end=10648
段内真实标签 (seg_true): [1. 1. 1. 0.]
段内预测标签 (seg_pred): [ True  True  True False]
段内真实异常时间点索引 (相对段内): [0 1 2]
段内是否有预测为异常的时间点: True
真实异常维度 (0-based): [8, 12, 13, 14]
段内检测到的异常时间点索引 (相对段内): [0 1 2]
选择的维度数量 (k): 7 (基于真实异常维度数的 100%)
推断的异常维度 (0-based): [4, 7, 9, 17, 26, 28, 37]
真实与推断的交集: []
段内指标: TP=0, FP=7, FN=4, TN=27, IPS=0.0000

=== 处理第 10/20 段 ===
原始段范围: orig_start=12099, orig_end=12127
调整后段范围: start=12000, end=12028
段内真实标签 (seg_true): [1. 1. 1. 1. 1. 1. 1. 1. 1. 1. 1. 1. 1. 1. 1. 1. 1. 1. 1. 1. 1. 1. 1. 1.
 1. 1. 1. 1. 0.]
段内预测标签 (seg_pred): [ True  True  True  True  True  True  True  True  True  True  True  True
  True  True  True  True  True  True  True  True  True  True  True  True
  True  True  True  True False]
段内真实异常时间点索引 (相对段内): [ 0  1  2  3  4  5  6  7  8  9 10 11 12 13 14 15 16 17 18 19 20 21 22 23
 24 25 26 27]
段内是否有预测为异常的时间点: True
真实异常维度 (0-based): [0, 1, 2, 3, 23, 25]
段内检测到的异常时间点索引 (相对段内): [ 0  1  2  3  4  5  6  7  8  9 10 11 12 13 14 15 16 17 18 19 20 21 22 23
 24 25 26 27]
选择的维度数量 (k): 7 (基于真实异常维度数的 100%)
推断的异常维度 (0-based): [4, 7, 16, 17, 26, 28, 37]
真实与推断的交集: []
段内指标: TP=0, FP=7, FN=6, TN=25, IPS=0.0000

=== 处理第 11/20 段 ===
原始段范围: orig_start=13623, orig_end=13625
调整后段范围: start=13524, end=13526
段内真实标签 (seg_true): [1. 1. 0.]
段内预测标签 (seg_pred): [ True  True False]
段内真实异常时间点索引 (相对段内): [0 1]
段内是否有预测为异常的时间点: True
真实异常维度 (0-based): [8, 12, 13, 14]
段内检测到的异常时间点索引 (相对段内): [0 1]
选择的维度数量 (k): 7 (基于真实异常维度数的 100%)
推断的异常维度 (0-based): [4, 7, 9, 17, 26, 28, 37]
真实与推断的交集: []
段内指标: TP=0, FP=7, FN=4, TN=27, IPS=0.0000

=== 处理第 12/20 段 ===
原始段范围: orig_start=14934, orig_end=14938
调整后段范围: start=14835, end=14839
段内真实标签 (seg_true): [1. 1. 1. 1. 0.]
段内预测标签 (seg_pred): [ True  True  True  True False]
段内真实异常时间点索引 (相对段内): [0 1 2 3]
段内是否有预测为异常的时间点: True
真实异常维度 (0-based): [32, 33]
段内检测到的异常时间点索引 (相对段内): [0 1 2 3]
选择的维度数量 (k): 7 (基于真实异常维度数的 100%)
推断的异常维度 (0-based): [4, 7, 9, 17, 26, 28, 37]
真实与推断的交集: []
段内指标: TP=0, FP=7, FN=2, TN=29, IPS=0.0000

=== 处理第 13/20 段 ===
原始段范围: orig_start=15063, orig_end=15066
调整后段范围: start=14964, end=14967
段内真实标签 (seg_true): [1. 1. 1. 0.]
段内预测标签 (seg_pred): [ True  True  True False]
段内真实异常时间点索引 (相对段内): [0 1 2]
段内是否有预测为异常的时间点: True
真实异常维度 (0-based): [8, 12, 13, 14]
段内检测到的异常时间点索引 (相对段内): [0 1 2]
选择的维度数量 (k): 7 (基于真实异常维度数的 100%)
推断的异常维度 (0-based): [4, 7, 9, 17, 26, 28, 37]
真实与推断的交集: []
段内指标: TP=0, FP=7, FN=4, TN=27, IPS=0.0000

=== 处理第 14/20 段 ===
原始段范围: orig_start=16534, orig_end=16557
调整后段范围: start=16435, end=16458
段内真实标签 (seg_true): [1. 1. 1. 1. 1. 1. 1. 1. 1. 1. 1. 1. 1. 1. 1. 1. 1. 1. 1. 1. 1. 1. 1. 0.]
段内预测标签 (seg_pred): [ True  True  True  True  True  True  True  True  True  True  True  True
  True  True  True  True  True  True  True  True  True  True  True False]
段内真实异常时间点索引 (相对段内): [ 0  1  2  3  4  5  6  7  8  9 10 11 12 13 14 15 16 17 18 19 20 21 22]
段内是否有预测为异常的时间点: True
真实异常维度 (0-based): [8, 12, 13, 14]
段内检测到的异常时间点索引 (相对段内): [ 0  1  2  3  4  5  6  7  8  9 10 11 12 13 14 15 16 17 18 19 20 21 22]
选择的维度数量 (k): 7 (基于真实异常维度数的 100%)
推断的异常维度 (0-based): [4, 7, 9, 17, 26, 28, 37]
真实与推断的交集: []
段内指标: TP=0, FP=7, FN=4, TN=27, IPS=0.0000

=== 处理第 15/20 段 ===
原始段范围: orig_start=17978, orig_end=17981
调整后段范围: start=17879, end=17882
段内真实标签 (seg_true): [1. 1. 1. 0.]
段内预测标签 (seg_pred): [ True  True  True False]
段内真实异常时间点索引 (相对段内): [0 1 2]
段内是否有预测为异常的时间点: True
真实异常维度 (0-based): [8, 12, 13, 14]
段内检测到的异常时间点索引 (相对段内): [0 1 2]
选择的维度数量 (k): 7 (基于真实异常维度数的 100%)
推断的异常维度 (0-based): [4, 7, 17, 26, 28, 36, 37]
真实与推断的交集: []
段内指标: TP=0, FP=7, FN=4, TN=27, IPS=0.0000

=== 处理第 16/20 段 ===
原始段范围: orig_start=18639, orig_end=18944
调整后段范围: start=18540, end=18845
段内真实标签 (seg_true): [1. 1. 1. 1. 1. 1. 1. 1. 1. 1. 1. 1. 1. 1. 1. 1. 1. 1. 1. 1. 1. 1. 1. 1.
 1. 1. 1. 1. 1. 1. 1. 1. 1. 1. 1. 1. 1. 1. 1. 1. 1. 1. 1. 1. 1. 1. 1. 1.
 1. 1. 1. 1. 1. 1. 1. 1. 1. 1. 1. 1. 1. 1. 1. 1. 1. 1. 1. 1. 1. 1. 1. 1.
 1. 1. 1. 1. 1. 1. 1. 1. 1. 1. 1. 1. 1. 1. 1. 1. 1. 1. 1. 1. 1. 1. 1. 1.
 1. 1. 1. 1. 1. 1. 1. 1. 1. 1. 1. 1. 1. 1. 1. 1. 1. 1. 1. 1. 1. 1. 1. 1.
 1. 1. 1. 1. 1. 1. 1. 1. 1. 1. 1. 1. 1. 1. 1. 1. 1. 1. 1. 1. 1. 1. 1. 1.
 1. 1. 1. 1. 1. 1. 1. 1. 1. 1. 1. 1. 1. 1. 1. 1. 1. 1. 1. 1. 1. 1. 1. 1.
 1. 1. 1. 1. 1. 1. 1. 1. 1. 1. 1. 1. 1. 1. 1. 1. 1. 1. 1. 1. 1. 1. 1. 1.
 1. 1. 1. 1. 1. 1. 1. 1. 1. 1. 1. 1. 1. 1. 1. 1. 1. 1. 1. 1. 1. 1. 1. 1.
 1. 1. 1. 1. 1. 1. 1. 1. 1. 1. 1. 1. 1. 1. 1. 1. 1. 1. 1. 1. 1. 1. 1. 1.
 1. 1. 1. 1. 1. 1. 1. 1. 1. 1. 1. 1. 1. 1. 1. 1. 1. 1. 1. 1. 1. 1. 1. 1.
 1. 1. 1. 1. 1. 1. 1. 1. 1. 1. 1. 1. 1. 1. 1. 1. 1. 1. 1. 1. 1. 1. 1. 1.
 1. 1. 1. 1. 1. 1. 1. 1. 1. 1. 1. 1. 1. 1. 1. 1. 1. 0.]
段内预测标签 (seg_pred): [ True  True  True  True  True  True  True  True  True  True  True  True
  True  True  True  True  True  True  True  True  True  True  True  True
  True  True  True  True  True  True  True  True  True  True  True  True
  True  True  True  True  True  True  True  True  True  True  True  True
  True  True  True  True  True  True  True  True  True  True  True  True
  True  True  True  True  True  True  True  True  True  True  True  True
  True  True  True  True  True  True  True  True  True  True  True  True
  True  True  True  True  True  True  True  True  True  True  True  True
  True  True  True  True  True  True  True  True  True  True  True  True
  True  True  True  True  True  True  True  True  True  True  True  True
  True  True  True  True  True  True  True  True  True  True  True  True
  True  True  True  True  True  True  True  True  True  True  True  True
  True  True  True  True  True  True  True  True  True  True  True  True
  True  True  True  True  True  True  True  True  True  True  True  True
  True  True  True  True  True  True  True  True  True  True  True  True
  True  True  True  True  True  True  True  True  True  True  True  True
  True  True  True  True  True  True  True  True  True  True  True  True
  True  True  True  True  True  True  True  True  True  True  True  True
  True  True  True  True  True  True  True  True  True  True  True  True
  True  True  True  True  True  True  True  True  True  True  True  True
  True  True  True  True  True  True  True  True  True  True  True  True
  True  True  True  True  True  True  True  True  True  True  True  True
  True  True  True  True  True  True  True  True  True  True  True  True
  True  True  True  True  True  True  True  True  True  True  True  True
  True  True  True  True  True  True  True  True  True  True  True  True
  True  True  True  True  True  True]
段内真实异常时间点索引 (相对段内): [  0   1   2   3   4   5   6   7   8   9  10  11  12  13  14  15  16  17
  18  19  20  21  22  23  24  25  26  27  28  29  30  31  32  33  34  35
  36  37  38  39  40  41  42  43  44  45  46  47  48  49  50  51  52  53
  54  55  56  57  58  59  60  61  62  63  64  65  66  67  68  69  70  71
  72  73  74  75  76  77  78  79  80  81  82  83  84  85  86  87  88  89
  90  91  92  93  94  95  96  97  98  99 100 101 102 103 104 105 106 107
 108 109 110 111 112 113 114 115 116 117 118 119 120 121 122 123 124 125
 126 127 128 129 130 131 132 133 134 135 136 137 138 139 140 141 142 143
 144 145 146 147 148 149 150 151 152 153 154 155 156 157 158 159 160 161
 162 163 164 165 166 167 168 169 170 171 172 173 174 175 176 177 178 179
 180 181 182 183 184 185 186 187 188 189 190 191 192 193 194 195 196 197
 198 199 200 201 202 203 204 205 206 207 208 209 210 211 212 213 214 215
 216 217 218 219 220 221 222 223 224 225 226 227 228 229 230 231 232 233
 234 235 236 237 238 239 240 241 242 243 244 245 246 247 248 249 250 251
 252 253 254 255 256 257 258 259 260 261 262 263 264 265 266 267 268 269
 270 271 272 273 274 275 276 277 278 279 280 281 282 283 284 285 286 287
 288 289 290 291 292 293 294 295 296 297 298 299 300 301 302 303 304]
段内是否有预测为异常的时间点: True
真实异常维度 (0-based): [0, 1, 2, 3, 5, 6, 10, 15, 18, 19, 20, 21, 22, 24, 27, 28, 30, 31, 33, 34, 35]
段内检测到的异常时间点索引 (相对段内): [  0   1   2   3   4   5   6   7   8   9  10  11  12  13  14  15  16  17
  18  19  20  21  22  23  24  25  26  27  28  29  30  31  32  33  34  35
  36  37  38  39  40  41  42  43  44  45  46  47  48  49  50  51  52  53
  54  55  56  57  58  59  60  61  62  63  64  65  66  67  68  69  70  71
  72  73  74  75  76  77  78  79  80  81  82  83  84  85  86  87  88  89
  90  91  92  93  94  95  96  97  98  99 100 101 102 103 104 105 106 107
 108 109 110 111 112 113 114 115 116 117 118 119 120 121 122 123 124 125
 126 127 128 129 130 131 132 133 134 135 136 137 138 139 140 141 142 143
 144 145 146 147 148 149 150 151 152 153 154 155 156 157 158 159 160 161
 162 163 164 165 166 167 168 169 170 171 172 173 174 175 176 177 178 179
 180 181 182 183 184 185 186 187 188 189 190 191 192 193 194 195 196 197
 198 199 200 201 202 203 204 205 206 207 208 209 210 211 212 213 214 215
 216 217 218 219 220 221 222 223 224 225 226 227 228 229 230 231 232 233
 234 235 236 237 238 239 240 241 242 243 244 245 246 247 248 249 250 251
 252 253 254 255 256 257 258 259 260 261 262 263 264 265 266 267 268 269
 270 271 272 273 274 275 276 277 278 279 280 281 282 283 284 285 286 287
 288 289 290 291 292 293 294 295 296 297 298 299 300 301 302 303 304 305]
选择的维度数量 (k): 7 (基于真实异常维度数的 100%)
推断的异常维度 (0-based): [1, 4, 7, 8, 9, 11, 12, 14, 16, 17, 26, 28, 37]
真实与推断的交集: [1, 28]
段内指标: TP=2, FP=11, FN=19, TN=6, IPS=0.0952

=== 处理第 17/20 段 ===
原始段范围: orig_start=19411, orig_end=19418
调整后段范围: start=19312, end=19319
段内真实标签 (seg_true): [1. 1. 1. 1. 1. 1. 1. 0.]
段内预测标签 (seg_pred): [ True  True  True  True  True  True  True False]
段内真实异常时间点索引 (相对段内): [0 1 2 3 4 5 6]
段内是否有预测为异常的时间点: True
真实异常维度 (0-based): [8, 12, 13, 14]
段内检测到的异常时间点索引 (相对段内): [0 1 2 3 4 5 6]
选择的维度数量 (k): 7 (基于真实异常维度数的 100%)
推断的异常维度 (0-based): [4, 7, 9, 17, 26, 28, 37]
真实与推断的交集: []
段内指标: TP=0, FP=7, FN=4, TN=27, IPS=0.0000

=== 处理第 18/20 段 ===
原始段范围: orig_start=20853, orig_end=20857
调整后段范围: start=20754, end=20758
段内真实标签 (seg_true): [1. 1. 1. 1. 0.]
段内预测标签 (seg_pred): [ True  True  True  True False]
段内真实异常时间点索引 (相对段内): [0 1 2 3]
段内是否有预测为异常的时间点: True
真实异常维度 (0-based): [8, 12, 13, 14]
段内检测到的异常时间点索引 (相对段内): [0 1 2 3]
选择的维度数量 (k): 7 (基于真实异常维度数的 100%)
推断的异常维度 (0-based): [4, 7, 16, 17, 26, 28, 37]
真实与推断的交集: []
段内指标: TP=0, FP=7, FN=4, TN=27, IPS=0.0000

=== 处理第 19/20 段 ===
原始段范围: orig_start=22291, orig_end=22296
调整后段范围: start=22192, end=22197
段内真实标签 (seg_true): [1. 1. 1. 1. 1. 0.]
段内预测标签 (seg_pred): [ True  True  True  True  True False]
段内真实异常时间点索引 (相对段内): [0 1 2 3 4]
段内是否有预测为异常的时间点: True
真实异常维度 (0-based): [8, 12, 13, 14]
段内检测到的异常时间点索引 (相对段内): [0 1 2 3 4]
选择的维度数量 (k): 7 (基于真实异常维度数的 100%)
推断的异常维度 (0-based): [4, 7, 16, 17, 26, 28, 37]
真实与推断的交集: []
段内指标: TP=0, FP=7, FN=4, TN=27, IPS=0.0000

=== 处理第 20/20 段 ===
原始段范围: orig_start=22924, orig_end=22927
调整后段范围: start=22825, end=22828
段内真实标签 (seg_true): [1. 1. 1. 0.]
段内预测标签 (seg_pred): [ True  True  True False]
段内真实异常时间点索引 (相对段内): [0 1 2]
段内是否有预测为异常的时间点: True
真实异常维度 (0-based): [9]
段内检测到的异常时间点索引 (相对段内): [0 1 2]
选择的维度数量 (k): 7 (基于真实异常维度数的 100%)
推断的异常维度 (0-based): [4, 7, 16, 17, 26, 28, 37]
真实与推断的交集: []
段内指标: TP=0, FP=7, FN=1, TN=30, IPS=0.0000

=== 汇总指标 ===
总 TP: 2, 总 TN: 530, 总 FP: 144, 总 FN: 84
平均 IPS: 0.0667, Precision: 0.0137, Recall: 0.0233, F1: 0.0172
每段IPS与混淆: [{'original_start': 664, 'original_end': 667, 'start': 565, 'end': 568, 'TP': 0, 'TN': 28, 'FP': 7, 'FN': 3, 'IPS': 0.0, 'k_selected': 7, 'gt_dims_count': 3}, {'original_start': 2104, 'original_end': 2107, 'start': 2005, 'end': 2008, 'TP': 0, 'TN': 29, 'FP': 7, 'FN': 2, 'IPS': 0.0, 'k_selected': 7, 'gt_dims_count': 2}, {'original_start': 3544, 'original_end': 3547, 'start': 3445, 'end': 3448, 'TP': 0, 'TN': 27, 'FP': 7, 'FN': 4, 'IPS': 0.0, 'k_selected': 7, 'gt_dims_count': 4}, {'original_start': 4984, 'original_end': 4987, 'start': 4885, 'end': 4888, 'TP': 0, 'TN': 27, 'FP': 7, 'FN': 4, 'IPS': 0.0, 'k_selected': 7, 'gt_dims_count': 4}, {'original_start': 6030, 'original_end': 6034, 'start': 5931, 'end': 5935, 'TP': 0, 'TN': 29, 'FP': 7, 'FN': 2, 'IPS': 0.0, 'k_selected': 7, 'gt_dims_count': 2}, {'original_start': 7665, 'original_end': 7669, 'start': 7566, 'end': 7570, 'TP': 0, 'TN': 30, 'FP': 7, 'FN': 1, 'IPS': 0.0, 'k_selected': 7, 'gt_dims_count': 1}, {'original_start': 7863, 'original_end': 7867, 'start': 7764, 'end': 7768, 'TP': 0, 'TN': 27, 'FP': 7, 'FN': 4, 'IPS': 0.0, 'k_selected': 7, 'gt_dims_count': 4}, {'original_start': 9304, 'original_end': 9307, 'start': 9205, 'end': 9208, 'TP': 0, 'TN': 27, 'FP': 7, 'FN': 4, 'IPS': 0.0, 'k_selected': 7, 'gt_dims_count': 4}, {'original_start': 10744, 'original_end': 10747, 'start': 10645, 'end': 10648, 'TP': 0, 'TN': 27, 'FP': 7, 'FN': 4, 'IPS': 0.0, 'k_selected': 7, 'gt_dims_count': 4}, {'original_start': 12099, 'original_end': 12127, 'start': 12000, 'end': 12028, 'TP': 0, 'TN': 25, 'FP': 7, 'FN': 6, 'IPS': 0.0, 'k_selected': 7, 'gt_dims_count': 6}, {'original_start': 13623, 'original_end': 13625, 'start': 13524, 'end': 13526, 'TP': 0, 'TN': 27, 'FP': 7, 'FN': 4, 'IPS': 0.0, 'k_selected': 7, 'gt_dims_count': 4}, {'original_start': 14934, 'original_end': 14938, 'start': 14835, 'end': 14839, 'TP': 0, 'TN': 29, 'FP': 7, 'FN': 2, 'IPS': 0.0, 'k_selected': 7, 'gt_dims_count': 2}, {'original_start': 15063, 'original_end': 15066, 'start': 14964, 'end': 14967, 'TP': 0, 'TN': 27, 'FP': 7, 'FN': 4, 'IPS': 0.0, 'k_selected': 7, 'gt_dims_count': 4}, {'original_start': 16534, 'original_end': 16557, 'start': 16435, 'end': 16458, 'TP': 0, 'TN': 27, 'FP': 7, 'FN': 4, 'IPS': 0.0, 'k_selected': 7, 'gt_dims_count': 4}, {'original_start': 17978, 'original_end': 17981, 'start': 17879, 'end': 17882, 'TP': 0, 'TN': 27, 'FP': 7, 'FN': 4, 'IPS': 0.0, 'k_selected': 7, 'gt_dims_count': 4}, {'original_start': 18639, 'original_end': 18944, 'start': 18540, 'end': 18845, 'TP': 2, 'TN': 6, 'FP': 11, 'FN': 19, 'IPS': 0.09523809523809523, 'k_selected': 7, 'gt_dims_count': 21}, {'original_start': 19411, 'original_end': 19418, 'start': 19312, 'end': 19319, 'TP': 0, 'TN': 27, 'FP': 7, 'FN': 4, 'IPS': 0.0, 'k_selected': 7, 'gt_dims_count': 4}, {'original_start': 20853, 'original_end': 20857, 'start': 20754, 'end': 20758, 'TP': 0, 'TN': 27, 'FP': 7, 'FN': 4, 'IPS': 0.0, 'k_selected': 7, 'gt_dims_count': 4}, {'original_start': 22291, 'original_end': 22296, 'start': 22192, 'end': 22197, 'TP': 0, 'TN': 27, 'FP': 7, 'FN': 4, 'IPS': 0.0, 'k_selected': 7, 'gt_dims_count': 4}, {'original_start': 22924, 'original_end': 22927, 'start': 22825, 'end': 22828, 'TP': 0, 'TN': 30, 'FP': 7, 'FN': 1, 'IPS': 0.0, 'k_selected': 7, 'gt_dims_count': 1}]
总和: {'TP': 2, 'TN': 530, 'FP': 144, 'FN': 84, 'IPS': 0.06668846028113763, 'precision': 0.0136986301369863, 'recall': 0.023255813953488372, 'F1': 0.017241379310344827}
test end time:  2025-06-20 23:55:48
test time:  544.9687743186951
==============================result==============================
{'FN': 13.0,
 'FP': 17.0,
 'TN': 23163.0,
 'TP': 404.0,
 'best-f1': 0.9641954544548724,
 'best_valid_loss': -70.7920127905526,
 'dataset': 'machine-2-7',
 'latency': 15.705789965941378,
 'pot-FN': 4.0,
 'pot-FP': 151.0,
 'pot-TN': 23029.0,
 'pot-TP': 413.0,
 'pot-f1': 0.8419930563970285,
 'pot-latency': 1.0526260388103221,
 'pot-precision': 0.7322694905625977,
 'pot-recall': 0.9904076501101283,
 'pot-threshold': -24.865706895702182,
 'precision': 0.9596199297002392,
 'pred_time': 0.5876632034778595,
 'pred_total_time': 277.7291760444641,
 'recall': 0.9688249168147502,
 'segment_results': [{'FN': 3,
                      'FP': 7,
                      'IPS': 0.0,
                      'TN': 28,
                      'TP': 0,
                      'end': 568,
                      'gt_dims_count': 3,
                      'k_selected': 7,
                      'original_end': 667,
                      'original_start': 664,
                      'start': 565},
                     {'FN': 2,
                      'FP': 7,
                      'IPS': 0.0,
                      'TN': 29,
                      'TP': 0,
                      'end': 2008,
                      'gt_dims_count': 2,
                      'k_selected': 7,
                      'original_end': 2107,
                      'original_start': 2104,
                      'start': 2005},
                     {'FN': 4,
                      'FP': 7,
                      'IPS': 0.0,
                      'TN': 27,
                      'TP': 0,
                      'end': 3448,
                      'gt_dims_count': 4,
                      'k_selected': 7,
                      'original_end': 3547,
                      'original_start': 3544,
                      'start': 3445},
                     {'FN': 4,
                      'FP': 7,
                      'IPS': 0.0,
                      'TN': 27,
                      'TP': 0,
                      'end': 4888,
                      'gt_dims_count': 4,
                      'k_selected': 7,
                      'original_end': 4987,
                      'original_start': 4984,
                      'start': 4885},
                     {'FN': 2,
                      'FP': 7,
                      'IPS': 0.0,
                      'TN': 29,
                      'TP': 0,
                      'end': 5935,
                      'gt_dims_count': 2,
                      'k_selected': 7,
                      'original_end': 6034,
                      'original_start': 6030,
                      'start': 5931},
                     {'FN': 1,
                      'FP': 7,
                      'IPS': 0.0,
                      'TN': 30,
                      'TP': 0,
                      'end': 7570,
                      'gt_dims_count': 1,
                      'k_selected': 7,
                      'original_end': 7669,
                      'original_start': 7665,
                      'start': 7566},
                     {'FN': 4,
                      'FP': 7,
                      'IPS': 0.0,
                      'TN': 27,
                      'TP': 0,
                      'end': 7768,
                      'gt_dims_count': 4,
                      'k_selected': 7,
                      'original_end': 7867,
                      'original_start': 7863,
                      'start': 7764},
                     {'FN': 4,
                      'FP': 7,
                      'IPS': 0.0,
                      'TN': 27,
                      'TP': 0,
                      'end': 9208,
                      'gt_dims_count': 4,
                      'k_selected': 7,
                      'original_end': 9307,
                      'original_start': 9304,
                      'start': 9205},
                     {'FN': 4,
                      'FP': 7,
                      'IPS': 0.0,
                      'TN': 27,
                      'TP': 0,
                      'end': 10648,
                      'gt_dims_count': 4,
                      'k_selected': 7,
                      'original_end': 10747,
                      'original_start': 10744,
                      'start': 10645},
                     {'FN': 6,
                      'FP': 7,
                      'IPS': 0.0,
                      'TN': 25,
                      'TP': 0,
                      'end': 12028,
                      'gt_dims_count': 6,
                      'k_selected': 7,
                      'original_end': 12127,
                      'original_start': 12099,
                      'start': 12000},
                     {'FN': 4,
                      'FP': 7,
                      'IPS': 0.0,
                      'TN': 27,
                      'TP': 0,
                      'end': 13526,
                      'gt_dims_count': 4,
                      'k_selected': 7,
                      'original_end': 13625,
                      'original_start': 13623,
                      'start': 13524},
                     {'FN': 2,
                      'FP': 7,
                      'IPS': 0.0,
                      'TN': 29,
                      'TP': 0,
                      'end': 14839,
                      'gt_dims_count': 2,
                      'k_selected': 7,
                      'original_end': 14938,
                      'original_start': 14934,
                      'start': 14835},
                     {'FN': 4,
                      'FP': 7,
                      'IPS': 0.0,
                      'TN': 27,
                      'TP': 0,
                      'end': 14967,
                      'gt_dims_count': 4,
                      'k_selected': 7,
                      'original_end': 15066,
                      'original_start': 15063,
                      'start': 14964},
                     {'FN': 4,
                      'FP': 7,
                      'IPS': 0.0,
                      'TN': 27,
                      'TP': 0,
                      'end': 16458,
                      'gt_dims_count': 4,
                      'k_selected': 7,
                      'original_end': 16557,
                      'original_start': 16534,
                      'start': 16435},
                     {'FN': 4,
                      'FP': 7,
                      'IPS': 0.0,
                      'TN': 27,
                      'TP': 0,
                      'end': 17882,
                      'gt_dims_count': 4,
                      'k_selected': 7,
                      'original_end': 17981,
                      'original_start': 17978,
                      'start': 17879},
                     {'FN': 19,
                      'FP': 11,
                      'IPS': 0.09523809523809523,
                      'TN': 6,
                      'TP': 2,
                      'end': 18845,
                      'gt_dims_count': 21,
                      'k_selected': 7,
                      'original_end': 18944,
                      'original_start': 18639,
                      'start': 18540},
                     {'FN': 4,
                      'FP': 7,
                      'IPS': 0.0,
                      'TN': 27,
                      'TP': 0,
                      'end': 19319,
                      'gt_dims_count': 4,
                      'k_selected': 7,
                      'original_end': 19418,
                      'original_start': 19411,
                      'start': 19312},
                     {'FN': 4,
                      'FP': 7,
                      'IPS': 0.0,
                      'TN': 27,
                      'TP': 0,
                      'end': 20758,
                      'gt_dims_count': 4,
                      'k_selected': 7,
                      'original_end': 20857,
                      'original_start': 20853,
                      'start': 20754},
                     {'FN': 4,
                      'FP': 7,
                      'IPS': 0.0,
                      'TN': 27,
                      'TP': 0,
                      'end': 22197,
                      'gt_dims_count': 4,
                      'k_selected': 7,
                      'original_end': 22296,
                      'original_start': 22291,
                      'start'
: 22192},
                     {'FN': 1,
                      'FP': 7,
                      'IPS': 0.0,
                      'TN': 30,
                      'TP': 0,
                      'end': 22828,
                      'gt_dims_count': 1,
                      'k_selected': 7,
                      'original_end': 22927,
                      'original_start': 22924,
                      'start': 22825}],
 'segment_summary': {'F1': 0.017241379310344827,
                     'FN': 84,
                     'FP': 144,
                     'IPS': 0.06668846028113763,
                     'TN': 530,
                     'TP': 2,
                     'precision': 0.0136986301369863,
                     'recall': 0.023255813953488372},
 'threshold': -185.0,
 'train_time': 875.6126106739044,
 'valid_time': 0.8565841815467422}
