2025-06-24 11:09:43.490053: I tensorflow/core/platform/cpu_feature_guard.cc:141] Your CPU supports instructions that this TensorFlow binary was not compiled to use: AVX2 AVX512F FMA
Configurations
===========================================
{'batch_size': 50,
 'bf_search_max': 400.0,
 'bf_search_min': -400.0,
 'bf_search_step_size': 1.0,
 'dataset': 'machine-2-3',
 'dense_dim': 500,
 'early_stop': True,
 'get_score_on_dim': True,
 'gradient_clip_norm': 10.0,
 'initial_lr': 0.001,
 'l2_reg': 0.0001,
 'level': 0.0075,
 'lr_anneal_epoch_freq': 40,
 'lr_anneal_factor': 0.5,
 'lr_anneal_step_freq': None,
 'max_epoch': 10,
 'max_test_size': None,
 'max_train_size': None,
 'nf_layers': 20,
 'percentage_Dimension': 50.0,
 'posterior_flow_type': 'nf',
 'restore_dir': None,
 'result_dir': 'result',
 'rnn_cell': 'GRU',
 'rnn_num_hidden': 500,
 'save_dir': 'model',
 'save_z': False,
 'std_epsilon': 0.0001,
 'test_batch_size': 50,
 'test_n_z': 1,
 'test_score_filename': 'test_score.pkl',
 'test_start': 0,
 'train_score_filename': 'train_score.pkl',
 'train_start': 0,
 'use_connected_z_p': True,
 'use_connected_z_q': True,
 'valid_step_freq': 100,
 'window_length': 100,
 'x_dim': 38,
 'z_dim': 3}

train start time:  2025-06-24 11:09:29
load data of: machine-2-3
train:  0 None
test:  0 None
Data normalized
Data normalized
train set shape:  (23688, 38)
test set shape:  (23689, 38)
test set label shape:  (23689,)
Trainable Parameters                                            (2,607,740 in total)
------------------------------------------------------------------------------------
model/q_z_given_x/rnn_q_z/rnn/gru_cell/gates/kernel             (538, 1000)  538,000
model/q_z_given_x/rnn_q_z/rnn/gru_cell/gates/bias               (1000,)        1,000
model/q_z_given_x/rnn_q_z/rnn/gru_cell/candidate/kernel         (538, 500)   269,000
model/q_z_given_x/rnn_q_z/rnn/gru_cell/candidate/bias           (500,)           500
model/q_z_given_x/rnn_q_z/dense/kernel                          (500, 500)   250,000
model/q_z_given_x/rnn_q_z/dense/bias                            (500,)           500
model/q_z_given_x/rnn_q_z/dense_1/kernel                        (500, 500)   250,000
model/q_z_given_x/rnn_q_z/dense_1/bias                          (500,)           500
model/vae/variational/z_mean/kernel                             (503, 3)       1,509
model/vae/variational/z_mean/bias                               (3,)               3
model/vae/variational/z_std/kernel                              (503, 3)       1,509
model/vae/variational/z_std/bias                                (3,)               3
model/posterior_flow/_0/w                                       (1, 3)             3
model/posterior_flow/_0/b                                       (1,)               1
model/posterior_flow/_0/u                                       (1, 3)             3
model/posterior_flow/_1/w                                       (1, 3)             3
model/posterior_flow/_1/b                                       (1,)               1
model/posterior_flow/_1/u                                       (1, 3)             3
model/posterior_flow/_2/w                                       (1, 3)             3
model/posterior_flow/_2/b                                       (1,)               1
model/posterior_flow/_2/u                                       (1, 3)             3
model/posterior_flow/_3/w                                       (1, 3)             3
model/posterior_flow/_3/b                                       (1,)               1
model/posterior_flow/_3/u                                       (1, 3)             3
model/posterior_flow/_4/w                                       (1, 3)             3
model/posterior_flow/_4/b                                       (1,)               1
model/posterior_flow/_4/u                                       (1, 3)             3
model/posterior_flow/_5/w                                       (1, 3)             3
model/posterior_flow/_5/b                                       (1,)               1
model/posterior_flow/_5/u                                       (1, 3)             3
model/posterior_flow/_6/w                                       (1, 3)             3
model/posterior_flow/_6/b                                       (1,)               1
model/posterior_flow/_6/u                                       (1, 3)             3
model/posterior_flow/_7/w                                       (1, 3)             3
model/posterior_flow/_7/b                                       (1,)               1
model/posterior_flow/_7/u                                       (1, 3)             3
model/posterior_flow/_8/w                                       (1, 3)             3
model/posterior_flow/_8/b                                       (1,)               1
model/posterior_flow/_8/u                                       (1, 3)             3
model/posterior_flow/_9/w                                       (1, 3)             3
model/posterior_flow/_9/b                                       (1,)               1
model/posterior_flow/_9/u                                       (1, 3)             3
model/posterior_flow/_10/w                                      (1, 3)             3
model/posterior_flow/_10/b                                      (1,)               1
model/posterior_flow/_10/u                                      (1, 3)             3
model/posterior_flow/_11/w                                      (1, 3)             3
model/posterior_flow/_11/b                                      (1,)               1
model/posterior_flow/_11/u                                      (1, 3)             3
model/posterior_flow/_12/w                                      (1, 3)             3
model/posterior_flow/_12/b                                      (1,)               1
model/posterior_flow/_12/u                                      (1, 3)             3
model/posterior_flow/_13/w                                      (1, 3)             3
model/posterior_flow/_13/b                                      (1,)               1
model/posterior_flow/_13/u                                      (1, 3)             3
model/posterior_flow/_14/w                                      (1, 3)             3
model/posterior_flow/_14/b                                      (1,)               1
model/posterior_flow/_14/u                                      (1, 3)             3
model/posterior_flow/_15/w                                      (1, 3)             3
model/posterior_flow/_15/b                                      (1,)               1
model/posterior_flow/_15/u                                      (1, 3)             3
model/posterior_flow/_16/w                                      (1, 3)             3
model/posterior_flow/_16/b                                      (1,)               1
model/posterior_flow/_16/u                                      (1, 3)             3
model/posterior_flow/_17/w                                      (1, 3)             3
model/posterior_flow/_17/b                                      (1,)               1
model/posterior_flow/_17/u                                      (1, 3)             3
model/posterior_flow/_18/w                                      (1, 3)             3
model/posterior_flow/_18/b                                      (1,)               1
model/posterior_flow/_18/u                                      (1, 3)             3
model/posterior_flow/_19/w                                      (1, 3)             3
model/posterior_flow/_19/b                                      (1,)               1
model/posterior_flow/_19/u                                      (1, 3)             3
model/p_x_given_z/hidden/rnn_p_x/rnn/gru_cell/gates/kernel      (503, 1000)  503,000
model/p_x_given_z/hidden/rnn_p_x/rnn/gru_cell/gates/bias        (1000,)        1,000
model/p_x_given_z/hidden/rnn_p_x/rnn/gru_cell/candidate/kernel  (503, 500)   251,500
model/p_x_given_z/hidden/rnn_p_x/rnn/gru_cell/candidate/bias    (500,)           500
model/p_x_given_z/hidden/rnn_p_x/dense/kernel                   (500, 500)   250,000
model/p_x_given_z/hidden/rnn_p_x/dense/bias                     (500,)           500
model/p_x_given_z/hidden/rnn_p_x/dense_1/kernel                 (500, 500)   250,000
model/p_x_given_z/hidden/rnn_p_x/dense_1/bias                   (500,)           500
model/p_x_given_z/x_mean/kernel                                 (500, 38)     19,000
model/p_x_given_z/x_mean/bias                                   (38,)             38
model/p_x_given_z/x_std/kernel                                  (500, 38)     19,000
model/p_x_given_z/x_std/bias                                    (38,)             38/home/hz/anaconda3/envs/py36/lib/python3.6/site-packages/tensorflow/python/framework/dtypes.py:523: FutureWarning: Passing (type, 1) or '1type' as a synonym of type is deprecated; in a future version of numpy, it will be understood as (type, (1,)) / '(1,)type'.
  _np_qint8 = np.dtype([("qint8", np.int8, 1)])
/home/hz/anaconda3/envs/py36/lib/python3.6/site-packages/tensorflow/python/framework/dtypes.py:524: FutureWarning: Passing (type, 1) or '1type' as a synonym of type is deprecated; in a future version of numpy, it will be understood as (type, (1,)) / '(1,)type'.
  _np_quint8 = np.dtype([("quint8", np.uint8, 1)])
/home/hz/anaconda3/envs/py36/lib/python3.6/site-packages/tensorflow/python/framework/dtypes.py:525: FutureWarning: Passing (type, 1) or '1type' as a synonym of type is deprecated; in a future version of numpy, it will be understood as (type, (1,)) / '(1,)type'.
  _np_qint16 = np.dtype([("qint16", np.int16, 1)])
/home/hz/anaconda3/envs/py36/lib/python3.6/site-packages/tensorflow/python/framework/dtypes.py:526: FutureWarning: Passing (type, 1) or '1type' as a synonym of type is deprecated; in a future version of numpy, it will be understood as (type, (1,)) / '(1,)type'.
  _np_quint16 = np.dtype([("quint16", np.uint16, 1)])
/home/hz/anaconda3/envs/py36/lib/python3.6/site-packages/tensorflow/python/framework/dtypes.py:527: FutureWarning: Passing (type, 1) or '1type' as a synonym of type is deprecated; in a future version of numpy, it will be understood as (type, (1,)) / '(1,)type'.
  _np_qint32 = np.dtype([("qint32", np.int32, 1)])
/home/hz/anaconda3/envs/py36/lib/python3.6/site-packages/tensorflow/python/framework/dtypes.py:532: FutureWarning: Passing (type, 1) or '1type' as a synonym of type is deprecated; in a future version of numpy, it will be understood as (type, (1,)) / '(1,)type'.
  np_resource = np.dtype([("resource", np.ubyte, 1)])
/home/hz/anaconda3/envs/py36/lib/python3.6/site-packages/tfsnippet/utils/tfver.py:22: DeprecationWarning: Function 'semver.compare' is deprecated. Deprecated since version 2.10.0.  This function will be removed in semver 3. Use the respective 'semver.VersionInfo.compare' instead.
  compare_result = semver.compare(version, tf.__version__)
/home/hz/anaconda3/envs/py36/lib/python3.6/site-packages/tfsnippet/utils/tfver.py:22: DeprecationWarning: Function 'semver.compare' is deprecated. Deprecated since version 2.10.0.  This function will be removed in semver 3. Use the respective 'semver.VersionInfo.compare' instead.
  compare_result = semver.compare(version, tf.__version__)
INFO:tensorflow:Restoring parameters from /tmp/tmpf2k_adcs/variables.dat-2600
2025-06-24 12:06:34,289 [INFO] tensorflow: Restoring parameters from /tmp/tmpf2k_adcs/variables.dat-2600


train_values: (16582, 38)
[Epoch 1/10, Step 100] step time: 1.221s (±4.93s); train time: 1m 13.65s; valid time: 48.5s; loss: 7.7842 (±237.931); valid loss: -67.4837 (*)
[Epoch 1/10, Step 200] step time: 1.092s (±4.845s); train time: 1m 0.5025s; valid time: 48.7s; loss: -64.8726 (±8.73877); valid loss: -67.472
[Epoch 1/10, Step 300] step time: 1.027s (±4.519s); train time: 57.31s; valid time: 45.43s; loss: -69.8927 (±11.6525); valid loss: -82.8587 (*)
train_values: (16582, 38)
[Epoch 2/10, Step 400, ETA 53m 19.63s] step time: 1.087s (±4.718s); train time: 43.58s; valid time: 47.43s; loss: -71.9875 (±8.76615); valid loss: -84.2502 (*)
[Epoch 2/10, Step 500, ETA 51m 19.41s] step time: 1.09s (±4.897s); train time: 59.79s; valid time: 49.22s; loss: -76.5521 (±10.2657); valid loss: -88.3632 (*)
[Epoch 2/10, Step 600, ETA 49m 13.66s] step time: 1.069s (±4.669s); train time: 1m 0.0237s; valid time: 46.92s; loss: -74.3991 (±12.9616); valid loss: -83.4782
train_values: (16582, 38)
[Epoch 3/10, Step 700, ETA 46m 54.18s] step time: 1.017s (±4.469s); train time: 23.83s; valid time: 44.9s; loss: -72.2116 (±13.3043); valid loss: -84.6808
[Epoch 3/10, Step 800, ETA 44m 45.73s] step time: 1.022s (±4.57s); train time: 56.36s; valid time: 45.93s; loss: -74.5639 (±11.1765); valid loss: -81.5827
[Epoch 3/10, Step 900, ETA 42m 39.94s] step time: 1.011s (±4.816s); train time: 52.79s; valid time: 48.32s; loss: -75.7327 (±13.1119); valid loss: -88.1156
train_values: (16582, 38)
[Epoch 4/10, Step 1000, ETA 40m 51.84s] step time: 1.066s (±4.662s); train time: 7.759s; valid time: 46.86s; loss: -75.8278 (±13.9129); valid loss: -88.9563 (*)
[Epoch 4/10, Step 1100, ETA 38m 58.11s] step time: 1.037s (±4.69s); train time: 56.6s; valid time: 47.12s; loss: -73.9682 (±17.2363); valid loss: -89.8306 (*)
[Epoch 4/10, Step 1200, ETA 37m 10.45s] step time: 1.062s (±4.867s); train time: 57.36s; valid time: 48.88s; loss: -77.0108 (±13.0617); valid loss: -93.4736 (*)
[Epoch 4/10, Step 1300, ETA 35m 18.31s] step time: 1.031s (±4.355s); train time: 59.38s; valid time: 43.8s; loss: -76.319 (±21.4114); valid loss: -85.3292
train_values: (16582, 38)
[Epoch 5/10, Step 1400, ETA 33m 24.49s] step time: 1.009s (±4.456s); train time: 47.75s; valid time: 44.78s; loss: -78.9185 (±10.9963); valid loss: -85.6192
[Epoch 5/10, Step 1500, ETA 31m 36.72s] step time: 1.046s (±4.769s); train time: 56.72s; valid time: 47.9s; loss: -79.948 (±10.4399); valid loss: -82.2384
[Epoch 5/10, Step 1600, ETA 29m 52.94s] step time: 1.08s (±4.782s); train time: 59.95s; valid time: 48.07s; loss: -81.0453 (±13.3979); valid loss: -86.1843
train_values: (16582, 38)
[Epoch 6/10, Step 1700, ETA 28m 5.075s] step time: 1.041s (±4.553s); train time: 31.52s; valid time: 45.76s; loss: -79.7716 (±14.0006); valid loss: -91.2899
[Epoch 6/10, Step 1800, ETA 26m 15.93s] step time: 1.021s (±4.568s); train time: 56.26s; valid time: 45.9s; loss: -78.3277 (±21.9051); valid loss: -90.6073
[Epoch 6/10, Step 1900, ETA 24m 27.2s] step time: 1.017s (±4.49s); train time: 56.57s; valid time: 45.14s; loss: -78.9547 (±17.2517); valid loss: -87.5335
train_values: (16582, 38)
[Epoch 7/10, Step 2000, ETA 22m 40.48s] step time: 1.037s (±4.687s); train time: 15.02s; valid time: 47.12s; loss: -80.4361 (±15.1622); valid loss: -87.1005
[Epoch 7/10, Step 2100, ETA 20m 55.39s] step time: 1.061s (±4.824s); train time: 57.64s; valid time: 48.48s; loss: -83.5217 (±17.8213); valid loss: -93.4853 (*)
[Epoch 7/10, Step 2200, ETA 19m 9.541s] step time: 1.047s (±4.683s); train time: 57.7s; valid time: 47.07s; loss: -77.3454 (±25.098); valid loss: -91.4299
[Epoch 7/10, Step 2300, ETA 17m 23.41s] step time: 1.038s (±4.593s); train time: 57.75s; valid time: 46.15s; loss: -85.7031 (±9.58009); valid loss: -71.4656
train_values: (16582, 38)
[Epoch 8/10, Step 2400, ETA 15m 37.44s] step time: 1.038s (±4.706s); train time: 54.83s; valid time: 47.3s; loss: -83.3805 (±18.8944); valid loss: -93.8053 (*)
[Epoch 8/10, Step 2500, ETA 13m 51.39s] step time: 1.03s (±4.649s); train time: 56.36s; valid time: 46.71s; loss: -85.3 (±14.008); valid loss: -97.8001 (*)
[Epoch 8/10, Step 2600, ETA 12m 6.231s] step time: 1.055s (±4.801s); train time: 57.27s; valid time: 48.25s; loss: -83.8862 (±20.4096); valid loss: -100.57 (*)
train_values: (16582, 38)
[Epoch 9/10, Step 2700, ETA 10m 20.85s] step time: 1.046s (±4.675s); train time: 39.29s; valid time: 46.99s; loss: -88.207 (±13.8251); valid loss: -97.5601
[Epoch 9/10, Step 2800, ETA 8m 35.6s] step time: 1.051s (±4.694s); train time: 57.93s; valid time: 47.19s; loss: -86.2913 (±17.3499); valid loss: -95.8812
[Epoch 9/10, Step 2900, ETA 6m 50.05s] step time: 1.028s (±4.547s); train time: 57.13s; valid time: 45.7s; loss: -85.8755 (±17.9441); valid loss: -95.5452
train_values: (16582, 38)
[Epoch 10/10, Step 3000, ETA 5m 4.611s] step time: 1.02s (±4.556s); train time: 21.89s; valid time: 45.8s; loss: -89.4915 (±10.6796); valid loss: -99.7453
[Epoch 10/10, Step 3100, ETA 3m 19.34s] step time: 1.011s (±4.489s); train time: 56.05s; valid time: 45.12s; loss: -88.2291 (±20.9406); valid loss: -91.6836
[Epoch 10/10, Step 3200, ETA 1m 34.4s] step time: 1.041s (±4.647s); train time: 57.49s; valid time: 46.7s; loss: -84.6005 (±21.542); valid loss: -90.1849
train end time:  2025-06-24 12:06:34
train time:  3424.9143648147583
test start time:  2025-06-24 12:06:34
------------------------------ testing ------------------------------
test_score shape:  (23590, 38)
test_z shape:  (23590, 100, 6)
search range:  -400.0 400.0
cur thr:  -399.0 [0.9907868608251642, 0.9817517889871611, 0.9999999628252803, 269.0, 23316.0, 5.0, 0.0, 5.399946000539995] [0.9907868608251642, 0.9817517889871611, 0.9999999628252803, 269.0, 23316.0, 5.0, 0.0, 5.399946000539995] -399.0
cur thr:  -349.0 [0.9889655525095947, 0.9781817826115716, 0.9999999628252803, 269.0, 23315.0, 6.0, 0.0, 5.299947000529995] [0.9907868608251642, 0.9817517889871611, 0.9999999628252803, 269.0, 23316.0, 5.0, 0.0, 5.399946000539995] -399.0
cur thr:  -299.0 [0.9889655525095947, 0.9781817826115716, 0.9999999628252803, 269.0, 23315.0, 6.0, 0.0, 4.099959000409996] [0.9907868608251642, 0.9817517889871611, 0.9999999628252803, 269.0, 23316.0, 5.0, 0.0, 5.399946000539995] -399.0
cur thr:  -249.0 [0.9817467906775881, 0.9641576715355674, 0.9999999628252803, 269.0, 23311.0, 10.0, 0.0, 4.099959000409996] [0.9907868608251642, 0.9817517889871611, 0.9999999628252803, 269.0, 23316.0, 5.0, 0.0, 5.399946000539995] -399.0
cur thr:  -199.0 [0.9658836605694513, 0.9340277453462589, 0.9999999628252803, 269.0, 23302.0, 19.0, 0.0, 4.099959000409996] [0.9907868608251642, 0.9817517889871611, 0.9999999628252803, 269.0, 23316.0, 5.0, 0.0, 5.399946000539995] -399.0
cur thr:  -149.0 [0.9340227671344611, 0.8762214698299197, 0.9999999628252803, 269.0, 23283.0, 38.0, 0.0, 2.299977000229998] [0.9907868608251642, 0.9817517889871611, 0.9999999628252803, 269.0, 23316.0, 5.0, 0.0, 5.399946000539995] -399.0
cur thr:  -99.0 [0.8226251015912185, 0.6987012805532136, 0.9999999628252803, 269.0, 23205.0, 116.0, 0.0, 2.299977000229998] [0.9907868608251642, 0.9817517889871611, 0.9999999628252803, 269.0, 23316.0, 5.0, 0.0, 5.399946000539995] -399.0
cur thr:  -49.0 [0.5609969946825827, 0.3898550668136947, 0.9999999628252803, 269.0, 22900.0, 421.0, 0.0, 1.6999830001699983] [0.9907868608251642, 0.9817517889871611, 0.9999999628252803, 269.0, 23316.0, 5.0, 0.0, 5.399946000539995] -399.0
cur thr:  1.0 [0.38649112929209445, 0.23953695245292117, 0.9999999628252803, 269.0, 22467.0, 854.0, 0.0, 1.5999840001599985] [0.9907868608251642, 0.9817517889871611, 0.9999999628252803, 269.0, 23316.0, 5.0, 0.0, 5.399946000539995] -399.0
cur thr:  51.0 [0.2525799504391189, 0.14454594226466447, 0.9999999628252803, 269.0, 21729.0, 1592.0, 0.0, 1.5999840001599985] [0.9907868608251642, 0.9817517889871611, 0.9999999628252803, 269.0, 23316.0, 5.0, 0.0, 5.399946000539995] -399.0
cur thr:  101.0 [0.026599164000428024, 0.013478979799830145, 0.9999999628252803, 269.0, 3633.0, 19688.0, 0.0, 0.19999800001999982] [0.9907868608251642, 0.9817517889871611, 0.9999999628252803, 269.0, 23316.0, 5.0, 0.0, 5.399946000539995] -399.0
cur thr:   0%|          | 0/23590 [00:00<?, ?it/s]100%|██████████| 23590/23590 [00:00<00:00, 1299598.49it/s] 151.0 [0.022548919915277823, 0.01140313691759087, 0.9999999628252803, 269.0, 0.0, 23321.0, 0.0, 0.0] [0.9907868608251642, 0.9817517889871611, 0.9999999628252803, 269.0, 23316.0, 5.0, 0.0, 5.399946000539995] -399.0
cur thr:  201.0 [0.022548919915277823, 0.01140313691759087, 0.9999999628252803, 269.0, 0.0, 23321.0, 0.0, 0.0] [0.9907868608251642, 0.9817517889871611, 0.9999999628252803, 269.0, 23316.0, 5.0, 0.0, 5.399946000539995] -399.0
cur thr:  251.0 [0.022548919915277823, 0.01140313691759087, 0.9999999628252803, 269.0, 0.0, 23321.0, 0.0, 0.0] [0.9907868608251642, 0.9817517889871611, 0.9999999628252803, 269.0, 23316.0, 5.0, 0.0, 5.399946000539995] -399.0
cur thr:  301.0 [0.022548919915277823, 0.01140313691759087, 0.9999999628252803, 269.0, 0.0, 23321.0, 0.0, 0.0] [0.9907868608251642, 0.9817517889871611, 0.9999999628252803, 269.0, 23316.0, 5.0, 0.0, 5.399946000539995] -399.0
cur thr:  351.0 [0.022548919915277823, 0.01140313691759087, 0.9999999628252803, 269.0, 0.0, 23321.0, 0.0, 0.0] [0.9907868608251642, 0.9817517889871611, 0.9999999628252803, 269.0, 23316.0, 5.0, 0.0, 5.399946000539995] -399.0
[0.9907868608251642, 0.9817517889871611, 0.9999999628252803, 269.0, 23316.0, 5.0, 0.0, 5.399946000539995] -399.0
label_file: ServerMachineDataset/interpretation_label/machine-2-3.txt
Initial threshold : -3.0357575
Number of peaks : 176
Grimshaw maximum log-likelihood estimation ... [done]
	γ = 0
	σ = 1130.0488
	L = 1413.2828373845136
Extreme quantile (probability = 0.001): 2268.0273200092793
1077
23590
POT result:  (0.6724955194983513, 0.5065913275594853, 0.9999999628252803, 269.0, 23059.0, 262.0, 0.0) -69.93863045256177 2.199978000219998

=== 全局调试信息 ===
y_true shape: (23590,), unique values: [0. 1.]
y_pred shape: (23590,), unique values: [False  True]
feature_scores shape: (23590, 38)
interpretation_segments 数量: 10


=== 处理第 1/10 段 ===
原始段范围: orig_start=857, orig_end=860
调整后段范围: start=758, end=761
段内真实标签 (seg_true): [1. 1. 1. 0.]
段内预测标签 (seg_pred): [ True  True  True False]
段内真实异常时间点索引 (相对段内): [0 1 2]
段内是否有预测为异常的时间点: True
真实异常维度 (0-based): [11, 12]
段内检测到的异常时间点索引 (相对段内): [0 1 2]
选择的维度数量 (k): 19 (基于真实异常维度数的 100%)
推断的异常维度 (0-based): [1, 2, 3, 4, 7, 9, 10, 11, 12, 15, 16, 17, 19, 23, 25, 26, 28, 29, 32, 33, 36, 37]
真实与推断的交集: [11, 12]
段内指标: TP=2, FP=20, FN=0, TN=16, IPS=1.0000

=== 处理第 2/10 段 ===
原始段范围: orig_start=5739, orig_end=5745
调整后段范围: start=5640, end=5646
段内真实标签 (seg_true): [1. 1. 1. 1. 1. 1. 0.]
段内预测标签 (seg_pred): [ True  True  True  True  True  True False]
段内真实异常时间点索引 (相对段内): [0 1 2 3 4 5]
段内是否有预测为异常的时间点: True
真实异常维度 (0-based): [8, 9, 12]
段内检测到的异常时间点索引 (相对段内): [0 1 2 3 4 5]
选择的维度数量 (k): 19 (基于真实异常维度数的 100%)
推断的异常维度 (0-based): [0, 1, 2, 3, 4, 7, 9, 11, 12, 15, 16, 17, 22, 23, 25, 26, 28, 29, 32, 33, 36, 37]
真实与推断的交集: [9, 12]
段内指标: TP=2, FP=20, FN=1, TN=15, IPS=0.6667

=== 处理第 3/10 段 ===
原始段范围: orig_start=6008, orig_end=6012
调整后段范围: start=5909, end=5913
段内真实标签 (seg_true): [1. 1. 1. 1. 0.]
段内预测标签 (seg_pred): [ True  True  True  True False]
段内真实异常时间点索引 (相对段内): [0 1 2 3]
段内是否有预测为异常的时间点: True
真实异常维度 (0-based): [8, 9, 12]
段内检测到的异常时间点索引 (相对段内): [0 1 2 3]
选择的维度数量 (k): 19 (基于真实异常维度数的 100%)
推断的异常维度 (0-based): [0, 1, 2, 3, 4, 7, 9, 12, 16, 17, 22, 23, 24, 25, 26, 28, 29, 32, 33, 36, 37]
真实与推断的交集: [9, 12]
段内指标: TP=2, FP=19, FN=1, TN=16, IPS=0.6667

=== 处理第 4/10 段 ===
原始段范围: orig_start=7910, orig_end=8010
调整后段范围: start=7811, end=7911
段内真实标签 (seg_true): [1. 1. 1. 1. 1. 1. 1. 1. 1. 1. 1. 1. 1. 1. 1. 1. 1. 1. 1. 1. 1. 1. 1. 1.
 1. 1. 1. 1. 1. 1. 1. 1. 1. 1. 1. 1. 1. 1. 1. 1. 1. 1. 1. 1. 1. 1. 1. 1.
 1. 1. 1. 1. 1. 1. 1. 1. 1. 1. 1. 1. 1. 1. 1. 1. 1. 1. 1. 1. 1. 1. 1. 1.
 1. 1. 1. 1. 1. 1. 1. 1. 1. 1. 1. 1. 1. 1. 1. 1. 1. 1. 1. 0. 0. 0. 0. 0.
 0. 0. 0. 0. 0.]
段内预测标签 (seg_pred): [ True  True  True  True  True  True  True  True  True  True  True  True
  True  True  True  True  True  True  True  True  True  True  True  True
  True  True  True  True  True  True  True  True  True  True  True  True
  True  True  True  True  True  True  True  True  True  True  True  True
  True  True  True  True  True  True  True  True  True  True  True  True
  True  True  True  True  True  True  True  True  True  True  True  True
  True  True  True  True  True  True  True  True  True  True  True  True
  True  True  True  True  True  True  True False False False False False
 False False False False False]
段内真实异常时间点索引 (相对段内): [ 0  1  2  3  4  5  6  7  8  9 10 11 12 13 14 15 16 17 18 19 20 21 22 23
 24 25 26 27 28 29 30 31 32 33 34 35 36 37 38 39 40 41 42 43 44 45 46 47
 48 49 50 51 52 53 54 55 56 57 58 59 60 61 62 63 64 65 66 67 68 69 70 71
 72 73 74 75 76 77 78 79 80 81 82 83 84 85 86 87 88 89 90]
段内是否有预测为异常的时间点: True
真实异常维度 (0-based): [0, 1, 2, 3, 5, 6, 18, 20, 21, 22, 23, 24, 25, 27, 30, 31, 34, 35]
段内检测到的异常时间点索引 (相对段内): [ 0  1  2  3  4  5  6  7  8  9 10 11 12 13 14 15 16 17 18 19 20 21 22 23
 24 25 26 27 28 29 30 31 32 33 34 35 36 37 38 39 40 41 42 43 44 45 46 47
 48 49 50 51 52 53 54 55 56 57 58 59 60 61 62 63 64 65 66 67 68 69 70 71
 72 73 74 75 76 77 78 79 80 81 82 83 84 85 86 87 88 89 90]
选择的维度数量 (k): 19 (基于真实异常维度数的 100%)
推断的异常维度 (0-based): [0, 1, 2, 3, 4, 5, 6, 7, 8, 9, 10, 11, 12, 13, 14, 15, 16, 17, 18, 19, 21, 22, 23, 24, 25, 26, 27, 28, 29, 30, 31, 32, 33, 34, 35, 36, 37]
真实与推断的交集: [0, 1, 2, 3, 5, 6, 18, 21, 22, 23, 24, 25, 27, 30, 31, 34, 35]
段内指标: TP=17, FP=20, FN=1, TN=0, IPS=0.9444

=== 处理第 5/10 段 ===
原始段范围: orig_start=10953, orig_end=10957
调整后段范围: start=10854, end=10858
段内真实标签 (seg_true): [1. 1. 1. 1. 0.]
段内预测标签 (seg_pred): [ True  True  True  True False]
段内真实异常时间点索引 (相对段内): [0 1 2 3]
段内是否有预测为异常的时间点: True
真实异常维度 (0-based): [8, 11, 14]
段内检测到的异常时间点索引 (相对段内): [0 1 2 3]
选择的维度数量 (k): 19 (基于真实异常维度数的 100%)
推断的异常维度 (0-based): [1, 2, 3, 4, 7, 9, 11, 12, 15, 16, 17, 19, 23, 25, 26, 28, 29, 32, 33, 36, 37]
真实与推断的交集: [11]
段内指标: TP=1, FP=20, FN=2, TN=15, IPS=0.3333

=== 处理第 6/10 段 ===
原始段范围: orig_start=12200, orig_end=12226
调整后段范围: start=12101, end=12127
段内真实标签 (seg_true): [1. 1. 1. 1. 1. 1. 1. 1. 1. 1. 1. 1. 1. 1. 1. 1. 1. 1. 1. 1. 1. 1. 1. 1.
 1. 1. 0.]
段内预测标签 (seg_pred): [ True  True  True  True  True  True  True  True  True  True  True  True
  True  True  True  True  True  True  True  True  True  True  True  True
  True  True False]
段内真实异常时间点索引 (相对段内): [ 0  1  2  3  4  5  6  7  8  9 10 11 12 13 14 15 16 17 18 19 20 21 22 23
 24 25]
段内是否有预测为异常的时间点: True
真实异常维度 (0-based): [0, 5, 6, 10, 15, 19, 20, 21, 22, 24, 27, 30, 31]
段内检测到的异常时间点索引 (相对段内): [ 0  1  2  3  4  5  6  7  8  9 10 11 12 13 14 15 16 17 18 19 20 21 22 23
 24 25]
选择的维度数量 (k): 19 (基于真实异常维度数的 100%)
推断的异常维度 (0-based): [0, 1, 2, 3, 4, 7, 9, 11, 12, 16, 17, 19, 21, 22, 23, 24, 25, 26, 28, 29, 32, 33, 36, 37]
真实与推断的交集: [0, 19, 21, 22, 24]
段内指标: TP=5, FP=19, FN=8, TN=6, IPS=0.3846

=== 处理第 7/10 段 ===
原始段范围: orig_start=15070, orig_end=15151
调整后段范围: start=14971, end=15052
段内真实标签 (seg_true): [1. 1. 1. 1. 1. 1. 1. 1. 1. 1. 1. 1. 1. 1. 1. 1. 1. 1. 1. 1. 1. 1. 1. 1.
 1. 1. 1. 1. 1. 1. 1. 1. 1. 1. 1. 1. 1. 1. 1. 1. 1. 1. 1. 1. 1. 1. 1. 1.
 1. 1. 1. 1. 1. 1. 1. 1. 1. 1. 1. 1. 1. 1. 1. 1. 1. 1. 1. 1. 1. 1. 1. 1.
 1. 1. 1. 1. 1. 1. 1. 1. 1. 0.]
段内预测标签 (seg_pred): [ True  True  True  True  True  True  True  True  True  True  True  True
  True  True  True  True  True  True  True  True  True  True  True  True
  True  True  True  True  True  True  True  True  True  True  True  True
  True  True  True  True  True  True  True  True  True  True  True  True
  True  True  True  True  True  True  True  True  True  True  True  True
  True  True  True  True  True  True  True  True  True  True  True  True
  True  True  True  True  True  True  True  True  True False]
段内真实异常时间点索引 (相对段内): [ 0  1  2  3  4  5  6  7  8  9 10 11 12 13 14 15 16 17 18 19 20 21 22 23
 24 25 26 27 28 29 30 31 32 33 34 35 36 37 38 39 40 41 42 43 44 45 46 47
 48 49 50 51 52 53 54 55 56 57 58 59 60 61 62 63 64 65 66 67 68 69 70 71
 72 73 74 75 76 77 78 79 80]
段内是否有预测为异常的时间点: True
真实异常维度 (0-based): [0, 5, 6, 19, 20, 21, 22, 24, 27, 30, 31]
段内检测到的异常时间点索引 (相对段内): [ 0  1  2  3  4  5  6  7  8  9 10 11 12 13 14 15 16 17 18 19 20 21 22 23
 24 25 26 27 28 29 30 31 32 33 34 35 36 37 38 39 40 41 42 43 44 45 46 47
 48 49 50 51 52 53 54 55 56 57 58 59 60 61 62 63 64 65 66 67 68 69 70 71
 72 73 74 75 76 77 78 79 80]
选择的维度数量 (k): 19 (基于真实异常维度数的 100%)
推断的异常维度 (0-based): [0, 1, 2, 3, 4, 6, 7, 9, 10, 11, 12, 16, 17, 22, 23, 24, 25, 26, 28, 29, 32, 33, 34, 36, 37]
真实与推断的交集: [0, 6, 22, 24]
段内指标: TP=4, FP=21, FN=7, TN=6, IPS=0.3636

=== 处理第 8/10 段 ===
原始段范围: orig_start=19375, orig_end=19416
调整后段范围: start=19276, end=19317
段内真实标签 (seg_true): [1. 1. 1. 1. 1. 1. 1. 1. 1. 1. 1. 1. 1. 1. 1. 1. 1. 1. 1. 1. 1. 1. 1. 1.
 1. 1. 1. 1. 1. 1. 1. 1. 1. 1. 1. 1. 1. 1. 1. 1. 1. 0.]
段内预测标签 (seg_pred): [ True  True  True  True  True  True  True  True  True  True  True  True
  True  True  True  True  True  True  True  True  True  True  True  True
  True  True  True  True  True  True  True  True  True  True  True  True
  True  True  True  True  True False]
段内真实异常时间点索引 (相对段内): [ 0  1  2  3  4  5  6  7  8  9 10 11 12 13 14 15 16 17 18 19 20 21 22 23
 24 25 26 27 28 29 30 31 32 33 34 35 36 37 38 39 40]
段内是否有预测为异常的时间点: True
真实异常维度 (0-based): [0, 1, 2, 3, 5, 6, 15, 18, 19, 20, 21, 22, 23, 24, 25, 26, 27, 28, 29, 30, 31, 32, 33, 34, 35]
段内检测到的异常时间点索引 (相对段内): [ 0  1  2  3  4  5  6  7  8  9 10 11 12 13 14 15 16 17 18 19 20 21 22 23
 24 25 26 27 28 29 30 31 32 33 34 35 36 37 38 39 40]
选择的维度数量 (k): 19 (基于真实异常维度数的 100%)
推断的异常维度 (0-based): [0, 1, 2, 3, 4, 5, 6, 7, 8, 9, 10, 11, 12, 13, 14, 15, 16, 17, 18, 19, 21, 22, 23, 24, 25, 26, 28, 29, 30, 31, 32, 33, 34, 35, 36, 37]
真实与推断的交集: [0, 1, 2, 3, 5, 6, 15, 18, 19, 21, 22, 23, 24, 25, 26, 28, 29, 30, 31, 32, 33, 34, 35]
段内指标: TP=23, FP=13, FN=2, TN=0, IPS=0.9200

=== 处理第 9/10 段 ===
原始段范围: orig_start=19545, orig_end=19553
调整后段范围: start=19446, end=19454
段内真实标签 (seg_true): [1. 1. 1. 1. 1. 1. 1. 1. 0.]
段内预测标签 (seg_pred): [ True  True  True  True  True  True  True  True False]
段内真实异常时间点索引 (相对段内): [0 1 2 3 4 5 6 7]
段内是否有预测为异常的时间点: True
真实异常维度 (0-based): [11]
段内检测到的异常时间点索引 (相对段内): [0 1 2 3 4 5 6 7]
选择的维度数量 (k): 19 (基于真实异常维度数的 100%)
推断的异常维度 (0-based): [1, 2, 3, 4, 7, 9, 11, 12, 15, 16, 17, 19, 23, 25, 26, 28, 29, 32, 33, 36, 37]
真实与推断的交集: [11]
段内指标: TP=1, FP=20, FN=0, TN=17, IPS=1.0000

=== 处理第 10/10 段 ===
原始段范围: orig_start=20253, orig_end=20258
调整后段范围: start=20154, end=20159
段内真实标签 (seg_true): [1. 1. 1. 1. 1. 0.]
段内预测标签 (seg_pred): [ True  True  True  True  True False]
段内真实异常时间点索引 (相对段内): [0 1 2 3 4]
段内是否有预测为异常的时间点: True
真实异常维度 (0-based): [29]
段内检测到的异常时间点索引 (相对段内): [0 1 2 3 4]
选择的维度数量 (k): 19 (基于真实异常维度数的 100%)
推断的异常维度 (0-based): [0, 1, 2, 3, 4, 7, 9, 11, 12, 16, 17, 19, 23, 24, 25, 26, 27, 28, 29, 30, 31, 32, 33, 36, 37]
真实与推断的交集: [29]
段内指标: TP=1, FP=24, FN=0, TN=13, IPS=1.0000

=== 汇总指标 ===
总 TP: 58, 总 TN: 104, 总 FP: 196, 总 FN: 22
平均 IPS: 0.7045, Precision: 0.2283, Recall: 0.7250, F1: 0.3473
每段IPS与混淆: [{'original_start': 857, 'original_end': 860, 'start': 758, 'end': 761, 'TP': 2, 'TN': 16, 'FP': 20, 'FN': 0, 'IPS': 1.0, 'k_selected': 19, 'gt_dims_count': 2}, {'original_start': 5739, 'original_end': 5745, 'start': 5640, 'end': 5646, 'TP': 2, 'TN': 15, 'FP': 20, 'FN': 1, 'IPS': 0.6666666666666666, 'k_selected': 19, 'gt_dims_count': 3}, {'original_start': 6008, 'original_end': 6012, 'start': 5909, 'end': 5913, 'TP': 2, 'TN': 16, 'FP': 19, 'FN': 1, 'IPS': 0.6666666666666666, 'k_selected': 19, 'gt_dims_count': 3}, {'original_start': 7910, 'original_end': 8010, 'start': 7811, 'end': 7911, 'TP': 17, 'TN': 0, 'FP': 20, 'FN': 1, 'IPS': 0.9444444444444444, 'k_selected': 19, 'gt_dims_count': 18}, {'original_start': 10953, 'original_end': 10957, 'start': 10854, 'end': 10858, 'TP': 1, 'TN': 15, 'FP': 20, 'FN': 2, 'IPS': 0.3333333333333333, 'k_selected': 19, 'gt_dims_count': 3}, {'original_start': 12200, 'original_end': 12226, 'start': 12101, 'end': 12127, 'TP': 5, 'TN': 6, 'FP': 19, 'FN': 8, 'IPS': 0.38461538461538464, 'k_selected': 19, 'gt_dims_count': 13}, {'original_start': 15070, 'original_end': 15151, 'start': 14971, 'end': 15052, 'TP': 4, 'TN': 6, 'FP': 21, 'FN': 7, 'IPS': 0.36363636363636365, 'k_selected': 19, 'gt_dims_count': 11}, {'original_start': 19375, 'original_end': 19416, 'start': 19276, 'end': 19317, 'TP': 23, 'TN': 0, 'FP': 13, 'FN': 2, 'IPS': 0.92, 'k_selected': 19, 'gt_dims_count': 25}, {'original_start': 19545, 'original_end': 19553, 'start': 19446, 'end': 19454, 'TP': 1, 'TN': 17, 'FP': 20, 'FN': 0, 'IPS': 1.0, 'k_selected': 19, 'gt_dims_count': 1}, {'original_start': 20253, 'original_end': 20258, 'start': 20154, 'end': 20159, 'TP': 1, 'TN': 13, 'FP': 24, 'FN': 0, 'IPS': 1.0, 'k_selected': 19, 'gt_dims_count': 1}]
总和: {'TP': 58, 'TN': 104, 'FP': 196, 'FN': 22, 'IPS': 0.704508169299836, 'precision': 0.2283464566929134, 'recall': 0.725, 'F1': 0.34730538922155685}
test end time:  2025-06-24 12:11:57
test time:  323.3476142883301
==============================result==============================
{'FN': 0.0,
 'FP': 5.0,
 'TN': 23316.0,
 'TP': 269.0,
 'best-f1': 0.9907868608251642,
 'best_valid_loss': -100.57020567100433,
 'dataset': 'machine-2-3',
 'latency': 5.399946000539995,
 'pot-FN': 0.0,
 'pot-FP': 262.0,
 'pot-TN': 23059.0,
 'pot-TP': 269.0,
 'pot-f1': 0.6724955194983513,
 'pot-latency': 2.199978000219998,
 'pot-precision': 0.5065913275594853,
 'pot-recall': 0.9999999628252803,
 'pot-threshold': -69.93863045256177,
 'precision': 0.9817517889871611,
 'pred_time': 0.3297837098776284,
 'pred_total_time': 155.948650598526,
 'recall': 0.9999999628252803,
 'segment_results': [{'FN': 0,
                      'FP': 20,
                      'IPS': 1.0,
                      'TN': 16,
                      'TP': 2,
                      'end': 761,
                      'gt_dims_count': 2,
                      'k_selected': 19,
                      'original_end': 860,
                      'original_start': 857,
                      'start': 758},
                     {'FN': 1,
                      'FP': 20,
                      'IPS': 0.6666666666666666,
                      'TN': 15,
                      
'TP': 2,
                      'end': 5646,
                      'gt_dims_count': 3,
                      'k_selected': 19,
                      'original_end': 5745,
                      'original_start': 5739,
                      'start': 5640},
                     {'FN': 1,
                      'FP': 19,
                      'IPS': 0.6666666666666666,
                      'TN': 16,
                      'TP': 2,
                      'end': 5913,
                      'gt_dims_count': 3,
                      'k_selected': 19,
                      'original_end': 6012,
                      'original_start': 6008,
                      'start': 5909},
                     {'FN': 1,
                      'FP': 20,
                      'IPS': 0.9444444444444444,
                      'TN': 0,
                      'TP': 17,
                      'end': 7911,
                      'gt_dims_count': 18,
                      'k_selected': 19,
                      'original_end': 8010,
                      'original_start': 7910,
                      'start': 7811},
                     {'FN': 2,
                      'FP': 20,
                      'IPS': 0.3333333333333333,
                      'TN': 15,
                      'TP': 1,
                      'end': 10858,
                      'gt_dims_count': 3,
                      'k_selected': 19,
                      'original_end': 10957,
                      'original_start': 10953,
                      'start': 10854},
                     {'FN': 8,
                      'FP': 19,
                      'IPS': 0.38461538461538464,
                      'TN': 6,
                      'TP': 5,
                      'end': 12127,
                      'gt_dims_count': 13,
                      'k_selected': 19,
                      'original_end': 12226,
                      'original_start': 12200,
                      'start': 12101},
                     {'FN': 7,
                      'FP': 21,
                      'IPS': 0.36363636363636365,
                      'TN': 6,
                      'TP': 4,
                      'end': 15052,
                      'gt_dims_count': 11,
                      'k_selected': 19,
                      'original_end': 15151,
                      'original_start': 15070,
                      'start': 14971},
                     {'FN': 2,
                      'FP': 13,
                      'IPS': 0.92,
                      'TN': 0,
                      'TP': 23,
                      'end': 19317,
                      'gt_dims_count': 25,
                      'k_selected': 19,
                      'original_end': 19416,
                      'original_start': 19375,
                      'start': 19276},
                     {'FN': 0,
                      'FP': 20,
                      'IPS': 1.0,
                      'TN': 17,
                      'TP': 1,
                      'end': 19454,
                      'gt_dims_count': 1,
                      'k_selected': 19,
                      'original_end': 19553,
                      'original_start': 19545,
                      'start': 19446},
                     {'FN': 0,
                      'FP': 24,
                      'IPS': 1.0,
                      'TN': 13,
                      'TP': 1,
                      'end': 20159,
                      'gt_dims_count': 1,
                      'k_selected': 19,
                      'original_end': 20258,
                      'original_start': 20253,
                      'start': 20154}],
 'segment_summary': {'F1': 0.34730538922155685,
                     'FN': 22,
                     'FP': 196,
                     'IPS': 0.704508169299836,
                     'TN': 104,
                     'TP': 58,
                     'precision': 0.2283464566929134,
                     'recall': 0.725},
 'threshold': -399.0,
 'train_time': 341.10484330654145,
 'valid_time': 0.3283304641327114}
