2025-06-24 20:17:18.765821: I tensorflow/core/platform/cpu_feature_guard.cc:141] Your CPU supports instructions that this TensorFlow binary was not compiled to use: AVX2 AVX512F FMA
Configurations
===========================================
{'batch_size': 50,
 'bf_search_max': 400.0,
 'bf_search_min': -400.0,
 'bf_search_step_size': 1.0,
 'dataset': 'machine-3-10',
 'dense_dim': 500,
 'early_stop': True,
 'get_score_on_dim': True,
 'gradient_clip_norm': 10.0,
 'initial_lr': 0.001,
 'l2_reg': 0.0001,
 'level': 0.0075,
 'lr_anneal_epoch_freq': 40,
 'lr_anneal_factor': 0.5,
 'lr_anneal_step_freq': None,
 'max_epoch': 10,
 'max_test_size': None,
 'max_train_size': None,
 'nf_layers': 20,
 'percentage_Dimension': 50.0,
 'posterior_flow_type': 'nf',
 'restore_dir': None,
 'result_dir': 'result',
 'rnn_cell': 'GRU',
 'rnn_num_hidden': 500,
 'save_dir': 'model',
 'save_z': False,
 'std_epsilon': 0.0001,
 'test_batch_size': 50,
 'test_n_z': 1,
 'test_score_filename': 'test_score.pkl',
 'test_start': 0,
 'train_score_filename': 'train_score.pkl',
 'train_start': 0,
 'use_connected_z_p': True,
 'use_connected_z_q': True,
 'valid_step_freq': 100,
 'window_length': 100,
 'x_dim': 38,
 'z_dim': 3}

train start time:  2025-06-24 20:17:04
load data of: machine-3-10
train:  0 None
test:  0 None
Data normalized
Data normalized
train set shape:  (23692, 38)
test set shape:  (23693, 38)
test set label shape:  (23693,)
Trainable Parameters                                            (2,607,740 in total)
------------------------------------------------------------------------------------
model/q_z_given_x/rnn_q_z/rnn/gru_cell/gates/kernel             (538, 1000)  538,000
model/q_z_given_x/rnn_q_z/rnn/gru_cell/gates/bias               (1000,)        1,000
model/q_z_given_x/rnn_q_z/rnn/gru_cell/candidate/kernel         (538, 500)   269,000
model/q_z_given_x/rnn_q_z/rnn/gru_cell/candidate/bias           (500,)           500
model/q_z_given_x/rnn_q_z/dense/kernel                          (500, 500)   250,000
model/q_z_given_x/rnn_q_z/dense/bias                            (500,)           500
model/q_z_given_x/rnn_q_z/dense_1/kernel                        (500, 500)   250,000
model/q_z_given_x/rnn_q_z/dense_1/bias                          (500,)           500
model/vae/variational/z_mean/kernel                             (503, 3)       1,509
model/vae/variational/z_mean/bias                               (3,)               3
model/vae/variational/z_std/kernel                              (503, 3)       1,509
model/vae/variational/z_std/bias                                (3,)               3
model/posterior_flow/_0/w                                       (1, 3)             3
model/posterior_flow/_0/b                                       (1,)               1
model/posterior_flow/_0/u                                       (1, 3)             3
model/posterior_flow/_1/w                                       (1, 3)             3
model/posterior_flow/_1/b                                       (1,)               1
model/posterior_flow/_1/u                                       (1, 3)             3
model/posterior_flow/_2/w                                       (1, 3)             3
model/posterior_flow/_2/b                                       (1,)               1
model/posterior_flow/_2/u                                       (1, 3)             3
model/posterior_flow/_3/w                                       (1, 3)             3
model/posterior_flow/_3/b                                       (1,)               1
model/posterior_flow/_3/u                                       (1, 3)             3
model/posterior_flow/_4/w                                       (1, 3)             3
model/posterior_flow/_4/b                                       (1,)               1
model/posterior_flow/_4/u                                       (1, 3)             3
model/posterior_flow/_5/w                                       (1, 3)             3
model/posterior_flow/_5/b                                       (1,)               1
model/posterior_flow/_5/u                                       (1, 3)             3
model/posterior_flow/_6/w                                       (1, 3)             3
model/posterior_flow/_6/b                                       (1,)               1
model/posterior_flow/_6/u                                       (1, 3)             3
model/posterior_flow/_7/w                                       (1, 3)             3
model/posterior_flow/_7/b                                       (1,)               1
model/posterior_flow/_7/u                                       (1, 3)             3
model/posterior_flow/_8/w                                       (1, 3)             3
model/posterior_flow/_8/b                                       (1,)               1
model/posterior_flow/_8/u                                       (1, 3)             3
model/posterior_flow/_9/w                                       (1, 3)             3
model/posterior_flow/_9/b                                       (1,)               1
model/posterior_flow/_9/u                                       (1, 3)             3
model/posterior_flow/_10/w                                      (1, 3)             3
model/posterior_flow/_10/b                                      (1,)               1
model/posterior_flow/_10/u                                      (1, 3)             3
model/posterior_flow/_11/w                                      (1, 3)             3
model/posterior_flow/_11/b                                      (1,)               1
model/posterior_flow/_11/u                                      (1, 3)             3
model/posterior_flow/_12/w                                      (1, 3)             3
model/posterior_flow/_12/b                                      (1,)               1
model/posterior_flow/_12/u                                      (1, 3)             3
model/posterior_flow/_13/w                                      (1, 3)             3
model/posterior_flow/_13/b                                      (1,)               1
model/posterior_flow/_13/u                                      (1, 3)             3
model/posterior_flow/_14/w                                      (1, 3)             3
model/posterior_flow/_14/b                                      (1,)               1
model/posterior_flow/_14/u                                      (1, 3)             3
model/posterior_flow/_15/w                                      (1, 3)             3
model/posterior_flow/_15/b                                      (1,)               1
model/posterior_flow/_15/u                                      (1, 3)             3
model/posterior_flow/_16/w                                      (1, 3)             3
model/posterior_flow/_16/b                                      (1,)               1
model/posterior_flow/_16/u                                      (1, 3)             3
model/posterior_flow/_17/w                                      (1, 3)             3
model/posterior_flow/_17/b                                      (1,)               1
model/posterior_flow/_17/u                                      (1, 3)             3
model/posterior_flow/_18/w                                      (1, 3)             3
model/posterior_flow/_18/b                                      (1,)               1
model/posterior_flow/_18/u                                      (1, 3)             3
model/posterior_flow/_19/w                                      (1, 3)             3
model/posterior_flow/_19/b                                      (1,)               1
model/posterior_flow/_19/u                                      (1, 3)             3
model/p_x_given_z/hidden/rnn_p_x/rnn/gru_cell/gates/kernel      (503, 1000)  503,000
model/p_x_given_z/hidden/rnn_p_x/rnn/gru_cell/gates/bias        (1000,)        1,000
model/p_x_given_z/hidden/rnn_p_x/rnn/gru_cell/candidate/kernel  (503, 500)   251,500
model/p_x_given_z/hidden/rnn_p_x/rnn/gru_cell/candidate/bias    (500,)           500
model/p_x_given_z/hidden/rnn_p_x/dense/kernel                   (500, 500)   250,000
model/p_x_given_z/hidden/rnn_p_x/dense/bias                     (500,)           500
model/p_x_given_z/hidden/rnn_p_x/dense_1/kernel                 (500, 500)   250,000
model/p_x_given_z/hidden/rnn_p_x/dense_1/bias                   (500,)           500
model/p_x_given_z/x_mean/kernel                                 (500, 38)     19,000
model/p_x_given_z/x_mean/bias                                   (38,)             38
model/p_x_given_z/x_std/kernel                                  (500, 38)     19,000
model/p_x_given_z/x_std/bias                                    (38,)             38/home/hz/anaconda3/envs/py36/lib/python3.6/site-packages/tensorflow/python/framework/dtypes.py:523: FutureWarning: Passing (type, 1) or '1type' as a synonym of type is deprecated; in a future version of numpy, it will be understood as (type, (1,)) / '(1,)type'.
  _np_qint8 = np.dtype([("qint8", np.int8, 1)])
/home/hz/anaconda3/envs/py36/lib/python3.6/site-packages/tensorflow/python/framework/dtypes.py:524: FutureWarning: Passing (type, 1) or '1type' as a synonym of type is deprecated; in a future version of numpy, it will be understood as (type, (1,)) / '(1,)type'.
  _np_quint8 = np.dtype([("quint8", np.uint8, 1)])
/home/hz/anaconda3/envs/py36/lib/python3.6/site-packages/tensorflow/python/framework/dtypes.py:525: FutureWarning: Passing (type, 1) or '1type' as a synonym of type is deprecated; in a future version of numpy, it will be understood as (type, (1,)) / '(1,)type'.
  _np_qint16 = np.dtype([("qint16", np.int16, 1)])
/home/hz/anaconda3/envs/py36/lib/python3.6/site-packages/tensorflow/python/framework/dtypes.py:526: FutureWarning: Passing (type, 1) or '1type' as a synonym of type is deprecated; in a future version of numpy, it will be understood as (type, (1,)) / '(1,)type'.
  _np_quint16 = np.dtype([("quint16", np.uint16, 1)])
/home/hz/anaconda3/envs/py36/lib/python3.6/site-packages/tensorflow/python/framework/dtypes.py:527: FutureWarning: Passing (type, 1) or '1type' as a synonym of type is deprecated; in a future version of numpy, it will be understood as (type, (1,)) / '(1,)type'.
  _np_qint32 = np.dtype([("qint32", np.int32, 1)])
/home/hz/anaconda3/envs/py36/lib/python3.6/site-packages/tensorflow/python/framework/dtypes.py:532: FutureWarning: Passing (type, 1) or '1type' as a synonym of type is deprecated; in a future version of numpy, it will be understood as (type, (1,)) / '(1,)type'.
  np_resource = np.dtype([("resource", np.ubyte, 1)])
/home/hz/anaconda3/envs/py36/lib/python3.6/site-packages/tfsnippet/utils/tfver.py:22: DeprecationWarning: Function 'semver.compare' is deprecated. Deprecated since version 2.10.0.  This function will be removed in semver 3. Use the respective 'semver.VersionInfo.compare' instead.
  compare_result = semver.compare(version, tf.__version__)
/home/hz/anaconda3/envs/py36/lib/python3.6/site-packages/tfsnippet/utils/tfver.py:22: DeprecationWarning: Function 'semver.compare' is deprecated. Deprecated since version 2.10.0.  This function will be removed in semver 3. Use the respective 'semver.VersionInfo.compare' instead.
  compare_result = semver.compare(version, tf.__version__)
INFO:tensorflow:Restoring parameters from /tmp/tmpd8xnuiz1/variables.dat-2900
2025-06-24 21:13:04,711 [INFO] tensorflow: Restoring parameters from /tmp/tmpd8xnuiz1/variables.dat-2900


train_values: (16585, 38)
[Epoch 1/10, Step 100] step time: 1.229s (±5.122s); train time: 1m 13.06s; valid time: 49.88s; loss: -25.962 (±21.2732); valid loss: -47.4766 (*)
[Epoch 1/10, Step 200] step time: 1.04s (±4.668s); train time: 57.09s; valid time: 46.93s; loss: -53.6408 (±4.66604); valid loss: -59.7909 (*)
[Epoch 1/10, Step 300] step time: 1.028s (±4.552s); train time: 57.17s; valid time: 45.73s; loss: -55.6932 (±4.90878); valid loss: -59.4235
train_values: (16585, 38)
[Epoch 2/10, Step 400, ETA 52m 13.11s] step time: 1.037s (±4.659s); train time: 40.29s; valid time: 46.82s; loss: -62.0495 (±3.79621); valid loss: -61.747 (*)
[Epoch 2/10, Step 500, ETA 49m 58.06s] step time: 1.036s (±4.655s); train time: 56.86s; valid time: 46.78s; loss: -60.2842 (±4.58274); valid loss: -63.9218 (*)
[Epoch 2/10, Step 600, ETA 47m 53.31s] step time: 1.035s (±4.636s); train time: 57.01s; valid time: 46.59s; loss: -62.679 (±3.85738); valid loss: -68.3553 (*)
train_values: (16585, 38)
[Epoch 3/10, Step 700, ETA 45m 49.11s] step time: 1.02s (±4.513s); train time: 23.81s; valid time: 45.36s; loss: -62.295 (±5.98247); valid loss: -63.5706
[Epoch 3/10, Step 800, ETA 43m 53.66s] step time: 1.031s (±4.64s); train time: 56.52s; valid time: 46.64s; loss: -64.3057 (±5.52438); valid loss: -70.8833 (*)
[Epoch 3/10, Step 900, ETA 41m 57.54s] step time: 1.018s (±4.513s); train time: 56.51s; valid time: 45.36s; loss: -64.0468 (±6.24194); valid loss: -66.9408
train_values: (16585, 38)
[Epoch 4/10, Step 1000, ETA 40m 4.191s] step time: 1.018s (±4.503s); train time: 7.323s; valid time: 45.26s; loss: -65.2131 (±5.11362); valid loss: -69.807
[Epoch 4/10, Step 1100, ETA 38m 14.8s] step time: 1.027s (±4.598s); train time: 56.56s; valid time: 46.21s; loss: -62.4115 (±11.3369); valid loss: -69.6094
[Epoch 4/10, Step 1200, ETA 36m 24.81s] step time: 1.017s (±4.49s); train time: 56.66s; valid time: 45.13s; loss: -62.3364 (±13.4504); valid loss: -62.0624
[Epoch 4/10, Step 1300, ETA 34m 35.77s] step time: 1.015s (±4.504s); train time: 56.33s; valid time: 45.26s; loss: -60.987 (±15.635); valid loss: -66.1808
train_values: (16585, 38)
[Epoch 5/10, Step 1400, ETA 32m 48.29s] step time: 1.019s (±4.508s); train time: 47.54s; valid time: 45.31s; loss: -58.0613 (±21.3095); valid loss: -64.3883
[Epoch 5/10, Step 1500, ETA 31m 1.249s] step time: 1.017s (±4.49s); train time: 56.58s; valid time: 45.13s; loss: -57.1123 (±12.0769); valid loss: -67.4612
[Epoch 5/10, Step 1600, ETA 29m 14.85s] step time: 1.016s (±4.501s); train time: 56.46s; valid time: 45.23s; loss: -64.2621 (±8.34361); valid loss: -65.4232
train_values: (16585, 38)
[Epoch 6/10, Step 1700, ETA 27m 30.05s] step time: 1.027s (±4.603s); train time: 31.1s; valid time: 46.28s; loss: -72.1783 (±4.9465); valid loss: -74.2147 (*)
[Epoch 6/10, Step 1800, ETA 25m 45.66s] step time: 1.03s (±4.61s); train time: 56.71s; valid time: 46.32s; loss: -73.114 (±4.30406); valid loss: -79.0305 (*)
[Epoch 6/10, Step 1900, ETA 24m 0.5573s] step time: 1.018s (±4.493s); train time: 56.7s; valid time: 45.17s; loss: -69.9077 (±11.9615); valid loss: -69.1444
train_values: (16585, 38)
[Epoch 7/10, Step 2000, ETA 22m 15.77s] step time: 1.018s (±4.488s); train time: 14.8s; valid time: 45.12s; loss: -71.7538 (±6.30799); valid loss: -73.7595
[Epoch 7/10, Step 2100, ETA 20m 31.16s] step time: 1.016s (±4.505s); train time: 56.4s; valid time: 45.28s; loss: -74.8072 (±5.11267); valid loss: -67.3117
[Epoch 7/10, Step 2200, ETA 18m 46.72s] step time: 1.014s (±4.491s); train time: 56.36s; valid time: 45.11s; loss: -75.6778 (±6.01973); valid loss: -42.5284
[Epoch 7/10, Step 2300, ETA 17m 2.713s] step time: 1.018s (±4.52s); train time: 56.45s; valid time: 45.43s; loss: -72.8223 (±10.7522); valid loss: -78.3699
train_values: (16585, 38)
[Epoch 8/10, Step 2400, ETA 15m 18.78s] step time: 1.015s (±4.486s); train time: 54.77s; valid time: 45.08s; loss: -77.2535 (±4.95717); valid loss: -73.121
[Epoch 8/10, Step 2500, ETA 13m 35.1s] step time: 1.018s (±4.503s); train time: 56.59s; valid time: 45.25s; loss: -77.4146 (±5.08418); valid loss: -77.5881
[Epoch 8/10, Step 2600, ETA 11m 51.59s] step time: 1.019s (±4.504s); train time: 56.66s; valid time: 45.26s; loss: -80.3051 (±3.90208); valid loss: -74.5657
train_values: (16585, 38)
[Epoch 9/10, Step 2700, ETA 10m 8.166s] step time: 1.017s (±4.492s); train time: 38.51s; valid time: 45.16s; loss: -78.6777 (±4.47254); valid loss: -72.637
[Epoch 9/10, Step 2800, ETA 8m 24.85s] step time: 1.017s (±4.507s); train time: 56.44s; valid time: 45.28s; loss: -78.1489 (±5.42711); valid loss: -77.7643
[Epoch 9/10, Step 2900, ETA 6m 41.81s] step time: 1.029s (±4.612s); train time: 56.6s; valid time: 46.34s; loss: -80.0996 (±4.04159); valid loss: -83.1601 (*)
train_values: (16585, 38)
[Epoch 10/10, Step 3000, ETA 4m 58.65s] step time: 1.016s (±4.494s); train time: 22.12s; valid time: 45.16s; loss: -79.1117 (±4.5904); valid loss: -76.4927
[Epoch 10/10, Step 3100, ETA 3m 15.59s] step time: 1.017s (±4.501s); train time: 56.49s; valid time: 45.25s; loss: -79.4467 (±3.83966); valid loss: -82.5416
[Epoch 10/10, Step 3200, ETA 1m 32.62s] step time: 1.018s (±4.497s); train time: 56.62s; valid time: 45.2s; loss: -78.6091 (±4.51405); valid loss: -75.1606
train end time:  2025-06-24 21:13:04
train time:  3360.72776722908
test start time:  2025-06-24 21:13:04
------------------------------ testing ------------------------------
test_score shape:  (23594, 38)
test_z shape:  (23594, 100, 6)
search range:  -400.0 400.0
cur thr:  -399.0 [0.16092689378100378, 0.08750522349560784, 0.9999999904489018, 1047.0, 11629.0, 10918.0, 0.0, 0.38461242605826107] [0.16092689378100378, 0.08750522349560784, 0.9999999904489018, 1047.0, 11629.0, 10918.0, 0.0, 0.38461242605826107] -399.0
cur thr:  -349.0 [0.15465145319798543, 0.08380693181477072, 0.9999999904489018, 1047.0, 11101.0, 11446.0, 0.0, 0.23076745563495665] [0.16092689378100378, 0.08750522349560784, 0.9999999904489018, 1047.0, 11629.0, 10918.0, 0.0, 0.38461242605826107] -399.0
cur thr:  -299.0 [0.14860411703262308, 0.08026678926689146, 0.9999999904489018, 1047.0, 10550.0, 11997.0, 0.0, 0.23076745563495665] [0.16092689378100378, 0.08750522349560784, 0.9999999904489018, 1047.0, 11629.0, 10918.0, 0.0, 0.38461242605826107] -399.0
cur thr:  -249.0 [0.14253492272032167, 0.07673702720848943, 0.9999999904489018, 1047.0, 9950.0, 12597.0, 0.0, 0.23076745563495665] [0.16092689378100378, 0.08750522349560784, 0.9999999904489018, 1047.0, 11629.0, 10918.0, 0.0, 0.38461242605826107] -399.0
cur thr:  -199.0 [0.13722021586802843, 0.07366495456718149, 0.9999999904489018, 1047.0, 9381.0, 13166.0, 0.0, 0.23076745563495665] [0.16092689378100378, 0.08750522349560784, 0.9999999904489018, 1047.0, 11629.0, 10918.0, 0.0, 0.38461242605826107] -399.0
cur thr:  -149.0 [0.13144886590308286, 0.07034871996885794, 0.9999999904489018, 1047.0, 8711.0, 13836.0, 0.0, 0.23076745563495665] [0.16092689378100378, 0.08750522349560784, 0.9999999904489018, 1047.0, 11629.0, 10918.0, 0.0, 0.38461242605826107] -399.0
cur thr:  -99.0 [0.1259991802688167, 0.06723606468839194, 0.9999999904489018, 1047.0, 8022.0, 14525.0, 0.0, 0.23076745563495665] [0.16092689378100378, 0.08750522349560784, 0.9999999904489018, 1047.0, 11629.0, 10918.0, 0.0, 0.38461242605826107] -399.0
cur thr:  -49.0 [0.12239772850436463, 0.06518896702248368, 0.9999999904489018, 1047.0, 7533.0, 15014.0, 0.0, 0.23076745563495665] [0.16092689378100378, 0.08750522349560784, 0.9999999904489018, 1047.0, 11629.0, 10918.0, 0.0, 0.38461242605826107] -399.0
cur thr:  1.0 [0.11365502865242999, 0.0602520572824699, 0.9999999904489018, 1047.0, 6217.0, 16330.0, 0.0, 0.23076745563495665] [0.16092689378100378, 0.08750522349560784, 0.9999999904489018, 1047.0, 11629.0, 10918.0, 0.0, 0.38461242605826107] -399.0
cur thr:  51.0 [0.09750326313597078, 0.05125067303771566, 0.9999999904489018, 1047.0, 3165.0, 19382.0, 0.0, 0.23076745563495665] [0.16092689378100378, 0.08750522349560784, 0.9999999904489018, 1047.0, 11629.0, 10918.0, 0.0, 0.38461242605826107] -399.0
cur thr:  101.0 [0.08497950360115783, 0.044375688715615966, 0.9999999904489018, 1047.0, 0.0, 22547.0, 0.0, 0.0]  0%|          | 0/23594 [00:00<?, ?it/s]100%|██████████| 23594/23594 [00:00<00:00, 1233551.16it/s] [0.16092689378100378, 0.08750522349560784, 0.9999999904489018, 1047.0, 11629.0, 10918.0, 0.0, 0.38461242605826107] -399.0
cur thr:  151.0 [0.08497950360115783, 0.044375688715615966, 0.9999999904489018, 1047.0, 0.0, 22547.0, 0.0, 0.0] [0.16092689378100378, 0.08750522349560784, 0.9999999904489018, 1047.0, 11629.0, 10918.0, 0.0, 0.38461242605826107] -399.0
cur thr:  201.0 [0.08497950360115783, 0.044375688715615966, 0.9999999904489018, 1047.0, 0.0, 22547.0, 0.0, 0.0] [0.16092689378100378, 0.08750522349560784, 0.9999999904489018, 1047.0, 11629.0, 10918.0, 0.0, 0.38461242605826107] -399.0
cur thr:  251.0 [0.08497950360115783, 0.044375688715615966, 0.9999999904489018, 1047.0, 0.0, 22547.0, 0.0, 0.0] [0.16092689378100378, 0.08750522349560784, 0.9999999904489018, 1047.0, 11629.0, 10918.0, 0.0, 0.38461242605826107] -399.0
cur thr:  301.0 [0.08497950360115783, 0.044375688715615966, 0.9999999904489018, 1047.0, 0.0, 22547.0, 0.0, 0.0] [0.16092689378100378, 0.08750522349560784, 0.9999999904489018, 1047.0, 11629.0, 10918.0, 0.0, 0.38461242605826107] -399.0
cur thr:  351.0 [0.08497950360115783, 0.044375688715615966, 0.9999999904489018, 1047.0, 0.0, 22547.0, 0.0, 0.0] [0.16092689378100378, 0.08750522349560784, 0.9999999904489018, 1047.0, 11629.0, 10918.0, 0.0, 0.38461242605826107] -399.0
[0.16092689378100378, 0.08750522349560784, 0.9999999904489018, 1047.0, 11629.0, 10918.0, 0.0, 0.38461242605826107] -399.0
label_file: ServerMachineDataset/interpretation_label/machine-3-10.txt
Initial threshold : -21.552177
Number of peaks : 176
Grimshaw maximum log-likelihood estimation ... [done]
	γ = 0
	σ = 201.96263
	L = 1110.2225527984754
Extreme quantile (probability = 0.001): 384.2985840594874
18215
23594
POT result:  (0.10869349577185934, 0.057470633407909415, 0.9999999904489018, 1047.0, 5376.0, 17171.0, 0.0) 21.552181 0.23076745563495665

=== 全局调试信息 ===
y_true shape: (23594,), unique values: [0. 1.]
y_pred shape: (23594,), unique values: [False  True]
feature_scores shape: (23594, 38)
interpretation_segments 数量: 13


=== 处理第 1/13 段 ===
原始段范围: orig_start=326, orig_end=329
调整后段范围: start=227, end=230
段内真实标签 (seg_true): [1. 1. 1. 0.]
段内预测标签 (seg_pred): [ True  True  True  True]
段内真实异常时间点索引 (相对段内): [0 1 2]
段内是否有预测为异常的时间点: True
真实异常维度 (0-based): [32, 33]
段内检测到的异常时间点索引 (相对段内): [0 1 2 3]
选择的维度数量 (k): 19 (基于真实异常维度数的 100%)
推断的异常维度 (0-based): [1, 2, 4, 7, 8, 9, 11, 12, 14, 16, 17, 22, 23, 25, 26, 28, 29, 31, 32, 33, 36, 37]
真实与推断的交集: [32, 33]
段内指标: TP=2, FP=20, FN=0, TN=16, IPS=1.0000

=== 处理第 2/13 段 ===
原始段范围: orig_start=2155, orig_end=2228
调整后段范围: start=2056, end=2129
段内真实标签 (seg_true): [1. 1. 1. 1. 1. 1. 1. 1. 1. 1. 1. 1. 1. 1. 1. 1. 1. 1. 1. 1. 1. 1. 1. 1.
 1. 1. 1. 1. 1. 1. 1. 1. 1. 1. 1. 1. 1. 1. 1. 1. 1. 1. 1. 1. 1. 1. 1. 1.
 1. 1. 1. 1. 1. 1. 1. 1. 1. 1. 1. 1. 1. 1. 1. 1. 1. 1. 1. 1. 1. 1. 1. 1.
 1. 0.]
段内预测标签 (seg_pred): [ True  True  True  True  True  True  True  True  True  True  True  True
  True  True  True  True  True  True  True  True  True  True  True  True
  True  True  True  True  True  True  True  True  True  True  True  True
  True  True  True  True  True  True  True  True  True  True  True  True
  True  True  True  True  True  True  True  True  True  True  True  True
  True  True  True  True  True  True  True  True  True  True  True  True
  True  True]
段内真实异常时间点索引 (相对段内): [ 0  1  2  3  4  5  6  7  8  9 10 11 12 13 14 15 16 17 18 19 20 21 22 23
 24 25 26 27 28 29 30 31 32 33 34 35 36 37 38 39 40 41 42 43 44 45 46 47
 48 49 50 51 52 53 54 55 56 57 58 59 60 61 62 63 64 65 66 67 68 69 70 71
 72]
段内是否有预测为异常的时间点: True
真实异常维度 (0-based): [8, 11, 12, 13, 14]
段内检测到的异常时间点索引 (相对段内): [ 0  1  2  3  4  5  6  7  8  9 10 11 12 13 14 15 16 17 18 19 20 21 22 23
 24 25 26 27 28 29 30 31 32 33 34 35 36 37 38 39 40 41 42 43 44 45 46 47
 48 49 50 51 52 53 54 55 56 57 58 59 60 61 62 63 64 65 66 67 68 69 70 71
 72 73]
选择的维度数量 (k): 19 (基于真实异常维度数的 100%)
推断的异常维度 (0-based): [0, 1, 2, 3, 4, 6, 7, 8, 9, 11, 12, 14, 15, 16, 17, 22, 23, 24, 25, 26, 28, 29, 31, 32, 33, 36, 37]
真实与推断的交集: [8, 11, 12, 14]
段内指标: TP=4, FP=23, FN=1, TN=10, IPS=0.8000

=== 处理第 3/13 段 ===
原始段范围: orig_start=2875, orig_end=2951
调整后段范围: start=2776, end=2852
段内真实标签 (seg_true): [1. 1. 1. 1. 1. 1. 1. 1. 1. 1. 1. 1. 1. 1. 1. 1. 1. 1. 1. 1. 1. 1. 1. 1.
 1. 1. 1. 1. 1. 1. 1. 1. 1. 1. 1. 1. 1. 1. 1. 1. 1. 1. 1. 1. 1. 1. 1. 1.
 1. 1. 1. 1. 1. 1. 1. 1. 1. 1. 1. 1. 1. 1. 1. 1. 1. 1. 1. 1. 1. 1. 1. 1.
 1. 1. 1. 1. 0.]
段内预测标签 (seg_pred): [ True  True  True  True  True  True  True  True  True  True  True  True
  True  True  True  True  True  True  True  True  True  True  True  True
  True  True  True  True  True  True  True  True  True  True  True  True
  True  True  True  True  True  True  True  True  True  True  True  True
  True  True  True  True  True  True  True  True  True  True  True  True
  True  True  True  True  True  True  True  True  True  True  True  True
  True  True  True  True  True]
段内真实异常时间点索引 (相对段内): [ 0  1  2  3  4  5  6  7  8  9 10 11 12 13 14 15 16 17 18 19 20 21 22 23
 24 25 26 27 28 29 30 31 32 33 34 35 36 37 38 39 40 41 42 43 44 45 46 47
 48 49 50 51 52 53 54 55 56 57 58 59 60 61 62 63 64 65 66 67 68 69 70 71
 72 73 74 75]
段内是否有预测为异常的时间点: True
真实异常维度 (0-based): [18, 20, 21, 27, 29, 30, 34, 35]
段内检测到的异常时间点索引 (相对段内): [ 0  1  2  3  4  5  6  7  8  9 10 11 12 13 14 15 16 17 18 19 20 21 22 23
 24 25 26 27 28 29 30 31 32 33 34 35 36 37 38 39 40 41 42 43 44 45 46 47
 48 49 50 51 52 53 54 55 56 57 58 59 60 61 62 63 64 65 66 67 68 69 70 71
 72 73 74 75 76]
选择的维度数量 (k): 19 (基于真实异常维度数的 100%)
推断的异常维度 (0-based): [1, 2, 3, 4, 7, 8, 9, 10, 11, 12, 14, 15, 16, 17, 22, 23, 25, 26, 28, 29, 31, 32, 33, 34, 36, 37]
真实与推断的交集: [29, 34]
段内指标: TP=2, FP=24, FN=6, TN=6, IPS=0.2500

=== 处理第 4/13 段 ===
原始段范围: orig_start=3596, orig_end=3599
调整后段范围: start=3497, end=3500
段内真实标签 (seg_true): [1. 1. 1. 0.]
段内预测标签 (seg_pred): [ True  True  True  True]
段内真实异常时间点索引 (相对段内): [0 1 2]
段内是否有预测为异常的时间点: True
真实异常维度 (0-based): [8, 11, 12, 13, 14]
段内检测到的异常时间点索引 (相对段内): [0 1 2 3]
选择的维度数量 (k): 19 (基于真实异常维度数的 100%)
推断的异常维度 (0-based): [1, 2, 3, 4, 7, 8, 9, 12, 14, 16, 17, 22, 23, 25, 26, 28, 29, 31, 32, 33, 36, 37]
真实与推断的交集: [8, 12, 14]
段内指标: TP=3, FP=19, FN=2, TN=14, IPS=0.6000

=== 处理第 5/13 段 ===
原始段范围: orig_start=6486, orig_end=6498
调整后段范围: start=6387, end=6399
段内真实标签 (seg_true): [1. 1. 1. 1. 1. 1. 1. 1. 1. 1. 1. 1. 0.]
段内预测标签 (seg_pred): [ True  True  True  True  True  True  True  True  True  True  True  True
  True]
段内真实异常时间点索引 (相对段内): [ 0  1  2  3  4  5  6  7  8  9 10 11]
段内是否有预测为异常的时间点: True
真实异常维度 (0-based): [8, 11, 12, 13]
段内检测到的异常时间点索引 (相对段内): [ 0  1  2  3  4  5  6  7  8  9 10 11 12]
选择的维度数量 (k): 19 (基于真实异常维度数的 100%)
推断的异常维度 (0-based): [1, 2, 3, 4, 7, 8, 9, 11, 12, 14, 16, 17, 22, 23, 25, 26, 28, 29, 31, 32, 33, 36, 37]
真实与推断的交集: [8, 11, 12]
段内指标: TP=3, FP=20, FN=1, TN=14, IPS=0.7500

=== 处理第 6/13 段 ===
原始段范围: orig_start=7891, orig_end=7901
调整后段范围: start=7792, end=7802
段内真实标签 (seg_true): [1. 1. 1. 1. 1. 1. 1. 1. 1. 1. 0.]
段内预测标签 (seg_pred): [ True  True  True  True  True  True  True  True  True  True  True]
段内真实异常时间点索引 (相对段内): [0 1 2 3 4 5 6 7 8 9]
段内是否有预测为异常的时间点: True
真实异常维度 (0-based): [8, 11, 12, 13]
段内检测到的异常时间点索引 (相对段内): [ 0  1  2  3  4  5  6  7  8  9 10]
选择的维度数量 (k): 19 (基于真实异常维度数的 100%)
推断的异常维度 (0-based): [1, 2, 3, 4, 7, 8, 9, 10, 11, 12, 14, 15, 16, 17, 22, 24, 26, 28, 29, 31, 32, 33, 36, 37]
真实与推断的交集: [8, 11, 12]
段内指标: TP=3, FP=21, FN=1, TN=13, IPS=0.7500

=== 处理第 7/13 段 ===
原始段范围: orig_start=9336, orig_end=9347
调整后段范围: start=9237, end=9248
段内真实标签 (seg_true): [1. 1. 1. 1. 1. 1. 1. 1. 1. 1. 1. 0.]
段内预测标签 (seg_pred): [ True  True  True  True  True  True  True  True  True  True  True  True]
段内真实异常时间点索引 (相对段内): [ 0  1  2  3  4  5  6  7  8  9 10]
段内是否有预测为异常的时间点: True
真实异常维度 (0-based): [8, 11, 12, 13]
段内检测到的异常时间点索引 (相对段内): [ 0  1  2  3  4  5  6  7  8  9 10 11]
选择的维度数量 (k): 19 (基于真实异常维度数的 100%)
推断的异常维度 (0-based): [1, 2, 3, 4, 7, 9, 11, 12, 14, 15, 16, 17, 22, 23, 25, 26, 28, 29, 31, 32, 33, 36, 37]
真实与推断的交集: [11, 12]
段内指标: TP=2, FP=21, FN=2, TN=13, IPS=0.5000

=== 处理第 8/13 段 ===
原始段范围: orig_start=10772, orig_end=10782
调整后段范围: start=10673, end=10683
段内真实标签 (seg_true): [1. 1. 1. 1. 1. 1. 1. 1. 1. 1. 0.]
段内预测标签 (seg_pred): [ True  True  True  True  True  True  True  True  True  True  True]
段内真实异常时间点索引 (相对段内): [0 1 2 3 4 5 6 7 8 9]
段内是否有预测为异常的时间点: True
真实异常维度 (0-based): [8, 11, 12, 13]
段内检测到的异常时间点索引 (相对段内): [ 0  1  2  3  4  5  6  7  8  9 10]
选择的维度数量 (k): 19 (基于真实异常维度数的 100%)
推断的异常维度 (0-based): [1, 2, 3, 4, 7, 9, 11, 12, 14, 15, 16, 17, 22, 23, 25, 26, 28, 29, 31, 32, 33, 36, 37]
真实与推断的交集: [11, 12]
段内指标: TP=2, FP=21, FN=2, TN=13, IPS=0.5000

=== 处理第 9/13 段 ===
原始段范围: orig_start=12219, orig_end=12228
调整后段范围: start=12120, end=12129
段内真实标签 (seg_true): [1. 1. 1. 1. 1. 1. 1. 1. 1. 0.]
段内预测标签 (seg_pred): [ True  True  True  True  True  True  True  True  True  True]
段内真实异常时间点索引 (相对段内): [0 1 2 3 4 5 6 7 8]
段内是否有预测为异常的时间点: True
真实异常维度 (0-based): [8, 11, 12, 13]
段内检测到的异常时间点索引 (相对段内): [0 1 2 3 4 5 6 7 8 9]
选择的维度数量 (k): 19 (基于真实异常维度数的 100%)
推断的异常维度 (0-based): [1, 2, 3, 4, 7, 8, 9, 11, 12, 14, 15, 16, 17, 22, 23, 25, 26, 28, 29, 31, 32, 33, 36, 37]
真实与推断的交集: [8, 11, 12]
段内指标: TP=3, FP=21, FN=1, TN=13, IPS=0.7500

=== 处理第 10/13 段 ===
原始段范围: orig_start=13148, orig_end=13441
调整后段范围: start=13049, end=13342
段内真实标签 (seg_true): [1. 1. 1. 1. 1. 1. 1. 1. 1. 1. 1. 1. 1. 1. 1. 1. 1. 1. 1. 1. 1. 1. 1. 1.
 1. 1. 1. 1. 1. 1. 1. 1. 1. 1. 1. 1. 1. 1. 1. 1. 1. 1. 1. 1. 1. 1. 1. 1.
 1. 1. 1. 1. 1. 1. 1. 1. 1. 1. 1. 1. 1. 1. 1. 1. 1. 1. 1. 1. 1. 1. 1. 1.
 1. 1. 1. 1. 1. 1. 1. 1. 1. 1. 1. 1. 1. 1. 1. 1. 1. 1. 1. 1. 1. 1. 1. 1.
 1. 1. 1. 1. 1. 1. 1. 1. 1. 1. 1. 1. 1. 1. 1. 1. 1. 1. 1. 1. 1. 1. 1. 1.
 1. 1. 1. 1. 1. 1. 1. 1. 1. 1. 1. 1. 1. 1. 1. 1. 1. 1. 1. 1. 1. 1. 1. 1.
 1. 1. 1. 1. 1. 1. 1. 1. 1. 1. 1. 1. 1. 1. 1. 1. 1. 1. 1. 1. 1. 1. 1. 1.
 1. 1. 1. 1. 1. 1. 1. 1. 1. 1. 1. 1. 1. 1. 1. 1. 1. 1. 1. 1. 1. 1. 1. 1.
 1. 1. 1. 1. 1. 1. 1. 1. 1. 1. 1. 1. 1. 1. 1. 1. 1. 1. 1. 1. 1. 1. 1. 1.
 1. 1. 1. 1. 1. 1. 1. 1. 1. 1. 1. 1. 1. 1. 1. 1. 1. 1. 1. 1. 1. 1. 1. 1.
 1. 1. 1. 1. 1. 1. 1. 1. 1. 1. 1. 1. 1. 1. 1. 1. 1. 1. 1. 1. 1. 1. 1. 1.
 1. 1. 1. 1. 1. 1. 1. 1. 1. 1. 1. 1. 1. 1. 1. 1. 1. 1. 1. 1. 1. 1. 1. 1.
 1. 1. 1. 1. 1. 0.]
段内预测标签 (seg_pred): [ True  True  True  True  True  True  True  True  True  True  True  True
  True  True  True  True  True  True  True  True  True  True  True  True
  True  True  True  True  True  True  True  True  True  True  True  True
  True  True  True  True  True  True  True  True  True  True  True  True
  True  True  True  True  True  True  True  True  True  True  True  True
  True  True  True  True  True  True  True  True  True  True  True  True
  True  True  True  True  True  True  True  True  True  True  True  True
  True  True  True  True  True  True  True  True  True  True  True  True
  True  True  True  True  True  True  True  True  True  True  True  True
  True  True  True  True  True  True  True  True  True  True  True  True
  True  True  True  True  True  True  True  True  True  True  True  True
  True  True  True  True  True  True  True  True  True  True  True  True
  True  True  True  True  True  True  True  True  True  True  True  True
  True  True  True  True  True  True  True  True  True  True  True  True
  True  True  True  True  True  True  True  True  True  True  True  True
  True  True  True  True  True  True  True  True  True  True  True  True
  True  True  True  True  True  True  True  True  True  True  True  True
  True  True  True  True  True  True  True  True  True  True  True  True
  True  True  True  True  True  True  True  True  True  True  True  True
  True  True  True  True  True  True  True  True  True  True  True  True
  True  True  True  True  True  True  True  True  True  True  True  True
  True  True  True  True  True  True  True  True  True  True  True  True
  True  True  True  True  True  True  True  True  True  True  True  True
  True  True  True  True  True  True  True  True  True  True  True  True
  True  True  True  True  True  True]
段内真实异常时间点索引 (相对段内): [  0   1   2   3   4   5   6   7   8   9  10  11  12  13  14  15  16  17
  18  19  20  21  22  23  24  25  26  27  28  29  30  31  32  33  34  35
  36  37  38  39  40  41  42  43  44  45  46  47  48  49  50  51  52  53
  54  55  56  57  58  59  60  61  62  63  64  65  66  67  68  69  70  71
  72  73  74  75  76  77  78  79  80  81  82  83  84  85  86  87  88  89
  90  91  92  93  94  95  96  97  98  99 100 101 102 103 104 105 106 107
 108 109 110 111 112 113 114 115 116 117 118 119 120 121 122 123 124 125
 126 127 128 129 130 131 132 133 134 135 136 137 138 139 140 141 142 143
 144 145 146 147 148 149 150 151 152 153 154 155 156 157 158 159 160 161
 162 163 164 165 166 167 168 169 170 171 172 173 174 175 176 177 178 179
 180 181 182 183 184 185 186 187 188 189 190 191 192 193 194 195 196 197
 198 199 200 201 202 203 204 205 206 207 208 209 210 211 212 213 214 215
 216 217 218 219 220 221 222 223 224 225 226 227 228 229 230 231 232 233
 234 235 236 237 238 239 240 241 242 243 244 245 246 247 248 249 250 251
 252 253 254 255 256 257 258 259 260 261 262 263 264 265 266 267 268 269
 270 271 272 273 274 275 276 277 278 279 280 281 282 283 284 285 286 287
 288 289 290 291 292]
段内是否有预测为异常的时间点: True
真实异常维度 (0-based): [0, 1, 2, 3, 10, 13, 15, 20, 21, 22, 23, 24, 25, 27, 30, 32, 33, 34, 35]
段内检测到的异常时间点索引 (相对段内): [  0   1   2   3   4   5   6   7   8   9  10  11  12  13  14  15  16  17
  18  19  20  21  22  23  24  25  26  27  28  29  30  31  32  33  34  35
  36  37  38  39  40  41  42  43  44  45  46  47  48  49  50  51  52  53
  54  55  56  57  58  59  60  61  62  63  64  65  66  67  68  69  70  71
  72  73  74  75  76  77  78  79  80  81  82  83  84  85  86  87  88  89
  90  91  92  93  94  95  96  97  98  99 100 101 102 103 104 105 106 107
 108 109 110 111 112 113 114 115 116 117 118 119 120 121 122 123 124 125
 126 127 128 129 130 131 132 133 134 135 136 137 138 139 140 141 142 143
 144 145 146 147 148 149 150 151 152 153 154 155 156 157 158 159 160 161
 162 163 164 165 166 167 168 169 170 171 172 173 174 175 176 177 178 179
 180 181 182 183 184 185 186 187 188 189 190 191 192 193 194 195 196 197
 198 199 200 201 202 203 204 205 206 207 208 209 210 211 212 213 214 215
 216 217 218 219 220 221 222 223 224 225 226 227 228 229 230 231 232 233
 234 235 236 237 238 239 240 241 242 243 244 245 246 247 248 249 250 251
 252 253 254 255 256 257 258 259 260 261 262 263 264 265 266 267 268 269
 270 271 272 273 274 275 276 277 278 279 280 281 282 283 284 285 286 287
 288 289 290 291 292 293]
选择的维度数量 (k): 19 (基于真实异常维度数的 100%)
推断的异常维度 (0-based): [0, 4, 5, 6, 7, 8, 9, 10, 11, 12, 13, 14, 15, 16, 17, 22, 23, 24, 25, 26, 28, 29, 31, 32, 33, 34, 36, 37]
真实与推断的交集: [0, 10, 13, 15, 22, 23, 24, 25, 32, 33, 34]
段内指标: TP=11, FP=17, FN=8, TN=2, IPS=0.5789

=== 处理第 11/13 段 ===
原始段范围: orig_start=14655, orig_end=14673
调整后段范围: start=14556, end=14574
段内真实标签 (seg_true): [1. 1. 1. 1. 1. 1. 1. 1. 1. 1. 1. 1. 1. 1. 1. 1. 1. 1. 0.]
段内预测标签 (seg_pred): [ True  True  True  True  True  True  True  True  True  True  True  True
  True  True  True  True  True  True  True]
段内真实异常时间点索引 (相对段内): [ 0  1  2  3  4  5  6  7  8  9 10 11 12 13 14 15 16 17]
段内是否有预测为异常的时间点: True
真实异常维度 (0-based): [5, 6, 18, 19, 20, 21, 23, 25, 29, 30, 34, 35]
段内检测到的异常时间点索引 (相对段内): [ 0  1  2  3  4  5  6  7  8  9 10 11 12 13 14 15 16 17 18]
选择的维度数量 (k): 19 (基于真实异常维度数的 100%)
推断的异常维度 (0-based): [1, 2, 3, 4, 7, 8, 9, 11, 12, 13, 14, 16, 17, 22, 26, 28, 29, 31, 32, 34, 36, 37]
真实与推断的交集: [29, 34]
段内指标: TP=2, FP=20, FN=10, TN=6, IPS=0.1667

=== 处理第 12/13 段 ===
原始段范围: orig_start=21500, orig_end=21601
调整后段范围: start=21401, end=21502
段内真实标签 (seg_true): [1. 1. 1. 1. 1. 1. 1. 1. 1. 1. 1. 1. 1. 1. 1. 1. 1. 1. 1. 1. 1. 1. 1. 1.
 1. 1. 1. 1. 1. 1. 1. 1. 1. 1. 1. 1. 1. 1. 1. 1. 1. 1. 1. 1. 1. 1. 1. 1.
 1. 1. 1. 1. 1. 1. 1. 1. 1. 1. 1. 1. 1. 1. 1. 1. 1. 1. 1. 1. 1. 1. 1. 1.
 1. 1. 1. 1. 1. 1. 1. 1. 1. 1. 1. 1. 1. 1. 1. 1. 1. 1. 1. 1. 1. 1. 1. 1.
 1. 1. 1. 1. 1. 0.]
段内预测标签 (seg_pred): [ True  True  True  True  True  True  True  True  True  True  True  True
  True  True  True  True  True  True  True  True  True  True  True  True
  True  True  True  True  True  True  True  True  True  True  True  True
  True  True  True  True  True  True  True  True  True  True  True  True
  True  True  True  True  True  True  True  True  True  True  True  True
  True  True  True  True  True  True  True  True  True  True  True  True
  True  True  True  True  True  True  True  True  True  True  True  True
  True  True  True  True  True  True  True  True  True  True  True  True
  True  True  True  True  True  True]
段内真实异常时间点索引 (相对段内): [  0   1   2   3   4   5   6   7   8   9  10  11  12  13  14  15  16  17
  18  19  20  21  22  23  24  25  26  27  28  29  30  31  32  33  34  35
  36  37  38  39  40  41  42  43  44  45  46  47  48  49  50  51  52  53
  54  55  56  57  58  59  60  61  62  63  64  65  66  67  68  69  70  71
  72  73  74  75  76  77  78  79  80  81  82  83  84  85  86  87  88  89
  90  91  92  93  94  95  96  97  98  99 100]
段内是否有预测为异常的时间点: True
真实异常维度 (0-based): [0, 1, 2, 3, 10, 15, 18, 19, 20, 21, 22, 24, 27, 30]
段内检测到的异常时间点索引 (相对段内): [  0   1   2   3   4   5   6   7   8   9  10  11  12  13  14  15  16  17
  18  19  20  21  22  23  24  25  26  27  28  29  30  31  32  33  34  35
  36  37  38  39  40  41  42  43  44  45  46  47  48  49  50  51  52  53
  54  55  56  57  58  59  60  61  62  63  64  65  66  67  68  69  70  71
  72  73  74  75  76  77  78  79  80  81  82  83  84  85  86  87  88  89
  90  91  92  93  94  95  96  97  98  99 100 101]
选择的维度数量 (k): 19 (基于真实异常维度数的 100%)
推断的异常维度 (0-based): [0, 1, 2, 3, 4, 5, 7, 8, 9, 10, 11, 12, 13, 14, 16, 17, 21, 23, 24, 26, 28, 29, 30, 31, 32, 33, 34, 35, 36, 37]
真实与推断的交集: [0, 1, 2, 3, 10, 21, 24, 30]
段内指标: TP=8, FP=22, FN=6, TN=2, IPS=0.5714

=== 处理第 13/13 段 ===
原始段范围: orig_start=21785, orig_end=22213
调整后段范围: start=21686, end=22114
段内真实标签 (seg_true): [1. 1. 1. 1. 1. 1. 1. 1. 1. 1. 1. 1. 1. 1. 1. 1. 1. 1. 1. 1. 1. 1. 1. 1.
 1. 1. 1. 1. 1. 1. 1. 1. 1. 1. 1. 1. 1. 1. 1. 1. 1. 1. 1. 1. 1. 1. 1. 1.
 1. 1. 1. 1. 1. 1. 1. 1. 1. 1. 1. 1. 1. 1. 1. 1. 1. 1. 1. 1. 1. 1. 1. 1.
 1. 1. 1. 1. 1. 1. 1. 1. 1. 1. 1. 1. 1. 1. 1. 1. 1. 1. 1. 1. 1. 1. 1. 1.
 1. 1. 1. 1. 1. 1. 1. 1. 1. 1. 1. 1. 1. 1. 1. 1. 1. 1. 1. 1. 1. 1. 1. 1.
 1. 1. 1. 1. 1. 1. 1. 1. 1. 1. 1. 1. 1. 1. 1. 1. 1. 1. 1. 1. 1. 1. 1. 1.
 1. 1. 1. 1. 1. 1. 1. 1. 1. 1. 1. 1. 1. 1. 1. 1. 1. 1. 1. 1. 1. 1. 1. 1.
 1. 1. 1. 1. 1. 1. 1. 1. 1. 1. 1. 1. 1. 1. 1. 1. 1. 1. 1. 1. 1. 1. 1. 1.
 1. 1. 1. 1. 1. 1. 1. 1. 1. 1. 1. 1. 1. 1. 1. 1. 1. 1. 1. 1. 1. 1. 1. 1.
 1. 1. 1. 1. 1. 1. 1. 1. 1. 1. 1. 1. 1. 1. 1. 1. 1. 1. 1. 1. 1. 1. 1. 1.
 1. 1. 1. 1. 1. 1. 1. 1. 1. 1. 1. 1. 1. 1. 1. 1. 1. 1. 1. 1. 1. 1. 1. 1.
 1. 1. 1. 1. 1. 1. 1. 1. 1. 1. 1. 1. 1. 1. 1. 1. 1. 1. 1. 1. 1. 1. 1. 1.
 1. 1. 1. 1. 1. 1. 1. 1. 1. 1. 1. 1. 1. 1. 1. 1. 1. 1. 1. 1. 1. 1. 1. 1.
 1. 1. 1. 1. 1. 1. 1. 1. 1. 1. 1. 1. 1. 1. 1. 1. 1. 1. 1. 1. 1. 1. 1. 1.
 1. 1. 1. 1. 1. 1. 1. 1. 1. 1. 1. 1. 1. 1. 1. 1. 1. 1. 1. 1. 1. 1. 1. 1.
 1. 1. 1. 1. 1. 1. 1. 1. 1. 1. 1. 1. 1. 1. 1. 1. 1. 1. 1. 1. 1. 1. 1. 1.
 1. 1. 1. 1. 1. 1. 1. 1. 1. 1. 1. 1. 1. 1. 1. 1. 1. 1. 1. 1. 1. 1. 1. 1.
 1. 1. 1. 1. 1. 1. 1. 1. 1. 1. 1. 1. 1. 1. 1. 1. 1. 1. 1. 1. 0.]
段内预测标签 (seg_pred): [ True  True  True  True  True  True  True  True  True  True  True  True
  True  True  True  True  True  True  True  True  True  True  True  True
  True  True  True  True  True  True  True  True  True  True  True  True
  True  True  True  True  True  True  True  True  True  True  True  True
  True  True  True  True  True  True  True  True  True  True  True  True
  True  True  True  True  True  True  True  True  True  True  True  True
  True  True  True  True  True  True  True  True  True  True  True  True
  True  True  True  True  True  True  True  True  True  True  True  True
  True  True  True  True  True  True  True  True  True  True  True  True
  True  True  True  True  True  True  True  True  True  True  True  True
  True  True  True  True  True  True  True  True  True  True  True  True
  True  True  True  True  True  True  True  True  True  True  True  True
  True  True  True  True  True  True  True  True  True  True  True  True
  True  True  True  True  True  True  True  True  True  True  True  True
  True  True  True  True  True  True  True  True  True  True  True  True
  True  True  True  True  True  True  True  True  True  True  True  True
  True  True  True  True  True  True  True  True  True  True  True  True
  True  True  True  True  True  True  True  True  True  True  True  True
  True  True  True  True  True  True  True  True  True  True  True  True
  True  True  True  True  True  True  True  True  True  True  True  True
  True  True  True  True  True  True  True  True  True  True  True  True
  True  True  True  True  True  True  True  True  True  True  True  True
  True  True  True  True  True  True  True  True  True  True  True  True
  True  True  True  True  True  True  True  True  True  True  True  True
  True  True  True  True  True  True  True  True  True  True  True  True
  True  True  True  True  True  True  True  True  True  True  True  True
  True  True  True  True  True  True  True  True  True  True  True  True
  True  True  True  True  True  True  True  True  True  True  True  True
  True  True  True  True  True  True  True  True  True  True  True  True
  True  True  True  True  True  True  True  True  True  True  True  True
  True  True  True  True  True  True  True  True  True  True  True  True
  True  True  True  True  True  True  True  True  True  True  True  True
  True  True  True  True  True  True  True  True  True  True  True  True
  True  True  True  True  True  True  True  True  True  True  True  True
  True  True  True  True  True  True  True  True  True  True  True  True
  True  True  True  True  True  True  True  True  True]
段内真实异常时间点索引 (相对段内): [  0   1   2   3   4   5   6   7   8   9  10  11  12  13  14  15  16  17
  18  19  20  21  22  23  24  25  26  27  28  29  30  31  32  33  34  35
  36  37  38  39  40  41  42  43  44  45  46  47  48  49  50  51  52  53
  54  55  56  57  58  59  60  61  62  63  64  65  66  67  68  69  70  71
  72  73  74  75  76  77  78  79  80  81  82  83  84  85  86  87  88  89
  90  91  92  93  94  95  96  97  98  99 100 101 102 103 104 105 106 107
 108 109 110 111 112 113 114 115 116 117 118 119 120 121 122 123 124 125
 126 127 128 129 130 131 132 133 134 135 136 137 138 139 140 141 142 143
 144 145 146 147 148 149 150 151 152 153 154 155 156 157 158 159 160 161
 162 163 164 165 166 167 168 169 170 171 172 173 174 175 176 177 178 179
 180 181 182 183 184 185 186 187 188 189 190 191 192 193 194 195 196 197
 198 199 200 201 202 203 204 205 206 207 208 209 210 211 212 213 214 215
 216 217 218 219 220 221 222 223 224 225 226 227 228 229 230 231 232 233
 234 235 236 237 238 239 240 241 242 243 244 245 246 247 248 249 250 251
 252 253 254 255 256 257 258 259 260 261 262 263 264 265 266 267 268 269
 270 271 272 273 274 275 276 277 278 279 280 281 282 283 284 285 286 287
 288 289 290 291 292 293 294 295 296 297 298 299 300 301 302 303 304 305
 306 307 308 309 310 311 312 313 314 315 316 317 318 319 320 321 322 323
 324 325 326 327 328 329 330 331 332 333 334 335 336 337 338 339 340 341
 342 343 344 345 346 347 348 349 350 351 352 353 354 355 356 357 358 359
 360 361 362 363 364 365 366 367 368 369 370 371 372 373 374 375 376 377
 378 379 380 381 382 383 384 385 386 387 388 389 390 391 392 393 394 395
 396 397 398 399 400 401 402 403 404 405 406 407 408 409 410 411 412 413
 414 415 416 417 418 419 420 421 422 423 424 425 426 427]
段内是否有预测为异常的时间点: True
真实异常维度 (0-based): [0, 1, 2, 3, 10, 15, 18, 19, 20, 21, 22, 24, 27, 30]
段内检测到的异常时间点索引 (相对段内): [  0   1   2   3   4   5   6   7   8   9  10  11  12  13  14  15  16  17
  18  19  20  21  22  23  24  25  26  27  28  29  30  31  32  33  34  35
  36  37  38  39  40  41  42  43  44  45  46  47  48  49  50  51  52  53
  54  55  56  57  58  59  60  61  62  63  64  65  66  67  68  69  70  71
  72  73  74  75  76  77  78  79  80  81  82  83  84  85  86  87  88  89
  90  91  92  93  94  95  96  97  98  99 100 101 102 103 104 105 106 107
 108 109 110 111 112 113 114 115 116 117 118 119 120 121 122 123 124 125
 126 127 128 129 130 131 132 133 134 135 136 137 138 139 140 141 142 143
 144 145 146 147 148 149 150 151 152 153 154 155 156 157 158 159 160 161
 162 163 164 165 166 167 168 169 170 171 172 173 174 175 176 177 178 179
 180 181 182 183 184 185 186 187 188 189 190 191 192 193 194 195 196 197
 198 199 200 201 202 203 204 205 206 207 208 209 210 211 212 213 214 215
 216 217 218 219 220 221 222 223 224 225 226 227 228 229 230 231 232 233
 234 235 236 237 238 239 240 241 242 243 244 245 246 247 248 249 250 251
 252 253 254 255 256 257 258 259 260 261 262 263 264 265 266 267 268 269
 270 271 272 273 274 275 276 277 278 279 280 281 282 283 284 285 286 287
 288 289 290 291 292 293 294 295 296 297 298 299 300 301 302 303 304 305
 306 307 308 309 310 311 312 313 314 315 316 317 318 319 320 321 322 323
 324 325 326 327 328 329 330 331 332 333 334 335 336 337 338 339 340 341
 342 343 344 345 346 347 348 349 350 351 352 353 354 355 356 357 358 359
 360 361 362 363 364 365 366 367 368 369 370 371 372 373 374 375 376 377
 378 379 380 381 382 383 384 385 386 387 388 389 390 391 392 393 394 395
 396 397 398 399 400 401 402 403 404 405 406 407 408 409 410 411 412 413
 414 415 416 417 418 419 420 421 422 423 424 425 426 427 428]
选择的维度数量 (k): 19 (基于真实异常维度数的 100%)
推断的异常维度 (0-based): [0, 1, 2, 3, 4, 5, 7, 8, 9, 10, 11, 12, 13, 14, 16, 17, 18, 19, 20, 22, 26, 27, 28, 29, 31, 32, 33, 34, 35, 36, 37]
真实与推断的交集: [0, 1, 2, 3, 10, 18, 19, 20, 22, 27]
段内指标: TP=10, FP=21, FN=4, TN=3, IPS=0.7143

=== 汇总指标 ===
总 TP: 55, 总 TN: 125, 总 FP: 270, 总 FN: 44
平均 IPS: 0.6226, Precision: 0.1692, Recall: 0.5556, F1: 0.2594
每段IPS与混淆: [{'original_start': 326, 'original_end': 329, 'start': 227, 'end': 230, 'TP': 2, 'TN': 16, 'FP': 20, 'FN': 0, 'IPS': 1.0, 'k_selected': 19, 'gt_dims_count': 2}, {'original_start': 2155, 'original_end': 2228, 'start': 2056, 'end': 2129, 'TP': 4, 'TN': 10, 'FP': 23, 'FN': 1, 'IPS': 0.8, 'k_selected': 19, 'gt_dims_count': 5}, {'original_start': 2875, 'original_end': 2951, 'start': 2776, 'end': 2852, 'TP': 2, 'TN': 6, 'FP': 24, 'FN': 6, 'IPS': 0.25, 'k_selected': 19, 'gt_dims_count': 8}, {'original_start': 3596, 'original_end': 3599, 'start': 3497, 'end': 3500, 'TP': 3, 'TN': 14, 'FP': 19, 'FN': 2, 'IPS': 0.6, 'k_selected': 19, 'gt_dims_count': 5}, {'original_start': 6486, 'original_end': 6498, 'start': 6387, 'end': 6399, 'TP': 3, 'TN': 14, 'FP': 20, 'FN': 1, 'IPS': 0.75, 'k_selected': 19, 'gt_dims_count': 4}, {'original_start': 7891, 'original_end': 7901, 'start': 7792, 'end': 7802, 'TP': 3, 'TN': 13, 'FP': 21, 'FN': 1, 'IPS': 0.75, 'k_selected': 19, 'gt_dims_count': 4}, {'original_start': 9336, 'original_end': 9347, 'start': 9237, 'end': 9248, 'TP': 2, 'TN': 13, 'FP': 21, 'FN': 2, 'IPS': 0.5, 'k_selected': 19, 'gt_dims_count': 4}, {'original_start': 10772, 'original_end': 10782, 'start': 10673, 'end': 10683, 'TP': 2, 'TN': 13, 'FP': 21, 'FN': 2, 'IPS': 0.5, 'k_selected': 19, 'gt_dims_count': 4}, {'original_start': 12219, 'original_end': 12228, 'start': 12120, 'end': 12129, 'TP': 3, 'TN': 13, 'FP': 21, 'FN': 1, 'IPS': 0.75, 'k_selected': 19, 'gt_dims_count': 4}, {'original_start': 13148, 'original_end': 13441, 'start': 13049, 'end': 13342, 'TP': 11, 'TN': 2, 'FP': 17, 'FN': 8, 'IPS': 0.5789473684210527, 'k_selected': 19, 'gt_dims_count': 19}, {'original_start': 14655, 'original_end': 14673, 'start': 14556, 'end': 14574, 'TP': 2, 'TN': 6, 'FP': 20, 'FN': 10, 'IPS': 0.16666666666666666, 'k_selected': 19, 'gt_dims_count': 12}, {'original_start': 21500, 'original_end': 21601, 'start': 21401, 'end': 21502, 'TP': 8, 'TN': 2, 'FP': 22, 'FN': 6, 'IPS': 0.5714285714285714, 'k_selected': 19, 'gt_dims_count': 14}, {'original_start': 21785, 'original_end': 22213, 'start': 21686, 'end': 22114, 'TP': 10, 'TN': 3, 'FP': 21, 'FN': 4, 'IPS': 0.7142857142857143, 'k_selected': 19, 'gt_dims_count': 14}]
总和: {'TP': 55, 'TN': 125, 'FP': 270, 'FN': 44, 'IPS': 0.6225863006573037, 'precision': 0.16923076923076924, 'recall': 0.5555555555555556, 'F1': 0.25943396226415094}
test end time:  2025-06-24 21:18:18
test time:  313.81546354293823
==============================result==============================
{'FN': 0.0,
 'FP': 10918.0,
 'TN': 11629.0,
 'TP': 1047.0,
 'best-f1': 0.16092689378100378,
 'best_valid_loss': -83.16013004790702,
 'dataset': 'machine-3-10',
 'latency': 0.38461242605826107,
 'pot-FN': 0.0,
 'pot-FP': 17171.0,
 'pot-TN': 5376.0,
 'pot-TP': 1047.0,
 'pot-f1': 0.10869349577185934,
 'pot-latency': 0.23076745563495665,
 'pot-precision': 0.057470633407909415,
 'pot-recall': 0.9999999904489018,
 'pot-threshold': 21.552181,
 'precision': 0.08750522349560784,
 'pred_time': 0.32243121377492356,
 'pred_total_time': 152.46600437164307,
 'recall': 0.9999999904489018,
 'segment_results': [{'FN': 0,
                      'FP': 20,
                      'IPS': 1.0,
                      'TN': 16,
                      'TP': 2,
                      'end': 230,
                      'gt_dims_count': 2,
                      'k_selected': 19,
                      'original_end': 329,
                      'original_start': 326,
                      'start': 227},
                     {'FN': 1,
                      'FP': 23,
                      'IPS': 0.8,
                      'TN': 10,
                      'TP': 4,
                      'end': 2129,
                      'gt_dims_count': 5,
                      'k_selected': 19,
                      'original_end': 2228,
                      'original_start': 2155,
                      'start': 2056},
                     {'FN': 6,
                      'FP': 24,
                      'IPS': 0.25,
                      'TN': 6,
                      'TP': 2,
                      'end': 2852,
                      'gt_dims_count': 8,
                      'k_selected': 19,
                      'original_end': 2951,
                      'original_start': 2875,
                      'start': 2776},
                     {'FN': 2,
                      'FP': 19,
                      'IPS': 0.6,
                      'TN': 14,
                      'TP': 3,
                      'end': 3500,
                      'gt_dims_count': 5,
                      'k_selected': 19,
                      'original_end': 3599,
                      'original_start': 3596,
                      'start': 3497},
                     {'FN': 1,
                      'FP': 20,
                      'IPS': 0.75,
                      'TN': 14,
                      'TP': 3,
                      'end': 6399,
                      'gt_dims_count': 4,
                      'k_selected': 19,
                      'original_end': 6498,
                      'original_start': 6486,
                      'start': 6387},
                     {'FN': 1,
                      'FP': 21,
                      'IPS': 0.75,
                      'TN': 13,
                      'TP': 3,
                      'end': 7802,
                      'gt_dims_count': 4,
                      'k_selected': 19,
                      'original_end': 7901,
                      'original_start': 7891,
                      'start': 7792},
                     {'FN': 2,
                      'FP': 21,
                      'IPS': 0.5,
                      'TN': 13,
                      'TP': 2,
                      'end': 9248,
                      'gt_dims_count': 4,
                      
'k_selected': 19,
                      'original_end': 9347,
                      'original_start': 9336,
                      'start': 9237},
                     {'FN': 2,
                      'FP': 21,
                      'IPS': 0.5,
                      'TN': 13,
                      'TP': 2,
                      'end': 10683,
                      'gt_dims_count': 4,
                      'k_selected': 19,
                      'original_end': 10782,
                      'original_start': 10772,
                      'start': 10673},
                     {'FN': 1,
                      'FP': 21,
                      'IPS': 0.75,
                      'TN': 13,
                      'TP': 3,
                      'end': 12129,
                      'gt_dims_count': 4,
                      'k_selected': 19,
                      'original_end': 12228,
                      'original_start': 12219,
                      'start': 12120},
                     {'FN': 8,
                      'FP': 17,
                      'IPS': 0.5789473684210527,
                      'TN': 2,
                      'TP': 11,
                      'end': 13342,
                      'gt_dims_count': 19,
                      'k_selected': 19,
                      'original_end': 13441,
                      'original_start': 13148,
                      'start': 13049},
                     {'FN': 10,
                      'FP': 20,
                      'IPS': 0.16666666666666666,
                      'TN': 6,
                      'TP': 2,
                      'end': 14574,
                      'gt_dims_count': 12,
                      'k_selected': 19,
                      'original_end': 14673,
                      'original_start': 14655,
                      'start': 14556},
                     {'FN': 6,
                      'FP': 22,
                      'IPS': 0.5714285714285714,
                      'TN': 2,
                      'TP': 8,
                      'end': 21502,
                      'gt_dims_count': 14,
                      'k_selected': 19,
                      'original_end': 21601,
                      'original_start': 21500,
                      'start': 21401},
                     {'FN': 4,
                      'FP': 21,
                      'IPS': 0.7142857142857143,
                      'TN': 3,
                      'TP': 10,
                      'end': 22114,
                      'gt_dims_count': 14,
                      'k_selected': 19,
                      'original_end': 22213,
                      'original_start': 21785,
                      'start': 21686}],
 'segment_summary': {'F1': 0.25943396226415094,
                     'FN': 44,
                     'FP': 270,
                     'IPS': 0.6225863006573037,
                     'TN': 125,
                     'TP': 55,
                     'precision': 0.16923076923076924,
                     'recall': 0.5555555555555556},
 'threshold': -399.0,
 'train_time': 334.6189617156982,
 'valid_time': 0.3212192400972894}
