2025-06-24 16:26:04.283212: I tensorflow/core/platform/cpu_feature_guard.cc:141] Your CPU supports instructions that this TensorFlow binary was not compiled to use: AVX2 AVX512F FMA
Configurations
===========================================
{'batch_size': 50,
 'bf_search_max': 400.0,
 'bf_search_min': -400.0,
 'bf_search_step_size': 1.0,
 'dataset': 'machine-3-4',
 'dense_dim': 500,
 'early_stop': True,
 'get_score_on_dim': True,
 'gradient_clip_norm': 10.0,
 'initial_lr': 0.001,
 'l2_reg': 0.0001,
 'level': 0.0075,
 'lr_anneal_epoch_freq': 40,
 'lr_anneal_factor': 0.5,
 'lr_anneal_step_freq': None,
 'max_epoch': 10,
 'max_test_size': None,
 'max_train_size': None,
 'nf_layers': 20,
 'percentage_Dimension': 50.0,
 'posterior_flow_type': 'nf',
 'restore_dir': None,
 'result_dir': 'result',
 'rnn_cell': 'GRU',
 'rnn_num_hidden': 500,
 'save_dir': 'model',
 'save_z': False,
 'std_epsilon': 0.0001,
 'test_batch_size': 50,
 'test_n_z': 1,
 'test_score_filename': 'test_score.pkl',
 'test_start': 0,
 'train_score_filename': 'train_score.pkl',
 'train_start': 0,
 'use_connected_z_p': True,
 'use_connected_z_q': True,
 'valid_step_freq': 100,
 'window_length': 100,
 'x_dim': 38,
 'z_dim': 3}

train start time:  2025-06-24 16:25:50
load data of: machine-3-4
train:  0 None
test:  0 None
Data normalized
Data normalized
train set shape:  (23687, 38)
test set shape:  (23687, 38)
test set label shape:  (23687,)
Trainable Parameters                                            (2,607,740 in total)
------------------------------------------------------------------------------------
model/q_z_given_x/rnn_q_z/rnn/gru_cell/gates/kernel             (538, 1000)  538,000
model/q_z_given_x/rnn_q_z/rnn/gru_cell/gates/bias               (1000,)        1,000
model/q_z_given_x/rnn_q_z/rnn/gru_cell/candidate/kernel         (538, 500)   269,000
model/q_z_given_x/rnn_q_z/rnn/gru_cell/candidate/bias           (500,)           500
model/q_z_given_x/rnn_q_z/dense/kernel                          (500, 500)   250,000
model/q_z_given_x/rnn_q_z/dense/bias                            (500,)           500
model/q_z_given_x/rnn_q_z/dense_1/kernel                        (500, 500)   250,000
model/q_z_given_x/rnn_q_z/dense_1/bias                          (500,)           500
model/vae/variational/z_mean/kernel                             (503, 3)       1,509
model/vae/variational/z_mean/bias                               (3,)               3
model/vae/variational/z_std/kernel                              (503, 3)       1,509
model/vae/variational/z_std/bias                                (3,)               3
model/posterior_flow/_0/w                                       (1, 3)             3
model/posterior_flow/_0/b                                       (1,)               1
model/posterior_flow/_0/u                                       (1, 3)             3
model/posterior_flow/_1/w                                       (1, 3)             3
model/posterior_flow/_1/b                                       (1,)               1
model/posterior_flow/_1/u                                       (1, 3)             3
model/posterior_flow/_2/w                                       (1, 3)             3
model/posterior_flow/_2/b                                       (1,)               1
model/posterior_flow/_2/u                                       (1, 3)             3
model/posterior_flow/_3/w                                       (1, 3)             3
model/posterior_flow/_3/b                                       (1,)               1
model/posterior_flow/_3/u                                       (1, 3)             3
model/posterior_flow/_4/w                                       (1, 3)             3
model/posterior_flow/_4/b                                       (1,)               1
model/posterior_flow/_4/u                                       (1, 3)             3
model/posterior_flow/_5/w                                       (1, 3)             3
model/posterior_flow/_5/b                                       (1,)               1
model/posterior_flow/_5/u                                       (1, 3)             3
model/posterior_flow/_6/w                                       (1, 3)             3
model/posterior_flow/_6/b                                       (1,)               1
model/posterior_flow/_6/u                                       (1, 3)             3
model/posterior_flow/_7/w                                       (1, 3)             3
model/posterior_flow/_7/b                                       (1,)               1
model/posterior_flow/_7/u                                       (1, 3)             3
model/posterior_flow/_8/w                                       (1, 3)             3
model/posterior_flow/_8/b                                       (1,)               1
model/posterior_flow/_8/u                                       (1, 3)             3
model/posterior_flow/_9/w                                       (1, 3)             3
model/posterior_flow/_9/b                                       (1,)               1
model/posterior_flow/_9/u                                       (1, 3)             3
model/posterior_flow/_10/w                                      (1, 3)             3
model/posterior_flow/_10/b                                      (1,)               1
model/posterior_flow/_10/u                                      (1, 3)             3
model/posterior_flow/_11/w                                      (1, 3)             3
model/posterior_flow/_11/b                                      (1,)               1
model/posterior_flow/_11/u                                      (1, 3)             3
model/posterior_flow/_12/w                                      (1, 3)             3
model/posterior_flow/_12/b                                      (1,)               1
model/posterior_flow/_12/u                                      (1, 3)             3
model/posterior_flow/_13/w                                      (1, 3)             3
model/posterior_flow/_13/b                                      (1,)               1
model/posterior_flow/_13/u                                      (1, 3)             3
model/posterior_flow/_14/w                                      (1, 3)             3
model/posterior_flow/_14/b                                      (1,)               1
model/posterior_flow/_14/u                                      (1, 3)             3
model/posterior_flow/_15/w                                      (1, 3)             3
model/posterior_flow/_15/b                                      (1,)               1
model/posterior_flow/_15/u                                      (1, 3)             3
model/posterior_flow/_16/w                                      (1, 3)             3
model/posterior_flow/_16/b                                      (1,)               1
model/posterior_flow/_16/u                                      (1, 3)             3
model/posterior_flow/_17/w                                      (1, 3)             3
model/posterior_flow/_17/b                                      (1,)               1
model/posterior_flow/_17/u                                      (1, 3)             3
model/posterior_flow/_18/w                                      (1, 3)             3
model/posterior_flow/_18/b                                      (1,)               1
model/posterior_flow/_18/u                                      (1, 3)             3
model/posterior_flow/_19/w                                      (1, 3)             3
model/posterior_flow/_19/b                                      (1,)               1
model/posterior_flow/_19/u                                      (1, 3)             3
model/p_x_given_z/hidden/rnn_p_x/rnn/gru_cell/gates/kernel      (503, 1000)  503,000
model/p_x_given_z/hidden/rnn_p_x/rnn/gru_cell/gates/bias        (1000,)        1,000
model/p_x_given_z/hidden/rnn_p_x/rnn/gru_cell/candidate/kernel  (503, 500)   251,500
model/p_x_given_z/hidden/rnn_p_x/rnn/gru_cell/candidate/bias    (500,)           500
model/p_x_given_z/hidden/rnn_p_x/dense/kernel                   (500, 500)   250,000
model/p_x_given_z/hidden/rnn_p_x/dense/bias                     (500,)           500
model/p_x_given_z/hidden/rnn_p_x/dense_1/kernel                 (500, 500)   250,000
model/p_x_given_z/hidden/rnn_p_x/dense_1/bias                   (500,)           500
model/p_x_given_z/x_mean/kernel                                 (500, 38)     19,000
model/p_x_given_z/x_mean/bias                                   (38,)             38
model/p_x_given_z/x_std/kernel                                  (500, 38)     19,000
model/p_x_given_z/x_std/bias                                    (38,)             38/home/hz/anaconda3/envs/py36/lib/python3.6/site-packages/tensorflow/python/framework/dtypes.py:523: FutureWarning: Passing (type, 1) or '1type' as a synonym of type is deprecated; in a future version of numpy, it will be understood as (type, (1,)) / '(1,)type'.
  _np_qint8 = np.dtype([("qint8", np.int8, 1)])
/home/hz/anaconda3/envs/py36/lib/python3.6/site-packages/tensorflow/python/framework/dtypes.py:524: FutureWarning: Passing (type, 1) or '1type' as a synonym of type is deprecated; in a future version of numpy, it will be understood as (type, (1,)) / '(1,)type'.
  _np_quint8 = np.dtype([("quint8", np.uint8, 1)])
/home/hz/anaconda3/envs/py36/lib/python3.6/site-packages/tensorflow/python/framework/dtypes.py:525: FutureWarning: Passing (type, 1) or '1type' as a synonym of type is deprecated; in a future version of numpy, it will be understood as (type, (1,)) / '(1,)type'.
  _np_qint16 = np.dtype([("qint16", np.int16, 1)])
/home/hz/anaconda3/envs/py36/lib/python3.6/site-packages/tensorflow/python/framework/dtypes.py:526: FutureWarning: Passing (type, 1) or '1type' as a synonym of type is deprecated; in a future version of numpy, it will be understood as (type, (1,)) / '(1,)type'.
  _np_quint16 = np.dtype([("quint16", np.uint16, 1)])
/home/hz/anaconda3/envs/py36/lib/python3.6/site-packages/tensorflow/python/framework/dtypes.py:527: FutureWarning: Passing (type, 1) or '1type' as a synonym of type is deprecated; in a future version of numpy, it will be understood as (type, (1,)) / '(1,)type'.
  _np_qint32 = np.dtype([("qint32", np.int32, 1)])
/home/hz/anaconda3/envs/py36/lib/python3.6/site-packages/tensorflow/python/framework/dtypes.py:532: FutureWarning: Passing (type, 1) or '1type' as a synonym of type is deprecated; in a future version of numpy, it will be understood as (type, (1,)) / '(1,)type'.
  np_resource = np.dtype([("resource", np.ubyte, 1)])
/home/hz/anaconda3/envs/py36/lib/python3.6/site-packages/tfsnippet/utils/tfver.py:22: DeprecationWarning: Function 'semver.compare' is deprecated. Deprecated since version 2.10.0.  This function will be removed in semver 3. Use the respective 'semver.VersionInfo.compare' instead.
  compare_result = semver.compare(version, tf.__version__)
/home/hz/anaconda3/envs/py36/lib/python3.6/site-packages/tfsnippet/utils/tfver.py:22: DeprecationWarning: Function 'semver.compare' is deprecated. Deprecated since version 2.10.0.  This function will be removed in semver 3. Use the respective 'semver.VersionInfo.compare' instead.
  compare_result = semver.compare(version, tf.__version__)
INFO:tensorflow:Restoring parameters from /tmp/tmp9d__97zo/variables.dat-2800
2025-06-24 17:22:39,219 [INFO] tensorflow: Restoring parameters from /tmp/tmp9d__97zo/variables.dat-2800


train_values: (16581, 38)
[Epoch 1/10, Step 100] step time: 1.218s (±5.061s); train time: 1m 12.38s; valid time: 49.48s; loss: 2418.85 (±22576.1); valid loss: -40.9588 (*)
[Epoch 1/10, Step 200] step time: 1.05s (±4.654s); train time: 58.25s; valid time: 46.77s; loss: -49.1281 (±4.56652); valid loss: -54.9448 (*)
[Epoch 1/10, Step 300] step time: 1.049s (±4.666s); train time: 58.08s; valid time: 46.91s; loss: -53.5817 (±3.38734); valid loss: -55.03 (*)
train_values: (16581, 38)
[Epoch 2/10, Step 400, ETA 52m 34.97s] step time: 1.047s (±4.651s); train time: 41.1s; valid time: 46.75s; loss: -54.7225 (±3.37785); valid loss: -58.9044 (*)
[Epoch 2/10, Step 500, ETA 50m 13.17s] step time: 1.033s (±4.519s); train time: 57.9s; valid time: 45.42s; loss: -56.3869 (±2.71187); valid loss: -57.3263
[Epoch 2/10, Step 600, ETA 48m 4.691s] step time: 1.034s (±4.519s); train time: 57.99s; valid time: 45.44s; loss: -56.1463 (±2.56258); valid loss: -58.5299
train_values: (16581, 38)
[Epoch 3/10, Step 700, ETA 46m 2.194s] step time: 1.03s (±4.494s); train time: 24.3s; valid time: 45.17s; loss: -57.5997 (±3.45502); valid loss: -58.4147
[Epoch 3/10, Step 800, ETA 44m 9.567s] step time: 1.047s (±4.647s); train time: 58.02s; valid time: 46.71s; loss: -57.6555 (±3.07083); valid loss: -59.7778 (*)
[Epoch 3/10, Step 900, ETA 42m 15.75s] step time: 1.036s (±4.518s); train time: 58.19s; valid time: 45.43s; loss: -56.8095 (±4.43899); valid loss: -59.0339
train_values: (16581, 38)
[Epoch 4/10, Step 1000, ETA 40m 23.72s] step time: 1.034s (±4.529s); train time: 7.538s; valid time: 45.54s; loss: -58.1174 (±3.56517); valid loss: -32.7287
[Epoch 4/10, Step 1100, ETA 38m 31.81s] step time: 1.027s (±4.455s); train time: 58.01s; valid time: 44.78s; loss: -56.5655 (±4.73444); valid loss: -58.6028
[Epoch 4/10, Step 1200, ETA 36m 41.86s] step time: 1.03s (±4.523s); train time: 57.58s; valid time: 45.46s; loss: -53.8114 (±11.5577); valid loss: -54.0657
[Epoch 4/10, Step 1300, ETA 34m 53.19s] step time: 1.031s (±4.505s); train time: 57.89s; valid time: 45.29s; loss: -54.208 (±9.69772); valid loss: -58.5925
train_values: (16581, 38)
[Epoch 5/10, Step 1400, ETA 33m 7.046s] step time: 1.044s (±4.597s); train time: 49.02s; valid time: 46.14s; loss: -36.0876 (±34.1778); valid loss: -56.4533
[Epoch 5/10, Step 1500, ETA 31m 19.64s] step time: 1.032s (±4.521s); train time: 57.79s; valid time: 45.44s; loss: -57.5866 (±3.42536); valid loss: -53.0697
[Epoch 5/10, Step 1600, ETA 29m 34.02s] step time: 1.044s (±4.637s); train time: 57.81s; valid time: 46.61s; loss: -54.0266 (±7.45185); valid loss: -59.9185 (*)
train_values: (16581, 38)
[Epoch 6/10, Step 1700, ETA 27m 48.79s] step time: 1.046s (±4.661s); train time: 31.93s; valid time: 46.84s; loss: -61.1464 (±3.50276); valid loss: -64.9179 (*)
[Epoch 6/10, Step 1800, ETA 26m 2.351s] step time: 1.031s (±4.508s); train time: 57.85s; valid time: 45.31s; loss: -59.456 (±6.2872); valid loss: -59.7031
[Epoch 6/10, Step 1900, ETA 24m 17.29s] step time: 1.045s (±4.639s); train time: 57.94s; valid time: 46.63s; loss: -62.1328 (±2.90659); valid loss: -65.5164 (*)
train_values: (16581, 38)
[Epoch 7/10, Step 2000, ETA 22m 31.56s] step time: 1.034s (±4.521s); train time: 15.07s; valid time: 45.45s; loss: -62.3412 (±2.8392); valid loss: -64.3683
[Epoch 7/10, Step 2100, ETA 20m 46.86s] step time: 1.048s (±4.667s); train time: 58s; valid time: 46.9s; loss: -62.6114 (±4.30474); valid loss: -67.3713 (*)
[Epoch 7/10, Step 2200, ETA 19m 1.391s] step time: 1.033s (±4.515s); train time: 58.01s; valid time: 45.37s; loss: -64.2988 (±3.73197); valid loss: -64.8548
[Epoch 7/10, Step 2300, ETA 17m 16.08s] step time: 1.033s (±4.514s); train time: 57.98s; valid time: 45.36s; loss: -63.5388 (±3.46862); valid loss: -63.8671
train_values: (16581, 38)
[Epoch 8/10, Step 2400, ETA 15m 30.74s] step time: 1.027s (±4.501s); train time: 55.74s; valid time: 45.24s; loss: -63.3542 (±4.39307); valid loss: -62.8759
[Epoch 8/10, Step 2500, ETA 13m 46.16s] step time: 1.045s (±4.645s); train time: 57.88s; valid time: 46.69s; loss: -66.1282 (±3.74859); valid loss: -68.3752 (*)
[Epoch 8/10, Step 2600, ETA 12m 1.621s] step time: 1.047s (±4.653s); train time: 57.96s; valid time: 46.77s; loss: -67.1233 (±2.98808); valid loss: -70.2543 (*)
train_values: (16581, 38)
[Epoch 9/10, Step 2700, ETA 10m 16.75s] step time: 1.032s (±4.501s); train time: 39.26s; valid time: 45.24s; loss: -65.3811 (±6.16183); valid loss: -62.6188
[Epoch 9/10, Step 2800, ETA 8m 32.26s] step time: 1.047s (±4.656s); train time: 57.96s; valid time: 46.81s; loss: -65.5289 (±3.42267); valid loss: -70.9853 (*)
[Epoch 9/10, Step 2900, ETA 6m 47.54s] step time: 1.031s (±4.499s); train time: 57.99s; valid time: 45.21s; loss: -67.62 (±2.94405); valid loss: -66.0248
train_values: (16581, 38)
[Epoch 10/10, Step 3000, ETA 5m 2.905s] step time: 1.03s (±4.497s); train time: 22.6s; valid time: 45.19s; loss: -69.8767 (±3.22731); valid loss: -68.3918
[Epoch 10/10, Step 3100, ETA 3m 18.41s] step time: 1.037s (±4.539s); train time: 58.19s; valid time: 45.61s; loss: -67.8734 (±4.45894); valid loss: -69.6287
[Epoch 10/10, Step 3200, ETA 1m 33.95s] step time: 1.033s (±4.522s); train time: 57.87s; valid time: 45.44s; loss: -67.5056 (±7.60066); valid loss: -70.8556
train end time:  2025-06-24 17:22:39
train time:  3409.3621764183044
test start time:  2025-06-24 17:22:39
------------------------------ testing ------------------------------
test_score shape:  (23588, 38)
test_z shape:  (23588, 100, 6)
search range:  -400.0 400.0
cur thr:  -399.0 [0.8822196573966655, 0.9439906540957917, 0.8280450273485668, 809.0, 22563.0, 48.0, 168.0, 1.5999680006399872] [0.8822196573966655, 0.9439906540957917, 0.8280450273485668, 809.0, 22563.0, 48.0, 168.0, 1.5999680006399872] -399.0
cur thr:  -349.0 [0.8267706686492877, 0.8255101956580593, 0.8280450273485668, 809.0, 22440.0, 171.0, 168.0, 1.5999680006399872] [0.8822196573966655, 0.9439906540957917, 0.8280450273485668, 809.0, 22563.0, 48.0, 168.0, 1.5999680006399872] -399.0
cur thr:  -299.0 [0.7271932164454866, 0.6074124872518017, 0.9058341770129562, 885.0, 22039.0, 572.0, 92.0, 12.499791670138832] [0.8822196573966655, 0.9439906540957917, 0.8280450273485668, 809.0, 22563.0, 48.0, 168.0, 1.5999680006399872] -399.0
cur thr:  -249.0 [0.4944094365335127, 0.33999231525166224, 0.9058341770129562, 885.0, 20893.0, 1718.0, 92.0, 10.833152780786987] [0.8822196573966655, 0.9439906540957917, 0.8280450273485668, 809.0, 22563.0, 48.0, 168.0, 1.5999680006399872] -399.0
cur thr:  -199.0 [0.3288220282638465, 0.1984732820218972, 0.9580347906035334, 936.0, 18831.0, 3780.0, 41.0, 2.4285367351894975] [0.8822196573966655, 0.9439906540957917, 0.8280450273485668, 809.0, 22563.0, 48.0, 168.0, 1.5999680006399872] -399.0
cur thr:  -149.0 [0.22277763450637486, 0.12535283535366584, 0.9999999897645856, 977.0, 15794.0, 6817.0, 0.0, 2.9999625004687442] [0.8822196573966655, 0.9439906540957917, 0.8280450273485668, 809.0, 22563.0, 48.0, 168.0, 1.5999680006399872] -399.0
cur thr:  -99.0 [0.13079735828748165, 0.06997564813782005, 0.9999999897645856, 977.0, 9626.0, 12985.0, 0.0, 2.6249671879101513] [0.8822196573966655, 0.9439906540957917, 0.8280450273485668, 809.0, 22563.0, 48.0, 168.0, 1.5999680006399872] -399.0
cur thr:  -49.0 [0.08117574058621388, 0.042305360681430086, 0.9999999897645856, 977.0, 494.0, 22117.0, 0.0, 0.0] [0.8822196573966655, 0.9439906540957917, 0.8280450273485668, 809.0, 22563.0, 48.0, 168.0, 1.5999680006399872] -399.0
cur thr:  1.0 [0.07954330289984311, 0.04141936576165026, 0.9999999897645856, 977.0, 0.0, 22611.0, 0.0, 0.0] [0.8822196573966655, 0.9439906540957917, 0.8280450273485668, 809.0, 22563.0, 48.0, 168.0, 1.5999680006399872] -399.0
cur thr:  51.0 [0.07954330289984311, 0.04141936576165026, 0.9999999897645856, 977.0, 0.0, 22611.0, 0.0, 0.0] [0.8822196573966655, 0.9439906540957917, 0.8280450273485668, 809.0, 22563.0, 48.0, 168.0, 1.5999680006399872] -399.0
cur thr:  101.0 [0.07954330289984311, 0.04141936576165026, 0.9999999897645856, 977.0, 0.0, 22611.0, 0.0, 0.0] [0.8822196573966655, 0.9439906540957917, 0.8280450273485668, 809.0, 22563.0, 48.0, 168.0, 1.5999680006399872]  0%|          | 0/23588 [00:00<?, ?it/s]100%|██████████| 23588/23588 [00:00<00:00, 1136285.51it/s] -399.0
cur thr:  151.0 [0.07954330289984311, 0.04141936576165026, 0.9999999897645856, 977.0, 0.0, 22611.0, 0.0, 0.0] [0.8822196573966655, 0.9439906540957917, 0.8280450273485668, 809.0, 22563.0, 48.0, 168.0, 1.5999680006399872] -399.0
cur thr:  201.0 [0.07954330289984311, 0.04141936576165026, 0.9999999897645856, 977.0, 0.0, 22611.0, 0.0, 0.0] [0.8822196573966655, 0.9439906540957917, 0.8280450273485668, 809.0, 22563.0, 48.0, 168.0, 1.5999680006399872] -399.0
cur thr:  251.0 [0.07954330289984311, 0.04141936576165026, 0.9999999897645856, 977.0, 0.0, 22611.0, 0.0, 0.0] [0.8822196573966655, 0.9439906540957917, 0.8280450273485668, 809.0, 22563.0, 48.0, 168.0, 1.5999680006399872] -399.0
cur thr:  301.0 [0.07954330289984311, 0.04141936576165026, 0.9999999897645856, 977.0, 0.0, 22611.0, 0.0, 0.0] [0.8822196573966655, 0.9439906540957917, 0.8280450273485668, 809.0, 22563.0, 48.0, 168.0, 1.5999680006399872] -399.0
cur thr:  351.0 [0.07954330289984311, 0.04141936576165026, 0.9999999897645856, 977.0, 0.0, 22611.0, 0.0, 0.0] [0.8822196573966655, 0.9439906540957917, 0.8280450273485668, 809.0, 22563.0, 48.0, 168.0, 1.5999680006399872] -399.0
[0.8822196573966655, 0.9439906540957917, 0.8280450273485668, 809.0, 22563.0, 48.0, 168.0, 1.5999680006399872] -399.0
label_file: ServerMachineDataset/interpretation_label/machine-3-4.txt
Initial threshold : -0.97253823
Number of peaks : 176
Grimshaw maximum log-likelihood estimation ... [done]
	γ = 0
	σ = 215.94034
	L = 1122.0003796656974
Extreme quantile (probability = 0.001): 433.0126681493142
23560
23588
POT result:  (0.07954330289984311, 0.04141936576165026, 0.9999999897645856, 977.0, 0.0, 22611.0, 0.0) 0.9725381 0.0

=== 全局调试信息 ===
y_true shape: (23588,), unique values: [0. 1.]
y_pred shape: (23588,), unique values: [ True]
feature_scores shape: (23588, 38)
interpretation_segments 数量: 8


=== 处理第 1/8 段 ===
原始段范围: orig_start=2734, orig_end=3520
调整后段范围: start=2635, end=3421
段内真实标签 (seg_true): [1. 1. 1. 1. 1. 1. 1. 1. 1. 1. 1. 1. 1. 1. 1. 1. 1. 1. 1. 1. 1. 1. 1. 1.
 1. 1. 1. 1. 1. 1. 1. 1. 1. 1. 1. 1. 1. 1. 1. 1. 1. 1. 1. 1. 1. 1. 1. 1.
 1. 1. 1. 1. 1. 1. 1. 1. 1. 1. 1. 1. 1. 1. 1. 1. 1. 1. 1. 1. 1. 1. 1. 1.
 1. 1. 1. 1. 1. 1. 1. 1. 1. 1. 1. 1. 1. 1. 1. 1. 1. 1. 1. 1. 1. 1. 1. 1.
 1. 1. 1. 1. 1. 1. 1. 1. 1. 1. 1. 1. 1. 1. 1. 1. 1. 1. 1. 1. 1. 1. 1. 1.
 1. 1. 1. 1. 1. 1. 1. 1. 1. 1. 1. 1. 1. 1. 1. 1. 1. 1. 1. 1. 1. 1. 1. 1.
 1. 1. 1. 1. 1. 1. 1. 1. 1. 1. 1. 1. 1. 1. 1. 1. 1. 1. 1. 1. 1. 1. 1. 1.
 1. 1. 1. 1. 1. 1. 1. 1. 1. 1. 1. 1. 1. 1. 1. 1. 1. 1. 1. 1. 1. 1. 1. 1.
 1. 1. 1. 1. 1. 1. 1. 1. 1. 1. 1. 1. 1. 1. 1. 1. 1. 1. 1. 1. 1. 1. 1. 1.
 1. 1. 1. 1. 1. 1. 1. 1. 1. 1. 1. 1. 1. 1. 1. 1. 1. 1. 1. 1. 1. 1. 1. 1.
 1. 1. 1. 1. 1. 1. 1. 1. 1. 1. 1. 1. 1. 1. 1. 1. 1. 1. 1. 1. 1. 1. 1. 1.
 1. 1. 1. 1. 1. 1. 1. 1. 1. 1. 1. 1. 1. 1. 1. 1. 1. 1. 1. 1. 1. 1. 1. 1.
 1. 1. 1. 1. 1. 1. 1. 1. 1. 1. 1. 1. 1. 1. 1. 1. 1. 1. 1. 1. 1. 1. 1. 1.
 1. 1. 1. 1. 1. 1. 1. 1. 1. 1. 1. 1. 1. 1. 1. 1. 1. 1. 1. 1. 1. 1. 1. 1.
 1. 1. 1. 1. 1. 1. 1. 1. 1. 1. 1. 1. 1. 1. 1. 1. 1. 1. 1. 1. 1. 1. 1. 1.
 1. 1. 1. 1. 1. 1. 1. 1. 1. 1. 1. 1. 1. 1. 1. 1. 1. 1. 1. 1. 1. 1. 1. 1.
 1. 1. 1. 1. 1. 1. 1. 1. 1. 1. 1. 1. 1. 1. 1. 1. 1. 1. 1. 1. 1. 1. 1. 1.
 1. 1. 1. 1. 1. 1. 1. 1. 1. 1. 1. 1. 1. 1. 1. 1. 1. 1. 1. 1. 1. 1. 1. 1.
 1. 1. 1. 1. 1. 1. 1. 1. 1. 1. 1. 1. 1. 1. 1. 1. 1. 1. 1. 1. 1. 1. 1. 1.
 1. 1. 1. 1. 1. 1. 1. 1. 1. 1. 1. 1. 1. 1. 1. 1. 1. 1. 1. 1. 1. 1. 1. 1.
 1. 1. 1. 1. 1. 1. 1. 1. 1. 1. 1. 1. 1. 1. 1. 1. 1. 1. 1. 1. 1. 1. 1. 1.
 1. 1. 1. 1. 1. 1. 1. 1. 1. 1. 1. 1. 1. 1. 1. 1. 1. 1. 1. 1. 1. 1. 1. 1.
 1. 1. 1. 1. 1. 1. 1. 1. 1. 1. 1. 1. 1. 1. 1. 1. 1. 1. 1. 1. 1. 1. 1. 1.
 1. 1. 1. 1. 1. 1. 1. 1. 1. 1. 1. 1. 1. 1. 1. 1. 1. 1. 1. 1. 1. 1. 1. 1.
 1. 1. 1. 1. 1. 1. 1. 1. 1. 1. 1. 1. 1. 1. 1. 1. 1. 1. 1. 1. 1. 1. 1. 1.
 1. 1. 1. 1. 1. 1. 1. 1. 1. 1. 1. 1. 1. 1. 1. 1. 1. 1. 1. 1. 1. 1. 1. 1.
 1. 1. 1. 1. 1. 1. 1. 1. 1. 1. 1. 1. 1. 1. 1. 1. 1. 1. 1. 1. 1. 1. 1. 1.
 1. 1. 1. 1. 1. 1. 1. 1. 1. 1. 1. 1. 1. 1. 1. 1. 1. 1. 1. 1. 1. 1. 1. 1.
 1. 1. 1. 1. 1. 1. 1. 1. 1. 1. 1. 1. 1. 1. 1. 1. 1. 1. 1. 1. 1. 1. 1. 1.
 1. 1. 1. 1. 1. 1. 1. 1. 1. 1. 1. 1. 1. 1. 1. 1. 1. 1. 1. 1. 1. 1. 1. 1.
 1. 1. 1. 1. 1. 1. 1. 1. 1. 1. 1. 1. 1. 1. 1. 1. 1. 1. 1. 1. 1. 1. 1. 1.
 1. 1. 1. 1. 1. 1. 1. 1. 1. 1. 1. 1. 1. 1. 1. 1. 1. 1. 1. 1. 1. 1. 1. 1.
 1. 1. 1. 1. 1. 1. 1. 1. 1. 1. 1. 1. 1. 1. 1. 1. 1. 1. 0.]
段内预测标签 (seg_pred): [ True  True  True  True  True  True  True  True  True  True  True  True
  True  True  True  True  True  True  True  True  True  True  True  True
  True  True  True  True  True  True  True  True  True  True  True  True
  True  True  True  True  True  True  True  True  True  True  True  True
  True  True  True  True  True  True  True  True  True  True  True  True
  True  True  True  True  True  True  True  True  True  True  True  True
  True  True  True  True  True  True  True  True  True  True  True  True
  True  True  True  True  True  True  True  True  True  True  True  True
  True  True  True  True  True  True  True  True  True  True  True  True
  True  True  True  True  True  True  True  True  True  True  True  True
  True  True  True  True  True  True  True  True  True  True  True  True
  True  True  True  True  True  True  True  True  True  True  True  True
  True  True  True  True  True  True  True  True  True  True  True  True
  True  True  True  True  True  True  True  True  True  True  True  True
  True  True  True  True  True  True  True  True  True  True  True  True
  True  True  True  True  True  True  True  True  True  True  True  True
  True  True  True  True  True  True  True  True  True  True  True  True
  True  True  True  True  True  True  True  True  True  True  True  True
  True  True  True  True  True  True  True  True  True  True  True  True
  True  True  True  True  True  True  True  True  True  True  True  True
  True  True  True  True  True  True  True  True  True  True  True  True
  True  True  True  True  True  True  True  True  True  True  True  True
  True  True  True  True  True  True  True  True  True  True  True  True
  True  True  True  True  True  True  True  True  True  True  True  True
  True  True  True  True  True  True  True  True  True  True  True  True
  True  True  True  True  True  True  True  True  True  True  True  True
  True  True  True  True  True  True  True  True  True  True  True  True
  True  True  True  True  True  True  True  True  True  True  True  True
  True  True  True  True  True  True  True  True  True  True  True  True
  True  True  True  True  True  True  True  True  True  True  True  True
  True  True  True  True  True  True  True  True  True  True  True  True
  True  True  True  True  True  True  True  True  True  True  True  True
  True  True  True  True  True  True  True  True  True  True  True  True
  True  True  True  True  True  True  True  True  True  True  True  True
  True  True  True  True  True  True  True  True  True  True  True  True
  True  True  True  True  True  True  True  True  True  True  True  True
  True  True  True  True  True  True  True  True  True  True  True  True
  True  True  True  True  True  True  True  True  True  True  True  True
  True  True  True  True  True  True  True  True  True  True  True  True
  True  True  True  True  True  True  True  True  True  True  True  True
  True  True  True  True  True  True  True  True  True  True  True  True
  True  True  True  True  True  True  True  True  True  True  True  True
  True  True  True  True  True  True  True  True  True  True  True  True
  True  True  True  True  True  True  True  True  True  True  True  True
  True  True  True  True  True  True  True  True  True  True  True  True
  True  True  True  True  True  True  True  True  True  True  True  True
  True  True  True  True  True  True  True  True  True  True  True  True
  True  True  True  True  True  True  True  True  True  True  True  True
  True  True  True  True  True  True  True  True  True  True  True  True
  True  True  True  True  True  True  True  True  True  True  True  True
  True  True  True  True  True  True  True  True  True  True  True  True
  True  True  True  True  True  True  True  True  True  True  True  True
  True  True  True  True  True  True  True  True  True  True  True  True
  True  True  True  True  True  True  True  True  True  True  True  True
  True  True  True  True  True  True  True  True  True  True  True  True
  True  True  True  True  True  True  True  True  True  True  True  True
  True  True  True  True  True  True  True  True  True  True  True  True
  True  True  True  True  True  True  True  True  True  True  True  True
  True  True  True  True  True  True  True  True  True  True  True  True
  True  True  True  True  True  True  True  True  True  True  True  True
  True  True  True  True  True  True  True  True  True  True  True  True
  True  True  True  True  True  True  True  True  True  True  True  True
  True  True  True  True  True  True  True  True  True  True  True  True
  True  True  True  True  True  True  True  True  True  True  True  True
  True  True  True  True  True  True  True  True  True  True  True  True
  True  True  True  True  True  True  True]
段内真实异常时间点索引 (相对段内): [  0   1   2   3   4   5   6   7   8   9  10  11  12  13  14  15  16  17
  18  19  20  21  22  23  24  25  26  27  28  29  30  31  32  33  34  35
  36  37  38  39  40  41  42  43  44  45  46  47  48  49  50  51  52  53
  54  55  56  57  58  59  60  61  62  63  64  65  66  67  68  69  70  71
  72  73  74  75  76  77  78  79  80  81  82  83  84  85  86  87  88  89
  90  91  92  93  94  95  96  97  98  99 100 101 102 103 104 105 106 107
 108 109 110 111 112 113 114 115 116 117 118 119 120 121 122 123 124 125
 126 127 128 129 130 131 132 133 134 135 136 137 138 139 140 141 142 143
 144 145 146 147 148 149 150 151 152 153 154 155 156 157 158 159 160 161
 162 163 164 165 166 167 168 169 170 171 172 173 174 175 176 177 178 179
 180 181 182 183 184 185 186 187 188 189 190 191 192 193 194 195 196 197
 198 199 200 201 202 203 204 205 206 207 208 209 210 211 212 213 214 215
 216 217 218 219 220 221 222 223 224 225 226 227 228 229 230 231 232 233
 234 235 236 237 238 239 240 241 242 243 244 245 246 247 248 249 250 251
 252 253 254 255 256 257 258 259 260 261 262 263 264 265 266 267 268 269
 270 271 272 273 274 275 276 277 278 279 280 281 282 283 284 285 286 287
 288 289 290 291 292 293 294 295 296 297 298 299 300 301 302 303 304 305
 306 307 308 309 310 311 312 313 314 315 316 317 318 319 320 321 322 323
 324 325 326 327 328 329 330 331 332 333 334 335 336 337 338 339 340 341
 342 343 344 345 346 347 348 349 350 351 352 353 354 355 356 357 358 359
 360 361 362 363 364 365 366 367 368 369 370 371 372 373 374 375 376 377
 378 379 380 381 382 383 384 385 386 387 388 389 390 391 392 393 394 395
 396 397 398 399 400 401 402 403 404 405 406 407 408 409 410 411 412 413
 414 415 416 417 418 419 420 421 422 423 424 425 426 427 428 429 430 431
 432 433 434 435 436 437 438 439 440 441 442 443 444 445 446 447 448 449
 450 451 452 453 454 455 456 457 458 459 460 461 462 463 464 465 466 467
 468 469 470 471 472 473 474 475 476 477 478 479 480 481 482 483 484 485
 486 487 488 489 490 491 492 493 494 495 496 497 498 499 500 501 502 503
 504 505 506 507 508 509 510 511 512 513 514 515 516 517 518 519 520 521
 522 523 524 525 526 527 528 529 530 531 532 533 534 535 536 537 538 539
 540 541 542 543 544 545 546 547 548 549 550 551 552 553 554 555 556 557
 558 559 560 561 562 563 564 565 566 567 568 569 570 571 572 573 574 575
 576 577 578 579 580 581 582 583 584 585 586 587 588 589 590 591 592 593
 594 595 596 597 598 599 600 601 602 603 604 605 606 607 608 609 610 611
 612 613 614 615 616 617 618 619 620 621 622 623 624 625 626 627 628 629
 630 631 632 633 634 635 636 637 638 639 640 641 642 643 644 645 646 647
 648 649 650 651 652 653 654 655 656 657 658 659 660 661 662 663 664 665
 666 667 668 669 670 671 672 673 674 675 676 677 678 679 680 681 682 683
 684 685 686 687 688 689 690 691 692 693 694 695 696 697 698 699 700 701
 702 703 704 705 706 707 708 709 710 711 712 713 714 715 716 717 718 719
 720 721 722 723 724 725 726 727 728 729 730 731 732 733 734 735 736 737
 738 739 740 741 742 743 744 745 746 747 748 749 750 751 752 753 754 755
 756 757 758 759 760 761 762 763 764 765 766 767 768 769 770 771 772 773
 774 775 776 777 778 779 780 781 782 783 784 785]
段内是否有预测为异常的时间点: True
真实异常维度 (0-based): [0, 1, 2, 3, 5, 6, 10, 15]
段内检测到的异常时间点索引 (相对段内): [  0   1   2   3   4   5   6   7   8   9  10  11  12  13  14  15  16  17
  18  19  20  21  22  23  24  25  26  27  28  29  30  31  32  33  34  35
  36  37  38  39  40  41  42  43  44  45  46  47  48  49  50  51  52  53
  54  55  56  57  58  59  60  61  62  63  64  65  66  67  68  69  70  71
  72  73  74  75  76  77  78  79  80  81  82  83  84  85  86  87  88  89
  90  91  92  93  94  95  96  97  98  99 100 101 102 103 104 105 106 107
 108 109 110 111 112 113 114 115 116 117 118 119 120 121 122 123 124 125
 126 127 128 129 130 131 132 133 134 135 136 137 138 139 140 141 142 143
 144 145 146 147 148 149 150 151 152 153 154 155 156 157 158 159 160 161
 162 163 164 165 166 167 168 169 170 171 172 173 174 175 176 177 178 179
 180 181 182 183 184 185 186 187 188 189 190 191 192 193 194 195 196 197
 198 199 200 201 202 203 204 205 206 207 208 209 210 211 212 213 214 215
 216 217 218 219 220 221 222 223 224 225 226 227 228 229 230 231 232 233
 234 235 236 237 238 239 240 241 242 243 244 245 246 247 248 249 250 251
 252 253 254 255 256 257 258 259 260 261 262 263 264 265 266 267 268 269
 270 271 272 273 274 275 276 277 278 279 280 281 282 283 284 285 286 287
 288 289 290 291 292 293 294 295 296 297 298 299 300 301 302 303 304 305
 306 307 308 309 310 311 312 313 314 315 316 317 318 319 320 321 322 323
 324 325 326 327 328 329 330 331 332 333 334 335 336 337 338 339 340 341
 342 343 344 345 346 347 348 349 350 351 352 353 354 355 356 357 358 359
 360 361 362 363 364 365 366 367 368 369 370 371 372 373 374 375 376 377
 378 379 380 381 382 383 384 385 386 387 388 389 390 391 392 393 394 395
 396 397 398 399 400 401 402 403 404 405 406 407 408 409 410 411 412 413
 414 415 416 417 418 419 420 421 422 423 424 425 426 427 428 429 430 431
 432 433 434 435 436 437 438 439 440 441 442 443 444 445 446 447 448 449
 450 451 452 453 454 455 456 457 458 459 460 461 462 463 464 465 466 467
 468 469 470 471 472 473 474 475 476 477 478 479 480 481 482 483 484 485
 486 487 488 489 490 491 492 493 494 495 496 497 498 499 500 501 502 503
 504 505 506 507 508 509 510 511 512 513 514 515 516 517 518 519 520 521
 522 523 524 525 526 527 528 529 530 531 532 533 534 535 536 537 538 539
 540 541 542 543 544 545 546 547 548 549 550 551 552 553 554 555 556 557
 558 559 560 561 562 563 564 565 566 567 568 569 570 571 572 573 574 575
 576 577 578 579 580 581 582 583 584 585 586 587 588 589 590 591 592 593
 594 595 596 597 598 599 600 601 602 603 604 605 606 607 608 609 610 611
 612 613 614 615 616 617 618 619 620 621 622 623 624 625 626 627 628 629
 630 631 632 633 634 635 636 637 638 639 640 641 642 643 644 645 646 647
 648 649 650 651 652 653 654 655 656 657 658 659 660 661 662 663 664 665
 666 667 668 669 670 671 672 673 674 675 676 677 678 679 680 681 682 683
 684 685 686 687 688 689 690 691 692 693 694 695 696 697 698 699 700 701
 702 703 704 705 706 707 708 709 710 711 712 713 714 715 716 717 718 719
 720 721 722 723 724 725 726 727 728 729 730 731 732 733 734 735 736 737
 738 739 740 741 742 743 744 745 746 747 748 749 750 751 752 753 754 755
 756 757 758 759 760 761 762 763 764 765 766 767 768 769 770 771 772 773
 774 775 776 777 778 779 780 781 782 783 784 785 786]
选择的维度数量 (k): 19 (基于真实异常维度数的 100%)
推断的异常维度 (0-based): [0, 1, 2, 3, 4, 5, 6, 7, 8, 9, 10, 11, 12, 13, 14, 15, 16, 17, 18, 19, 20, 21, 22, 23, 24, 25, 26, 27, 28, 30, 31, 32, 33, 34, 35, 36, 37]
真实与推断的交集: [0, 1, 2, 3, 5, 6, 10, 15]
段内指标: TP=8, FP=29, FN=0, TN=1, IPS=1.0000

=== 处理第 2/8 段 ===
原始段范围: orig_start=4474, orig_end=4550
调整后段范围: start=4375, end=4451
段内真实标签 (seg_true): [1. 1. 1. 1. 1. 1. 1. 1. 1. 1. 1. 1. 1. 1. 1. 1. 1. 1. 1. 1. 1. 1. 1. 1.
 1. 1. 1. 1. 1. 1. 1. 1. 1. 1. 1. 1. 1. 1. 1. 1. 1. 1. 1. 1. 1. 1. 1. 1.
 1. 1. 1. 1. 1. 1. 1. 1. 1. 1. 1. 1. 1. 1. 1. 1. 1. 1. 1. 1. 1. 1. 1. 1.
 1. 1. 1. 1. 0.]
段内预测标签 (seg_pred): [ True  True  True  True  True  True  True  True  True  True  True  True
  True  True  True  True  True  True  True  True  True  True  True  True
  True  True  True  True  True  True  True  True  True  True  True  True
  True  True  True  True  True  True  True  True  True  True  True  True
  True  True  True  True  True  True  True  True  True  True  True  True
  True  True  True  True  True  True  True  True  True  True  True  True
  True  True  True  True  True]
段内真实异常时间点索引 (相对段内): [ 0  1  2  3  4  5  6  7  8  9 10 11 12 13 14 15 16 17 18 19 20 21 22 23
 24 25 26 27 28 29 30 31 32 33 34 35 36 37 38 39 40 41 42 43 44 45 46 47
 48 49 50 51 52 53 54 55 56 57 58 59 60 61 62 63 64 65 66 67 68 69 70 71
 72 73 74 75]
段内是否有预测为异常的时间点: True
真实异常维度 (0-based): [1, 10]
段内检测到的异常时间点索引 (相对段内): [ 0  1  2  3  4  5  6  7  8  9 10 11 12 13 14 15 16 17 18 19 20 21 22 23
 24 25 26 27 28 29 30 31 32 33 34 35 36 37 38 39 40 41 42 43 44 45 46 47
 48 49 50 51 52 53 54 55 56 57 58 59 60 61 62 63 64 65 66 67 68 69 70 71
 72 73 74 75 76]
选择的维度数量 (k): 19 (基于真实异常维度数的 100%)
推断的异常维度 (0-based): [0, 1, 2, 3, 4, 7, 8, 9, 10, 11, 12, 13, 14, 15, 16, 17, 18, 19, 20, 21, 23, 24, 26, 27, 28, 30, 32, 33, 34, 35, 36, 37]
真实与推断的交集: [1, 10]
段内指标: TP=2, FP=30, FN=0, TN=6, IPS=1.0000

=== 处理第 3/8 段 ===
原始段范围: orig_start=6013, orig_end=6016
调整后段范围: start=5914, end=5917
段内真实标签 (seg_true): [1. 1. 1. 0.]
段内预测标签 (seg_pred): [ True  True  True  True]
段内真实异常时间点索引 (相对段内): [0 1 2]
段内是否有预测为异常的时间点: True
真实异常维度 (0-based): [9, 11, 12, 13]
段内检测到的异常时间点索引 (相对段内): [0 1 2 3]
选择的维度数量 (k): 19 (基于真实异常维度数的 100%)
推断的异常维度 (0-based): [0, 1, 4, 7, 8, 9, 10, 11, 12, 13, 14, 15, 16, 17, 19, 22, 23, 24, 25, 26, 28, 31, 32, 33, 36, 37]
真实与推断的交集: [9, 11, 12, 13]
段内指标: TP=4, FP=22, FN=0, TN=12, IPS=1.0000

=== 处理第 4/8 段 ===
原始段范围: orig_start=10963, orig_end=10969
调整后段范围: start=10864, end=10870
段内真实标签 (seg_true): [1. 1. 1. 1. 1. 1. 0.]
段内预测标签 (seg_pred): [ True  True  True  True  True  True  True]
段内真实异常时间点索引 (相对段内): [0 1 2 3 4 5]
段内是否有预测为异常的时间点: True
真实异常维度 (0-based): [29, 32, 33]
段内检测到的异常时间点索引 (相对段内): [0 1 2 3 4 5 6]
选择的维度数量 (k): 19 (基于真实异常维度数的 100%)
推断的异常维度 (0-based): [0, 1, 4, 7, 8, 9, 10, 13, 14, 15, 16, 17, 18, 19, 23, 24, 26, 27, 28, 31, 32, 33, 34, 35, 36, 37]
真实与推断的交集: [32, 33]
段内指标: TP=2, FP=24, FN=1, TN=11, IPS=0.6667

=== 处理第 5/8 段 ===
原始段范围: orig_start=11565, orig_end=11569
调整后段范围: start=11466, end=11470
段内真实标签 (seg_true): [1. 1. 1. 1. 0.]
段内预测标签 (seg_pred): [ True  True  True  True  True]
段内真实异常时间点索引 (相对段内): [0 1 2 3]
段内是否有预测为异常的时间点: True
真实异常维度 (0-based): [23, 32, 33]
段内检测到的异常时间点索引 (相对段内): [0 1 2 3 4]
选择的维度数量 (k): 19 (基于真实异常维度数的 100%)
推断的异常维度 (0-based): [0, 1, 4, 7, 8, 9, 10, 11, 12, 13, 14, 15, 16, 17, 19, 20, 21, 22, 24, 25, 26, 27, 28, 30, 32, 33, 34, 35, 36, 37]
真实与推断的交集: [32, 33]
段内指标: TP=2, FP=28, FN=1, TN=7, IPS=0.6667

=== 处理第 6/8 段 ===
原始段范围: orig_start=13699, orig_end=13709
调整后段范围: start=13600, end=13610
段内真实标签 (seg_true): [1. 1. 1. 1. 1. 1. 1. 1. 1. 1. 0.]
段内预测标签 (seg_pred): [ True  True  True  True  True  True  True  True  True  True  True]
段内真实异常时间点索引 (相对段内): [0 1 2 3 4 5 6 7 8 9]
段内是否有预测为异常的时间点: True
真实异常维度 (0-based): [23, 32, 33]
段内检测到的异常时间点索引 (相对段内): [ 0  1  2  3  4  5  6  7  8  9 10]
选择的维度数量 (k): 19 (基于真实异常维度数的 100%)
推断的异常维度 (0-based): [0, 1, 4, 7, 8, 9, 10, 11, 12, 13, 14, 15, 16, 17, 23, 25, 26, 28, 31, 32, 33, 34, 35, 36, 37]
真实与推断的交集: [23, 32, 33]
段内指标: TP=3, FP=22, FN=0, TN=13, IPS=1.0000

=== 处理第 7/8 段 ===
原始段范围: orig_start=18589, orig_end=18640
调整后段范围: start=18490, end=18541
段内真实标签 (seg_true): [1. 1. 1. 1. 1. 1. 1. 1. 1. 1. 1. 1. 1. 1. 1. 1. 1. 1. 1. 1. 1. 1. 1. 1.
 1. 1. 1. 1. 1. 1. 1. 1. 1. 1. 1. 1. 1. 1. 1. 1. 1. 1. 1. 1. 1. 1. 1. 1.
 1. 1. 1. 0.]
段内预测标签 (seg_pred): [ True  True  True  True  True  True  True  True  True  True  True  True
  True  True  True  True  True  True  True  True  True  True  True  True
  True  True  True  True  True  True  True  True  True  True  True  True
  True  True  True  True  True  True  True  True  True  True  True  True
  True  True  True  True]
段内真实异常时间点索引 (相对段内): [ 0  1  2  3  4  5  6  7  8  9 10 11 12 13 14 15 16 17 18 19 20 21 22 23
 24 25 26 27 28 29 30 31 32 33 34 35 36 37 38 39 40 41 42 43 44 45 46 47
 48 49 50]
段内是否有预测为异常的时间点: True
真实异常维度 (0-based): [0, 1, 2, 3]
段内检测到的异常时间点索引 (相对段内): [ 0  1  2  3  4  5  6  7  8  9 10 11 12 13 14 15 16 17 18 19 20 21 22 23
 24 25 26 27 28 29 30 31 32 33 34 35 36 37 38 39 40 41 42 43 44 45 46 47
 48 49 50 51]
选择的维度数量 (k): 19 (基于真实异常维度数的 100%)
推断的异常维度 (0-based): [0, 1, 2, 3, 4, 7, 8, 9, 10, 11, 12, 14, 15, 16, 17, 18, 19, 20, 21, 23, 24, 25, 26, 27, 28, 30, 32, 33, 34, 35, 36, 37]
真实与推断的交集: [0, 1, 2, 3]
段内指标: TP=4, FP=28, FN=0, TN=6, IPS=1.0000

=== 处理第 8/8 段 ===
原始段范围: orig_start=18784, orig_end=18825
调整后段范围: start=18685, end=18726
段内真实标签 (seg_true): [1. 1. 1. 1. 1. 1. 1. 1. 1. 1. 1. 1. 1. 1. 1. 1. 1. 1. 1. 1. 1. 1. 1. 1.
 1. 1. 1. 1. 1. 1. 1. 1. 1. 1. 1. 1. 1. 1. 1. 1. 1. 0.]
段内预测标签 (seg_pred): [ True  True  True  True  True  True  True  True  True  True  True  True
  True  True  True  True  True  True  True  True  True  True  True  True
  True  True  True  True  True  True  True  True  True  True  True  True
  True  True  True  True  True  True]
段内真实异常时间点索引 (相对段内): [ 0  1  2  3  4  5  6  7  8  9 10 11 12 13 14 15 16 17 18 19 20 21 22 23
 24 25 26 27 28 29 30 31 32 33 34 35 36 37 38 39 40]
段内是否有预测为异常的时间点: True
真实异常维度 (0-based): [0, 1, 2]
段内检测到的异常时间点索引 (相对段内): [ 0  1  2  3  4  5  6  7  8  9 10 11 12 13 14 15 16 17 18 19 20 21 22 23
 24 25 26 27 28 29 30 31 32 33 34 35 36 37 38 39 40 41]
选择的维度数量 (k): 19 (基于真实异常维度数的 100%)
推断的异常维度 (0-based): [0, 1, 2, 4, 7, 8, 9, 10, 11, 14, 15, 16, 17, 18, 19, 20, 21, 23, 24, 25, 26, 27, 28, 30, 32, 33, 34, 35, 36, 37]
真实与推断的交集: [0, 1, 2]
段内指标: TP=3, FP=27, FN=0, TN=8, IPS=1.0000

=== 汇总指标 ===
总 TP: 28, 总 TN: 64, 总 FP: 210, 总 FN: 2
平均 IPS: 0.9959, Precision: 0.1176, Recall: 0.9333, F1: 0.2090
每段IPS与混淆: [{'original_start': 2734, 'original_end': 3520, 'start': 2635, 'end': 3421, 'TP': 8, 'TN': 1, 'FP': 29, 'FN': 0, 'IPS': 1.0, 'k_selected': 19, 'gt_dims_count': 8}, {'original_start': 4474, 'original_end': 4550, 'start': 4375, 'end': 4451, 'TP': 2, 'TN': 6, 'FP': 30, 'FN': 0, 'IPS': 1.0, 'k_selected': 19, 'gt_dims_count': 2}, {'original_start': 6013, 'original_end': 6016, 'start': 5914, 'end': 5917, 'TP': 4, 'TN': 12, 'FP': 22, 'FN': 0, 'IPS': 1.0, 'k_selected': 19, 'gt_dims_count': 4}, {'original_start': 10963, 'original_end': 10969, 'start': 10864, 'end': 10870, 'TP': 2, 'TN': 11, 'FP': 24, 'FN': 1, 'IPS': 0.6666666666666666, 'k_selected': 19, 'gt_dims_count': 3}, {'original_start': 11565, 'original_end': 11569, 'start': 11466, 'end': 11470, 'TP': 2, 'TN': 7, 'FP': 28, 'FN': 1, 'IPS': 0.6666666666666666, 'k_selected': 19, 'gt_dims_count': 3}, {'original_start': 13699, 'original_end': 13709, 'start': 13600, 'end': 13610, 'TP': 3, 'TN': 13, 'FP': 22, 'FN': 0, 'IPS': 1.0, 'k_selected': 19, 'gt_dims_count': 3}, {'original_start': 18589, 'original_end': 18640, 'start': 18490, 'end': 18541, 'TP': 4, 'TN': 6, 'FP': 28, 'FN': 0, 'IPS': 1.0, 'k_selected': 19, 'gt_dims_count': 4}, {'original_start': 18784, 'original_end': 18825, 'start': 18685, 'end': 18726, 'TP': 3, 'TN': 8, 'FP': 27, 'FN': 0, 'IPS': 1.0, 'k_selected': 19, 'gt_dims_count': 3}]
总和: {'TP': 28, 'TN': 64, 'FP': 210, 'FN': 2, 'IPS': 0.9959390862944163, 'precision': 0.11764705882352941, 'recall': 0.9333333333333333, 'F1': 0.208955223880597}
test end time:  2025-06-24 17:27:54
test time:  314.85771894454956
==============================result==============================
{'FN': 168.0,
 'FP': 48.0,
 'TN': 22563.0,
 'TP': 809.0,
 'best-f1': 0.8822196573966655,
 'best_valid_loss': -70.98533084216639,
 'dataset': 'machine-3-4',
 'latency': 1.5999680006399872,
 'pot-FN': 
0.0,
 'pot-FP': 22611.0,
 'pot-TN': 0.0,
 'pot-TP': 977.0,
 'pot-f1': 0.07954330289984311,
 'pot-latency': 0.0,
 'pot-precision': 0.04141936576165026,
 'pot-recall': 0.9999999897645856,
 'pot-threshold': 0.9725381,
 'precision': 0.9439906540957917,
 'pred_time': 0.32283870143405463,
 'pred_total_time': 152.6624050140381,
 'recall': 0.8280450273485668,
 'segment_results': [{'FN': 0,
                      'FP': 29,
                      'IPS': 1.0,
                      'TN': 1,
                      'TP': 8,
                      'end': 3421,
                      'gt_dims_count': 8,
                      'k_selected': 19,
                      'original_end': 3520,
                      'original_start': 2734,
                      'start': 2635},
                     {'FN': 0,
                      'FP': 30,
                      'IPS': 1.0,
                      'TN': 6,
                      'TP': 2,
                      'end': 4451,
                      'gt_dims_count': 2,
                      'k_selected': 19,
                      'original_end': 4550,
                      'original_start': 4474,
                      'start': 4375},
                     {'FN': 0,
                      'FP': 22,
                      'IPS': 1.0,
                      'TN': 12,
                      'TP': 4,
                      'end': 5917,
                      'gt_dims_count': 4,
                      'k_selected': 19,
                      'original_end': 6016,
                      'original_start': 6013,
                      'start': 5914},
                     {'FN': 1,
                      'FP': 24,
                      'IPS': 0.6666666666666666,
                      'TN': 11,
                      'TP': 2,
                      'end': 10870,
                      'gt_dims_count': 3,
                      'k_selected': 19,
                      'original_end': 10969,
                      'original_start': 10963,
                      'start': 10864},
                     {'FN': 1,
                      'FP': 28,
                      'IPS': 0.6666666666666666,
                      'TN': 7,
                      'TP': 2,
                      'end': 11470,
                      'gt_dims_count': 3,
                      'k_selected': 19,
                      'original_end': 11569,
                      'original_start': 11565,
                      'start': 11466},
                     {'FN': 0,
                      'FP': 22,
                      'IPS': 1.0,
                      'TN': 13,
                      'TP': 3,
                      'end': 13610,
                      'gt_dims_count': 3,
                      'k_selected': 19,
                      'original_end': 13709,
                      'original_start': 13699,
                      'start': 13600},
                     {'FN': 0,
                      'FP': 28,
                      'IPS': 1.0,
                      'TN': 6,
                      'TP': 4,
                      'end': 18541,
                      'gt_dims_count': 4,
                      'k_selected': 19,
                      'original_end': 18640,
                      'original_start': 18589,
                      'start': 18490},
                     {'FN': 0,
                      'FP': 27,
                      'IPS': 1.0,
                      'TN': 8,
                      'TP': 3,
                      'end': 18726,
                      'gt_dims_count': 3,
                      'k_selected': 19,
                      'original_end': 18825,
                      'original_start': 18784,
                      'start': 18685}],
 'segment_summary': {'F1': 0.208955223880597,
                     'FN': 2,
                     'FP': 210,
                     'IPS': 0.9959390862944163,
                     'TN': 64,
                     'TP': 28,
                     'precision': 0.11764705882352941,
                     'recall': 0.9333333333333333},
 'threshold': -399.0,
 'train_time': 339.51781928539276,
 'valid_time': 0.3219830224171598}
