2025-06-24 21:18:43.170243: I tensorflow/core/platform/cpu_feature_guard.cc:141] Your CPU supports instructions that this TensorFlow binary was not compiled to use: AVX2 AVX512F FMA
Configurations
===========================================
{'batch_size': 50,
 'bf_search_max': 400.0,
 'bf_search_min': -400.0,
 'bf_search_step_size': 1.0,
 'dataset': 'machine-3-11',
 'dense_dim': 500,
 'early_stop': True,
 'get_score_on_dim': True,
 'gradient_clip_norm': 10.0,
 'initial_lr': 0.001,
 'l2_reg': 0.0001,
 'level': 0.0075,
 'lr_anneal_epoch_freq': 40,
 'lr_anneal_factor': 0.5,
 'lr_anneal_step_freq': None,
 'max_epoch': 10,
 'max_test_size': None,
 'max_train_size': None,
 'nf_layers': 20,
 'percentage_Dimension': 50.0,
 'posterior_flow_type': 'nf',
 'restore_dir': None,
 'result_dir': 'result',
 'rnn_cell': 'GRU',
 'rnn_num_hidden': 500,
 'save_dir': 'model',
 'save_z': False,
 'std_epsilon': 0.0001,
 'test_batch_size': 50,
 'test_n_z': 1,
 'test_score_filename': 'test_score.pkl',
 'test_start': 0,
 'train_score_filename': 'train_score.pkl',
 'train_start': 0,
 'use_connected_z_p': True,
 'use_connected_z_q': True,
 'valid_step_freq': 100,
 'window_length': 100,
 'x_dim': 38,
 'z_dim': 3}

train start time:  2025-06-24 21:18:28
load data of: machine-3-11
train:  0 None
test:  0 None
Data normalized
Data normalized
train set shape:  (28695, 38)
test set shape:  (28696, 38)
test set label shape:  (28696,)
Trainable Parameters                                            (2,607,740 in total)
------------------------------------------------------------------------------------
model/q_z_given_x/rnn_q_z/rnn/gru_cell/gates/kernel             (538, 1000)  538,000
model/q_z_given_x/rnn_q_z/rnn/gru_cell/gates/bias               (1000,)        1,000
model/q_z_given_x/rnn_q_z/rnn/gru_cell/candidate/kernel         (538, 500)   269,000
model/q_z_given_x/rnn_q_z/rnn/gru_cell/candidate/bias           (500,)           500
model/q_z_given_x/rnn_q_z/dense/kernel                          (500, 500)   250,000
model/q_z_given_x/rnn_q_z/dense/bias                            (500,)           500
model/q_z_given_x/rnn_q_z/dense_1/kernel                        (500, 500)   250,000
model/q_z_given_x/rnn_q_z/dense_1/bias                          (500,)           500
model/vae/variational/z_mean/kernel                             (503, 3)       1,509
model/vae/variational/z_mean/bias                               (3,)               3
model/vae/variational/z_std/kernel                              (503, 3)       1,509
model/vae/variational/z_std/bias                                (3,)               3
model/posterior_flow/_0/w                                       (1, 3)             3
model/posterior_flow/_0/b                                       (1,)               1
model/posterior_flow/_0/u                                       (1, 3)             3
model/posterior_flow/_1/w                                       (1, 3)             3
model/posterior_flow/_1/b                                       (1,)               1
model/posterior_flow/_1/u                                       (1, 3)             3
model/posterior_flow/_2/w                                       (1, 3)             3
model/posterior_flow/_2/b                                       (1,)               1
model/posterior_flow/_2/u                                       (1, 3)             3
model/posterior_flow/_3/w                                       (1, 3)             3
model/posterior_flow/_3/b                                       (1,)               1
model/posterior_flow/_3/u                                       (1, 3)             3
model/posterior_flow/_4/w                                       (1, 3)             3
model/posterior_flow/_4/b                                       (1,)               1
model/posterior_flow/_4/u                                       (1, 3)             3
model/posterior_flow/_5/w                                       (1, 3)             3
model/posterior_flow/_5/b                                       (1,)               1
model/posterior_flow/_5/u                                       (1, 3)             3
model/posterior_flow/_6/w                                       (1, 3)             3
model/posterior_flow/_6/b                                       (1,)               1
model/posterior_flow/_6/u                                       (1, 3)             3
model/posterior_flow/_7/w                                       (1, 3)             3
model/posterior_flow/_7/b                                       (1,)               1
model/posterior_flow/_7/u                                       (1, 3)             3
model/posterior_flow/_8/w                                       (1, 3)             3
model/posterior_flow/_8/b                                       (1,)               1
model/posterior_flow/_8/u                                       (1, 3)             3
model/posterior_flow/_9/w                                       (1, 3)             3
model/posterior_flow/_9/b                                       (1,)               1
model/posterior_flow/_9/u                                       (1, 3)             3
model/posterior_flow/_10/w                                      (1, 3)             3
model/posterior_flow/_10/b                                      (1,)               1
model/posterior_flow/_10/u                                      (1, 3)             3
model/posterior_flow/_11/w                                      (1, 3)             3
model/posterior_flow/_11/b                                      (1,)               1
model/posterior_flow/_11/u                                      (1, 3)             3
model/posterior_flow/_12/w                                      (1, 3)             3
model/posterior_flow/_12/b                                      (1,)               1
model/posterior_flow/_12/u                                      (1, 3)             3
model/posterior_flow/_13/w                                      (1, 3)             3
model/posterior_flow/_13/b                                      (1,)               1
model/posterior_flow/_13/u                                      (1, 3)             3
model/posterior_flow/_14/w                                      (1, 3)             3
model/posterior_flow/_14/b                                      (1,)               1
model/posterior_flow/_14/u                                      (1, 3)             3
model/posterior_flow/_15/w                                      (1, 3)             3
model/posterior_flow/_15/b                                      (1,)               1
model/posterior_flow/_15/u                                      (1, 3)             3
model/posterior_flow/_16/w                                      (1, 3)             3
model/posterior_flow/_16/b                                      (1,)               1
model/posterior_flow/_16/u                                      (1, 3)             3
model/posterior_flow/_17/w                                      (1, 3)             3
model/posterior_flow/_17/b                                      (1,)               1
model/posterior_flow/_17/u                                      (1, 3)             3
model/posterior_flow/_18/w                                      (1, 3)             3
model/posterior_flow/_18/b                                      (1,)               1
model/posterior_flow/_18/u                                      (1, 3)             3
model/posterior_flow/_19/w                                      (1, 3)             3
model/posterior_flow/_19/b                                      (1,)               1
model/posterior_flow/_19/u                                      (1, 3)             3
model/p_x_given_z/hidden/rnn_p_x/rnn/gru_cell/gates/kernel      (503, 1000)  503,000
model/p_x_given_z/hidden/rnn_p_x/rnn/gru_cell/gates/bias        (1000,)        1,000
model/p_x_given_z/hidden/rnn_p_x/rnn/gru_cell/candidate/kernel  (503, 500)   251,500
model/p_x_given_z/hidden/rnn_p_x/rnn/gru_cell/candidate/bias    (500,)           500
model/p_x_given_z/hidden/rnn_p_x/dense/kernel                   (500, 500)   250,000
model/p_x_given_z/hidden/rnn_p_x/dense/bias                     (500,)           500
model/p_x_given_z/hidden/rnn_p_x/dense_1/kernel                 (500, 500)   250,000
model/p_x_given_z/hidden/rnn_p_x/dense_1/bias                   (500,)           500
model/p_x_given_z/x_mean/kernel                                 (500, 38)     19,000
model/p_x_given_z/x_mean/bias                                   (38,)             38
model/p_x_given_z/x_std/kernel                                  (500, 38)     19,000
model/p_x_given_z/x_std/bias                                    (38,)             38/home/hz/anaconda3/envs/py36/lib/python3.6/site-packages/tensorflow/python/framework/dtypes.py:523: FutureWarning: Passing (type, 1) or '1type' as a synonym of type is deprecated; in a future version of numpy, it will be understood as (type, (1,)) / '(1,)type'.
  _np_qint8 = np.dtype([("qint8", np.int8, 1)])
/home/hz/anaconda3/envs/py36/lib/python3.6/site-packages/tensorflow/python/framework/dtypes.py:524: FutureWarning: Passing (type, 1) or '1type' as a synonym of type is deprecated; in a future version of numpy, it will be understood as (type, (1,)) / '(1,)type'.
  _np_quint8 = np.dtype([("quint8", np.uint8, 1)])
/home/hz/anaconda3/envs/py36/lib/python3.6/site-packages/tensorflow/python/framework/dtypes.py:525: FutureWarning: Passing (type, 1) or '1type' as a synonym of type is deprecated; in a future version of numpy, it will be understood as (type, (1,)) / '(1,)type'.
  _np_qint16 = np.dtype([("qint16", np.int16, 1)])
/home/hz/anaconda3/envs/py36/lib/python3.6/site-packages/tensorflow/python/framework/dtypes.py:526: FutureWarning: Passing (type, 1) or '1type' as a synonym of type is deprecated; in a future version of numpy, it will be understood as (type, (1,)) / '(1,)type'.
  _np_quint16 = np.dtype([("quint16", np.uint16, 1)])
/home/hz/anaconda3/envs/py36/lib/python3.6/site-packages/tensorflow/python/framework/dtypes.py:527: FutureWarning: Passing (type, 1) or '1type' as a synonym of type is deprecated; in a future version of numpy, it will be understood as (type, (1,)) / '(1,)type'.
  _np_qint32 = np.dtype([("qint32", np.int32, 1)])
/home/hz/anaconda3/envs/py36/lib/python3.6/site-packages/tensorflow/python/framework/dtypes.py:532: FutureWarning: Passing (type, 1) or '1type' as a synonym of type is deprecated; in a future version of numpy, it will be understood as (type, (1,)) / '(1,)type'.
  np_resource = np.dtype([("resource", np.ubyte, 1)])
/home/hz/anaconda3/envs/py36/lib/python3.6/site-packages/tfsnippet/utils/tfver.py:22: DeprecationWarning: Function 'semver.compare' is deprecated. Deprecated since version 2.10.0.  This function will be removed in semver 3. Use the respective 'semver.VersionInfo.compare' instead.
  compare_result = semver.compare(version, tf.__version__)
/home/hz/anaconda3/envs/py36/lib/python3.6/site-packages/tfsnippet/utils/tfver.py:22: DeprecationWarning: Function 'semver.compare' is deprecated. Deprecated since version 2.10.0.  This function will be removed in semver 3. Use the respective 'semver.VersionInfo.compare' instead.
  compare_result = semver.compare(version, tf.__version__)
INFO:tensorflow:Restoring parameters from /tmp/tmp16p2wr8j/variables.dat-3200
2025-06-24 22:33:57,151 [INFO] tensorflow: Restoring parameters from /tmp/tmp16p2wr8j/variables.dat-3200


train_values: (20087, 38)
[Epoch 1/10, Step 100] step time: 1.339s (±6.155s); train time: 1m 13.29s; valid time: 1m 0.6516s; loss: 176.699 (±1760.59); valid loss: -34.6395 (*)
[Epoch 1/10, Step 200] step time: 1.15s (±5.744s); train time: 57.29s; valid time: 57.76s; loss: -40.0133 (±4.83073); valid loss: -40.5159 (*)
[Epoch 1/10, Step 300] step time: 1.153s (±5.763s); train time: 57.5s; valid time: 57.9s; loss: -44.9434 (±4.47508); valid loss: -50.1871 (*)
train_values: (20087, 38)
[Epoch 2/10, Step 400, ETA 1h 11m 31.45s] step time: 1.137s (±5.614s); train time: 0.6072s; valid time: 56.42s; loss: -47.7323 (±5.41141); valid loss: -44.652
[Epoch 2/10, Step 500, ETA 1h 8m 38.78s] step time: 1.119s (±5.443s); train time: 57.21s; valid time: 54.72s; loss: -48.4016 (±4.28273); valid loss: -46.4022
[Epoch 2/10, Step 600, ETA 1h 6m 14.8s] step time: 1.134s (±5.642s); train time: 56.72s; valid time: 56.7s; loss: -50.5411 (±4.43141); valid loss: -45.2464
[Epoch 2/10, Step 700, ETA 1h 4m 2.373s] step time: 1.14s (±5.638s); train time: 57.35s; valid time: 56.67s; loss: -49.2126 (±4.91093); valid loss: -46.204
train_values: (20087, 38)
[Epoch 3/10, Step 800, ETA 1h 1m 58.33s] step time: 1.149s (±5.755s); train time: 1.191s; valid time: 57.83s; loss: -50.3901 (±6.44257); valid loss: -55.0318 (*)
[Epoch 3/10, Step 900, ETA 59m 52.02s] step time: 1.137s (±5.617s); train time: 57.27s; valid time: 56.46s; loss: -52.9822 (±5.90022); valid loss: -50.4802
[Epoch 3/10, Step 1000, ETA 57m 47.62s] step time: 1.135s (±5.609s); train time: 57.17s; valid time: 56.34s; loss: -52.194 (±4.55874); valid loss: -14.5499
[Epoch 3/10, Step 1100, ETA 55m 46.47s] step time: 1.14s (±5.639s); train time: 57.33s; valid time: 56.67s; loss: -52.1524 (±6.16838); valid loss: -49.6923
train_values: (20087, 38)
[Epoch 4/10, Step 1200, ETA 53m 46.23s] step time: 1.138s (±5.63s); train time: 1.788s; valid time: 56.57s; loss: -53.1223 (±6.02978); valid loss: -45.5607
[Epoch 4/10, Step 1300, ETA 51m 46.39s] step time: 1.136s (±5.626s); train time: 57.06s; valid time: 56.55s; loss: -40.6329 (±24.9243); valid loss: -48.0796
[Epoch 4/10, Step 1400, ETA 49m 47.64s] step time: 1.137s (±5.633s); train time: 57.1s; valid time: 56.61s; loss: -49.1784 (±14.7927); valid loss: -46.8894
[Epoch 4/10, Step 1500, ETA 47m 49.47s] step time: 1.136s (±5.635s); train time: 57.01s; valid time: 56.64s; loss: -54.5118 (±4.98536); valid loss: -50.8276
train_values: (20087, 38)
[Epoch 5/10, Step 1600, ETA 45m 52.02s] step time: 1.137s (±5.629s); train time: 2.341s; valid time: 56.57s; loss: -47.7441 (±16.3025); valid loss: -52.1621
[Epoch 5/10, Step 1700, ETA 43m 55.01s] step time: 1.137s (±5.634s); train time: 57.14s; valid time: 56.63s; loss: -49.9594 (±11.2455); valid loss: -51.8696
[Epoch 5/10, Step 1800, ETA 41m 58.35s] step time: 1.137s (±5.633s); train time: 57.16s; valid time: 56.6s; loss: -52.1138 (±16.2572); valid loss: -37.9392
[Epoch 5/10, Step 1900, ETA 40m 3.302s] step time: 1.149s (±5.763s); train time: 56.99s; valid time: 57.95s; loss: -55.9495 (±7.55803); valid loss: -60.2508 (*)
train_values: (20087, 38)
[Epoch 6/10, Step 2000, ETA 38m 8.224s] step time: 1.148s (±5.762s); train time: 2.899s; valid time: 57.9s; loss: -58.7915 (±9.21733); valid loss: -61.0269 (*)
[Epoch 6/10, Step 2100, ETA 36m 11.8s] step time: 1.133s (±5.618s); train time: 56.93s; valid time: 56.46s; loss: -61.3874 (±7.055); valid loss: -59.4065
[Epoch 6/10, Step 2200, ETA 34m 16.13s] step time: 1.139s (±5.633s); train time: 57.37s; valid time: 56.59s; loss: -59.1704 (±8.18915); valid loss: -57.4271
[Epoch 6/10, Step 2300, ETA 32m 20.13s] step time: 1.133s (±5.602s); train time: 57.01s; valid time: 56.31s; loss: -56.7627 (±11.9325); valid loss: -51.5004
train_values: (20087, 38)
[Epoch 7/10, Step 2400, ETA 30m 25.12s] step time: 1.144s (±5.734s); train time: 3.451s; valid time: 57.63s; loss: -59.8561 (±7.16803); valid loss: -63.7758 (*)
[Epoch 7/10, Step 2500, ETA 28m 29.43s] step time: 1.132s (±5.611s); train time: 56.88s; valid time: 56.39s; loss: -59.4854 (±7.50302); valid loss: -56.2819
[Epoch 7/10, Step 2600, ETA 26m 33.91s] step time: 1.132s (±5.623s); train time: 56.75s; valid time: 56.49s; loss: -61.5663 (±7.40504); valid loss: -60.5156
[Epoch 7/10, Step 2700, ETA 24m 38.8s] step time: 1.137s (±5.629s); train time: 57.19s; valid time: 56.57s; loss: -64.3788 (±6.53406); valid loss: -58.708
train_values: (20087, 38)
[Epoch 8/10, Step 2800, ETA 22m 43.81s] step time: 1.137s (±5.623s); train time: 4.02s; valid time: 56.51s; loss: -66.8413 (±5.55958); valid loss: -61.6424
[Epoch 8/10, Step 2900, ETA 20m 49.73s] step time: 1.16s (±5.85s); train time: 57.19s; valid time: 58.81s; loss: -67.3215 (±4.60437); valid loss: -66.9992 (*)
[Epoch 8/10, Step 3000, ETA 18m 54.73s] step time: 1.136s (±5.617s); train time: 57.15s; valid time: 56.46s; loss: -65.2237 (±8.88076); valid loss: -59.0343
[Epoch 8/10, Step 3100, ETA 16m 59.75s] step time: 1.133s (±5.613s); train time: 56.97s; valid time: 56.41s; loss: -65.8058 (±5.34979); valid loss: -59.6168
train_values: (20087, 38)
[Epoch 9/10, Step 3200, ETA 15m 5.303s] step time: 1.15s (±5.754s); train time: 4.602s; valid time: 57.84s; loss: -65.7285 (±5.79041); valid loss: -69.3915 (*)
[Epoch 9/10, Step 3300, ETA 13m 10.47s] step time: 1.134s (±5.615s); train time: 57s; valid time: 56.45s; loss: -67.1543 (±5.09328); valid loss: -63.4255
[Epoch 9/10, Step 3400, ETA 11m 15.65s] step time: 1.13s (±5.591s); train time: 56.9s; valid time: 56.2s; loss: -66.4195 (±7.79262); valid loss: -65.1799
[Epoch 9/10, Step 3500, ETA 9m 20.91s] step time: 1.128s (±5.581s); train time: 56.8s; valid time: 56.1s; loss: -68.3045 (±6.41044); valid loss: -66.0391
train_values: (20087, 38)
[Epoch 10/10, Step 3600, ETA 7m 26.32s] step time: 1.133s (±5.611s); train time: 5.174s; valid time: 56.38s; loss: -68.3838 (±4.95051); valid loss: -67.8552
[Epoch 10/10, Step 3700, ETA 5m 31.8s] step time: 1.134s (±5.612s); train time: 57.06s; valid time: 56.41s; loss: -68.4764 (±4.30859); valid loss: -65.8337
[Epoch 10/10, Step 3800, ETA 3m 37.34s] step time: 1.135s (±5.616s); train time: 57.07s; valid time: 56.44s; loss: -68.8421 (±4.75656); valid loss: -59.585
[Epoch 10/10, Step 3900, ETA 1m 42.93s] step time: 1.135s (±5.606s); train time: 57.17s; valid time: 56.34s; loss: -69.1772 (±4.27105); valid loss: -67.6527
train end time:  2025-06-24 22:33:57
train time:  4528.452759027481
test start time:  2025-06-24 22:33:57
------------------------------ testing ------------------------------
test_score shape:  (28597, 38)
test_z shape:  (28597, 100, 6)
search range:  -400.0 400.0
cur thr:  -399.0 [0.013752250980848828, 0.0069238031937182915, 0.9999999494949521, 198.0, 0.0, 28399.0, 0.0, 0.0] [0.013752250980848828, 0.0069238031937182915, 0.9999999494949521, 198.0, 0.0, 28399.0, 0.0, 0.0] -399.0
cur thr:  -349.0 [0.013752250980848828, 0.0069238031937182915, 0.9999999494949521, 198.0, 0.0, 28399.0, 0.0, 0.0] [0.013752250980848828, 0.0069238031937182915, 0.9999999494949521, 198.0, 0.0, 28399.0, 0.0, 0.0] -399.0
cur thr:  -299.0 [0.013752250980848828, 0.0069238031937182915, 0.9999999494949521, 198.0, 0.0, 28399.0, 0.0, 0.0] [0.013752250980848828, 0.0069238031937182915, 0.9999999494949521, 198.0, 0.0, 28399.0, 0.0, 0.0] -399.0
cur thr:  -249.0 [0.013752250980848828, 0.0069238031937182915, 0.9999999494949521, 198.0, 0.0, 28399.0, 0.0, 0.0] [0.013752250980848828, 0.0069238031937182915, 0.9999999494949521, 198.0, 0.0, 28399.0, 0.0, 0.0] -399.0
cur thr:  -199.0 [0.013752250980848828, 0.0069238031937182915, 0.9999999494949521, 198.0, 0.0, 28399.0, 0.0, 0.0] [0.013752250980848828, 0.0069238031937182915, 0.9999999494949521, 198.0, 0.0, 28399.0, 0.0, 0.0] -399.0
cur thr:  -149.0 [0.013752250980848828, 0.0069238031937182915, 0.9999999494949521, 198.0, 0.0, 28399.0, 0.0, 0.0] [0.013752250980848828, 0.0069238031937182915, 0.9999999494949521, 198.0, 0.0, 28399.0, 0.0, 0.0] -399.0
cur thr:  -99.0 [0.013752250980848828, 0.0069238031937182915, 0.9999999494949521, 198.0, 0.0, 28399.0, 0.0, 0.0] [0.013752250980848828, 0.0069238031937182915, 0.9999999494949521, 198.0, 0.0, 28399.0, 0.0, 0.0]  0%|          | 0/28597 [00:00<?, ?it/s]100%|██████████| 28597/28597 [00:00<00:00, 1199745.05it/s] -399.0
cur thr:  -49.0 [0.013752250980848828, 0.0069238031937182915, 0.9999999494949521, 198.0, 0.0, 28399.0, 0.0, 0.0] [0.013752250980848828, 0.0069238031937182915, 0.9999999494949521, 198.0, 0.0, 28399.0, 0.0, 0.0] -399.0
cur thr:  1.0 [0.013752250980848828, 0.0069238031937182915, 0.9999999494949521, 198.0, 0.0, 28399.0, 0.0, 0.0] [0.013752250980848828, 0.0069238031937182915, 0.9999999494949521, 198.0, 0.0, 28399.0, 0.0, 0.0] -399.0
cur thr:  51.0 [0.013752250980848828, 0.0069238031937182915, 0.9999999494949521, 198.0, 0.0, 28399.0, 0.0, 0.0] [0.013752250980848828, 0.0069238031937182915, 0.9999999494949521, 198.0, 0.0, 28399.0, 0.0, 0.0] -399.0
cur thr:  101.0 [0.013752250980848828, 0.0069238031937182915, 0.9999999494949521, 198.0, 0.0, 28399.0, 0.0, 0.0] [0.013752250980848828, 0.0069238031937182915, 0.9999999494949521, 198.0, 0.0, 28399.0, 0.0, 0.0] -399.0
cur thr:  151.0 [0.013752250980848828, 0.0069238031937182915, 0.9999999494949521, 198.0, 0.0, 28399.0, 0.0, 0.0] [0.013752250980848828, 0.0069238031937182915, 0.9999999494949521, 198.0, 0.0, 28399.0, 0.0, 0.0] -399.0
cur thr:  201.0 [0.013752250980848828, 0.0069238031937182915, 0.9999999494949521, 198.0, 0.0, 28399.0, 0.0, 0.0] [0.013752250980848828, 0.0069238031937182915, 0.9999999494949521, 198.0, 0.0, 28399.0, 0.0, 0.0] -399.0
cur thr:  251.0 [0.013752250980848828, 0.0069238031937182915, 0.9999999494949521, 198.0, 0.0, 28399.0, 0.0, 0.0] [0.013752250980848828, 0.0069238031937182915, 0.9999999494949521, 198.0, 0.0, 28399.0, 0.0, 0.0] -399.0
cur thr:  301.0 [0.013752250980848828, 0.0069238031937182915, 0.9999999494949521, 198.0, 0.0, 28399.0, 0.0, 0.0] [0.013752250980848828, 0.0069238031937182915, 0.9999999494949521, 198.0, 0.0, 28399.0, 0.0, 0.0] -399.0
cur thr:  351.0 [0.013752250980848828, 0.0069238031937182915, 0.9999999494949521, 198.0, 0.0, 28399.0, 0.0, 0.0] [0.013752250980848828, 0.0069238031937182915, 0.9999999494949521, 198.0, 0.0, 28399.0, 0.0, 0.0] -399.0
[0.013752250980848828, 0.0069238031937182915, 0.9999999494949521, 198.0, 0.0, 28399.0, 0.0, 0.0] -399.0
label_file: ServerMachineDataset/interpretation_label/machine-3-11.txt
Initial threshold : -48.221985
Number of peaks : 214
Grimshaw maximum log-likelihood estimation ... [done]
	γ = 0
	σ = 363.02356
	L = 1475.416095195056
Extreme quantile (probability = 0.001): 682.4388613634203
28597
28597
POT result:  (0.013752250980848828, 0.0069238031937182915, 0.9999999494949521, 198.0, 0.0, 28399.0, 0.0) 48.221985 0.0

=== 全局调试信息 ===
y_true shape: (28597,), unique values: [0. 1.]
y_pred shape: (28597,), unique values: [ True]
feature_scores shape: (28597, 38)
interpretation_segments 数量: 3


=== 处理第 1/3 段 ===
原始段范围: orig_start=21230, orig_end=21296
调整后段范围: start=21131, end=21197
段内真实标签 (seg_true): [1. 1. 1. 1. 1. 1. 1. 1. 1. 1. 1. 1. 1. 1. 1. 1. 1. 1. 1. 1. 1. 1. 1. 1.
 1. 1. 1. 1. 1. 1. 1. 1. 1. 1. 1. 1. 1. 1. 1. 1. 1. 1. 1. 1. 1. 1. 1. 1.
 1. 1. 1. 1. 1. 1. 1. 1. 1. 1. 1. 1. 1. 1. 1. 1. 1. 1. 0.]
段内预测标签 (seg_pred): [ True  True  True  True  True  True  True  True  True  True  True  True
  True  True  True  True  True  True  True  True  True  True  True  True
  True  True  True  True  True  True  True  True  True  True  True  True
  True  True  True  True  True  True  True  True  True  True  True  True
  True  True  True  True  True  True  True  True  True  True  True  True
  True  True  True  True  True  True  True]
段内真实异常时间点索引 (相对段内): [ 0  1  2  3  4  5  6  7  8  9 10 11 12 13 14 15 16 17 18 19 20 21 22 23
 24 25 26 27 28 29 30 31 32 33 34 35 36 37 38 39 40 41 42 43 44 45 46 47
 48 49 50 51 52 53 54 55 56 57 58 59 60 61 62 63 64 65]
段内是否有预测为异常的时间点: True
真实异常维度 (0-based): [0, 1, 2, 3, 4, 5, 6, 9, 10, 15, 18, 19, 20, 21, 22, 23, 25, 27, 29, 30, 31, 34, 35]
段内检测到的异常时间点索引 (相对段内): [ 0  1  2  3  4  5  6  7  8  9 10 11 12 13 14 15 16 17 18 19 20 21 22 23
 24 25 26 27 28 29 30 31 32 33 34 35 36 37 38 39 40 41 42 43 44 45 46 47
 48 49 50 51 52 53 54 55 56 57 58 59 60 61 62 63 64 65 66]
选择的维度数量 (k): 19 (基于真实异常维度数的 100%)
推断的异常维度 (0-based): [0, 1, 2, 3, 6, 7, 8, 9, 10, 11, 12, 13, 14, 15, 16, 17, 18, 19, 20, 21, 22, 23, 24, 25, 26, 27, 28, 29, 30, 31, 32, 33, 34, 35, 36, 37]
真实与推断的交集: [0, 1, 2, 3, 6, 9, 10, 15, 18, 19, 20, 21, 22, 23, 25, 27, 29, 30, 31, 34, 35]
段内指标: TP=21, FP=15, FN=2, TN=0, IPS=0.9130

=== 处理第 2/3 段 ===
原始段范围: orig_start=27825, orig_end=27951
调整后段范围: start=27726, end=27852
段内真实标签 (seg_true): [1. 1. 1. 1. 1. 1. 1. 1. 1. 1. 1. 1. 1. 1. 1. 1. 1. 1. 1. 1. 1. 1. 1. 1.
 1. 1. 1. 1. 1. 1. 1. 1. 1. 1. 1. 1. 1. 1. 1. 1. 1. 1. 1. 1. 1. 1. 1. 1.
 1. 1. 1. 1. 1. 1. 1. 1. 1. 1. 1. 1. 1. 1. 1. 1. 1. 1. 1. 1. 1. 1. 1. 1.
 1. 1. 1. 1. 1. 1. 1. 1. 1. 1. 1. 1. 1. 1. 1. 1. 1. 1. 1. 1. 1. 1. 1. 1.
 1. 1. 1. 1. 1. 1. 1. 1. 1. 1. 1. 1. 1. 1. 1. 1. 1. 1. 1. 1. 1. 1. 1. 1.
 1. 1. 1. 1. 1. 1. 0.]
段内预测标签 (seg_pred): [ True  True  True  True  True  True  True  True  True  True  True  True
  True  True  True  True  True  True  True  True  True  True  True  True
  True  True  True  True  True  True  True  True  True  True  True  True
  True  True  True  True  True  True  True  True  True  True  True  True
  True  True  True  True  True  True  True  True  True  True  True  True
  True  True  True  True  True  True  True  True  True  True  True  True
  True  True  True  True  True  True  True  True  True  True  True  True
  True  True  True  True  True  True  True  True  True  True  True  True
  True  True  True  True  True  True  True  True  True  True  True  True
  True  True  True  True  True  True  True  True  True  True  True  True
  True  True  True  True  True  True  True]
段内真实异常时间点索引 (相对段内): [  0   1   2   3   4   5   6   7   8   9  10  11  12  13  14  15  16  17
  18  19  20  21  22  23  24  25  26  27  28  29  30  31  32  33  34  35
  36  37  38  39  40  41  42  43  44  45  46  47  48  49  50  51  52  53
  54  55  56  57  58  59  60  61  62  63  64  65  66  67  68  69  70  71
  72  73  74  75  76  77  78  79  80  81  82  83  84  85  86  87  88  89
  90  91  92  93  94  95  96  97  98  99 100 101 102 103 104 105 106 107
 108 109 110 111 112 113 114 115 116 117 118 119 120 121 122 123 124 125]
段内是否有预测为异常的时间点: True
真实异常维度 (0-based): [0, 1, 2, 3, 6, 18, 19, 20, 21, 22, 23, 25, 27, 29, 30, 31, 33, 34, 35, 36]
段内检测到的异常时间点索引 (相对段内): [  0   1   2   3   4   5   6   7   8   9  10  11  12  13  14  15  16  17
  18  19  20  21  22  23  24  25  26  27  28  29  30  31  32  33  34  35
  36  37  38  39  40  41  42  43  44  45  46  47  48  49  50  51  52  53
  54  55  56  57  58  59  60  61  62  63  64  65  66  67  68  69  70  71
  72  73  74  75  76  77  78  79  80  81  82  83  84  85  86  87  88  89
  90  91  92  93  94  95  96  97  98  99 100 101 102 103 104 105 106 107
 108 109 110 111 112 113 114 115 116 117 118 119 120 121 122 123 124 125
 126]
选择的维度数量 (k): 19 (基于真实异常维度数的 100%)
推断的异常维度 (0-based): [0, 1, 2, 3, 5, 6, 7, 8, 9, 10, 11, 12, 13, 14, 15, 16, 17, 18, 19, 20, 21, 22, 23, 24, 25, 26, 27, 28, 30, 31, 32, 33, 34, 35, 36, 37]
真实与推断的交集: [0, 1, 2, 3, 6, 18, 19, 20, 21, 22, 23, 25, 27, 30, 31, 33, 34, 35, 36]
段内指标: TP=19, FP=17, FN=1, TN=1, IPS=0.9500

=== 处理第 3/3 段 ===
原始段范围: orig_start=27995, orig_end=28001
调整后段范围: start=27896, end=27902
段内真实标签 (seg_true): [1. 1. 1. 1. 1. 1. 0.]
段内预测标签 (seg_pred): [ True  True  True  True  True  True  True]
段内真实异常时间点索引 (相对段内): [0 1 2 3 4 5]
段内是否有预测为异常的时间点: True
真实异常维度 (0-based): [9, 10]
段内检测到的异常时间点索引 (相对段内): [0 1 2 3 4 5 6]
选择的维度数量 (k): 19 (基于真实异常维度数的 100%)
推断的异常维度 (0-based): [1, 2, 7, 8, 9, 10, 11, 12, 13, 14, 16, 17, 18, 20, 21, 22, 24, 26, 28, 31, 32, 33, 34, 35, 36, 37]

真实与推断的交集: [9, 10]
段内指标: TP=2, FP=24, FN=0, TN=12, IPS=1.0000

=== 汇总指标 ===
总 TP: 42, 总 TN: 13, 总 FP: 56, 总 FN: 3
平均 IPS: 0.9394, Precision: 0.4286, Recall: 0.9333, F1: 0.5874
每段IPS与混淆: [{'original_start': 21230, 'original_end': 21296, 'start': 21131, 'end': 21197, 'TP': 21, 'TN': 0, 'FP': 15, 'FN': 2, 'IPS': 0.9130434782608695, 'k_selected': 19, 'gt_dims_count': 23}, {'original_start': 27825, 'original_end': 27951, 'start': 27726, 'end': 27852, 'TP': 19, 'TN': 1, 'FP': 17, 'FN': 1, 'IPS': 0.95, 'k_selected': 19, 'gt_dims_count': 20}, {'original_start': 27995, 'original_end': 28001, 'start': 27896, 'end': 27902, 'TP': 2, 'TN': 12, 'FP': 24, 'FN': 0, 'IPS': 1.0, 'k_selected': 19, 'gt_dims_count': 2}]
总和: {'TP': 42, 'TN': 13, 'FP': 56, 'FN': 3, 'IPS': 0.9394224529526282, 'precision': 0.42857142857142855, 'recall': 0.9333333333333333, 'F1': 0.5874125874125874}
test end time:  2025-06-24 22:40:26
test time:  389.2902457714081
==============================result==============================
{'FN': 0.0,
 'FP': 28399.0,
 'TN': 0.0,
 'TP': 198.0,
 'best-f1': 0.013752250980848828,
 'best_valid_loss': -69.39146089167161,
 'dataset': 'machine-3-11',
 'latency': 0.0,
 'pot-FN': 0.0,
 'pot-FP': 28399.0,
 'pot-TN': 0.0,
 'pot-TP': 198.0,
 'pot-f1': 0.013752250980848828,
 'pot-latency': 0.0,
 'pot-precision': 0.0069238031937182915,
 'pot-recall': 0.9999999494949521,
 'pot-threshold': 48.221985,
 'precision': 0.0069238031937182915,
 'pred_time': 0.3313941063580813,
 'pred_total_time': 189.88936042785645,
 'recall': 0.9999999494949521,
 'segment_results': [{'FN': 2,
                      'FP': 15,
                      'IPS': 0.9130434782608695,
                      'TN': 0,
                      'TP': 21,
                      'end': 21197,
                      'gt_dims_count': 23,
                      'k_selected': 19,
                      'original_end': 21296,
                      'original_start': 21230,
                      'start': 21131},
                     {'FN': 1,
                      'FP': 17,
                      'IPS': 0.95,
                      'TN': 1,
                      'TP': 19,
                      'end': 27852,
                      'gt_dims_count': 20,
                      'k_selected': 19,
                      'original_end': 27951,
                      'original_start': 27825,
                      'start': 27726},
                     {'FN': 0,
                      'FP': 24,
                      'IPS': 1.0,
                      'TN': 12,
                      'TP': 2,
                      'end': 27902,
                      'gt_dims_count': 2,
                      'k_selected': 19,
                      'original_end': 28001,
                      'original_start': 27995,
                      'start': 27896}],
 'segment_summary': {'F1': 0.5874125874125874,
                     'FN': 3,
                     'FP': 56,
                     'IPS': 0.9394224529526282,
                     'TN': 13,
                     'TP': 42,
                     'precision': 0.42857142857142855,
                     'recall': 0.9333333333333333},
 'threshold': -399.0,
 'train_time': 451.4222334861755,
 'valid_time': 0.33000209707247835}
