2025-06-24 04:34:49.766549: I tensorflow/core/platform/cpu_feature_guard.cc:141] Your CPU supports instructions that this TensorFlow binary was not compiled to use: AVX2 AVX512F FMA
Configurations
===========================================
{'batch_size': 50,
 'bf_search_max': 400.0,
 'bf_search_min': -400.0,
 'bf_search_step_size': 1.0,
 'dataset': 'omi-12',
 'dense_dim': 500,
 'early_stop': True,
 'get_score_on_dim': True,
 'gradient_clip_norm': 10.0,
 'initial_lr': 0.001,
 'l2_reg': 0.0001,
 'level': 0.0075,
 'lr_anneal_epoch_freq': 40,
 'lr_anneal_factor': 0.5,
 'lr_anneal_step_freq': None,
 'max_epoch': 10,
 'max_test_size': None,
 'max_train_size': None,
 'nf_layers': 20,
 'percentage_Dimension': 50.0,
 'posterior_flow_type': 'nf',
 'restore_dir': None,
 'result_dir': 'result',
 'rnn_cell': 'GRU',
 'rnn_num_hidden': 500,
 'save_dir': 'model',
 'save_z': False,
 'std_epsilon': 0.0001,
 'test_batch_size': 50,
 'test_n_z': 1,
 'test_score_filename': 'test_score.pkl',
 'test_start': 0,
 'train_score_filename': 'train_score.pkl',
 'train_start': 0,
 'use_connected_z_p': True,
 'use_connected_z_q': True,
 'valid_step_freq': 100,
 'window_length': 100,
 'x_dim': 19,
 'z_dim': 3}

train start time:  2025-06-24 04:34:22
load data of: omi-12
train:  0 None
test:  0 None
Data normalized
Data normalized
train set shape:  (7291, 19)
test set shape:  (4320, 19)
test set label shape:  (4320,)
Trainable Parameters                                            (2,560,202 in total)
------------------------------------------------------------------------------------
model/q_z_given_x/rnn_q_z/rnn/gru_cell/gates/kernel             (519, 1000)  519,000
model/q_z_given_x/rnn_q_z/rnn/gru_cell/gates/bias               (1000,)        1,000
model/q_z_given_x/rnn_q_z/rnn/gru_cell/candidate/kernel         (519, 500)   259,500
model/q_z_given_x/rnn_q_z/rnn/gru_cell/candidate/bias           (500,)           500
model/q_z_given_x/rnn_q_z/dense/kernel                          (500, 500)   250,000
model/q_z_given_x/rnn_q_z/dense/bias                            (500,)           500
model/q_z_given_x/rnn_q_z/dense_1/kernel                        (500, 500)   250,000
model/q_z_given_x/rnn_q_z/dense_1/bias                          (500,)           500
model/vae/variational/z_mean/kernel                             (503, 3)       1,509
model/vae/variational/z_mean/bias                               (3,)               3
model/vae/variational/z_std/kernel                              (503, 3)       1,509
model/vae/variational/z_std/bias                                (3,)               3
model/posterior_flow/_0/w                                       (1, 3)             3
model/posterior_flow/_0/b                                       (1,)               1
model/posterior_flow/_0/u                                       (1, 3)             3
model/posterior_flow/_1/w                                       (1, 3)             3
model/posterior_flow/_1/b                                       (1,)               1
model/posterior_flow/_1/u                                       (1, 3)             3
model/posterior_flow/_2/w                                       (1, 3)             3
model/posterior_flow/_2/b                                       (1,)               1
model/posterior_flow/_2/u                                       (1, 3)             3
model/posterior_flow/_3/w                                       (1, 3)             3
model/posterior_flow/_3/b                                       (1,)               1
model/posterior_flow/_3/u                                       (1, 3)             3
model/posterior_flow/_4/w                                       (1, 3)             3
model/posterior_flow/_4/b                                       (1,)               1
model/posterior_flow/_4/u                                       (1, 3)             3
model/posterior_flow/_5/w                                       (1, 3)             3
model/posterior_flow/_5/b                                       (1,)               1
model/posterior_flow/_5/u                                       (1, 3)             3
model/posterior_flow/_6/w                                       (1, 3)             3
model/posterior_flow/_6/b                                       (1,)               1
model/posterior_flow/_6/u                                       (1, 3)             3
model/posterior_flow/_7/w                                       (1, 3)             3
model/posterior_flow/_7/b                                       (1,)               1
model/posterior_flow/_7/u                                       (1, 3)             3
model/posterior_flow/_8/w                                       (1, 3)             3
model/posterior_flow/_8/b                                       (1,)               1
model/posterior_flow/_8/u                                       (1, 3)             3
model/posterior_flow/_9/w                                       (1, 3)             3
model/posterior_flow/_9/b                                       (1,)               1
model/posterior_flow/_9/u                                       (1, 3)             3
model/posterior_flow/_10/w                                      (1, 3)             3
model/posterior_flow/_10/b                                      (1,)               1
model/posterior_flow/_10/u                                      (1, 3)             3
model/posterior_flow/_11/w                                      (1, 3)             3
model/posterior_flow/_11/b                                      (1,)               1
model/posterior_flow/_11/u                                      (1, 3)             3
model/posterior_flow/_12/w                                      (1, 3)             3
model/posterior_flow/_12/b                                      (1,)               1
model/posterior_flow/_12/u                                      (1, 3)             3
model/posterior_flow/_13/w                                      (1, 3)             3
model/posterior_flow/_13/b                                      (1,)               1
model/posterior_flow/_13/u                                      (1, 3)             3
model/posterior_flow/_14/w                                      (1, 3)             3
model/posterior_flow/_14/b                                      (1,)               1
model/posterior_flow/_14/u                                      (1, 3)             3
model/posterior_flow/_15/w                                      (1, 3)             3
model/posterior_flow/_15/b                                      (1,)               1
model/posterior_flow/_15/u                                      (1, 3)             3
model/posterior_flow/_16/w                                      (1, 3)             3
model/posterior_flow/_16/b                                      (1,)               1
model/posterior_flow/_16/u                                      (1, 3)             3
model/posterior_flow/_17/w                                      (1, 3)             3
model/posterior_flow/_17/b                                      (1,)               1
model/posterior_flow/_17/u                                      (1, 3)             3
model/posterior_flow/_18/w                                      (1, 3)             3
model/posterior_flow/_18/b                                      (1,)               1
model/posterior_flow/_18/u                                      (1, 3)             3
model/posterior_flow/_19/w                                      (1, 3)             3
model/posterior_flow/_19/b                                      (1,)               1
model/posterior_flow/_19/u                                      (1, 3)             3
model/p_x_given_z/hidden/rnn_p_x/rnn/gru_cell/gates/kernel      (503, 1000)  503,000
model/p_x_given_z/hidden/rnn_p_x/rnn/gru_cell/gates/bias        (1000,)        1,000
model/p_x_given_z/hidden/rnn_p_x/rnn/gru_cell/candidate/kernel  (503, 500)   251,500
model/p_x_given_z/hidden/rnn_p_x/rnn/gru_cell/candidate/bias    (500,)           500
model/p_x_given_z/hidden/rnn_p_x/dense/kernel                   (500, 500)   250,000
model/p_x_given_z/hidden/rnn_p_x/dense/bias                     (500,)           500
model/p_x_given_z/hidden/rnn_p_x/dense_1/kernel                 (500, 500)   250,000
model/p_x_given_z/hidden/rnn_p_x/dense_1/bias                   (500,)           500
model/p_x_given_z/x_mean/kernel                                 (500, 19)      9,500
model/p_x_given_z/x_mean/bias                                   (19,)             19
model/p_x_given_z/x_std/kernel                                  (500, 19)      9,500
model/p_x_given_z/x_std/bias                                    (19,)             19/home/hz/anaconda3/envs/py36/lib/python3.6/site-packages/tensorflow/python/framework/dtypes.py:523: FutureWarning: Passing (type, 1) or '1type' as a synonym of type is deprecated; in a future version of numpy, it will be understood as (type, (1,)) / '(1,)type'.
  _np_qint8 = np.dtype([("qint8", np.int8, 1)])
/home/hz/anaconda3/envs/py36/lib/python3.6/site-packages/tensorflow/python/framework/dtypes.py:524: FutureWarning: Passing (type, 1) or '1type' as a synonym of type is deprecated; in a future version of numpy, it will be understood as (type, (1,)) / '(1,)type'.
  _np_quint8 = np.dtype([("quint8", np.uint8, 1)])
/home/hz/anaconda3/envs/py36/lib/python3.6/site-packages/tensorflow/python/framework/dtypes.py:525: FutureWarning: Passing (type, 1) or '1type' as a synonym of type is deprecated; in a future version of numpy, it will be understood as (type, (1,)) / '(1,)type'.
  _np_qint16 = np.dtype([("qint16", np.int16, 1)])
/home/hz/anaconda3/envs/py36/lib/python3.6/site-packages/tensorflow/python/framework/dtypes.py:526: FutureWarning: Passing (type, 1) or '1type' as a synonym of type is deprecated; in a future version of numpy, it will be understood as (type, (1,)) / '(1,)type'.
  _np_quint16 = np.dtype([("quint16", np.uint16, 1)])
/home/hz/anaconda3/envs/py36/lib/python3.6/site-packages/tensorflow/python/framework/dtypes.py:527: FutureWarning: Passing (type, 1) or '1type' as a synonym of type is deprecated; in a future version of numpy, it will be understood as (type, (1,)) / '(1,)type'.
  _np_qint32 = np.dtype([("qint32", np.int32, 1)])
/home/hz/anaconda3/envs/py36/lib/python3.6/site-packages/tensorflow/python/framework/dtypes.py:532: FutureWarning: Passing (type, 1) or '1type' as a synonym of type is deprecated; in a future version of numpy, it will be understood as (type, (1,)) / '(1,)type'.
  np_resource = np.dtype([("resource", np.ubyte, 1)])
/home/hz/anaconda3/envs/py36/lib/python3.6/site-packages/tfsnippet/utils/tfver.py:22: DeprecationWarning: Function 'semver.compare' is deprecated. Deprecated since version 2.10.0.  This function will be removed in semver 3. Use the respective 'semver.VersionInfo.compare' instead.
  compare_result = semver.compare(version, tf.__version__)
/home/hz/anaconda3/envs/py36/lib/python3.6/site-packages/tfsnippet/utils/tfver.py:22: DeprecationWarning: Function 'semver.compare' is deprecated. Deprecated since version 2.10.0.  This function will be removed in semver 3. Use the respective 'semver.VersionInfo.compare' instead.
  compare_result = semver.compare(version, tf.__version__)
INFO:tensorflow:Restoring parameters from /tmp/tmpc7ggmjfx/variables.dat-900
2025-06-24 04:49:59,220 [INFO] tensorflow: Restoring parameters from /tmp/tmpc7ggmjfx/variables.dat-900
  0%|          | 0/4221 [00:00<?, ?it/s]100%|██████████| 4221/4221 [00:00<00:00, 1031230.03it/s]

train_values: (5104, 19)
[Epoch 1/10, Step 100] step time: 1.247s (±3.466s); train time: 1m 41s; valid time: 23.75s; loss: 102.36 (±894.832); valid loss: -0.108289 (*)
train_values: (5104, 19)
[Epoch 2/10, Step 200, ETA 14m 10.51s] step time: 0.8781s (±1.928s); train time: 1m 8.466s; valid time: 19.4s; loss: -5.53232 (±2.25661); valid loss: -8.76737 (*)
train_values: (5104, 19)
[Epoch 3/10, Step 300, ETA 11m 36.37s] step time: 0.8575s (±1.686s); train time: 1m 8.945s; valid time: 16.87s; loss: -6.95174 (±1.83764); valid loss: -5.74623
train_values: (5104, 19)
[Epoch 4/10, Step 400, ETA 9m 37.64s] step time: 0.8658s (±1.694s); train time: 1m 9.591s; valid time: 17.06s; loss: -7.65757 (±1.72209); valid loss: -6.60177
train_values: (5104, 19)
[Epoch 5/10, Step 500, ETA 7m 51.51s] step time: 0.8635s (±1.747s); train time: 1m 8.828s; valid time: 17.59s; loss: -7.4261 (±1.59616); valid loss: -3.37257
train_values: (5104, 19)
[Epoch 6/10, Step 600, ETA 6m 11.46s] step time: 0.8561s (±1.715s); train time: 1m 8.388s; valid time: 17.29s; loss: -7.47094 (±2.14086); valid loss: -8.12635
train_values: (5104, 19)
[Epoch 7/10, Step 700, ETA 4m 35.63s] step time: 0.8588s (±1.673s); train time: 1m 9.234s; valid time: 16.71s; loss: -7.19313 (±1.79047); valid loss: -8.07307
train_values: (5104, 19)
[Epoch 8/10, Step 800, ETA 3m 2.873s] step time: 0.883s (±1.94s); train time: 1m 8.938s; valid time: 19.42s; loss: -8.31593 (±2.23251); valid loss: -9.76366 (*)
train_values: (5104, 19)
[Epoch 9/10, Step 900, ETA 1m 31.03s] step time: 0.8771s (±1.891s); train time: 1m 8.673s; valid time: 19.09s; loss: -8.2593 (±1.58025); valid loss: -10.1083 (*)
train_values: (5104, 19)
[Epoch 10/10, Step 1000, ETA 0s] step time: 0.8559s (±1.705s); train time: 1m 8.459s; valid time: 17.2s; loss: -8.07318 (±2.24144); valid loss: -5.31979
train end time:  2025-06-24 04:49:59
train time:  937.4432315826416
test start time:  2025-06-24 04:49:59
------------------------------ testing ------------------------------
test_score shape:  (4221, 19)
test_z shape:  (4221, 100, 6)
search range:  -400.0 400.0
cur thr:  -399.0 [0.8421003139709619, 0.9999998958333441, 0.7272726721763128, 96.0, 4089.0, 0.0, 36.0, 1.999950001249969] [0.8421003139709619, 0.9999998958333441, 0.7272726721763128, 96.0, 4089.0, 0.0, 36.0, 1.999950001249969] -399.0
cur thr:  -349.0 [0.8421003139709619, 0.9999998958333441, 0.7272726721763128, 96.0, 4089.0, 0.0, 36.0, 1.999950001249969] [0.8421003139709619, 0.9999998958333441, 0.7272726721763128, 96.0, 4089.0, 0.0, 36.0, 1.999950001249969] -399.0
cur thr:  -299.0 [0.8421003139709619, 0.9999998958333441, 0.7272726721763128, 96.0, 4089.0, 0.0, 36.0, 1.999950001249969] [0.8421003139709619, 0.9999998958333441, 0.7272726721763128, 96.0, 4089.0, 0.0, 36.0, 1.999950001249969] -399.0
cur thr:  -249.0 [0.8421003139709619, 0.9999998958333441, 0.7272726721763128, 96.0, 4089.0, 0.0, 36.0, 1.999950001249969] [0.8421003139709619, 0.9999998958333441, 0.7272726721763128, 96.0, 4089.0, 0.0, 36.0, 1.999950001249969] -399.0
cur thr:  -199.0 [0.8421003139709619, 0.9999998958333441, 0.7272726721763128, 96.0, 4089.0, 0.0, 36.0, 1.999950001249969] [0.8421003139709619, 0.9999998958333441, 0.7272726721763128, 96.0, 4089.0, 0.0, 36.0, 1.999950001249969] -399.0
cur thr:  -149.0 [0.8421003139709619, 0.9999998958333441, 0.7272726721763128, 96.0, 4089.0, 0.0, 36.0, 1.999950001249969] [0.8421003139709619, 0.9999998958333441, 0.7272726721763128, 96.0, 4089.0, 0.0, 36.0, 1.999950001249969] -399.0
cur thr:  -99.0 [0.838422991199457, 0.9896906196195238, 0.7272726721763128, 96.0, 4088.0, 1.0, 36.0, 1.999950001249969] [0.8421003139709619, 0.9999998958333441, 0.7272726721763128, 96.0, 4089.0, 0.0, 36.0, 1.999950001249969] -399.0
cur thr:  -49.0 [0.7804827682252253, 0.8421051892890185, 0.7272726721763128, 96.0, 4071.0, 18.0, 36.0, 1.999950001249969] [0.8421003139709619, 0.9999998958333441, 0.7272726721763128, 96.0, 4089.0, 0.0, 36.0, 1.999950001249969] -399.0
cur thr:  1.0 [0.4137898086952536, 0.2608695600618664, 0.99999992424243, 132.0, 3715.0, 374.0, 0.0, 7.799844003119938] [0.8421003139709619, 0.9999998958333441, 0.7272726721763128, 96.0, 4089.0, 0.0, 36.0, 1.999950001249969] -399.0
cur thr:  51.0 [0.06064724072290932, 0.031272210302600786, 0.99999992424243, 132.0, 0.0, 4089.0, 0.0, 0.0] [0.8421003139709619, 0.9999998958333441, 0.7272726721763128, 96.0, 4089.0, 0.0, 36.0, 1.999950001249969] -399.0
cur thr:  101.0 [0.06064724072290932, 0.031272210302600786, 0.99999992424243, 132.0, 0.0, 4089.0, 0.0, 0.0] [0.8421003139709619, 0.9999998958333441, 0.7272726721763128, 96.0, 4089.0, 0.0, 36.0, 1.999950001249969] -399.0
cur thr:  151.0 [0.06064724072290932, 0.031272210302600786, 0.99999992424243, 132.0, 0.0, 4089.0, 0.0, 0.0] [0.8421003139709619, 0.9999998958333441, 0.7272726721763128, 96.0, 4089.0, 0.0, 36.0, 1.999950001249969] -399.0
cur thr:  201.0 [0.06064724072290932, 0.031272210302600786, 0.99999992424243, 132.0, 0.0, 4089.0, 0.0, 0.0] [0.8421003139709619, 0.9999998958333441, 0.7272726721763128, 96.0, 4089.0, 0.0, 36.0, 1.999950001249969] -399.0
cur thr:  251.0 [0.06064724072290932, 0.031272210302600786, 0.99999992424243, 132.0, 0.0, 4089.0, 0.0, 0.0] [0.8421003139709619, 0.9999998958333441, 0.7272726721763128, 96.0, 4089.0, 0.0, 36.0, 1.999950001249969] -399.0
cur thr:  301.0 [0.06064724072290932, 0.031272210302600786, 0.99999992424243, 132.0, 0.0, 4089.0, 0.0, 0.0] [0.8421003139709619, 0.9999998958333441, 0.7272726721763128, 96.0, 4089.0, 0.0, 36.0, 1.999950001249969] -399.0
cur thr:  351.0 [0.06064724072290932, 0.031272210302600786, 0.99999992424243, 132.0, 0.0, 4089.0, 0.0, 0.0] [0.8421003139709619, 0.9999998958333441, 0.7272726721763128, 96.0, 4089.0, 0.0, 36.0, 1.999950001249969] -399.0
[0.8421003139709619, 0.9999998958333441, 0.7272726721763128, 96.0, 4089.0, 0.0, 36.0, 1.999950001249969] -399.0
label_file: ServerMachineDataset/interpretation_label/omi-12.txt
Initial threshold : 13.392603
Number of peaks : 53
Grimshaw maximum log-likelihood estimation ... [done]
	γ = 0
	σ = 56.65086
	L = 266.95607976314204
Extreme quantile (probability = 0.001): 126.54264650204318
59
4221
POT result:  (0.7084820359552327, 0.6906474323275228, 0.7272726721763128, 96.0, 4046.0, 43.0, 36.0) -16.60937743599807 1.999950001249969

=== 全局调试信息 ===
y_true shape: (4221,), unique values: [0. 1.]
y_pred shape: (4221,), unique values: [False  True]
feature_scores shape: (4221, 19)
interpretation_segments 数量: 5


=== 处理第 1/5 段 ===
原始段范围: orig_start=740, orig_end=813
调整后段范围: start=641, end=714
段内真实标签 (seg_true): [1. 1. 1. 1. 1. 1. 1. 1. 1. 1. 1. 1. 1. 1. 1. 1. 1. 1. 1. 1. 1. 1. 1. 1.
 1. 1. 1. 1. 1. 1. 1. 1. 1. 1. 1. 1. 1. 1. 1. 1. 1. 1. 1. 1. 1. 1. 1. 1.
 1. 1. 1. 1. 1. 1. 1. 1. 1. 1. 1. 1. 1. 1. 1. 1. 1. 1. 1. 1. 1. 1. 1. 1.
 1. 1.]
段内预测标签 (seg_pred): [ True  True  True  True  True  True  True  True  True  True  True  True
  True  True  True  True  True  True  True  True  True  True  True  True
  True  True  True  True  True  True  True  True  True  True  True  True
  True  True  True  True  True  True  True  True  True  True  True  True
  True  True  True  True  True  True  True  True  True  True  True  True
  True  True  True  True  True  True  True  True  True  True  True  True
  True  True]
段内真实异常时间点索引 (相对段内): [ 0  1  2  3  4  5  6  7  8  9 10 11 12 13 14 15 16 17 18 19 20 21 22 23
 24 25 26 27 28 29 30 31 32 33 34 35 36 37 38 39 40 41 42 43 44 45 46 47
 48 49 50 51 52 53 54 55 56 57 58 59 60 61 62 63 64 65 66 67 68 69 70 71
 72 73]
段内是否有预测为异常的时间点: True
真实异常维度 (0-based): [0, 1, 5, 6, 7, 8, 9, 10, 11, 12, 13, 14, 15, 16, 17, 18]
段内检测到的异常时间点索引 (相对段内): [ 0  1  2  3  4  5  6  7  8  9 10 11 12 13 14 15 16 17 18 19 20 21 22 23
 24 25 26 27 28 29 30 31 32 33 34 35 36 37 38 39 40 41 42 43 44 45 46 47
 48 49 50 51 52 53 54 55 56 57 58 59 60 61 62 63 64 65 66 67 68 69 70 71
 72 73]
选择的维度数量 (k): 9 (基于真实异常维度数的 100%)
推断的异常维度 (0-based): [0, 1, 2, 3, 4, 5, 6, 7, 8, 9, 10, 11, 12, 13, 15, 16, 17, 18]

真实与推断的交集: [0, 1, 5, 6, 7, 8, 9, 10, 11, 12, 13, 15, 16, 17, 18]
段内指标: TP=15, FP=3, FN=1, TN=0, IPS=0.9375

=== 处理第 2/5 段 ===
原始段范围: orig_start=2486, orig_end=2493
调整后段范围: start=2387, end=2394
段内真实标签 (seg_true): [1. 1. 1. 1. 1. 1. 1. 1.]
段内预测标签 (seg_pred): [ True  True  True  True  True  True  True  True]
段内真实异常时间点索引 (相对段内): [0 1 2 3 4 5 6 7]
段内是否有预测为异常的时间点: True
真实异常维度 (0-based): [3, 4]
段内检测到的异常时间点索引 (相对段内): [0 1 2 3 4 5 6 7]
选择的维度数量 (k): 9 (基于真实异常维度数的 100%)
推断的异常维度 (0-based): [0, 1, 2, 3, 4, 7, 10, 11, 12, 13, 15]
真实与推断的交集: [3, 4]
段内指标: TP=2, FP=9, FN=0, TN=8, IPS=1.0000

=== 处理第 3/5 段 ===
原始段范围: orig_start=2515, orig_end=2525
调整后段范围: start=2416, end=2426
段内真实标签 (seg_true): [1. 1. 1. 1. 1. 1. 1. 1. 1. 1. 1.]
段内预测标签 (seg_pred): [ True  True  True  True  True  True  True  True  True  True  True]
段内真实异常时间点索引 (相对段内): [ 0  1  2  3  4  5  6  7  8  9 10]
段内是否有预测为异常的时间点: True
真实异常维度 (0-based): [0, 3, 4, 6, 7, 8, 16, 17]
段内检测到的异常时间点索引 (相对段内): [ 0  1  2  3  4  5  6  7  8  9 10]
选择的维度数量 (k): 9 (基于真实异常维度数的 100%)
推断的异常维度 (0-based): [0, 1, 2, 3, 4, 5, 6, 7, 10, 11, 13, 14, 16]
真实与推断的交集: [0, 3, 4, 6, 7, 16]
段内指标: TP=6, FP=7, FN=2, TN=4, IPS=0.7500

=== 处理第 4/5 段 ===
原始段范围: orig_start=2721, orig_end=2723
调整后段范围: start=2622, end=2624
段内真实标签 (seg_true): [1. 1. 1.]
段内预测标签 (seg_pred): [ True  True  True]
段内真实异常时间点索引 (相对段内): [0 1 2]
段内是否有预测为异常的时间点: True
真实异常维度 (0-based): [3]
段内检测到的异常时间点索引 (相对段内): [0 1 2]
选择的维度数量 (k): 9 (基于真实异常维度数的 100%)
推断的异常维度 (0-based): [0, 1, 2, 3, 4, 5, 7, 10, 11, 13]
真实与推断的交集: [3]
段内指标: TP=1, FP=9, FN=0, TN=9, IPS=1.0000

=== 处理第 5/5 段 ===
原始段范围: orig_start=3500, orig_end=3535
调整后段范围: start=3401, end=3436
段内真实标签 (seg_true): [1. 1. 1. 1. 1. 1. 1. 1. 1. 1. 1. 1. 1. 1. 1. 1. 1. 1. 1. 1. 1. 1. 1. 1.
 1. 1. 1. 1. 1. 1. 1. 1. 1. 1. 1. 1.]
段内预测标签 (seg_pred): [False False False False False False False False False False False False
 False False False False False False False False False False False False
 False False False False False False False False False False False False]
段内真实异常时间点索引 (相对段内): [ 0  1  2  3  4  5  6  7  8  9 10 11 12 13 14 15 16 17 18 19 20 21 22 23
 24 25 26 27 28 29 30 31 32 33 34 35]
段内是否有预测为异常的时间点: False
真实异常维度 (0-based): [4, 5, 6, 7, 10, 11, 12, 13, 14, 15, 16, 17, 18]
段内检测到的异常时间点索引 (相对段内): []
未检测到任何异常点，将整个段中的时间索引标记为异常
选择的维度数量 (k): 9 (基于真实异常维度数的 100%)
推断的异常维度 (0-based): [0, 1, 2, 3, 4, 5, 8, 9, 13, 15, 16, 17]
真实与推断的交集: [4, 5, 13, 15, 16, 17]
段内指标: TP=6, FP=6, FN=7, TN=0, IPS=0.4615

=== 汇总指标 ===
总 TP: 30, 总 TN: 21, 总 FP: 34, 总 FN: 10
平均 IPS: 0.7973, Precision: 0.4688, Recall: 0.7500, F1: 0.5769
每段IPS与混淆: [{'original_start': 740, 'original_end': 813, 'start': 641, 'end': 714, 'TP': 15, 'TN': 0, 'FP': 3, 'FN': 1, 'IPS': 0.9375, 'k_selected': 9, 'gt_dims_count': 16}, {'original_start': 2486, 'original_end': 2493, 'start': 2387, 'end': 2394, 'TP': 2, 'TN': 8, 'FP': 9, 'FN': 0, 'IPS': 1.0, 'k_selected': 9, 'gt_dims_count': 2}, {'original_start': 2515, 'original_end': 2525, 'start': 2416, 'end': 2426, 'TP': 6, 'TN': 4, 'FP': 7, 'FN': 2, 'IPS': 0.75, 'k_selected': 9, 'gt_dims_count': 8}, {'original_start': 2721, 'original_end': 2723, 'start': 2622, 'end': 2624, 'TP': 1, 'TN': 9, 'FP': 9, 'FN': 0, 'IPS': 1.0, 'k_selected': 9, 'gt_dims_count': 1}, {'original_start': 3500, 'original_end': 3535, 'start': 3401, 'end': 3436, 'TP': 6, 'TN': 0, 'FP': 6, 'FN': 7, 'IPS': 0.46153846153846156, 'k_selected': 9, 'gt_dims_count': 13}]
总和: {'TP': 30, 'TN': 21, 'FP': 34, 'FN': 10, 'IPS': 0.797275641025641, 'precision': 0.46875, 'recall': 0.75, 'F1': 0.5769230769230769}
test end time:  2025-06-24 04:51:44
test time:  105.02338790893555
==============================result==============================
{'FN': 36.0,
 'FP': 0.0,
 'TN': 4089.0,
 'TP': 96.0,
 'best-f1': 0.8421003139709619,
 'best_valid_loss': -10.108343839417017,
 'dataset': 'omi-12',
 'latency': 1.999950001249969,
 'pot-FN': 36.0,
 'pot-FP': 43.0,
 'pot-TN': 4046.0,
 'pot-TP': 96.0,
 'pot-f1': 0.7084820359552327,
 'pot-latency': 1.999950001249969,
 'pot-precision': 0.6906474323275228,
 'pot-recall': 0.7272726721763128,
 'pot-threshold': -16.60937743599807,
 'precision': 0.9999998958333441,
 'pred_time': 0.40922761524424833,
 'pred_total_time': 34.87570071220398,
 'recall': 0.7272726721763128,
 'segment_results': [{'FN': 1,
                      'FP': 3,
                      'IPS': 0.9375,
                      'TN': 0,
                      'TP': 15,
                      'end': 714,
                      'gt_dims_count': 16,
                      'k_selected': 9,
                      'original_end': 813,
                      'original_start': 740,
                      'start': 641},
                     {'FN': 0,
                      'FP': 9,
                      'IPS': 1.0,
                      'TN': 8,
                      'TP': 2,
                      'end': 2394,
                      'gt_dims_count': 2,
                      'k_selected': 9,
                      'original_end': 2493,
                      'original_start': 2486,
                      'start': 2387},
                     {'FN': 2,
                      'FP': 7,
                      'IPS': 0.75,
                      'TN': 4,
                      'TP': 6,
                      'end': 2426,
                      'gt_dims_count': 8,
                      'k_selected': 9,
                      'original_end': 2525,
                      'original_start': 2515,
                      'start': 2416},
                     {'FN': 0,
                      'FP': 9,
                      'IPS': 1.0,
                      'TN': 9,
                      'TP': 1,
                      'end': 2624,
                      'gt_dims_count': 1,
                      'k_selected': 9,
                      'original_end': 2723,
                      'original_start': 2721,
                      'start': 2622},
                     {'FN': 7,
                      'FP': 6,
                      'IPS': 0.46153846153846156,
                      'TN': 0,
                      'TP': 6,
                      'end': 3436,
                      'gt_dims_count': 13,
                      'k_selected': 9,
                      'original_end': 3535,
                      'original_start': 3500,
                      'start': 3401}],
 'segment_summary': {'F1': 0.5769230769230769,
                     'FN': 10,
                     'FP': 34,
                     'IPS': 0.797275641025641,
                     'TN': 21,
                     'TP': 30,
                     'precision': 0.46875,
                     'recall': 0.75},
 'threshold': -399.0,
 'train_time': 90.97874042987823,
 'valid_time': 0.41814807766959783}
