2025-06-24 00:40:06.014264: I tensorflow/core/platform/cpu_feature_guard.cc:141] Your CPU supports instructions that this TensorFlow binary was not compiled to use: AVX2 AVX512F FMA
Configurations
===========================================
{'batch_size': 50,
 'bf_search_max': 400.0,
 'bf_search_min': -400.0,
 'bf_search_step_size': 1.0,
 'dataset': 'omi-3',
 'dense_dim': 500,
 'early_stop': True,
 'get_score_on_dim': True,
 'gradient_clip_norm': 10.0,
 'initial_lr': 0.001,
 'l2_reg': 0.0001,
 'level': 0.0075,
 'lr_anneal_epoch_freq': 40,
 'lr_anneal_factor': 0.5,
 'lr_anneal_step_freq': None,
 'max_epoch': 10,
 'max_test_size': None,
 'max_train_size': None,
 'nf_layers': 20,
 'percentage_Dimension': 50.0,
 'posterior_flow_type': 'nf',
 'restore_dir': None,
 'result_dir': 'result',
 'rnn_cell': 'GRU',
 'rnn_num_hidden': 500,
 'save_dir': 'model',
 'save_z': False,
 'std_epsilon': 0.0001,
 'test_batch_size': 50,
 'test_n_z': 1,
 'test_score_filename': 'test_score.pkl',
 'test_start': 0,
 'train_score_filename': 'train_score.pkl',
 'train_start': 0,
 'use_connected_z_p': True,
 'use_connected_z_q': True,
 'valid_step_freq': 100,
 'window_length': 100,
 'x_dim': 19,
 'z_dim': 3}

train start time:  2025-06-24 00:39:37
load data of: omi-3
train:  0 None
test:  0 None
Data normalized
Data normalized
train set shape:  (8640, 19)
test set shape:  (4320, 19)
test set label shape:  (4320,)
Trainable Parameters                                            (2,560,202 in total)
------------------------------------------------------------------------------------
model/q_z_given_x/rnn_q_z/rnn/gru_cell/gates/kernel             (519, 1000)  519,000
model/q_z_given_x/rnn_q_z/rnn/gru_cell/gates/bias               (1000,)        1,000
model/q_z_given_x/rnn_q_z/rnn/gru_cell/candidate/kernel         (519, 500)   259,500
model/q_z_given_x/rnn_q_z/rnn/gru_cell/candidate/bias           (500,)           500
model/q_z_given_x/rnn_q_z/dense/kernel                          (500, 500)   250,000
model/q_z_given_x/rnn_q_z/dense/bias                            (500,)           500
model/q_z_given_x/rnn_q_z/dense_1/kernel                        (500, 500)   250,000
model/q_z_given_x/rnn_q_z/dense_1/bias                          (500,)           500
model/vae/variational/z_mean/kernel                             (503, 3)       1,509
model/vae/variational/z_mean/bias                               (3,)               3
model/vae/variational/z_std/kernel                              (503, 3)       1,509
model/vae/variational/z_std/bias                                (3,)               3
model/posterior_flow/_0/w                                       (1, 3)             3
model/posterior_flow/_0/b                                       (1,)               1
model/posterior_flow/_0/u                                       (1, 3)             3
model/posterior_flow/_1/w                                       (1, 3)             3
model/posterior_flow/_1/b                                       (1,)               1
model/posterior_flow/_1/u                                       (1, 3)             3
model/posterior_flow/_2/w                                       (1, 3)             3
model/posterior_flow/_2/b                                       (1,)               1
model/posterior_flow/_2/u                                       (1, 3)             3
model/posterior_flow/_3/w                                       (1, 3)             3
model/posterior_flow/_3/b                                       (1,)               1
model/posterior_flow/_3/u                                       (1, 3)             3
model/posterior_flow/_4/w                                       (1, 3)             3
model/posterior_flow/_4/b                                       (1,)               1
model/posterior_flow/_4/u                                       (1, 3)             3
model/posterior_flow/_5/w                                       (1, 3)             3
model/posterior_flow/_5/b                                       (1,)               1
model/posterior_flow/_5/u                                       (1, 3)             3
model/posterior_flow/_6/w                                       (1, 3)             3
model/posterior_flow/_6/b                                       (1,)               1
model/posterior_flow/_6/u                                       (1, 3)             3
model/posterior_flow/_7/w                                       (1, 3)             3
model/posterior_flow/_7/b                                       (1,)               1
model/posterior_flow/_7/u                                       (1, 3)             3
model/posterior_flow/_8/w                                       (1, 3)             3
model/posterior_flow/_8/b                                       (1,)               1
model/posterior_flow/_8/u                                       (1, 3)             3
model/posterior_flow/_9/w                                       (1, 3)             3
model/posterior_flow/_9/b                                       (1,)               1
model/posterior_flow/_9/u                                       (1, 3)             3
model/posterior_flow/_10/w                                      (1, 3)             3
model/posterior_flow/_10/b                                      (1,)               1
model/posterior_flow/_10/u                                      (1, 3)             3
model/posterior_flow/_11/w                                      (1, 3)             3
model/posterior_flow/_11/b                                      (1,)               1
model/posterior_flow/_11/u                                      (1, 3)             3
model/posterior_flow/_12/w                                      (1, 3)             3
model/posterior_flow/_12/b                                      (1,)               1
model/posterior_flow/_12/u                                      (1, 3)             3
model/posterior_flow/_13/w                                      (1, 3)             3
model/posterior_flow/_13/b                                      (1,)               1
model/posterior_flow/_13/u                                      (1, 3)             3
model/posterior_flow/_14/w                                      (1, 3)             3
model/posterior_flow/_14/b                                      (1,)               1
model/posterior_flow/_14/u                                      (1, 3)             3
model/posterior_flow/_15/w                                      (1, 3)             3
model/posterior_flow/_15/b                                      (1,)               1
model/posterior_flow/_15/u                                      (1, 3)             3
model/posterior_flow/_16/w                                      (1, 3)             3
model/posterior_flow/_16/b                                      (1,)               1
model/posterior_flow/_16/u                                      (1, 3)             3
model/posterior_flow/_17/w                                      (1, 3)             3
model/posterior_flow/_17/b                                      (1,)               1
model/posterior_flow/_17/u                                      (1, 3)             3
model/posterior_flow/_18/w                                      (1, 3)             3
model/posterior_flow/_18/b                                      (1,)               1
model/posterior_flow/_18/u                                      (1, 3)             3
model/posterior_flow/_19/w                                      (1, 3)             3
model/posterior_flow/_19/b                                      (1,)               1
model/posterior_flow/_19/u                                      (1, 3)             3
model/p_x_given_z/hidden/rnn_p_x/rnn/gru_cell/gates/kernel      (503, 1000)  503,000
model/p_x_given_z/hidden/rnn_p_x/rnn/gru_cell/gates/bias        (1000,)        1,000
model/p_x_given_z/hidden/rnn_p_x/rnn/gru_cell/candidate/kernel  (503, 500)   251,500
model/p_x_given_z/hidden/rnn_p_x/rnn/gru_cell/candidate/bias    (500,)           500
model/p_x_given_z/hidden/rnn_p_x/dense/kernel                   (500, 500)   250,000
model/p_x_given_z/hidden/rnn_p_x/dense/bias                     (500,)           500
model/p_x_given_z/hidden/rnn_p_x/dense_1/kernel                 (500, 500)   250,000
model/p_x_given_z/hidden/rnn_p_x/dense_1/bias                   (500,)           500
model/p_x_given_z/x_mean/kernel                                 (500, 19)      9,500
model/p_x_given_z/x_mean/bias                                   (19,)             19
model/p_x_given_z/x_std/kernel                                  (500, 19)      9,500
model/p_x_given_z/x_std/bias                                    (19,)             19/home/hz/anaconda3/envs/py36/lib/python3.6/site-packages/tensorflow/python/framework/dtypes.py:523: FutureWarning: Passing (type, 1) or '1type' as a synonym of type is deprecated; in a future version of numpy, it will be understood as (type, (1,)) / '(1,)type'.
  _np_qint8 = np.dtype([("qint8", np.int8, 1)])
/home/hz/anaconda3/envs/py36/lib/python3.6/site-packages/tensorflow/python/framework/dtypes.py:524: FutureWarning: Passing (type, 1) or '1type' as a synonym of type is deprecated; in a future version of numpy, it will be understood as (type, (1,)) / '(1,)type'.
  _np_quint8 = np.dtype([("quint8", np.uint8, 1)])
/home/hz/anaconda3/envs/py36/lib/python3.6/site-packages/tensorflow/python/framework/dtypes.py:525: FutureWarning: Passing (type, 1) or '1type' as a synonym of type is deprecated; in a future version of numpy, it will be understood as (type, (1,)) / '(1,)type'.
  _np_qint16 = np.dtype([("qint16", np.int16, 1)])
/home/hz/anaconda3/envs/py36/lib/python3.6/site-packages/tensorflow/python/framework/dtypes.py:526: FutureWarning: Passing (type, 1) or '1type' as a synonym of type is deprecated; in a future version of numpy, it will be understood as (type, (1,)) / '(1,)type'.
  _np_quint16 = np.dtype([("quint16", np.uint16, 1)])
/home/hz/anaconda3/envs/py36/lib/python3.6/site-packages/tensorflow/python/framework/dtypes.py:527: FutureWarning: Passing (type, 1) or '1type' as a synonym of type is deprecated; in a future version of numpy, it will be understood as (type, (1,)) / '(1,)type'.
  _np_qint32 = np.dtype([("qint32", np.int32, 1)])
/home/hz/anaconda3/envs/py36/lib/python3.6/site-packages/tensorflow/python/framework/dtypes.py:532: FutureWarning: Passing (type, 1) or '1type' as a synonym of type is deprecated; in a future version of numpy, it will be understood as (type, (1,)) / '(1,)type'.
  np_resource = np.dtype([("resource", np.ubyte, 1)])
/home/hz/anaconda3/envs/py36/lib/python3.6/site-packages/tfsnippet/utils/tfver.py:22: DeprecationWarning: Function 'semver.compare' is deprecated. Deprecated since version 2.10.0.  This function will be removed in semver 3. Use the respective 'semver.VersionInfo.compare' instead.
  compare_result = semver.compare(version, tf.__version__)
/home/hz/anaconda3/envs/py36/lib/python3.6/site-packages/tfsnippet/utils/tfver.py:22: DeprecationWarning: Function 'semver.compare' is deprecated. Deprecated since version 2.10.0.  This function will be removed in semver 3. Use the respective 'semver.VersionInfo.compare' instead.
  compare_result = semver.compare(version, tf.__version__)
INFO:tensorflow:Restoring parameters from /tmp/tmpp1mfl7xk/variables.dat-400
2025-06-24 01:02:13,267 [INFO] tensorflow: Restoring parameters from /tmp/tmpp1mfl7xk/variables.dat-400
  0%|          | 0/4221 [00:00<?, ?it/s]100%|██████████| 4221/4221 [00:00<00:00, 430548.57it/s]

train_values: (6048, 19)
[Epoch 1/10, Step 100] step time: 1.501s (±4.453s); train time: 1m 55.09s; valid time: 35.13s; loss: 6.254 (±16.9398); valid loss: -1.86707 (*)
train_values: (6048, 19)
[Epoch 2/10, Step 200, ETA 21m 33.19s] step time: 1.136s (±2.81s); train time: 1m 9.106s; valid time: 28.32s; loss: -2.61422 (±0.981304); valid loss: -3.85749 (*)
train_values: (6048, 19)
[Epoch 3/10, Step 300, ETA 18m 13.18s] step time: 1.087s (±2.431s); train time: 53.97s; valid time: 24.45s; loss: -2.80369 (±1.16225); valid loss: 0.253089
train_values: (6048, 19)
[Epoch 4/10, Step 400, ETA 15m 47.11s] step time: 1.129s (±2.875s); train time: 38.13s; valid time: 28.96s; loss: -2.79654 (±1.63963); valid loss: -4.59279 (*)
train_values: (6048, 19)
[Epoch 5/10, Step 500, ETA 13m 31.17s] step time: 1.107s (±2.544s); train time: 23.98s; valid time: 25.62s; loss: -2.7338 (±1.81475); valid loss: -1.53634
train_values: (6048, 19)
[Epoch 6/10, Step 600, ETA 11m 22.87s] step time: 1.099s (±2.504s); train time: 7.981s; valid time: 25.24s; loss: -2.58354 (±1.81978); valid loss: -3.65852
[Epoch 6/10, Step 700, ETA 9m 19.69s] step time: 1.097s (±2.495s); train time: 1m 24.77s; valid time: 25.02s; loss: -3.57 (±1.17061); valid loss: -3.94991
train_values: (6048, 19)
[Epoch 7/10, Step 800, ETA 7m 19.88s] step time: 1.098s (±2.538s); train time: 1m 17.57s; valid time: 25.42s; loss: -3.98311 (±1.57462); valid loss: -3.36699
train_values: (6048, 19)
[Epoch 8/10, Step 900, ETA 5m 22.44s] step time: 1.103s (±2.542s); train time: 1m 2.729s; valid time: 25.49s; loss: -4.4578 (±1.45712); valid loss: -4.57082
train_values: (6048, 19)
[Epoch 9/10, Step 1000, ETA 3m 26.11s] step time: 1.086s (±2.489s); train time: 46.53s; valid time: 24.94s; loss: -4.03436 (±2.36349); valid loss: 8.83119
train_values: (6048, 19)
[Epoch 10/10, Step 1100, ETA 1m 31.29s] step time: 1.102s (±2.517s); train time: 31.93s; valid time: 25.39s; loss: -4.14168 (±2.92164); valid loss: -3.89257
train end time:  2025-06-24 01:02:13
train time:  1356.1910438537598
test start time:  2025-06-24 01:02:13
------------------------------ testing ------------------------------
test_score shape:  (4221, 19)
test_z shape:  (4221, 100, 6)
search range:  -400.0 400.0
cur thr:  -399.0 [0.0, 0.0, 0.0, 0.0, 4075.0, 0.0, 146.0, 0.0] [0.0, 0.0, 0.0, 0.0, 4075.0, 0.0, 146.0, 0.0] -399.0
cur thr:  -349.0 [0.0, 0.0, 0.0, 0.0, 4075.0, 0.0, 146.0, 0.0] [0.0, 0.0, 0.0, 0.0, 4075.0, 0.0, 146.0, 0.0] -399.0
cur thr:  -299.0 [0.0, 0.0, 0.0, 0.0, 4075.0, 0.0, 146.0, 0.0] [0.0, 0.0, 0.0, 0.0, 4075.0, 0.0, 146.0, 0.0] -399.0
cur thr:  -249.0 [0.0, 0.0, 0.0, 0.0, 4075.0, 0.0, 146.0, 0.0] [0.0, 0.0, 0.0, 0.0, 4075.0, 0.0, 146.0, 0.0] -399.0
cur thr:  -199.0 [0.0, 0.0, 0.0, 0.0, 4074.0, 1.0, 146.0, 0.0] [0.0, 0.0, 0.0, 0.0, 4075.0, 0.0, 146.0, 0.0] -399.0
cur thr:  -149.0 [0.0, 0.0, 0.0, 0.0, 4074.0, 1.0, 146.0, 0.0] [0.0, 0.0, 0.0, 0.0, 4075.0, 0.0, 146.0, 0.0] -399.0
cur thr:  -99.0 [0.0, 0.0, 0.0, 0.0, 4072.0, 3.0, 146.0, 0.0] [0.0, 0.0, 0.0, 0.0, 4075.0, 0.0, 146.0, 0.0] -399.0
cur thr:  -49.0 [0.5596285523452806, 0.8472221045524855, 0.4178081905610828, 61.0, 4064.0, 11.0, 85.0, 25.997400259974004] [0.570089068947171, 0.8970586916090159, 0.4178081905610828, 61.0, 4068.0, 7.0, 85.0, 25.997400259974004] -60.0
cur thr:  1.0 [0.21947552873186912, 0.13722126694303144, 0.5479451679489611, 80.0, 3572.0, 503.0, 66.0, 4.4997750112494375] [0.570089068947171, 0.8970586916090159, 0.4178081905610828, 61.0, 4068.0, 7.0, 85.0, 25.997400259974004] -60.0
cur thr:  51.0 [0.06686447820308804, 0.03458895988014935, 0.999999931506854, 146.0, 0.0, 4075.0, 0.0, 0.0] [0.570089068947171, 0.8970586916090159, 0.4178081905610828, 61.0, 4068.0, 7.0, 85.0, 25.997400259974004] -60.0
cur thr:  101.0 [0.06686447820308804, 0.03458895988014935, 0.999999931506854, 146.0, 0.0, 4075.0, 0.0, 0.0] [0.570089068947171, 0.8970586916090159, 0.4178081905610828, 61.0, 4068.0, 7.0, 85.0, 25.997400259974004] -60.0
cur thr:  151.0 [0.06686447820308804, 0.03458895988014935, 0.999999931506854, 146.0, 0.0, 4075.0, 0.0, 0.0] [0.570089068947171, 0.8970586916090159, 0.4178081905610828, 61.0, 4068.0, 7.0, 85.0, 25.997400259974004] -60.0
cur thr:  201.0 [0.06686447820308804, 0.03458895988014935, 0.999999931506854, 146.0, 0.0, 4075.0, 0.0, 0.0] [0.570089068947171, 0.8970586916090159, 0.4178081905610828, 61.0, 4068.0, 7.0, 85.0, 25.997400259974004] -60.0
cur thr:  251.0 [0.06686447820308804, 0.03458895988014935, 0.999999931506854, 146.0, 0.0, 4075.0, 0.0, 0.0] [0.570089068947171, 0.8970586916090159, 0.4178081905610828, 61.0, 4068.0, 7.0, 85.0, 25.997400259974004] -60.0
cur thr:  301.0 [0.06686447820308804, 0.03458895988014935, 0.999999931506854, 146.0, 0.0, 4075.0, 0.0, 0.0] [0.570089068947171, 0.8970586916090159, 0.4178081905610828, 61.0, 4068.0, 7.0, 85.0, 25.997400259974004] -60.0
cur thr:  351.0 [0.06686447820308804, 0.03458895988014935, 0.999999931506854, 146.0, 0.0, 4075.0, 0.0, 0.0] [0.570089068947171, 0.8970586916090159, 0.4178081905610828, 61.0, 4068.0, 7.0, 85.0, 25.997400259974004] -60.0
[0.570089068947171, 0.8970586916090159, 0.4178081905610828, 61.0, 4068.0, 7.0, 85.0, 25.997400259974004] -60.0
label_file: ServerMachineDataset/interpretation_label/omi-3.txt
Initial threshold : 40.817833
Number of peaks : 64
Grimshaw maximum log-likelihood estimation ... [done]
	γ = 0
	σ = 19.726627
	L = 254.84603937424373
Extreme quantile (probability = 0.001): 80.54735879415136
13
4221
POT result:  (0.5596285523452806, 0.8472221045524855, 0.4178081905610828, 61.0, 4064.0, 11.0, 85.0) -47.28411682669821 25.997400259974004

=== 全局调试信息 ===
y_true shape: (4221,), unique values: [0. 1.]
y_pred shape: (4221,), unique values: [False  True]
feature_scores shape: (4221, 19)
interpretation_segments 数量: 6


=== 处理第 1/6 段 ===
原始段范围: orig_start=760, orig_end=820
调整后段范围: start=661, end=721
段内真实标签 (seg_true): [1. 1. 1. 1. 1. 1. 1. 1. 1. 1. 1. 1. 1. 1. 1. 1. 1. 1. 1. 1. 1. 1. 1. 1.
 1. 1. 1. 1. 1. 1. 1. 1. 1. 1. 1. 1. 1. 1. 1. 1. 1. 1. 1. 1. 1. 1. 1. 1.
 1. 1. 1. 1. 1. 1. 1. 1. 1. 1. 1. 1. 1.]
段内预测标签 (seg_pred): [ True  True  True  True  True  True  True  True  True  True  True  True
  True  True  True  True  True  True  True  True  True  True  True  True
  True  True  True  True  True  True  True  True  True  True  True  True
  True  True  True  True  True  True  True  True  True  True  True  True
  True  True  True  True  True  True  True  True  True  True  True  True
  True]
段内真实异常时间点索引 (相对段内): [ 0  1  2  3  4  5  6  7  8  9 10 11 12 13 14 15 16 17 18 19 20 21 22 23
 24 25 26 27 28 29 30 31 32 33 34 35 36 37 38 39 40 41 42 43 44 45 46 47
 48 49 50 51 52 53 54 55 56 57 58 59 60]
段内是否有预测为异常的时间点: True
真实异常维度 (0-based): [0, 3, 5, 6, 7, 8, 9, 10, 11, 12, 13, 14, 15, 16, 17, 18]
段内检测到的异常时间点索引 (相对段内): [ 0  1  2  3  4  5  6  7  8  9 10 11 12 13 14 15 16 17 18 19 20 21 22 23
 24 25 26 27 28 29 30 31 32 33 34 35 36 37 38 39 40 41 42 43 44 45 46 47
 48 49 50 51 52 53 54 55 56 57 58 59 60]
选择的维度数量 (k): 9 (基于真实异常维度数的 100%)
推断的异常维度 (0-based): [0, 1, 2, 3, 4, 5, 6, 7, 8, 9, 12, 13, 14, 15, 16, 17, 18]
真实与推断的交集: [0, 3, 5, 6, 7, 8, 9, 12, 13, 14, 15, 16, 17, 18]
段内指标: TP=14, FP=3, FN=2, TN=0, IPS=0.8750

=== 处理第 2/6 段 ===
原始段范围: orig_start=842, orig_end=860
调整后段范围: start=743, end=761
段内真实标签 (seg_true): [1. 1. 1. 1. 1. 1. 1. 1. 1. 1. 1. 1. 1. 1. 1. 1. 1. 1. 1.]
段内预测标签 (seg_pred): [False False False False False False False False False False False False
 False False False False False False False]
段内真实异常时间点索引 (相对段内): [ 0  1  2  3  4  5  6  7  8  9 10 11 12 13 14 15 16 17 18]
段内是否有预测为异常的时间点: False
真实异常维度 (0-based): [6, 7, 8, 9, 10, 11, 12, 13, 14, 15, 16, 17, 18]
段内检测到的异常时间点索引 (相对段内): []
未检测到任何异常点，将整个段中的时间索引标记为异常
选择的维度数量 (k): 9 (基于真实异常维度数的 100%)
推断的异常维度 (0-based): [0, 1, 2, 3, 4, 5, 6, 7, 8, 9, 12, 13, 14, 15, 18]
真实与推断的交集: [6, 7, 8, 9, 12, 13, 14, 15, 18]
段内指标: TP=9, FP=6, FN=4, TN=0, IPS=0.6923

=== 处理第 3/6 段 ===
原始段范围: orig_start=1080, orig_end=1120
调整后段范围: start=981, end=1021
段内真实标签 (seg_true): [1. 1. 1. 1. 1. 1. 1. 1. 1. 1. 1. 1. 1. 1. 1. 1. 1. 1. 1. 1. 1. 1. 1. 1.
 1. 1. 1. 1. 1. 1. 1. 1. 1. 1. 1. 1. 1. 1. 1. 1. 1.]
段内预测标签 (seg_pred): [False False False False False False False False False False False False
 False False False False False False False False False False False False
 False False False False False False False False False False False False
 False False False False False]
段内真实异常时间点索引 (相对段内): [ 0  1  2  3  4  5  6  7  8  9 10 11 12 13 14 15 16 17 18 19 20 21 22 23
 24 25 26 27 28 29 30 31 32 33 34 35 36 37 38 39 40]
段内是否有预测为异常的时间点: False
真实异常维度 (0-based): [6, 8, 9, 10, 11, 12, 13, 14, 15, 16, 17]
段内检测到的异常时间点索引 (相对段内): []
未检测到任何异常点，将整个段中的时间索引标记为异常
选择的维度数量 (k): 9 (基于真实异常维度数的 100%)
推断的异常维度 (0-based): [0, 1, 2, 3, 4, 5, 7, 8, 9, 10, 14, 15, 18]
真实与推断的交集: [8, 9, 10, 14, 15]
段内指标: TP=5, FP=8, FN=6, TN=0, IPS=0.4545

=== 处理第 4/6 段 ===
原始段范围: orig_start=2188, orig_end=2201
调整后段范围: start=2089, end=2102
段内真实标签 (seg_true): [1. 1. 1. 1. 1. 1. 1. 1. 1. 1. 1. 1. 1. 1.]
段内预测标签 (seg_pred): [False False False False False False False False False False False False
 False False]
段内真实异常时间点索引 (相对段内): [ 0  1  2  3  4  5  6  7  8  9 10 11 12 13]
段内是否有预测为异常的时间点: False
真实异常维度 (0-based): [6, 8, 9, 10, 11, 12, 13, 14, 15, 16, 17, 18]
段内检测到的异常时间点索引 (相对段内): []
未检测到任何异常点，将整个段中的时间索引标记为异常
选择的维度数量 (k): 9 (基于真实异常维度数的 100%)
推断的异常维度 (0-based): [0, 1, 2, 3, 4, 5, 6, 7, 8, 15, 18]
真实与推断的交集: [6, 8, 15, 18]
段内指标: TP=4, FP=7, FN=8, TN=0, IPS=0.3333

=== 处理第 5/6 段 ===
原始段范围: orig_start=2497, orig_end=2500
调整后段范围: start=2398, end=2401
段内真实标签 (seg_true): [1. 1. 1. 1.]
段内预测标签 (seg_pred): [False False False False]
段内真实异常时间点索引 (相对段内): [0 1 2 3]
段内是否有预测为异常的时间点: False
真实异常维度 (0-based): [5, 6, 8, 9, 10, 11, 12, 13, 14, 15, 16, 17, 18]
段内检测到的异常时间点索引 (相对段内): []
未检测到任何异常点，将整个段中的时间索引标记为异常
选择的维度数量 (k): 9 (基于真实异常维度数的 100%)
推断的异常维度 (0-based): [0, 1, 2, 3, 4, 5, 6, 7, 8, 11, 12, 15, 18]
真实与推断的交集: [5, 6, 8, 11, 12, 15, 18]
段内指标: TP=7, FP=6, FN=6, TN=0, IPS=0.5385

=== 处理第 6/6 段 ===
原始段范围: orig_start=3428, orig_end=3434
调整后段范围: start=3329, end=3335
段内真实标签 (seg_true): [1. 1. 1. 1. 1. 1. 1.]
段内预测标签 (seg_pred): [False False False False False False False]
段内真实异常时间点索引 (相对段内): [0 1 2 3 4 5 6]
段内是否有预测为异常的时间点: False
真实异常维度 (0-based): [6, 7, 8, 9, 10, 11, 12, 13, 14, 15, 16, 17, 18]
段内检测到的异常时间点索引 (相对段内): []
未检测到任何异常点，将整个段中的时间索引标记为异常
选择的维度数量 (k): 9 (基于真实异常维度数的 100%)
推断的异常维度 (0-based): [0, 1, 2, 3, 4, 5, 6, 7, 8, 12, 14, 15]
真实与推断的交集: [6, 7, 8, 12, 14, 15]
段内指标: TP=6, FP=6, FN=7, TN=0, IPS=0.4615

=== 汇总指标 ===
总 TP: 45, 总 TN: 0, 总 FP: 36, 总 FN: 33
平均 IPS: 0.6522, Precision: 0.5556, Recall: 0.5769, F1: 0.5660
每段IPS与混淆: [{'original_start': 760, 'original_end': 820, 'start': 661, 'end': 721, 'TP': 14, 'TN': 0, 'FP': 3, 'FN': 2, 'IPS': 0.875, 'k_selected': 9, 'gt_dims_count': 16}, {'original_start': 842, 'original_end': 860, 'start': 743, 'end': 761, 'TP': 9, 'TN': 0, 'FP': 6, 'FN': 4, 'IPS': 0.6923076923076923, 'k_selected': 9, 'gt_dims_count': 13}, {'original_start': 1080, 'original_end': 1120, 'start': 981, 'end': 1021, 'TP': 5, 'TN': 0, 'FP': 8, 'FN': 6, 'IPS': 0.45454545454545453, 'k_selected': 9, 'gt_dims_count': 11}, {'original_start': 2188, 'original_end': 2201, 'start': 2089, 'end': 2102, 'TP': 4, 'TN': 0, 'FP': 7, 'FN': 8, 'IPS': 0.3333333333333333, 'k_selected': 9, 'gt_dims_count': 12}, {'original_start': 2497, 'original_end': 2500, 'start': 2398, 'end': 2401, 'TP': 7, 'TN': 0, 'FP': 6, 'FN': 6, 'IPS': 0.5384615384615384, 'k_selected': 9, 'gt_dims_count': 13}, {'original_start': 3428, 'original_end': 3434, 'start': 3329, 'end': 3335, 'TP': 6, 'TN': 0, 'FP': 6, 'FN': 7, 'IPS': 0.46153846153846156, 'k_selected': 9, 'gt_dims_count': 13}]
总和: {'TP': 45, 'TN': 0, 'FP': 36, 'FN': 33, 'IPS': 0.6521677523389854, 'precision': 0.5555555555555556, 'recall': 0.5769230769230769, 'F1': 0.5660377358490566}
test end time:  2025-06-24 01:04:38
test time:  144.9311397075653
==============================result==============================
{'FN': 85.0,
 'FP': 7.0,
 'TN': 4068.0,
 'TP': 61.0,
 'best-f1': 0.570089068947171,
 'best_valid_loss': -4.592788617343691,
 'dataset': 'omi-3',
 'latency': 25.997400259974004,
 'pot-FN': 85.0,
 'pot-FP': 11.0,
 'pot-TN': 4064.0,
 'pot-TP': 61.0,
 'pot-f1': 0.5596285523452806,
 'pot-latency': 25.997400259974004,
 'pot-precision': 0.8472221045524855,
 'pot-recall': 0.4178081905610828,
 'pot-threshold': -47.28411682669821,
 'precision': 0.8970586916090159,
 'pred_time': 0.5124479237724753,
 'pred_total_time': 43.661577224731445,
 'recall': 0.4178081905610828,
 'segment_results': [{'FN': 2,
                      'FP': 3,
                      'IPS': 0.875,
                      'TN': 0,
                      'TP': 14,
                      'end': 721,
                      'gt_dims_count': 16,
                      'k_selected': 9,
                      'original_end': 820,
                      'original_start': 760,
                      'start': 661},
                     {'FN': 4,
                      'FP': 6,
                      'IPS': 0.6923076923076923,
                      'TN': 0,
                      'TP': 9,
                      'end': 761,
                      'gt_dims_count': 13,
                      'k_selected': 9,
                      'original_end': 860,
                      'original_start': 842,
                      'start': 743},
                     {'FN': 6,
                      'FP': 8,
                      'IPS': 0.45454545454545453,
                      'TN': 0,
                      'TP': 5,
                      'end': 1021,
                      'gt_dims_count': 11,
                      'k_selected': 9,
                      'original_end': 1120,
                      'original_start': 1080,
                      'start': 981},
                     {'FN': 8,
                      'FP': 7,
                      'IPS': 0.3333333333333333,
                      'TN': 0,
                      'TP': 4,
                      'end': 2102,
                      'gt_dims_count': 12,
                      'k_selected': 9,
                      'original_end': 2201,
                      'original_start': 2188,
                      'start': 2089},
                     {'FN': 6,
                      'FP': 6,
                      'IPS': 0.5384615384615384,
                      'TN': 0,
                      'TP': 7,
                      'end': 2401,
                      'gt_dims_count': 13,
                      'k_selected': 9,
                      'original_end': 2500,
                      'original_start': 2497,
                      'start': 2398},
                     {'FN': 7,
                      'FP': 6,
                      'IPS': 0.46153846153846156,
                      'TN': 0,
                      
'TP': 6,
                      'end': 3335,
                      'gt_dims_count': 13,
                      'k_selected': 9,
                      'original_end': 3434,
                      'original_start': 3428,
                      'start': 3329}],
 'segment_summary': {'F1': 0.5660377358490566,
                     'FN': 33,
                     'FP': 36,
                     'IPS': 0.6521677523389854,
                     'TN': 0,
                     'TP': 45,
                     'precision': 0.5555555555555556,
                     'recall': 0.5769230769230769},
 'threshold': -60.0,
 'train_time': 132.7630653858185,
 'valid_time': 0.5171246099472045}
