2025-06-24 02:52:15.758444: I tensorflow/core/platform/cpu_feature_guard.cc:141] Your CPU supports instructions that this TensorFlow binary was not compiled to use: AVX2 AVX512F FMA
Configurations
===========================================
{'batch_size': 50,
 'bf_search_max': 400.0,
 'bf_search_min': -400.0,
 'bf_search_step_size': 1.0,
 'dataset': 'omi-8',
 'dense_dim': 500,
 'early_stop': True,
 'get_score_on_dim': True,
 'gradient_clip_norm': 10.0,
 'initial_lr': 0.001,
 'l2_reg': 0.0001,
 'level': 0.0075,
 'lr_anneal_epoch_freq': 40,
 'lr_anneal_factor': 0.5,
 'lr_anneal_step_freq': None,
 'max_epoch': 10,
 'max_test_size': None,
 'max_train_size': None,
 'nf_layers': 20,
 'percentage_Dimension': 50.0,
 'posterior_flow_type': 'nf',
 'restore_dir': None,
 'result_dir': 'result',
 'rnn_cell': 'GRU',
 'rnn_num_hidden': 500,
 'save_dir': 'model',
 'save_z': False,
 'std_epsilon': 0.0001,
 'test_batch_size': 50,
 'test_n_z': 1,
 'test_score_filename': 'test_score.pkl',
 'test_start': 0,
 'train_score_filename': 'train_score.pkl',
 'train_start': 0,
 'use_connected_z_p': True,
 'use_connected_z_q': True,
 'valid_step_freq': 100,
 'window_length': 100,
 'x_dim': 19,
 'z_dim': 3}

train start time:  2025-06-24 02:51:46
load data of: omi-8
train:  0 None
test:  0 None
Data normalized
Data normalized
train set shape:  (8640, 19)
test set shape:  (4320, 19)
test set label shape:  (4320,)
Trainable Parameters                                            (2,560,202 in total)
------------------------------------------------------------------------------------
model/q_z_given_x/rnn_q_z/rnn/gru_cell/gates/kernel             (519, 1000)  519,000
model/q_z_given_x/rnn_q_z/rnn/gru_cell/gates/bias               (1000,)        1,000
model/q_z_given_x/rnn_q_z/rnn/gru_cell/candidate/kernel         (519, 500)   259,500
model/q_z_given_x/rnn_q_z/rnn/gru_cell/candidate/bias           (500,)           500
model/q_z_given_x/rnn_q_z/dense/kernel                          (500, 500)   250,000
model/q_z_given_x/rnn_q_z/dense/bias                            (500,)           500
model/q_z_given_x/rnn_q_z/dense_1/kernel                        (500, 500)   250,000
model/q_z_given_x/rnn_q_z/dense_1/bias                          (500,)           500
model/vae/variational/z_mean/kernel                             (503, 3)       1,509
model/vae/variational/z_mean/bias                               (3,)               3
model/vae/variational/z_std/kernel                              (503, 3)       1,509
model/vae/variational/z_std/bias                                (3,)               3
model/posterior_flow/_0/w                                       (1, 3)             3
model/posterior_flow/_0/b                                       (1,)               1
model/posterior_flow/_0/u                                       (1, 3)             3
model/posterior_flow/_1/w                                       (1, 3)             3
model/posterior_flow/_1/b                                       (1,)               1
model/posterior_flow/_1/u                                       (1, 3)             3
model/posterior_flow/_2/w                                       (1, 3)             3
model/posterior_flow/_2/b                                       (1,)               1
model/posterior_flow/_2/u                                       (1, 3)             3
model/posterior_flow/_3/w                                       (1, 3)             3
model/posterior_flow/_3/b                                       (1,)               1
model/posterior_flow/_3/u                                       (1, 3)             3
model/posterior_flow/_4/w                                       (1, 3)             3
model/posterior_flow/_4/b                                       (1,)               1
model/posterior_flow/_4/u                                       (1, 3)             3
model/posterior_flow/_5/w                                       (1, 3)             3
model/posterior_flow/_5/b                                       (1,)               1
model/posterior_flow/_5/u                                       (1, 3)             3
model/posterior_flow/_6/w                                       (1, 3)             3
model/posterior_flow/_6/b                                       (1,)               1
model/posterior_flow/_6/u                                       (1, 3)             3
model/posterior_flow/_7/w                                       (1, 3)             3
model/posterior_flow/_7/b                                       (1,)               1
model/posterior_flow/_7/u                                       (1, 3)             3
model/posterior_flow/_8/w                                       (1, 3)             3
model/posterior_flow/_8/b                                       (1,)               1
model/posterior_flow/_8/u                                       (1, 3)             3
model/posterior_flow/_9/w                                       (1, 3)             3
model/posterior_flow/_9/b                                       (1,)               1
model/posterior_flow/_9/u                                       (1, 3)             3
model/posterior_flow/_10/w                                      (1, 3)             3
model/posterior_flow/_10/b                                      (1,)               1
model/posterior_flow/_10/u                                      (1, 3)             3
model/posterior_flow/_11/w                                      (1, 3)             3
model/posterior_flow/_11/b                                      (1,)               1
model/posterior_flow/_11/u                                      (1, 3)             3
model/posterior_flow/_12/w                                      (1, 3)             3
model/posterior_flow/_12/b                                      (1,)               1
model/posterior_flow/_12/u                                      (1, 3)             3
model/posterior_flow/_13/w                                      (1, 3)             3
model/posterior_flow/_13/b                                      (1,)               1
model/posterior_flow/_13/u                                      (1, 3)             3
model/posterior_flow/_14/w                                      (1, 3)             3
model/posterior_flow/_14/b                                      (1,)               1
model/posterior_flow/_14/u                                      (1, 3)             3
model/posterior_flow/_15/w                                      (1, 3)             3
model/posterior_flow/_15/b                                      (1,)               1
model/posterior_flow/_15/u                                      (1, 3)             3
model/posterior_flow/_16/w                                      (1, 3)             3
model/posterior_flow/_16/b                                      (1,)               1
model/posterior_flow/_16/u                                      (1, 3)             3
model/posterior_flow/_17/w                                      (1, 3)             3
model/posterior_flow/_17/b                                      (1,)               1
model/posterior_flow/_17/u                                      (1, 3)             3
model/posterior_flow/_18/w                                      (1, 3)             3
model/posterior_flow/_18/b                                      (1,)               1
model/posterior_flow/_18/u                                      (1, 3)             3
model/posterior_flow/_19/w                                      (1, 3)             3
model/posterior_flow/_19/b                                      (1,)               1
model/posterior_flow/_19/u                                      (1, 3)             3
model/p_x_given_z/hidden/rnn_p_x/rnn/gru_cell/gates/kernel      (503, 1000)  503,000
model/p_x_given_z/hidden/rnn_p_x/rnn/gru_cell/gates/bias        (1000,)        1,000
model/p_x_given_z/hidden/rnn_p_x/rnn/gru_cell/candidate/kernel  (503, 500)   251,500
model/p_x_given_z/hidden/rnn_p_x/rnn/gru_cell/candidate/bias    (500,)           500
model/p_x_given_z/hidden/rnn_p_x/dense/kernel                   (500, 500)   250,000
model/p_x_given_z/hidden/rnn_p_x/dense/bias                     (500,)           500
model/p_x_given_z/hidden/rnn_p_x/dense_1/kernel                 (500, 500)   250,000
model/p_x_given_z/hidden/rnn_p_x/dense_1/bias                   (500,)           500
model/p_x_given_z/x_mean/kernel                                 (500, 19)      9,500
model/p_x_given_z/x_mean/bias                                   (19,)             19
model/p_x_given_z/x_std/kernel                                  (500, 19)      9,500
model/p_x_given_z/x_std/bias                                    (19,)             19/home/hz/anaconda3/envs/py36/lib/python3.6/site-packages/tensorflow/python/framework/dtypes.py:523: FutureWarning: Passing (type, 1) or '1type' as a synonym of type is deprecated; in a future version of numpy, it will be understood as (type, (1,)) / '(1,)type'.
  _np_qint8 = np.dtype([("qint8", np.int8, 1)])
/home/hz/anaconda3/envs/py36/lib/python3.6/site-packages/tensorflow/python/framework/dtypes.py:524: FutureWarning: Passing (type, 1) or '1type' as a synonym of type is deprecated; in a future version of numpy, it will be understood as (type, (1,)) / '(1,)type'.
  _np_quint8 = np.dtype([("quint8", np.uint8, 1)])
/home/hz/anaconda3/envs/py36/lib/python3.6/site-packages/tensorflow/python/framework/dtypes.py:525: FutureWarning: Passing (type, 1) or '1type' as a synonym of type is deprecated; in a future version of numpy, it will be understood as (type, (1,)) / '(1,)type'.
  _np_qint16 = np.dtype([("qint16", np.int16, 1)])
/home/hz/anaconda3/envs/py36/lib/python3.6/site-packages/tensorflow/python/framework/dtypes.py:526: FutureWarning: Passing (type, 1) or '1type' as a synonym of type is deprecated; in a future version of numpy, it will be understood as (type, (1,)) / '(1,)type'.
  _np_quint16 = np.dtype([("quint16", np.uint16, 1)])
/home/hz/anaconda3/envs/py36/lib/python3.6/site-packages/tensorflow/python/framework/dtypes.py:527: FutureWarning: Passing (type, 1) or '1type' as a synonym of type is deprecated; in a future version of numpy, it will be understood as (type, (1,)) / '(1,)type'.
  _np_qint32 = np.dtype([("qint32", np.int32, 1)])
/home/hz/anaconda3/envs/py36/lib/python3.6/site-packages/tensorflow/python/framework/dtypes.py:532: FutureWarning: Passing (type, 1) or '1type' as a synonym of type is deprecated; in a future version of numpy, it will be understood as (type, (1,)) / '(1,)type'.
  np_resource = np.dtype([("resource", np.ubyte, 1)])
/home/hz/anaconda3/envs/py36/lib/python3.6/site-packages/tfsnippet/utils/tfver.py:22: DeprecationWarning: Function 'semver.compare' is deprecated. Deprecated since version 2.10.0.  This function will be removed in semver 3. Use the respective 'semver.VersionInfo.compare' instead.
  compare_result = semver.compare(version, tf.__version__)
/home/hz/anaconda3/envs/py36/lib/python3.6/site-packages/tfsnippet/utils/tfver.py:22: DeprecationWarning: Function 'semver.compare' is deprecated. Deprecated since version 2.10.0.  This function will be removed in semver 3. Use the respective 'semver.VersionInfo.compare' instead.
  compare_result = semver.compare(version, tf.__version__)
INFO:tensorflow:Restoring parameters from /tmp/tmppngurgyx/variables.dat-1100
2025-06-24 03:14:50,518 [INFO] tensorflow: Restoring parameters from /tmp/tmppngurgyx/variables.dat-1100
  0%|          | 0/4221 [00:00<?, ?it/s]100%|██████████| 4221/4221 [00:00<00:00, 400791.37it/s]

train_values: (6048, 19)
[Epoch 1/10, Step 100] step time: 1.506s (±4.459s); train time: 1m 55.58s; valid time: 35.12s; loss: 0.0049663 (±6.7706); valid loss: -3.50775 (*)
train_values: (6048, 19)
[Epoch 2/10, Step 200, ETA 21m 37.86s] step time: 1.141s (±2.815s); train time: 1m 10.13s; valid time: 28.38s; loss: -5.75578 (±2.11364); valid loss: -6.43693 (*)
train_values: (6048, 19)
[Epoch 3/10, Step 300, ETA 18m 25.61s] step time: 1.119s (±2.547s); train time: 55.56s; valid time: 25.55s; loss: -6.6047 (±2.19665); valid loss: -4.8654
train_values: (6048, 19)
[Epoch 4/10, Step 400, ETA 15m 56.27s] step time: 1.134s (±2.84s); train time: 39.71s; valid time: 28.53s; loss: -6.08039 (±2.51493); valid loss: -7.0257 (*)
train_values: (6048, 19)
[Epoch 5/10, Step 500, ETA 13m 43.14s] step time: 1.148s (±2.836s); train time: 23.82s; valid time: 28.52s; loss: -6.81617 (±1.99474); valid loss: -7.04615 (*)
train_values: (6048, 19)
[Epoch 6/10, Step 600, ETA 11m 36.1s] step time: 1.148s (±2.8s); train time: 8.416s; valid time: 28.16s; loss: -7.26953 (±3.44338); valid loss: -9.6398 (*)
[Epoch 6/10, Step 700, ETA 9m 30.21s] step time: 1.114s (±2.507s); train time: 1m 26.31s; valid time: 25.13s; loss: -7.99425 (±2.25618); valid loss: -8.85987
train_values: (6048, 19)
[Epoch 7/10, Step 800, ETA 7m 27.23s] step time: 1.099s (±2.586s); train time: 1m 17.06s; valid time: 25.91s; loss: -7.9414 (±2.6116); valid loss: -9.4922
train_values: (6048, 19)
[Epoch 8/10, Step 900, ETA 5m 28.46s] step time: 1.142s (±2.808s); train time: 1m 3.435s; valid time: 28.35s; loss: -8.78956 (±2.34264); valid loss: -9.82884 (*)
train_values: (6048, 19)
[Epoch 9/10, Step 1000, ETA 3m 30.02s] step time: 1.109s (±2.569s); train time: 47.45s; valid time: 25.83s; loss: -10.5805 (±2.11209); valid loss: -8.25618
train_values: (6048, 19)
[Epoch 10/10, Step 1100, ETA 1m 33.21s] step time: 1.147s (±2.868s); train time: 32.74s; valid time: 28.84s; loss: -10.8711 (±2.25662); valid loss: -12.4557 (*)
train end time:  2025-06-24 03:14:50
train time:  1384.0614385604858
test start time:  2025-06-24 03:14:50
------------------------------ testing ------------------------------
test_score shape:  (4221, 19)
test_z shape:  (4221, 100, 6)
search range:  -400.0 400.0
cur thr:  -399.0 [0.5648813997142769, 0.9999998648648831, 0.39361700033952124, 74.0, 4033.0, 0.0, 114.0, 2.999850007499625] [0.5648813997142769, 0.9999998648648831, 0.39361700033952124, 74.0, 4033.0, 0.0, 114.0, 2.999850007499625] -399.0
cur thr:  -349.0 [0.5584864011694999, 0.9610388362287225, 0.39361700033952124, 74.0, 4030.0, 3.0, 114.0, 2.999850007499625] [0.5648813997142769, 0.9999998648648831, 0.39361700033952124, 74.0, 4033.0, 0.0, 114.0, 2.999850007499625] -399.0
cur thr:  -299.0 [0.5543029079132004, 0.9367087421887668, 0.39361700033952124, 74.0, 4028.0, 5.0, 114.0, 2.999850007499625] [0.5648813997142769, 0.9999998648648831, 0.39361700033952124, 74.0, 4033.0, 0.0, 114.0, 2.999850007499625] -399.0
cur thr:  -249.0 [0.586952135612812, 0.9204544408574499, 0.4308510409121787, 81.0, 4026.0, 7.0, 107.0, 2.6665777807406417] [0.586952135612812, 0.9204544408574499, 0.4308510409121787, 81.0, 4026.0, 7.0, 107.0, 2.6665777807406417] -249.0
cur thr:  -199.0 [0.57446359995383, 0.8617020359891451, 0.4308510409121787, 81.0, 4020.0, 13.0, 107.0, 2.6665777807406417] [0.586952135612812, 0.9204544408574499, 0.4308510409121787, 81.0, 4026.0, 7.0, 107.0, 2.6665777807406417] -249.0
cur thr:  -149.0 [0.5586160908814024, 0.7941175692041599, 0.4308510409121787, 81.0, 4012.0, 21.0, 107.0, 2.6665777807406417] [0.586952135612812, 0.9204544408574499, 0.4308510409121787, 81.0, 4026.0, 7.0, 107.0, 2.6665777807406417] -249.0
cur thr:  -99.0 [0.5364191057821149, 0.7105262534626093, 0.4308510409121787, 81.0, 4000.0, 33.0, 107.0, 2.6665777807406417] [0.586952135612812, 0.9204544408574499, 0.4308510409121787, 81.0, 4026.0, 7.0, 107.0, 2.6665777807406417] -249.0
cur thr:  -49.0 [0.804700910978339, 0.7215189568979343, 0.9095744197034883, 171.0, 3967.0, 66.0, 17.0, 7.499812504687383] [0.8162241306740331, 0.7402597082138654, 0.9095744197034883, 171.0, 3973.0, 60.0, 17.0, 7.499812504687383] -54.0
cur thr:  1.0 [0.6044973704039631, 0.43317971352120477, 0.9999999468085135, 188.0, 3787.0, 246.0, 0.0, 4.799904001919962] [0.8245565212657733, 0.7014925111383392, 0.9999999468085135, 188.0, 3953.0, 80.0, 0.0, 6.399872002559949] -33.0
cur thr:  51.0 [0.08527929205155288, 0.044539208612795055, 0.9999999468085135, 188.0, 0.0, 4033.0, 0.0, 0.0] [0.8245565212657733, 0.7014925111383392, 0.9999999468085135, 188.0, 3953.0, 80.0, 0.0, 6.399872002559949] -33.0
cur thr:  101.0 [0.08527929205155288, 0.044539208612795055, 0.9999999468085135, 188.0, 0.0, 4033.0, 0.0, 0.0] [0.8245565212657733, 0.7014925111383392, 0.9999999468085135, 188.0, 3953.0, 80.0, 0.0, 6.399872002559949] -33.0
cur thr:  151.0 [0.08527929205155288, 0.044539208612795055, 0.9999999468085135, 188.0, 0.0, 4033.0, 0.0, 0.0] [0.8245565212657733, 0.7014925111383392, 0.9999999468085135, 188.0, 3953.0, 80.0, 0.0, 6.399872002559949] -33.0
cur thr:  201.0 [0.08527929205155288, 0.044539208612795055, 0.9999999468085135, 188.0, 0.0, 4033.0, 0.0, 0.0] [0.8245565212657733, 0.7014925111383392, 0.9999999468085135, 188.0, 3953.0, 80.0, 0.0, 6.399872002559949] -33.0
cur thr:  251.0 [0.08527929205155288, 0.044539208612795055, 0.9999999468085135, 188.0, 0.0, 4033.0, 0.0, 0.0] [0.8245565212657733, 0.7014925111383392, 0.9999999468085135, 188.0, 3953.0, 80.0, 0.0, 6.399872002559949] -33.0
cur thr:  301.0 [0.08527929205155288, 0.044539208612795055, 0.9999999468085135, 188.0, 0.0, 4033.0, 0.0, 0.0] [0.8245565212657733, 0.7014925111383392, 0.9999999468085135, 188.0, 3953.0, 80.0, 0.0, 6.399872002559949] -33.0
cur thr:  351.0 [0.08527929205155288, 0.044539208612795055, 0.9999999468085135, 188.0, 0.0, 4033.0, 0.0, 0.0] [0.8245565212657733, 0.7014925111383392, 0.9999999468085135, 188.0, 3953.0, 80.0, 0.0, 6.399872002559949] -33.0
[0.8245565212657733, 0.7014925111383392, 0.9999999468085135, 188.0, 3953.0, 80.0, 0.0, 6.399872002559949] -33.0
label_file: ServerMachineDataset/interpretation_label/omi-8.txt
Initial threshold : 51.57973
Number of peaks : 64
Grimshaw maximum log-likelihood estimation ... [done]
	γ = 0
	σ = 89.54812
	L = 351.66567159661156
Extreme quantile (probability = 0.001): 231.93008835279437
89
4221
POT result:  (0.5015430912298834, 0.5999999555555589, 0.4308510409121787, 81.0, 3979.0, 54.0, 107.0) -58.80058159042172 2.6665777807406417

=== 全局调试信息 ===
y_true shape: (4221,), unique values: [0. 1.]
y_pred shape: (4221,), unique values: [False  True]
feature_scores shape: (4221, 19)
interpretation_segments 数量: 5


=== 处理第 1/5 段 ===
原始段范围: orig_start=740, orig_end=753
调整后段范围: start=641, end=654
段内真实标签 (seg_true): [1. 1. 1. 1. 1. 1. 1. 1. 1. 1. 1. 1. 1. 1.]
段内预测标签 (seg_pred): [ True  True  True  True  True  True  True  True  True  True  True  True
  True  True]
段内真实异常时间点索引 (相对段内): [ 0  1  2  3  4  5  6  7  8  9 10 11 12 13]
段内是否有预测为异常的时间点: True
真实异常维度 (0-based): [1, 3]
段内检测到的异常时间点索引 (相对段内): [ 0  1  2  3  4  5  6  7  8  9 10 11 12 13]
选择的维度数量 (k): 9 (基于真实异常维度数的 100%)
推断的异常维度 (0-based): [0, 1, 3, 4, 5, 6, 7, 8, 11, 12, 13, 14, 15, 17, 18]
真实与推断的交集: [1, 3]
段内指标: TP=2, FP=13, FN=0, TN=4, IPS=1.0000

=== 处理第 2/5 段 ===
原始段范围: orig_start=764, orig_end=780
调整后段范围: start=665, end=681
段内真实标签 (seg_true): [1. 1. 1. 1. 1. 1. 1. 1. 1. 1. 1. 1. 1. 1. 1. 1. 1.]
段内预测标签 (seg_pred): [False False False False False False False False False False False False
 False False False False False]
段内真实异常时间点索引 (相对段内): [ 0  1  2  3  4  5  6  7  8  9 10 11 12 13 14 15 16]
段内是否有预测为异常的时间点: False
真实异常维度 (0-based): [5, 6, 7, 8, 9, 10, 11, 12, 13, 14, 15, 16, 17, 18]
段内检测到的异常时间点索引 (相对段内): []
未检测到任何异常点，将整个段中的时间索引标记为异常
选择的维度数量 (k): 9 (基于真实异常维度数的 100%)
推断的异常维度 (0-based): [0, 1, 2, 3, 4, 5, 6, 7, 8, 9, 12, 13, 14, 15, 17, 18]
真实与推断的交集: [5, 6, 7, 8, 9, 12, 13, 14, 15, 17, 18]
段内指标: TP=11, FP=5, FN=3, TN=0, IPS=0.7857

=== 处理第 3/5 段 ===
原始段范围: orig_start=2319, orig_end=2325
调整后段范围: start=2220, end=2226
段内真实标签 (seg_true): [1. 1. 1. 1. 1. 1. 1.]
段内预测标签 (seg_pred): [ True  True  True  True  True  True  True]
段内真实异常时间点索引 (相对段内): [0 1 2 3 4 5 6]
段内是否有预测为异常的时间点: True
真实异常维度 (0-based): [3, 4, 5]
段内检测到的异常时间点索引 (相对段内): [0 1 2 3 4 5 6]
选择的维度数量 (k): 9 (基于真实异常维度数的 100%)
推断的异常维度 (0-based): [0, 1, 2, 3, 4, 5, 7, 8, 9, 10, 11, 12, 14, 15, 16, 17]
真实与推断的交集: [3, 4, 5]
段内指标: TP=3, FP=13, FN=0, TN=3, IPS=1.0000

=== 处理第 4/5 段 ===
原始段范围: orig_start=2586, orig_end=2675
调整后段范围: start=2487, end=2576
段内真实标签 (seg_true): [1. 1. 1. 1. 1. 1. 1. 1. 1. 1. 1. 1. 1. 1. 1. 1. 1. 1. 1. 1. 1. 1. 1. 1.
 1. 1. 1. 1. 1. 1. 1. 1. 1. 1. 1. 1. 1. 1. 1. 1. 1. 1. 1. 1. 1. 1. 1. 1.
 1. 1. 1. 1. 1. 1. 1. 1. 1. 1. 1. 1. 1. 1. 1. 1. 1. 1. 1. 1. 1. 1. 1. 1.
 1. 1. 1. 1. 1. 1. 1. 1. 1. 1. 1. 1. 1. 1. 1. 1. 1. 1.]
段内预测标签 (seg_pred): [False False False False False False False False False False False False
 False False False False False False False False False False False False
 False False False False False False False False False False False False
 False False False False False False False False False False False False
 False False False False False False False False False False False False
 False False False False False False False False False False False False
 False False False False False False False False False False False False
 False False False False False False]
段内真实异常时间点索引 (相对段内): [ 0  1  2  3  4  5  6  7  8  9 10 11 12 13 14 15 16 17 18 19 20 21 22 23
 24 25 26 27 28 29 30 31 32 33 34 35 36 37 38 39 40 41 42 43 44 45 46 47
 48 49 50 51 52 53 54 55 56 57 58 59 60 61 62 63 64 65 66 67 68 69 70 71
 72 73 74 75 76 77 78 79 80 81 82 83 84 85 86 87 88 89]
段内是否有预测为异常的时间点: False
真实异常维度 (0-based): [4, 5, 7, 16, 17, 18]
段内检测到的异常时间点索引 (相对段内): []
未检测到任何异常点，将整个段中的时间索引标记为异常
选择的维度数量 (k): 9 (基于真实异常维度数的 100%)
推断的异常维度 (0-based): [0, 1, 2, 3, 4, 5, 6, 7, 8, 9, 10, 11, 12, 14, 15, 16, 17, 18]
真实与推断的交集: [4, 5, 7, 16, 17, 18]
段内指标: TP=6, FP=12, FN=0, TN=1, IPS=1.0000

=== 处理第 5/5 段 ===
原始段范围: orig_start=2897, orig_end=2956
调整后段范围: start=2798, end=2857
段内真实标签 (seg_true): [1. 1. 1. 1. 1. 1. 1. 1. 1. 1. 1. 1. 1. 1. 1. 1. 1. 1. 1. 1. 1. 1. 1. 1.
 1. 1. 1. 1. 1. 1. 1. 1. 1. 1. 1. 1. 1. 1. 1. 1. 1. 1. 1. 1. 1. 1. 1. 1.
 1. 1. 1. 1. 1. 1. 1. 1. 1. 1. 1. 1.]
段内预测标签 (seg_pred): [ True  True  True  True  True  True  True  True  True  True  True  True
  True  True  True  True  True  True  True  True  True  True  True  True
  True  True  True  True  True  True  True  True  True  True  True  True
  True  True  True  True  True  True  True  True  True  True  True  True
  True  True  True  True  True  True  True  True  True  True  True  True]
段内真实异常时间点索引 (相对段内): [ 0  1  2  3  4  5  6  7  8  9 10 11 12 13 14 15 16 17 18 19 20 21 22 23
 24 25 26 27 28 29 30 31 32 33 34 35 36 37 38 39 40 41 42 43 44 45 46 47
 48 49 50 51 52 53 54 55 56 57 58 59]
段内是否有预测为异常的时间点: True
真实异常维度 (0-based): [1, 5, 7, 16, 17, 18]
段内检测到的异常时间点索引 (相对段内): [ 0  1  2  3  4  5  6  7  8  9 10 11 12 13 14 15 16 17 18 19 20 21 22 23
 24 25 26 27 28 29 30 31 32 33 34 35 36 37 38 39 40 41 42 43 44 45 46 47
 48 49 50 51 52 53 54 55 56 57 58 59]
选择的维度数量 (k): 9 (基于真实异常维度数的 100%)
推断的异常维度 (0-based): [0, 1, 2, 3, 4, 5, 6, 7, 8, 9, 10, 11, 12, 14, 15, 16, 17, 18]
真实与推断的交集: [1, 5, 7, 16, 17, 18]
段内指标: TP=6, FP=12, FN=0, TN=1, IPS=1.0000

=== 汇总指标 ===
总 TP: 28, 总 TN: 9, 总 FP: 55, 总 FN: 3
平均 IPS: 0.9806, Precision: 0.3373, Recall: 0.9032, F1: 0.4912
每段IPS与混淆: [{'original_start': 740, 'original_end': 753, 'start': 641, 'end': 654, 'TP': 2, 'TN': 4, 'FP': 13, 'FN': 0, 'IPS': 1.0, 'k_selected': 9, 'gt_dims_count': 2}, {'original_start': 764, 'original_end': 780, 'start': 665, 'end': 681, 'TP': 11, 'TN': 0, 'FP': 5, 'FN': 3, 'IPS': 0.7857142857142857, 'k_selected': 9, 'gt_dims_count': 14}, {'original_start': 2319, 'original_end': 2325, 'start': 2220, 'end': 2226, 'TP': 3, 'TN': 3, 'FP': 13, 'FN': 0, 'IPS': 1.0, 'k_selected': 9, 'gt_dims_count': 3}, {'original_start': 2586, 'original_end': 2675, 'start': 2487, 'end': 2576, 'TP': 6, 'TN': 1, 'FP': 12, 'FN': 0, 'IPS': 1.0, 'k_selected': 9, 'gt_dims_count': 6}, {'original_start': 2897, 'original_end': 2956, 'start': 2798, 'end': 2857, 'TP': 6, 'TN': 1, 'FP': 12, 'FN': 0, 'IPS': 1.0, 'k_selected': 9, 'gt_dims_count': 6}]
总和: {'TP': 28, 'TN': 9, 'FP': 55, 'FN': 3, 'IPS': 0.9806231003039514, 'precision': 0.3373493975903614, 'recall': 0.9032258064516129, 'F1': 0.49122807017543857}
test end time:  2025-06-24 03:17:17
test time:  146.68662238121033
==============================result==============================
{'FN': 0.0,
 'FP': 80.0,
 'TN': 3953.0,
 'TP': 188.0,
 'best-f1': 0.8245565212657733,
 'best_valid_loss': -12.455653974917155,
 'dataset': 'omi-8',
 'latency': 6.399872002559949,
 'pot-FN': 107.0,
 'pot-FP': 54.0,
 'pot-TN': 3979.0,
 'pot-TP': 81.0,
 'pot-f1': 0.5015430912298834,
 'pot-latency': 2.6665777807406417,
 'pot-precision': 0.5999999555555589,
 'pot-recall': 0.4308510409121787,
 'pot-threshold': -58.80058159042172,
 'precision': 0.7014925111383392,
 'pred_time': 0.5079517532797421,
 'pred_total_time': 43.270076274871826,
 'recall': 0.9999999468085135,
 'segment_results': [{'FN': 0,
                      'FP': 13,
                      'IPS': 1.0,
                      'TN': 4,
                      'TP': 2,
                      'end': 654,
                      'gt_dims_count': 2,
                      'k_selected': 9,
                      'original_end': 753,
                      'original_start': 740,
                      'start': 641},
                     {'FN': 3,
                      'FP': 5,
                      'IPS': 0.7857142857142857,
                      'TN': 0,
                      'TP': 11,
                      'end': 681,
                      'gt_dims_count': 14,
                      'k_selected': 9,
                      'original_end': 780,
                      'original_start': 764,
                      'start': 665},
                     {'FN': 0,
                      'FP': 13,
                      'IPS': 1.0,
                      'TN': 3,
                      'TP': 3,
                      'end': 2226,
                      'gt_dims_count': 3,
                      'k_selected': 9,
                      'original_end': 2325,
                      'original_start': 2319,
                      'start': 2220},
                     {'FN': 0,
                      'FP': 12,
                      'IPS': 1.0,
                      'TN': 1,
                      'TP': 6,
                      'end': 2576,
                      'gt_dims_count': 6,
                      'k_selected': 9,
                      'original_end': 2675,
                      'original_start': 2586,
                      'start': 2487},
                     {'FN': 0,
                      'FP': 12,
                      'IPS': 1.0,
                      'TN': 1,
                      'TP': 6,
                      'end': 2857,
                      'gt_dims_count': 6,
                      'k_selected': 9,
                      'original_end': 2956,
                      'original_start': 2897
,
                      'start': 2798}],
 'segment_summary': {'F1': 0.49122807017543857,
                     'FN': 3,
                     'FP': 55,
                     'IPS': 0.9806231003039514,
                     'TN': 9,
                     'TP': 28,
                     'precision': 0.3373493975903614,
                     'recall': 0.9032258064516129},
 'threshold': -33.0,
 'train_time': 135.5203464746475,
 'valid_time': 0.5237076169794256}
