2025-06-23 23:47:52.175646: I tensorflow/core/platform/cpu_feature_guard.cc:141] Your CPU supports instructions that this TensorFlow binary was not compiled to use: AVX2 AVX512F FMA
Configurations
===========================================
{'batch_size': 50,
 'bf_search_max': 400.0,
 'bf_search_min': -400.0,
 'bf_search_step_size': 1.0,
 'dataset': 'omi-1',
 'dense_dim': 500,
 'early_stop': True,
 'get_score_on_dim': True,
 'gradient_clip_norm': 10.0,
 'initial_lr': 0.001,
 'l2_reg': 0.0001,
 'level': 0.0075,
 'lr_anneal_epoch_freq': 40,
 'lr_anneal_factor': 0.5,
 'lr_anneal_step_freq': None,
 'max_epoch': 10,
 'max_test_size': None,
 'max_train_size': None,
 'nf_layers': 20,
 'percentage_Dimension': 50.0,
 'posterior_flow_type': 'nf',
 'restore_dir': None,
 'result_dir': 'result',
 'rnn_cell': 'GRU',
 'rnn_num_hidden': 500,
 'save_dir': 'model',
 'save_z': False,
 'std_epsilon': 0.0001,
 'test_batch_size': 50,
 'test_n_z': 1,
 'test_score_filename': 'test_score.pkl',
 'test_start': 0,
 'train_score_filename': 'train_score.pkl',
 'train_start': 0,
 'use_connected_z_p': True,
 'use_connected_z_q': True,
 'valid_step_freq': 100,
 'window_length': 100,
 'x_dim': 19,
 'z_dim': 3}

train start time:  2025-06-23 23:47:23
load data of: omi-1
train:  0 None
test:  0 None
Data normalized
Data normalized
train set shape:  (8640, 19)
test set shape:  (4320, 19)
test set label shape:  (4320,)
Trainable Parameters                                            (2,560,202 in total)
------------------------------------------------------------------------------------
model/q_z_given_x/rnn_q_z/rnn/gru_cell/gates/kernel             (519, 1000)  519,000
model/q_z_given_x/rnn_q_z/rnn/gru_cell/gates/bias               (1000,)        1,000
model/q_z_given_x/rnn_q_z/rnn/gru_cell/candidate/kernel         (519, 500)   259,500
model/q_z_given_x/rnn_q_z/rnn/gru_cell/candidate/bias           (500,)           500
model/q_z_given_x/rnn_q_z/dense/kernel                          (500, 500)   250,000
model/q_z_given_x/rnn_q_z/dense/bias                            (500,)           500
model/q_z_given_x/rnn_q_z/dense_1/kernel                        (500, 500)   250,000
model/q_z_given_x/rnn_q_z/dense_1/bias                          (500,)           500
model/vae/variational/z_mean/kernel                             (503, 3)       1,509
model/vae/variational/z_mean/bias                               (3,)               3
model/vae/variational/z_std/kernel                              (503, 3)       1,509
model/vae/variational/z_std/bias                                (3,)               3
model/posterior_flow/_0/w                                       (1, 3)             3
model/posterior_flow/_0/b                                       (1,)               1
model/posterior_flow/_0/u                                       (1, 3)             3
model/posterior_flow/_1/w                                       (1, 3)             3
model/posterior_flow/_1/b                                       (1,)               1
model/posterior_flow/_1/u                                       (1, 3)             3
model/posterior_flow/_2/w                                       (1, 3)             3
model/posterior_flow/_2/b                                       (1,)               1
model/posterior_flow/_2/u                                       (1, 3)             3
model/posterior_flow/_3/w                                       (1, 3)             3
model/posterior_flow/_3/b                                       (1,)               1
model/posterior_flow/_3/u                                       (1, 3)             3
model/posterior_flow/_4/w                                       (1, 3)             3
model/posterior_flow/_4/b                                       (1,)               1
model/posterior_flow/_4/u                                       (1, 3)             3
model/posterior_flow/_5/w                                       (1, 3)             3
model/posterior_flow/_5/b                                       (1,)               1
model/posterior_flow/_5/u                                       (1, 3)             3
model/posterior_flow/_6/w                                       (1, 3)             3
model/posterior_flow/_6/b                                       (1,)               1
model/posterior_flow/_6/u                                       (1, 3)             3
model/posterior_flow/_7/w                                       (1, 3)             3
model/posterior_flow/_7/b                                       (1,)               1
model/posterior_flow/_7/u                                       (1, 3)             3
model/posterior_flow/_8/w                                       (1, 3)             3
model/posterior_flow/_8/b                                       (1,)               1
model/posterior_flow/_8/u                                       (1, 3)             3
model/posterior_flow/_9/w                                       (1, 3)             3
model/posterior_flow/_9/b                                       (1,)               1
model/posterior_flow/_9/u                                       (1, 3)             3
model/posterior_flow/_10/w                                      (1, 3)             3
model/posterior_flow/_10/b                                      (1,)               1
model/posterior_flow/_10/u                                      (1, 3)             3
model/posterior_flow/_11/w                                      (1, 3)             3
model/posterior_flow/_11/b                                      (1,)               1
model/posterior_flow/_11/u                                      (1, 3)             3
model/posterior_flow/_12/w                                      (1, 3)             3
model/posterior_flow/_12/b                                      (1,)               1
model/posterior_flow/_12/u                                      (1, 3)             3
model/posterior_flow/_13/w                                      (1, 3)             3
model/posterior_flow/_13/b                                      (1,)               1
model/posterior_flow/_13/u                                      (1, 3)             3
model/posterior_flow/_14/w                                      (1, 3)             3
model/posterior_flow/_14/b                                      (1,)               1
model/posterior_flow/_14/u                                      (1, 3)             3
model/posterior_flow/_15/w                                      (1, 3)             3
model/posterior_flow/_15/b                                      (1,)               1
model/posterior_flow/_15/u                                      (1, 3)             3
model/posterior_flow/_16/w                                      (1, 3)             3
model/posterior_flow/_16/b                                      (1,)               1
model/posterior_flow/_16/u                                      (1, 3)             3
model/posterior_flow/_17/w                                      (1, 3)             3
model/posterior_flow/_17/b                                      (1,)               1
model/posterior_flow/_17/u                                      (1, 3)             3
model/posterior_flow/_18/w                                      (1, 3)             3
model/posterior_flow/_18/b                                      (1,)               1
model/posterior_flow/_18/u                                      (1, 3)             3
model/posterior_flow/_19/w                                      (1, 3)             3
model/posterior_flow/_19/b                                      (1,)               1
model/posterior_flow/_19/u                                      (1, 3)             3
model/p_x_given_z/hidden/rnn_p_x/rnn/gru_cell/gates/kernel      (503, 1000)  503,000
model/p_x_given_z/hidden/rnn_p_x/rnn/gru_cell/gates/bias        (1000,)        1,000
model/p_x_given_z/hidden/rnn_p_x/rnn/gru_cell/candidate/kernel  (503, 500)   251,500
model/p_x_given_z/hidden/rnn_p_x/rnn/gru_cell/candidate/bias    (500,)           500
model/p_x_given_z/hidden/rnn_p_x/dense/kernel                   (500, 500)   250,000
model/p_x_given_z/hidden/rnn_p_x/dense/bias                     (500,)           500
model/p_x_given_z/hidden/rnn_p_x/dense_1/kernel                 (500, 500)   250,000
model/p_x_given_z/hidden/rnn_p_x/dense_1/bias                   (500,)           500
model/p_x_given_z/x_mean/kernel                                 (500, 19)      9,500
model/p_x_given_z/x_mean/bias                                   (19,)             19
model/p_x_given_z/x_std/kernel                                  (500, 19)      9,500
model/p_x_given_z/x_std/bias                                    (19,)             19/home/hz/anaconda3/envs/py36/lib/python3.6/site-packages/tensorflow/python/framework/dtypes.py:523: FutureWarning: Passing (type, 1) or '1type' as a synonym of type is deprecated; in a future version of numpy, it will be understood as (type, (1,)) / '(1,)type'.
  _np_qint8 = np.dtype([("qint8", np.int8, 1)])
/home/hz/anaconda3/envs/py36/lib/python3.6/site-packages/tensorflow/python/framework/dtypes.py:524: FutureWarning: Passing (type, 1) or '1type' as a synonym of type is deprecated; in a future version of numpy, it will be understood as (type, (1,)) / '(1,)type'.
  _np_quint8 = np.dtype([("quint8", np.uint8, 1)])
/home/hz/anaconda3/envs/py36/lib/python3.6/site-packages/tensorflow/python/framework/dtypes.py:525: FutureWarning: Passing (type, 1) or '1type' as a synonym of type is deprecated; in a future version of numpy, it will be understood as (type, (1,)) / '(1,)type'.
  _np_qint16 = np.dtype([("qint16", np.int16, 1)])
/home/hz/anaconda3/envs/py36/lib/python3.6/site-packages/tensorflow/python/framework/dtypes.py:526: FutureWarning: Passing (type, 1) or '1type' as a synonym of type is deprecated; in a future version of numpy, it will be understood as (type, (1,)) / '(1,)type'.
  _np_quint16 = np.dtype([("quint16", np.uint16, 1)])
/home/hz/anaconda3/envs/py36/lib/python3.6/site-packages/tensorflow/python/framework/dtypes.py:527: FutureWarning: Passing (type, 1) or '1type' as a synonym of type is deprecated; in a future version of numpy, it will be understood as (type, (1,)) / '(1,)type'.
  _np_qint32 = np.dtype([("qint32", np.int32, 1)])
/home/hz/anaconda3/envs/py36/lib/python3.6/site-packages/tensorflow/python/framework/dtypes.py:532: FutureWarning: Passing (type, 1) or '1type' as a synonym of type is deprecated; in a future version of numpy, it will be understood as (type, (1,)) / '(1,)type'.
  np_resource = np.dtype([("resource", np.ubyte, 1)])
/home/hz/anaconda3/envs/py36/lib/python3.6/site-packages/tfsnippet/utils/tfver.py:22: DeprecationWarning: Function 'semver.compare' is deprecated. Deprecated since version 2.10.0.  This function will be removed in semver 3. Use the respective 'semver.VersionInfo.compare' instead.
  compare_result = semver.compare(version, tf.__version__)
/home/hz/anaconda3/envs/py36/lib/python3.6/site-packages/tfsnippet/utils/tfver.py:22: DeprecationWarning: Function 'semver.compare' is deprecated. Deprecated since version 2.10.0.  This function will be removed in semver 3. Use the respective 'semver.VersionInfo.compare' instead.
  compare_result = semver.compare(version, tf.__version__)
INFO:tensorflow:Restoring parameters from /tmp/tmpq2_i_5aq/variables.dat-600
2025-06-24 00:10:00,505 [INFO] tensorflow: Restoring parameters from /tmp/tmpq2_i_5aq/variables.dat-600
  0%|          | 0/4221 [00:00<?, ?it/s]100%|██████████| 4221/4221 [00:00<00:00, 433500.42it/s]

train_values: (6048, 19)
[Epoch 1/10, Step 100] step time: 1.476s (±4.356s); train time: 1m 53.85s; valid time: 33.78s; loss: 22.1287 (±190.674); valid loss: -3.54978 (*)
train_values: (6048, 19)
[Epoch 2/10, Step 200, ETA 21m 9.146s] step time: 1.113s (±2.561s); train time: 1m 9.561s; valid time: 25.78s; loss: -4.22997 (±1.72635); valid loss: -3.08073
train_values: (6048, 19)
[Epoch 3/10, Step 300, ETA 18m 10.19s] step time: 1.125s (±2.763s); train time: 54.34s; valid time: 27.75s; loss: -4.38043 (±2.21216); valid loss: -4.4902 (*)
train_values: (6048, 19)
[Epoch 4/10, Step 400, ETA 15m 39.7s] step time: 1.102s (±2.556s); train time: 39.4s; valid time: 25.66s; loss: -4.62959 (±1.92208); valid loss: -4.0702
train_values: (6048, 19)
[Epoch 5/10, Step 500, ETA 13m 25.22s] step time: 1.101s (±2.497s); train time: 23.85s; valid time: 25.16s; loss: -3.67069 (±4.04581); valid loss: -4.03716
train_values: (6048, 19)
[Epoch 6/10, Step 600, ETA 11m 22.37s] step time: 1.137s (±2.874s); train time: 8.776s; valid time: 28.83s; loss: -5.06128 (±1.75983); valid loss: -6.38679 (*)
[Epoch 6/10, Step 700, ETA 9m 19.55s] step time: 1.1s (±2.544s); train time: 1m 24.59s; valid time: 25.52s; loss: -5.49257 (±1.77737); valid loss: -5.01391
train_values: (6048, 19)
[Epoch 7/10, Step 800, ETA 7m 20.01s] step time: 1.102s (±2.524s); train time: 1m 18.06s; valid time: 25.29s; loss: -5.39977 (±2.03057); valid loss: -6.16921
train_values: (6048, 19)
[Epoch 8/10, Step 900, ETA 5m 22.84s] step time: 1.113s (±2.547s); train time: 1m 3.062s; valid time: 25.71s; loss: -5.51242 (±1.99402); valid loss: -3.24571
train_values: (6048, 19)
[Epoch 9/10, Step 1000, ETA 3m 26.48s] step time: 1.093s (±2.452s); train time: 47.81s; valid time: 24.56s; loss: -6.35533 (±1.9317); valid loss: -5.3152
train_values: (6048, 19)
[Epoch 10/10, Step 1100, ETA 1m 31.36s] step time: 1.089s (±2.528s); train time: 32.03s; valid time: 25.41s; loss: -6.60837 (±2.09415); valid loss: -6.33324
train end time:  2025-06-24 00:10:00
train time:  1357.1499695777893
test start time:  2025-06-24 00:10:00
------------------------------ testing ------------------------------
test_score shape:  (4221, 19)
test_z shape:  (4221, 100, 6)
search range:  -400.0 400.0
cur thr:  -399.0 [0.0, 0.0, 0.0, 0.0, 3780.0, 0.0, 441.0, 0.0] [0.0, 0.0, 0.0, 0.0, 3780.0, 0.0, 441.0, 0.0] -399.0
cur thr:  -349.0 [0.0, 0.0, 0.0, 0.0, 3780.0, 0.0, 441.0, 0.0] [0.0, 0.0, 0.0, 0.0, 3780.0, 0.0, 441.0, 0.0] -399.0
cur thr:  -299.0 [0.0, 0.0, 0.0, 0.0, 3779.0, 1.0, 441.0, 0.0] [0.0, 0.0, 0.0, 0.0, 3780.0, 0.0, 441.0, 0.0] -399.0
cur thr:  -249.0 [0.0, 0.0, 0.0, 0.0, 3779.0, 1.0, 441.0, 0.0] [0.0, 0.0, 0.0, 0.0, 3780.0, 0.0, 441.0, 0.0] -399.0
cur thr:  -199.0 [0.0, 0.0, 0.0, 0.0, 3779.0, 1.0, 441.0, 0.0] [0.0, 0.0, 0.0, 0.0, 3780.0, 0.0, 441.0, 0.0] -399.0
cur thr:  -149.0 [0.0, 0.0, 0.0, 0.0, 3774.0, 6.0, 441.0, 0.0] [0.0, 0.0, 0.0, 0.0, 3780.0, 0.0, 441.0, 0.0] -399.0
cur thr:  -99.0 [0.9158603806842278, 0.9744245275083242, 0.8639455586406903, 381.0, 3770.0, 10.0, 60.0, 87.99560021998899] [0.919174732908163, 0.9819587375783831, 0.8639455586406903, 381.0, 3773.0, 7.0, 60.0, 87.99560021998899] -108.0
cur thr:  -49.0 [0.9336184916217323, 0.8974895209730226, 0.972789093587549, 429.0, 3731.0, 49.0, 12.0, 11.66647222546291] [0.9586541975355084, 0.9449338998913238, 0.972789093587549, 429.0, 3755.0, 25.0, 12.0, 11.66647222546291] -69.0
cur thr:  1.0 [0.6739938900502728, 0.5156249938025842, 0.972789093587549, 429.0, 3377.0, 403.0, 12.0, 9.999833336111065] [0.9586541975355084, 0.9449338998913238, 0.972789093587549, 429.0, 3755.0, 25.0, 12.0, 11.66647222546291] -69.0
cur thr:  51.0 [0.189187475463902, 0.10447761169277989, 0.9999999773242636, 441.0, 0.0, 3780.0, 0.0, 0.0] [0.9586541975355084, 0.9449338998913238, 0.972789093587549, 429.0, 3755.0, 25.0, 12.0, 11.66647222546291] -69.0
cur thr:  101.0 [0.189187475463902, 0.10447761169277989, 0.9999999773242636, 441.0, 0.0, 3780.0, 0.0, 0.0] [0.9586541975355084, 0.9449338998913238, 0.972789093587549, 429.0, 3755.0, 25.0, 12.0, 11.66647222546291] -69.0
cur thr:  151.0 [0.189187475463902, 0.10447761169277989, 0.9999999773242636, 441.0, 0.0, 3780.0, 0.0, 0.0] [0.9586541975355084, 0.9449338998913238, 0.972789093587549, 429.0, 3755.0, 25.0, 12.0, 11.66647222546291] -69.0
cur thr:  201.0 [0.189187475463902, 0.10447761169277989, 0.9999999773242636, 441.0, 0.0, 3780.0, 0.0, 0.0] [0.9586541975355084, 0.9449338998913238, 0.972789093587549, 429.0, 3755.0, 25.0, 12.0, 11.66647222546291] -69.0
cur thr:  251.0 [0.189187475463902, 0.10447761169277989, 0.9999999773242636, 441.0, 0.0, 3780.0, 0.0, 0.0] [0.9586541975355084, 0.9449338998913238, 0.972789093587549, 429.0, 3755.0, 25.0, 12.0, 11.66647222546291] -69.0
cur thr:  301.0 [0.189187475463902, 0.10447761169277989, 0.9999999773242636, 441.0, 0.0, 3780.0, 0.0, 0.0] [0.9586541975355084, 0.9449338998913238, 0.972789093587549, 429.0, 3755.0, 25.0, 12.0, 11.66647222546291] -69.0
cur thr:  351.0 [0.189187475463902, 0.10447761169277989, 0.9999999773242636, 441.0, 0.0, 3780.0, 0.0, 0.0] [0.9586541975355084, 0.9449338998913238, 0.972789093587549, 429.0, 3755.0, 25.0, 12.0, 11.66647222546291] -69.0
[0.9586541975355084, 0.9449338998913238, 0.972789093587549, 429.0, 3755.0, 25.0, 12.0, 11.66647222546291] -69.0
label_file: ServerMachineDataset/interpretation_label/omi-1.txt
Initial threshold : 56.34441
Number of peaks : 64
Grimshaw maximum log-likelihood estimation ... [done]
	γ = 0
	σ = 57.688747
	L = 323.5239766742622
Extreme quantile (probability = 0.001): 172.52983487724254
52
4221
POT result:  (0.9501610946426042, 0.9285714084724804, 0.972789093587549, 429.0, 3747.0, 33.0, 12.0) -62.59271400805168 11.66647222546291

=== 全局调试信息 ===
y_true shape: (4221,), unique values: [0. 1.]
y_pred shape: (4221,), unique values: [False  True]
feature_scores shape: (4221, 19)
interpretation_segments 数量: 7


=== 处理第 1/7 段 ===
原始段范围: orig_start=760, orig_end=765
调整后段范围: start=661, end=666
段内真实标签 (seg_true): [1. 1. 1. 1. 1. 1.]
段内预测标签 (seg_pred): [ True  True  True  True  True  True]
段内真实异常时间点索引 (相对段内): [0 1 2 3 4 5]
段内是否有预测为异常的时间点: True
真实异常维度 (0-based): [3, 4, 6, 7, 8, 9, 10, 11, 12, 13, 14, 15, 16, 17, 18]
段内检测到的异常时间点索引 (相对段内): [0 1 2 3 4 5]
选择的维度数量 (k): 9 (基于真实异常维度数的 100%)
推断的异常维度 (0-based): [0, 1, 2, 3, 4, 5, 7, 8, 10, 11, 13, 14, 15, 16, 17, 18]
真实与推断的交集: [3, 4, 7, 8, 10, 11, 13, 14, 15, 16, 17, 18]
段内指标: TP=12, FP=4, FN=3, TN=0, IPS=0.8000

=== 处理第 2/7 段 ===
原始段范围: orig_start=1064, orig_end=1298
调整后段范围: start=965, end=1199
段内真实标签 (seg_true): [1. 1. 1. 1. 1. 1. 1. 1. 1. 1. 1. 1. 1. 1. 1. 1. 1. 1. 1. 1. 1. 1. 1. 1.
 1. 1. 1. 1. 1. 1. 1. 1. 1. 1. 1. 1. 1. 1. 1. 1. 1. 1. 1. 1. 1. 1. 1. 1.
 1. 1. 1. 1. 1. 1. 1. 1. 1. 1. 1. 1. 1. 1. 1. 1. 1. 1. 1. 1. 1. 1. 1. 1.
 1. 1. 1. 1. 1. 1. 1. 1. 1. 1. 1. 1. 1. 1. 1. 1. 1. 1. 1. 1. 1. 1. 1. 1.
 1. 1. 1. 1. 1. 1. 1. 1. 1. 1. 1. 1. 1. 1. 1. 1. 1. 1. 1. 1. 1. 1. 1. 1.
 1. 1. 1. 1. 1. 1. 1. 1. 1. 1. 1. 1. 1. 1. 1. 1. 1. 1. 1. 1. 1. 1. 1. 1.
 1. 1. 1. 1. 1. 1. 1. 1. 1. 1. 1. 1. 1. 1. 1. 1. 1. 1. 1. 1. 1. 1. 1. 1.
 1. 1. 1. 1. 1. 1. 1. 1. 1. 1. 1. 1. 1. 1. 1. 1. 1. 1. 1. 1. 1. 1. 1. 1.
 1. 1. 1. 1. 1. 1. 1. 1. 1. 1. 1. 1. 1. 1. 1. 1. 1. 1. 1. 1. 1. 1. 1. 1.
 1. 1. 1. 1. 1. 1. 1. 1. 1. 1. 1. 1. 1. 1. 1. 1. 1. 1. 1.]
段内预测标签 (seg_pred): [ True  True  True  True  True  True  True  True  True  True  True  True
  True  True  True  True  True  True  True  True  True  True  True  True
  True  True  True  True  True  True  True  True  True  True  True  True
  True  True  True  True  True  True  True  True  True  True  True  True
  True  True  True  True  True  True  True  True  True  True  True  True
  True  True  True  True  True  True  True  True  True  True  True  True
  True  True  True  True  True  True  True  True  True  True  True  True
  True  True  True  True  True  True  True  True  True  True  True  True
  True  True  True  True  True  True  True  True  True  True  True  True
  True  True  True  True  True  True  True  True  True  True  True  True
  True  True  True  True  True  True  True  True  True  True  True  True
  True  True  True  True  True  True  True  True  True  True  True  True
  True  True  True  True  True  True  True  True  True  True  True  True
  True  True  True  True  True  True  True  True  True  True  True  True
  True  True  True  True  True  True  True  True  True  True  True  True
  True  True  True  True  True  True  True  True  True  True  True  True
  True  True  True  True  True  True  True  True  True  True  True  True
  True  True  True  True  True  True  True  True  True  True  True  True
  True  True  True  True  True  True  True  True  True  True  True  True
  True  True  True  True  True  True  True]
段内真实异常时间点索引 (相对段内): [  0   1   2   3   4   5   6   7   8   9  10  11  12  13  14  15  16  17
  18  19  20  21  22  23  24  25  26  27  28  29  30  31  32  33  34  35
  36  37  38  39  40  41  42  43  44  45  46  47  48  49  50  51  52  53
  54  55  56  57  58  59  60  61  62  63  64  65  66  67  68  69  70  71
  72  73  74  75  76  77  78  79  80  81  82  83  84  85  86  87  88  89
  90  91  92  93  94  95  96  97  98  99 100 101 102 103 104 105 106 107
 108 109 110 111 112 113 114 115 116 117 118 119 120 121 122 123 124 125
 126 127 128 129 130 131 132 133 134 135 136 137 138 139 140 141 142 143
 144 145 146 147 148 149 150 151 152 153 154 155 156 157 158 159 160 161
 162 163 164 165 166 167 168 169 170 171 172 173 174 175 176 177 178 179
 180 181 182 183 184 185 186 187 188 189 190 191 192 193 194 195 196 197
 198 199 200 201 202 203 204 205 206 207 208 209 210 211 212 213 214 215
 216 217 218 219 220 221 222 223 224 225 226 227 228 229 230 231 232 233
 234]
段内是否有预测为异常的时间点: True
真实异常维度 (0-based): [5, 6, 8, 9, 10, 11, 12, 13, 14, 15, 16, 17, 18]
段内检测到的异常时间点索引 (相对段内): [  0   1   2   3   4   5   6   7   8   9  10  11  12  13  14  15  16  17
  18  19  20  21  22  23  24  25  26  27  28  29  30  31  32  33  34  35
  36  37  38  39  40  41  42  43  44  45  46  47  48  49  50  51  52  53
  54  55  56  57  58  59  60  61  62  63  64  65  66  67  68  69  70  71
  72  73  74  75  76  77  78  79  80  81  82  83  84  85  86  87  88  89
  90  91  92  93  94  95  96  97  98  99 100 101 102 103 104 105 106 107
 108 109 110 111 112 113 114 115 116 117 118 119 120 121 122 123 124 125
 126 127 128 129 130 131 132 133 134 135 136 137 138 139 140 141 142 143
 144 145 146 147 148 149 150 151 152 153 154 155 156 157 158 159 160 161
 162 163 164 165 166 167 168 169 170 171 172 173 174 175 176 177 178 179
 180 181 182 183 184 185 186 187 188 189 190 191 192 193 194 195 196 197
 198 199 200 201 202 203 204 205 206 207 208 209 210 211 212 213 214 215
 216 217 218 219 220 221 222 223 224 225 226 227 228 229 230 231 232 233
 234]
选择的维度数量 (k): 9 (基于真实异常维度数的 100%)
推断的异常维度 (0-based): [0, 1, 2, 3, 4, 5, 6, 7, 8, 9, 10, 11, 12, 13, 14, 15, 16, 17, 18]
真实与推断的交集: [5, 6, 8, 9, 10, 11, 12, 13, 14, 15, 16, 17, 18]
段内指标: TP=13, FP=6, FN=0, TN=0, IPS=1.0000

=== 处理第 3/7 段 ===
原始段范围: orig_start=2758, orig_end=2772
调整后段范围: start=2659, end=2673
段内真实标签 (seg_true): [1. 1. 1. 1. 1. 1. 1. 1. 1. 1. 1. 1. 1. 1. 1.]
段内预测标签 (seg_pred): [ True  True  True  True  True  True  True  True  True  True  True  True
  True  True  True]
段内真实异常时间点索引 (相对段内): [ 0  1  2  3  4  5  6  7  8  9 10 11 12 13 14]
段内是否有预测为异常的时间点: True
真实异常维度 (0-based): [4, 5, 6, 7, 8, 9, 10, 11, 12, 13, 14, 15, 16, 17, 18]
段内检测到的异常时间点索引 (相对段内): [ 0  1  2  3  4  5  6  7  8  9 10 11 12 13 14]
选择的维度数量 (k): 9 (基于真实异常维度数的 100%)
推断的异常维度 (0-based): [0, 1, 2, 3, 4, 5, 6, 7, 8, 9, 11, 14, 15, 16, 17, 18]
真实与推断的交集: [4, 5, 6, 7, 8, 9, 11, 14, 15, 16, 17, 18]
段内指标: TP=12, FP=4, FN=3, TN=0, IPS=0.8000

=== 处理第 4/7 段 ===
原始段范围: orig_start=2874, orig_end=2885
调整后段范围: start=2775, end=2786
段内真实标签 (seg_true): [1. 1. 1. 1. 1. 1. 1. 1. 1. 1. 1. 1.]
段内预测标签 (seg_pred): [False False False False False False False False False False False False]
段内真实异常时间点索引 (相对段内): [ 0  1  2  3  4  5  6  7  8  9 10 11]
段内是否有预测为异常的时间点: False
真实异常维度 (0-based): [6, 8, 9, 10, 11, 12, 13, 14, 15, 16, 17]
段内检测到的异常时间点索引 (相对段内): []
未检测到任何异常点，将整个段中的时间索引标记为异常
选择的维度数量 (k): 9 (基于真实异常维度数的 100%)
推断的异常维度 (0-based): [0, 1, 2, 3, 4, 6, 7, 10, 11, 12, 13, 14, 15, 16]
真实与推断的交集: [6, 10, 11, 12, 13, 14, 15, 16]
段内指标: TP=8, FP=6, FN=3, TN=2, IPS=0.7273

=== 处理第 5/7 段 ===
原始段范围: orig_start=3012, orig_end=3025
调整后段范围: start=2913, end=2926
段内真实标签 (seg_true): [1. 1. 1. 1. 1. 1. 1. 1. 1. 1. 1. 1. 1. 1.]
段内预测标签 (seg_pred): [ True  True  True  True  True  True  True  True  True  True  True  True
  True  True]
段内真实异常时间点索引 (相对段内): [ 0  1  2  3  4  5  6  7  8  9 10 11 12 13]
段内是否有预测为异常的时间点: True
真实异常维度 (0-based): [6, 9, 10, 11, 12, 13, 14, 15, 16, 17, 18]
段内检测到的异常时间点索引 (相对段内): [ 0  1  2  3  4  5  6  7  8  9 10 11 12 13]
选择的维度数量 (k): 9 (基于真实异常维度数的 100%)
推断的异常维度 (0-based): [0, 1, 2, 3, 4, 5, 6, 7, 8, 9, 10, 15, 16, 17, 18]
真实与推断的交集: [6, 9, 10, 15, 16, 17, 18]
段内指标: TP=7, FP=8, FN=4, TN=0, IPS=0.6364

=== 处理第 6/7 段 ===
原始段范围: orig_start=3160, orig_end=3305
调整后段范围: start=3061, end=3206
段内真实标签 (seg_true): [1. 1. 1. 1. 1. 1. 1. 1. 1. 1. 1. 1. 1. 1. 1. 1. 1. 1. 1. 1. 1. 1. 1. 1.
 1. 1. 1. 1. 1. 1. 1. 1. 1. 1. 1. 1. 1. 1. 1. 1. 1. 1. 1. 1. 1. 1. 1. 1.
 1. 1. 1. 1. 1. 1. 1. 1. 1. 1. 1. 1. 1. 1. 1. 1. 1. 1. 1. 1. 1. 1. 1. 1.
 1. 1. 1. 1. 1. 1. 1. 1. 1. 1. 1. 1. 1. 1. 1. 1. 1. 1. 1. 1. 1. 1. 1. 1.
 1. 1. 1. 1. 1. 1. 1. 1. 1. 1. 1. 1. 1. 1. 1. 1. 1. 1. 1. 1. 1. 1. 1. 1.
 1. 1. 1. 1. 1. 1. 1. 1. 1. 1. 1. 1. 1. 1. 1. 1. 1. 1. 1. 1. 1. 1. 1. 1.
 1. 1.]
段内预测标签 (seg_pred): [ True  True  True  True  True  True  True  True  True  True  True  True
  True  True  True  True  True  True  True  True  True  True  True  True
  True  True  True  True  True  True  True  True  True  True  True  True
  True  True  True  True  True  True  True  True  True  True  True  True
  True  True  True  True  True  True  True  True  True  True  True  True
  True  True  True  True  True  True  True  True  True  True  True  True
  True  True  True  True  True  True  True  True  True  True  True  True
  True  True  True  True  True  True  True  True  True  True  True  True
  True  True  True  True  True  True  True  True  True  True  True  True
  True  True  True  True  True  True  True  True  True  True  True  True
  True  True  True  True  True  True  True  True  True  True  True  True
  True  True  True  True  True  True  True  True  True  True  True  True
  True  True]
段内真实异常时间点索引 (相对段内): [  0   1   2   3   4   5   6   7   8   9  10  11  12  13  14  15  16  17
  18  19  20  21  22  23  24  25  26  27  28  29  30  31  32  33  34  35
  36  37  38  39  40  41  42  43  44  45  46  47  48  49  50  51  52  53
  54  55  56  57  58  59  60  61  62  63  64  65  66  67  68  69  70  71
  72  73  74  75  76  77  78  79  80  81  82  83  84  85  86  87  88  89
  90  91  92  93  94  95  96  97  98  99 100 101 102 103 104 105 106 107
 108 109 110 111 112 113 114 115 116 117 118 119 120 121 122 123 124 125
 126 127 128 129 130 131 132 133 134 135 136 137 138 139 140 141 142 143
 144 145]
段内是否有预测为异常的时间点: True
真实异常维度 (0-based): [7, 8, 9, 10, 11, 12, 13, 14, 15, 16, 17, 18]
段内检测到的异常时间点索引 (相对段内): [  0   1   2   3   4   5   6   7   8   9  10  11  12  13  14  15  16  17
  18  19  20  21  22  23  24  25  26  27  28  29  30  31  32  33  34  35
  36  37  38  39  40  41  42  43  44  45  46  47  48  49  50  51  52  53
  54  55  56  57  58  59  60  61  62  63  64  65  66  67  68  69  70  71
  72  73  74  75  76  77  78  79  80  81  82  83  84  85  86  87  88  89
  90  91  92  93  94  95  96  97  98  99 100 101 102 103 104 105 106 107
 108 109 110 111 112 113 114 115 116 117 118 119 120 121 122 123 124 125
 126 127 128 129 130 131 132 133 134 135 136 137 138 139 140 141 142 143
 144 145]
选择的维度数量 (k): 9 (基于真实异常维度数的 100%)
推断的异常维度 (0-based): [0, 1, 2, 3, 4, 5, 6, 7, 8, 9, 10, 11, 12, 14, 15, 16, 17, 18]

真实与推断的交集: [7, 8, 9, 10, 11, 12, 14, 15, 16, 17, 18]
段内指标: TP=11, FP=7, FN=1, TN=0, IPS=0.9167

=== 处理第 7/7 段 ===
原始段范围: orig_start=3626, orig_end=3638
调整后段范围: start=3527, end=3539
段内真实标签 (seg_true): [1. 1. 1. 1. 1. 1. 1. 1. 1. 1. 1. 1. 1.]
段内预测标签 (seg_pred): [ True  True  True  True  True  True  True  True  True  True  True  True
  True]
段内真实异常时间点索引 (相对段内): [ 0  1  2  3  4  5  6  7  8  9 10 11 12]
段内是否有预测为异常的时间点: True
真实异常维度 (0-based): [6, 8, 9, 10, 11, 12, 13, 14, 15, 16, 17, 18]
段内检测到的异常时间点索引 (相对段内): [ 0  1  2  3  4  5  6  7  8  9 10 11 12]
选择的维度数量 (k): 9 (基于真实异常维度数的 100%)
推断的异常维度 (0-based): [0, 1, 2, 3, 4, 5, 6, 7, 8, 9, 10, 11, 12, 13, 14, 15, 16, 18]
真实与推断的交集: [6, 8, 9, 10, 11, 12, 13, 14, 15, 16, 18]
段内指标: TP=11, FP=7, FN=1, TN=0, IPS=0.9167

=== 汇总指标 ===
总 TP: 74, 总 TN: 2, 总 FP: 42, 总 FN: 15
平均 IPS: 0.9415, Precision: 0.6379, Recall: 0.8315, F1: 0.7220
每段IPS与混淆: [{'original_start': 760, 'original_end': 765, 'start': 661, 'end': 666, 'TP': 12, 'TN': 0, 'FP': 4, 'FN': 3, 'IPS': 0.8, 'k_selected': 9, 'gt_dims_count': 15}, {'original_start': 1064, 'original_end': 1298, 'start': 965, 'end': 1199, 'TP': 13, 'TN': 0, 'FP': 6, 'FN': 0, 'IPS': 1.0, 'k_selected': 9, 'gt_dims_count': 13}, {'original_start': 2758, 'original_end': 2772, 'start': 2659, 'end': 2673, 'TP': 12, 'TN': 0, 'FP': 4, 'FN': 3, 'IPS': 0.8, 'k_selected': 9, 'gt_dims_count': 15}, {'original_start': 2874, 'original_end': 2885, 'start': 2775, 'end': 2786, 'TP': 8, 'TN': 2, 'FP': 6, 'FN': 3, 'IPS': 0.7272727272727273, 'k_selected': 9, 'gt_dims_count': 11}, {'original_start': 3012, 'original_end': 3025, 'start': 2913, 'end': 2926, 'TP': 7, 'TN': 0, 'FP': 8, 'FN': 4, 'IPS': 0.6363636363636364, 'k_selected': 9, 'gt_dims_count': 11}, {'original_start': 3160, 'original_end': 3305, 'start': 3061, 'end': 3206, 'TP': 11, 'TN': 0, 'FP': 7, 'FN': 1, 'IPS': 0.9166666666666666, 'k_selected': 9, 'gt_dims_count': 12}, {'original_start': 3626, 'original_end': 3638, 'start': 3527, 'end': 3539, 'TP': 11, 'TN': 0, 'FP': 7, 'FN': 1, 'IPS': 0.9166666666666666, 'k_selected': 9, 'gt_dims_count': 12}]
总和: {'TP': 74, 'TN': 2, 'FP': 42, 'FN': 15, 'IPS': 0.941465677179963, 'precision': 0.6379310344827587, 'recall': 0.8314606741573034, 'F1': 0.7219512195121951}
test end time:  2025-06-24 00:12:24
test time:  144.04775047302246
==============================result==============================
{'FN': 12.0,
 'FP': 25.0,
 'TN': 3755.0,
 'TP': 429.0,
 'best-f1': 0.9586541975355084,
 'best_valid_loss': -6.3867937064390805,
 'dataset': 'omi-1',
 'latency': 11.66647222546291,
 'pot-FN': 12.0,
 'pot-FP': 33.0,
 'pot-TN': 3747.0,
 'pot-TP': 429.0,
 'pot-f1': 0.9501610946426042,
 'pot-latency': 11.66647222546291,
 'pot-precision': 0.9285714084724804,
 'pot-recall': 0.972789093587549,
 'pot-threshold': -62.59271400805168,
 'precision': 0.9449338998913238,
 'pred_time': 0.4957993647631477,
 'pred_total_time': 42.22106456756592,
 'recall': 0.972789093587549,
 'segment_results': [{'FN': 3,
                      'FP': 4,
                      'IPS': 0.8,
                      'TN': 0,
                      'TP': 12,
                      'end': 666,
                      'gt_dims_count': 15,
                      'k_selected': 9,
                      'original_end': 765,
                      'original_start': 760,
                      'start': 661},
                     {'FN': 0,
                      'FP': 6,
                      'IPS': 1.0,
                      'TN': 0,
                      'TP': 13,
                      'end': 1199,
                      'gt_dims_count': 13,
                      'k_selected': 9,
                      'original_end': 1298,
                      'original_start': 1064,
                      'start': 965},
                     {'FN': 3,
                      'FP': 4,
                      'IPS': 0.8,
                      'TN': 0,
                      'TP': 12,
                      'end': 2673,
                      'gt_dims_count': 15,
                      'k_selected': 9,
                      'original_end': 2772,
                      'original_start': 2758,
                      'start': 2659},
                     {'FN': 3,
                      'FP': 6,
                      'IPS': 0.7272727272727273,
                      'TN': 2,
                      'TP': 8,
                      'end': 2786,
                      'gt_dims_count': 11,
                      'k_selected': 9,
                      'original_end': 2885,
                      'original_start': 2874,
                      'start': 2775},
                     {'FN': 4,
                      'FP': 8,
                      'IPS': 0.6363636363636364,
                      'TN': 0,
                      'TP': 7,
                      'end': 2926,
                      'gt_dims_count': 11,
                      'k_selected': 9,
                      'original_end': 3025,
                      'original_start': 3012,
                      'start': 2913},
                     {'FN': 1,
                      'FP': 7,
                      'IPS': 0.9166666666666666,
                      'TN': 0,
                      'TP': 11,
                      'end': 3206,
                      'gt_dims_count': 12,
                      'k_selected': 9,
                      'original_end': 3305,
                      'original_start': 3160,
                      'start': 3061},
                     {'FN': 1,
                      'FP': 7,
                      'IPS': 0.9166666666666666,
                      'TN': 0,
                      'TP': 11,
                      'end': 3539,
                      'gt_dims_count': 12,
                      'k_selected': 9,
                      'original_end': 3638,
                      'original_start': 3626,
                      'start': 3527}],
 'segment_summary': {'F1': 0.7219512195121951,
                     'FN': 15,
                     'FP': 42,
                     'IPS': 0.941465677179963,
                     'TN': 2,
                     'TP': 74,
                     'precision': 0.6379310344827587,
                     'recall': 0.8314606741573034},
 'threshold': -69.0,
 'train_time': 132.8690490961075,
 'valid_time': 0.5155547705563632}
