2025-06-21 10:25:15.078463: I tensorflow/core/platform/cpu_feature_guard.cc:141] Your CPU supports instructions that this TensorFlow binary was not compiled to use: AVX2 AVX512F FMA
Configurations
===========================================
{'batch_size': 50,
 'bf_search_max': 400.0,
 'bf_search_min': -400.0,
 'bf_search_step_size': 1.0,
 'dataset': 'omi-6',
 'dense_dim': 500,
 'early_stop': True,
 'get_score_on_dim': True,
 'gradient_clip_norm': 10.0,
 'initial_lr': 0.001,
 'l2_reg': 0.0001,
 'level': 0.0075,
 'lr_anneal_epoch_freq': 40,
 'lr_anneal_factor': 0.5,
 'lr_anneal_step_freq': None,
 'max_epoch': 10,
 'max_test_size': None,
 'max_train_size': None,
 'nf_layers': 20,
 'percentage_Dimension': 30.0,
 'posterior_flow_type': 'nf',
 'restore_dir': None,
 'result_dir': 'result',
 'rnn_cell': 'GRU',
 'rnn_num_hidden': 500,
 'save_dir': 'model',
 'save_z': False,
 'std_epsilon': 0.0001,
 'test_batch_size': 50,
 'test_n_z': 1,
 'test_score_filename': 'test_score.pkl',
 'test_start': 0,
 'train_score_filename': 'train_score.pkl',
 'train_start': 0,
 'use_connected_z_p': True,
 'use_connected_z_q': True,
 'valid_step_freq': 100,
 'window_length': 100,
 'x_dim': 19,
 'z_dim': 3}

train start time:  2025-06-21 10:24:47
load data of: omi-6
train:  0 None
test:  0 None
Data normalized
Data normalized
train set shape:  (8640, 19)
test set shape:  (4320, 19)
test set label shape:  (4320,)
Trainable Parameters                                            (2,560,202 in total)
------------------------------------------------------------------------------------
model/q_z_given_x/rnn_q_z/rnn/gru_cell/gates/kernel             (519, 1000)  519,000
model/q_z_given_x/rnn_q_z/rnn/gru_cell/gates/bias               (1000,)        1,000
model/q_z_given_x/rnn_q_z/rnn/gru_cell/candidate/kernel         (519, 500)   259,500
model/q_z_given_x/rnn_q_z/rnn/gru_cell/candidate/bias           (500,)           500
model/q_z_given_x/rnn_q_z/dense/kernel                          (500, 500)   250,000
model/q_z_given_x/rnn_q_z/dense/bias                            (500,)           500
model/q_z_given_x/rnn_q_z/dense_1/kernel                        (500, 500)   250,000
model/q_z_given_x/rnn_q_z/dense_1/bias                          (500,)           500
model/vae/variational/z_mean/kernel                             (503, 3)       1,509
model/vae/variational/z_mean/bias                               (3,)               3
model/vae/variational/z_std/kernel                              (503, 3)       1,509
model/vae/variational/z_std/bias                                (3,)               3
model/posterior_flow/_0/w                                       (1, 3)             3
model/posterior_flow/_0/b                                       (1,)               1
model/posterior_flow/_0/u                                       (1, 3)             3
model/posterior_flow/_1/w                                       (1, 3)             3
model/posterior_flow/_1/b                                       (1,)               1
model/posterior_flow/_1/u                                       (1, 3)             3
model/posterior_flow/_2/w                                       (1, 3)             3
model/posterior_flow/_2/b                                       (1,)               1
model/posterior_flow/_2/u                                       (1, 3)             3
model/posterior_flow/_3/w                                       (1, 3)             3
model/posterior_flow/_3/b                                       (1,)               1
model/posterior_flow/_3/u                                       (1, 3)             3
model/posterior_flow/_4/w                                       (1, 3)             3
model/posterior_flow/_4/b                                       (1,)               1
model/posterior_flow/_4/u                                       (1, 3)             3
model/posterior_flow/_5/w                                       (1, 3)             3
model/posterior_flow/_5/b                                       (1,)               1
model/posterior_flow/_5/u                                       (1, 3)             3
model/posterior_flow/_6/w                                       (1, 3)             3
model/posterior_flow/_6/b                                       (1,)               1
model/posterior_flow/_6/u                                       (1, 3)             3
model/posterior_flow/_7/w                                       (1, 3)             3
model/posterior_flow/_7/b                                       (1,)               1
model/posterior_flow/_7/u                                       (1, 3)             3
model/posterior_flow/_8/w                                       (1, 3)             3
model/posterior_flow/_8/b                                       (1,)               1
model/posterior_flow/_8/u                                       (1, 3)             3
model/posterior_flow/_9/w                                       (1, 3)             3
model/posterior_flow/_9/b                                       (1,)               1
model/posterior_flow/_9/u                                       (1, 3)             3
model/posterior_flow/_10/w                                      (1, 3)             3
model/posterior_flow/_10/b                                      (1,)               1
model/posterior_flow/_10/u                                      (1, 3)             3
model/posterior_flow/_11/w                                      (1, 3)             3
model/posterior_flow/_11/b                                      (1,)               1
model/posterior_flow/_11/u                                      (1, 3)             3
model/posterior_flow/_12/w                                      (1, 3)             3
model/posterior_flow/_12/b                                      (1,)               1
model/posterior_flow/_12/u                                      (1, 3)             3
model/posterior_flow/_13/w                                      (1, 3)             3
model/posterior_flow/_13/b                                      (1,)               1
model/posterior_flow/_13/u                                      (1, 3)             3
model/posterior_flow/_14/w                                      (1, 3)             3
model/posterior_flow/_14/b                                      (1,)               1
model/posterior_flow/_14/u                                      (1, 3)             3
model/posterior_flow/_15/w                                      (1, 3)             3
model/posterior_flow/_15/b                                      (1,)               1
model/posterior_flow/_15/u                                      (1, 3)             3
model/posterior_flow/_16/w                                      (1, 3)             3
model/posterior_flow/_16/b                                      (1,)               1
model/posterior_flow/_16/u                                      (1, 3)             3
model/posterior_flow/_17/w                                      (1, 3)             3
model/posterior_flow/_17/b                                      (1,)               1
model/posterior_flow/_17/u                                      (1, 3)             3
model/posterior_flow/_18/w                                      (1, 3)             3
model/posterior_flow/_18/b                                      (1,)               1
model/posterior_flow/_18/u                                      (1, 3)             3
model/posterior_flow/_19/w                                      (1, 3)             3
model/posterior_flow/_19/b                                      (1,)               1
model/posterior_flow/_19/u                                      (1, 3)             3
model/p_x_given_z/hidden/rnn_p_x/rnn/gru_cell/gates/kernel      (503, 1000)  503,000
model/p_x_given_z/hidden/rnn_p_x/rnn/gru_cell/gates/bias        (1000,)        1,000
model/p_x_given_z/hidden/rnn_p_x/rnn/gru_cell/candidate/kernel  (503, 500)   251,500
model/p_x_given_z/hidden/rnn_p_x/rnn/gru_cell/candidate/bias    (500,)           500
model/p_x_given_z/hidden/rnn_p_x/dense/kernel                   (500, 500)   250,000
model/p_x_given_z/hidden/rnn_p_x/dense/bias                     (500,)           500
model/p_x_given_z/hidden/rnn_p_x/dense_1/kernel                 (500, 500)   250,000
model/p_x_given_z/hidden/rnn_p_x/dense_1/bias                   (500,)           500
model/p_x_given_z/x_mean/kernel                                 (500, 19)      9,500
model/p_x_given_z/x_mean/bias                                   (19,)             19
model/p_x_given_z/x_std/kernel                                  (500, 19)      9,500
model/p_x_given_z/x_std/bias                                    (19,)             19/home/hz/anaconda3/envs/py36/lib/python3.6/site-packages/tensorflow/python/framework/dtypes.py:523: FutureWarning: Passing (type, 1) or '1type' as a synonym of type is deprecated; in a future version of numpy, it will be understood as (type, (1,)) / '(1,)type'.
  _np_qint8 = np.dtype([("qint8", np.int8, 1)])
/home/hz/anaconda3/envs/py36/lib/python3.6/site-packages/tensorflow/python/framework/dtypes.py:524: FutureWarning: Passing (type, 1) or '1type' as a synonym of type is deprecated; in a future version of numpy, it will be understood as (type, (1,)) / '(1,)type'.
  _np_quint8 = np.dtype([("quint8", np.uint8, 1)])
/home/hz/anaconda3/envs/py36/lib/python3.6/site-packages/tensorflow/python/framework/dtypes.py:525: FutureWarning: Passing (type, 1) or '1type' as a synonym of type is deprecated; in a future version of numpy, it will be understood as (type, (1,)) / '(1,)type'.
  _np_qint16 = np.dtype([("qint16", np.int16, 1)])
/home/hz/anaconda3/envs/py36/lib/python3.6/site-packages/tensorflow/python/framework/dtypes.py:526: FutureWarning: Passing (type, 1) or '1type' as a synonym of type is deprecated; in a future version of numpy, it will be understood as (type, (1,)) / '(1,)type'.
  _np_quint16 = np.dtype([("quint16", np.uint16, 1)])
/home/hz/anaconda3/envs/py36/lib/python3.6/site-packages/tensorflow/python/framework/dtypes.py:527: FutureWarning: Passing (type, 1) or '1type' as a synonym of type is deprecated; in a future version of numpy, it will be understood as (type, (1,)) / '(1,)type'.
  _np_qint32 = np.dtype([("qint32", np.int32, 1)])
/home/hz/anaconda3/envs/py36/lib/python3.6/site-packages/tensorflow/python/framework/dtypes.py:532: FutureWarning: Passing (type, 1) or '1type' as a synonym of type is deprecated; in a future version of numpy, it will be understood as (type, (1,)) / '(1,)type'.
  np_resource = np.dtype([("resource", np.ubyte, 1)])
/home/hz/anaconda3/envs/py36/lib/python3.6/site-packages/tfsnippet/utils/tfver.py:22: DeprecationWarning: Function 'semver.compare' is deprecated. Deprecated since version 2.10.0.  This function will be removed in semver 3. Use the respective 'semver.VersionInfo.compare' instead.
  compare_result = semver.compare(version, tf.__version__)
/home/hz/anaconda3/envs/py36/lib/python3.6/site-packages/tfsnippet/utils/tfver.py:22: DeprecationWarning: Function 'semver.compare' is deprecated. Deprecated since version 2.10.0.  This function will be removed in semver 3. Use the respective 'semver.VersionInfo.compare' instead.
  compare_result = semver.compare(version, tf.__version__)
INFO:tensorflow:Restoring parameters from /tmp/tmpcklhiy1q/variables.dat-700
2025-06-21 10:46:53,139 [INFO] tensorflow: Restoring parameters from /tmp/tmpcklhiy1q/variables.dat-700
  0%|          | 0/4221 [00:00<?, ?it/s]100%|██████████| 4221/4221 [00:00<00:00, 357082.64it/s]

train_values: (6048, 19)
[Epoch 1/10, Step 100] step time: 1.456s (±4.223s); train time: 1m 52.65s; valid time: 33.01s; loss: 13.7732 (±116.448); valid loss: -0.379827 (*)
train_values: (6048, 19)
[Epoch 2/10, Step 200, ETA 20m 53.49s] step time: 1.101s (±2.753s); train time: 1m 8.276s; valid time: 27.5s; loss: -3.99359 (±1.45906); valid loss: -2.08525 (*)
train_values: (6048, 19)
[Epoch 3/10, Step 300, ETA 17m 58.28s] step time: 1.117s (±2.781s); train time: 53.69s; valid time: 27.92s; loss: -3.4991 (±3.35568); valid loss: -4.34137 (*)
train_values: (6048, 19)
[Epoch 4/10, Step 400, ETA 15m 27.56s] step time: 1.08s (±2.503s); train time: 38.65s; valid time: 24.98s; loss: -4.06793 (±2.35167); valid loss: -4.08624
train_values: (6048, 19)
[Epoch 5/10, Step 500, ETA 13m 17.07s] step time: 1.103s (±2.722s); train time: 22.77s; valid time: 27.42s; loss: -4.3116 (±1.81249); valid loss: -5.34729 (*)
train_values: (6048, 19)
[Epoch 6/10, Step 600, ETA 11m 10.65s] step time: 1.076s (±2.439s); train time: 7.952s; valid time: 24.59s; loss: -4.18251 (±3.52343); valid loss: -4.91799
[Epoch 6/10, Step 700, ETA 9m 11.83s] step time: 1.109s (±2.733s); train time: 1m 23.54s; valid time: 27.43s; loss: -4.64328 (±1.74414); valid loss: -6.04306 (*)
train_values: (6048, 19)
[Epoch 7/10, Step 800, ETA 7m 13.17s] step time: 1.071s (±2.472s); train time: 1m 15.64s; valid time: 24.94s; loss: -4.16295 (±2.65831); valid loss: -2.72782
train_values: (6048, 19)
[Epoch 8/10, Step 900, ETA 5m 16.61s] step time: 1.057s (±2.401s); train time: 1m 0.1349s; valid time: 24.21s; loss: -5.13219 (±2.04757); valid loss: 0.429862
train_values: (6048, 19)
[Epoch 9/10, Step 1000, ETA 3m 22.09s] step time: 1.05s (±2.382s); train time: 45.82s; valid time: 23.93s; loss: -5.46414 (±3.08106); valid loss: -5.13999
train_values: (6048, 19)
[Epoch 10/10, Step 1100, ETA 1m 29.32s] step time: 1.054s (±2.403s); train time: 30.6s; valid time: 24.15s; loss: -5.79931 (±2.34816); valid loss: -4.68029
train end time:  2025-06-21 10:46:53
train time:  1325.8741869926453
test start time:  2025-06-21 10:46:53
------------------------------ testing ------------------------------
test_score shape:  (4221, 19)
test_z shape:  (4221, 100, 6)
search range:  -400.0 400.0
cur thr:  -399.0 [0.3291111467405339, 0.9999997435898093, 0.19696968702173298, 39.0, 4023.0, 0.0, 159.0, 0.9999000099990001] [0.3291111467405339, 0.9999997435898093, 0.19696968702173298, 39.0, 4023.0, 0.0, 159.0, 0.9999000099990001] -399.0
cur thr:  -349.0 [0.3291111467405339, 0.9999997435898093, 0.19696968702173298, 39.0, 4023.0, 0.0, 159.0, 0.9999000099990001] [0.3291111467405339, 0.9999997435898093, 0.19696968702173298, 39.0, 4023.0, 0.0, 159.0, 0.9999000099990001] -399.0
cur thr:  -299.0 [0.3291111467405339, 0.9999997435898093, 0.19696968702173298, 39.0, 4023.0, 0.0, 159.0, 0.9999000099990001] [0.3291111467405339, 0.9999997435898093, 0.19696968702173298, 39.0, 4023.0, 0.0, 159.0, 0.9999000099990001] -399.0
cur thr:  -249.0 [0.3291111467405339, 0.9999997435898093, 0.19696968702173298, 39.0, 4023.0, 0.0, 159.0, 0.9999000099990001] [0.3291111467405339, 0.9999997435898093, 0.19696968702173298, 39.0, 4023.0, 0.0, 159.0, 0.9999000099990001] -399.0
cur thr:  -199.0 [0.3291111467405339, 0.9999997435898093, 0.19696968702173298, 39.0, 4023.0, 0.0, 159.0, 0.9999000099990001] [0.3291111467405339, 0.9999997435898093, 0.19696968702173298, 39.0, 4023.0, 0.0, 159.0, 0.9999000099990001] -399.0
cur thr:  -149.0 [0.3291111467405339, 0.9999997435898093, 0.19696968702173298, 39.0, 4023.0, 0.0, 159.0, 0.9999000099990001] [0.3291111467405339, 0.9999997435898093, 0.19696968702173298, 39.0, 4023.0, 0.0, 159.0, 0.9999000099990001] -399.0
cur thr:  -99.0 [0.36884936914626826, 0.9782606568998571, 0.22727271579430727, 45.0, 4022.0, 1.0, 153.0, 1.9999000049997497] [0.3703673220788306, 0.9999997777778271, 0.22727271579430727, 45.0, 4023.0, 0.0, 153.0, 1.9999000049997497] -137.0
cur thr:  -49.0 [0.6702947222487411, 0.7278106078218575, 0.6212120898377732, 123.0, 3977.0, 46.0, 75.0, 2.4999583340277662] [0.6871458559701463, 0.768749951953128, 0.6212120898377732, 123.0, 3986.0, 37.0, 75.0, 2.6666222229629506] -54.0
cur thr:  1.0 [0.3897606338214593, 0.2420537867719586, 0.9999999494949521, 198.0, 3403.0, 620.0, 0.0, 6.999930000699993] [0.8101801824292624, 0.7478632159032813, 0.8838383392000838, 175.0, 3964.0, 59.0, 23.0, 7.37490781365233] -38.0
cur thr:  51.0 [0.08961217824790961, 0.04690831545390117, 0.9999999494949521, 198.0, 0.0, 4023.0, 0.0, 0.0] [0.8101801824292624, 0.7478632159032813, 0.8838383392000838, 175.0, 3964.0, 59.0, 23.0, 7.37490781365233] -38.0
cur thr:  101.0 [0.08961217824790961, 0.04690831545390117, 0.9999999494949521, 198.0, 0.0, 4023.0, 0.0, 0.0] [0.8101801824292624, 0.7478632159032813, 0.8838383392000838, 175.0, 3964.0, 59.0, 23.0, 7.37490781365233] -38.0
cur thr:  151.0 [0.08961217824790961, 0.04690831545390117, 0.9999999494949521, 198.0, 0.0, 4023.0, 0.0, 0.0] [0.8101801824292624, 0.7478632159032813, 0.8838383392000838, 175.0, 3964.0, 59.0, 23.0, 7.37490781365233] -38.0
cur thr:  201.0 [0.08961217824790961, 0.04690831545390117, 0.9999999494949521, 198.0, 0.0, 4023.0, 0.0, 0.0] [0.8101801824292624, 0.7478632159032813, 0.8838383392000838, 175.0, 3964.0, 59.0, 23.0, 7.37490781365233] -38.0
cur thr:  251.0 [0.08961217824790961, 0.04690831545390117, 0.9999999494949521, 198.0, 0.0, 4023.0, 0.0, 0.0] [0.8101801824292624, 0.7478632159032813, 0.8838383392000838, 175.0, 3964.0, 59.0, 23.0, 7.37490781365233] -38.0
cur thr:  301.0 [0.08961217824790961, 0.04690831545390117, 0.9999999494949521, 198.0, 0.0, 4023.0, 0.0, 0.0] [0.8101801824292624, 0.7478632159032813, 0.8838383392000838, 175.0, 3964.0, 59.0, 23.0, 7.37490781365233] -38.0
cur thr:  351.0 [0.08961217824790961, 0.04690831545390117, 0.9999999494949521, 198.0, 0.0, 4023.0, 0.0, 0.0] [0.8101801824292624, 0.7478632159032813, 0.8838383392000838, 175.0, 3964.0, 59.0, 23.0, 7.37490781365233] -38.0
[0.8101801824292624, 0.7478632159032813, 0.8838383392000838, 175.0, 3964.0, 59.0, 23.0, 7.37490781365233] -38.0
label_file: ServerMachineDataset/interpretation_label/omi-6.txt
Initial threshold : 46.515903
Number of peaks : 64
Grimshaw maximum log-likelihood estimation ... [done]
	γ = 0
	σ = 18.193668
	L = 249.66871305904715
Extreme quantile (probability = 0.001): 83.15804228180312
62
4221
POT result:  (0.663067763276512, 0.7109826178622765, 0.6212120898377732, 123.0, 3973.0, 50.0, 75.0) -46.78501181288522 2.333294445092582

=== 全局调试信息 ===
y_true shape: (4221,), unique values: [0. 1.]
y_pred shape: (4221,), unique values: [False  True]
feature_scores shape: (4221, 19)
interpretation_segments 数量: 10


=== 处理第 1/10 段 ===
原始段范围: orig_start=357, orig_end=392
调整后段范围: start=258, end=293
段内真实标签 (seg_true): [1. 1. 1. 1. 1. 1. 1. 1. 1. 1. 1. 1. 1. 1. 1. 1. 1. 1. 1. 1. 1. 1. 1. 1.
 1. 1. 1. 1. 1. 1. 1. 1. 1. 1. 1. 1.]
段内预测标签 (seg_pred): [False False False False False False False False False False False False
 False False False False False False False False False False False False
 False False False False False False False False False False False False]
段内真实异常时间点索引 (相对段内): [ 0  1  2  3  4  5  6  7  8  9 10 11 12 13 14 15 16 17 18 19 20 21 22 23
 24 25 26 27 28 29 30 31 32 33 34 35]
段内是否有预测为异常的时间点: False
真实异常维度 (0-based): [3, 18]
段内检测到的异常时间点索引 (相对段内): []
未检测到任何异常点，将整个段中的时间索引标记为异常
选择的维度数量 (k): 5 (基于真实异常维度数的 100%)
推断的异常维度 (0-based): [0, 1, 2, 3, 4, 7, 16]
真实与推断的交集: [3]
段内指标: TP=1, FP=6, FN=1, TN=11, IPS=0.5000

=== 处理第 2/10 段 ===
原始段范围: orig_start=750, orig_end=788
调整后段范围: start=651, end=689
段内真实标签 (seg_true): [1. 1. 1. 1. 1. 1. 1. 1. 1. 1. 1. 1. 1. 1. 1. 1. 1. 1. 1. 1. 1. 1. 1. 1.
 1. 1. 1. 1. 1. 1. 1. 1. 1. 1. 1. 1. 1. 1. 1.]
段内预测标签 (seg_pred): [ True  True  True  True  True  True  True  True  True  True  True  True
  True  True  True  True  True  True  True  True  True  True  True  True
  True  True  True  True  True  True  True  True  True  True  True  True
  True  True  True]
段内真实异常时间点索引 (相对段内): [ 0  1  2  3  4  5  6  7  8  9 10 11 12 13 14 15 16 17 18 19 20 21 22 23
 24 25 26 27 28 29 30 31 32 33 34 35 36 37 38]
段内是否有预测为异常的时间点: True
真实异常维度 (0-based): [1, 5, 6, 7, 8, 9, 10, 11, 12, 13, 14, 15, 16, 17, 18]
段内检测到的异常时间点索引 (相对段内): [ 0  1  2  3  4  5  6  7  8  9 10 11 12 13 14 15 16 17 18 19 20 21 22 23
 24 25 26 27 28 29 30 31 32 33 34 35 36 37 38]
选择的维度数量 (k): 5 (基于真实异常维度数的 100%)
推断的异常维度 (0-based): [0, 1, 2, 3, 4, 7, 16]
真实与推断的交集: [1, 7, 16]
段内指标: TP=3, FP=4, FN=12, TN=0, IPS=0.2000

=== 处理第 3/10 段 ===
原始段范围: orig_start=1278, orig_end=1293
调整后段范围: start=1179, end=1194
段内真实标签 (seg_true): [1. 1. 1. 1. 1. 1. 1. 1. 1. 1. 1. 1. 1. 1. 1. 1.]
段内预测标签 (seg_pred): [False False False False False False False False False False False False
 False False False False]
段内真实异常时间点索引 (相对段内): [ 0  1  2  3  4  5  6  7  8  9 10 11 12 13 14 15]
段内是否有预测为异常的时间点: False
真实异常维度 (0-based): [3, 4, 5, 7, 16]
段内检测到的异常时间点索引 (相对段内): []
未检测到任何异常点，将整个段中的时间索引标记为异常
选择的维度数量 (k): 5 (基于真实异常维度数的 100%)
推断的异常维度 (0-based): [0, 1, 2, 3, 4, 6, 8]
真实与推断的交集: [3, 4]
段内指标: TP=2, FP=5, FN=3, TN=9, IPS=0.4000

=== 处理第 4/10 段 ===
原始段范围: orig_start=1590, orig_end=1615
调整后段范围: start=1491, end=1516
段内真实标签 (seg_true): [1. 1. 1. 1. 1. 1. 1. 1. 1. 1. 1. 1. 1. 1. 1. 1. 1. 1. 1. 1. 1. 1. 1. 1.
 1. 1.]
段内预测标签 (seg_pred): [ True  True  True  True  True  True  True  True  True  True  True  True
  True  True  True  True  True  True  True  True  True  True  True  True
  True  True]
段内真实异常时间点索引 (相对段内): [ 0  1  2  3  4  5  6  7  8  9 10 11 12 13 14 15 16 17 18 19 20 21 22 23
 24 25]
段内是否有预测为异常的时间点: True
真实异常维度 (0-based): [0, 8, 17]
段内检测到的异常时间点索引 (相对段内): [ 0  1  2  3  4  5  6  7  8  9 10 11 12 13 14 15 16 17 18 19 20 21 22 23
 24 25]
选择的维度数量 (k): 5 (基于真实异常维度数的 100%)
推断的异常维度 (0-based): [0, 1, 2, 3, 4, 5, 7]
真实与推断的交集: [0]
段内指标: TP=1, FP=6, FN=2, TN=10, IPS=0.3333

=== 处理第 5/10 段 ===
原始段范围: orig_start=2592, orig_end=2604
调整后段范围: start=2493, end=2505
段内真实标签 (seg_true): [1. 1. 1. 1. 1. 1. 1. 1. 1. 1. 1. 1. 1.]
段内预测标签 (seg_pred): [False False False False False False False False False False False False
 False]
段内真实异常时间点索引 (相对段内): [ 0  1  2  3  4  5  6  7  8  9 10 11 12]
段内是否有预测为异常的时间点: False
真实异常维度 (0-based): [3, 5, 8]
段内检测到的异常时间点索引 (相对段内): []
未检测到任何异常点，将整个段中的时间索引标记为异常
选择的维度数量 (k): 5 (基于真实异常维度数的 100%)
推断的异常维度 (0-based): [0, 1, 2, 3, 4, 16]
真实与推断的交集: [3]
段内指标: TP=1, FP=5, FN=2, TN=11, IPS=0.3333

=== 处理第 6/10 段 ===
原始段范围: orig_start=2734, orig_end=2765
调整后段范围: start=2635, end=2666
段内真实标签 (seg_true): [1. 1. 1. 1. 1. 1. 1. 1. 1. 1. 1. 1. 1. 1. 1. 1. 1. 1. 1. 1. 1. 1. 1. 1.
 1. 1. 1. 1. 1. 1. 1. 1.]
段内预测标签 (seg_pred): [ True  True  True  True  True  True  True  True  True  True  True  True
  True  True  True  True  True  True  True  True  True  True  True  True
  True  True  True  True  True  True  True  True]
段内真实异常时间点索引 (相对段内): [ 0  1  2  3  4  5  6  7  8  9 10 11 12 13 14 15 16 17 18 19 20 21 22 23
 24 25 26 27 28 29 30 31]
段内是否有预测为异常的时间点: True
真实异常维度 (0-based): [3, 5, 7, 18]
段内检测到的异常时间点索引 (相对段内): [ 0  1  2  3  4  5  6  7  8  9 10 11 12 13 14 15 16 17 18 19 20 21 22 23
 24 25 26 27 28 29 30 31]
选择的维度数量 (k): 5 (基于真实异常维度数的 100%)
推断的异常维度 (0-based): [0, 1, 2, 3, 4, 5, 6, 7, 8]
真实与推断的交集: [3, 5, 7]
段内指标: TP=3, FP=6, FN=1, TN=9, IPS=0.7500

=== 处理第 7/10 段 ===
原始段范围: orig_start=3066, orig_end=3072
调整后段范围: start=2967, end=2973
段内真实标签 (seg_true): [1. 1. 1. 1. 1. 1. 1.]
段内预测标签 (seg_pred): [ True  True  True  True  True  True  True]
段内真实异常时间点索引 (相对段内): [0 1 2 3 4 5 6]
段内是否有预测为异常的时间点: True
真实异常维度 (0-based): [3, 5, 18]
段内检测到的异常时间点索引 (相对段内): [0 1 2 3 4 5 6]
选择的维度数量 (k): 5 (基于真实异常维度数的 100%)
推断的异常维度 (0-based): [0, 1, 2, 3, 4, 6, 8, 18]
真实与推断的交集: [3, 18]
段内指标: TP=2, FP=6, FN=1, TN=10, IPS=0.6667

=== 处理第 8/10 段 ===
原始段范围: orig_start=3596, orig_end=3605
调整后段范围: start=3497, end=3506
段内真实标签 (seg_true): [1. 1. 1. 1. 1. 1. 1. 1. 1. 1.]
段内预测标签 (seg_pred): [False False False False False False False False False False]
段内真实异常时间点索引 (相对段内): [0 1 2 3 4 5 6 7 8 9]
段内是否有预测为异常的时间点: False
真实异常维度 (0-based): [3, 4, 5, 18]
段内检测到的异常时间点索引 (相对段内): []
未检测到任何异常点，将整个段中的时间索引标记为异常
选择的维度数量 (k): 5 (基于真实异常维度数的 100%)
推断的异常维度 (0-based): [0, 1, 2, 3, 4, 7, 18]
真实与推断的交集: [3, 4, 18]
段内指标: TP=3, FP=4, FN=1, TN=11, IPS=0.7500

=== 处理第 9/10 段 ===
原始段范围: orig_start=3610, orig_end=3622
调整后段范围: start=3511, end=3523
段内真实标签 (seg_true): [1. 1. 1. 1. 1. 1. 1. 1. 1. 1. 1. 1. 1.]
段内预测标签 (seg_pred): [ True  True  True  True  True  True  True  True  True  True  True  True
  True]
段内真实异常时间点索引 (相对段内): [ 0  1  2  3  4  5  6  7  8  9 10 11 12]
段内是否有预测为异常的时间点: True
真实异常维度 (0-based): [0, 3, 4]
段内检测到的异常时间点索引 (相对段内): [ 0  1  2  3  4  5  6  7  8  9 10 11 12]
选择的维度数量 (k): 5 (基于真实异常维度数的 100%)
推断的异常维度 (0-based): [0, 1, 2, 3, 4, 5, 6, 7, 18]
真实与推断的交集: [0, 3, 4]
段内指标: TP=3, FP=6, FN=0, TN=10, IPS=1.0000

=== 处理第 10/10 段 ===
原始段范围: orig_start=4159, orig_end=4164
调整后段范围: start=4060, end=4065
段内真实标签 (seg_true): [1. 1. 1. 1. 1. 1.]
段内预测标签 (seg_pred): [ True  True  True  True  True  True]
段内真实异常时间点索引 (相对段内): [0 1 2 3 4 5]
段内是否有预测为异常的时间点: True
真实异常维度 (0-based): [3, 4]
段内检测到的异常时间点索引 (相对段内): [0 1 2 3 4 5]
选择的维度数量 (k): 5 (基于真实异常维度数的 100%)
推断的异常维度 (0-based): [0, 1, 2, 3, 4, 6, 7]
真实与推断的交集: [3, 4]
段内指标: TP=2, FP=5, FN=0, TN=12, IPS=1.0000

=== 汇总指标 ===
总 TP: 21, 总 TN: 93, 总 FP: 53, 总 FN: 23
平均 IPS: 0.5069, Precision: 0.2838, Recall: 0.4773, F1: 0.3559
每段IPS与混淆: [{'original_start': 357, 'original_end': 392, 'start': 258, 'end': 293, 'TP': 1, 'TN': 11, 'FP': 6, 'FN': 1, 'IPS': 0.5, 'k_selected': 5, 'gt_dims_count': 2}, {'original_start': 750, 'original_end': 788, 'start': 651, 'end': 689, 'TP': 3, 'TN': 0, 'FP': 4, 'FN': 12, 'IPS': 0.2, 'k_selected': 5, 'gt_dims_count': 15}, {'original_start': 1278, 'original_end': 1293, 'start': 1179, 'end': 1194, 'TP': 2, 'TN': 9, 'FP': 5, 'FN': 3, 'IPS': 0.4, 'k_selected': 5, 'gt_dims_count': 5}, {'original_start': 1590, 'original_end': 1615, 'start': 1491, 'end': 1516, 'TP': 1, 'TN': 10, 'FP': 6, 'FN': 2, 'IPS': 0.3333333333333333, 'k_selected': 5, 'gt_dims_count': 3}, {'original_start': 2592, 'original_end': 2604, 'start': 2493, 'end': 2505, 'TP': 1, 'TN': 11, 'FP': 5, 'FN': 2, 'IPS': 0.3333333333333333, 'k_selected': 5, 'gt_dims_count': 3}, {'original_start': 2734, 'original_end': 2765, 'start': 2635, 'end': 2666, 'TP': 3, 'TN': 9, 'FP': 6, 'FN': 1, 'IPS': 0.75, 'k_selected': 5, 'gt_dims_count': 4}, {'original_start': 3066, 'original_end': 3072, 'start': 2967, 'end': 2973, 'TP': 2, 'TN': 10, 'FP': 6, 'FN': 1, 'IPS': 0.6666666666666666, 'k_selected': 5, 'gt_dims_count': 3}, {'original_start': 3596, 'original_end': 3605, 'start': 3497, 'end': 3506, 'TP': 3, 'TN': 11, 'FP': 4, 'FN': 1, 'IPS': 0.75, 'k_selected': 5, 'gt_dims_count': 4}, {'original_start': 3610, 'original_end': 3622, 'start': 3511, 'end': 3523, 'TP': 3, 'TN': 10, 'FP': 6, 'FN': 0, 'IPS': 1.0, 'k_selected': 5, 'gt_dims_count': 3}, {'original_start': 4159, 'original_end': 4164, 'start': 4060, 'end': 4065, 'TP': 2, 'TN': 12, 'FP': 5, 'FN': 0, 'IPS': 1.0, 'k_selected': 5, 'gt_dims_count': 2}]

总和: {'TP': 21, 'TN': 93, 'FP': 53, 'FN': 23, 'IPS': 0.506902356902357, 'precision': 0.28378378378378377, 'recall': 0.4772727272727273, 'F1': 0.3559322033898305}
test end time:  2025-06-21 10:49:10
test time:  137.26332330703735
==============================result==============================
{'FN': 23.0,
 'FP': 59.0,
 'TN': 3964.0,
 'TP': 175.0,
 'best-f1': 0.8101801824292624,
 'best_valid_loss': -6.043062357289505,
 'dataset': 'omi-6',
 'latency': 7.37490781365233,
 'pot-FN': 75.0,
 'pot-FP': 50.0,
 'pot-TN': 3973.0,
 'pot-TP': 123.0,
 'pot-f1': 0.663067763276512,
 'pot-latency': 2.333294445092582,
 'pot-precision': 0.7109826178622765,
 'pot-recall': 0.6212120898377732,
 'pot-threshold': -46.78501181288522,
 'precision': 0.7478632159032813,
 'pred_time': 0.48718633371240955,
 'pred_total_time': 41.46507716178894,
 'recall': 0.8838383392000838,
 'segment_results': [{'FN': 1,
                      'FP': 6,
                      'IPS': 0.5,
                      'TN': 11,
                      'TP': 1,
                      'end': 293,
                      'gt_dims_count': 2,
                      'k_selected': 5,
                      'original_end': 392,
                      'original_start': 357,
                      'start': 258},
                     {'FN': 12,
                      'FP': 4,
                      'IPS': 0.2,
                      'TN': 0,
                      'TP': 3,
                      'end': 689,
                      'gt_dims_count': 15,
                      'k_selected': 5,
                      'original_end': 788,
                      'original_start': 750,
                      'start': 651},
                     {'FN': 3,
                      'FP': 5,
                      'IPS': 0.4,
                      'TN': 9,
                      'TP': 2,
                      'end': 1194,
                      'gt_dims_count': 5,
                      'k_selected': 5,
                      'original_end': 1293,
                      'original_start': 1278,
                      'start': 1179},
                     {'FN': 2,
                      'FP': 6,
                      'IPS': 0.3333333333333333,
                      'TN': 10,
                      'TP': 1,
                      'end': 1516,
                      'gt_dims_count': 3,
                      'k_selected': 5,
                      'original_end': 1615,
                      'original_start': 1590,
                      'start': 1491},
                     {'FN': 2,
                      'FP': 5,
                      'IPS': 0.3333333333333333,
                      'TN': 11,
                      'TP': 1,
                      'end': 2505,
                      'gt_dims_count': 3,
                      'k_selected': 5,
                      'original_end': 2604,
                      'original_start': 2592,
                      'start': 2493},
                     {'FN': 1,
                      'FP': 6,
                      'IPS': 0.75,
                      'TN': 9,
                      'TP': 3,
                      'end': 2666,
                      'gt_dims_count': 4,
                      'k_selected': 5,
                      'original_end': 2765,
                      'original_start': 2734,
                      'start': 2635},
                     {'FN': 1,
                      'FP': 6,
                      'IPS': 0.6666666666666666,
                      'TN': 10,
                      'TP': 2,
                      'end': 2973,
                      'gt_dims_count': 3,
                      'k_selected': 5,
                      'original_end': 3072,
                      'original_start': 3066,
                      'start': 2967},
                     {'FN': 1,
                      'FP': 4,
                      'IPS': 0.75,
                      'TN': 11,
                      'TP': 3,
                      'end': 3506,
                      'gt_dims_count': 4,
                      'k_selected': 5,
                      'original_end': 3605,
                      'original_start': 3596,
                      'start': 3497},
                     {'FN': 0,
                      'FP': 6,
                      'IPS': 1.0,
                      'TN': 10,
                      'TP': 3,
                      'end': 3523,
                      'gt_dims_count': 3,
                      'k_selected': 5,
                      'original_end': 3622,
                      'original_start': 3610,
                      'start': 3511},
                     {'FN': 0,
                      'FP': 5,
                      'IPS': 1.0,
                      'TN': 12,
                      'TP': 2,
                      'end': 4065,
                      'gt_dims_count': 2,
                      'k_selected': 5,
                      'original_end': 4164,
                      'original_start': 4159,
                      'start': 4060}],
 'segment_summary': {'F1': 0.3559322033898305,
                     'FN': 23,
                     'FP': 53,
                     'IPS': 0.506902356902357,
                     'TN': 93,
                     'TP': 21,
                     'precision': 0.28378378378378377,
                     'recall': 0.4772727272727273},
 'threshold': -38.0,
 'train_time': 129.8448935508728,
 'valid_time': 0.5026216706362637}
