2025-06-21 10:00:31.795985: I tensorflow/core/platform/cpu_feature_guard.cc:141] Your CPU supports instructions that this TensorFlow binary was not compiled to use: AVX2 AVX512F FMA
Configurations
===========================================
{'batch_size': 50,
 'bf_search_max': 400.0,
 'bf_search_min': -400.0,
 'bf_search_step_size': 1.0,
 'dataset': 'omi-5',
 'dense_dim': 500,
 'early_stop': True,
 'get_score_on_dim': True,
 'gradient_clip_norm': 10.0,
 'initial_lr': 0.001,
 'l2_reg': 0.0001,
 'level': 0.0075,
 'lr_anneal_epoch_freq': 40,
 'lr_anneal_factor': 0.5,
 'lr_anneal_step_freq': None,
 'max_epoch': 10,
 'max_test_size': None,
 'max_train_size': None,
 'nf_layers': 20,
 'percentage_Dimension': 30.0,
 'posterior_flow_type': 'nf',
 'restore_dir': None,
 'result_dir': 'result',
 'rnn_cell': 'GRU',
 'rnn_num_hidden': 500,
 'save_dir': 'model',
 'save_z': False,
 'std_epsilon': 0.0001,
 'test_batch_size': 50,
 'test_n_z': 1,
 'test_score_filename': 'test_score.pkl',
 'test_start': 0,
 'train_score_filename': 'train_score.pkl',
 'train_start': 0,
 'use_connected_z_p': True,
 'use_connected_z_q': True,
 'valid_step_freq': 100,
 'window_length': 100,
 'x_dim': 19,
 'z_dim': 3}

train start time:  2025-06-21 10:00:04
load data of: omi-5
train:  0 None
test:  0 None
Data normalized
Data normalized
train set shape:  (8640, 19)
test set shape:  (4320, 19)
test set label shape:  (4320,)
Trainable Parameters                                            (2,560,202 in total)
------------------------------------------------------------------------------------
model/q_z_given_x/rnn_q_z/rnn/gru_cell/gates/kernel             (519, 1000)  519,000
model/q_z_given_x/rnn_q_z/rnn/gru_cell/gates/bias               (1000,)        1,000
model/q_z_given_x/rnn_q_z/rnn/gru_cell/candidate/kernel         (519, 500)   259,500
model/q_z_given_x/rnn_q_z/rnn/gru_cell/candidate/bias           (500,)           500
model/q_z_given_x/rnn_q_z/dense/kernel                          (500, 500)   250,000
model/q_z_given_x/rnn_q_z/dense/bias                            (500,)           500
model/q_z_given_x/rnn_q_z/dense_1/kernel                        (500, 500)   250,000
model/q_z_given_x/rnn_q_z/dense_1/bias                          (500,)           500
model/vae/variational/z_mean/kernel                             (503, 3)       1,509
model/vae/variational/z_mean/bias                               (3,)               3
model/vae/variational/z_std/kernel                              (503, 3)       1,509
model/vae/variational/z_std/bias                                (3,)               3
model/posterior_flow/_0/w                                       (1, 3)             3
model/posterior_flow/_0/b                                       (1,)               1
model/posterior_flow/_0/u                                       (1, 3)             3
model/posterior_flow/_1/w                                       (1, 3)             3
model/posterior_flow/_1/b                                       (1,)               1
model/posterior_flow/_1/u                                       (1, 3)             3
model/posterior_flow/_2/w                                       (1, 3)             3
model/posterior_flow/_2/b                                       (1,)               1
model/posterior_flow/_2/u                                       (1, 3)             3
model/posterior_flow/_3/w                                       (1, 3)             3
model/posterior_flow/_3/b                                       (1,)               1
model/posterior_flow/_3/u                                       (1, 3)             3
model/posterior_flow/_4/w                                       (1, 3)             3
model/posterior_flow/_4/b                                       (1,)               1
model/posterior_flow/_4/u                                       (1, 3)             3
model/posterior_flow/_5/w                                       (1, 3)             3
model/posterior_flow/_5/b                                       (1,)               1
model/posterior_flow/_5/u                                       (1, 3)             3
model/posterior_flow/_6/w                                       (1, 3)             3
model/posterior_flow/_6/b                                       (1,)               1
model/posterior_flow/_6/u                                       (1, 3)             3
model/posterior_flow/_7/w                                       (1, 3)             3
model/posterior_flow/_7/b                                       (1,)               1
model/posterior_flow/_7/u                                       (1, 3)             3
model/posterior_flow/_8/w                                       (1, 3)             3
model/posterior_flow/_8/b                                       (1,)               1
model/posterior_flow/_8/u                                       (1, 3)             3
model/posterior_flow/_9/w                                       (1, 3)             3
model/posterior_flow/_9/b                                       (1,)               1
model/posterior_flow/_9/u                                       (1, 3)             3
model/posterior_flow/_10/w                                      (1, 3)             3
model/posterior_flow/_10/b                                      (1,)               1
model/posterior_flow/_10/u                                      (1, 3)             3
model/posterior_flow/_11/w                                      (1, 3)             3
model/posterior_flow/_11/b                                      (1,)               1
model/posterior_flow/_11/u                                      (1, 3)             3
model/posterior_flow/_12/w                                      (1, 3)             3
model/posterior_flow/_12/b                                      (1,)               1
model/posterior_flow/_12/u                                      (1, 3)             3
model/posterior_flow/_13/w                                      (1, 3)             3
model/posterior_flow/_13/b                                      (1,)               1
model/posterior_flow/_13/u                                      (1, 3)             3
model/posterior_flow/_14/w                                      (1, 3)             3
model/posterior_flow/_14/b                                      (1,)               1
model/posterior_flow/_14/u                                      (1, 3)             3
model/posterior_flow/_15/w                                      (1, 3)             3
model/posterior_flow/_15/b                                      (1,)               1
model/posterior_flow/_15/u                                      (1, 3)             3
model/posterior_flow/_16/w                                      (1, 3)             3
model/posterior_flow/_16/b                                      (1,)               1
model/posterior_flow/_16/u                                      (1, 3)             3
model/posterior_flow/_17/w                                      (1, 3)             3
model/posterior_flow/_17/b                                      (1,)               1
model/posterior_flow/_17/u                                      (1, 3)             3
model/posterior_flow/_18/w                                      (1, 3)             3
model/posterior_flow/_18/b                                      (1,)               1
model/posterior_flow/_18/u                                      (1, 3)             3
model/posterior_flow/_19/w                                      (1, 3)             3
model/posterior_flow/_19/b                                      (1,)               1
model/posterior_flow/_19/u                                      (1, 3)             3
model/p_x_given_z/hidden/rnn_p_x/rnn/gru_cell/gates/kernel      (503, 1000)  503,000
model/p_x_given_z/hidden/rnn_p_x/rnn/gru_cell/gates/bias        (1000,)        1,000
model/p_x_given_z/hidden/rnn_p_x/rnn/gru_cell/candidate/kernel  (503, 500)   251,500
model/p_x_given_z/hidden/rnn_p_x/rnn/gru_cell/candidate/bias    (500,)           500
model/p_x_given_z/hidden/rnn_p_x/dense/kernel                   (500, 500)   250,000
model/p_x_given_z/hidden/rnn_p_x/dense/bias                     (500,)           500
model/p_x_given_z/hidden/rnn_p_x/dense_1/kernel                 (500, 500)   250,000
model/p_x_given_z/hidden/rnn_p_x/dense_1/bias                   (500,)           500
model/p_x_given_z/x_mean/kernel                                 (500, 19)      9,500
model/p_x_given_z/x_mean/bias                                   (19,)             19
model/p_x_given_z/x_std/kernel                                  (500, 19)      9,500
model/p_x_given_z/x_std/bias                                    (19,)             19/home/hz/anaconda3/envs/py36/lib/python3.6/site-packages/tensorflow/python/framework/dtypes.py:523: FutureWarning: Passing (type, 1) or '1type' as a synonym of type is deprecated; in a future version of numpy, it will be understood as (type, (1,)) / '(1,)type'.
  _np_qint8 = np.dtype([("qint8", np.int8, 1)])
/home/hz/anaconda3/envs/py36/lib/python3.6/site-packages/tensorflow/python/framework/dtypes.py:524: FutureWarning: Passing (type, 1) or '1type' as a synonym of type is deprecated; in a future version of numpy, it will be understood as (type, (1,)) / '(1,)type'.
  _np_quint8 = np.dtype([("quint8", np.uint8, 1)])
/home/hz/anaconda3/envs/py36/lib/python3.6/site-packages/tensorflow/python/framework/dtypes.py:525: FutureWarning: Passing (type, 1) or '1type' as a synonym of type is deprecated; in a future version of numpy, it will be understood as (type, (1,)) / '(1,)type'.
  _np_qint16 = np.dtype([("qint16", np.int16, 1)])
/home/hz/anaconda3/envs/py36/lib/python3.6/site-packages/tensorflow/python/framework/dtypes.py:526: FutureWarning: Passing (type, 1) or '1type' as a synonym of type is deprecated; in a future version of numpy, it will be understood as (type, (1,)) / '(1,)type'.
  _np_quint16 = np.dtype([("quint16", np.uint16, 1)])
/home/hz/anaconda3/envs/py36/lib/python3.6/site-packages/tensorflow/python/framework/dtypes.py:527: FutureWarning: Passing (type, 1) or '1type' as a synonym of type is deprecated; in a future version of numpy, it will be understood as (type, (1,)) / '(1,)type'.
  _np_qint32 = np.dtype([("qint32", np.int32, 1)])
/home/hz/anaconda3/envs/py36/lib/python3.6/site-packages/tensorflow/python/framework/dtypes.py:532: FutureWarning: Passing (type, 1) or '1type' as a synonym of type is deprecated; in a future version of numpy, it will be understood as (type, (1,)) / '(1,)type'.
  np_resource = np.dtype([("resource", np.ubyte, 1)])
/home/hz/anaconda3/envs/py36/lib/python3.6/site-packages/tfsnippet/utils/tfver.py:22: DeprecationWarning: Function 'semver.compare' is deprecated. Deprecated since version 2.10.0.  This function will be removed in semver 3. Use the respective 'semver.VersionInfo.compare' instead.
  compare_result = semver.compare(version, tf.__version__)
/home/hz/anaconda3/envs/py36/lib/python3.6/site-packages/tfsnippet/utils/tfver.py:22: DeprecationWarning: Function 'semver.compare' is deprecated. Deprecated since version 2.10.0.  This function will be removed in semver 3. Use the respective 'semver.VersionInfo.compare' instead.
  compare_result = semver.compare(version, tf.__version__)
INFO:tensorflow:Restoring parameters from /tmp/tmpa6rff852/variables.dat-1100
2025-06-21 10:22:05,125 [INFO] tensorflow: Restoring parameters from /tmp/tmpa6rff852/variables.dat-1100
  0%|          | 0/4221 [00:00<?, ?it/s]100%|██████████| 4221/4221 [00:00<00:00, 286220.31it/s]

train_values: (6048, 19)
[Epoch 1/10, Step 100] step time: 1.434s (±4.215s); train time: 1m 50.49s; valid time: 32.99s; loss: 4.77241 (±24.3835); valid loss: -2.46465 (*)
train_values: (6048, 19)
[Epoch 2/10, Step 200, ETA 20m 35.25s] step time: 1.085s (±2.76s); train time: 1m 6.896s; valid time: 27.68s; loss: -1.92261 (±3.61399); valid loss: -4.50478 (*)
train_values: (6048, 19)
[Epoch 3/10, Step 300, ETA 17m 40.97s] step time: 1.095s (±2.703s); train time: 52.58s; valid time: 27.18s; loss: -2.90342 (±2.71172); valid loss: -4.95178 (*)
train_values: (6048, 19)
[Epoch 4/10, Step 400, ETA 15m 19.28s] step time: 1.096s (±2.688s); train time: 37.63s; valid time: 27.18s; loss: -3.89853 (±1.64391); valid loss: -5.4648 (*)
train_values: (6048, 19)
[Epoch 5/10, Step 500, ETA 13m 6.689s] step time: 1.069s (±2.468s); train time: 22.64s; valid time: 24.63s; loss: -4.16631 (±1.57072); valid loss: -4.12879
train_values: (6048, 19)
[Epoch 6/10, Step 600, ETA 11m 1.956s] step time: 1.063s (±2.429s); train time: 7.697s; valid time: 24.4s; loss: -2.91776 (±4.72847); valid loss: -3.069
[Epoch 6/10, Step 700, ETA 9m 2.281s] step time: 1.06s (±2.454s); train time: 1m 21.37s; valid time: 24.67s; loss: -4.11255 (±1.4273); valid loss: -5.31087
train_values: (6048, 19)
[Epoch 7/10, Step 800, ETA 7m 6.518s] step time: 1.07s (±2.465s); train time: 1m 15.63s; valid time: 24.72s; loss: -3.79662 (±1.94568); valid loss: -4.3127
train_values: (6048, 19)
[Epoch 8/10, Step 900, ETA 5m 12.82s] step time: 1.075s (±2.468s); train time: 1m 1.329s; valid time: 24.83s; loss: -5.00186 (±1.4639); valid loss: -4.90303
train_values: (6048, 19)
[Epoch 9/10, Step 1000, ETA 3m 20.42s] step time: 1.079s (±2.493s); train time: 47.09s; valid time: 25.01s; loss: -5.15699 (±1.65494); valid loss: -5.0462
train_values: (6048, 19)
[Epoch 10/10, Step 1100, ETA 1m 28.96s] step time: 1.097s (±2.711s); train time: 31.96s; valid time: 27.18s; loss: -6.11141 (±1.54886); valid loss: -7.76844 (*)
train end time:  2025-06-21 10:22:05
train time:  1320.5468637943268
test start time:  2025-06-21 10:22:05
------------------------------ testing ------------------------------
test_score shape:  (4221, 19)
test_z shape:  (4221, 100, 6)
search range:  -400.0 400.0
cur thr:  -399.0 [0.0, 0.0, 0.0, 0.0, 4147.0, 0.0, 74.0, 0.0] [0.0, 0.0, 0.0, 0.0, 4147.0, 0.0, 74.0, 0.0] -399.0
cur thr:  -349.0 [0.0, 0.0, 0.0, 0.0, 4147.0, 0.0, 74.0, 0.0] [0.0, 0.0, 0.0, 0.0, 4147.0, 0.0, 74.0, 0.0] -399.0
cur thr:  -299.0 [0.0, 0.0, 0.0, 0.0, 4147.0, 0.0, 74.0, 0.0] [0.0, 0.0, 0.0, 0.0, 4147.0, 0.0, 74.0, 0.0] -399.0
cur thr:  -249.0 [0.0, 0.0, 0.0, 0.0, 4147.0, 0.0, 74.0, 0.0] [0.0, 0.0, 0.0, 0.0, 4147.0, 0.0, 74.0, 0.0] -399.0
cur thr:  -199.0 [0.0, 0.0, 0.0, 0.0, 4147.0, 0.0, 74.0, 0.0] [0.0, 0.0, 0.0, 0.0, 4147.0, 0.0, 74.0, 0.0] -399.0
cur thr:  -149.0 [0.0, 0.0, 0.0, 0.0, 4147.0, 0.0, 74.0, 0.0] [0.0, 0.0, 0.0, 0.0, 4147.0, 0.0, 74.0, 0.0] -399.0
cur thr:  -99.0 [0.0, 0.0, 0.0, 0.0, 4147.0, 0.0, 74.0, 0.0] [0.0, 0.0, 0.0, 0.0, 4147.0, 0.0, 74.0, 0.0] -399.0
cur thr:  -49.0 [0.6271138609942805, 0.8409088997934318, 0.49999993243244156, 37.0, 4140.0, 7.0, 37.0, 4.4997750112494375] [0.6324738754084585, 0.8604649161709497, 0.49999993243244156, 37.0, 4141.0, 6.0, 37.0, 4.4997750112494375] -50.0
cur thr:  1.0 [0.2280970189668147, 0.12994350037771185, 0.9324323064280666, 69.0, 3685.0, 462.0, 5.0, 2.999940001199976] [0.6324738754084585, 0.8604649161709497, 0.49999993243244156, 37.0, 4141.0, 6.0, 37.0, 4.4997750112494375] -50.0
cur thr:  51.0 [0.034458334068533714, 0.017531390624185288, 0.9999998648648831, 74.0, 0.0, 4147.0, 0.0, 0.0] [0.6324738754084585, 0.8604649161709497, 0.49999993243244156, 37.0, 4141.0, 6.0, 37.0, 4.4997750112494375] -50.0
cur thr:  101.0 [0.034458334068533714, 0.017531390624185288, 0.9999998648648831, 74.0, 0.0, 4147.0, 0.0, 0.0] [0.6324738754084585, 0.8604649161709497, 0.49999993243244156, 37.0, 4141.0, 6.0, 37.0, 4.4997750112494375] -50.0
cur thr:  151.0 [0.034458334068533714, 0.017531390624185288, 0.9999998648648831, 74.0, 0.0, 4147.0, 0.0, 0.0] [0.6324738754084585, 0.8604649161709497, 0.49999993243244156, 37.0, 4141.0, 6.0, 37.0, 4.4997750112494375] -50.0
cur thr:  201.0 [0.034458334068533714, 0.017531390624185288, 0.9999998648648831, 74.0, 0.0, 4147.0, 0.0, 0.0] [0.6324738754084585, 0.8604649161709497, 0.49999993243244156, 37.0, 4141.0, 6.0, 37.0, 4.4997750112494375] -50.0
cur thr:  251.0 [0.034458334068533714, 0.017531390624185288, 0.9999998648648831, 74.0, 0.0, 4147.0, 0.0, 0.0] [0.6324738754084585, 0.8604649161709497, 0.49999993243244156, 37.0, 4141.0, 6.0, 37.0, 4.4997750112494375] -50.0
cur thr:  301.0 [0.034458334068533714, 0.017531390624185288, 0.9999998648648831, 74.0, 0.0, 4147.0, 0.0, 0.0] [0.6324738754084585, 0.8604649161709497, 0.49999993243244156, 37.0, 4141.0, 6.0, 37.0, 4.4997750112494375] -50.0
cur thr:  351.0 [0.034458334068533714, 0.017531390624185288, 0.9999998648648831, 74.0, 0.0, 4147.0, 0.0, 0.0] [0.6324738754084585, 0.8604649161709497, 0.49999993243244156, 37.0, 4141.0, 6.0, 37.0, 4.4997750112494375] -50.0
[0.6324738754084585, 0.8604649161709497, 0.49999993243244156, 37.0, 4141.0, 6.0, 37.0, 4.4997750112494375] -50.0
label_file: ServerMachineDataset/interpretation_label/omi-5.txt
Initial threshold : 33.642056
Number of peaks : 64
Grimshaw maximum log-likelihood estimation ... [done]
	γ = 0
	σ = 15.239409
	L = 238.32862715470245
Extreme quantile (probability = 0.001): 64.3343021268864
29
4221
POT result:  (0.5692257775570275, 0.6607141677296129, 0.49999993243244156, 37.0, 4128.0, 19.0, 37.0) -36.48514208494677 4.4997750112494375

=== 全局调试信息 ===
y_true shape: (4221,), unique values: [0. 1.]
y_pred shape: (4221,), unique values: [False  True]
feature_scores shape: (4221, 19)
interpretation_segments 数量: 6


=== 处理第 1/6 段 ===
原始段范围: orig_start=765, orig_end=781
调整后段范围: start=666, end=682
段内真实标签 (seg_true): [1. 1. 1. 1. 1. 1. 1. 1. 1. 1. 1. 1. 1. 1. 1. 1. 1.]
段内预测标签 (seg_pred): [False False False False False False False False False False False False
 False False False False False]
段内真实异常时间点索引 (相对段内): [ 0  1  2  3  4  5  6  7  8  9 10 11 12 13 14 15 16]
段内是否有预测为异常的时间点: False
真实异常维度 (0-based): [5, 6, 7, 8, 9, 10, 11, 12, 13, 14, 15, 16, 17, 18]
段内检测到的异常时间点索引 (相对段内): []
未检测到任何异常点，将整个段中的时间索引标记为异常
选择的维度数量 (k): 5 (基于真实异常维度数的 100%)
推断的异常维度 (0-based): [0, 1, 2, 3, 4, 5, 6]
真实与推断的交集: [5, 6]
段内指标: TP=2, FP=5, FN=12, TN=0, IPS=0.1429

=== 处理第 2/6 段 ===
原始段范围: orig_start=1589, orig_end=1617
调整后段范围: start=1490, end=1518
段内真实标签 (seg_true): [1. 1. 1. 1. 1. 1. 1. 1. 1. 1. 1. 1. 1. 1. 1. 1. 1. 1. 1. 1. 1. 1. 1. 1.
 1. 1. 1. 1. 1.]
段内预测标签 (seg_pred): [ True  True  True  True  True  True  True  True  True  True  True  True
  True  True  True  True  True  True  True  True  True  True  True  True
  True  True  True  True  True]
段内真实异常时间点索引 (相对段内): [ 0  1  2  3  4  5  6  7  8  9 10 11 12 13 14 15 16 17 18 19 20 21 22 23
 24 25 26 27 28]
段内是否有预测为异常的时间点: True
真实异常维度 (0-based): [1, 3, 16]
段内检测到的异常时间点索引 (相对段内): [ 0  1  2  3  4  5  6  7  8  9 10 11 12 13 14 15 16 17 18 19 20 21 22 23
 24 25 26 27 28]
选择的维度数量 (k): 5 (基于真实异常维度数的 100%)
推断的异常维度 (0-based): [0, 1, 2, 3, 4, 5, 6, 7, 8, 11, 18]
真实与推断的交集: [1, 3]
段内指标: TP=2, FP=9, FN=1, TN=7, IPS=0.6667

=== 处理第 3/6 段 ===
原始段范围: orig_start=2440, orig_end=2446
调整后段范围: start=2341, end=2347
段内真实标签 (seg_true): [1. 1. 1. 1. 1. 1. 1.]
段内预测标签 (seg_pred): [False False False False False False False]
段内真实异常时间点索引 (相对段内): [0 1 2 3 4 5 6]
段内是否有预测为异常的时间点: False
真实异常维度 (0-based): [7, 10, 11, 12, 13, 14, 15, 16, 17, 18]

段内检测到的异常时间点索引 (相对段内): []
未检测到任何异常点，将整个段中的时间索引标记为异常
选择的维度数量 (k): 5 (基于真实异常维度数的 100%)
推断的异常维度 (0-based): [0, 1, 2, 3, 4, 5, 11]
真实与推断的交集: [11]
段内指标: TP=1, FP=6, FN=9, TN=3, IPS=0.1000

=== 处理第 4/6 段 ===
原始段范围: orig_start=3356, orig_end=3363
调整后段范围: start=3257, end=3264
段内真实标签 (seg_true): [1. 1. 1. 1. 1. 1. 1. 1.]
段内预测标签 (seg_pred): [False False False False False False False False]
段内真实异常时间点索引 (相对段内): [0 1 2 3 4 5 6 7]
段内是否有预测为异常的时间点: False
真实异常维度 (0-based): [4, 5, 16]
段内检测到的异常时间点索引 (相对段内): []
未检测到任何异常点，将整个段中的时间索引标记为异常
选择的维度数量 (k): 5 (基于真实异常维度数的 100%)
推断的异常维度 (0-based): [0, 1, 2, 3, 4, 6, 7, 8]
真实与推断的交集: [4]
段内指标: TP=1, FP=7, FN=2, TN=9, IPS=0.3333

=== 处理第 5/6 段 ===
原始段范围: orig_start=3416, orig_end=3423
调整后段范围: start=3317, end=3324
段内真实标签 (seg_true): [1. 1. 1. 1. 1. 1. 1. 1.]
段内预测标签 (seg_pred): [ True  True  True  True  True  True  True  True]
段内真实异常时间点索引 (相对段内): [0 1 2 3 4 5 6 7]
段内是否有预测为异常的时间点: True
真实异常维度 (0-based): [3, 4, 6, 8, 9, 10, 11, 12, 13, 14, 15, 16, 17, 18]
段内检测到的异常时间点索引 (相对段内): [0 1 2 3 4 5 6 7]
选择的维度数量 (k): 5 (基于真实异常维度数的 100%)
推断的异常维度 (0-based): [0, 1, 2, 3, 4, 6, 7, 8, 11, 13, 16]
真实与推断的交集: [3, 4, 6, 8, 11, 13, 16]
段内指标: TP=7, FP=4, FN=7, TN=1, IPS=0.5000

=== 处理第 6/6 段 ===
原始段范围: orig_start=3590, orig_end=3594
调整后段范围: start=3491, end=3495
段内真实标签 (seg_true): [1. 1. 1. 1. 1.]
段内预测标签 (seg_pred): [False False False False False]
段内真实异常时间点索引 (相对段内): [0 1 2 3 4]
段内是否有预测为异常的时间点: False
真实异常维度 (0-based): [0, 7, 16, 17, 18]
段内检测到的异常时间点索引 (相对段内): []
未检测到任何异常点，将整个段中的时间索引标记为异常
选择的维度数量 (k): 5 (基于真实异常维度数的 100%)
推断的异常维度 (0-based): [1, 2, 3, 4, 5, 7, 8]
真实与推断的交集: [7]
段内指标: TP=1, FP=6, FN=4, TN=8, IPS=0.2000

=== 汇总指标 ===
总 TP: 14, 总 TN: 28, 总 FP: 37, 总 FN: 35
平均 IPS: 0.4071, Precision: 0.2745, Recall: 0.2857, F1: 0.2800
每段IPS与混淆: [{'original_start': 765, 'original_end': 781, 'start': 666, 'end': 682, 'TP': 2, 'TN': 0, 'FP': 5, 'FN': 12, 'IPS': 0.14285714285714285, 'k_selected': 5, 'gt_dims_count': 14}, {'original_start': 1589, 'original_end': 1617, 'start': 1490, 'end': 1518, 'TP': 2, 'TN': 7, 'FP': 9, 'FN': 1, 'IPS': 0.6666666666666666, 'k_selected': 5, 'gt_dims_count': 3}, {'original_start': 2440, 'original_end': 2446, 'start': 2341, 'end': 2347, 'TP': 1, 'TN': 3, 'FP': 6, 'FN': 9, 'IPS': 0.1, 'k_selected': 5, 'gt_dims_count': 10}, {'original_start': 3356, 'original_end': 3363, 'start': 3257, 'end': 3264, 'TP': 1, 'TN': 9, 'FP': 7, 'FN': 2, 'IPS': 0.3333333333333333, 'k_selected': 5, 'gt_dims_count': 3}, {'original_start': 3416, 'original_end': 3423, 'start': 3317, 'end': 3324, 'TP': 7, 'TN': 1, 'FP': 4, 'FN': 7, 'IPS': 0.5, 'k_selected': 5, 'gt_dims_count': 14}, {'original_start': 3590, 'original_end': 3594, 'start': 3491, 'end': 3495, 'TP': 1, 'TN': 8, 'FP': 6, 'FN': 4, 'IPS': 0.2, 'k_selected': 5, 'gt_dims_count': 5}]
总和: {'TP': 14, 'TN': 28, 'FP': 37, 'FN': 35, 'IPS': 0.40714285714285714, 'precision': 0.27450980392156865, 'recall': 0.2857142857142857, 'F1': 0.27999999999999997}
test end time:  2025-06-21 10:24:26
test time:  140.71537113189697
==============================result==============================
{'FN': 37.0,
 'FP': 6.0,
 'TN': 4141.0,
 'TP': 37.0,
 'best-f1': 0.6324738754084585,
 'best_valid_loss': -7.76843630301632,
 'dataset': 'omi-5',
 'latency': 4.4997750112494375,
 'pot-FN': 37.0,
 'pot-FP': 19.0,
 'pot-TN': 4128.0,
 'pot-TP': 37.0,
 'pot-f1': 0.5692257775570275,
 'pot-latency': 4.4997750112494375,
 'pot-precision': 0.6607141677296129,
 'pot-recall': 0.49999993243244156,
 'pot-threshold': -36.48514208494677,
 'precision': 0.8604649161709497,
 'pred_time': 0.48187999164356904,
 'pred_total_time': 41.03827238082886,
 'recall': 0.49999993243244156,
 'segment_results': [{'FN': 12,
                      'FP': 5,
                      'IPS': 0.14285714285714285,
                      'TN': 0,
                      'TP': 2,
                      'end': 682,
                      'gt_dims_count': 14,
                      'k_selected': 5,
                      'original_end': 781,
                      'original_start': 765,
                      'start': 666},
                     {'FN': 1,
                      'FP': 9,
                      'IPS': 0.6666666666666666,
                      'TN': 7,
                      'TP': 2,
                      'end': 1518,
                      'gt_dims_count': 3,
                      'k_selected': 5,
                      'original_end': 1617,
                      'original_start': 1589,
                      'start': 1490},
                     {'FN': 9,
                      'FP': 6,
                      'IPS': 0.1,
                      'TN': 3,
                      'TP': 1,
                      'end': 2347,
                      'gt_dims_count': 10,
                      'k_selected': 5,
                      'original_end': 2446,
                      'original_start': 2440,
                      'start': 2341},
                     {'FN': 2,
                      'FP': 7,
                      'IPS': 0.3333333333333333,
                      'TN': 9,
                      'TP': 1,
                      'end': 3264,
                      'gt_dims_count': 3,
                      'k_selected': 5,
                      'original_end': 3363,
                      'original_start': 3356,
                      'start': 3257},
                     {'FN': 7,
                      'FP': 4,
                      'IPS': 0.5,
                      'TN': 1,
                      'TP': 7,
                      'end': 3324,
                      'gt_dims_count': 14,
                      'k_selected': 5,
                      'original_end': 3423,
                      'original_start': 3416,
                      'start': 3317},
                     {'FN': 4,
                      'FP': 6,
                      'IPS': 0.2,
                      'TN': 8,
                      'TP': 1,
                      'end': 3495,
                      'gt_dims_count': 5,
                      'k_selected': 5,
                      'original_end': 3594,
                      'original_start': 3590,
                      'start': 3491}],
 'segment_summary': {'F1': 0.27999999999999997,
                     'FN': 35,
                     'FP': 37,
                     'IPS': 0.40714285714285714,
                     'TN': 28,
                     'TP': 14,
                     'precision': 0.27450980392156865,
                     'recall': 0.2857142857142857},
 'threshold': -50.0,
 'train_time': 129.36571412086488,
 'valid_time': 0.5035101816870949}
