2025-06-21 09:21:08.317099: I tensorflow/core/platform/cpu_feature_guard.cc:141] Your CPU supports instructions that this TensorFlow binary was not compiled to use: AVX2 AVX512F FMA
Configurations
===========================================
{'batch_size': 50,
 'bf_search_max': 400.0,
 'bf_search_min': -400.0,
 'bf_search_step_size': 1.0,
 'dataset': 'omi-3',
 'dense_dim': 500,
 'early_stop': True,
 'get_score_on_dim': True,
 'gradient_clip_norm': 10.0,
 'initial_lr': 0.001,
 'l2_reg': 0.0001,
 'level': 0.0075,
 'lr_anneal_epoch_freq': 40,
 'lr_anneal_factor': 0.5,
 'lr_anneal_step_freq': None,
 'max_epoch': 10,
 'max_test_size': None,
 'max_train_size': None,
 'nf_layers': 20,
 'percentage_Dimension': 30.0,
 'posterior_flow_type': 'nf',
 'restore_dir': None,
 'result_dir': 'result',
 'rnn_cell': 'GRU',
 'rnn_num_hidden': 500,
 'save_dir': 'model',
 'save_z': False,
 'std_epsilon': 0.0001,
 'test_batch_size': 50,
 'test_n_z': 1,
 'test_score_filename': 'test_score.pkl',
 'test_start': 0,
 'train_score_filename': 'train_score.pkl',
 'train_start': 0,
 'use_connected_z_p': True,
 'use_connected_z_q': True,
 'valid_step_freq': 100,
 'window_length': 100,
 'x_dim': 19,
 'z_dim': 3}

train start time:  2025-06-21 09:20:54
load data of: omi-3
train:  0 None
test:  0 None
Data normalized
Data normalized
train set shape:  (8640, 19)
test set shape:  (4320, 19)
test set label shape:  (4320,)
Trainable Parameters                                            (2,560,202 in total)
------------------------------------------------------------------------------------
model/q_z_given_x/rnn_q_z/rnn/gru_cell/gates/kernel             (519, 1000)  519,000
model/q_z_given_x/rnn_q_z/rnn/gru_cell/gates/bias               (1000,)        1,000
model/q_z_given_x/rnn_q_z/rnn/gru_cell/candidate/kernel         (519, 500)   259,500
model/q_z_given_x/rnn_q_z/rnn/gru_cell/candidate/bias           (500,)           500
model/q_z_given_x/rnn_q_z/dense/kernel                          (500, 500)   250,000
model/q_z_given_x/rnn_q_z/dense/bias                            (500,)           500
model/q_z_given_x/rnn_q_z/dense_1/kernel                        (500, 500)   250,000
model/q_z_given_x/rnn_q_z/dense_1/bias                          (500,)           500
model/vae/variational/z_mean/kernel                             (503, 3)       1,509
model/vae/variational/z_mean/bias                               (3,)               3
model/vae/variational/z_std/kernel                              (503, 3)       1,509
model/vae/variational/z_std/bias                                (3,)               3
model/posterior_flow/_0/w                                       (1, 3)             3
model/posterior_flow/_0/b                                       (1,)               1
model/posterior_flow/_0/u                                       (1, 3)             3
model/posterior_flow/_1/w                                       (1, 3)             3
model/posterior_flow/_1/b                                       (1,)               1
model/posterior_flow/_1/u                                       (1, 3)             3
model/posterior_flow/_2/w                                       (1, 3)             3
model/posterior_flow/_2/b                                       (1,)               1
model/posterior_flow/_2/u                                       (1, 3)             3
model/posterior_flow/_3/w                                       (1, 3)             3
model/posterior_flow/_3/b                                       (1,)               1
model/posterior_flow/_3/u                                       (1, 3)             3
model/posterior_flow/_4/w                                       (1, 3)             3
model/posterior_flow/_4/b                                       (1,)               1
model/posterior_flow/_4/u                                       (1, 3)             3
model/posterior_flow/_5/w                                       (1, 3)             3
model/posterior_flow/_5/b                                       (1,)               1
model/posterior_flow/_5/u                                       (1, 3)             3
model/posterior_flow/_6/w                                       (1, 3)             3
model/posterior_flow/_6/b                                       (1,)               1
model/posterior_flow/_6/u                                       (1, 3)             3
model/posterior_flow/_7/w                                       (1, 3)             3
model/posterior_flow/_7/b                                       (1,)               1
model/posterior_flow/_7/u                                       (1, 3)             3
model/posterior_flow/_8/w                                       (1, 3)             3
model/posterior_flow/_8/b                                       (1,)               1
model/posterior_flow/_8/u                                       (1, 3)             3
model/posterior_flow/_9/w                                       (1, 3)             3
model/posterior_flow/_9/b                                       (1,)               1
model/posterior_flow/_9/u                                       (1, 3)             3
model/posterior_flow/_10/w                                      (1, 3)             3
model/posterior_flow/_10/b                                      (1,)               1
model/posterior_flow/_10/u                                      (1, 3)             3
model/posterior_flow/_11/w                                      (1, 3)             3
model/posterior_flow/_11/b                                      (1,)               1
model/posterior_flow/_11/u                                      (1, 3)             3
model/posterior_flow/_12/w                                      (1, 3)             3
model/posterior_flow/_12/b                                      (1,)               1
model/posterior_flow/_12/u                                      (1, 3)             3
model/posterior_flow/_13/w                                      (1, 3)             3
model/posterior_flow/_13/b                                      (1,)               1
model/posterior_flow/_13/u                                      (1, 3)             3
model/posterior_flow/_14/w                                      (1, 3)             3
model/posterior_flow/_14/b                                      (1,)               1
model/posterior_flow/_14/u                                      (1, 3)             3
model/posterior_flow/_15/w                                      (1, 3)             3
model/posterior_flow/_15/b                                      (1,)               1
model/posterior_flow/_15/u                                      (1, 3)             3
model/posterior_flow/_16/w                                      (1, 3)             3
model/posterior_flow/_16/b                                      (1,)               1
model/posterior_flow/_16/u                                      (1, 3)             3
model/posterior_flow/_17/w                                      (1, 3)             3
model/posterior_flow/_17/b                                      (1,)               1
model/posterior_flow/_17/u                                      (1, 3)             3
model/posterior_flow/_18/w                                      (1, 3)             3
model/posterior_flow/_18/b                                      (1,)               1
model/posterior_flow/_18/u                                      (1, 3)             3
model/posterior_flow/_19/w                                      (1, 3)             3
model/posterior_flow/_19/b                                      (1,)               1
model/posterior_flow/_19/u                                      (1, 3)             3
model/p_x_given_z/hidden/rnn_p_x/rnn/gru_cell/gates/kernel      (503, 1000)  503,000
model/p_x_given_z/hidden/rnn_p_x/rnn/gru_cell/gates/bias        (1000,)        1,000
model/p_x_given_z/hidden/rnn_p_x/rnn/gru_cell/candidate/kernel  (503, 500)   251,500
model/p_x_given_z/hidden/rnn_p_x/rnn/gru_cell/candidate/bias    (500,)           500
model/p_x_given_z/hidden/rnn_p_x/dense/kernel                   (500, 500)   250,000
model/p_x_given_z/hidden/rnn_p_x/dense/bias                     (500,)           500
model/p_x_given_z/hidden/rnn_p_x/dense_1/kernel                 (500, 500)   250,000
model/p_x_given_z/hidden/rnn_p_x/dense_1/bias                   (500,)           500
model/p_x_given_z/x_mean/kernel                                 (500, 19)      9,500
model/p_x_given_z/x_mean/bias                                   (19,)             19
model/p_x_given_z/x_std/kernel                                  (500, 19)      9,500
model/p_x_given_z/x_std/bias                                    (19,)             19/home/hz/anaconda3/envs/py36/lib/python3.6/site-packages/tensorflow/python/framework/dtypes.py:523: FutureWarning: Passing (type, 1) or '1type' as a synonym of type is deprecated; in a future version of numpy, it will be understood as (type, (1,)) / '(1,)type'.
  _np_qint8 = np.dtype([("qint8", np.int8, 1)])
/home/hz/anaconda3/envs/py36/lib/python3.6/site-packages/tensorflow/python/framework/dtypes.py:524: FutureWarning: Passing (type, 1) or '1type' as a synonym of type is deprecated; in a future version of numpy, it will be understood as (type, (1,)) / '(1,)type'.
  _np_quint8 = np.dtype([("quint8", np.uint8, 1)])
/home/hz/anaconda3/envs/py36/lib/python3.6/site-packages/tensorflow/python/framework/dtypes.py:525: FutureWarning: Passing (type, 1) or '1type' as a synonym of type is deprecated; in a future version of numpy, it will be understood as (type, (1,)) / '(1,)type'.
  _np_qint16 = np.dtype([("qint16", np.int16, 1)])
/home/hz/anaconda3/envs/py36/lib/python3.6/site-packages/tensorflow/python/framework/dtypes.py:526: FutureWarning: Passing (type, 1) or '1type' as a synonym of type is deprecated; in a future version of numpy, it will be understood as (type, (1,)) / '(1,)type'.
  _np_quint16 = np.dtype([("quint16", np.uint16, 1)])
/home/hz/anaconda3/envs/py36/lib/python3.6/site-packages/tensorflow/python/framework/dtypes.py:527: FutureWarning: Passing (type, 1) or '1type' as a synonym of type is deprecated; in a future version of numpy, it will be understood as (type, (1,)) / '(1,)type'.
  _np_qint32 = np.dtype([("qint32", np.int32, 1)])
/home/hz/anaconda3/envs/py36/lib/python3.6/site-packages/tensorflow/python/framework/dtypes.py:532: FutureWarning: Passing (type, 1) or '1type' as a synonym of type is deprecated; in a future version of numpy, it will be understood as (type, (1,)) / '(1,)type'.
  np_resource = np.dtype([("resource", np.ubyte, 1)])
/home/hz/anaconda3/envs/py36/lib/python3.6/site-packages/tfsnippet/utils/tfver.py:22: DeprecationWarning: Function 'semver.compare' is deprecated. Deprecated since version 2.10.0.  This function will be removed in semver 3. Use the respective 'semver.VersionInfo.compare' instead.
  compare_result = semver.compare(version, tf.__version__)
/home/hz/anaconda3/envs/py36/lib/python3.6/site-packages/tfsnippet/utils/tfver.py:22: DeprecationWarning: Function 'semver.compare' is deprecated. Deprecated since version 2.10.0.  This function will be removed in semver 3. Use the respective 'semver.VersionInfo.compare' instead.
  compare_result = semver.compare(version, tf.__version__)
INFO:tensorflow:Restoring parameters from /tmp/tmpy6r9hpnd/variables.dat-1000
2025-06-21 09:35:45,139 [INFO] tensorflow: Restoring parameters from /tmp/tmpy6r9hpnd/variables.dat-1000
  0%|          | 0/4221 [00:00<?, ?it/s]100%|██████████| 4221/4221 [00:00<00:00, 1257665.50it/s]

train_values: (6048, 19)
[Epoch 1/10, Step 100] step time: 0.9067s (±2.25s); train time: 1m 10.98s; valid time: 19.74s; loss: 3.70174 (±8.55391); valid loss: 1.20594 (*)
train_values: (6048, 19)
[Epoch 2/10, Step 200, ETA 13m 31.81s] step time: 0.749s (±1.712s); train time: 47.26s; valid time: 17.21s; loss: -2.06912 (±1.75495); valid loss: -1.93854 (*)
train_values: (6048, 19)
[Epoch 3/10, Step 300, ETA 11m 42.36s] step time: 0.7371s (±1.591s); train time: 37.04s; valid time: 16s; loss: -1.93508 (±1.68987); valid loss: -1.67179
train_values: (6048, 19)
[Epoch 4/10, Step 400, ETA 10m 13.26s] step time: 0.75s (±1.72s); train time: 26.7s; valid time: 17.3s; loss: -2.20671 (±1.54989); valid loss: -2.88683 (*)
train_values: (6048, 19)
[Epoch 5/10, Step 500, ETA 8m 48.42s] step time: 0.74s (±1.6s); train time: 16.22s; valid time: 16.07s; loss: -2.61493 (±2.15764); valid loss: -2.62591
train_values: (6048, 19)
[Epoch 6/10, Step 600, ETA 7m 28.33s] step time: 0.7519s (±1.721s); train time: 5.849s; valid time: 17.3s; loss: -3.06012 (±1.53411); valid loss: -3.78001 (*)
[Epoch 6/10, Step 700, ETA 6m 9.411s] step time: 0.749s (±1.71s); train time: 57.75s; valid time: 17.19s; loss: -2.12377 (±4.8281); valid loss: -4.88745 (*)
train_values: (6048, 19)
[Epoch 7/10, Step 800, ETA 4m 50.69s] step time: 0.7319s (±1.66s); train time: 52.05s; valid time: 16.7s; loss: -3.49016 (±2.33223); valid loss: -4.90991 (*)
train_values: (6048, 19)
[Epoch 8/10, Step 900, ETA 3m 32.86s] step time: 0.7217s (±1.559s); train time: 41.87s; valid time: 15.68s; loss: -4.10595 (±2.38914); valid loss: 2.84504
train_values: (6048, 19)
[Epoch 9/10, Step 1000, ETA 2m 16.37s] step time: 0.7335s (±1.705s); train time: 31.31s; valid time: 17.13s; loss: -4.57903 (±3.82398); valid loss: -7.44864 (*)
train_values: (6048, 19)
[Epoch 10/10, Step 1100, ETA 1m 0.2963s] step time: 0.7143s (±1.538s); train time: 21.32s; valid time: 15.46s; loss: -6.33444 (±1.44785); valid loss: -7.01916
train end time:  2025-06-21 09:35:45
train time:  890.7986798286438
test start time:  2025-06-21 09:35:45
------------------------------ testing ------------------------------
test_score shape:  (4221, 19)
test_z shape:  (4221, 100, 6)
search range:  -400.0 400.0
cur thr:  -399.0 [0.0, 0.0, 0.0, 0.0, 4075.0, 0.0, 146.0, 0.0] [0.0, 0.0, 0.0, 0.0, 4075.0, 0.0, 146.0, 0.0] -399.0
cur thr:  -349.0 [0.0, 0.0, 0.0, 0.0, 4075.0, 0.0, 146.0, 0.0] [0.0, 0.0, 0.0, 0.0, 4075.0, 0.0, 146.0, 0.0] -399.0
cur thr:  -299.0 [0.0, 0.0, 0.0, 0.0, 4075.0, 0.0, 146.0, 0.0] [0.0, 0.0, 0.0, 0.0, 4075.0, 0.0, 146.0, 0.0] -399.0
cur thr:  -249.0 [0.0, 0.0, 0.0, 0.0, 4075.0, 0.0, 146.0, 0.0] [0.0, 0.0, 0.0, 0.0, 4075.0, 0.0, 146.0, 0.0] -399.0
cur thr:  -199.0 [0.0, 0.0, 0.0, 0.0, 4075.0, 0.0, 146.0, 0.0] [0.0, 0.0, 0.0, 0.0, 4075.0, 0.0, 146.0, 0.0] -399.0
cur thr:  -149.0 [0.0, 0.0, 0.0, 0.0, 4074.0, 1.0, 146.0, 0.0] [0.0, 0.0, 0.0, 0.0, 4075.0, 0.0, 146.0, 0.0] -399.0
cur thr:  -99.0 [0.0, 0.0, 0.0, 0.0, 4072.0, 3.0, 146.0, 0.0] [0.0, 0.0, 0.0, 0.0, 4075.0, 0.0, 146.0, 0.0] -399.0
cur thr:  -49.0 [0.0, 0.0, 0.0, 0.0, 4068.0, 7.0, 146.0, 0.0] [0.0, 0.0, 0.0, 0.0, 4075.0, 0.0, 146.0, 0.0] -399.0
cur thr:  1.0 [0.25901906579784273, 0.18769230191715996, 0.4178081905610828, 61.0, 3811.0, 264.0, 85.0, 2.9997000299970003] [0.5398183875396563, 0.7624999046875118, 0.4178081905610828, 61.0, 4056.0, 19.0, 85.0, 25.997400259974004] -31.0
cur thr:  51.0 [0.06686447820308804, 0.03458895988014935, 0.999999931506854, 146.0, 0.0, 4075.0, 0.0, 0.0] [0.5398183875396563, 0.7624999046875118, 0.4178081905610828, 61.0, 4056.0, 19.0, 85.0, 25.997400259974004] -31.0
cur thr:  101.0 [0.06686447820308804, 0.03458895988014935, 0.999999931506854, 146.0, 0.0, 4075.0, 0.0, 0.0] [0.5398183875396563, 0.7624999046875118, 0.4178081905610828, 61.0, 4056.0, 19.0, 85.0, 25.997400259974004] -31.0
cur thr:  151.0 [0.06686447820308804, 0.03458895988014935, 0.999999931506854, 146.0, 0.0, 4075.0, 0.0, 0.0] [0.5398183875396563, 0.7624999046875118, 0.4178081905610828, 61.0, 4056.0, 19.0, 85.0, 25.997400259974004] -31.0
cur thr:  201.0 [0.06686447820308804, 0.03458895988014935, 0.999999931506854, 146.0, 0.0, 4075.0, 0.0, 0.0] [0.5398183875396563, 0.7624999046875118, 0.4178081905610828, 61.0, 4056.0, 19.0, 85.0, 25.997400259974004] -31.0
cur thr:  251.0 [0.06686447820308804, 0.03458895988014935, 0.999999931506854, 146.0, 0.0, 4075.0, 0.0, 0.0] [0.5398183875396563, 0.7624999046875118, 0.4178081905610828, 61.0, 4056.0, 19.0, 85.0, 25.997400259974004] -31.0
cur thr:  301.0 [0.06686447820308804, 0.03458895988014935, 0.999999931506854, 146.0, 0.0, 4075.0, 0.0, 0.0] [0.5398183875396563, 0.7624999046875118, 0.4178081905610828, 61.0, 4056.0, 19.0, 85.0, 25.997400259974004] -31.0
cur thr:  351.0 [0.06686447820308804, 0.03458895988014935, 0.999999931506854, 146.0, 0.0, 4075.0, 0.0, 0.0] [0.5398183875396563, 0.7624999046875118, 0.4178081905610828, 61.0, 4056.0, 19.0, 85.0, 25.997400259974004] -31.0
[0.5398183875396563, 0.7624999046875118, 0.4178081905610828, 61.0, 4056.0, 19.0, 85.0, 25.997400259974004] -31.0
label_file: ServerMachineDataset/interpretation_label/omi-3.txt
Initial threshold : 36.880726
Number of peaks : 64
Grimshaw maximum log-likelihood estimation ... [done]
	γ = 0
	σ = 24.315742
	L = 268.2319347068184
Extreme quantile (probability = 0.001): 85.8527524887576
15
4221
POT result:  (0.0, 0.0, 0.0, 0.0, 4065.0, 10.0, 146.0) -45.81426305644613 0.0

=== 全局调试信息 ===
y_true shape: (4221,), unique values: [0. 1.]
y_pred shape: (4221,), unique values: [False  True]
feature_scores shape: (4221, 19)
interpretation_segments 数量: 6


=== 处理第 1/6 段 ===
原始段范围: orig_start=760, orig_end=820
调整后段范围: start=661, end=721
段内真实标签 (seg_true): [1. 1. 1. 1. 1. 1. 1. 1. 1. 1. 1. 1. 1. 1. 1. 1. 1. 1. 1. 1. 1. 1. 1. 1.
 1. 1. 1. 1. 1. 1. 1. 1. 1. 1. 1. 1. 1. 1. 1. 1. 1. 1. 1. 1. 1. 1. 1. 1.
 1. 1. 1. 1. 1. 1. 1. 1. 1. 1. 1. 1. 1.]
段内预测标签 (seg_pred): [False False False False False False False False False False False False
 False False False False False False False False False False False False
 False False False False False False False False False False False False
 False False False False False False False False False False False False
 False False False False False False False False False False False False
 False]
段内真实异常时间点索引 (相对段内): [ 0  1  2  3  4  5  6  7  8  9 10 11 12 13 14 15 16 17 18 19 20 21 22 23
 24 25 26 27 28 29 30 31 32 33 34 35 36 37 38 39 40 41 42 43 44 45 46 47
 48 49 50 51 52 53 54 55 56 57 58 59 60]
段内是否有预测为异常的时间点: False
真实异常维度 (0-based): [0, 3, 5, 6, 7, 8, 9, 10, 11, 12, 13, 14, 15, 16, 17, 18]
段内检测到的异常时间点索引 (相对段内): []
未检测到任何异常点，将整个段中的时间索引标记为异常
选择的维度数量 (k): 5 (基于真实异常维度数的 100%)
推断的异常维度 (0-based): [0, 1, 2, 3, 4, 5, 6, 7, 8]
真实与推断的交集: [0, 3, 5, 6, 7, 8]
段内指标: TP=6, FP=3, FN=10, TN=0, IPS=0.3750

=== 处理第 2/6 段 ===
原始段范围: orig_start=842, orig_end=860
调整后段范围: start=743, end=761
段内真实标签 (seg_true): [1. 1. 1. 1. 1. 1. 1. 1. 1. 1. 1. 1. 1. 1. 1. 1. 1. 1. 1.]
段内预测标签 (seg_pred): [False False False False False False False False False False False False
 False False False False False False False]
段内真实异常时间点索引 (相对段内): [ 0  1  2  3  4  5  6  7  8  9 10 11 12 13 14 15 16 17 18]
段内是否有预测为异常的时间点: False
真实异常维度 (0-based): [6, 7, 8, 9, 10, 11, 12, 13, 14, 15, 16, 17, 18]
段内检测到的异常时间点索引 (相对段内): []
未检测到任何异常点，将整个段中的时间索引标记为异常
选择的维度数量 (k): 5 (基于真实异常维度数的 100%)
推断的异常维度 (0-based): [0, 1, 2, 3, 4, 5, 7]
真实与推断的交集: [7]
段内指标: TP=1, FP=6, FN=12, TN=0, IPS=0.0769

=== 处理第 3/6 段 ===
原始段范围: orig_start=1080, orig_end=1120
调整后段范围: start=981, end=1021
段内真实标签 (seg_true): [1. 1. 1. 1. 1. 1. 1. 1. 1. 1. 1. 1. 1. 1. 1. 1. 1. 1. 1. 1. 1. 1. 1. 1.
 1. 1. 1. 1. 1. 1. 1. 1. 1. 1. 1. 1. 1. 1. 1. 1. 1.]

段内预测标签 (seg_pred): [False False False False False False False False False False False False
 False False False False False False False False False False False False
 False False False False False False False False False False False False
 False False False False False]
段内真实异常时间点索引 (相对段内): [ 0  1  2  3  4  5  6  7  8  9 10 11 12 13 14 15 16 17 18 19 20 21 22 23
 24 25 26 27 28 29 30 31 32 33 34 35 36 37 38 39 40]
段内是否有预测为异常的时间点: False
真实异常维度 (0-based): [6, 8, 9, 10, 11, 12, 13, 14, 15, 16, 17]
段内检测到的异常时间点索引 (相对段内): []
未检测到任何异常点，将整个段中的时间索引标记为异常
选择的维度数量 (k): 5 (基于真实异常维度数的 100%)
推断的异常维度 (0-based): [0, 1, 2, 3, 4, 7]
真实与推断的交集: []
段内指标: TP=0, FP=6, FN=11, TN=2, IPS=0.0000

=== 处理第 4/6 段 ===
原始段范围: orig_start=2188, orig_end=2201
调整后段范围: start=2089, end=2102
段内真实标签 (seg_true): [1. 1. 1. 1. 1. 1. 1. 1. 1. 1. 1. 1. 1. 1.]
段内预测标签 (seg_pred): [False False False False False False False False False False False False
 False False]
段内真实异常时间点索引 (相对段内): [ 0  1  2  3  4  5  6  7  8  9 10 11 12 13]
段内是否有预测为异常的时间点: False
真实异常维度 (0-based): [6, 8, 9, 10, 11, 12, 13, 14, 15, 16, 17, 18]
段内检测到的异常时间点索引 (相对段内): []
未检测到任何异常点，将整个段中的时间索引标记为异常
选择的维度数量 (k): 5 (基于真实异常维度数的 100%)
推断的异常维度 (0-based): [0, 1, 2, 3, 4]
真实与推断的交集: []
段内指标: TP=0, FP=5, FN=12, TN=2, IPS=0.0000

=== 处理第 5/6 段 ===
原始段范围: orig_start=2497, orig_end=2500
调整后段范围: start=2398, end=2401
段内真实标签 (seg_true): [1. 1. 1. 1.]
段内预测标签 (seg_pred): [False False False False]
段内真实异常时间点索引 (相对段内): [0 1 2 3]
段内是否有预测为异常的时间点: False
真实异常维度 (0-based): [5, 6, 8, 9, 10, 11, 12, 13, 14, 15, 16, 17, 18]
段内检测到的异常时间点索引 (相对段内): []
未检测到任何异常点，将整个段中的时间索引标记为异常
选择的维度数量 (k): 5 (基于真实异常维度数的 100%)
推断的异常维度 (0-based): [0, 1, 2, 3, 4]
真实与推断的交集: []
段内指标: TP=0, FP=5, FN=13, TN=1, IPS=0.0000

=== 处理第 6/6 段 ===
原始段范围: orig_start=3428, orig_end=3434
调整后段范围: start=3329, end=3335
段内真实标签 (seg_true): [1. 1. 1. 1. 1. 1. 1.]
段内预测标签 (seg_pred): [False False False False False False False]
段内真实异常时间点索引 (相对段内): [0 1 2 3 4 5 6]
段内是否有预测为异常的时间点: False
真实异常维度 (0-based): [6, 7, 8, 9, 10, 11, 12, 13, 14, 15, 16, 17, 18]
段内检测到的异常时间点索引 (相对段内): []
未检测到任何异常点，将整个段中的时间索引标记为异常
选择的维度数量 (k): 5 (基于真实异常维度数的 100%)
推断的异常维度 (0-based): [0, 1, 2, 3, 4]
真实与推断的交集: []
段内指标: TP=0, FP=5, FN=13, TN=1, IPS=0.0000

=== 汇总指标 ===
总 TP: 7, 总 TN: 6, 总 FP: 30, 总 FN: 71
平均 IPS: 0.1667, Precision: 0.1892, Recall: 0.0897, F1: 0.1217
每段IPS与混淆: [{'original_start': 760, 'original_end': 820, 'start': 661, 'end': 721, 'TP': 6, 'TN': 0, 'FP': 3, 'FN': 10, 'IPS': 0.375, 'k_selected': 5, 'gt_dims_count': 16}, {'original_start': 842, 'original_end': 860, 'start': 743, 'end': 761, 'TP': 1, 'TN': 0, 'FP': 6, 'FN': 12, 'IPS': 0.07692307692307693, 'k_selected': 5, 'gt_dims_count': 13}, {'original_start': 1080, 'original_end': 1120, 'start': 981, 'end': 1021, 'TP': 0, 'TN': 2, 'FP': 6, 'FN': 11, 'IPS': 0.0, 'k_selected': 5, 'gt_dims_count': 11}, {'original_start': 2188, 'original_end': 2201, 'start': 2089, 'end': 2102, 'TP': 0, 'TN': 2, 'FP': 5, 'FN': 12, 'IPS': 0.0, 'k_selected': 5, 'gt_dims_count': 12}, {'original_start': 2497, 'original_end': 2500, 'start': 2398, 'end': 2401, 'TP': 0, 'TN': 1, 'FP': 5, 'FN': 13, 'IPS': 0.0, 'k_selected': 5, 'gt_dims_count': 13}, {'original_start': 3428, 'original_end': 3434, 'start': 3329, 'end': 3335, 'TP': 0, 'TN': 1, 'FP': 5, 'FN': 13, 'IPS': 0.0, 'k_selected': 5, 'gt_dims_count': 13}]
总和: {'TP': 7, 'TN': 6, 'FP': 30, 'FN': 71, 'IPS': 0.16668861959957848, 'precision': 0.1891891891891892, 'recall': 0.08974358974358974, 'F1': 0.1217391304347826}
test end time:  2025-06-21 09:37:13
test time:  87.71365809440613
==============================result==============================
{'FN': 85.0,
 'FP': 19.0,
 'TN': 4056.0,
 'TP': 61.0,
 'best-f1': 0.5398183875396563,
 'best_valid_loss': -7.448639661778993,
 'dataset': 'omi-3',
 'latency': 25.997400259974004,
 'pot-FN': 146.0,
 'pot-FP': 10.0,
 'pot-TN': 4065.0,
 'pot-TP': 0.0,
 'pot-f1': 0.0,
 'pot-latency': 0.0,
 'pot-precision': 0.0,
 'pot-recall': 0.0,
 'pot-threshold': -45.81426305644613,
 'precision': 0.7624999046875118,
 'pred_time': 0.3193916573243983,
 'pred_total_time': 27.204532384872437,
 'recall': 0.4178081905610828,
 'segment_results': [{'FN': 10,
                      'FP': 3,
                      'IPS': 0.375,
                      'TN': 0,
                      'TP': 6,
                      'end': 721,
                      'gt_dims_count': 16,
                      'k_selected': 5,
                      'original_end': 820,
                      'original_start': 760,
                      'start': 661},
                     {'FN': 12,
                      'FP': 6,
                      'IPS': 0.07692307692307693,
                      'TN': 0,
                      'TP': 1,
                      'end': 761,
                      'gt_dims_count': 13,
                      'k_selected': 5,
                      'original_end': 860,
                      'original_start': 842,
                      'start': 743},
                     {'FN': 11,
                      'FP': 6,
                      'IPS': 0.0,
                      'TN': 2,
                      'TP': 0,
                      'end': 1021,
                      'gt_dims_count': 11,
                      'k_selected': 5,
                      'original_end': 1120,
                      'original_start': 1080,
                      'start': 981},
                     {'FN': 12,
                      'FP': 5,
                      'IPS': 0.0,
                      'TN': 2,
                      'TP': 0,
                      'end': 2102,
                      'gt_dims_count': 12,
                      'k_selected': 5,
                      'original_end': 2201,
                      'original_start': 2188,
                      'start': 2089},
                     {'FN': 13,
                      'FP': 5,
                      'IPS': 0.0,
                      'TN': 1,
                      'TP': 0,
                      'end': 2401,
                      'gt_dims_count': 13,
                      'k_selected': 5,
                      'original_end': 2500,
                      'original_start': 2497,
                      'start': 2398},
                     {'FN': 13,
                      'FP': 5,
                      'IPS': 0.0,
                      'TN': 1,
                      'TP': 0,
                      'end': 3335,
                      'gt_dims_count': 13,
                      'k_selected': 5,
                      'original_end': 3434,
                      'original_start': 3428,
                      'start': 3329}],
 'segment_summary': {'F1': 0.1217391304347826,
                     'FN': 71,
                     'FP': 30,
                     'IPS': 0.16668861959957848,
                     'TN': 6,
                     'TP': 7,
                     'precision': 0.1891891891891892,
                     'recall': 0.08974358974358974},
 'threshold': -31.0,
 'train_time': 87.70412874221802,
 'valid_time': 0.32004101796583695}
