2025-06-21 12:56:55.277870: I tensorflow/core/platform/cpu_feature_guard.cc:141] Your CPU supports instructions that this TensorFlow binary was not compiled to use: AVX2 AVX512F FMA
Configurations
===========================================
{'batch_size': 50,
 'bf_search_max': 400.0,
 'bf_search_min': -400.0,
 'bf_search_step_size': 1.0,
 'dataset': 'omi-12',
 'dense_dim': 500,
 'early_stop': True,
 'get_score_on_dim': True,
 'gradient_clip_norm': 10.0,
 'initial_lr': 0.001,
 'l2_reg': 0.0001,
 'level': 0.0075,
 'lr_anneal_epoch_freq': 40,
 'lr_anneal_factor': 0.5,
 'lr_anneal_step_freq': None,
 'max_epoch': 10,
 'max_test_size': None,
 'max_train_size': None,
 'nf_layers': 20,
 'percentage_Dimension': 30.0,
 'posterior_flow_type': 'nf',
 'restore_dir': None,
 'result_dir': 'result',
 'rnn_cell': 'GRU',
 'rnn_num_hidden': 500,
 'save_dir': 'model',
 'save_z': False,
 'std_epsilon': 0.0001,
 'test_batch_size': 50,
 'test_n_z': 1,
 'test_score_filename': 'test_score.pkl',
 'test_start': 0,
 'train_score_filename': 'train_score.pkl',
 'train_start': 0,
 'use_connected_z_p': True,
 'use_connected_z_q': True,
 'valid_step_freq': 100,
 'window_length': 100,
 'x_dim': 19,
 'z_dim': 3}

train start time:  2025-06-21 12:56:27
load data of: omi-12
train:  0 None
test:  0 None
Data normalized
Data normalized
train set shape:  (7291, 19)
test set shape:  (4320, 19)
test set label shape:  (4320,)
Trainable Parameters                                            (2,560,202 in total)
------------------------------------------------------------------------------------
model/q_z_given_x/rnn_q_z/rnn/gru_cell/gates/kernel             (519, 1000)  519,000
model/q_z_given_x/rnn_q_z/rnn/gru_cell/gates/bias               (1000,)        1,000
model/q_z_given_x/rnn_q_z/rnn/gru_cell/candidate/kernel         (519, 500)   259,500
model/q_z_given_x/rnn_q_z/rnn/gru_cell/candidate/bias           (500,)           500
model/q_z_given_x/rnn_q_z/dense/kernel                          (500, 500)   250,000
model/q_z_given_x/rnn_q_z/dense/bias                            (500,)           500
model/q_z_given_x/rnn_q_z/dense_1/kernel                        (500, 500)   250,000
model/q_z_given_x/rnn_q_z/dense_1/bias                          (500,)           500
model/vae/variational/z_mean/kernel                             (503, 3)       1,509
model/vae/variational/z_mean/bias                               (3,)               3
model/vae/variational/z_std/kernel                              (503, 3)       1,509
model/vae/variational/z_std/bias                                (3,)               3
model/posterior_flow/_0/w                                       (1, 3)             3
model/posterior_flow/_0/b                                       (1,)               1
model/posterior_flow/_0/u                                       (1, 3)             3
model/posterior_flow/_1/w                                       (1, 3)             3
model/posterior_flow/_1/b                                       (1,)               1
model/posterior_flow/_1/u                                       (1, 3)             3
model/posterior_flow/_2/w                                       (1, 3)             3
model/posterior_flow/_2/b                                       (1,)               1
model/posterior_flow/_2/u                                       (1, 3)             3
model/posterior_flow/_3/w                                       (1, 3)             3
model/posterior_flow/_3/b                                       (1,)               1
model/posterior_flow/_3/u                                       (1, 3)             3
model/posterior_flow/_4/w                                       (1, 3)             3
model/posterior_flow/_4/b                                       (1,)               1
model/posterior_flow/_4/u                                       (1, 3)             3
model/posterior_flow/_5/w                                       (1, 3)             3
model/posterior_flow/_5/b                                       (1,)               1
model/posterior_flow/_5/u                                       (1, 3)             3
model/posterior_flow/_6/w                                       (1, 3)             3
model/posterior_flow/_6/b                                       (1,)               1
model/posterior_flow/_6/u                                       (1, 3)             3
model/posterior_flow/_7/w                                       (1, 3)             3
model/posterior_flow/_7/b                                       (1,)               1
model/posterior_flow/_7/u                                       (1, 3)             3
model/posterior_flow/_8/w                                       (1, 3)             3
model/posterior_flow/_8/b                                       (1,)               1
model/posterior_flow/_8/u                                       (1, 3)             3
model/posterior_flow/_9/w                                       (1, 3)             3
model/posterior_flow/_9/b                                       (1,)               1
model/posterior_flow/_9/u                                       (1, 3)             3
model/posterior_flow/_10/w                                      (1, 3)             3
model/posterior_flow/_10/b                                      (1,)               1
model/posterior_flow/_10/u                                      (1, 3)             3
model/posterior_flow/_11/w                                      (1, 3)             3
model/posterior_flow/_11/b                                      (1,)               1
model/posterior_flow/_11/u                                      (1, 3)             3
model/posterior_flow/_12/w                                      (1, 3)             3
model/posterior_flow/_12/b                                      (1,)               1
model/posterior_flow/_12/u                                      (1, 3)             3
model/posterior_flow/_13/w                                      (1, 3)             3
model/posterior_flow/_13/b                                      (1,)               1
model/posterior_flow/_13/u                                      (1, 3)             3
model/posterior_flow/_14/w                                      (1, 3)             3
model/posterior_flow/_14/b                                      (1,)               1
model/posterior_flow/_14/u                                      (1, 3)             3
model/posterior_flow/_15/w                                      (1, 3)             3
model/posterior_flow/_15/b                                      (1,)               1
model/posterior_flow/_15/u                                      (1, 3)             3
model/posterior_flow/_16/w                                      (1, 3)             3
model/posterior_flow/_16/b                                      (1,)               1
model/posterior_flow/_16/u                                      (1, 3)             3
model/posterior_flow/_17/w                                      (1, 3)             3
model/posterior_flow/_17/b                                      (1,)               1
model/posterior_flow/_17/u                                      (1, 3)             3
model/posterior_flow/_18/w                                      (1, 3)             3
model/posterior_flow/_18/b                                      (1,)               1
model/posterior_flow/_18/u                                      (1, 3)             3
model/posterior_flow/_19/w                                      (1, 3)             3
model/posterior_flow/_19/b                                      (1,)               1
model/posterior_flow/_19/u                                      (1, 3)             3
model/p_x_given_z/hidden/rnn_p_x/rnn/gru_cell/gates/kernel      (503, 1000)  503,000
model/p_x_given_z/hidden/rnn_p_x/rnn/gru_cell/gates/bias        (1000,)        1,000
model/p_x_given_z/hidden/rnn_p_x/rnn/gru_cell/candidate/kernel  (503, 500)   251,500
model/p_x_given_z/hidden/rnn_p_x/rnn/gru_cell/candidate/bias    (500,)           500
model/p_x_given_z/hidden/rnn_p_x/dense/kernel                   (500, 500)   250,000
model/p_x_given_z/hidden/rnn_p_x/dense/bias                     (500,)           500
model/p_x_given_z/hidden/rnn_p_x/dense_1/kernel                 (500, 500)   250,000
model/p_x_given_z/hidden/rnn_p_x/dense_1/bias                   (500,)           500
model/p_x_given_z/x_mean/kernel                                 (500, 19)      9,500
model/p_x_given_z/x_mean/bias                                   (19,)             19
model/p_x_given_z/x_std/kernel                                  (500, 19)      9,500
model/p_x_given_z/x_std/bias                                    (19,)             19/home/hz/anaconda3/envs/py36/lib/python3.6/site-packages/tensorflow/python/framework/dtypes.py:523: FutureWarning: Passing (type, 1) or '1type' as a synonym of type is deprecated; in a future version of numpy, it will be understood as (type, (1,)) / '(1,)type'.
  _np_qint8 = np.dtype([("qint8", np.int8, 1)])
/home/hz/anaconda3/envs/py36/lib/python3.6/site-packages/tensorflow/python/framework/dtypes.py:524: FutureWarning: Passing (type, 1) or '1type' as a synonym of type is deprecated; in a future version of numpy, it will be understood as (type, (1,)) / '(1,)type'.
  _np_quint8 = np.dtype([("quint8", np.uint8, 1)])
/home/hz/anaconda3/envs/py36/lib/python3.6/site-packages/tensorflow/python/framework/dtypes.py:525: FutureWarning: Passing (type, 1) or '1type' as a synonym of type is deprecated; in a future version of numpy, it will be understood as (type, (1,)) / '(1,)type'.
  _np_qint16 = np.dtype([("qint16", np.int16, 1)])
/home/hz/anaconda3/envs/py36/lib/python3.6/site-packages/tensorflow/python/framework/dtypes.py:526: FutureWarning: Passing (type, 1) or '1type' as a synonym of type is deprecated; in a future version of numpy, it will be understood as (type, (1,)) / '(1,)type'.
  _np_quint16 = np.dtype([("quint16", np.uint16, 1)])
/home/hz/anaconda3/envs/py36/lib/python3.6/site-packages/tensorflow/python/framework/dtypes.py:527: FutureWarning: Passing (type, 1) or '1type' as a synonym of type is deprecated; in a future version of numpy, it will be understood as (type, (1,)) / '(1,)type'.
  _np_qint32 = np.dtype([("qint32", np.int32, 1)])
/home/hz/anaconda3/envs/py36/lib/python3.6/site-packages/tensorflow/python/framework/dtypes.py:532: FutureWarning: Passing (type, 1) or '1type' as a synonym of type is deprecated; in a future version of numpy, it will be understood as (type, (1,)) / '(1,)type'.
  np_resource = np.dtype([("resource", np.ubyte, 1)])
/home/hz/anaconda3/envs/py36/lib/python3.6/site-packages/tfsnippet/utils/tfver.py:22: DeprecationWarning: Function 'semver.compare' is deprecated. Deprecated since version 2.10.0.  This function will be removed in semver 3. Use the respective 'semver.VersionInfo.compare' instead.
  compare_result = semver.compare(version, tf.__version__)
/home/hz/anaconda3/envs/py36/lib/python3.6/site-packages/tfsnippet/utils/tfver.py:22: DeprecationWarning: Function 'semver.compare' is deprecated. Deprecated since version 2.10.0.  This function will be removed in semver 3. Use the respective 'semver.VersionInfo.compare' instead.
  compare_result = semver.compare(version, tf.__version__)
INFO:tensorflow:Restoring parameters from /tmp/tmpqbvj0itb/variables.dat-800
2025-06-21 13:15:15,533 [INFO] tensorflow: Restoring parameters from /tmp/tmpqbvj0itb/variables.dat-800
  0%|          | 0/4221 [00:00<?, ?it/s]100%|██████████| 4221/4221 [00:00<00:00, 196745.65it/s]

train_values: (5104, 19)
[Epoch 1/10, Step 100] step time: 1.424s (±4.041s); train time: 1m 52.1s; valid time: 30.33s; loss: 175.29 (±1721.62); valid loss: -7.15228 (*)
train_values: (5104, 19)
[Epoch 2/10, Step 200, ETA 16m 35.04s] step time: 1.062s (±2.313s); train time: 1m 23.29s; valid time: 23.03s; loss: -6.0257 (±3.26254); valid loss: -9.24833 (*)
train_values: (5104, 19)
[Epoch 3/10, Step 300, ETA 13m 41.79s] step time: 1.034s (±2.09s); train time: 1m 22.44s; valid time: 20.99s; loss: -7.88646 (±1.80979); valid loss: -8.08357
train_values: (5104, 19)
[Epoch 4/10, Step 400, ETA 11m 33.01s] step time: 1.097s (±2.087s); train time: 1m 28.76s; valid time: 21.05s; loss: -7.9091 (±2.33212); valid loss: -8.50766
train_values: (5104, 19)
[Epoch 5/10, Step 500, ETA 9m 25.07s] step time: 1.03s (±2.094s); train time: 1m 22.12s; valid time: 20.95s; loss: -7.54321 (±2.07331); valid loss: -4.2283
train_values: (5104, 19)
[Epoch 6/10, Step 600, ETA 7m 26.33s] step time: 1.044s (±2.107s); train time: 1m 23.4s; valid time: 21.02s; loss: -8.16412 (±1.78225); valid loss: -9.15949
train_values: (5104, 19)
[Epoch 7/10, Step 700, ETA 5m 32.48s] step time: 1.062s (±2.337s); train time: 1m 22.96s; valid time: 23.32s; loss: -7.63226 (±2.20768); valid loss: -10.4571 (*)
train_values: (5104, 19)
[Epoch 8/10, Step 800, ETA 3m 40.26s] step time: 1.052s (±2.288s); train time: 1m 22.5s; valid time: 22.75s; loss: -8.01605 (±3.16934); valid loss: -10.7857 (*)
train_values: (5104, 19)
[Epoch 9/10, Step 900, ETA 1m 50.21s] step time: 1.108s (±2.399s); train time: 1m 26.96s; valid time: 23.87s; loss: -8.85439 (±2.12512); valid loss: -8.06487
train_values: (5104, 19)
[Epoch 10/10, Step 1000, ETA 0s] step time: 1.035s (±2.049s); train time: 1m 23.05s; valid time: 20.55s; loss: -8.78148 (±1.91814); valid loss: -8.31108
train end time:  2025-06-21 13:15:15
train time:  1128.4372897148132
test start time:  2025-06-21 13:15:15
------------------------------ testing ------------------------------
test_score shape:  (4221, 19)
test_z shape:  (4221, 100, 6)
search range:  -400.0 400.0
cur thr:  -399.0 [0.8421003139709619, 0.9999998958333441, 0.7272726721763128, 96.0, 4089.0, 0.0, 36.0, 1.999950001249969] [0.8421003139709619, 0.9999998958333441, 0.7272726721763128, 96.0, 4089.0, 0.0, 36.0, 1.999950001249969] -399.0
cur thr:  -349.0 [0.8421003139709619, 0.9999998958333441, 0.7272726721763128, 96.0, 4089.0, 0.0, 36.0, 1.999950001249969] [0.8421003139709619, 0.9999998958333441, 0.7272726721763128, 96.0, 4089.0, 0.0, 36.0, 1.999950001249969] -399.0
cur thr:  -299.0 [0.8421003139709619, 0.9999998958333441, 0.7272726721763128, 96.0, 4089.0, 0.0, 36.0, 1.999950001249969] [0.8421003139709619, 0.9999998958333441, 0.7272726721763128, 96.0, 4089.0, 0.0, 36.0, 1.999950001249969] -399.0
cur thr:  -249.0 [0.8421003139709619, 0.9999998958333441, 0.7272726721763128, 96.0, 4089.0, 0.0, 36.0, 1.999950001249969] [0.8421003139709619, 0.9999998958333441, 0.7272726721763128, 96.0, 4089.0, 0.0, 36.0, 1.999950001249969] -399.0
cur thr:  -199.0 [0.8421003139709619, 0.9999998958333441, 0.7272726721763128, 96.0, 4089.0, 0.0, 36.0, 1.999950001249969] [0.8421003139709619, 0.9999998958333441, 0.7272726721763128, 96.0, 4089.0, 0.0, 36.0, 1.999950001249969] -399.0
cur thr:  -149.0 [0.8421003139709619, 0.9999998958333441, 0.7272726721763128, 96.0, 4089.0, 0.0, 36.0, 1.999950001249969] [0.8421003139709619, 0.9999998958333441, 0.7272726721763128, 96.0, 4089.0, 0.0, 36.0, 1.999950001249969] -399.0
cur thr:  -99.0 [0.8311638612758294, 0.9696968717477907, 0.7272726721763128, 96.0, 4086.0, 3.0, 36.0, 1.999950001249969] [0.8421003139709619, 0.9999998958333441, 0.7272726721763128, 96.0, 4089.0, 0.0, 36.0, 1.999950001249969] -399.0
cur thr:  -49.0 [0.7741885067958125, 0.8275861355529194, 0.7272726721763128, 96.0, 4069.0, 20.0, 36.0, 1.999950001249969] [0.8421003139709619, 0.9999998958333441, 0.7272726721763128, 96.0, 4089.0, 0.0, 36.0, 1.999950001249969] -399.0
cur thr:  1.0 [0.40677640805892473, 0.2553191439976955, 0.99999992424243, 132.0, 3704.0, 385.0, 0.0, 3.1999360012799745] [0.8421003139709619, 0.9999998958333441, 0.7272726721763128, 96.0, 4089.0, 0.0, 36.0, 1.999950001249969] -399.0
cur thr:  51.0 [0.06064724072290932, 0.031272210302600786, 0.99999992424243, 132.0, 0.0, 4089.0, 0.0, 0.0] [0.8421003139709619, 0.9999998958333441, 0.7272726721763128, 96.0, 4089.0, 0.0, 36.0, 1.999950001249969] -399.0
cur thr:  101.0 [0.06064724072290932, 0.031272210302600786, 0.99999992424243, 132.0, 0.0, 4089.0, 0.0, 0.0] [0.8421003139709619, 0.9999998958333441, 0.7272726721763128, 96.0, 4089.0, 0.0, 36.0, 1.999950001249969] -399.0
cur thr:  151.0 [0.06064724072290932, 0.031272210302600786, 0.99999992424243, 132.0, 0.0, 4089.0, 0.0, 0.0] [0.8421003139709619, 0.9999998958333441, 0.7272726721763128, 96.0, 4089.0, 0.0, 36.0, 1.999950001249969] -399.0
cur thr:  201.0 [0.06064724072290932, 0.031272210302600786, 0.99999992424243, 132.0, 0.0, 4089.0, 0.0, 0.0] [0.8421003139709619, 0.9999998958333441, 0.7272726721763128, 96.0, 4089.0, 0.0, 36.0, 1.999950001249969] -399.0
cur thr:  251.0 [0.06064724072290932, 0.031272210302600786, 0.99999992424243, 132.0, 0.0, 4089.0, 0.0, 0.0] [0.8421003139709619, 0.9999998958333441, 0.7272726721763128, 96.0, 4089.0, 0.0, 36.0, 1.999950001249969] -399.0
cur thr:  301.0 [0.06064724072290932, 0.031272210302600786, 0.99999992424243, 132.0, 0.0, 4089.0, 0.0, 0.0] [0.8421003139709619, 0.9999998958333441, 0.7272726721763128, 96.0, 4089.0, 0.0, 36.0, 1.999950001249969] -399.0
cur thr:  351.0 [0.06064724072290932, 0.031272210302600786, 0.99999992424243, 132.0, 0.0, 4089.0, 0.0, 0.0] [0.8421003139709619, 0.9999998958333441, 0.7272726721763128, 96.0, 4089.0, 0.0, 36.0, 1.999950001249969] -399.0
[0.8421003139709619, 0.9999998958333441, 0.7272726721763128, 96.0, 4089.0, 0.0, 36.0, 1.999950001249969] -399.0
label_file: ServerMachineDataset/interpretation_label/omi-12.txt
Initial threshold : 32.976818
Number of peaks : 53
Grimshaw maximum log-likelihood estimation ... [done]
	γ = 0
	σ = 159.5364
	L = 321.83042427764366
Extreme quantile (probability = 0.001): 351.62249286241445
47
4221
POT result:  (0.7679949542723504, 0.8135592530881989, 0.7272726721763128, 96.0, 4067.0, 22.0, 36.0) -42.035685882234844 1.999950001249969

=== 全局调试信息 ===
y_true shape: (4221,), unique values: [0. 1.]
y_pred shape: (4221,), unique values: [False  True]
feature_scores shape: (4221, 19)
interpretation_segments 数量: 5


=== 处理第 1/5 段 ===
原始段范围: orig_start=740, orig_end=813
调整后段范围: start=641, end=714
段内真实标签 (seg_true): [1. 1. 1. 1. 1. 1. 1. 1. 1. 1. 1. 1. 1. 1. 1. 1. 1. 1. 1. 1. 1. 1. 1. 1.
 1. 1. 1. 1. 1. 1. 1. 1. 1. 1. 1. 1. 1. 1. 1. 1. 1. 1. 1. 1. 1. 1. 1. 1.
 1. 1. 1. 1. 1. 1. 1. 1. 1. 1. 1. 1. 1. 1. 1. 1. 1. 1. 1. 1. 1. 1. 1. 1.
 1. 1.]
段内预测标签 (seg_pred): [ True  True  True  True  True  True  True  True  True  True  True  True
  True  True  True  True  True  True  True  True  True  True  True  True
  True  True  True  True  True  True  True  True  True  True  True  True
  True  True  True  True  True  True  True  True  True  True  True  True
  True  True  True  True  True  True  True  True  True  True  True  True
  True  True  True  True  True  True  True  True  True  True  True  True
  True  True]
段内真实异常时间点索引 (相对段内): [ 0  1  2  3  4  5  6  7  8  9 10 11 12 13 14 15 16 17 18 19 20 21 22 23
 24 25 26 27 28 29 30 31 32 33 34 35 36 37 38 39 40 41 42 43 44 45 46 47
 48 49 50 51 52 53 54 55 56 57 58 59 60 61 62 63 64 65 66 67 68 69 70 71
 72 73]
段内是否有预测为异常的时间点: True
真实异常维度 (0-based): [0, 1, 5, 6, 7, 8, 9, 10, 11, 12, 13, 14, 15, 16, 17, 18]
段内检测到的异常时间点索引 (相对段内): [ 0  1  2  3  4  5  6  7  8  9 10 11 12 13 14 15 16 17 18 19 20 21 22 23
 24 25 26 27 28 29 30 31 32 33 34 35 36 37 38 39 40 41 42 43 44 45 46 47
 48 49 50 51 52 53 54 55 56 57 58 59 60 61 62 63 64 65 66 67 68 69 70 71
 72 73]
选择的维度数量 (k): 5 (基于真实异常维度数的 100%)
推断的异常维度 (0-based): [0, 1, 2, 3, 4, 5, 8, 10, 16]
真实与推断的交集: [0, 1, 5, 8, 10, 16]

段内指标: TP=6, FP=3, FN=10, TN=0, IPS=0.3750

=== 处理第 2/5 段 ===
原始段范围: orig_start=2486, orig_end=2493
调整后段范围: start=2387, end=2394
段内真实标签 (seg_true): [1. 1. 1. 1. 1. 1. 1. 1.]
段内预测标签 (seg_pred): [ True  True  True  True  True  True  True  True]
段内真实异常时间点索引 (相对段内): [0 1 2 3 4 5 6 7]
段内是否有预测为异常的时间点: True
真实异常维度 (0-based): [3, 4]
段内检测到的异常时间点索引 (相对段内): [0 1 2 3 4 5 6 7]
选择的维度数量 (k): 5 (基于真实异常维度数的 100%)
推断的异常维度 (0-based): [0, 1, 2, 3, 4, 7, 10]
真实与推断的交集: [3, 4]
段内指标: TP=2, FP=5, FN=0, TN=12, IPS=1.0000

=== 处理第 3/5 段 ===
原始段范围: orig_start=2515, orig_end=2525
调整后段范围: start=2416, end=2426
段内真实标签 (seg_true): [1. 1. 1. 1. 1. 1. 1. 1. 1. 1. 1.]
段内预测标签 (seg_pred): [ True  True  True  True  True  True  True  True  True  True  True]
段内真实异常时间点索引 (相对段内): [ 0  1  2  3  4  5  6  7  8  9 10]
段内是否有预测为异常的时间点: True
真实异常维度 (0-based): [0, 3, 4, 6, 7, 8, 16, 17]
段内检测到的异常时间点索引 (相对段内): [ 0  1  2  3  4  5  6  7  8  9 10]
选择的维度数量 (k): 5 (基于真实异常维度数的 100%)
推断的异常维度 (0-based): [0, 1, 2, 3, 4, 5, 10, 11]
真实与推断的交集: [0, 3, 4]
段内指标: TP=3, FP=5, FN=5, TN=6, IPS=0.3750

=== 处理第 4/5 段 ===
原始段范围: orig_start=2721, orig_end=2723
调整后段范围: start=2622, end=2624
段内真实标签 (seg_true): [1. 1. 1.]
段内预测标签 (seg_pred): [ True  True  True]
段内真实异常时间点索引 (相对段内): [0 1 2]
段内是否有预测为异常的时间点: True
真实异常维度 (0-based): [3]
段内检测到的异常时间点索引 (相对段内): [0 1 2]
选择的维度数量 (k): 5 (基于真实异常维度数的 100%)
推断的异常维度 (0-based): [0, 1, 2, 3, 4, 5]
真实与推断的交集: [3]
段内指标: TP=1, FP=5, FN=0, TN=13, IPS=1.0000

=== 处理第 5/5 段 ===
原始段范围: orig_start=3500, orig_end=3535
调整后段范围: start=3401, end=3436
段内真实标签 (seg_true): [1. 1. 1. 1. 1. 1. 1. 1. 1. 1. 1. 1. 1. 1. 1. 1. 1. 1. 1. 1. 1. 1. 1. 1.
 1. 1. 1. 1. 1. 1. 1. 1. 1. 1. 1. 1.]
段内预测标签 (seg_pred): [False False False False False False False False False False False False
 False False False False False False False False False False False False
 False False False False False False False False False False False False]
段内真实异常时间点索引 (相对段内): [ 0  1  2  3  4  5  6  7  8  9 10 11 12 13 14 15 16 17 18 19 20 21 22 23
 24 25 26 27 28 29 30 31 32 33 34 35]
段内是否有预测为异常的时间点: False
真实异常维度 (0-based): [4, 5, 6, 7, 10, 11, 12, 13, 14, 15, 16, 17, 18]
段内检测到的异常时间点索引 (相对段内): []
未检测到任何异常点，将整个段中的时间索引标记为异常
选择的维度数量 (k): 5 (基于真实异常维度数的 100%)
推断的异常维度 (0-based): [0, 1, 2, 3, 4, 6]
真实与推断的交集: [4, 6]
段内指标: TP=2, FP=4, FN=11, TN=2, IPS=0.1538

=== 汇总指标 ===
总 TP: 14, 总 TN: 33, 总 FP: 22, 总 FN: 26
平均 IPS: 0.3668, Precision: 0.3889, Recall: 0.3500, F1: 0.3684
每段IPS与混淆: [{'original_start': 740, 'original_end': 813, 'start': 641, 'end': 714, 'TP': 6, 'TN': 0, 'FP': 3, 'FN': 10, 'IPS': 0.375, 'k_selected': 5, 'gt_dims_count': 16}, {'original_start': 2486, 'original_end': 2493, 'start': 2387, 'end': 2394, 'TP': 2, 'TN': 12, 'FP': 5, 'FN': 0, 'IPS': 1.0, 'k_selected': 5, 'gt_dims_count': 2}, {'original_start': 2515, 'original_end': 2525, 'start': 2416, 'end': 2426, 'TP': 3, 'TN': 6, 'FP': 5, 'FN': 5, 'IPS': 0.375, 'k_selected': 5, 'gt_dims_count': 8}, {'original_start': 2721, 'original_end': 2723, 'start': 2622, 'end': 2624, 'TP': 1, 'TN': 13, 'FP': 5, 'FN': 0, 'IPS': 1.0, 'k_selected': 5, 'gt_dims_count': 1}, {'original_start': 3500, 'original_end': 3535, 'start': 3401, 'end': 3436, 'TP': 2, 'TN': 2, 'FP': 4, 'FN': 11, 'IPS': 0.15384615384615385, 'k_selected': 5, 'gt_dims_count': 13}]
总和: {'TP': 14, 'TN': 33, 'FP': 22, 'FN': 26, 'IPS': 0.36676864801864806, 'precision': 0.3888888888888889, 'recall': 0.35, 'F1': 0.36842105263157887}
test end time:  2025-06-21 13:17:21
test time:  125.96598196029663
==============================result==============================
{'FN': 36.0,
 'FP': 0.0,
 'TN': 4089.0,
 'TP': 96.0,
 'best-f1': 0.8421003139709619,
 'best_valid_loss': -10.785719065830625,
 'dataset': 'omi-12',
 'latency': 1.999950001249969,
 'pot-FN': 36.0,
 'pot-FP': 22.0,
 'pot-TN': 4067.0,
 'pot-TP': 96.0,
 'pot-f1': 0.7679949542723504,
 'pot-latency': 1.999950001249969,
 'pot-precision': 0.8135592530881989,
 'pot-recall': 0.7272726721763128,
 'pot-threshold': -42.035685882234844,
 'precision': 0.9999998958333441,
 'pred_time': 0.4854865074157715,
 'pred_total_time': 41.32173728942871,
 'recall': 0.7272726721763128,
 'segment_results': [{'FN': 10,
                      'FP': 3,
                      'IPS': 0.375,
                      'TN': 0,
                      'TP': 6,
                      'end': 714,
                      'gt_dims_count': 16,
                      'k_selected': 5,
                      'original_end': 813,
                      'original_start': 740,
                      'start': 641},
                     {'FN': 0,
                      'FP': 5,
                      'IPS': 1.0,
                      'TN': 12,
                      'TP': 2,
                      'end': 2394,
                      'gt_dims_count': 2,
                      'k_selected': 5,
                      'original_end': 2493,
                      'original_start': 2486,
                      'start': 2387},
                     {'FN': 5,
                      'FP': 5,
                      'IPS': 0.375,
                      'TN': 6,
                      'TP': 3,
                      'end': 2426,
                      'gt_dims_count': 8,
                      'k_selected': 5,
                      'original_end': 2525,
                      'original_start': 2515,
                      'start': 2416},
                     {'FN': 0,
                      'FP': 5,
                      'IPS': 1.0,
                      'TN': 13,
                      'TP': 1,
                      'end': 2624,
                      'gt_dims_count': 1,
                      'k_selected': 5,
                      'original_end': 2723,
                      'original_start': 2721,
                      'start': 2622},
                     {'FN': 11,
                      'FP': 4,
                      'IPS': 0.15384615384615385,
                      'TN': 2,
                      'TP': 2,
                      'end': 3436,
                      'gt_dims_count': 13,
                      'k_selected': 5,
                      'original_end': 3535,
                      'original_start': 3500,
                      'start': 3401}],
 'segment_summary': {'F1': 0.36842105263157887,
                     'FN': 26,
                     'FP': 22,
                     'IPS': 0.36676864801864806,
                     'TN': 33,
                     'TP': 14,
                     'precision': 0.3888888888888889,
                     'recall': 0.35},
 'threshold': -399.0,
 'train_time': 110.06635076999665,
 'valid_time': 0.5158468604087829}
