2025-06-21 11:14:27.221327: I tensorflow/core/platform/cpu_feature_guard.cc:141] Your CPU supports instructions that this TensorFlow binary was not compiled to use: AVX2 AVX512F FMA
Configurations
===========================================
{'batch_size': 50,
 'bf_search_max': 400.0,
 'bf_search_min': -400.0,
 'bf_search_step_size': 1.0,
 'dataset': 'omi-8',
 'dense_dim': 500,
 'early_stop': True,
 'get_score_on_dim': True,
 'gradient_clip_norm': 10.0,
 'initial_lr': 0.001,
 'l2_reg': 0.0001,
 'level': 0.0075,
 'lr_anneal_epoch_freq': 40,
 'lr_anneal_factor': 0.5,
 'lr_anneal_step_freq': None,
 'max_epoch': 10,
 'max_test_size': None,
 'max_train_size': None,
 'nf_layers': 20,
 'percentage_Dimension': 30.0,
 'posterior_flow_type': 'nf',
 'restore_dir': None,
 'result_dir': 'result',
 'rnn_cell': 'GRU',
 'rnn_num_hidden': 500,
 'save_dir': 'model',
 'save_z': False,
 'std_epsilon': 0.0001,
 'test_batch_size': 50,
 'test_n_z': 1,
 'test_score_filename': 'test_score.pkl',
 'test_start': 0,
 'train_score_filename': 'train_score.pkl',
 'train_start': 0,
 'use_connected_z_p': True,
 'use_connected_z_q': True,
 'valid_step_freq': 100,
 'window_length': 100,
 'x_dim': 19,
 'z_dim': 3}

train start time:  2025-06-21 11:13:59
load data of: omi-8
train:  0 None
test:  0 None
Data normalized
Data normalized
train set shape:  (8640, 19)
test set shape:  (4320, 19)
test set label shape:  (4320,)
Trainable Parameters                                            (2,560,202 in total)
------------------------------------------------------------------------------------
model/q_z_given_x/rnn_q_z/rnn/gru_cell/gates/kernel             (519, 1000)  519,000
model/q_z_given_x/rnn_q_z/rnn/gru_cell/gates/bias               (1000,)        1,000
model/q_z_given_x/rnn_q_z/rnn/gru_cell/candidate/kernel         (519, 500)   259,500
model/q_z_given_x/rnn_q_z/rnn/gru_cell/candidate/bias           (500,)           500
model/q_z_given_x/rnn_q_z/dense/kernel                          (500, 500)   250,000
model/q_z_given_x/rnn_q_z/dense/bias                            (500,)           500
model/q_z_given_x/rnn_q_z/dense_1/kernel                        (500, 500)   250,000
model/q_z_given_x/rnn_q_z/dense_1/bias                          (500,)           500
model/vae/variational/z_mean/kernel                             (503, 3)       1,509
model/vae/variational/z_mean/bias                               (3,)               3
model/vae/variational/z_std/kernel                              (503, 3)       1,509
model/vae/variational/z_std/bias                                (3,)               3
model/posterior_flow/_0/w                                       (1, 3)             3
model/posterior_flow/_0/b                                       (1,)               1
model/posterior_flow/_0/u                                       (1, 3)             3
model/posterior_flow/_1/w                                       (1, 3)             3
model/posterior_flow/_1/b                                       (1,)               1
model/posterior_flow/_1/u                                       (1, 3)             3
model/posterior_flow/_2/w                                       (1, 3)             3
model/posterior_flow/_2/b                                       (1,)               1
model/posterior_flow/_2/u                                       (1, 3)             3
model/posterior_flow/_3/w                                       (1, 3)             3
model/posterior_flow/_3/b                                       (1,)               1
model/posterior_flow/_3/u                                       (1, 3)             3
model/posterior_flow/_4/w                                       (1, 3)             3
model/posterior_flow/_4/b                                       (1,)               1
model/posterior_flow/_4/u                                       (1, 3)             3
model/posterior_flow/_5/w                                       (1, 3)             3
model/posterior_flow/_5/b                                       (1,)               1
model/posterior_flow/_5/u                                       (1, 3)             3
model/posterior_flow/_6/w                                       (1, 3)             3
model/posterior_flow/_6/b                                       (1,)               1
model/posterior_flow/_6/u                                       (1, 3)             3
model/posterior_flow/_7/w                                       (1, 3)             3
model/posterior_flow/_7/b                                       (1,)               1
model/posterior_flow/_7/u                                       (1, 3)             3
model/posterior_flow/_8/w                                       (1, 3)             3
model/posterior_flow/_8/b                                       (1,)               1
model/posterior_flow/_8/u                                       (1, 3)             3
model/posterior_flow/_9/w                                       (1, 3)             3
model/posterior_flow/_9/b                                       (1,)               1
model/posterior_flow/_9/u                                       (1, 3)             3
model/posterior_flow/_10/w                                      (1, 3)             3
model/posterior_flow/_10/b                                      (1,)               1
model/posterior_flow/_10/u                                      (1, 3)             3
model/posterior_flow/_11/w                                      (1, 3)             3
model/posterior_flow/_11/b                                      (1,)               1
model/posterior_flow/_11/u                                      (1, 3)             3
model/posterior_flow/_12/w                                      (1, 3)             3
model/posterior_flow/_12/b                                      (1,)               1
model/posterior_flow/_12/u                                      (1, 3)             3
model/posterior_flow/_13/w                                      (1, 3)             3
model/posterior_flow/_13/b                                      (1,)               1
model/posterior_flow/_13/u                                      (1, 3)             3
model/posterior_flow/_14/w                                      (1, 3)             3
model/posterior_flow/_14/b                                      (1,)               1
model/posterior_flow/_14/u                                      (1, 3)             3
model/posterior_flow/_15/w                                      (1, 3)             3
model/posterior_flow/_15/b                                      (1,)               1
model/posterior_flow/_15/u                                      (1, 3)             3
model/posterior_flow/_16/w                                      (1, 3)             3
model/posterior_flow/_16/b                                      (1,)               1
model/posterior_flow/_16/u                                      (1, 3)             3
model/posterior_flow/_17/w                                      (1, 3)             3
model/posterior_flow/_17/b                                      (1,)               1
model/posterior_flow/_17/u                                      (1, 3)             3
model/posterior_flow/_18/w                                      (1, 3)             3
model/posterior_flow/_18/b                                      (1,)               1
model/posterior_flow/_18/u                                      (1, 3)             3
model/posterior_flow/_19/w                                      (1, 3)             3
model/posterior_flow/_19/b                                      (1,)               1
model/posterior_flow/_19/u                                      (1, 3)             3
model/p_x_given_z/hidden/rnn_p_x/rnn/gru_cell/gates/kernel      (503, 1000)  503,000
model/p_x_given_z/hidden/rnn_p_x/rnn/gru_cell/gates/bias        (1000,)        1,000
model/p_x_given_z/hidden/rnn_p_x/rnn/gru_cell/candidate/kernel  (503, 500)   251,500
model/p_x_given_z/hidden/rnn_p_x/rnn/gru_cell/candidate/bias    (500,)           500
model/p_x_given_z/hidden/rnn_p_x/dense/kernel                   (500, 500)   250,000
model/p_x_given_z/hidden/rnn_p_x/dense/bias                     (500,)           500
model/p_x_given_z/hidden/rnn_p_x/dense_1/kernel                 (500, 500)   250,000
model/p_x_given_z/hidden/rnn_p_x/dense_1/bias                   (500,)           500
model/p_x_given_z/x_mean/kernel                                 (500, 19)      9,500
model/p_x_given_z/x_mean/bias                                   (19,)             19
model/p_x_given_z/x_std/kernel                                  (500, 19)      9,500
model/p_x_given_z/x_std/bias                                    (19,)             19/home/hz/anaconda3/envs/py36/lib/python3.6/site-packages/tensorflow/python/framework/dtypes.py:523: FutureWarning: Passing (type, 1) or '1type' as a synonym of type is deprecated; in a future version of numpy, it will be understood as (type, (1,)) / '(1,)type'.
  _np_qint8 = np.dtype([("qint8", np.int8, 1)])
/home/hz/anaconda3/envs/py36/lib/python3.6/site-packages/tensorflow/python/framework/dtypes.py:524: FutureWarning: Passing (type, 1) or '1type' as a synonym of type is deprecated; in a future version of numpy, it will be understood as (type, (1,)) / '(1,)type'.
  _np_quint8 = np.dtype([("quint8", np.uint8, 1)])
/home/hz/anaconda3/envs/py36/lib/python3.6/site-packages/tensorflow/python/framework/dtypes.py:525: FutureWarning: Passing (type, 1) or '1type' as a synonym of type is deprecated; in a future version of numpy, it will be understood as (type, (1,)) / '(1,)type'.
  _np_qint16 = np.dtype([("qint16", np.int16, 1)])
/home/hz/anaconda3/envs/py36/lib/python3.6/site-packages/tensorflow/python/framework/dtypes.py:526: FutureWarning: Passing (type, 1) or '1type' as a synonym of type is deprecated; in a future version of numpy, it will be understood as (type, (1,)) / '(1,)type'.
  _np_quint16 = np.dtype([("quint16", np.uint16, 1)])
/home/hz/anaconda3/envs/py36/lib/python3.6/site-packages/tensorflow/python/framework/dtypes.py:527: FutureWarning: Passing (type, 1) or '1type' as a synonym of type is deprecated; in a future version of numpy, it will be understood as (type, (1,)) / '(1,)type'.
  _np_qint32 = np.dtype([("qint32", np.int32, 1)])
/home/hz/anaconda3/envs/py36/lib/python3.6/site-packages/tensorflow/python/framework/dtypes.py:532: FutureWarning: Passing (type, 1) or '1type' as a synonym of type is deprecated; in a future version of numpy, it will be understood as (type, (1,)) / '(1,)type'.
  np_resource = np.dtype([("resource", np.ubyte, 1)])
/home/hz/anaconda3/envs/py36/lib/python3.6/site-packages/tfsnippet/utils/tfver.py:22: DeprecationWarning: Function 'semver.compare' is deprecated. Deprecated since version 2.10.0.  This function will be removed in semver 3. Use the respective 'semver.VersionInfo.compare' instead.
  compare_result = semver.compare(version, tf.__version__)
/home/hz/anaconda3/envs/py36/lib/python3.6/site-packages/tfsnippet/utils/tfver.py:22: DeprecationWarning: Function 'semver.compare' is deprecated. Deprecated since version 2.10.0.  This function will be removed in semver 3. Use the respective 'semver.VersionInfo.compare' instead.
  compare_result = semver.compare(version, tf.__version__)
INFO:tensorflow:Restoring parameters from /tmp/tmp5jm1ftnl/variables.dat-1100
2025-06-21 11:37:20,365 [INFO] tensorflow: Restoring parameters from /tmp/tmp5jm1ftnl/variables.dat-1100

  0%|          | 0/4221 [00:00<?, ?it/s]
100%|██████████| 4221/4221 [00:00<00:00, 1213527.81it/s]

train_values: (6048, 19)
[Epoch 1/10, Step 100] step time: 1.457s (±4.275s); train time: 1m 52.12s; valid time: 33.69s; loss: 10.5457 (±48.7818); valid loss: -4.29088 (*)
train_values: (6048, 19)
[Epoch 2/10, Step 200, ETA 20m 50.75s] step time: 1.094s (±2.697s); train time: 1m 7.896s; valid time: 27.07s; loss: -3.12815 (±2.82915); valid loss: -4.37037 (*)
train_values: (6048, 19)
[Epoch 3/10, Step 300, ETA 17m 50.68s] step time: 1.097s (±2.766s); train time: 52.41s; valid time: 27.82s; loss: -5.49308 (±1.75546); valid loss: -6.06894 (*)
train_values: (6048, 19)
[Epoch 4/10, Step 400, ETA 15m 28.28s] step time: 1.11s (±2.76s); train time: 37.63s; valid time: 27.71s; loss: -5.70556 (±2.94486); valid loss: -6.46839 (*)
train_values: (6048, 19)
[Epoch 5/10, Step 500, ETA 13m 13.59s] step time: 1.074s (±2.495s); train time: 23s; valid time: 25.02s; loss: -5.49662 (±2.85612); valid loss: -4.9811
train_values: (6048, 19)
[Epoch 6/10, Step 600, ETA 11m 11.62s] step time: 1.112s (±2.82s); train time: 8.52s; valid time: 28.26s; loss: -6.4696 (±2.05231); valid loss: -6.94767 (*)
[Epoch 6/10, Step 700, ETA 9m 13.16s] step time: 1.118s (±2.662s); train time: 1m 25.25s; valid time: 26.65s; loss: -7.32296 (±1.94996); valid loss: -5.61663
train_values: (6048, 19)
[Epoch 7/10, Step 800, ETA 7m 20.75s] step time: 1.211s (±3.091s); train time: 1m 21.21s; valid time: 31.1s; loss: -6.87692 (±2.52293); valid loss: -8.41438 (*)
train_values: (6048, 19)
[Epoch 8/10, Step 900, ETA 5m 27.17s] step time: 1.236s (±2.94s); train time: 1m 9.807s; valid time: 29.64s; loss: -7.74972 (±2.00845); valid loss: -7.58432
train_values: (6048, 19)
[Epoch 9/10, Step 1000, ETA 3m 31.88s] step time: 1.254s (±2.92s); train time: 54.99s; valid time: 29.31s; loss: -7.47045 (±1.94304); valid loss: -7.92713
train_values: (6048, 19)
[Epoch 10/10, Step 1100, ETA 1m 34.42s] step time: 1.21s (±2.987s); train time: 33.99s; valid time: 30.15s; loss: -8.36412 (±1.84179); valid loss: -9.47899 (*)
train end time:  2025-06-21 11:37:20
train time:  1401.1541910171509
test start time:  2025-06-21 11:37:20
------------------------------ testing ------------------------------
test_score shape:  (4221, 19)
test_z shape:  (4221, 100, 6)
search range:  -400.0 400.0
cur thr:  -399.0 [0.5627335228503166, 0.9866665351111286, 0.39361700033952124, 74.0, 4032.0, 1.0, 114.0, 3.9998000099994995] [0.5627335228503166, 0.9866665351111286, 0.39361700033952124, 74.0, 4032.0, 1.0, 114.0, 3.9998000099994995] -399.0
cur thr:  -349.0 [0.5627335228503166, 0.9866665351111286, 0.39361700033952124, 74.0, 4032.0, 1.0, 114.0, 3.9998000099994995] [0.5627335228503166, 0.9866665351111286, 0.39361700033952124, 74.0, 4032.0, 1.0, 114.0, 3.9998000099994995] -399.0
cur thr:  -299.0 [0.5563867906916157, 0.948717827087458, 0.39361700033952124, 74.0, 4029.0, 4.0, 114.0, 3.4998250087495624] [0.5627335228503166, 0.9866665351111286, 0.39361700033952124, 74.0, 4032.0, 1.0, 114.0, 3.9998000099994995] -399.0
cur thr:  -249.0 [0.5543029079132004, 0.9367087421887668, 0.39361700033952124, 74.0, 4028.0, 5.0, 114.0, 3.4998250087495624] [0.5627335228503166, 0.9866665351111286, 0.39361700033952124, 74.0, 4032.0, 1.0, 114.0, 3.9998000099994995] -399.0
cur thr:  -199.0 [0.5461211715856313, 0.8915661576426316, 0.39361700033952124, 74.0, 4024.0, 9.0, 114.0, 2.999850007499625] [0.5627335228503166, 0.9866665351111286, 0.39361700033952124, 74.0, 4032.0, 1.0, 114.0, 3.9998000099994995] -399.0
cur thr:  -149.0 [0.57446359995383, 0.8617020359891451, 0.4308510409121787, 81.0, 4020.0, 13.0, 107.0, 2.6665777807406417] [0.5785669750335669, 0.8804346869092732, 0.4308510409121787, 81.0, 4022.0, 11.0, 107.0, 2.6665777807406417] -158.0
cur thr:  -99.0 [0.9023696229069649, 0.8952879112414706, 0.9095744197034883, 171.0, 4013.0, 20.0, 17.0, 7.249818754531137] [0.9168850316166531, 0.9243242743608501, 0.9095744197034883, 171.0, 4019.0, 14.0, 17.0, 7.249818754531137] -133.0
cur thr:  -49.0 [0.8528628073499354, 0.8028168637175181, 0.9095744197034883, 171.0, 3991.0, 42.0, 17.0, 6.999825004374891] [0.9168850316166531, 0.9243242743608501, 0.9095744197034883, 171.0, 4019.0, 14.0, 17.0, 7.249818754531137] -133.0
cur thr:  1.0 [0.5244033687836984, 0.3553875169113891, 0.9999999468085135, 188.0, 3692.0, 341.0, 0.0, 3.999920001599968] [0.9168850316166531, 0.9243242743608501, 0.9095744197034883, 171.0, 4019.0, 14.0, 17.0, 7.249818754531137] -133.0
cur thr:  51.0 [0.08527929205155288, 0.044539208612795055, 0.9999999468085135, 188.0, 0.0, 4033.0, 0.0, 0.0] [0.9168850316166531, 0.9243242743608501, 0.9095744197034883, 171.0, 4019.0, 14.0, 17.0, 7.249818754531137] -133.0
cur thr:  101.0 [0.08527929205155288, 0.044539208612795055, 0.9999999468085135, 188.0, 0.0, 4033.0, 0.0, 0.0] [0.9168850316166531, 0.9243242743608501, 0.9095744197034883, 171.0, 4019.0, 14.0, 17.0, 7.249818754531137] -133.0
cur thr:  151.0 [0.08527929205155288, 0.044539208612795055, 0.9999999468085135, 188.0, 0.0, 4033.0, 0.0, 0.0] [0.9168850316166531, 0.9243242743608501, 0.9095744197034883, 171.0, 4019.0, 14.0, 17.0, 7.249818754531137] -133.0
cur thr:  201.0 [0.08527929205155288, 0.044539208612795055, 0.9999999468085135, 188.0, 0.0, 4033.0, 0.0, 0.0] [0.9168850316166531, 0.9243242743608501, 0.9095744197034883, 171.0, 4019.0, 14.0, 17.0, 7.249818754531137] -133.0
cur thr:  251.0 [0.08527929205155288, 0.044539208612795055, 0.9999999468085135, 188.0, 0.0, 4033.0, 0.0, 0.0] [0.9168850316166531, 0.9243242743608501, 0.9095744197034883, 171.0, 4019.0, 14.0, 17.0, 7.249818754531137] -133.0
cur thr:  301.0 [0.08527929205155288, 0.044539208612795055, 0.9999999468085135, 188.0, 0.0, 4033.0, 0.0, 0.0] [0.9168850316166531, 0.9243242743608501, 0.9095744197034883, 171.0, 4019.0, 14.0, 17.0, 7.249818754531137] -133.0
cur thr:  351.0 [0.08527929205155288, 0.044539208612795055, 0.9999999468085135, 188.0, 0.0, 4033.0, 0.0, 0.0] [0.9168850316166531, 0.9243242743608501, 0.9095744197034883, 171.0, 4019.0, 14.0, 17.0, 7.249818754531137] -133.0
[0.9168850316166531, 0.9243242743608501, 0.9095744197034883, 171.0, 4019.0, 14.0, 17.0, 7.249818754531137] -133.0
label_file: ServerMachineDataset/interpretation_label/omi-8.txt
Initial threshold : 34.985725
Number of peaks : 64
Grimshaw maximum log-likelihood estimation ... [done]
	γ = 0
	σ = 56.12301
	L = 321.7629354367776
Extreme quantile (probability = 0.001): 148.01774483260635
108
4221
POT result:  (0.8507412472754957, 0.7990653832212438, 0.9095744197034883, 171.0, 3990.0, 43.0, 17.0) -48.13396552129192 6.999825004374891

=== 全局调试信息 ===
y_true shape: (4221,), unique values: [0. 1.]
y_pred shape: (4221,), unique values: [False  True]
feature_scores shape: (4221, 19)
interpretation_segments 数量: 5


=== 处理第 1/5 段 ===
原始段范围: orig_start=740, orig_end=753
调整后段范围: start=641, end=654
段内真实标签 (seg_true): [1. 1. 1. 1. 1. 1. 1. 1. 1. 1. 1. 1. 1. 1.]
段内预测标签 (seg_pred): [ True  True  True  True  True  True  True  True  True  True  True  True
  True  True]
段内真实异常时间点索引 (相对段内): [ 0  1  2  3  4  5  6  7  8  9 10 11 12 13]
段内是否有预测为异常的时间点: True
真实异常维度 (0-based): [1, 3]
段内检测到的异常时间点索引 (相对段内): [ 0  1  2  3  4  5  6  7  8  9 10 11 12 13]
选择的维度数量 (k): 5 (基于真实异常维度数的 100%)
推断的异常维度 (0-based): [0, 1, 2, 3, 4, 7, 18]
真实与推断的交集: [1, 3]
段内指标: TP=2, FP=5, FN=0, TN=12, IPS=1.0000

=== 处理第 2/5 段 ===
原始段范围: orig_start=764, orig_end=780
调整后段范围: start=665, end=681
段内真实标签 (seg_true): [1. 1. 1. 1. 1. 1. 1. 1. 1. 1. 1. 1. 1. 1. 1. 1. 1.]
段内预测标签 (seg_pred): [False False False False False False False False False False False False
 False False False False False]
段内真实异常时间点索引 (相对段内): [ 0  1  2  3  4  5  6  7  8  9 10 11 12 13 14 15 16]
段内是否有预测为异常的时间点: False
真实异常维度 (0-based): [5, 6, 7, 8, 9, 10, 11, 12, 13, 14, 15, 16, 17, 18]
段内检测到的异常时间点索引 (相对段内): []
未检测到任何异常点，将整个段中的时间索引标记为异常
选择的维度数量 (k): 5 (基于真实异常维度数的 100%)
推断的异常维度 (0-based): [0, 1, 2, 3, 4, 5, 7, 8, 15]
真实与推断的交集: [5, 7, 8, 15]
段内指标: TP=4, FP=5, FN=10, TN=0, IPS=0.2857

=== 处理第 3/5 段 ===
原始段范围: orig_start=2319, orig_end=2325
调整后段范围: start=2220, end=2226
段内真实标签 (seg_true): [1. 1. 1. 1. 1. 1. 1.]
段内预测标签 (seg_pred): [ True  True  True  True  True  True  True]
段内真实异常时间点索引 (相对段内): [0 1 2 3 4 5 6]
段内是否有预测为异常的时间点: True
真实异常维度 (0-based): [3, 4, 5]
段内检测到的异常时间点索引 (相对段内): [0 1 2 3 4 5 6]
选择的维度数量 (k): 5 (基于真实异常维度数的 100%)
推断的异常维度 (0-based): [0, 1, 2, 3, 4, 5, 7, 8, 15, 16]
真实与推断的交集: [3, 4, 5]
段内指标: TP=3, FP=7, FN=0, TN=9, IPS=1.0000

=== 处理第 4/5 段 ===
原始段范围: orig_start=2586, orig_end=2675
调整后段范围: start=2487, end=2576
段内真实标签 (seg_true): [1. 1. 1. 1. 1. 1. 1. 1. 1. 1. 1. 1. 1. 1. 1. 1. 1. 1. 1. 1. 1. 1. 1. 1.
 1. 1. 1. 1. 1. 1. 1. 1. 1. 1. 1. 1. 1. 1. 1. 1. 1. 1. 1. 1. 1. 1. 1. 1.
 1. 1. 1. 1. 1. 1. 1. 1. 1. 1. 1. 1. 1. 1. 1. 1. 1. 1. 1. 1. 1. 1. 1. 1.
 1. 1. 1. 1. 1. 1. 1. 1. 1. 1. 1. 1. 1. 1. 1. 1. 1. 1.]
段内预测标签 (seg_pred): [ True  True  True  True  True  True  True  True  True  True  True  True
  True  True  True  True  True  True  True  True  True  True  True  True
  True  True  True  True  True  True  True  True  True  True  True  True
  True  True  True  True  True  True  True  True  True  True  True  True
  True  True  True  True  True  True  True  True  True  True  True  True
  True  True  True  True  True  True  True  True  True  True  True  True
  True  True  True  True  True  True  True  True  True  True  True  True
  True  True  True  True  True  True]
段内真实异常时间点索引 (相对段内): [ 0  1  2  3  4  5  6  7  8  9 10 11 12 13 14 15 16 17 18 19 20 21 22 23
 24 25 26 27 28 29 30 31 32 33 34 35 36 37 38 39 40 41 42 43 44 45 46 47
 48 49 50 51 52 53 54 55 56 57 58 59 60 61 62 63 64 65 66 67 68 69 70 71
 72 73 74 75 76 77 78 79 80 81 82 83 84 85 86 87 88 89]
段内是否有预测为异常的时间点: True
真实异常维度 (0-based): [4, 5, 7, 16, 17, 18]
段内检测到的异常时间点索引 (相对段内): [ 0  1  2  3  4  5  6  7  8  9 10 11 12 13 14 15 16 17 18 19 20 21 22 23
 24 25 26 27 28 29 30 31 32 33 34 35 36 37 38 39 40 41 42 43 44 45 46 47
 48 49 50 51 52 53 54 55 56 57 58 59 60 61 62 63 64 65 66 67 68 69 70 71
 72 73 74 75 76 77 78 79 80 81 82 83 84 85 86 87 88 89]
选择的维度数量 (k): 5 (基于真实异常维度数的 100%)
推断的异常维度 (0-based): [0, 1, 2, 3, 4, 5, 7, 8, 15, 16, 18]
真实与推断的交集: [4, 5, 7, 16, 18]
段内指标: TP=5, FP=6, FN=1, TN=7, IPS=0.8333

=== 处理第 5/5 段 ===
原始段范围: orig_start=2897, orig_end=2956
调整后段范围: start=2798, end=2857
段内真实标签 (seg_true): [1. 1. 1. 1. 1. 1. 1. 1. 1. 1. 1. 1. 1. 1. 1. 1. 1. 1. 1. 1. 1. 1. 1. 1.
 1. 1. 1. 1. 1. 1. 1. 1. 1. 1. 1. 1. 1. 1. 1. 1. 1. 1. 1. 1. 1. 1. 1. 1.
 1. 1. 1. 1. 1. 1. 1. 1. 1. 1. 1. 1.]
段内预测标签 (seg_pred): [ True  True  True  True  True  True  True  True  True  True  True  True
  True  True  True  True  True  True  True  True  True  True  True  True
  True  True  True  True  True  True  True  True  True  True  True  True
  True  True  True  True  True  True  True  True  True  True  True  True
  True  True  True  True  True  True  True  True  True  True  True  True]
段内真实异常时间点索引 (相对段内): [ 0  1  2  3  4  5  6  7  8  9 10 11 12 13 14 15 16 17 18 19 20 21 22 23
 24 25 26 27 28 29 30 31 32 33 34 35 36 37 38 39 40 41 42 43 44 45 46 47
 48 49 50 51 52 53 54 55 56 57 58 59]
段内是否有预测为异常的时间点: True
真实异常维度 (0-based): [1, 5, 7, 16, 17, 18]
段内检测到的异常时间点索引 (相对段内): [ 0  1  2  3  4  5  6  7  8  9 10 11 12 13 14 15 16 17 18 19 20 21 22 23
 24 25 26 27 28 29 30 31 32 33 34 35 36 37 38 39 40 41 42 43 44 45 46 47
 48 49 50 51 52 53 54 55 56 57 58 59]
选择的维度数量 (k): 5 (基于真实异常维度数的 100%)
推断的异常维度 (0-based): [0, 1, 2, 3, 4, 5, 7, 8, 15, 16, 17, 18]
真实与推断的交集: [1, 5, 7, 16, 17, 18]
段内指标: TP=6, FP=6, FN=0, TN=7, IPS=1.0000

=== 汇总指标 ===
总 TP: 20, 总 TN: 35, 总 FP: 29, 总 FN: 11
平均 IPS: 0.8556, Precision: 0.4082, Recall: 0.6452, F1: 0.5000
每段IPS与混淆: [{'original_start': 740, 'original_end': 753, 'start': 641, 'end': 654, 'TP': 2, 'TN': 12, 'FP': 5, 'FN': 0, 'IPS': 1.0, 'k_selected': 5, 'gt_dims_count': 2}, {'original_start': 764, 'original_end': 780, 'start': 665, 'end': 681, 'TP': 4, 'TN': 0, 'FP': 5, 'FN': 10, 'IPS': 0.2857142857142857, 'k_selected': 5, 'gt_dims_count': 14}, {'original_start': 2319, 'original_end': 2325, 'start': 2220, 'end': 2226, 'TP': 3, 'TN': 9, 'FP': 7, 'FN': 0, 'IPS': 1.0, 'k_selected': 5, 'gt_dims_count': 3}, {'original_start': 2586, 'original_end': 2675, 'start': 2487, 'end': 2576, 'TP': 5, 'TN': 7, 'FP': 6, 'FN': 1, 'IPS': 0.8333333333333334, 'k_selected': 5, 'gt_dims_count': 6}, {'original_start': 2897, 'original_end': 2956, 'start': 2798, 'end': 2857, 'TP': 6, 'TN': 7, 'FP': 6, 'FN': 0, 'IPS': 1.0, 'k_selected': 5, 'gt_dims_count': 6}]
总和: {'TP': 20, 'TN': 35, 'FP': 29, 'FN': 11, 'IPS': 0.8556231003039514, 'precision': 0.40816326530612246, 'recall': 0.6451612903225806, 'F1': 0.5000000000000001}
test end time:  2025-06-21 11:39:54
test time:  153.49491596221924
==============================result==============================
{'FN': 17.0,
 'FP': 14.0,
 'TN': 4019.0,
 'TP': 171.0,
 'best-f1': 0.9168850316166531,
 'best_valid_loss': -9.478991339616014,
 'dataset': 'omi-8',
 'latency': 7.249818754531137,
 'pot-FN': 17.0,
 'pot-FP': 43.0,
 'pot-TN': 3990.0,
 'pot-TP': 171.0,
 'pot-f1': 0.8507412472754957,
 'pot-latency': 6.999825004374891,
 'pot-precision': 0.7990653832212438,
 'pot-recall': 0.9095744197034883,
 'pot-threshold': -48.13396552129192,
 'precision': 0.9243242743608501,
 'pred_time': 0.537311632492963,
 'pred_total_time': 45.77480411529541,
 'recall': 0.9095744197034883,
 'segment_results': [{'FN': 0,
                      'FP': 5,
                      'IPS': 1.0,
                      'TN': 12,
                      'TP': 2,
                      'end': 654,
                      'gt_dims_count': 2,
                      'k_selected': 5,
                      'original_end': 753,
                      'original_start': 740,
                      'start': 641},
                     {'FN': 10,
                      'FP': 5,
                      'IPS': 0.2857142857142857,
                      'TN': 0,
                      'TP': 4,
                      'end': 681,
                      'gt_dims_count': 14,
                      'k_selected': 5,
                      'original_end': 780,
                      'original_start': 764,
                      'start': 665},
                     {'FN': 0,
                      'FP': 7,
                      'IPS': 1.0,
                      'TN': 9,
                      'TP': 3,
                      'end': 2226,
                      'gt_dims_count': 3,
                      'k_selected': 5,
                      'original_end': 2325,
                      'original_start': 2319,
                      'start': 2220},
                     {'FN': 1,
                      'FP': 6,
                      'IPS': 0.8333333333333334,
                      'TN': 7,
                      'TP': 5,
                      'end': 2576,
                      'gt_dims_count': 6,
                      'k_selected': 5,
                      'original_end': 2675,
                      'original_start': 2586,
                      'start': 2487},
                     {'FN': 0,
                      'FP': 6,
                      'IPS': 1.0,
                      'TN': 7,
                      'TP': 6,
                      'end': 2857,
                      'gt_dims_count': 6,
                      'k_selected': 
5,
                      'original_end': 2956,
                      'original_start': 2897,
                      'start': 2798}],
 'segment_summary': {'F1': 0.5000000000000001,
                     'FN': 11,
                     'FP': 29,
                     'IPS': 0.8556231003039514,
                     'TN': 35,
                     'TP': 20,
                     'precision': 0.40816326530612246,
                     'recall': 0.6451612903225806},
 'threshold': -133.0,
 'train_time': 137.34339916706085,
 'valid_time': 0.541007005518133}
