2025-06-05 19:06:32.978356: I tensorflow/core/platform/cpu_feature_guard.cc:141] Your CPU supports instructions that this TensorFlow binary was not compiled to use: AVX2 AVX512F FMA
Configurations
===========================================
{'batch_size': 50,
 'bf_search_max': 400.0,
 'bf_search_min': -400.0,
 'bf_search_step_size': 1.0,
 'dataset': 'machine-2-2',
 'dense_dim': 500,
 'early_stop': True,
 'get_score_on_dim': True,
 'gradient_clip_norm': 10.0,
 'initial_lr': 0.001,
 'l2_reg': 0.0001,
 'level': 0.01,
 'lr_anneal_epoch_freq': 40,
 'lr_anneal_factor': 0.5,
 'lr_anneal_step_freq': None,
 'max_epoch': 5,
 'max_test_size': None,
 'max_train_size': None,
 'nf_layers': 20,
 'posterior_flow_type': 'nf',
 'restore_dir': None,
 'result_dir': 'result',
 'rnn_cell': 'GRU',
 'rnn_num_hidden': 500,
 'save_dir': 'model',
 'save_z': False,
 'std_epsilon': 0.0001,
 'test_batch_size': 50,
 'test_n_z': 1,
 'test_score_filename': 'test_score.pkl',
 'test_start': 0,
 'train_score_filename': 'train_score.pkl',
 'train_start': 0,
 'use_connected_z_p': True,
 'use_connected_z_q': True,
 'valid_step_freq': 100,
 'window_length': 100,
 'x_dim': 38,
 'z_dim': 3}

train start time:  2025-06-05 19:06:18
load data of: machine-2-2
train:  0 None
test:  0 None
Data normalized
Data normalized
train set shape:  (23699, 38)
test set shape:  (23700, 38)
test set label shape:  (23700,)
Trainable Parameters                                            (2,607,740 in total)
------------------------------------------------------------------------------------
model/q_z_given_x/rnn_q_z/rnn/gru_cell/gates/kernel             (538, 1000)  538,000
model/q_z_given_x/rnn_q_z/rnn/gru_cell/gates/bias               (1000,)        1,000
model/q_z_given_x/rnn_q_z/rnn/gru_cell/candidate/kernel         (538, 500)   269,000
model/q_z_given_x/rnn_q_z/rnn/gru_cell/candidate/bias           (500,)           500
model/q_z_given_x/rnn_q_z/dense/kernel                          (500, 500)   250,000
model/q_z_given_x/rnn_q_z/dense/bias                            (500,)           500
model/q_z_given_x/rnn_q_z/dense_1/kernel                        (500, 500)   250,000
model/q_z_given_x/rnn_q_z/dense_1/bias                          (500,)           500
model/vae/variational/z_mean/kernel                             (503, 3)       1,509
model/vae/variational/z_mean/bias                               (3,)               3
model/vae/variational/z_std/kernel                              (503, 3)       1,509
model/vae/variational/z_std/bias                                (3,)               3
model/posterior_flow/_0/w                                       (1, 3)             3
model/posterior_flow/_0/b                                       (1,)               1
model/posterior_flow/_0/u                                       (1, 3)             3
model/posterior_flow/_1/w                                       (1, 3)             3
model/posterior_flow/_1/b                                       (1,)               1
model/posterior_flow/_1/u                                       (1, 3)             3
model/posterior_flow/_2/w                                       (1, 3)             3
model/posterior_flow/_2/b                                       (1,)               1
model/posterior_flow/_2/u                                       (1, 3)             3
model/posterior_flow/_3/w                                       (1, 3)             3
model/posterior_flow/_3/b                                       (1,)               1
model/posterior_flow/_3/u                                       (1, 3)             3
model/posterior_flow/_4/w                                       (1, 3)             3
model/posterior_flow/_4/b                                       (1,)               1
model/posterior_flow/_4/u                                       (1, 3)             3
model/posterior_flow/_5/w                                       (1, 3)             3
model/posterior_flow/_5/b                                       (1,)               1
model/posterior_flow/_5/u                                       (1, 3)             3
model/posterior_flow/_6/w                                       (1, 3)             3
model/posterior_flow/_6/b                                       (1,)               1
model/posterior_flow/_6/u                                       (1, 3)             3
model/posterior_flow/_7/w                                       (1, 3)             3
model/posterior_flow/_7/b                                       (1,)               1
model/posterior_flow/_7/u                                       (1, 3)             3
model/posterior_flow/_8/w                                       (1, 3)             3
model/posterior_flow/_8/b                                       (1,)               1
model/posterior_flow/_8/u                                       (1, 3)             3
model/posterior_flow/_9/w                                       (1, 3)             3
model/posterior_flow/_9/b                                       (1,)               1
model/posterior_flow/_9/u                                       (1, 3)             3
model/posterior_flow/_10/w                                      (1, 3)             3
model/posterior_flow/_10/b                                      (1,)               1
model/posterior_flow/_10/u                                      (1, 3)             3
model/posterior_flow/_11/w                                      (1, 3)             3
model/posterior_flow/_11/b                                      (1,)               1
model/posterior_flow/_11/u                                      (1, 3)             3
model/posterior_flow/_12/w                                      (1, 3)             3
model/posterior_flow/_12/b                                      (1,)               1
model/posterior_flow/_12/u                                      (1, 3)             3
model/posterior_flow/_13/w                                      (1, 3)             3
model/posterior_flow/_13/b                                      (1,)               1
model/posterior_flow/_13/u                                      (1, 3)             3
model/posterior_flow/_14/w                                      (1, 3)             3
model/posterior_flow/_14/b                                      (1,)               1
model/posterior_flow/_14/u                                      (1, 3)             3
model/posterior_flow/_15/w                                      (1, 3)             3
model/posterior_flow/_15/b                                      (1,)               1
model/posterior_flow/_15/u                                      (1, 3)             3
model/posterior_flow/_16/w                                      (1, 3)             3
model/posterior_flow/_16/b                                      (1,)               1
model/posterior_flow/_16/u                                      (1, 3)             3
model/posterior_flow/_17/w                                      (1, 3)             3
model/posterior_flow/_17/b                                      (1,)               1
model/posterior_flow/_17/u                                      (1, 3)             3
model/posterior_flow/_18/w                                      (1, 3)             3
model/posterior_flow/_18/b                                      (1,)               1
model/posterior_flow/_18/u                                      (1, 3)             3
model/posterior_flow/_19/w                                      (1, 3)             3
model/posterior_flow/_19/b                                      (1,)               1
model/posterior_flow/_19/u                                      (1, 3)             3
model/p_x_given_z/hidden/rnn_p_x/rnn/gru_cell/gates/kernel      (503, 1000)  503,000
model/p_x_given_z/hidden/rnn_p_x/rnn/gru_cell/gates/bias        (1000,)        1,000
model/p_x_given_z/hidden/rnn_p_x/rnn/gru_cell/candidate/kernel  (503, 500)   251,500
model/p_x_given_z/hidden/rnn_p_x/rnn/gru_cell/candidate/bias    (500,)           500
model/p_x_given_z/hidden/rnn_p_x/dense/kernel                   (500, 500)   250,000
model/p_x_given_z/hidden/rnn_p_x/dense/bias                     (500,)           500
model/p_x_given_z/hidden/rnn_p_x/dense_1/kernel                 (500, 500)   250,000
model/p_x_given_z/hidden/rnn_p_x/dense_1/bias                   (500,)           500
model/p_x_given_z/x_mean/kernel                                 (500, 38)     19,000
model/p_x_given_z/x_mean/bias                                   (38,)             38
model/p_x_given_z/x_std/kernel                                  (500, 38)     19,000
model/p_x_given_z/x_std/bias                                    (38,)             38/home/hz/anaconda3/envs/py36/lib/python3.6/site-packages/tensorflow/python/framework/dtypes.py:523: FutureWarning: Passing (type, 1) or '1type' as a synonym of type is deprecated; in a future version of numpy, it will be understood as (type, (1,)) / '(1,)type'.
  _np_qint8 = np.dtype([("qint8", np.int8, 1)])
/home/hz/anaconda3/envs/py36/lib/python3.6/site-packages/tensorflow/python/framework/dtypes.py:524: FutureWarning: Passing (type, 1) or '1type' as a synonym of type is deprecated; in a future version of numpy, it will be understood as (type, (1,)) / '(1,)type'.
  _np_quint8 = np.dtype([("quint8", np.uint8, 1)])
/home/hz/anaconda3/envs/py36/lib/python3.6/site-packages/tensorflow/python/framework/dtypes.py:525: FutureWarning: Passing (type, 1) or '1type' as a synonym of type is deprecated; in a future version of numpy, it will be understood as (type, (1,)) / '(1,)type'.
  _np_qint16 = np.dtype([("qint16", np.int16, 1)])
/home/hz/anaconda3/envs/py36/lib/python3.6/site-packages/tensorflow/python/framework/dtypes.py:526: FutureWarning: Passing (type, 1) or '1type' as a synonym of type is deprecated; in a future version of numpy, it will be understood as (type, (1,)) / '(1,)type'.
  _np_quint16 = np.dtype([("quint16", np.uint16, 1)])
/home/hz/anaconda3/envs/py36/lib/python3.6/site-packages/tensorflow/python/framework/dtypes.py:527: FutureWarning: Passing (type, 1) or '1type' as a synonym of type is deprecated; in a future version of numpy, it will be understood as (type, (1,)) / '(1,)type'.
  _np_qint32 = np.dtype([("qint32", np.int32, 1)])
/home/hz/anaconda3/envs/py36/lib/python3.6/site-packages/tensorflow/python/framework/dtypes.py:532: FutureWarning: Passing (type, 1) or '1type' as a synonym of type is deprecated; in a future version of numpy, it will be understood as (type, (1,)) / '(1,)type'.
  np_resource = np.dtype([("resource", np.ubyte, 1)])
/home/hz/anaconda3/envs/py36/lib/python3.6/site-packages/tfsnippet/utils/tfver.py:22: DeprecationWarning: Function 'semver.compare' is deprecated. Deprecated since version 2.10.0.  This function will be removed in semver 3. Use the respective 'semver.VersionInfo.compare' instead.
  compare_result = semver.compare(version, tf.__version__)
/home/hz/anaconda3/envs/py36/lib/python3.6/site-packages/tfsnippet/utils/tfver.py:22: DeprecationWarning: Function 'semver.compare' is deprecated. Deprecated since version 2.10.0.  This function will be removed in semver 3. Use the respective 'semver.VersionInfo.compare' instead.
  compare_result = semver.compare(version, tf.__version__)
INFO:tensorflow:Restoring parameters from /tmp/tmp2c6hajuh/variables.dat-1600
2025-06-05 19:33:57,671 [INFO] tensorflow: Restoring parameters from /tmp/tmp2c6hajuh/variables.dat-1600
  0%|          | 0/23601 [00:00<?, ?it/s]100%|██████████| 23601/23601 [00:00<00:00, 1302377.00it/s]

train_values: (16590, 38)
[Epoch 1/5, Step 100] step time: 1.198s (±4.953s); train time: 1m 11.7s; valid time: 48.14s; loss: 3171.6 (±26810.6); valid loss: -37.1438 (*)
[Epoch 1/5, Step 200] step time: 1.005s (±4.45s); train time: 55.84s; valid time: 44.71s; loss: -42.0102 (±4.3268); valid loss: -40.0357 (*)
[Epoch 1/5, Step 300] step time: 0.9969s (±4.471s); train time: 54.8s; valid time: 44.94s; loss: -44.9419 (±3.18965); valid loss: -43.3692 (*)
train_values: (16590, 38)
[Epoch 2/5, Step 400, ETA 21m 46.26s] step time: 0.9947s (±4.326s); train time: 39.76s; valid time: 43.48s; loss: -44.6226 (±3.03821); valid loss: -42.1627
[Epoch 2/5, Step 500, ETA 19m 53.5s] step time: 1.014s (±4.531s); train time: 55.96s; valid time: 45.53s; loss: -48.0174 (±3.76399); valid loss: -47.756 (*)
[Epoch 2/5, Step 600, ETA 18m 1.143s] step time: 0.9952s (±4.362s); train time: 55.74s; valid time: 43.83s; loss: -49.6516 (±3.36067); valid loss: -47.7512
train_values: (16590, 38)
[Epoch 3/5, Step 700, ETA 16m 13.03s] step time: 0.9993s (±4.362s); train time: 23.57s; valid time: 43.85s; loss: -49.801 (±2.88568); valid loss: -47.0354
[Epoch 3/5, Step 800, ETA 14m 27.68s] step time: 1.007s (±4.456s); train time: 55.92s; valid time: 44.79s; loss: -48.2437 (±4.39466); valid loss: -48.1514 (*)
[Epoch 3/5, Step 900, ETA 12m 42.67s] step time: 0.9982s (±4.433s); train time: 55.33s; valid time: 44.54s; loss: -50.8839 (±4.6327); valid loss: -52.578 (*)
train_values: (16590, 38)
[Epoch 4/5, Step 1000, ETA 10m 57.78s] step time: 0.9839s (±4.343s); train time: 7.209s; valid time: 43.63s; loss: -49.6807 (±4.84437); valid loss: -48.9077
[Epoch 4/5, Step 1100, ETA 9m 14.63s] step time: 0.9957s (±4.37s); train time: 55.7s; valid time: 43.92s; loss: -45.848 (±18.1605); valid loss: -48.9591
[Epoch 4/5, Step 1200, ETA 7m 32.05s] step time: 0.9954s (±4.365s); train time: 55.72s; valid time: 43.86s; loss: -50.4617 (±6.14592); valid loss: -51.2289
[Epoch 4/5, Step 1300, ETA 5m 49.91s] step time: 0.9945s (±4.347s); train time: 55.8s; valid time: 43.7s; loss: -50.5183 (±5.23511); valid loss: -51.915
train_values: (16590, 38)
[Epoch 5/5, Step 1400, ETA 4m 8.258s] step time: 1s (±4.37s); train time: 47.15s; valid time: 43.92s; loss: -53.348 (±3.17402); valid loss: -47.0936
[Epoch 5/5, Step 1500, ETA 2m 26.67s] step time: 0.9859s (±4.288s); train time: 55.53s; valid time: 43.11s; loss: -51.9048 (±5.69191); valid loss: -51.036
[Epoch 5/5, Step 1600, ETA 45.49s] step time: 0.9997s (±4.43s); train time: 55.51s; valid time: 44.51s; loss: -51.7737 (±6.73724); valid loss: -52.8895 (*)
train end time:  2025-06-05 19:33:57
train time:  1659.5370469093323
test start time:  2025-06-05 19:33:57
------------------------------ testing ------------------------------
test_score shape:  (23601, 38)
test_z shape:  (23601, 100, 6)
search range:  -400.0 400.0
cur thr:  -399.0 [0.992744775489725, 0.9946846173115357, 0.9908224462025328, 2807.0, 20753.0, 15.0, 26.0, 18.77756913812069] [0.992744775489725, 0.9946846173115357, 0.9908224462025328, 2807.0, 20753.0, 15.0, 26.0, 18.77756913812069] -399.0
cur thr:  -349.0 [0.9923937944787208, 0.9939801664519116, 0.9908224462025328, 2807.0, 20751.0, 17.0, 26.0, 18.444239508449908] [0.992744775489725, 0.9946846173115357, 0.9908224462025328, 2807.0, 20753.0, 15.0, 26.0, 18.77756913812069] -399.0
cur thr:  -299.0 [0.991342338923505, 0.9918727880145837, 0.9908224462025328, 2807.0, 20745.0, 23.0, 26.0, 18.222019755336053] [0.992744775489725, 0.9946846173115357, 0.9908224462025328, 2807.0, 20753.0, 15.0, 26.0, 18.77756913812069] -399.0
cur thr:  -249.0 [0.9904678264532699, 0.9901234532976244, 0.9908224462025328, 2807.0, 20740.0, 28.0, 26.0, 18.222019755336053] [0.992744775489725, 0.9946846173115357, 0.9908224462025328, 2807.0, 20753.0, 15.0, 26.0, 18.77756913812069] -399.0
cur thr:  -199.0 [0.9926084331063445, 0.9891342411877523, 0.9961171867415559, 2822.0, 20737.0, 31.0, 11.0, 11.09988900110999] [0.992744775489725, 0.9946846173115357, 0.9908224462025328, 2807.0, 20753.0, 15.0, 26.0, 18.77756913812069] -399.0
cur thr:  -149.0 [0.9915945768862702, 0.9833391149484931, 0.9999999964701729, 2833.0, 20720.0, 48.0, 0.0, 10.363542149616823] [0.992744775489725, 0.9946846173115357, 0.9908224462025328, 2807.0, 20753.0, 15.0, 26.0, 18.77756913812069] -399.0
cur thr:  -99.0 [0.9835048052957828, 0.9675546415042532, 0.9999999964701729, 2833.0, 20673.0, 95.0, 0.0, 10.272633885146499] [0.992744775489725, 0.9946846173115357, 0.9908224462025328, 2807.0, 20753.0, 15.0, 26.0, 18.77756913812069] -399.0
cur thr:  -49.0 [0.899360127174125, 0.8171329656269599, 0.9999999964701729, 2833.0, 20134.0, 634.0, 0.0, 2.454523140698721] [0.992744775489725, 0.9946846173115357, 0.9908224462025328, 2807.0, 20753.0, 15.0, 26.0, 18.77756913812069] -399.0
cur thr:  1.0 [0.26430707762396494, 0.152279079685939, 0.9999999964701729, 2833.0, 4997.0, 15771.0, 0.0, 0.545449586821938] [0.992744775489725, 0.9946846173115357, 0.9908224462025328, 2807.0, 20753.0, 15.0, 26.0, 18.77756913812069] -399.0
cur thr:  51.0 [0.2143513565918593, 0.12004237283049052, 0.9999999964701729, 2833.0, 1.0, 20767.0, 0.0, 0.0] [0.992744775489725, 0.9946846173115357, 0.9908224462025328, 2807.0, 20753.0, 15.0, 26.0, 18.77756913812069] -399.0
cur thr:  101.0 [0.2143432476569212, 0.12003728650479333, 0.9999999964701729, 2833.0, 0.0, 20768.0, 0.0, 0.0] [0.992744775489725, 0.9946846173115357, 0.9908224462025328, 2807.0, 20753.0, 15.0, 26.0, 18.77756913812069] -399.0
cur thr:  151.0 [0.2143432476569212, 0.12003728650479333, 0.9999999964701729, 2833.0, 0.0, 20768.0, 0.0, 0.0] [0.992744775489725, 0.9946846173115357, 0.9908224462025328, 2807.0, 20753.0, 15.0, 26.0, 18.77756913812069] -399.0
cur thr:  201.0 [0.2143432476569212, 0.12003728650479333, 0.9999999964701729, 2833.0, 0.0, 20768.0, 0.0, 0.0] [0.992744775489725, 0.9946846173115357, 0.9908224462025328, 2807.0, 20753.0, 15.0, 26.0, 18.77756913812069] -399.0
cur thr:  251.0 [0.2143432476569212, 0.12003728650479333, 0.9999999964701729, 2833.0, 0.0, 20768.0, 0.0, 0.0] [0.992744775489725, 0.9946846173115357, 0.9908224462025328, 2807.0, 20753.0, 15.0, 26.0, 18.77756913812069] -399.0
cur thr:  301.0 [0.2143432476569212, 0.12003728650479333, 0.9999999964701729, 2833.0, 0.0, 20768.0, 0.0, 0.0] [0.992744775489725, 0.9946846173115357, 0.9908224462025328, 2807.0, 20753.0, 15.0, 26.0, 18.77756913812069] -399.0
cur thr:  351.0 [0.2143432476569212, 0.12003728650479333, 0.9999999964701729, 2833.0, 0.0, 20768.0, 0.0, 0.0] [0.992744775489725, 0.9946846173115357, 0.9908224462025328, 2807.0, 20753.0, 15.0, 26.0, 18.77756913812069] -399.0
[0.992744775489725, 0.9946846173115357, 0.9908224462025328, 2807.0, 20753.0, 15.0, 26.0, 18.77756913812069] -399.0
Initial threshold : 22.264095
Number of peaks : 235
Grimshaw maximum log-likelihood estimation ... [done]
	γ = 0
	σ = 241.16203
	L = 1524.085225342275
Extreme quantile (probability = 0.001): 576.5361535329457
4225
23601
POT result:  (0.6173415577828641, 0.4464933011087576, 0.9999999964701729, 2833.0, 17256.0, 3512.0, 0.0) -22.52243150573092 1.909073553876783
每段IPS与混淆: [{'start': 12760, 'end': 12771, 'TP': 6, 'TN': 12, 'FP': 10, 'FN': 10, 'IPS': 0.375}, {'start': 14511, 'end': 14521, 'TP': 5, 'TN': 15, 'FP': 9, 'FN': 9, 'IPS': 0.35714285714285715}, {'start': 15630, 'end': 16502, 'TP': 0, 'TN': 29, 'FP': 5, 'FN': 4, 'IPS': 0.0}, {'start': 17090, 'end': 17942, 'TP': 0, 'TN': 29, 'FP': 5, 'FN': 4, 'IPS': 0.0}, {'start': 18541, 'end': 19382, 'TP': 0, 'TN': 29, 'FP': 5, 'FN': 4, 'IPS': 0.0}, {'start': 20820, 'end': 20823, 'TP': 0, 'TN': 30, 'FP': 4, 'FN': 4, 'IPS': 0.0}, {'start': 21024, 'end': 21027, 'TP': 0, 'TN': 36, 'FP': 1, 'FN': 1, 'IPS': 0.0}, {'start': 21280, 'end': 21295, 'TP': 2, 'TN': 26, 'FP': 5, 'FN': 5, 'IPS': 0.2857142857142857}, {'start': 21405, 'end': 21428, 'TP': 1, 'TN': 27, 'FP': 5, 'FN': 5, 'IPS': 0.16666666666666666}, {'start': 22260, 'end': 22263, 'TP': 0, 'TN': 28, 'FP': 5, 'FN': 5, 'IPS': 0.0}, {'start': 23099, 'end': 23299, 'TP': 0, 'TN': 34, 'FP': 2, 'FN': 2, 'IPS': 0.0}]
总和: {'TP': 14, 'TN': 295, 'FP': 56, 'FN': 53, 'IPS': 0.005977496483825597, 'precision': 0.2, 'recall': 0.208955223880597, 'F1': 0.20437956204379562}

test end time:  2025-06-05 19:39:02
test time:  304.7279543876648
==============================result==============================
{'FN': 26.0,
 'FP': 15.0,
 'TN': 20753.0,
 'TP': 2807.0,
 'best-f1': 0.992744775489725,
 'best_valid_loss': -52.88951098255698,
 'latency': 18.77756913812069,
 'pot-FN': 0.0,
 'pot-FP': 3512.0,
 'pot-TN': 17256.0,
 'pot-TP': 2833.0,
 'pot-f1': 0.6173415577828641,
 'pot-latency': 1.909073553876783,
 'pot-precision': 0.4464933011087576,
 'pot-recall': 0.9999999964701729,
 'pot-threshold': -22.52243150573092,
 'precision': 0.9946846173115357,
 'pred_time': 0.30981526163113293,
 'pred_total_time': 146.84929966926575,
 'recall': 0.9908224462025328,
 'segment_results': [{'FN': 10,
                      'FP': 10,
                      'IPS': 0.375,
                      'TN': 12,
                      'TP': 6,
                      'end': 12771,
                      'start': 12760},
                     {'FN': 9,
                      'FP': 9,
                      'IPS': 0.35714285714285715,
                      'TN': 15,
                      'TP': 5,
                      'end': 14521,
                      'start': 14511},
                     {'FN': 4,
                      'FP': 5,
                      'IPS': 0.0,
                      'TN': 29,
                      'TP': 0,
                      'end': 16502,
                      'start': 15630},
                     {'FN': 4,
                      'FP': 5,
                      'IPS': 0.0,
                      'TN': 29,
                      'TP': 0,
                      'end': 17942,
                      'start': 17090},
                     {'FN': 4,
                      'FP': 5,
                      'IPS': 0.0,
                      'TN': 29,
                      'TP': 0,
                      'end': 19382,
                      'start': 18541},
                     {'FN': 4,
                      'FP': 4,
                      'IPS': 0.0,
                      'TN': 30,
                      'TP': 0,
                      'end': 20823,
                      'start': 20820},
                     {'FN': 1,
                      'FP': 1,
                      'IPS': 0.0,
                      'TN': 36,
                      'TP': 0,
                      'end': 21027,
                      'start': 21024},
                     {'FN': 5,
                      'FP': 5,
                      'IPS': 0.2857142857142857,
                      'TN': 26,
                      'TP': 2,
                      'end': 21295,
                      'start': 21280},
                     {'FN': 5,
                      'FP': 5,
                      'IPS': 0.16666666666666666,
                      'TN': 27,
                      'TP': 1,
                      'end': 21428,
                      'start': 21405},
                     {'FN': 5,
                      'FP': 5,
                      'IPS': 0.0,
                      'TN': 28,
                      'TP': 0,
                      'end': 22263,
                      'start': 22260},
                     {'FN': 2,
                      'FP': 2,
                      'IPS': 0.0,
                      'TN': 34,
                      'TP': 0,
                      'end': 23299,
                      'start': 23099}],
 'segment_summary': {'F1': 0.20437956204379562,
                     'FN': 53,
                     'FP': 56,
                     'IPS': 0.005977496483825597,
                     'TN': 295,
                     'TP': 14,
                     'precision': 0.2,
                     'recall': 0.208955223880597},
 'threshold': -399.0,
 'train_time': 328.9714765548706,
 'valid_time': 0.31006964322523023}
