2025-06-23 00:06:27.356733: I tensorflow/core/platform/cpu_feature_guard.cc:141] Your CPU supports instructions that this TensorFlow binary was not compiled to use: AVX2 AVX512F FMA
Configurations
===========================================
{'batch_size': 50,
 'bf_search_max': 400.0,
 'bf_search_min': -400.0,
 'bf_search_step_size': 1.0,
 'dataset': 'machine-1-7',
 'dense_dim': 500,
 'early_stop': True,
 'get_score_on_dim': True,
 'gradient_clip_norm': 10.0,
 'initial_lr': 0.001,
 'l2_reg': 0.0001,
 'level': 0.0075,
 'lr_anneal_epoch_freq': 40,
 'lr_anneal_factor': 0.5,
 'lr_anneal_step_freq': None,
 'max_epoch': 10,
 'max_test_size': None,
 'max_train_size': None,
 'nf_layers': 20,
 'percentage_Dimension': 40.0,
 'posterior_flow_type': 'nf',
 'restore_dir': None,
 'result_dir': 'result',
 'rnn_cell': 'GRU',
 'rnn_num_hidden': 500,
 'save_dir': 'model',
 'save_z': False,
 'std_epsilon': 0.0001,
 'test_batch_size': 50,
 'test_n_z': 1,
 'test_score_filename': 'test_score.pkl',
 'test_start': 0,
 'train_score_filename': 'train_score.pkl',
 'train_start': 0,
 'use_connected_z_p': True,
 'use_connected_z_q': True,
 'valid_step_freq': 100,
 'window_length': 100,
 'x_dim': 38,
 'z_dim': 3}

train start time:  2025-06-23 00:05:58
load data of: machine-1-7
train:  0 None
test:  0 None
Data normalized
Data normalized
train set shape:  (23697, 38)
test set shape:  (23697, 38)
test set label shape:  (23697,)
Trainable Parameters                                            (2,607,740 in total)
------------------------------------------------------------------------------------
model/q_z_given_x/rnn_q_z/rnn/gru_cell/gates/kernel             (538, 1000)  538,000
model/q_z_given_x/rnn_q_z/rnn/gru_cell/gates/bias               (1000,)        1,000
model/q_z_given_x/rnn_q_z/rnn/gru_cell/candidate/kernel         (538, 500)   269,000
model/q_z_given_x/rnn_q_z/rnn/gru_cell/candidate/bias           (500,)           500
model/q_z_given_x/rnn_q_z/dense/kernel                          (500, 500)   250,000
model/q_z_given_x/rnn_q_z/dense/bias                            (500,)           500
model/q_z_given_x/rnn_q_z/dense_1/kernel                        (500, 500)   250,000
model/q_z_given_x/rnn_q_z/dense_1/bias                          (500,)           500
model/vae/variational/z_mean/kernel                             (503, 3)       1,509
model/vae/variational/z_mean/bias                               (3,)               3
model/vae/variational/z_std/kernel                              (503, 3)       1,509
model/vae/variational/z_std/bias                                (3,)               3
model/posterior_flow/_0/w                                       (1, 3)             3
model/posterior_flow/_0/b                                       (1,)               1
model/posterior_flow/_0/u                                       (1, 3)             3
model/posterior_flow/_1/w                                       (1, 3)             3
model/posterior_flow/_1/b                                       (1,)               1
model/posterior_flow/_1/u                                       (1, 3)             3
model/posterior_flow/_2/w                                       (1, 3)             3
model/posterior_flow/_2/b                                       (1,)               1
model/posterior_flow/_2/u                                       (1, 3)             3
model/posterior_flow/_3/w                                       (1, 3)             3
model/posterior_flow/_3/b                                       (1,)               1
model/posterior_flow/_3/u                                       (1, 3)             3
model/posterior_flow/_4/w                                       (1, 3)             3
model/posterior_flow/_4/b                                       (1,)               1
model/posterior_flow/_4/u                                       (1, 3)             3
model/posterior_flow/_5/w                                       (1, 3)             3
model/posterior_flow/_5/b                                       (1,)               1
model/posterior_flow/_5/u                                       (1, 3)             3
model/posterior_flow/_6/w                                       (1, 3)             3
model/posterior_flow/_6/b                                       (1,)               1
model/posterior_flow/_6/u                                       (1, 3)             3
model/posterior_flow/_7/w                                       (1, 3)             3
model/posterior_flow/_7/b                                       (1,)               1
model/posterior_flow/_7/u                                       (1, 3)             3
model/posterior_flow/_8/w                                       (1, 3)             3
model/posterior_flow/_8/b                                       (1,)               1
model/posterior_flow/_8/u                                       (1, 3)             3
model/posterior_flow/_9/w                                       (1, 3)             3
model/posterior_flow/_9/b                                       (1,)               1
model/posterior_flow/_9/u                                       (1, 3)             3
model/posterior_flow/_10/w                                      (1, 3)             3
model/posterior_flow/_10/b                                      (1,)               1
model/posterior_flow/_10/u                                      (1, 3)             3
model/posterior_flow/_11/w                                      (1, 3)             3
model/posterior_flow/_11/b                                      (1,)               1
model/posterior_flow/_11/u                                      (1, 3)             3
model/posterior_flow/_12/w                                      (1, 3)             3
model/posterior_flow/_12/b                                      (1,)               1
model/posterior_flow/_12/u                                      (1, 3)             3
model/posterior_flow/_13/w                                      (1, 3)             3
model/posterior_flow/_13/b                                      (1,)               1
model/posterior_flow/_13/u                                      (1, 3)             3
model/posterior_flow/_14/w                                      (1, 3)             3
model/posterior_flow/_14/b                                      (1,)               1
model/posterior_flow/_14/u                                      (1, 3)             3
model/posterior_flow/_15/w                                      (1, 3)             3
model/posterior_flow/_15/b                                      (1,)               1
model/posterior_flow/_15/u                                      (1, 3)             3
model/posterior_flow/_16/w                                      (1, 3)             3
model/posterior_flow/_16/b                                      (1,)               1
model/posterior_flow/_16/u                                      (1, 3)             3
model/posterior_flow/_17/w                                      (1, 3)             3
model/posterior_flow/_17/b                                      (1,)               1
model/posterior_flow/_17/u                                      (1, 3)             3
model/posterior_flow/_18/w                                      (1, 3)             3
model/posterior_flow/_18/b                                      (1,)               1
model/posterior_flow/_18/u                                      (1, 3)             3
model/posterior_flow/_19/w                                      (1, 3)             3
model/posterior_flow/_19/b                                      (1,)               1
model/posterior_flow/_19/u                                      (1, 3)             3
model/p_x_given_z/hidden/rnn_p_x/rnn/gru_cell/gates/kernel      (503, 1000)  503,000
model/p_x_given_z/hidden/rnn_p_x/rnn/gru_cell/gates/bias        (1000,)        1,000
model/p_x_given_z/hidden/rnn_p_x/rnn/gru_cell/candidate/kernel  (503, 500)   251,500
model/p_x_given_z/hidden/rnn_p_x/rnn/gru_cell/candidate/bias    (500,)           500
model/p_x_given_z/hidden/rnn_p_x/dense/kernel                   (500, 500)   250,000
model/p_x_given_z/hidden/rnn_p_x/dense/bias                     (500,)           500
model/p_x_given_z/hidden/rnn_p_x/dense_1/kernel                 (500, 500)   250,000
model/p_x_given_z/hidden/rnn_p_x/dense_1/bias                   (500,)           500
model/p_x_given_z/x_mean/kernel                                 (500, 38)     19,000
model/p_x_given_z/x_mean/bias                                   (38,)             38
model/p_x_given_z/x_std/kernel                                  (500, 38)     19,000
model/p_x_given_z/x_std/bias                                    (38,)             38/home/hz/anaconda3/envs/py36/lib/python3.6/site-packages/tensorflow/python/framework/dtypes.py:523: FutureWarning: Passing (type, 1) or '1type' as a synonym of type is deprecated; in a future version of numpy, it will be understood as (type, (1,)) / '(1,)type'.
  _np_qint8 = np.dtype([("qint8", np.int8, 1)])
/home/hz/anaconda3/envs/py36/lib/python3.6/site-packages/tensorflow/python/framework/dtypes.py:524: FutureWarning: Passing (type, 1) or '1type' as a synonym of type is deprecated; in a future version of numpy, it will be understood as (type, (1,)) / '(1,)type'.
  _np_quint8 = np.dtype([("quint8", np.uint8, 1)])
/home/hz/anaconda3/envs/py36/lib/python3.6/site-packages/tensorflow/python/framework/dtypes.py:525: FutureWarning: Passing (type, 1) or '1type' as a synonym of type is deprecated; in a future version of numpy, it will be understood as (type, (1,)) / '(1,)type'.
  _np_qint16 = np.dtype([("qint16", np.int16, 1)])
/home/hz/anaconda3/envs/py36/lib/python3.6/site-packages/tensorflow/python/framework/dtypes.py:526: FutureWarning: Passing (type, 1) or '1type' as a synonym of type is deprecated; in a future version of numpy, it will be understood as (type, (1,)) / '(1,)type'.
  _np_quint16 = np.dtype([("quint16", np.uint16, 1)])
/home/hz/anaconda3/envs/py36/lib/python3.6/site-packages/tensorflow/python/framework/dtypes.py:527: FutureWarning: Passing (type, 1) or '1type' as a synonym of type is deprecated; in a future version of numpy, it will be understood as (type, (1,)) / '(1,)type'.
  _np_qint32 = np.dtype([("qint32", np.int32, 1)])
/home/hz/anaconda3/envs/py36/lib/python3.6/site-packages/tensorflow/python/framework/dtypes.py:532: FutureWarning: Passing (type, 1) or '1type' as a synonym of type is deprecated; in a future version of numpy, it will be understood as (type, (1,)) / '(1,)type'.
  np_resource = np.dtype([("resource", np.ubyte, 1)])
/home/hz/anaconda3/envs/py36/lib/python3.6/site-packages/tfsnippet/utils/tfver.py:22: DeprecationWarning: Function 'semver.compare' is deprecated. Deprecated since version 2.10.0.  This function will be removed in semver 3. Use the respective 'semver.VersionInfo.compare' instead.
  compare_result = semver.compare(version, tf.__version__)
/home/hz/anaconda3/envs/py36/lib/python3.6/site-packages/tfsnippet/utils/tfver.py:22: DeprecationWarning: Function 'semver.compare' is deprecated. Deprecated since version 2.10.0.  This function will be removed in semver 3. Use the respective 'semver.VersionInfo.compare' instead.
  compare_result = semver.compare(version, tf.__version__)
INFO:tensorflow:Restoring parameters from /tmp/tmpr1wo3f4k/variables.dat-3000
2025-06-23 01:44:52,386 [INFO] tensorflow: Restoring parameters from /tmp/tmpr1wo3f4k/variables.dat-3000


train_values: (16588, 38)
[Epoch 1/10, Step 100] step time: 2.224s (±9.782s); train time: 2m 8.719s; valid time: 1m 33.83s; loss: 0.251664 (±107.096); valid loss: -53.9283 (*)
[Epoch 1/10, Step 200] step time: 1.778s (±8.146s); train time: 1m 36.02s; valid time: 1m 21.86s; loss: -49.7706 (±7.14974); valid loss: -52.317
[Epoch 1/10, Step 300] step time: 1.826s (±8.605s); train time: 1m 36.19s; valid time: 1m 26.49s; loss: -52.6321 (±8.56945); valid loss: -58.6543 (*)
train_values: (16588, 38)
[Epoch 2/10, Step 400, ETA 1h 31m 52.11s] step time: 1.797s (±8.191s); train time: 1m 9.159s; valid time: 1m 22.33s; loss: -51.1898 (±9.81424); valid loss: -47.9085
[Epoch 2/10, Step 500, ETA 1h 27m 55.77s] step time: 1.825s (±8.565s); train time: 1m 36.48s; valid time: 1m 26.07s; loss: -55.9137 (±7.84254); valid loss: -59.2161 (*)
[Epoch 2/10, Step 600, ETA 1h 24m 1.842s] step time: 1.79s (±8.221s); train time: 1m 36.55s; valid time: 1m 22.54s; loss: -55.8834 (±7.20133); valid loss: -57.0213
train_values: (16588, 38)
[Epoch 3/10, Step 700, ETA 1h 20m 25.69s] step time: 1.795s (±8.164s); train time: 40.89s; valid time: 1m 22.18s; loss: -56.7282 (±7.00129); valid loss: -59.006
[Epoch 3/10, Step 800, ETA 1h 17m 8.39s] step time: 1.827s (±8.536s); train time: 1m 36.97s; valid time: 1m 25.81s; loss: -54.8613 (±10.7696); valid loss: -60.1031 (*)
[Epoch 3/10, Step 900, ETA 1h 13m 41.45s] step time: 1.779s (±8.185s); train time: 1m 35.69s; valid time: 1m 22.25s; loss: -56.6665 (±7.17578); valid loss: -58.4596
train_values: (16588, 38)
[Epoch 4/10, Step 1000, ETA 1h 10m 21.39s] step time: 1.783s (±8.129s); train time: 12.3s; valid time: 1m 21.79s; loss: -56.6001 (±6.20462); valid loss: -59.0503
[Epoch 4/10, Step 1100, ETA 1h 7m 7.617s] step time: 1.795s (±8.194s); train time: 1m 37.28s; valid time: 1m 22.32s; loss: -59.4386 (±7.80675); valid loss: -51.6333
[Epoch 4/10, Step 1200, ETA 1h 3m 55.25s] step time: 1.79s (±8.269s); train time: 1m 36.04s; valid time: 1m 23.01s; loss: -59.4577 (±6.8016); valid loss: -55.6374
[Epoch 4/10, Step 1300, ETA 1h 45.37s] step time: 1.793s (±8.167s); train time: 1m 37.2s; valid time: 1m 22.14s; loss: -59.5765 (±8.55853); valid loss: -57.4551
train_values: (16588, 38)
[Epoch 5/10, Step 1400, ETA 57m 37.23s] step time: 1.794s (±8.203s); train time: 1m 21.24s; valid time: 1m 22.41s; loss: -59.613 (±9.38945); valid loss: -59.7349
[Epoch 5/10, Step 1500, ETA 54m 29.38s] step time: 1.787s (±8.269s); train time: 1m 35.74s; valid time: 1m 23.05s; loss: -55.7617 (±7.8872); valid loss: -52.47
[Epoch 5/10, Step 1600, ETA 51m 23.87s] step time: 1.799s (±8.191s); train time: 1m 37.59s; valid time: 1m 22.35s; loss: -58.7686 (±10.6513); valid loss: -58.0645
train_values: (16588, 38)
[Epoch 6/10, Step 1700, ETA 48m 23.09s] step time: 1.842s (±8.633s); train time: 53.72s; valid time: 1m 26.65s; loss: -58.3822 (±8.60451); valid loss: -61.6741 (*)
[Epoch 6/10, Step 1800, ETA 45m 19.68s] step time: 1.815s (±8.56s); train time: 1m 35.53s; valid time: 1m 26.06s; loss: -59.1922 (±9.04946); valid loss: -62.7683 (*)
[Epoch 6/10, Step 1900, ETA 42m 16.76s] step time: 1.819s (±8.491s); train time: 1m 36.63s; valid time: 1m 25.37s; loss: -58.0054 (±12.1438); valid loss: -63.9197 (*)
train_values: (16588, 38)
[Epoch 7/10, Step 2000, ETA 39m 13.81s] step time: 1.817s (±8.517s); train time: 25.44s; valid time: 1m 25.62s; loss: -59.6414 (±8.57131); valid loss: -64.5213 (*)
[Epoch 7/10, Step 2100, ETA 36m 9.437s] step time: 1.79s (±8.227s); train time: 1m 36.37s; valid time: 1m 22.73s; loss: -60.1929 (±8.72318); valid loss: -59.4177
[Epoch 7/10, Step 2200, ETA 33m 6.107s] step time: 1.801s (±8.295s); train time: 1m 36.85s; valid time: 1m 23.39s; loss: -62.5392 (±9.13666); valid loss: -62.7209
[Epoch 7/10, Step 2300, ETA 30m 2.723s] step time: 1.794s (±8.242s); train time: 1m 36.59s; valid time: 1m 22.89s; loss: -61.6671 (±6.30051); valid loss: -62.6764
train_values: (16588, 38)
[Epoch 8/10, Step 2400, ETA 27m 0.01569s] step time: 1.803s (±8.161s); train time: 1m 35.33s; valid time: 1m 22.2s; loss: -57.142 (±19.0043); valid loss: -61.5122
[Epoch 8/10, Step 2500, ETA 23m 57.39s] step time: 1.8s (±8.203s); train time: 1m 37.93s; valid time: 1m 22.19s; loss: -62.5299 (±10.678); valid loss: -62.5156
[Epoch 8/10, Step 2600, ETA 20m 54.7s] step time: 1.791s (±8.283s); train time: 1m 36s; valid time: 1m 23.15s; loss: -65.5292 (±8.85163); valid loss: -63.7617
train_values: (16588, 38)
[Epoch 9/10, Step 2700, ETA 17m 52.89s] step time: 1.819s (±8.408s); train time: 1m 6.337s; valid time: 1m 24.39s; loss: -65.6253 (±8.06797); valid loss: -65.671 (*)
[Epoch 9/10, Step 2800, ETA 14m 50.54s] step time: 1.788s (±8.152s); train time: 1m 37.01s; valid time: 1m 21.92s; loss: -64.8634 (±7.17214); valid loss: -63.5121
[Epoch 9/10, Step 2900, ETA 11m 48.79s] step time: 1.816s (±8.495s); train time: 1m 36.39s; valid time: 1m 25.31s; loss: -66.1744 (±6.91797); valid loss: -68.5071 (*)
train_values: (16588, 38)
[Epoch 10/10, Step 3000, ETA 8m 47.15s] step time: 1.827s (±8.515s); train time: 38.28s; valid time: 1m 25.6s; loss: -66.6339 (±9.13918); valid loss: -70.0892 (*)
[Epoch 10/10, Step 3100, ETA 5m 45.25s] step time: 1.796s (±8.186s); train time: 1m 37.4s; valid time: 1m 22.24s; loss: -68.0612 (±10.3964); valid loss: -69.9633
[Epoch 10/10, Step 3200, ETA 2m 43.5s] step time: 1.801s (±8.291s); train time: 1m 36.93s; valid time: 1m 23.3s; loss: -66.7933 (±7.48682); valid loss: -61.9496
train end time:  2025-06-23 01:44:52
train time:  5934.541528224945
test start time:  2025-06-23 01:44:52
------------------------------ testing ------------------------------
test_score shape:  (23598, 38)
test_z shape:  (23598, 100, 6)
search range:  -400.0 400.0
cur thr:  -399.0 [0.9935727877036109, 0.9872375422509775, 0.9999999958298581, 2398.0, 21169.0, 31.0, 0.0, 6.692256213413743] [0.9935727877036109, 0.9872375422509775, 0.9999999958298581, 2398.0, 21169.0, 31.0, 0.0, 6.692256213413743] -399.0
cur thr:  -349.0 [0.9931612831612715, 0.986425335308822, 0.9999999958298581, 2398.0, 21167.0, 33.0, 0.0, 6.692256213413743] [0.9935727877036109, 0.9872375422509775, 0.9999999958298581, 2398.0, 21169.0, 31.0, 0.0, 6.692256213413743] -399.0
cur thr:  -299.0 [0.9927501193405907, 0.9856144636842807, 0.9999999958298581, 2398.0, 21165.0, 35.0, 0.0, 6.692256213413743] [0.9935727877036109, 0.9872375422509775, 0.9999999958298581, 2398.0, 21169.0, 31.0, 0.0, 6.692256213413743] -399.0
cur thr:  -249.0 [0.9900858304497667, 0.9803761202764671, 0.9999999958298581, 2398.0, 21152.0, 48.0, 0.0, 6.538411242990438] [0.9935727877036109, 0.9872375422509775, 0.9999999958298581, 2398.0, 21169.0, 31.0, 0.0, 6.692256213413743] -399.0
cur thr:  -199.0 [0.9854069551251158, 0.9712434144542591, 0.9999999958298581, 2398.0, 21129.0, 71.0, 0.0, 6.307643787355482] [0.9935727877036109, 0.9872375422509775, 0.9999999958298581, 2398.0, 21169.0, 31.0, 0.0, 6.692256213413743] -399.0
cur thr:  -149.0 [0.972814472389669, 0.947077405422285, 0.9999999958298581, 2398.0, 21066.0, 134.0, 0.0, 6.153798816932177] [0.9935727877036109, 0.9872375422509775, 0.9999999958298581, 2398.0, 21169.0, 31.0, 0.0, 6.692256213413743] -399.0
cur thr:  -99.0 [0.9459516183931999, 0.8974550864616201, 0.9999999958298581, 2398.0, 20926.0, 274.0, 0.0, 6.076876331720525] [0.9935727877036109, 0.9872375422509775, 0.9999999958298581, 2398.0, 21169.0, 31.0, 0.0, 6.692256213413743] -399.0
cur thr:  -49.0 [0.8756569328117034, 0.7788242910723472, 0.9999999958298581, 2398.0, 20519.0, 681.0, 0.0, 2.6153644971961754] [0.9935727877036109, 0.9872375422509775, 0.9999999958298581, 2398.0, 21169.0, 31.0, 0.0, 6.692256213413743] -399.0
cur thr:  1.0 [0.6994266878482215, 0.5377887406642998, 0.9999999958298581, 2398.0, 19139.0, 2061.0, 0.0, 1.9999846155029577] [0.9935727877036109, 0.9872375422509775, 0.9999999958298581, 2398.0, 21169.0, 31.0, 0.0, 6.692256213413743] -399.0
cur thr:  51.0 [0.3606527809921504, 0.21999999979816515, 0.9999999958298581, 2398.0, 12698.0, 8502.0, 0.0, 0.3076899408466089] [0.9935727877036109, 0.9872375422509775, 0.9999999958298581, 2398.0, 21169.0, 31.0, 0.0, 6.692256213413743] -399.0
cur thr:  101.0  0%|          | 0/23598 [00:00<?, ?it/s]100%|██████████| 23598/23598 [00:00<00:00, 510702.38it/s] [0.18448824668308905, 0.10161878120958608, 0.9999999958298581, 2398.0, 0.0, 21200.0, 0.0, 0.0] [0.9935727877036109, 0.9872375422509775, 0.9999999958298581, 2398.0, 21169.0, 31.0, 0.0, 6.692256213413743] -399.0
cur thr:  151.0 [0.18448824668308905, 0.10161878120958608, 0.9999999958298581, 2398.0, 0.0, 21200.0, 0.0, 0.0] [0.9935727877036109, 0.9872375422509775, 0.9999999958298581, 2398.0, 21169.0, 31.0, 0.0, 6.692256213413743] -399.0
cur thr:  201.0 [0.18448824668308905, 0.10161878120958608, 0.9999999958298581, 2398.0, 0.0, 21200.0, 0.0, 0.0] [0.9935727877036109, 0.9872375422509775, 0.9999999958298581, 2398.0, 21169.0, 31.0, 0.0, 6.692256213413743] -399.0
cur thr:  251.0 [0.18448824668308905, 0.10161878120958608, 0.9999999958298581, 2398.0, 0.0, 21200.0, 0.0, 0.0] [0.9935727877036109, 0.9872375422509775, 0.9999999958298581, 2398.0, 21169.0, 31.0, 0.0, 6.692256213413743] -399.0
cur thr:  301.0 [0.18448824668308905, 0.10161878120958608, 0.9999999958298581, 2398.0, 0.0, 21200.0, 0.0, 0.0] [0.9935727877036109, 0.9872375422509775, 0.9999999958298581, 2398.0, 21169.0, 31.0, 0.0, 6.692256213413743] -399.0
cur thr:  351.0 [0.18448824668308905, 0.10161878120958608, 0.9999999958298581, 2398.0, 0.0, 21200.0, 0.0, 0.0] [0.9935727877036109, 0.9872375422509775, 0.9999999958298581, 2398.0, 21169.0, 31.0, 0.0, 6.692256213413743] -399.0
[0.9935727877036109, 0.9872375422509775, 0.9999999958298581, 2398.0, 21169.0, 31.0, 0.0, 6.692256213413743] -399.0
label_file: ServerMachineDataset/interpretation_label/machine-1-7.txt
Initial threshold : 224.74089
Number of peaks : 176
Grimshaw maximum log-likelihood estimation ... [done]
	γ = 0
	σ = 881.7818
	L = 1369.6222552909214
Extreme quantile (probability = 0.001): 1996.5244876038028
1396
23598
POT result:  (0.98804608855108, 0.9763843608453404, 0.9999999958298581, 2398.0, 21142.0, 58.0, 0.0) -228.6451513322053 6.307643787355482

=== 全局调试信息 ===
y_true shape: (23598,), unique values: [0. 1.]
y_pred shape: (23598,), unique values: [False  True]
feature_scores shape: (23598, 38)
interpretation_segments 数量: 13


=== 处理第 1/13 段 ===
原始段范围: orig_start=837, orig_end=858
调整后段范围: start=738, end=759
段内真实标签 (seg_true): [1. 1. 1. 1. 1. 1. 1. 1. 1. 1. 1. 1. 1. 1. 1. 1. 1. 1. 1. 1. 1. 0.]
段内预测标签 (seg_pred): [ True  True  True  True  True  True  True  True  True  True  True  True
  True  True  True  True  True  True  True  True  True False]
段内真实异常时间点索引 (相对段内): [ 0  1  2  3  4  5  6  7  8  9 10 11 12 13 14 15 16 17 18 19 20]
段内是否有预测为异常的时间点: True
真实异常维度 (0-based): [0, 5, 8, 11, 12, 13, 14, 15]
段内检测到的异常时间点索引 (相对段内): [ 0  1  2  3  4  5  6  7  8  9 10 11 12 13 14 15 16 17 18 19 20]
选择的维度数量 (k): 15 (基于真实异常维度数的 100%)
推断的异常维度 (0-based): [0, 1, 2, 3, 4, 6, 7, 8, 9, 10, 13, 15, 16, 17, 18, 25, 26, 28, 29, 31, 32, 33, 36, 37]
真实与推断的交集: [0, 8, 13, 15]
段内指标: TP=4, FP=20, FN=4, TN=10, IPS=0.5000

=== 处理第 2/13 段 ===
原始段范围: orig_start=2959, orig_end=4174
调整后段范围: start=2860, end=4075
段内真实标签 (seg_true): [1. 1. 1. ... 1. 1. 0.]
段内预测标签 (seg_pred): [ True  True  True ...  True  True False]
段内真实异常时间点索引 (相对段内): [   0    1    2 ... 1212 1213 1214]
段内是否有预测为异常的时间点: True
真实异常维度 (0-based): [5, 8, 11, 12, 13, 14, 15, 32, 33]
段内检测到的异常时间点索引 (相对段内): [   0    1    2 ... 1212 1213 1214]
选择的维度数量 (k): 15 (基于真实异常维度数的 100%)
推断的异常维度 (0-based): [0, 1, 2, 3, 4, 6, 7, 8, 9, 10, 11, 13, 15, 16, 17, 26, 28, 29, 36, 37]
真实与推断的交集: [8, 11, 13, 15]
段内指标: TP=4, FP=16, FN=5, TN=13, IPS=0.4444

=== 处理第 3/13 段 ===
原始段范围: orig_start=5849, orig_end=5940
调整后段范围: start=5750, end=5841
段内真实标签 (seg_true): [1. 1. 1. 1. 1. 1. 1. 1. 1. 1. 1. 1. 1. 1. 1. 1. 1. 1. 1. 1. 1. 1. 1. 1.
 1. 1. 1. 1. 1. 1. 1. 1. 1. 1. 1. 1. 1. 1. 1. 1. 1. 1. 1. 1. 1. 1. 1. 1.
 1. 1. 1. 1. 1. 1. 1. 1. 1. 1. 1. 1. 1. 1. 1. 1. 1. 1. 1. 1. 1. 1. 1. 1.
 1. 1. 1. 1. 1. 1. 1. 1. 1. 1. 1. 1. 1. 1. 1. 1. 1. 1. 1. 0.]
段内预测标签 (seg_pred): [ True  True  True  True  True  True  True  True  True  True  True  True
  True  True  True  True  True  True  True  True  True  True  True  True
  True  True  True  True  True  True  True  True  True  True  True  True
  True  True  True  True  True  True  True  True  True  True  True  True
  True  True  True  True  True  True  True  True  True  True  True  True
  True  True  True  True  True  True  True  True  True  True  True  True
  True  True  True  True  True  True  True  True  True  True  True  True
  True  True  True  True  True  True  True False]
段内真实异常时间点索引 (相对段内): [ 0  1  2  3  4  5  6  7  8  9 10 11 12 13 14 15 16 17 18 19 20 21 22 23
 24 25 26 27 28 29 30 31 32 33 34 35 36 37 38 39 40 41 42 43 44 45 46 47
 48 49 50 51 52 53 54 55 56 57 58 59 60 61 62 63 64 65 66 67 68 69 70 71
 72 73 74 75 76 77 78 79 80 81 82 83 84 85 86 87 88 89 90]
段内是否有预测为异常的时间点: True
真实异常维度 (0-based): [0, 1, 2, 3, 5, 6, 8, 9, 10, 12, 14, 18, 19, 20, 21, 22, 23, 24, 25, 27, 29, 30, 31, 34, 35]
段内检测到的异常时间点索引 (相对段内): [ 0  1  2  3  4  5  6  7  8  9 10 11 12 13 14 15 16 17 18 19 20 21 22 23
 24 25 26 27 28 29 30 31 32 33 34 35 36 37 38 39 40 41 42 43 44 45 46 47
 48 49 50 51 52 53 54 55 56 57 58 59 60 61 62 63 64 65 66 67 68 69 70 71
 72 73 74 75 76 77 78 79 80 81 82 83 84 85 86 87 88 89 90]
选择的维度数量 (k): 15 (基于真实异常维度数的 100%)
推断的异常维度 (0-based): [0, 1, 2, 3, 4, 5, 6, 7, 9, 10, 11, 13, 14, 15, 16, 17, 22, 26, 28, 29, 31, 32, 33, 35, 36, 37]
真实与推断的交集: [0, 1, 2, 3, 5, 6, 9, 10, 14, 22, 29, 31, 35]
段内指标: TP=13, FP=13, FN=12, TN=0, IPS=0.5200

=== 处理第 4/13 段 ===
原始段范围: orig_start=6031, orig_end=6034
调整后段范围: start=5932, end=5935
段内真实标签 (seg_true): [1. 1. 1. 0.]
段内预测标签 (seg_pred): [ True  True  True False]
段内真实异常时间点索引 (相对段内): [0 1 2]
段内是否有预测为异常的时间点: True
真实异常维度 (0-based): [32, 33]
段内检测到的异常时间点索引 (相对段内): [0 1 2]
选择的维度数量 (k): 15 (基于真实异常维度数的 100%)
推断的异常维度 (0-based): [0, 1, 2, 3, 7, 9, 10, 13, 16, 17, 26, 28, 29, 32, 36, 37]
真实与推断的交集: [32]
段内指标: TP=1, FP=15, FN=1, TN=21, IPS=0.5000

=== 处理第 5/13 段 ===
原始段范围: orig_start=7099, orig_end=8000
调整后段范围: start=7000, end=7901
段内真实标签 (seg_true): [1. 1. 1. 1. 1. 1. 1. 1. 1. 1. 1. 1. 1. 1. 1. 1. 1. 1. 1. 1. 1. 1. 1. 1.
 1. 1. 1. 1. 1. 1. 1. 1. 1. 1. 1. 1. 1. 1. 1. 1. 1. 1. 1. 1. 1. 1. 1. 1.
 1. 1. 1. 1. 1. 1. 1. 1. 1. 1. 1. 1. 1. 1. 1. 1. 1. 1. 1. 1. 1. 1. 1. 1.
 1. 1. 1. 1. 1. 1. 1. 1. 1. 1. 1. 1. 1. 1. 1. 1. 1. 1. 1. 1. 1. 1. 1. 1.
 1. 1. 1. 1. 1. 1. 1. 1. 1. 1. 1. 1. 1. 1. 1. 1. 1. 1. 1. 1. 1. 1. 1. 1.
 1. 1. 1. 1. 1. 1. 1. 1. 1. 1. 1. 1. 1. 1. 1. 1. 1. 1. 1. 1. 1. 1. 1. 1.
 1. 1. 1. 1. 1. 1. 1. 1. 1. 1. 1. 1. 1. 1. 1. 1. 1. 1. 1. 1. 1. 1. 1. 1.
 1. 1. 1. 1. 1. 1. 1. 1. 1. 1. 1. 1. 1. 1. 1. 1. 1. 1. 1. 1. 1. 1. 1. 1.
 1. 1. 1. 1. 1. 1. 1. 1. 1. 1. 1. 1. 1. 1. 1. 1. 1. 1. 1. 1. 1. 1. 1. 1.
 1. 1. 1. 1. 1. 1. 1. 1. 1. 1. 1. 1. 1. 1. 1. 1. 1. 1. 1. 1. 1. 1. 1. 1.
 1. 1. 1. 1. 1. 1. 1. 1. 1. 1. 1. 1. 1. 1. 1. 1. 1. 1. 1. 1. 1. 1. 1. 1.
 1. 1. 1. 1. 1. 1. 1. 1. 1. 1. 1. 1. 1. 1. 1. 1. 1. 1. 1. 1. 1. 1. 1. 1.
 1. 1. 1. 1. 1. 1. 1. 1. 1. 1. 1. 1. 1. 1. 1. 1. 1. 1. 1. 1. 1. 1. 1. 1.
 1. 1. 1. 1. 1. 1. 1. 1. 1. 1. 1. 1. 1. 1. 1. 1. 1. 1. 1. 1. 1. 1. 1. 1.
 1. 1. 1. 1. 1. 1. 1. 1. 1. 1. 1. 1. 1. 1. 1. 1. 1. 1. 1. 1. 1. 1. 1. 1.
 1. 1. 1. 1. 1. 1. 1. 1. 1. 1. 1. 1. 1. 1. 1. 1. 1. 1. 1. 1. 1. 1. 1. 1.
 1. 1. 1. 1. 1. 1. 1. 1. 1. 1. 1. 1. 1. 1. 1. 1. 1. 1. 1. 1. 1. 1. 1. 1.
 1. 1. 1. 1. 1. 1. 1. 1. 1. 1. 1. 1. 1. 1. 1. 1. 1. 1. 1. 1. 1. 1. 1. 1.
 1. 1. 1. 1. 1. 1. 1. 1. 1. 1. 1. 1. 1. 1. 1. 1. 1. 1. 1. 1. 1. 1. 1. 1.
 1. 1. 1. 1. 1. 1. 1. 1. 1. 1. 1. 1. 1. 1. 1. 1. 1. 1. 1. 1. 1. 1. 1. 1.
 1. 1. 1. 1. 1. 1. 1. 1. 1. 1. 1. 1. 1. 1. 1. 1. 1. 1. 1. 1. 1. 1. 1. 1.
 1. 1. 1. 1. 1. 1. 1. 1. 1. 1. 1. 1. 1. 1. 1. 1. 1. 1. 1. 1. 1. 1. 1. 1.
 1. 1. 1. 1. 1. 1. 1. 1. 1. 1. 1. 1. 1. 1. 1. 1. 1. 1. 1. 1. 1. 1. 1. 1.
 1. 1. 1. 1. 1. 1. 1. 1. 1. 1. 1. 1. 1. 1. 1. 1. 1. 1. 1. 1. 1. 1. 1. 1.
 1. 1. 1. 1. 1. 1. 1. 1. 1. 1. 1. 1. 1. 1. 1. 1. 1. 1. 1. 1. 1. 1. 1. 1.
 1. 1. 1. 1. 1. 1. 1. 1. 1. 1. 1. 1. 1. 1. 1. 1. 1. 1. 1. 1. 1. 1. 1. 1.
 1. 1. 1. 1. 1. 1. 1. 1. 1. 1. 1. 1. 1. 1. 1. 1. 1. 1. 1. 1. 1. 1. 1. 1.
 1. 1. 1. 1. 1. 1. 1. 1. 1. 1. 1. 1. 1. 1. 1. 1. 1. 1. 1. 1. 1. 1. 1. 1.
 1. 1. 1. 1. 1. 1. 1. 1. 1. 1. 1. 1. 1. 1. 1. 1. 1. 1. 1. 1. 1. 1. 1. 1.
 1. 1. 1. 1. 1. 1. 1. 1. 1. 1. 1. 1. 1. 1. 1. 1. 1. 1. 1. 1. 1. 1. 1. 1.
 1. 1. 1. 1. 1. 1. 1. 1. 1. 1. 1. 1. 1. 1. 1. 1. 1. 1. 1. 1. 1. 1. 1. 1.
 1. 1. 1. 1. 1. 1. 1. 1. 1. 1. 1. 1. 1. 1. 1. 1. 1. 1. 1. 1. 1. 1. 1. 1.
 1. 1. 1. 1. 1. 1. 1. 1. 1. 1. 1. 1. 1. 1. 1. 1. 1. 1. 1. 1. 1. 1. 1. 1.
 1. 1. 1. 1. 1. 1. 1. 1. 1. 1. 1. 1. 1. 1. 1. 1. 1. 1. 1. 1. 1. 1. 1. 1.
 1. 1. 1. 1. 1. 1. 1. 1. 1. 1. 1. 1. 1. 1. 1. 1. 1. 1. 1. 1. 1. 1. 1. 1.
 1. 1. 1. 1. 1. 1. 1. 1. 1. 1. 1. 1. 1. 1. 1. 1. 1. 1. 1. 1. 1. 1. 1. 1.
 1. 1. 1. 1. 1. 1. 1. 1. 1. 1. 1. 1. 1. 1. 1. 1. 1. 1. 1. 1. 1. 1. 1. 1.
 1. 1. 1. 1. 1. 1. 1. 1. 1. 1. 1. 1. 1. 0.]
段内预测标签 (seg_pred): [ True  True  True  True  True  True  True  True  True  True  True  True
  True  True  True  True  True  True  True  True  True  True  True  True
  True  True  True  True  True  True  True  True  True  True  True  True
  True  True  True  True  True  True  True  True  True  True  True  True
  True  True  True  True  True  True  True  True  True  True  True  True
  True  True  True  True  True  True  True  True  True  True  True  True
  True  True  True  True  True  True  True  True  True  True  True  True
  True  True  True  True  True  True  True  True  True  True  True  True
  True  True  True  True  True  True  True  True  True  True  True  True
  True  True  True  True  True  True  True  True  True  True  True  True
  True  True  True  True  True  True  True  True  True  True  True  True
  True  True  True  True  True  True  True  True  True  True  True  True
  True  True  True  True  True  True  True  True  True  True  True  True
  True  True  True  True  True  True  True  True  True  True  True  True
  True  True  True  True  True  True  True  True  True  True  True  True
  True  True  True  True  True  True  True  True  True  True  True  True
  True  True  True  True  True  True  True  True  True  True  True  True
  True  True  True  True  True  True  True  True  True  True  True  True
  True  True  True  True  True  True  True  True  True  True  True  True
  True  True  True  True  True  True  True  True  True  True  True  True
  True  True  True  True  True  True  True  True  True  True  True  True
  True  True  True  True  True  True  True  True  True  True  True  True
  True  True  True  True  True  True  True  True  True  True  True  True
  True  True  True  True  True  True  True  True  True  True  True  True
  True  True  True  True  True  True  True  True  True  True  True  True
  True  True  True  True  True  True  True  True  True  True  True  True
  True  True  True  True  True  True  True  True  True  True  True  True
  True  True  True  True  True  True  True  True  True  True  True  True
  True  True  True  True  True  True  True  True  True  True  True  True
  True  True  True  True  True  True  True  True  True  True  True  True
  True  True  True  True  True  True  True  True  True  True  True  True
  True  True  True  True  True  True  True  True  True  True  True  True
  True  True  True  True  True  True  True  True  True  True  True  True
  True  True  True  True  True  True  True  True  True  True  True  True
  True  True  True  True  True  True  True  True  True  True  True  True
  True  True  True  True  True  True  True  True  True  True  True  True
  True  True  True  True  True  True  True  True  True  True  True  True
  True  True  True  True  True  True  True  True  True  True  True  True
  True  True  True  True  True  True  True  True  True  True  True  True
  True  True  True  True  True  True  True  True  True  True  True  True
  True  True  True  True  True  True  True  True  True  True  True  True
  True  True  True  True  True  True  True  True  True  True  True  True
  True  True  True  True  True  True  True  True  True  True  True  True
  True  True  True  True  True  True  True  True  True  True  True  True
  True  True  True  True  True  True  True  True  True  True  True  True
  True  True  True  True  True  True  True  True  True  True  True  True
  True  True  True  True  True  True  True  True  True  True  True  True
  True  True  True  True  True  True  True  True  True  True  True  True
  True  True  True  True  True  True  True  True  True  True  True  True
  True  True  True  True  True  True  True  True  True  True  True  True
  True  True  True  True  True  True  True  True  True  True  True  True
  True  True  True  True  True  True  True  True  True  True  True  True
  True  True  True  True  True  True  True  True  True  True  True  True
  True  True  True  True  True  True  True  True  True  True  True  True
  True  True  True  True  True  True  True  True  True  True  True  True
  True  True  True  True  True  True  True  True  True  True  True  True
  True  True  True  True  True  True  True  True  True  True  True  True
  True  True  True  True  True  True  True  True  True  True  True  True
  True  True  True  True  True  True  True  True  True  True  True  True
  True  True  True  True  True  True  True  True  True  True  True  True
  True  True  True  True  True  True  True  True  True  True  True  True
  True  True  True  True  True  True  True  True  True  True  True  True
  True  True  True  True  True  True  True  True  True  True  True  True
  True  True  True  True  True  True  True  True  True  True  True  True
  True  True  True  True  True  True  True  True  True  True  True  True
  True  True  True  True  True  True  True  True  True  True  True  True
  True  True  True  True  True  True  True  True  True  True  True  True
  True  True  True  True  True  True  True  True  True  True  True  True
  True  True  True  True  True  True  True  True  True  True  True  True
  True  True  True  True  True  True  True  True  True  True  True  True
  True  True  True  True  True  True  True  True  True  True  True  True
  True  True  True  True  True  True  True  True  True  True  True  True
  True  True  True  True  True  True  True  True  True  True  True  True
  True  True  True  True  True  True  True  True  True  True  True  True
  True  True  True  True  True  True  True  True  True  True  True  True
  True False]
段内真实异常时间点索引 (相对段内): [  0   1   2   3   4   5   6   7   8   9  10  11  12  13  14  15  16  17
  18  19  20  21  22  23  24  25  26  27  28  29  30  31  32  33  34  35
  36  37  38  39  40  41  42  43  44  45  46  47  48  49  50  51  52  53
  54  55  56  57  58  59  60  61  62  63  64  65  66  67  68  69  70  71
  72  73  74  75  76  77  78  79  80  81  82  83  84  85  86  87  88  89
  90  91  92  93  94  95  96  97  98  99 100 101 102 103 104 105 106 107
 108 109 110 111 112 113 114 115 116 117 118 119 120 121 122 123 124 125
 126 127 128 129 130 131 132 133 134 135 136 137 138 139 140 141 142 143
 144 145 146 147 148 149 150 151 152 153 154 155 156 157 158 159 160 161
 162 163 164 165 166 167 168 169 170 171 172 173 174 175 176 177 178 179
 180 181 182 183 184 185 186 187 188 189 190 191 192 193 194 195 196 197
 198 199 200 201 202 203 204 205 206 207 208 209 210 211 212 213 214 215
 216 217 218 219 220 221 222 223 224 225 226 227 228 229 230 231 232 233
 234 235 236 237 238 239 240 241 242 243 244 245 246 247 248 249 250 251
 252 253 254 255 256 257 258 259 260 261 262 263 264 265 266 267 268 269
 270 271 272 273 274 275 276 277 278 279 280 281 282 283 284 285 286 287
 288 289 290 291 292 293 294 295 296 297 298 299 300 301 302 303 304 305
 306 307 308 309 310 311 312 313 314 315 316 317 318 319 320 321 322 323
 324 325 326 327 328 329 330 331 332 333 334 335 336 337 338 339 340 341
 342 343 344 345 346 347 348 349 350 351 352 353 354 355 356 357 358 359
 360 361 362 363 364 365 366 367 368 369 370 371 372 373 374 375 376 377
 378 379 380 381 382 383 384 385 386 387 388 389 390 391 392 393 394 395
 396 397 398 399 400 401 402 403 404 405 406 407 408 409 410 411 412 413
 414 415 416 417 418 419 420 421 422 423 424 425 426 427 428 429 430 431
 432 433 434 435 436 437 438 439 440 441 442 443 444 445 446 447 448 449
 450 451 452 453 454 455 456 457 458 459 460 461 462 463 464 465 466 467
 468 469 470 471 472 473 474 475 476 477 478 479 480 481 482 483 484 485
 486 487 488 489 490 491 492 493 494 495 496 497 498 499 500 501 502 503
 504 505 506 507 508 509 510 511 512 513 514 515 516 517 518 519 520 521
 522 523 524 525 526 527 528 529 530 531 532 533 534 535 536 537 538 539
 540 541 542 543 544 545 546 547 548 549 550 551 552 553 554 555 556 557
 558 559 560 561 562 563 564 565 566 567 568 569 570 571 572 573 574 575
 576 577 578 579 580 581 582 583 584 585 586 587 588 589 590 591 592 593
 594 595 596 597 598 599 600 601 602 603 604 605 606 607 608 609 610 611
 612 613 614 615 616 617 618 619 620 621 622 623 624 625 626 627 628 629
 630 631 632 633 634 635 636 637 638 639 640 641 642 643 644 645 646 647
 648 649 650 651 652 653 654 655 656 657 658 659 660 661 662 663 664 665
 666 667 668 669 670 671 672 673 674 675 676 677 678 679 680 681 682 683
 684 685 686 687 688 689 690 691 692 693 694 695 696 697 698 699 700 701
 702 703 704 705 706 707 708 709 710 711 712 713 714 715 716 717 718 719
 720 721 722 723 724 725 726 727 728 729 730 731 732 733 734 735 736 737
 738 739 740 741 742 743 744 745 746 747 748 749 750 751 752 753 754 755
 756 757 758 759 760 761 762 763 764 765 766 767 768 769 770 771 772 773
 774 775 776 777 778 779 780 781 782 783 784 785 786 787 788 789 790 791
 792 793 794 795 796 797 798 799 800 801 802 803 804 805 806 807 808 809
 810 811 812 813 814 815 816 817 818 819 820 821 822 823 824 825 826 827
 828 829 830 831 832 833 834 835 836 837 838 839 840 841 842 843 844 845
 846 847 848 849 850 851 852 853 854 855 856 857 858 859 860 861 862 863
 864 865 866 867 868 869 870 871 872 873 874 875 876 877 878 879 880 881
 882 883 884 885 886 887 888 889 890 891 892 893 894 895 896 897 898 899
 900]
段内是否有预测为异常的时间点: True
真实异常维度 (0-based): [0, 8, 11, 12, 13, 14, 16, 17]
段内检测到的异常时间点索引 (相对段内): [  0   1   2   3   4   5   6   7   8   9  10  11  12  13  14  15  16  17
  18  19  20  21  22  23  24  25  26  27  28  29  30  31  32  33  34  35
  36  37  38  39  40  41  42  43  44  45  46  47  48  49  50  51  52  53
  54  55  56  57  58  59  60  61  62  63  64  65  66  67  68  69  70  71
  72  73  74  75  76  77  78  79  80  81  82  83  84  85  86  87  88  89
  90  91  92  93  94  95  96  97  98  99 100 101 102 103 104 105 106 107
 108 109 110 111 112 113 114 115 116 117 118 119 120 121 122 123 124 125
 126 127 128 129 130 131 132 133 134 135 136 137 138 139 140 141 142 143
 144 145 146 147 148 149 150 151 152 153 154 155 156 157 158 159 160 161
 162 163 164 165 166 167 168 169 170 171 172 173 174 175 176 177 178 179
 180 181 182 183 184 185 186 187 188 189 190 191 192 193 194 195 196 197
 198 199 200 201 202 203 204 205 206 207 208 209 210 211 212 213 214 215
 216 217 218 219 220 221 222 223 224 225 226 227 228 229 230 231 232 233
 234 235 236 237 238 239 240 241 242 243 244 245 246 247 248 249 250 251
 252 253 254 255 256 257 258 259 260 261 262 263 264 265 266 267 268 269
 270 271 272 273 274 275 276 277 278 279 280 281 282 283 284 285 286 287
 288 289 290 291 292 293 294 295 296 297 298 299 300 301 302 303 304 305
 306 307 308 309 310 311 312 313 314 315 316 317 318 319 320 321 322 323
 324 325 326 327 328 329 330 331 332 333 334 335 336 337 338 339 340 341
 342 343 344 345 346 347 348 349 350 351 352 353 354 355 356 357 358 359
 360 361 362 363 364 365 366 367 368 369 370 371 372 373 374 375 376 377
 378 379 380 381 382 383 384 385 386 387 388 389 390 391 392 393 394 395
 396 397 398 399 400 401 402 403 404 405 406 407 408 409 410 411 412 413
 414 415 416 417 418 419 420 421 422 423 424 425 426 427 428 429 430 431
 432 433 434 435 436 437 438 439 440 441 442 443 444 445 446 447 448 449
 450 451 452 453 454 455 456 457 458 459 460 461 462 463 464 465 466 467
 468 469 470 471 472 473 474 475 476 477 478 479 480 481 482 483 484 485
 486 487 488 489 490 491 492 493 494 495 496 497 498 499 500 501 502 503
 504 505 506 507 508 509 510 511 512 513 514 515 516 517 518 519 520 521
 522 523 524 525 526 527 528 529 530 531 532 533 534 535 536 537 538 539
 540 541 542 543 544 545 546 547 548 549 550 551 552 553 554 555 556 557
 558 559 560 561 562 563 564 565 566 567 568 569 570 571 572 573 574 575
 576 577 578 579 580 581 582 583 584 585 586 587 588 589 590 591 592 593
 594 595 596 597 598 599 600 601 602 603 604 605 606 607 608 609 610 611
 612 613 614 615 616 617 618 619 620 621 622 623 624 625 626 627 628 629
 630 631 632 633 634 635 636 637 638 639 640 641 642 643 644 645 646 647
 648 649 650 651 652 653 654 655 656 657 658 659 660 661 662 663 664 665
 666 667 668 669 670 671 672 673 674 675 676 677 678 679 680 681 682 683
 684 685 686 687 688 689 690 691 692 693 694 695 696 697 698 699 700 701
 702 703 704 705 706 707 708 709 710 711 712 713 714 715 716 717 718 719
 720 721 722 723 724 725 726 727 728 729 730 731 732 733 734 735 736 737
 738 739 740 741 742 743 744 745 746 747 748 749 750 751 752 753 754 755
 756 757 758 759 760 761 762 763 764 765 766 767 768 769 770 771 772 773
 774 775 776 777 778 779 780 781 782 783 784 785 786 787 788 789 790 791
 792 793 794 795 796 797 798 799 800 801 802 803 804 805 806 807 808 809
 810 811 812 813 814 815 816 817 818 819 820 821 822 823 824 825 826 827
 828 829 830 831 832 833 834 835 836 837 838 839 840 841 842 843 844 845
 846 847 848 849 850 851 852 853 854 855 856 857 858 859 860 861 862 863
 864 865 866 867 868 869 870 871 872 873 874 875 876 877 878 879 880 881
 882 883 884 885 886 887 888 889 890 891 892 893 894 895 896 897 898 899
 900]
选择的维度数量 (k): 15 (基于真实异常维度数的 100%)
推断的异常维度 (0-based): [0, 1, 2, 3, 4, 7, 8, 9, 10, 11, 13, 14, 15, 16, 17, 18, 25, 26, 28, 29, 31, 32, 33, 34, 35, 36, 37]
真实与推断的交集: [0, 8, 11, 13, 14, 16, 17]
段内指标: TP=7, FP=20, FN=1, TN=10, IPS=0.8750

=== 处理第 6/13 段 ===
原始段范围: orig_start=8564, orig_end=8580
调整后段范围: start=8465, end=8481
段内真实标签 (seg_true): [1. 1. 1. 1. 1. 1. 1. 1. 1. 1. 1. 1. 1. 1. 1. 1. 0.]
段内预测标签 (seg_pred): [ True  True  True  True  True  True  True  True  True  True  True  True
  True  True  True  True False]
段内真实异常时间点索引 (相对段内): [ 0  1  2  3  4  5  6  7  8  9 10 11 12 13 14 15]
段内是否有预测为异常的时间点: True
真实异常维度 (0-based): [0, 8, 9, 10, 12, 18, 19, 20, 21, 22, 23, 24, 25, 27, 30, 31, 34, 35]
段内检测到的异常时间点索引 (相对段内): [ 0  1  2  3  4  5  6  7  8  9 10 11 12 13 14 15]
选择的维度数量 (k): 15 (基于真实异常维度数的 100%)
推断的异常维度 (0-based): [1, 2, 3, 4, 6, 7, 9, 10, 11, 13, 14, 15, 16, 17, 23, 25, 26, 28, 29, 36, 37]
真实与推断的交集: [9, 10, 23, 25]
段内指标: TP=4, FP=17, FN=14, TN=3, IPS=0.2222

=== 处理第 7/13 段 ===
原始段范围: orig_start=12359, orig_end=12374
调整后段范围: start=12260, end=12275
段内真实标签 (seg_true): [1. 1. 1. 1. 1. 1. 1. 1. 1. 1. 1. 1. 1. 1. 1. 0.]
段内预测标签 (seg_pred): [ True  True  True  True  True  True  True  True  True  True  True  True
  True  True  True False]
段内真实异常时间点索引 (相对段内): [ 0  1  2  3  4  5  6  7  8  9 10 11 12 13 14]
段内是否有预测为异常的时间点: True
真实异常维度 (0-based): [0, 8, 11, 12, 13, 14, 15]
段内检测到的异常时间点索引 (相对段内): [ 0  1  2  3  4  5  6  7  8  9 10 11 12 13 14]
选择的维度数量 (k): 15 (基于真实异常维度数的 100%)
推断的异常维度 (0-based): [0, 1, 2, 3, 4, 7, 9, 10, 13, 16, 17, 26, 28, 29, 32, 36, 37]
真实与推断的交集: [0, 13]
段内指标: TP=2, FP=15, FN=5, TN=16, IPS=0.2857

=== 处理第 8/13 段 ===
原始段范围: orig_start=13799, orig_end=13825
调整后段范围: start=13700, end=13726
段内真实标签 (seg_true): [1. 1. 1. 1. 1. 1. 1. 1. 1. 1. 1. 1. 1. 1. 1. 1. 1. 1. 1. 1. 1. 1. 1. 1.
 1. 1. 0.]
段内预测标签 (seg_pred): [ True  True  True  True  True  True  True  True  True  True  True  True
  True  True  True  True  True  True  True  True  True  True  True  True
  True  True False]
段内真实异常时间点索引 (相对段内): [ 0  1  2  3  4  5  6  7  8  9 10 11 12 13 14 15 16 17 18 19 20 21 22 23
 24 25]
段内是否有预测为异常的时间点: True
真实异常维度 (0-based): [8, 11, 12, 13, 14, 15]
段内检测到的异常时间点索引 (相对段内): [ 0  1  2  3  4  5  6  7  8  9 10 11 12 13 14 15 16 17 18 19 20 21 22 23
 24 25]
选择的维度数量 (k): 15 (基于真实异常维度数的 100%)
推断的异常维度 (0-based): [0, 1, 2, 3, 4, 7, 9, 10, 13, 15, 16, 17, 26, 28, 29, 32, 36, 37]
真实与推断的交集: [13, 15]
段内指标: TP=2, FP=16, FN=4, TN=16, IPS=0.3333

=== 处理第 9/13 段 ===
原始段范围: orig_start=15239, orig_end=15270
调整后段范围: start=15140, end=15171
段内真实标签 (seg_true): [1. 1. 1. 1. 1. 1. 1. 1. 1. 1. 1. 1. 1. 1. 1. 1. 1. 1. 1. 1. 1. 1. 1. 1.
 1. 1. 1. 1. 1. 1. 1. 0.]
段内预测标签 (seg_pred): [ True  True  True  True  True  True  True  True  True  True  True  True
  True  True  True  True  True  True  True  True  True  True  True  True
  True  True  True  True  True  True  True False]
段内真实异常时间点索引 (相对段内): [ 0  1  2  3  4  5  6  7  8  9 10 11 12 13 14 15 16 17 18 19 20 21 22 23
 24 25 26 27 28 29 30]
段内是否有预测为异常的时间点: True
真实异常维度 (0-based): [0, 5, 8, 11, 12, 13, 14, 15]
段内检测到的异常时间点索引 (相对段内): [ 0  1  2  3  4  5  6  7  8  9 10 11 12 13 14 15 16 17 18 19 20 21 22 23
 24 25 26 27 28 29 30]
选择的维度数量 (k): 15 (基于真实异常维度数的 100%)
推断的异常维度 (0-based): [0, 1, 2, 3, 4, 7, 9, 10, 13, 15, 16, 17, 18, 23, 25, 26, 28, 29, 31, 32, 33, 34, 36, 37]
真实与推断的交集: [0, 13, 15]
段内指标: TP=3, FP=21, FN=5, TN=9, IPS=0.3750

=== 处理第 10/13 段 ===
原始段范围: orig_start=15960, orig_end=15963
调整后段范围: start=15861, end=15864
段内真实标签 (seg_true): [1. 1. 1. 0.]
段内预测标签 (seg_pred): [ True  True  True False]
段内真实异常时间点索引 (相对段内): [0 1 2]
段内是否有预测为异常的时间点: True
真实异常维度 (0-based): [16]
段内检测到的异常时间点索引 (相对段内): [0 1 2]
选择的维度数量 (k): 15 (基于真实异常维度数的 100%)
推断的异常维度 (0-based): [0, 1, 2, 3, 4, 7, 9, 10, 13, 15, 16, 17, 26, 28, 29, 32, 37]
真实与推断的交集: [16]
段内指标: TP=1, FP=16, FN=0, TN=21, IPS=1.0000

=== 处理第 11/13 段 ===
原始段范围: orig_start=18109, orig_end=18150
调整后段范围: start=18010, end=18051
段内真实标签 (seg_true): [1. 1. 1. 1. 1. 1. 1. 1. 1. 1. 1. 1. 1. 1. 1. 1. 1. 1. 1. 1. 1. 1. 1. 1.
 1. 1. 1. 1. 1. 1. 1. 1. 1. 1. 1. 1. 1. 1. 1. 1. 1. 0.]
段内预测标签 (seg_pred): [ True  True  True  True  True  True  True  True  True  True  True  True
  True  True  True  True  True  True  True  True  True  True  True  True
  True  True  True  True  True  True  True  True  True  True  True  True
  True  True  True  True  True False]
段内真实异常时间点索引 (相对段内): [ 0  1  2  3  4  5  6  7  8  9 10 11 12 13 14 15 16 17 18 19 20 21 22 23
 24 25 26 27 28 29 30 31 32 33 34 35 36 37 38 39 40]
段内是否有预测为异常的时间点: True
真实异常维度 (0-based): [0, 1, 2, 3, 4, 5, 6, 8, 11, 12, 13, 14, 15, 16, 18, 19, 20, 21, 22, 23, 24, 25, 27, 28, 29, 30, 31, 35]
段内检测到的异常时间点索引 (相对段内): [ 0  1  2  3  4  5  6  7  8  9 10 11 12 13 14 15 16 17 18 19 20 21 22 23
 24 25 26 27 28 29 30 31 32 33 34 35 36 37 38 39 40]
选择的维度数量 (k): 15 (基于真实异常维度数的 100%)
推断的异常维度 (0-based): [0, 1, 2, 3, 4, 5, 6, 7, 9, 10, 13, 15, 16, 17, 21, 23, 24, 26, 28, 29, 31, 32, 33, 34, 35, 36, 37]
真实与推断的交集: [0, 1, 2, 3, 4, 5, 6, 13, 15, 16, 21, 23, 24, 28, 29, 31, 35]
段内指标: TP=17, FP=10, FN=11, TN=0, IPS=0.6071

=== 处理第 12/13 段 ===
原始段范围: orig_start=19442, orig_end=19446
调整后段范围: start=19343, end=19347
段内真实标签 (seg_true): [1. 1. 1. 1. 0.]
段内预测标签 (seg_pred): [ True  True  True  True False]
段内真实异常时间点索引 (相对段内): [0 1 2 3]
段内是否有预测为异常的时间点: True
真实异常维度 (0-based): [32, 33]
段内检测到的异常时间点索引 (相对段内): [0 1 2 3]
选择的维度数量 (k): 15 (基于真实异常维度数的 100%)
推断的异常维度 (0-based): [0, 1, 2, 3, 7, 9, 10, 13, 16, 17, 26, 28, 29, 32, 36, 37]
真实与推断的交集: [32]
段内指标: TP=1, FP=15, FN=1, TN=21, IPS=0.5000

=== 处理第 13/13 段 ===
原始段范围: orig_start=19559, orig_end=19590
调整后段范围: start=19460, end=19491
段内真实标签 (seg_true): [1. 1. 1. 1. 1. 1. 1. 1. 1. 1. 1. 1. 1. 1. 1. 1. 1. 1. 1. 1. 1. 1. 1. 1.
 1. 1. 1. 1. 1. 1. 1. 0.]
段内预测标签 (seg_pred): [ True  True  True  True  True  True  True  True  True  True  True  True
  True  True  True  True  True  True  True  True  True  True  True  True
  True  True  True  True  True  True  True False]
段内真实异常时间点索引 (相对段内): [ 0  1  2  3  4  5  6  7  8  9 10 11 12 13 14 15 16 17 18 19 20 21 22 23
 24 25 26 27 28 29 30]
段内是否有预测为异常的时间点: True
真实异常维度 (0-based): [0, 5, 8, 11, 12, 13, 14, 15]
段内检测到的异常时间点索引 (相对段内): [ 0  1  2  3  4  5  6  7  8  9 10 11 12 13 14 15 16 17 18 19 20 21 22 23
 24 25 26 27 28 29 30]
选择的维度数量 (k): 15 (基于真实异常维度数的 100%)
推断的异常维度 (0-based): [0, 1, 2, 3, 4, 6, 7, 9, 10, 13, 16, 17, 25, 26, 28, 29, 31, 32, 33, 34, 36, 37]
真实与推断的交集: [0, 13]
段内指标: TP=2, FP=20, FN=6, TN=10, IPS=0.2500

=== 汇总指标 ===
总 TP: 61, 总 TN: 150, 总 FP: 214, 总 FN: 69
平均 IPS: 0.6055, Precision: 0.2218, Recall: 0.4692, F1: 0.3012
每段IPS与混淆: [{'original_start': 837, 'original_end': 858, 'start': 738, 'end': 759, 'TP': 4, 'TN': 10, 'FP': 20, 'FN': 4, 'IPS': 0.5, 'k_selected': 15, 'gt_dims_count': 8}, {'original_start': 2959, 'original_end': 4174, 'start': 2860, 'end': 4075, 'TP': 4, 'TN': 13, 'FP': 16, 'FN': 5, 'IPS': 0.4444444444444444, 'k_selected': 15, 'gt_dims_count': 9}, {'original_start': 5849, 'original_end': 5940, 'start': 5750, 'end': 5841, 'TP': 13, 'TN': 0, 'FP': 13, 'FN': 12, 'IPS': 0.52, 'k_selected': 15, 'gt_dims_count': 25}, {'original_start': 6031, 'original_end': 6034, 'start': 5932, 'end': 5935, 'TP': 1, 'TN': 21, 'FP': 15, 'FN': 1, 'IPS': 0.5, 'k_selected': 15, 'gt_dims_count': 2}, {'original_start': 7099, 'original_end': 8000, 'start': 7000, 'end': 7901, 'TP': 7, 'TN': 10, 'FP': 20, 'FN': 1, 'IPS': 0.875, 'k_selected': 15, 'gt_dims_count': 8}, {'original_start': 8564, 'original_end': 8580, 'start': 8465, 'end': 8481, 'TP': 4, 'TN': 3, 'FP': 17, 'FN': 14, 'IPS': 0.2222222222222222, 'k_selected': 15, 'gt_dims_count': 18}, {'original_start': 12359, 'original_end': 12374, 'start': 12260, 'end': 12275, 'TP': 2, 'TN': 16, 'FP': 15, 'FN': 5, 'IPS': 0.2857142857142857, 'k_selected': 15, 'gt_dims_count': 7}, {'original_start': 13799, 'original_end': 13825, 'start': 13700, 'end': 13726, 'TP': 2, 'TN': 16, 'FP': 16, 'FN': 4, 'IPS': 0.3333333333333333, 'k_selected': 15, 'gt_dims_count': 6}, {'original_start': 15239, 'original_end': 15270, 'start': 15140, 'end': 15171, 'TP': 3, 'TN': 9, 'FP': 21, 'FN': 5, 'IPS': 0.375, 'k_selected': 15, 'gt_dims_count': 8}, {'original_start': 15960, 'original_end': 15963, 'start': 15861, 'end': 15864, 'TP': 1, 'TN': 21, 'FP': 16, 'FN': 0, 'IPS': 1.0, 'k_selected': 15, 'gt_dims_count': 1}, {'original_start': 18109, 'original_end': 18150, 'start': 18010, 'end': 18051, 'TP': 17, 'TN': 0, 'FP': 10, 'FN': 11, 'IPS': 0.6071428571428571, 'k_selected': 15, 'gt_dims_count': 28}, {'original_start': 19442, 'original_end': 19446, 'start': 19343, 'end': 19347, 'TP': 1, 'TN': 21, 'FP': 15, 'FN': 1, 'IPS': 0.5, 'k_selected': 15, 'gt_dims_count': 2}, {'original_start': 19559, 'original_end': 19590, 'start': 19460, 'end': 19491, 'TP': 2, 'TN': 10, 'FP': 20, 'FN': 6, 'IPS': 0.25, 'k_selected': 15, 'gt_dims_count': 8}]
总和: {'TP': 61, 'TN': 150, 'FP': 214, 'FN': 69, 'IPS': 0.6055096021541481, 'precision': 0.22181818181818183, 'recall': 0.46923076923076923, 'F1': 0.3012345679012346}
test end time:  2025-06-23 01:54:31
test time:  578.7002265453339
==============================result==============================
{'FN': 0.0,
 'FP': 31.0,
 'TN': 21169.0,
 'TP': 2398.0,
 'best-f1': 0.9935727877036109,
 'best_valid_loss': -70.08920484126553,
 'dataset': 'machine-1-7',
 'latency': 6.692256213413743,
 'pot-FN': 0.0,
 'pot-FP': 58.0,
 'pot-TN': 21142.0,
 'pot-TP': 2398.0,
 'pot-f1': 0.98804608855108,
 'pot-latency': 6.307643787355482,
 'pot-precision': 0.9763843608453404,
 'pot-recall': 0.9999999958298581,
 'pot-threshold': -228.6451513322053,
 'precision': 0.9872375422509775,
 'pred_time': 0.5863792350736715,
 'pred_total_time': 277.273912191391,
 'recall': 0.9999999958298581,
 'segment_results': [{'FN': 4,
                      'FP': 20,
                      'IPS': 0.5,
                      'TN': 10,
                      'TP': 4,
                      'end': 759,
                      'gt_dims_count': 8,
                      'k_selected': 15,
                      'original_end': 858,
                      'original_start': 837,
                      'start': 738},
                     {'FN': 5,
                      'FP': 16,
                      'IPS': 0.4444444444444444,
                      'TN': 13,
                      'TP': 4,
                      'end': 4075,
                      'gt_dims_count': 9,
                      'k_selected': 15,
                      'original_end': 4174,
                      'original_start': 2959,
                      'start': 2860},
                     {'FN': 12,
                      'FP': 13,
                      'IPS': 0.52,
                      'TN': 0,
                      
'TP': 13,
                      'end': 5841,
                      'gt_dims_count': 25,
                      'k_selected': 15,
                      'original_end': 5940,
                      'original_start': 5849,
                      'start': 5750},
                     {'FN': 1,
                      'FP': 15,
                      'IPS': 0.5,
                      'TN': 21,
                      'TP': 1,
                      'end': 5935,
                      'gt_dims_count': 2,
                      'k_selected': 15,
                      'original_end': 6034,
                      'original_start': 6031,
                      'start': 5932},
                     {'FN': 1,
                      'FP': 20,
                      'IPS': 0.875,
                      'TN': 10,
                      'TP': 7,
                      'end': 7901,
                      'gt_dims_count': 8,
                      'k_selected': 15,
                      'original_end': 8000,
                      'original_start': 7099,
                      'start': 7000},
                     {'FN': 14,
                      'FP': 17,
                      'IPS': 0.2222222222222222,
                      'TN': 3,
                      'TP': 4,
                      'end': 8481,
                      'gt_dims_count': 18,
                      'k_selected': 15,
                      'original_end': 8580,
                      'original_start': 8564,
                      'start': 8465},
                     {'FN': 5,
                      'FP': 15,
                      'IPS': 0.2857142857142857,
                      'TN': 16,
                      'TP': 2,
                      'end': 12275,
                      'gt_dims_count': 7,
                      'k_selected': 15,
                      'original_end': 12374,
                      'original_start': 12359,
                      'start': 12260},
                     {'FN': 4,
                      'FP': 16,
                      'IPS': 0.3333333333333333,
                      'TN': 16,
                      'TP': 2,
                      'end': 13726,
                      'gt_dims_count': 6,
                      'k_selected': 15,
                      'original_end': 13825,
                      'original_start': 13799,
                      'start': 13700},
                     {'FN': 5,
                      'FP': 21,
                      'IPS': 0.375,
                      'TN': 9,
                      'TP': 3,
                      'end': 15171,
                      'gt_dims_count': 8,
                      'k_selected': 15,
                      'original_end': 15270,
                      'original_start': 15239,
                      'start': 15140},
                     {'FN': 0,
                      'FP': 16,
                      'IPS': 1.0,
                      'TN': 21,
                      'TP': 1,
                      'end': 15864,
                      'gt_dims_count': 1,
                      'k_selected': 15,
                      'original_end': 15963,
                      'original_start': 15960,
                      'start': 15861},
                     {'FN': 11,
                      'FP': 10,
                      'IPS': 0.6071428571428571,
                      'TN': 0,
                      'TP': 17,
                      'end': 18051,
                      'gt_dims_count': 28,
                      'k_selected': 15,
                      'original_end': 18150,
                      'original_start': 18109,
                      'start': 18010},
                     {'FN': 1,
                      'FP': 15,
                      'IPS': 0.5,
                      'TN': 21,
                      'TP': 1,
                      'end': 19347,
                      'gt_dims_count': 2,
                      'k_selected': 15,
                      'original_end': 19446,
                      'original_start': 19442,
                      'start': 19343},
                     {'FN': 6,
                      'FP': 20,
                      'IPS': 0.25,
                      'TN': 10,
                      'TP': 2,
                      'end': 19491,
                      'gt_dims_count': 8,
                      'k_selected': 15,
                      'original_end': 19590,
                      'original_start': 19559,
                      'start': 19460}],
 'segment_summary': {'F1': 0.3012345679012346,
                     'FN': 69,
                     'FP': 214,
                     'IPS': 0.6055096021541481,
                     'TN': 150,
                     'TP': 61,
                     'precision': 0.22181818181818183,
                     'recall': 0.46923076923076923},
 'threshold': -399.0,
 'train_time': 590.5508106231689,
 'valid_time': 0.5858705919368047}
