2025-06-23 21:39:32.070104: I tensorflow/core/platform/cpu_feature_guard.cc:141] Your CPU supports instructions that this TensorFlow binary was not compiled to use: AVX2 AVX512F FMA
Configurations
===========================================
{'batch_size': 50,
 'bf_search_max': 400.0,
 'bf_search_min': -400.0,
 'bf_search_step_size': 1.0,
 'dataset': 'machine-3-11',
 'dense_dim': 500,
 'early_stop': True,
 'get_score_on_dim': True,
 'gradient_clip_norm': 10.0,
 'initial_lr': 0.001,
 'l2_reg': 0.0001,
 'level': 0.0075,
 'lr_anneal_epoch_freq': 40,
 'lr_anneal_factor': 0.5,
 'lr_anneal_step_freq': None,
 'max_epoch': 10,
 'max_test_size': None,
 'max_train_size': None,
 'nf_layers': 20,
 'percentage_Dimension': 40.0,
 'posterior_flow_type': 'nf',
 'restore_dir': None,
 'result_dir': 'result',
 'rnn_cell': 'GRU',
 'rnn_num_hidden': 500,
 'save_dir': 'model',
 'save_z': False,
 'std_epsilon': 0.0001,
 'test_batch_size': 50,
 'test_n_z': 1,
 'test_score_filename': 'test_score.pkl',
 'test_start': 0,
 'train_score_filename': 'train_score.pkl',
 'train_start': 0,
 'use_connected_z_p': True,
 'use_connected_z_q': True,
 'valid_step_freq': 100,
 'window_length': 100,
 'x_dim': 38,
 'z_dim': 3}

train start time:  2025-06-23 21:39:01
load data of: machine-3-11
train:  0 None
test:  0 None
Data normalized
Data normalized
train set shape:  (28695, 38)
test set shape:  (28696, 38)
test set label shape:  (28696,)
Trainable Parameters                                            (2,607,740 in total)
------------------------------------------------------------------------------------
model/q_z_given_x/rnn_q_z/rnn/gru_cell/gates/kernel             (538, 1000)  538,000
model/q_z_given_x/rnn_q_z/rnn/gru_cell/gates/bias               (1000,)        1,000
model/q_z_given_x/rnn_q_z/rnn/gru_cell/candidate/kernel         (538, 500)   269,000
model/q_z_given_x/rnn_q_z/rnn/gru_cell/candidate/bias           (500,)           500
model/q_z_given_x/rnn_q_z/dense/kernel                          (500, 500)   250,000
model/q_z_given_x/rnn_q_z/dense/bias                            (500,)           500
model/q_z_given_x/rnn_q_z/dense_1/kernel                        (500, 500)   250,000
model/q_z_given_x/rnn_q_z/dense_1/bias                          (500,)           500
model/vae/variational/z_mean/kernel                             (503, 3)       1,509
model/vae/variational/z_mean/bias                               (3,)               3
model/vae/variational/z_std/kernel                              (503, 3)       1,509
model/vae/variational/z_std/bias                                (3,)               3
model/posterior_flow/_0/w                                       (1, 3)             3
model/posterior_flow/_0/b                                       (1,)               1
model/posterior_flow/_0/u                                       (1, 3)             3
model/posterior_flow/_1/w                                       (1, 3)             3
model/posterior_flow/_1/b                                       (1,)               1
model/posterior_flow/_1/u                                       (1, 3)             3
model/posterior_flow/_2/w                                       (1, 3)             3
model/posterior_flow/_2/b                                       (1,)               1
model/posterior_flow/_2/u                                       (1, 3)             3
model/posterior_flow/_3/w                                       (1, 3)             3
model/posterior_flow/_3/b                                       (1,)               1
model/posterior_flow/_3/u                                       (1, 3)             3
model/posterior_flow/_4/w                                       (1, 3)             3
model/posterior_flow/_4/b                                       (1,)               1
model/posterior_flow/_4/u                                       (1, 3)             3
model/posterior_flow/_5/w                                       (1, 3)             3
model/posterior_flow/_5/b                                       (1,)               1
model/posterior_flow/_5/u                                       (1, 3)             3
model/posterior_flow/_6/w                                       (1, 3)             3
model/posterior_flow/_6/b                                       (1,)               1
model/posterior_flow/_6/u                                       (1, 3)             3
model/posterior_flow/_7/w                                       (1, 3)             3
model/posterior_flow/_7/b                                       (1,)               1
model/posterior_flow/_7/u                                       (1, 3)             3
model/posterior_flow/_8/w                                       (1, 3)             3
model/posterior_flow/_8/b                                       (1,)               1
model/posterior_flow/_8/u                                       (1, 3)             3
model/posterior_flow/_9/w                                       (1, 3)             3
model/posterior_flow/_9/b                                       (1,)               1
model/posterior_flow/_9/u                                       (1, 3)             3
model/posterior_flow/_10/w                                      (1, 3)             3
model/posterior_flow/_10/b                                      (1,)               1
model/posterior_flow/_10/u                                      (1, 3)             3
model/posterior_flow/_11/w                                      (1, 3)             3
model/posterior_flow/_11/b                                      (1,)               1
model/posterior_flow/_11/u                                      (1, 3)             3
model/posterior_flow/_12/w                                      (1, 3)             3
model/posterior_flow/_12/b                                      (1,)               1
model/posterior_flow/_12/u                                      (1, 3)             3
model/posterior_flow/_13/w                                      (1, 3)             3
model/posterior_flow/_13/b                                      (1,)               1
model/posterior_flow/_13/u                                      (1, 3)             3
model/posterior_flow/_14/w                                      (1, 3)             3
model/posterior_flow/_14/b                                      (1,)               1
model/posterior_flow/_14/u                                      (1, 3)             3
model/posterior_flow/_15/w                                      (1, 3)             3
model/posterior_flow/_15/b                                      (1,)               1
model/posterior_flow/_15/u                                      (1, 3)             3
model/posterior_flow/_16/w                                      (1, 3)             3
model/posterior_flow/_16/b                                      (1,)               1
model/posterior_flow/_16/u                                      (1, 3)             3
model/posterior_flow/_17/w                                      (1, 3)             3
model/posterior_flow/_17/b                                      (1,)               1
model/posterior_flow/_17/u                                      (1, 3)             3
model/posterior_flow/_18/w                                      (1, 3)             3
model/posterior_flow/_18/b                                      (1,)               1
model/posterior_flow/_18/u                                      (1, 3)             3
model/posterior_flow/_19/w                                      (1, 3)             3
model/posterior_flow/_19/b                                      (1,)               1
model/posterior_flow/_19/u                                      (1, 3)             3
model/p_x_given_z/hidden/rnn_p_x/rnn/gru_cell/gates/kernel      (503, 1000)  503,000
model/p_x_given_z/hidden/rnn_p_x/rnn/gru_cell/gates/bias        (1000,)        1,000
model/p_x_given_z/hidden/rnn_p_x/rnn/gru_cell/candidate/kernel  (503, 500)   251,500
model/p_x_given_z/hidden/rnn_p_x/rnn/gru_cell/candidate/bias    (500,)           500
model/p_x_given_z/hidden/rnn_p_x/dense/kernel                   (500, 500)   250,000
model/p_x_given_z/hidden/rnn_p_x/dense/bias                     (500,)           500
model/p_x_given_z/hidden/rnn_p_x/dense_1/kernel                 (500, 500)   250,000
model/p_x_given_z/hidden/rnn_p_x/dense_1/bias                   (500,)           500
model/p_x_given_z/x_mean/kernel                                 (500, 38)     19,000
model/p_x_given_z/x_mean/bias                                   (38,)             38
model/p_x_given_z/x_std/kernel                                  (500, 38)     19,000
model/p_x_given_z/x_std/bias                                    (38,)             38/home/hz/anaconda3/envs/py36/lib/python3.6/site-packages/tensorflow/python/framework/dtypes.py:523: FutureWarning: Passing (type, 1) or '1type' as a synonym of type is deprecated; in a future version of numpy, it will be understood as (type, (1,)) / '(1,)type'.
  _np_qint8 = np.dtype([("qint8", np.int8, 1)])
/home/hz/anaconda3/envs/py36/lib/python3.6/site-packages/tensorflow/python/framework/dtypes.py:524: FutureWarning: Passing (type, 1) or '1type' as a synonym of type is deprecated; in a future version of numpy, it will be understood as (type, (1,)) / '(1,)type'.
  _np_quint8 = np.dtype([("quint8", np.uint8, 1)])
/home/hz/anaconda3/envs/py36/lib/python3.6/site-packages/tensorflow/python/framework/dtypes.py:525: FutureWarning: Passing (type, 1) or '1type' as a synonym of type is deprecated; in a future version of numpy, it will be understood as (type, (1,)) / '(1,)type'.
  _np_qint16 = np.dtype([("qint16", np.int16, 1)])
/home/hz/anaconda3/envs/py36/lib/python3.6/site-packages/tensorflow/python/framework/dtypes.py:526: FutureWarning: Passing (type, 1) or '1type' as a synonym of type is deprecated; in a future version of numpy, it will be understood as (type, (1,)) / '(1,)type'.
  _np_quint16 = np.dtype([("quint16", np.uint16, 1)])
/home/hz/anaconda3/envs/py36/lib/python3.6/site-packages/tensorflow/python/framework/dtypes.py:527: FutureWarning: Passing (type, 1) or '1type' as a synonym of type is deprecated; in a future version of numpy, it will be understood as (type, (1,)) / '(1,)type'.
  _np_qint32 = np.dtype([("qint32", np.int32, 1)])
/home/hz/anaconda3/envs/py36/lib/python3.6/site-packages/tensorflow/python/framework/dtypes.py:532: FutureWarning: Passing (type, 1) or '1type' as a synonym of type is deprecated; in a future version of numpy, it will be understood as (type, (1,)) / '(1,)type'.
  np_resource = np.dtype([("resource", np.ubyte, 1)])
/home/hz/anaconda3/envs/py36/lib/python3.6/site-packages/tfsnippet/utils/tfver.py:22: DeprecationWarning: Function 'semver.compare' is deprecated. Deprecated since version 2.10.0.  This function will be removed in semver 3. Use the respective 'semver.VersionInfo.compare' instead.
  compare_result = semver.compare(version, tf.__version__)
/home/hz/anaconda3/envs/py36/lib/python3.6/site-packages/tfsnippet/utils/tfver.py:22: DeprecationWarning: Function 'semver.compare' is deprecated. Deprecated since version 2.10.0.  This function will be removed in semver 3. Use the respective 'semver.VersionInfo.compare' instead.
  compare_result = semver.compare(version, tf.__version__)
INFO:tensorflow:Restoring parameters from /tmp/tmpjp1zktl3/variables.dat-3900
2025-06-23 23:36:49,649 [INFO] tensorflow: Restoring parameters from /tmp/tmpjp1zktl3/variables.dat-3900


train_values: (20087, 38)
[Epoch 1/10, Step 100] step time: 2.207s (±10.32s); train time: 2m 0.9387s; valid time: 1m 39.9s; loss: 1.76754 (±136.047); valid loss: -29.5686 (*)
[Epoch 1/10, Step 200] step time: 1.81s (±9.227s); train time: 1m 28.37s; valid time: 1m 32.69s; loss: -39.587 (±6.87634); valid loss: -39.6796 (*)
[Epoch 1/10, Step 300] step time: 1.829s (±9.594s); train time: 1m 26.65s; valid time: 1m 36.31s; loss: -46.2549 (±4.00663); valid loss: -44.0492 (*)
train_values: (20087, 38)
[Epoch 2/10, Step 400, ETA 1h 56m 57.45s] step time: 1.969s (±9.326s); train time: 0.8161s; valid time: 1m 33.98s; loss: -47.3961 (±5.41101); valid loss: -49.7047 (*)
[Epoch 2/10, Step 500, ETA 1h 52m 1.562s] step time: 1.81s (±8.981s); train time: 1m 30.85s; valid time: 1m 30.23s; loss: -48.4233 (±4.13894); valid loss: -48.7179
[Epoch 2/10, Step 600, ETA 1h 47m 46.37s] step time: 1.814s (±9.167s); train time: 1m 29.25s; valid time: 1m 32.27s; loss: -50.4292 (±4.20883); valid loss: -47.2426
[Epoch 2/10, Step 700, ETA 1h 43m 45.23s] step time: 1.799s (±9.182s); train time: 1m 27.69s; valid time: 1m 32.34s; loss: -49.9773 (±5.60167); valid loss: -50.0173 (*)
train_values: (20087, 38)
[Epoch 3/10, Step 800, ETA 1h 40m 2.808s] step time: 1.807s (±9.024s); train time: 1.753s; valid time: 1m 30.67s; loss: -47.7235 (±7.00783); valid loss: -47.3686
[Epoch 3/10, Step 900, ETA 1h 36m 28.13s] step time: 1.804s (±9.101s); train time: 1m 29.13s; valid time: 1m 31.33s; loss: -52.8868 (±4.72338); valid loss: -49.8346
[Epoch 3/10, Step 1000, ETA 1h 32m 56.18s] step time: 1.79s (±9.078s); train time: 1m 27.86s; valid time: 1m 31.21s; loss: -53.2332 (±4.72103); valid loss: -49.941
[Epoch 3/10, Step 1100, ETA 1h 29m 20.62s] step time: 1.753s (±8.788s); train time: 1m 27.17s; valid time: 1m 28.26s; loss: -53.0776 (±5.07837); valid loss: -48.1218
train_values: (20087, 38)
[Epoch 4/10, Step 1200, ETA 1h 25m 54.45s] step time: 1.764s (±8.834s); train time: 2.676s; valid time: 1m 28.89s; loss: -51.6987 (±6.99252); valid loss: -48.3327
[Epoch 4/10, Step 1300, ETA 1h 22m 34.26s] step time: 1.772s (±9.089s); train time: 1m 25.91s; valid time: 1m 31.38s; loss: -52.54 (±5.55735); valid loss: -51.2168 (*)
[Epoch 4/10, Step 1400, ETA 1h 19m 18.04s] step time: 1.776s (±9.104s); train time: 1m 26.13s; valid time: 1m 31.53s; loss: -55.8711 (±5.10291); valid loss: -52.9323 (*)
[Epoch 4/10, Step 1500, ETA 1h 16m 3.335s] step time: 1.77s (±8.965s); train time: 1m 26.94s; valid time: 1m 30.14s; loss: -56.4433 (±5.56589); valid loss: -55.7341 (*)
train_values: (20087, 38)
[Epoch 5/10, Step 1600, ETA 1h 12m 46.92s] step time: 1.743s (±8.699s); train time: 3.155s; valid time: 1m 27.59s; loss: -57.8122 (±5.92521); valid loss: -55.3293
[Epoch 5/10, Step 1700, ETA 1h 9m 35.97s] step time: 1.765s (±8.956s); train time: 1m 26.5s; valid time: 1m 30.1s; loss: -58.5895 (±4.85403); valid loss: -59.0283 (*)
[Epoch 5/10, Step 1800, ETA 1h 6m 23.07s] step time: 1.736s (±8.696s); train time: 1m 26.32s; valid time: 1m 27.37s; loss: -56.6966 (±7.89573); valid loss: -50.963
[Epoch 5/10, Step 1900, ETA 1h 3m 13.31s] step time: 1.746s (±8.764s); train time: 1m 26.5s; valid time: 1m 28.2s; loss: -57.4157 (±7.03403); valid loss: -54.9796
train_values: (20087, 38)
[Epoch 6/10, Step 2000, ETA 1h 6.935s] step time: 1.764s (±8.956s); train time: 4.009s; valid time: 1m 30.12s; loss: -59.7063 (±5.90113); valid loss: -60.3066 (*)
[Epoch 6/10, Step 2100, ETA 56m 58.97s] step time: 1.737s (±8.759s); train time: 1m 25.81s; valid time: 1m 27.98s; loss: -61.0236 (±7.73957); valid loss: -55.5484
[Epoch 6/10, Step 2200, ETA 53m 52.04s] step time: 1.734s (±8.73s); train time: 1m 25.86s; valid time: 1m 27.62s; loss: -55.9031 (±15.3408); valid loss: -56.7359
[Epoch 6/10, Step 2300, ETA 50m 46.37s] step time: 1.735s (±8.75s); train time: 1m 25.64s; valid time: 1m 27.98s; loss: -59.602 (±11.8996); valid loss: -52.8138
train_values: (20087, 38)
[Epoch 7/10, Step 2400, ETA 47m 42.79s] step time: 1.751s (±8.767s); train time: 4.603s; valid time: 1m 28.22s; loss: -63.2623 (±4.26843); valid loss: -59.0786
[Epoch 7/10, Step 2500, ETA 44m 40.62s] step time: 1.764s (±8.996s); train time: 1m 26s; valid time: 1m 30.47s; loss: -65.43 (±3.70136); valid loss: -63.7297 (*)
[Epoch 7/10, Step 2600, ETA 41m 37.33s] step time: 1.735s (±8.75s); train time: 1m 25.76s; valid time: 1m 27.82s; loss: -66.9574 (±4.52918); valid loss: -58.6408
[Epoch 7/10, Step 2700, ETA 38m 34.85s] step time: 1.737s (±8.767s); train time: 1m 25.61s; valid time: 1m 28.17s; loss: -63.954 (±4.80895); valid loss: -63.1345
train_values: (20087, 38)
[Epoch 8/10, Step 2800, ETA 35m 32.79s] step time: 1.731s (±8.669s); train time: 6.77s; valid time: 1m 27.08s; loss: -66.5517 (±6.48767); valid loss: -62.6705
[Epoch 8/10, Step 2900, ETA 32m 31.33s] step time: 1.732s (±8.74s); train time: 1m 25.4s; valid time: 1m 27.88s; loss: -67.41 (±4.01519); valid loss: -62.8226
[Epoch 8/10, Step 3000, ETA 29m 30.42s] step time: 1.732s (±8.739s); train time: 1m 25.51s; valid time: 1m 27.8s; loss: -66.4575 (±5.55723); valid loss: -63.1374
[Epoch 8/10, Step 3100, ETA 26m 30.86s] step time: 1.762s (±8.928s); train time: 1m 26.57s; valid time: 1m 29.71s; loss: -67.0779 (±7.21234); valid loss: -64.9944 (*)
train_values: (20087, 38)
[Epoch 9/10, Step 3200, ETA 23m 33.64s] step time: 1.848s (±9.901s); train time: 6.649s; valid time: 1m 39.6s; loss: -67.0867 (±4.42586); valid loss: -65.7877 (*)
[Epoch 9/10, Step 3300, ETA 20m 33.84s] step time: 1.748s (±8.717s); train time: 1m 27.33s; valid time: 1m 27.53s; loss: -68.9612 (±4.58646); valid loss: -65.2701
[Epoch 9/10, Step 3400, ETA 17m 34.27s] step time: 1.744s (±8.796s); train time: 1m 26s; valid time: 1m 28.46s; loss: -66.8709 (±11.4248); valid loss: -61.0943
[Epoch 9/10, Step 3500, ETA 14m 35.51s] step time: 1.781s (±9.096s); train time: 1m 26.73s; valid time: 1m 31.47s; loss: -69.3519 (±4.40768); valid loss: -66.7297 (*)
train_values: (20087, 38)
[Epoch 10/10, Step 3600, ETA 11m 36.57s] step time: 1.76s (±8.899s); train time: 7.529s; valid time: 1m 29.55s; loss: -68.6825 (±4.56464); valid loss: -67.5987 (*)
[Epoch 10/10, Step 3700, ETA 8m 37.64s] step time: 1.744s (±8.787s); train time: 1m 26.2s; valid time: 1m 28.28s; loss: -68.0482 (±5.34396); valid loss: -64.6172
[Epoch 10/10, Step 3800, ETA 5m 38.9s] step time: 1.735s (±8.735s); train time: 1m 25.91s; valid time: 1m 27.66s; loss: -68.8089 (±8.45903); valid loss: -60.6964
[Epoch 10/10, Step 3900, ETA 2m 40.47s] step time: 1.759s (±8.97s); train time: 1m 25.71s; valid time: 1m 30.27s; loss: -69.6086 (±4.05853); valid loss: -67.9738 (*)
train end time:  2025-06-23 23:36:49
train time:  7068.04582118988
test start time:  2025-06-23 23:36:49
------------------------------ testing ------------------------------
test_score shape:  (28597, 38)
test_z shape:  (28597, 100, 6)
search range:  -400.0 400.0
cur thr:  -399.0 [0.013752250980848828, 0.0069238031937182915, 0.9999999494949521, 198.0, 0.0, 28399.0, 0.0, 0.0] [0.013752250980848828, 0.0069238031937182915, 0.9999999494949521, 198.0, 0.0, 28399.0, 0.0, 0.0] -399.0
cur thr:  -349.0 [0.013752250980848828, 0.0069238031937182915, 0.9999999494949521, 198.0, 0.0, 28399.0, 0.0, 0.0] [0.013752250980848828, 0.0069238031937182915, 0.9999999494949521, 198.0, 0.0, 28399.0, 0.0, 0.0] -399.0
cur thr:  -299.0 [0.013752250980848828, 0.0069238031937182915, 0.9999999494949521, 198.0, 0.0, 28399.0, 0.0, 0.0] [0.013752250980848828, 0.0069238031937182915, 0.9999999494949521, 198.0, 0.0, 28399.0, 0.0, 0.0] -399.0
cur thr:  -249.0 [0.013752250980848828, 0.0069238031937182915, 0.9999999494949521, 198.0, 0.0, 28399.0, 0.0, 0.0] [0.013752250980848828, 0.0069238031937182915, 0.9999999494949521, 198.0, 0.0, 28399.0, 0.0, 0.0] -399.0
cur thr:  -199.0 [0.013752250980848828, 0.0069238031937182915, 0.9999999494949521, 198.0, 0.0, 28399.0, 0.0, 0.0] [0.013752250980848828, 0.0069238031937182915, 0.9999999494949521, 198.0, 0.0, 28399.0, 0.0, 0.0] -399.0
cur thr:  -149.0 [0.013752250980848828, 0.0069238031937182915, 0.9999999494949521, 198.0, 0.0, 28399.0, 0.0, 0.0] [0.013752250980848828, 0.0069238031937182915, 0.9999999494949521, 198.0, 0.0, 28399.0, 0.0, 0.0]  0%|          | 0/28597 [00:00<?, ?it/s]100%|██████████| 28597/28597 [00:00<00:00, 477520.33it/s] -399.0
cur thr:  -99.0 [0.013752250980848828, 0.0069238031937182915, 0.9999999494949521, 198.0, 0.0, 28399.0, 0.0, 0.0] [0.013752250980848828, 0.0069238031937182915, 0.9999999494949521, 198.0, 0.0, 28399.0, 0.0, 0.0] -399.0
cur thr:  -49.0 [0.013752250980848828, 0.0069238031937182915, 0.9999999494949521, 198.0, 0.0, 28399.0, 0.0, 0.0] [0.013752250980848828, 0.0069238031937182915, 0.9999999494949521, 198.0, 0.0, 28399.0, 0.0, 0.0] -399.0
cur thr:  1.0 [0.013752250980848828, 0.0069238031937182915, 0.9999999494949521, 198.0, 0.0, 28399.0, 0.0, 0.0] [0.013752250980848828, 0.0069238031937182915, 0.9999999494949521, 198.0, 0.0, 28399.0, 0.0, 0.0] -399.0
cur thr:  51.0 [0.013752250980848828, 0.0069238031937182915, 0.9999999494949521, 198.0, 0.0, 28399.0, 0.0, 0.0] [0.013752250980848828, 0.0069238031937182915, 0.9999999494949521, 198.0, 0.0, 28399.0, 0.0, 0.0] -399.0
cur thr:  101.0 [0.013752250980848828, 0.0069238031937182915, 0.9999999494949521, 198.0, 0.0, 28399.0, 0.0, 0.0] [0.013752250980848828, 0.0069238031937182915, 0.9999999494949521, 198.0, 0.0, 28399.0, 0.0, 0.0] -399.0
cur thr:  151.0 [0.013752250980848828, 0.0069238031937182915, 0.9999999494949521, 198.0, 0.0, 28399.0, 0.0, 0.0] [0.013752250980848828, 0.0069238031937182915, 0.9999999494949521, 198.0, 0.0, 28399.0, 0.0, 0.0] -399.0
cur thr:  201.0 [0.013752250980848828, 0.0069238031937182915, 0.9999999494949521, 198.0, 0.0, 28399.0, 0.0, 0.0] [0.013752250980848828, 0.0069238031937182915, 0.9999999494949521, 198.0, 0.0, 28399.0, 0.0, 0.0] -399.0
cur thr:  251.0 [0.013752250980848828, 0.0069238031937182915, 0.9999999494949521, 198.0, 0.0, 28399.0, 0.0, 0.0] [0.013752250980848828, 0.0069238031937182915, 0.9999999494949521, 198.0, 0.0, 28399.0, 0.0, 0.0] -399.0
cur thr:  301.0 [0.013752250980848828, 0.0069238031937182915, 0.9999999494949521, 198.0, 0.0, 28399.0, 0.0, 0.0] [0.013752250980848828, 0.0069238031937182915, 0.9999999494949521, 198.0, 0.0, 28399.0, 0.0, 0.0] -399.0
cur thr:  351.0 [0.013752250980848828, 0.0069238031937182915, 0.9999999494949521, 198.0, 0.0, 28399.0, 0.0, 0.0] [0.013752250980848828, 0.0069238031937182915, 0.9999999494949521, 198.0, 0.0, 28399.0, 0.0, 0.0] -399.0
[0.013752250980848828, 0.0069238031937182915, 0.9999999494949521, 198.0, 0.0, 28399.0, 0.0, 0.0] -399.0
label_file: ServerMachineDataset/interpretation_label/machine-3-11.txt
Initial threshold : -20.580034
Number of peaks : 214
Grimshaw maximum log-likelihood estimation ... [done]
	γ = 0
	σ = 296.4786
	L = 1432.0826638379983
Extreme quantile (probability = 0.001): 576.1451762647974
28597
28597
POT result:  (0.013752250980848828, 0.0069238031937182915, 0.9999999494949521, 198.0, 0.0, 28399.0, 0.0) 20.580036 0.0

=== 全局调试信息 ===
y_true shape: (28597,), unique values: [0. 1.]
y_pred shape: (28597,), unique values: [ True]
feature_scores shape: (28597, 38)
interpretation_segments 数量: 3


=== 处理第 1/3 段 ===
原始段范围: orig_start=21230, orig_end=21296
调整后段范围: start=21131, end=21197
段内真实标签 (seg_true): [1. 1. 1. 1. 1. 1. 1. 1. 1. 1. 1. 1. 1. 1. 1. 1. 1. 1. 1. 1. 1. 1. 1. 1.
 1. 1. 1. 1. 1. 1. 1. 1. 1. 1. 1. 1. 1. 1. 1. 1. 1. 1. 1. 1. 1. 1. 1. 1.
 1. 1. 1. 1. 1. 1. 1. 1. 1. 1. 1. 1. 1. 1. 1. 1. 1. 1. 0.]
段内预测标签 (seg_pred): [ True  True  True  True  True  True  True  True  True  True  True  True
  True  True  True  True  True  True  True  True  True  True  True  True
  True  True  True  True  True  True  True  True  True  True  True  True
  True  True  True  True  True  True  True  True  True  True  True  True
  True  True  True  True  True  True  True  True  True  True  True  True
  True  True  True  True  True  True  True]
段内真实异常时间点索引 (相对段内): [ 0  1  2  3  4  5  6  7  8  9 10 11 12 13 14 15 16 17 18 19 20 21 22 23
 24 25 26 27 28 29 30 31 32 33 34 35 36 37 38 39 40 41 42 43 44 45 46 47
 48 49 50 51 52 53 54 55 56 57 58 59 60 61 62 63 64 65]
段内是否有预测为异常的时间点: True
真实异常维度 (0-based): [0, 1, 2, 3, 4, 5, 6, 9, 10, 15, 18, 19, 20, 21, 22, 23, 25, 27, 29, 30, 31, 34, 35]
段内检测到的异常时间点索引 (相对段内): [ 0  1  2  3  4  5  6  7  8  9 10 11 12 13 14 15 16 17 18 19 20 21 22 23
 24 25 26 27 28 29 30 31 32 33 34 35 36 37 38 39 40 41 42 43 44 45 46 47
 48 49 50 51 52 53 54 55 56 57 58 59 60 61 62 63 64 65 66]
选择的维度数量 (k): 15 (基于真实异常维度数的 100%)
推断的异常维度 (0-based): [1, 2, 7, 8, 9, 10, 11, 12, 13, 14, 15, 16, 17, 19, 20, 22, 23, 24, 25, 26, 27, 28, 29, 30, 31, 32, 33, 34, 36, 37]
真实与推断的交集: [1, 2, 9, 10, 15, 19, 20, 22, 23, 25, 27, 29, 30, 31, 34]
段内指标: TP=15, FP=15, FN=8, TN=0, IPS=0.6522

=== 处理第 2/3 段 ===
原始段范围: orig_start=27825, orig_end=27951
调整后段范围: start=27726, end=27852
段内真实标签 (seg_true): [1. 1. 1. 1. 1. 1. 1. 1. 1. 1. 1. 1. 1. 1. 1. 1. 1. 1. 1. 1. 1. 1. 1. 1.
 1. 1. 1. 1. 1. 1. 1. 1. 1. 1. 1. 1. 1. 1. 1. 1. 1. 1. 1. 1. 1. 1. 1. 1.
 1. 1. 1. 1. 1. 1. 1. 1. 1. 1. 1. 1. 1. 1. 1. 1. 1. 1. 1. 1. 1. 1. 1. 1.
 1. 1. 1. 1. 1. 1. 1. 1. 1. 1. 1. 1. 1. 1. 1. 1. 1. 1. 1. 1. 1. 1. 1. 1.
 1. 1. 1. 1. 1. 1. 1. 1. 1. 1. 1. 1. 1. 1. 1. 1. 1. 1. 1. 1. 1. 1. 1. 1.
 1. 1. 1. 1. 1. 1. 0.]
段内预测标签 (seg_pred): [ True  True  True  True  True  True  True  True  True  True  True  True
  True  True  True  True  True  True  True  True  True  True  True  True
  True  True  True  True  True  True  True  True  True  True  True  True
  True  True  True  True  True  True  True  True  True  True  True  True
  True  True  True  True  True  True  True  True  True  True  True  True
  True  True  True  True  True  True  True  True  True  True  True  True
  True  True  True  True  True  True  True  True  True  True  True  True
  True  True  True  True  True  True  True  True  True  True  True  True
  True  True  True  True  True  True  True  True  True  True  True  True
  True  True  True  True  True  True  True  True  True  True  True  True
  True  True  True  True  True  True  True]
段内真实异常时间点索引 (相对段内): [  0   1   2   3   4   5   6   7   8   9  10  11  12  13  14  15  16  17
  18  19  20  21  22  23  24  25  26  27  28  29  30  31  32  33  34  35
  36  37  38  39  40  41  42  43  44  45  46  47  48  49  50  51  52  53
  54  55  56  57  58  59  60  61  62  63  64  65  66  67  68  69  70  71
  72  73  74  75  76  77  78  79  80  81  82  83  84  85  86  87  88  89
  90  91  92  93  94  95  96  97  98  99 100 101 102 103 104 105 106 107
 108 109 110 111 112 113 114 115 116 117 118 119 120 121 122 123 124 125]
段内是否有预测为异常的时间点: True
真实异常维度 (0-based): [0, 1, 2, 3, 6, 18, 19, 20, 21, 22, 23, 25, 27, 29, 30, 31, 33, 34, 35, 36]
段内检测到的异常时间点索引 (相对段内): [  0   1   2   3   4   5   6   7   8   9  10  11  12  13  14  15  16  17
  18  19  20  21  22  23  24  25  26  27  28  29  30  31  32  33  34  35
  36  37  38  39  40  41  42  43  44  45  46  47  48  49  50  51  52  53
  54  55  56  57  58  59  60  61  62  63  64  65  66  67  68  69  70  71
  72  73  74  75  76  77  78  79  80  81  82  83  84  85  86  87  88  89
  90  91  92  93  94  95  96  97  98  99 100 101 102 103 104 105 106 107
 108 109 110 111 112 113 114 115 116 117 118 119 120 121 122 123 124 125
 126]
选择的维度数量 (k): 15 (基于真实异常维度数的 100%)
推断的异常维度 (0-based): [1, 2, 7, 8, 9, 10, 11, 12, 13, 14, 15, 16, 17, 18, 19, 20, 22, 23, 24, 25, 26, 28, 31, 32, 33, 36, 37]
真实与推断的交集: [1, 2, 18, 19, 20, 22, 23, 25, 31, 33, 36]
段内指标: TP=11, FP=16, FN=9, TN=2, IPS=0.5500

=== 处理第 3/3 段 ===
原始段范围: orig_start=27995, orig_end=28001
调整后段范围: start=27896, end=27902
段内真实标签 (seg_true): [1. 1. 1. 1. 1. 1. 0.]
段内预测标签 (seg_pred): [ True  True  True  True  True  True  True]
段内真实异常时间点索引 (相对段内): [0 1 2 3 4 5]
段内是否有预测为异常的时间点: True
真实异常维度 (0-based): [9, 10]
段内检测到的异常时间点索引 (相对段内): [0 1 2 3 4 5 6]
选择的维度数量 (k): 15 (基于真实异常维度数的 100%)

推断的异常维度 (0-based): [1, 2, 3, 7, 8, 9, 10, 11, 12, 14, 16, 17, 22, 24, 26, 28, 31, 32, 33, 37]
真实与推断的交集: [9, 10]
段内指标: TP=2, FP=18, FN=0, TN=18, IPS=1.0000

=== 汇总指标 ===
总 TP: 28, 总 TN: 20, 总 FP: 49, 总 FN: 17
平均 IPS: 0.5997, Precision: 0.3636, Recall: 0.6222, F1: 0.4590
每段IPS与混淆: [{'original_start': 21230, 'original_end': 21296, 'start': 21131, 'end': 21197, 'TP': 15, 'TN': 0, 'FP': 15, 'FN': 8, 'IPS': 0.6521739130434783, 'k_selected': 15, 'gt_dims_count': 23}, {'original_start': 27825, 'original_end': 27951, 'start': 27726, 'end': 27852, 'TP': 11, 'TN': 2, 'FP': 16, 'FN': 9, 'IPS': 0.55, 'k_selected': 15, 'gt_dims_count': 20}, {'original_start': 27995, 'original_end': 28001, 'start': 27896, 'end': 27902, 'TP': 2, 'TN': 18, 'FP': 18, 'FN': 0, 'IPS': 1.0, 'k_selected': 15, 'gt_dims_count': 2}]
总和: {'TP': 28, 'TN': 20, 'FP': 49, 'FN': 17, 'IPS': 0.5997296128055376, 'precision': 0.36363636363636365, 'recall': 0.6222222222222222, 'F1': 0.45901639344262296}
test end time:  2025-06-23 23:47:00
test time:  610.2042937278748
==============================result==============================
{'FN': 0.0,
 'FP': 28399.0,
 'TN': 0.0,
 'TP': 198.0,
 'best-f1': 0.013752250980848828,
 'best_valid_loss': -67.97380724366815,
 'dataset': 'machine-3-11',
 'latency': 0.0,
 'pot-FN': 0.0,
 'pot-FP': 28399.0,
 'pot-TN': 0.0,
 'pot-TP': 198.0,
 'pot-f1': 0.013752250980848828,
 'pot-latency': 0.0,
 'pot-precision': 0.0069238031937182915,
 'pot-recall': 0.9999999494949521,
 'pot-threshold': 20.580036,
 'precision': 0.0069238031937182915,
 'pred_time': 0.514073555286114,
 'pred_total_time': 294.5595886707306,
 'recall': 0.9999999494949521,
 'segment_results': [{'FN': 8,
                      'FP': 15,
                      'IPS': 0.6521739130434783,
                      'TN': 0,
                      'TP': 15,
                      'end': 21197,
                      'gt_dims_count': 23,
                      'k_selected': 15,
                      'original_end': 21296,
                      'original_start': 21230,
                      'start': 21131},
                     {'FN': 9,
                      'FP': 16,
                      'IPS': 0.55,
                      'TN': 2,
                      'TP': 11,
                      'end': 27852,
                      'gt_dims_count': 20,
                      'k_selected': 15,
                      'original_end': 27951,
                      'original_start': 27825,
                      'start': 27726},
                     {'FN': 0,
                      'FP': 18,
                      'IPS': 1.0,
                      'TN': 18,
                      'TP': 2,
                      'end': 27902,
                      'gt_dims_count': 2,
                      'k_selected': 15,
                      'original_end': 28001,
                      'original_start': 27995,
                      'start': 27896}],
 'segment_summary': {'F1': 0.45901639344262296,
                     'FN': 17,
                     'FP': 49,
                     'IPS': 0.5997296128055376,
                     'TN': 20,
                     'TP': 28,
                     'precision': 0.36363636363636365,
                     'recall': 0.6222222222222222},
 'threshold': -399.0,
 'train_time': 703.782620882988,
 'valid_time': 0.5197080969184856}
