2025-06-23 01:55:25.452880: I tensorflow/core/platform/cpu_feature_guard.cc:141] Your CPU supports instructions that this TensorFlow binary was not compiled to use: AVX2 AVX512F FMA
Configurations
===========================================
{'batch_size': 50,
 'bf_search_max': 400.0,
 'bf_search_min': -400.0,
 'bf_search_step_size': 1.0,
 'dataset': 'machine-2-1',
 'dense_dim': 500,
 'early_stop': True,
 'get_score_on_dim': True,
 'gradient_clip_norm': 10.0,
 'initial_lr': 0.001,
 'l2_reg': 0.0001,
 'level': 0.0075,
 'lr_anneal_epoch_freq': 40,
 'lr_anneal_factor': 0.5,
 'lr_anneal_step_freq': None,
 'max_epoch': 10,
 'max_test_size': None,
 'max_train_size': None,
 'nf_layers': 20,
 'percentage_Dimension': 40.0,
 'posterior_flow_type': 'nf',
 'restore_dir': None,
 'result_dir': 'result',
 'rnn_cell': 'GRU',
 'rnn_num_hidden': 500,
 'save_dir': 'model',
 'save_z': False,
 'std_epsilon': 0.0001,
 'test_batch_size': 50,
 'test_n_z': 1,
 'test_score_filename': 'test_score.pkl',
 'test_start': 0,
 'train_score_filename': 'train_score.pkl',
 'train_start': 0,
 'use_connected_z_p': True,
 'use_connected_z_q': True,
 'valid_step_freq': 100,
 'window_length': 100,
 'x_dim': 38,
 'z_dim': 3}

train start time:  2025-06-23 01:54:57
load data of: machine-2-1
train:  0 None
test:  0 None
Data normalized
Data normalized
train set shape:  (23693, 38)
test set shape:  (23694, 38)
test set label shape:  (23694,)
Trainable Parameters                                            (2,607,740 in total)
------------------------------------------------------------------------------------
model/q_z_given_x/rnn_q_z/rnn/gru_cell/gates/kernel             (538, 1000)  538,000
model/q_z_given_x/rnn_q_z/rnn/gru_cell/gates/bias               (1000,)        1,000
model/q_z_given_x/rnn_q_z/rnn/gru_cell/candidate/kernel         (538, 500)   269,000
model/q_z_given_x/rnn_q_z/rnn/gru_cell/candidate/bias           (500,)           500
model/q_z_given_x/rnn_q_z/dense/kernel                          (500, 500)   250,000
model/q_z_given_x/rnn_q_z/dense/bias                            (500,)           500
model/q_z_given_x/rnn_q_z/dense_1/kernel                        (500, 500)   250,000
model/q_z_given_x/rnn_q_z/dense_1/bias                          (500,)           500
model/vae/variational/z_mean/kernel                             (503, 3)       1,509
model/vae/variational/z_mean/bias                               (3,)               3
model/vae/variational/z_std/kernel                              (503, 3)       1,509
model/vae/variational/z_std/bias                                (3,)               3
model/posterior_flow/_0/w                                       (1, 3)             3
model/posterior_flow/_0/b                                       (1,)               1
model/posterior_flow/_0/u                                       (1, 3)             3
model/posterior_flow/_1/w                                       (1, 3)             3
model/posterior_flow/_1/b                                       (1,)               1
model/posterior_flow/_1/u                                       (1, 3)             3
model/posterior_flow/_2/w                                       (1, 3)             3
model/posterior_flow/_2/b                                       (1,)               1
model/posterior_flow/_2/u                                       (1, 3)             3
model/posterior_flow/_3/w                                       (1, 3)             3
model/posterior_flow/_3/b                                       (1,)               1
model/posterior_flow/_3/u                                       (1, 3)             3
model/posterior_flow/_4/w                                       (1, 3)             3
model/posterior_flow/_4/b                                       (1,)               1
model/posterior_flow/_4/u                                       (1, 3)             3
model/posterior_flow/_5/w                                       (1, 3)             3
model/posterior_flow/_5/b                                       (1,)               1
model/posterior_flow/_5/u                                       (1, 3)             3
model/posterior_flow/_6/w                                       (1, 3)             3
model/posterior_flow/_6/b                                       (1,)               1
model/posterior_flow/_6/u                                       (1, 3)             3
model/posterior_flow/_7/w                                       (1, 3)             3
model/posterior_flow/_7/b                                       (1,)               1
model/posterior_flow/_7/u                                       (1, 3)             3
model/posterior_flow/_8/w                                       (1, 3)             3
model/posterior_flow/_8/b                                       (1,)               1
model/posterior_flow/_8/u                                       (1, 3)             3
model/posterior_flow/_9/w                                       (1, 3)             3
model/posterior_flow/_9/b                                       (1,)               1
model/posterior_flow/_9/u                                       (1, 3)             3
model/posterior_flow/_10/w                                      (1, 3)             3
model/posterior_flow/_10/b                                      (1,)               1
model/posterior_flow/_10/u                                      (1, 3)             3
model/posterior_flow/_11/w                                      (1, 3)             3
model/posterior_flow/_11/b                                      (1,)               1
model/posterior_flow/_11/u                                      (1, 3)             3
model/posterior_flow/_12/w                                      (1, 3)             3
model/posterior_flow/_12/b                                      (1,)               1
model/posterior_flow/_12/u                                      (1, 3)             3
model/posterior_flow/_13/w                                      (1, 3)             3
model/posterior_flow/_13/b                                      (1,)               1
model/posterior_flow/_13/u                                      (1, 3)             3
model/posterior_flow/_14/w                                      (1, 3)             3
model/posterior_flow/_14/b                                      (1,)               1
model/posterior_flow/_14/u                                      (1, 3)             3
model/posterior_flow/_15/w                                      (1, 3)             3
model/posterior_flow/_15/b                                      (1,)               1
model/posterior_flow/_15/u                                      (1, 3)             3
model/posterior_flow/_16/w                                      (1, 3)             3
model/posterior_flow/_16/b                                      (1,)               1
model/posterior_flow/_16/u                                      (1, 3)             3
model/posterior_flow/_17/w                                      (1, 3)             3
model/posterior_flow/_17/b                                      (1,)               1
model/posterior_flow/_17/u                                      (1, 3)             3
model/posterior_flow/_18/w                                      (1, 3)             3
model/posterior_flow/_18/b                                      (1,)               1
model/posterior_flow/_18/u                                      (1, 3)             3
model/posterior_flow/_19/w                                      (1, 3)             3
model/posterior_flow/_19/b                                      (1,)               1
model/posterior_flow/_19/u                                      (1, 3)             3
model/p_x_given_z/hidden/rnn_p_x/rnn/gru_cell/gates/kernel      (503, 1000)  503,000
model/p_x_given_z/hidden/rnn_p_x/rnn/gru_cell/gates/bias        (1000,)        1,000
model/p_x_given_z/hidden/rnn_p_x/rnn/gru_cell/candidate/kernel  (503, 500)   251,500
model/p_x_given_z/hidden/rnn_p_x/rnn/gru_cell/candidate/bias    (500,)           500
model/p_x_given_z/hidden/rnn_p_x/dense/kernel                   (500, 500)   250,000
model/p_x_given_z/hidden/rnn_p_x/dense/bias                     (500,)           500
model/p_x_given_z/hidden/rnn_p_x/dense_1/kernel                 (500, 500)   250,000
model/p_x_given_z/hidden/rnn_p_x/dense_1/bias                   (500,)           500
model/p_x_given_z/x_mean/kernel                                 (500, 38)     19,000
model/p_x_given_z/x_mean/bias                                   (38,)             38
model/p_x_given_z/x_std/kernel                                  (500, 38)     19,000
model/p_x_given_z/x_std/bias                                    (38,)             38/home/hz/anaconda3/envs/py36/lib/python3.6/site-packages/tensorflow/python/framework/dtypes.py:523: FutureWarning: Passing (type, 1) or '1type' as a synonym of type is deprecated; in a future version of numpy, it will be understood as (type, (1,)) / '(1,)type'.
  _np_qint8 = np.dtype([("qint8", np.int8, 1)])
/home/hz/anaconda3/envs/py36/lib/python3.6/site-packages/tensorflow/python/framework/dtypes.py:524: FutureWarning: Passing (type, 1) or '1type' as a synonym of type is deprecated; in a future version of numpy, it will be understood as (type, (1,)) / '(1,)type'.
  _np_quint8 = np.dtype([("quint8", np.uint8, 1)])
/home/hz/anaconda3/envs/py36/lib/python3.6/site-packages/tensorflow/python/framework/dtypes.py:525: FutureWarning: Passing (type, 1) or '1type' as a synonym of type is deprecated; in a future version of numpy, it will be understood as (type, (1,)) / '(1,)type'.
  _np_qint16 = np.dtype([("qint16", np.int16, 1)])
/home/hz/anaconda3/envs/py36/lib/python3.6/site-packages/tensorflow/python/framework/dtypes.py:526: FutureWarning: Passing (type, 1) or '1type' as a synonym of type is deprecated; in a future version of numpy, it will be understood as (type, (1,)) / '(1,)type'.
  _np_quint16 = np.dtype([("quint16", np.uint16, 1)])
/home/hz/anaconda3/envs/py36/lib/python3.6/site-packages/tensorflow/python/framework/dtypes.py:527: FutureWarning: Passing (type, 1) or '1type' as a synonym of type is deprecated; in a future version of numpy, it will be understood as (type, (1,)) / '(1,)type'.
  _np_qint32 = np.dtype([("qint32", np.int32, 1)])
/home/hz/anaconda3/envs/py36/lib/python3.6/site-packages/tensorflow/python/framework/dtypes.py:532: FutureWarning: Passing (type, 1) or '1type' as a synonym of type is deprecated; in a future version of numpy, it will be understood as (type, (1,)) / '(1,)type'.
  np_resource = np.dtype([("resource", np.ubyte, 1)])
/home/hz/anaconda3/envs/py36/lib/python3.6/site-packages/tfsnippet/utils/tfver.py:22: DeprecationWarning: Function 'semver.compare' is deprecated. Deprecated since version 2.10.0.  This function will be removed in semver 3. Use the respective 'semver.VersionInfo.compare' instead.
  compare_result = semver.compare(version, tf.__version__)
/home/hz/anaconda3/envs/py36/lib/python3.6/site-packages/tfsnippet/utils/tfver.py:22: DeprecationWarning: Function 'semver.compare' is deprecated. Deprecated since version 2.10.0.  This function will be removed in semver 3. Use the respective 'semver.VersionInfo.compare' instead.
  compare_result = semver.compare(version, tf.__version__)
INFO:tensorflow:Restoring parameters from /tmp/tmpsb6w2vw6/variables.dat-2700
2025-06-23 03:31:11,997 [INFO] tensorflow: Restoring parameters from /tmp/tmpsb6w2vw6/variables.dat-2700


train_values: (16586, 38)
[Epoch 1/10, Step 100] step time: 2.116s (±9.285s); train time: 2m 2.66s; valid time: 1m 29.04s; loss: -15.7295 (±40.2521); valid loss: -42.2733 (*)
[Epoch 1/10, Step 200] step time: 1.767s (±8.272s); train time: 1m 33.71s; valid time: 1m 23.1s; loss: -48.5265 (±4.94556); valid loss: -51.4945 (*)
[Epoch 1/10, Step 300] step time: 1.763s (±8.194s); train time: 1m 33.85s; valid time: 1m 22.5s; loss: -52.7621 (±2.76468); valid loss: -51.8418 (*)
train_values: (16586, 38)
[Epoch 2/10, Step 400, ETA 1h 29m 19.35s] step time: 1.768s (±8.285s); train time: 1m 6.509s; valid time: 1m 23.12s; loss: -53.3822 (±2.79731); valid loss: -52.6943 (*)
[Epoch 2/10, Step 500, ETA 1h 25m 21.5s] step time: 1.76s (±8.161s); train time: 1m 34.11s; valid time: 1m 21.93s; loss: -54.3846 (±4.23012); valid loss: -53.2874 (*)
[Epoch 2/10, Step 600, ETA 1h 21m 33.98s] step time: 1.737s (±7.897s); train time: 1m 34.41s; valid time: 1m 19.35s; loss: -54.3648 (±4.93722); valid loss: -52.3775
train_values: (16586, 38)
[Epoch 3/10, Step 700, ETA 1h 18m 2.959s] step time: 1.74s (±7.975s); train time: 39.53s; valid time: 1m 20.14s; loss: -55.0103 (±4.19616); valid loss: -35.2394
[Epoch 3/10, Step 800, ETA 1h 14m 54.61s] step time: 1.783s (±8.318s); train time: 1m 34.74s; valid time: 1m 23.64s; loss: -56.0488 (±4.14569); valid loss: -57.8986 (*)
[Epoch 3/10, Step 900, ETA 1h 11m 35.12s] step time: 1.733s (±7.924s); train time: 1m 33.75s; valid time: 1m 19.61s; loss: -55.9204 (±7.14458); valid loss: -51.2441
train_values: (16586, 38)
[Epoch 4/10, Step 1000, ETA 1h 8m 26.67s] step time: 1.758s (±7.984s); train time: 12.5s; valid time: 1m 20.29s; loss: -56.2452 (±3.48789); valid loss: -53.6652
[Epoch 4/10, Step 1100, ETA 1h 5m 15.8s] step time: 1.735s (±7.914s); train time: 1m 34.02s; valid time: 1m 19.52s; loss: -57.7816 (±6.30747); valid loss: -55.8079
[Epoch 4/10, Step 1200, ETA 1h 2m 9.74s] step time: 1.746s (±8.008s); train time: 1m 34.21s; valid time: 1m 20.43s; loss: -57.5386 (±7.1849); valid loss: -45.8516
[Epoch 4/10, Step 1300, ETA 59m 6.828s] step time: 1.755s (±8.004s); train time: 1m 35.04s; valid time: 1m 20.51s; loss: -56.6082 (±6.6755); valid loss: -57.8425
train_values: (16586, 38)
[Epoch 5/10, Step 1400, ETA 56m 2.515s] step time: 1.736s (±7.904s); train time: 1m 19.32s; valid time: 1m 19.46s; loss: -58.8514 (±5.05754); valid loss: -52.5711
[Epoch 5/10, Step 1500, ETA 53m 4.013s] step time: 1.773s (±8.266s); train time: 1m 34.22s; valid time: 1m 23.19s; loss: -60.2473 (±4.62044); valid loss: -59.4078 (*)
[Epoch 5/10, Step 1600, ETA 50m 1.656s] step time: 1.736s (±7.849s); train time: 1m 34.87s; valid time: 1m 18.76s; loss: -60.8298 (±3.5923); valid loss: -58.3953
train_values: (16586, 38)
[Epoch 6/10, Step 1700, ETA 47m 2.405s] step time: 1.757s (±8.212s); train time: 51.51s; valid time: 1m 22.74s; loss: -62.8931 (±4.42308); valid loss: -62.2857 (*)
[Epoch 6/10, Step 1800, ETA 44m 3.786s] step time: 1.761s (±8.077s); train time: 1m 34.97s; valid time: 1m 21.2s; loss: -62.4882 (±5.26166); valid loss: -60.9578
[Epoch 6/10, Step 1900, ETA 41m 5.276s] step time: 1.759s (±8.028s); train time: 1m 35.34s; valid time: 1m 20.63s; loss: -64.3872 (±4.55448); valid loss: -57.2393
train_values: (16586, 38)
[Epoch 7/10, Step 2000, ETA 38m 6.652s] step time: 1.753s (±7.996s); train time: 24.38s; valid time: 1m 20.33s; loss: -62.9605 (±6.81261); valid loss: -61.8621
[Epoch 7/10, Step 2100, ETA 35m 8.375s] step time: 1.754s (±7.997s); train time: 1m 35.03s; valid time: 1m 20.43s; loss: -64.6356 (±3.73148); valid loss: -62.1807
[Epoch 7/10, Step 2200, ETA 32m 10.45s] step time: 1.756s (±8.067s); train time: 1m 34.59s; valid time: 1m 21.08s; loss: -65.9734 (±4.64572); valid loss: 46.9027
[Epoch 7/10, Step 2300, ETA 29m 12.28s] step time: 1.745s (±8.018s); train time: 1m 34.06s; valid time: 1m 20.56s; loss: -60.1103 (±13.4447); valid loss: -54.2144
train_values: (16586, 38)
[Epoch 8/10, Step 2400, ETA 26m 15.06s] step time: 1.763s (±8.041s); train time: 1m 32.83s; valid time: 1m 20.78s; loss: -64.9502 (±3.66519); valid loss: -61.523
[Epoch 8/10, Step 2500, ETA 23m 18.03s] step time: 1.767s (±8.104s); train time: 1m 35.32s; valid time: 1m 21.49s; loss: -67.7155 (±4.01151); valid loss: -61.6957
[Epoch 8/10, Step 2600, ETA 20m 20.62s] step time: 1.752s (±8.033s); train time: 1m 34.6s; valid time: 1m 20.69s; loss: -66.4415 (±4.45022); valid loss: -20.413
train_values: (16586, 38)
[Epoch 9/10, Step 2700, ETA 17m 24.13s] step time: 1.786s (±8.287s); train time: 1m 5.419s; valid time: 1m 23.25s; loss: -66.1104 (±5.79349); valid loss: -68.1628 (*)
[Epoch 9/10, Step 2800, ETA 14m 26.88s] step time: 1.753s (±7.994s); train time: 1m 34.99s; valid time: 1m 20.37s; loss: -67.7384 (±4.7533); valid loss: -61.4309
[Epoch 9/10, Step 2900, ETA 11m 29.83s] step time: 1.758s (±8.02s); train time: 1m 35.32s; valid time: 1m 20.58s; loss: -66.72 (±3.18431); valid loss: -64.6498
train_values: (16586, 38)
[Epoch 10/10, Step 3000, ETA 8m 32.71s] step time: 1.743s (±8.01s); train time: 36.81s; valid time: 1m 20.42s; loss: -66.5611 (±4.81891); valid loss: -66.3746
[Epoch 10/10, Step 3100, ETA 5m 35.85s] step time: 1.757s (±8.03s); train time: 1m 35.06s; valid time: 1m 20.69s; loss: -69.2135 (±3.44528); valid loss: -67.653
[Epoch 10/10, Step 3200, ETA 2m 39.06s] step time: 1.758s (±8.082s); train time: 1m 34.65s; valid time: 1m 21.19s; loss: -70.4335 (±3.57322); valid loss: -64.6077
train end time:  2025-06-23 03:31:12
train time:  5775.368140935898
test start time:  2025-06-23 03:31:12
------------------------------ testing ------------------------------
test_score shape:  (23595, 38)
test_z shape:  (23595, 100, 6)
search range:  -400.0 400.0
cur thr:  -399.0 [0.9119073836080985, 0.9784524879681441, 0.8538461465483236, 999.0, 22403.0, 22.0, 171.0, 24.999687503906202] [0.9119073836080985, 0.9784524879681441, 0.8538461465483236, 999.0, 22403.0, 22.0, 171.0, 24.999687503906202] -399.0
cur thr:  -349.0 [0.9355791843370412, 0.9740980483432188, 0.8999999923076923, 1053.0, 22397.0, 28.0, 117.0, 26.444150620548662] [0.936411184856348, 0.9759036054133123, 0.8999999923076923, 1053.0, 22399.0, 26.0, 117.0, 26.444150620548662] -377.0
cur thr:  -299.0 [0.9326787893250535, 0.9678308734574369, 0.8999999923076923, 1053.0, 22390.0, 35.0, 117.0, 26.444150620548662] [0.936411184856348, 0.9759036054133123, 0.8999999923076923, 1053.0, 22399.0, 26.0, 117.0, 26.444150620548662] -377.0
cur thr:  -249.0 [0.9289760292168852, 0.9598906020064667, 0.8999999923076923, 1053.0, 22381.0, 44.0, 117.0, 26.444150620548662] [0.936411184856348, 0.9759036054133123, 0.8999999923076923, 1053.0, 22399.0, 26.0, 117.0, 26.444150620548662] -377.0
cur thr:  -199.0 [0.9257092816847327, 0.9529411678466863, 0.8999999923076923, 1053.0, 22373.0, 52.0, 117.0, 26.444150620548662] [0.936411184856348, 0.9759036054133123, 0.8999999923076923, 1053.0, 22399.0, 26.0, 117.0, 26.444150620548662] -377.0
cur thr:  -149.0 [0.9308071967380229, 0.9360414785130382, 0.925641017729564, 1083.0, 22351.0, 74.0, 87.0, 12.545340496904574] [0.936411184856348, 0.9759036054133123, 0.8999999923076923, 1053.0, 22399.0, 26.0, 117.0, 26.444150620548662] -377.0
cur thr:  -99.0 [0.9221002565057704, 0.9087136854048657, 0.9358974278983127, 1095.0, 22315.0, 110.0, 75.0, 11.91656736193865] [0.936411184856348, 0.9759036054133123, 0.8999999923076923, 1053.0, 22399.0, 26.0, 117.0, 26.444150620548662] -377.0
cur thr:  -49.0 [0.8942375506084862, 0.8561376008120595, 0.9358974278983127, 1095.0, 22241.0, 184.0, 75.0, 9.583253472887726] [0.936411184856348, 0.9759036054133123, 0.8999999923076923, 1053.0, 22399.0, 26.0, 117.0, 26.444150620548662] -377.0
cur thr:  1.0 [0.8744345342029238, 0.7768924251202363, 0.9999999914529916, 1170.0, 22089.0, 336.0, 0.0, 7.923015976800179] [0.936411184856348, 0.9759036054133123, 0.8999999923076923, 1053.0, 22399.0, 26.0, 117.0, 26.444150620548662] -377.0
cur thr:  51.0 [0.5496788866382409, 0.3790087451279276, 0.9999999914529916, 1170.0, 20508.0, 1917.0, 0.0, 2.07690710071461] [0.936411184856348, 0.9759036054133123, 0.8999999923076923, 1053.0, 22399.0, 26.0, 117.0, 26.444150620548662]  0%|          | 0/23595 [00:00<?, ?it/s]100%|██████████| 23595/23595 [00:00<00:00, 746305.62it/s] -377.0
cur thr:  101.0 [0.09448728866684003, 0.04958677683848833, 0.9999999914529916, 1170.0, 0.0, 22425.0, 0.0, 0.0] [0.936411184856348, 0.9759036054133123, 0.8999999923076923, 1053.0, 22399.0, 26.0, 117.0, 26.444150620548662] -377.0
cur thr:  151.0 [0.09448728866684003, 0.04958677683848833, 0.9999999914529916, 1170.0, 0.0, 22425.0, 0.0, 0.0] [0.936411184856348, 0.9759036054133123, 0.8999999923076923, 1053.0, 22399.0, 26.0, 117.0, 26.444150620548662] -377.0
cur thr:  201.0 [0.09448728866684003, 0.04958677683848833, 0.9999999914529916, 1170.0, 0.0, 22425.0, 0.0, 0.0] [0.936411184856348, 0.9759036054133123, 0.8999999923076923, 1053.0, 22399.0, 26.0, 117.0, 26.444150620548662] -377.0
cur thr:  251.0 [0.09448728866684003, 0.04958677683848833, 0.9999999914529916, 1170.0, 0.0, 22425.0, 0.0, 0.0] [0.936411184856348, 0.9759036054133123, 0.8999999923076923, 1053.0, 22399.0, 26.0, 117.0, 26.444150620548662] -377.0
cur thr:  301.0 [0.09448728866684003, 0.04958677683848833, 0.9999999914529916, 1170.0, 0.0, 22425.0, 0.0, 0.0] [0.936411184856348, 0.9759036054133123, 0.8999999923076923, 1053.0, 22399.0, 26.0, 117.0, 26.444150620548662] -377.0
cur thr:  351.0 [0.09448728866684003, 0.04958677683848833, 0.9999999914529916, 1170.0, 0.0, 22425.0, 0.0, 0.0] [0.936411184856348, 0.9759036054133123, 0.8999999923076923, 1053.0, 22399.0, 26.0, 117.0, 26.444150620548662] -377.0
[0.936411184856348, 0.9759036054133123, 0.8999999923076923, 1053.0, 22399.0, 26.0, 117.0, 26.444150620548662] -377.0
label_file: ServerMachineDataset/interpretation_label/machine-2-1.txt
Initial threshold : 50.45669
Number of peaks : 176
Grimshaw maximum log-likelihood estimation ... [done]
	γ = 0
	σ = 443.66925
	L = 1248.7339662160543
Extreme quantile (probability = 0.001): 942.0063027547262
252
23595
POT result:  (0.9004884208300873, 0.867670357625433, 0.9358974278983127, 1095.0, 22258.0, 167.0, 75.0) -60.20535881722617 11.91656736193865

=== 全局调试信息 ===
y_true shape: (23595,), unique values: [0. 1.]
y_pred shape: (23595,), unique values: [False  True]
feature_scores shape: (23595, 38)
interpretation_segments 数量: 13


=== 处理第 1/13 段 ===
原始段范围: orig_start=6506, orig_end=6528
调整后段范围: start=6407, end=6429
段内真实标签 (seg_true): [1. 1. 1. 1. 1. 1. 1. 1. 1. 1. 1. 1. 1. 1. 1. 1. 1. 1. 1. 1. 1. 1. 0.]
段内预测标签 (seg_pred): [ True  True  True  True  True  True  True  True  True  True  True  True
  True  True  True  True  True  True  True  True  True  True False]
段内真实异常时间点索引 (相对段内): [ 0  1  2  3  4  5  6  7  8  9 10 11 12 13 14 15 16 17 18 19 20 21]
段内是否有预测为异常的时间点: True
真实异常维度 (0-based): [22, 24, 31, 34, 35]
段内检测到的异常时间点索引 (相对段内): [ 0  1  2  3  4  5  6  7  8  9 10 11 12 13 14 15 16 17 18 19 20 21]
选择的维度数量 (k): 15 (基于真实异常维度数的 100%)
推断的异常维度 (0-based): [7, 8, 9, 10, 11, 12, 13, 14, 15, 16, 17, 23, 25, 26, 28, 29, 32, 36, 37]
真实与推断的交集: []
段内指标: TP=0, FP=19, FN=5, TN=14, IPS=0.0000

=== 处理第 2/13 段 ===
原始段范围: orig_start=7907, orig_end=7961
调整后段范围: start=7808, end=7862
段内真实标签 (seg_true): [1. 1. 1. 1. 1. 1. 1. 1. 1. 1. 1. 1. 1. 1. 1. 1. 1. 1. 1. 1. 1. 1. 1. 1.
 1. 1. 1. 1. 1. 1. 1. 1. 1. 1. 1. 1. 1. 1. 1. 1. 1. 1. 1. 1. 1. 1. 1. 1.
 1. 1. 1. 1. 1. 1. 0.]
段内预测标签 (seg_pred): [ True  True  True  True  True  True  True  True  True  True  True  True
  True  True  True  True  True  True  True  True  True  True  True  True
  True  True  True  True  True  True  True  True  True  True  True  True
  True  True  True  True  True  True  True  True  True  True  True  True
  True  True  True  True  True  True False]
段内真实异常时间点索引 (相对段内): [ 0  1  2  3  4  5  6  7  8  9 10 11 12 13 14 15 16 17 18 19 20 21 22 23
 24 25 26 27 28 29 30 31 32 33 34 35 36 37 38 39 40 41 42 43 44 45 46 47
 48 49 50 51 52 53]
段内是否有预测为异常的时间点: True
真实异常维度 (0-based): [8, 9, 10, 12, 31]
段内检测到的异常时间点索引 (相对段内): [ 0  1  2  3  4  5  6  7  8  9 10 11 12 13 14 15 16 17 18 19 20 21 22 23
 24 25 26 27 28 29 30 31 32 33 34 35 36 37 38 39 40 41 42 43 44 45 46 47
 48 49 50 51 52 53]
选择的维度数量 (k): 15 (基于真实异常维度数的 100%)
推断的异常维度 (0-based): [0, 1, 7, 8, 9, 10, 11, 12, 13, 14, 15, 16, 17, 23, 25, 26, 28, 29, 32, 36, 37]
真实与推断的交集: [8, 9, 10, 12]
段内指标: TP=4, FP=17, FN=1, TN=16, IPS=0.8000

=== 处理第 3/13 段 ===
原始段范围: orig_start=9340, orig_end=9386
调整后段范围: start=9241, end=9287
段内真实标签 (seg_true): [1. 1. 1. 1. 1. 1. 1. 1. 1. 1. 1. 1. 1. 1. 1. 1. 1. 1. 1. 1. 1. 1. 1. 1.
 1. 1. 1. 1. 1. 1. 1. 1. 1. 1. 1. 1. 1. 1. 1. 1. 1. 1. 1. 1. 1. 1. 0.]
段内预测标签 (seg_pred): [ True  True  True  True  True  True  True  True  True  True  True  True
  True  True  True  True  True  True  True  True  True  True  True  True
  True  True  True  True  True  True  True  True  True  True  True  True
  True  True  True  True  True  True  True  True  True  True False]
段内真实异常时间点索引 (相对段内): [ 0  1  2  3  4  5  6  7  8  9 10 11 12 13 14 15 16 17 18 19 20 21 22 23
 24 25 26 27 28 29 30 31 32 33 34 35 36 37 38 39 40 41 42 43 44 45]
段内是否有预测为异常的时间点: True
真实异常维度 (0-based): [8, 9, 10, 12, 31, 32, 33]
段内检测到的异常时间点索引 (相对段内): [ 0  1  2  3  4  5  6  7  8  9 10 11 12 13 14 15 16 17 18 19 20 21 22 23
 24 25 26 27 28 29 30 31 32 33 34 35 36 37 38 39 40 41 42 43 44 45]
选择的维度数量 (k): 15 (基于真实异常维度数的 100%)
推断的异常维度 (0-based): [0, 1, 7, 8, 9, 10, 11, 12, 13, 14, 15, 16, 17, 18, 20, 23, 25, 26, 28, 29, 32, 36, 37]
真实与推断的交集: [8, 9, 10, 12, 32]
段内指标: TP=5, FP=18, FN=2, TN=13, IPS=0.7143

=== 处理第 4/13 段 ===
原始段范围: orig_start=9779, orig_end=9805
调整后段范围: start=9680, end=9706
段内真实标签 (seg_true): [1. 1. 1. 1. 1. 1. 1. 1. 1. 1. 1. 1. 1. 1. 1. 1. 1. 1. 1. 1. 1. 1. 1. 1.
 1. 1. 0.]
段内预测标签 (seg_pred): [ True  True  True  True  True  True  True  True  True  True  True  True
  True  True  True  True  True  True  True  True  True  True  True  True
  True  True False]
段内真实异常时间点索引 (相对段内): [ 0  1  2  3  4  5  6  7  8  9 10 11 12 13 14 15 16 17 18 19 20 21 22 23
 24 25]
段内是否有预测为异常的时间点: True
真实异常维度 (0-based): [4, 32, 33]
段内检测到的异常时间点索引 (相对段内): [ 0  1  2  3  4  5  6  7  8  9 10 11 12 13 14 15 16 17 18 19 20 21 22 23
 24 25]
选择的维度数量 (k): 15 (基于真实异常维度数的 100%)
推断的异常维度 (0-based): [1, 7, 8, 9, 10, 11, 12, 13, 14, 15, 16, 17, 26, 28, 29, 32, 36, 37]
真实与推断的交集: [32]
段内指标: TP=1, FP=17, FN=2, TN=18, IPS=0.3333

=== 处理第 5/13 段 ===
原始段范围: orig_start=12173, orig_end=12181
调整后段范围: start=12074, end=12082
段内真实标签 (seg_true): [1. 1. 1. 1. 1. 1. 1. 1. 0.]
段内预测标签 (seg_pred): [ True  True  True  True  True  True  True  True False]
段内真实异常时间点索引 (相对段内): [0 1 2 3 4 5 6 7]
段内是否有预测为异常的时间点: True
真实异常维度 (0-based): [18, 19, 20, 21, 27]
段内检测到的异常时间点索引 (相对段内): [0 1 2 3 4 5 6 7]
选择的维度数量 (k): 15 (基于真实异常维度数的 100%)
推断的异常维度 (0-based): [1, 7, 8, 9, 10, 11, 12, 13, 14, 15, 16, 17, 25, 26, 28, 29, 32, 36, 37]
真实与推断的交集: []
段内指标: TP=0, FP=19, FN=5, TN=14, IPS=0.0000

=== 处理第 6/13 段 ===
原始段范围: orig_start=16136, orig_end=16588
调整后段范围: start=16037, end=16489
段内真实标签 (seg_true): [1. 1. 1. 1. 1. 1. 1. 1. 1. 1. 1. 1. 1. 1. 1. 1. 1. 1. 1. 1. 1. 1. 1. 1.
 1. 1. 1. 1. 1. 1. 1. 1. 1. 1. 1. 1. 1. 1. 1. 1. 1. 1. 1. 1. 1. 1. 1. 1.
 1. 1. 1. 1. 1. 1. 1. 1. 1. 1. 1. 1. 1. 1. 1. 1. 1. 1. 1. 1. 1. 1. 1. 1.
 1. 1. 1. 1. 1. 1. 1. 1. 1. 1. 1. 1. 1. 1. 1. 1. 1. 1. 1. 1. 1. 1. 1. 1.
 1. 1. 1. 1. 1. 1. 1. 1. 1. 1. 1. 1. 1. 1. 1. 1. 1. 1. 1. 1. 1. 1. 1. 1.
 1. 1. 1. 1. 1. 1. 1. 1. 1. 1. 1. 1. 1. 1. 1. 1. 1. 1. 1. 1. 1. 1. 1. 1.
 1. 1. 1. 1. 1. 1. 1. 1. 1. 1. 1. 1. 1. 1. 1. 1. 1. 1. 1. 1. 1. 1. 1. 1.
 1. 1. 1. 1. 1. 1. 1. 1. 1. 1. 1. 1. 1. 1. 1. 1. 1. 1. 1. 1. 1. 1. 1. 1.
 1. 1. 1. 1. 1. 1. 1. 1. 1. 1. 1. 1. 1. 1. 1. 1. 1. 1. 1. 1. 1. 1. 1. 1.
 1. 1. 1. 1. 1. 1. 1. 1. 1. 1. 1. 1. 1. 1. 1. 1. 1. 1. 1. 1. 1. 1. 1. 1.
 1. 1. 1. 1. 1. 1. 1. 1. 1. 1. 1. 1. 1. 1. 1. 1. 1. 1. 1. 1. 1. 1. 1. 1.
 1. 1. 1. 1. 1. 1. 1. 1. 1. 1. 1. 1. 1. 1. 1. 1. 1. 1. 1. 1. 1. 1. 1. 1.
 1. 1. 1. 1. 1. 1. 1. 1. 1. 1. 1. 1. 1. 1. 1. 1. 1. 1. 1. 1. 1. 1. 1. 1.
 1. 1. 1. 1. 1. 1. 1. 1. 1. 1. 1. 1. 1. 1. 1. 1. 1. 1. 1. 1. 1. 1. 1. 1.
 1. 1. 1. 1. 1. 1. 1. 1. 1. 1. 1. 1. 1. 1. 1. 1. 1. 1. 1. 1. 1. 1. 1. 1.
 1. 1. 1. 1. 1. 1. 1. 1. 1. 1. 1. 1. 1. 1. 1. 1. 1. 1. 1. 1. 1. 1. 1. 1.
 1. 1. 1. 1. 1. 1. 1. 1. 1. 1. 1. 1. 1. 1. 1. 1. 1. 1. 1. 1. 1. 1. 1. 1.
 1. 1. 1. 1. 1. 1. 1. 1. 1. 1. 1. 1. 1. 1. 1. 1. 1. 1. 1. 1. 1. 1. 1. 1.
 1. 1. 1. 1. 1. 1. 1. 1. 1. 1. 1. 1. 1. 1. 1. 1. 1. 1. 1. 1. 0.]
段内预测标签 (seg_pred): [ True  True  True  True  True  True  True  True  True  True  True  True
  True  True  True  True  True  True  True  True  True  True  True  True
  True  True  True  True  True  True  True  True  True  True  True  True
  True  True  True  True  True  True  True  True  True  True  True  True
  True  True  True  True  True  True  True  True  True  True  True  True
  True  True  True  True  True  True  True  True  True  True  True  True
  True  True  True  True  True  True  True  True  True  True  True  True
  True  True  True  True  True  True  True  True  True  True  True  True
  True  True  True  True  True  True  True  True  True  True  True  True
  True  True  True  True  True  True  True  True  True  True  True  True
  True  True  True  True  True  True  True  True  True  True  True  True
  True  True  True  True  True  True  True  True  True  True  True  True
  True  True  True  True  True  True  True  True  True  True  True  True
  True  True  True  True  True  True  True  True  True  True  True  True
  True  True  True  True  True  True  True  True  True  True  True  True
  True  True  True  True  True  True  True  True  True  True  True  True
  True  True  True  True  True  True  True  True  True  True  True  True
  True  True  True  True  True  True  True  True  True  True  True  True
  True  True  True  True  True  True  True  True  True  True  True  True
  True  True  True  True  True  True  True  True  True  True  True  True
  True  True  True  True  True  True  True  True  True  True  True  True
  True  True  True  True  True  True  True  True  True  True  True  True
  True  True  True  True  True  True  True  True  True  True  True  True
  True  True  True  True  True  True  True  True  True  True  True  True
  True  True  True  True  True  True  True  True  True  True  True  True
  True  True  True  True  True  True  True  True  True  True  True  True
  True  True  True  True  True  True  True  True  True  True  True  True
  True  True  True  True  True  True  True  True  True  True  True  True
  True  True  True  True  True  True  True  True  True  True  True  True
  True  True  True  True  True  True  True  True  True  True  True  True
  True  True  True  True  True  True  True  True  True  True  True  True
  True  True  True  True  True  True  True  True  True  True  True  True
  True  True  True  True  True  True  True  True  True  True  True  True
  True  True  True  True  True  True  True  True  True  True  True  True
  True  True  True  True  True  True  True  True  True  True  True  True
  True  True  True  True  True  True  True  True  True  True  True  True
  True  True  True  True  True  True  True  True  True  True  True  True
  True  True  True  True  True  True  True  True False]
段内真实异常时间点索引 (相对段内): [  0   1   2   3   4   5   6   7   8   9  10  11  12  13  14  15  16  17
  18  19  20  21  22  23  24  25  26  27  28  29  30  31  32  33  34  35
  36  37  38  39  40  41  42  43  44  45  46  47  48  49  50  51  52  53
  54  55  56  57  58  59  60  61  62  63  64  65  66  67  68  69  70  71
  72  73  74  75  76  77  78  79  80  81  82  83  84  85  86  87  88  89
  90  91  92  93  94  95  96  97  98  99 100 101 102 103 104 105 106 107
 108 109 110 111 112 113 114 115 116 117 118 119 120 121 122 123 124 125
 126 127 128 129 130 131 132 133 134 135 136 137 138 139 140 141 142 143
 144 145 146 147 148 149 150 151 152 153 154 155 156 157 158 159 160 161
 162 163 164 165 166 167 168 169 170 171 172 173 174 175 176 177 178 179
 180 181 182 183 184 185 186 187 188 189 190 191 192 193 194 195 196 197
 198 199 200 201 202 203 204 205 206 207 208 209 210 211 212 213 214 215
 216 217 218 219 220 221 222 223 224 225 226 227 228 229 230 231 232 233
 234 235 236 237 238 239 240 241 242 243 244 245 246 247 248 249 250 251
 252 253 254 255 256 257 258 259 260 261 262 263 264 265 266 267 268 269
 270 271 272 273 274 275 276 277 278 279 280 281 282 283 284 285 286 287
 288 289 290 291 292 293 294 295 296 297 298 299 300 301 302 303 304 305
 306 307 308 309 310 311 312 313 314 315 316 317 318 319 320 321 322 323
 324 325 326 327 328 329 330 331 332 333 334 335 336 337 338 339 340 341
 342 343 344 345 346 347 348 349 350 351 352 353 354 355 356 357 358 359
 360 361 362 363 364 365 366 367 368 369 370 371 372 373 374 375 376 377
 378 379 380 381 382 383 384 385 386 387 388 389 390 391 392 393 394 395
 396 397 398 399 400 401 402 403 404 405 406 407 408 409 410 411 412 413
 414 415 416 417 418 419 420 421 422 423 424 425 426 427 428 429 430 431
 432 433 434 435 436 437 438 439 440 441 442 443 444 445 446 447 448 449
 450 451]
段内是否有预测为异常的时间点: True
真实异常维度 (0-based): [8, 9, 23, 25]
段内检测到的异常时间点索引 (相对段内): [  0   1   2   3   4   5   6   7   8   9  10  11  12  13  14  15  16  17
  18  19  20  21  22  23  24  25  26  27  28  29  30  31  32  33  34  35
  36  37  38  39  40  41  42  43  44  45  46  47  48  49  50  51  52  53
  54  55  56  57  58  59  60  61  62  63  64  65  66  67  68  69  70  71
  72  73  74  75  76  77  78  79  80  81  82  83  84  85  86  87  88  89
  90  91  92  93  94  95  96  97  98  99 100 101 102 103 104 105 106 107
 108 109 110 111 112 113 114 115 116 117 118 119 120 121 122 123 124 125
 126 127 128 129 130 131 132 133 134 135 136 137 138 139 140 141 142 143
 144 145 146 147 148 149 150 151 152 153 154 155 156 157 158 159 160 161
 162 163 164 165 166 167 168 169 170 171 172 173 174 175 176 177 178 179
 180 181 182 183 184 185 186 187 188 189 190 191 192 193 194 195 196 197
 198 199 200 201 202 203 204 205 206 207 208 209 210 211 212 213 214 215
 216 217 218 219 220 221 222 223 224 225 226 227 228 229 230 231 232 233
 234 235 236 237 238 239 240 241 242 243 244 245 246 247 248 249 250 251
 252 253 254 255 256 257 258 259 260 261 262 263 264 265 266 267 268 269
 270 271 272 273 274 275 276 277 278 279 280 281 282 283 284 285 286 287
 288 289 290 291 292 293 294 295 296 297 298 299 300 301 302 303 304 305
 306 307 308 309 310 311 312 313 314 315 316 317 318 319 320 321 322 323
 324 325 326 327 328 329 330 331 332 333 334 335 336 337 338 339 340 341
 342 343 344 345 346 347 348 349 350 351 352 353 354 355 356 357 358 359
 360 361 362 363 364 365 366 367 368 369 370 371 372 373 374 375 376 377
 378 379 380 381 382 383 384 385 386 387 388 389 390 391 392 393 394 395
 396 397 398 399 400 401 402 403 404 405 406 407 408 409 410 411 412 413
 414 415 416 417 418 419 420 421 422 423 424 425 426 427 428 429 430 431
 432 433 434 435 436 437 438 439 440 441 442 443 444 445 446 447 448 449
 450 451]
选择的维度数量 (k): 15 (基于真实异常维度数的 100%)
推断的异常维度 (0-based): [0, 1, 7, 8, 9, 10, 11, 12, 13, 14, 15, 16, 17, 23, 25, 26, 28, 29, 31, 32, 34, 35, 36, 37]
真实与推断的交集: [8, 9, 23, 25]
段内指标: TP=4, FP=20, FN=0, TN=14, IPS=1.0000

=== 处理第 7/13 段 ===
原始段范围: orig_start=17365, orig_end=17382
调整后段范围: start=17266, end=17283
段内真实标签 (seg_true): [1. 1. 1. 1. 1. 1. 1. 1. 1. 1. 1. 1. 1. 1. 1. 1. 1. 0.]
段内预测标签 (seg_pred): [ True  True  True  True  True  True  True  True  True  True  True  True
  True  True  True  True  True False]
段内真实异常时间点索引 (相对段内): [ 0  1  2  3  4  5  6  7  8  9 10 11 12 13 14 15 16]
段内是否有预测为异常的时间点: True
真实异常维度 (0-based): [0, 1, 2, 3, 8, 13, 14, 15, 17, 23, 25]
段内检测到的异常时间点索引 (相对段内): [ 0  1  2  3  4  5  6  7  8  9 10 11 12 13 14 15 16]
选择的维度数量 (k): 15 (基于真实异常维度数的 100%)
推断的异常维度 (0-based): [1, 3, 7, 8, 9, 10, 11, 12, 13, 14, 15, 16, 17, 23, 24, 25, 26, 28, 29, 31, 32, 33, 36, 37]
真实与推断的交集: [1, 3, 8, 13, 14, 15, 17, 23, 25]
段内指标: TP=9, FP=15, FN=2, TN=12, IPS=0.8182

=== 处理第 8/13 段 ===
原始段范围: orig_start=17995, orig_end=18028
调整后段范围: start=17896, end=17929
段内真实标签 (seg_true): [1. 1. 1. 1. 1. 1. 1. 1. 1. 1. 1. 1. 1. 1. 1. 1. 1. 1. 1. 1. 1. 1. 1. 1.
 1. 1. 1. 1. 1. 1. 1. 1. 1. 0.]
段内预测标签 (seg_pred): [ True  True  True  True  True  True  True  True  True  True  True  True
  True  True  True  True  True  True  True  True  True  True  True  True
  True  True  True  True  True  True  True  True  True False]
段内真实异常时间点索引 (相对段内): [ 0  1  2  3  4  5  6  7  8  9 10 11 12 13 14 15 16 17 18 19 20 21 22 23
 24 25 26 27 28 29 30 31 32]
段内是否有预测为异常的时间点: True
真实异常维度 (0-based): [8, 9, 10, 12, 14]
段内检测到的异常时间点索引 (相对段内): [ 0  1  2  3  4  5  6  7  8  9 10 11 12 13 14 15 16 17 18 19 20 21 22 23
 24 25 26 27 28 29 30 31 32]
选择的维度数量 (k): 15 (基于真实异常维度数的 100%)
推断的异常维度 (0-based): [0, 1, 7, 8, 9, 10, 11, 12, 13, 14, 15, 16, 17, 25, 26, 28, 29, 32, 36, 37]
真实与推断的交集: [8, 9, 10, 12, 14]
段内指标: TP=5, FP=15, FN=0, TN=18, IPS=1.0000

=== 处理第 9/13 段 ===
原始段范围: orig_start=18575, orig_end=18650
调整后段范围: start=18476, end=18551
段内真实标签 (seg_true): [1. 1. 1. 1. 1. 1. 1. 1. 1. 1. 1. 1. 1. 1. 1. 1. 1. 1. 1. 1. 1. 1. 1. 1.
 1. 1. 1. 1. 1. 1. 1. 1. 1. 1. 1. 1. 1. 1. 1. 1. 1. 1. 1. 1. 1. 1. 1. 1.
 1. 1. 1. 1. 1. 1. 1. 1. 1. 1. 1. 1. 1. 1. 1. 1. 1. 1. 1. 1. 1. 1. 1. 1.
 1. 1. 1. 0.]
段内预测标签 (seg_pred): [False False False False False False False False False False False False
 False False False False False False False False False False False False
 False False False False False False False False False False False False
 False False False False False False False False False False False False
 False False False False False False False False False False False False
 False False False False False False False False False False False False
 False False False False]
段内真实异常时间点索引 (相对段内): [ 0  1  2  3  4  5  6  7  8  9 10 11 12 13 14 15 16 17 18 19 20 21 22 23
 24 25 26 27 28 29 30 31 32 33 34 35 36 37 38 39 40 41 42 43 44 45 46 47
 48 49 50 51 52 53 54 55 56 57 58 59 60 61 62 63 64 65 66 67 68 69 70 71
 72 73 74]
段内是否有预测为异常的时间点: False
真实异常维度 (0-based): [0, 18, 19, 20, 21]
段内检测到的异常时间点索引 (相对段内): []
未检测到任何异常点，将整个段中的时间索引标记为异常
选择的维度数量 (k): 15 (基于真实异常维度数的 100%)
推断的异常维度 (0-based): [1, 7, 8, 9, 10, 11, 12, 13, 14, 15, 16, 17, 23, 25, 26, 28, 29, 32, 36, 37]
真实与推断的交集: []
段内指标: TP=0, FP=20, FN=5, TN=13, IPS=0.0000

=== 处理第 10/13 段 ===
原始段范围: orig_start=20020, orig_end=20036
调整后段范围: start=19921, end=19937
段内真实标签 (seg_true): [1. 1. 1. 1. 1. 1. 1. 1. 1. 1. 1. 1. 1. 1. 1. 1. 0.]
段内预测标签 (seg_pred): [ True  True  True  True  True  True  True  True  True  True  True  True
  True  True  True  True False]
段内真实异常时间点索引 (相对段内): [ 0  1  2  3  4  5  6  7  8  9 10 11 12 13 14 15]
段内是否有预测为异常的时间点: True
真实异常维度 (0-based): [0, 5, 6]
段内检测到的异常时间点索引 (相对段内): [ 0  1  2  3  4  5  6  7  8  9 10 11 12 13 14 15]
选择的维度数量 (k): 15 (基于真实异常维度数的 100%)
推断的异常维度 (0-based): [1, 2, 7, 8, 9, 10, 11, 12, 13, 14, 15, 16, 17, 23, 26, 28, 29, 31, 32, 36, 37]
真实与推断的交集: []
段内指标: TP=0, FP=21, FN=3, TN=14, IPS=0.0000

=== 处理第 11/13 段 ===
原始段范围: orig_start=20891, orig_end=20912
调整后段范围: start=20792, end=20813
段内真实标签 (seg_true): [1. 1. 1. 1. 1. 1. 1. 1. 1. 1. 1. 1. 1. 1. 1. 1. 1. 1. 1. 1. 1. 0.]
段内预测标签 (seg_pred): [ True  True  True  True  True  True  True  True  True  True  True  True
  True  True  True  True  True  True  True  True  True False]
段内真实异常时间点索引 (相对段内): [ 0  1  2  3  4  5  6  7  8  9 10 11 12 13 14 15 16 17 18 19 20]
段内是否有预测为异常的时间点: True
真实异常维度 (0-based): [9, 12]
段内检测到的异常时间点索引 (相对段内): [ 0  1  2  3  4  5  6  7  8  9 10 11 12 13 14 15 16 17 18 19 20]
选择的维度数量 (k): 15 (基于真实异常维度数的 100%)
推断的异常维度 (0-based): [0, 7, 8, 9, 10, 11, 12, 13, 14, 15, 16, 17, 18, 25, 26, 28, 29, 32, 34, 36, 37]
真实与推断的交集: [9, 12]
段内指标: TP=2, FP=19, FN=0, TN=17, IPS=1.0000

=== 处理第 12/13 段 ===
原始段范围: orig_start=20340, orig_end=20352
调整后段范围: start=20241, end=20253
段内真实标签 (seg_true): [1. 1. 1. 1. 1. 1. 1. 1. 1. 1. 1. 1. 0.]
段内预测标签 (seg_pred): [ True  True  True  True  True  True  True  True  True  True  True  True
 False]
段内真实异常时间点索引 (相对段内): [ 0  1  2  3  4  5  6  7  8  9 10 11]
段内是否有预测为异常的时间点: True
真实异常维度 (0-based): [8, 9, 10, 12, 31]
段内检测到的异常时间点索引 (相对段内): [ 0  1  2  3  4  5  6  7  8  9 10 11]
选择的维度数量 (k): 15 (基于真实异常维度数的 100%)
推断的异常维度 (0-based): [1, 7, 8, 9, 10, 11, 12, 13, 14, 15, 16, 17, 25, 26, 28, 29, 31, 32, 36, 37]
真实与推断的交集: [8, 9, 10, 12, 31]
段内指标: TP=5, FP=15, FN=0, TN=18, IPS=1.0000

=== 处理第 13/13 段 ===
原始段范围: orig_start=22907, orig_end=23295
调整后段范围: start=22808, end=23196
段内真实标签 (seg_true): [1. 1. 1. 1. 1. 1. 1. 1. 1. 1. 1. 1. 1. 1. 1. 1. 1. 1. 1. 1. 1. 1. 1. 1.
 1. 1. 1. 1. 1. 1. 1. 1. 1. 1. 1. 1. 1. 1. 1. 1. 1. 1. 1. 1. 1. 1. 1. 1.
 1. 1. 1. 1. 1. 1. 1. 1. 1. 1. 1. 1. 1. 1. 1. 1. 1. 1. 1. 1. 1. 1. 1. 1.
 1. 1. 1. 1. 1. 1. 1. 1. 1. 1. 1. 1. 1. 1. 1. 1. 1. 1. 1. 1. 1. 1. 1. 1.
 1. 1. 1. 1. 1. 1. 1. 1. 1. 1. 1. 1. 1. 1. 1. 1. 1. 1. 1. 1. 1. 1. 1. 1.
 1. 1. 1. 1. 1. 1. 1. 1. 1. 1. 1. 1. 1. 1. 1. 1. 1. 1. 1. 1. 1. 1. 1. 1.
 1. 1. 1. 1. 1. 1. 1. 1. 1. 1. 1. 1. 1. 1. 1. 1. 1. 1. 1. 1. 1. 1. 1. 1.
 1. 1. 1. 1. 1. 1. 1. 1. 1. 1. 1. 1. 1. 1. 1. 1. 1. 1. 1. 1. 1. 1. 1. 1.
 1. 1. 1. 1. 1. 1. 1. 1. 1. 1. 1. 1. 1. 1. 1. 1. 1. 1. 1. 1. 1. 1. 1. 1.
 1. 1. 1. 1. 1. 1. 1. 1. 1. 1. 1. 1. 1. 1. 1. 1. 1. 1. 1. 1. 1. 1. 1. 1.
 1. 1. 1. 1. 1. 1. 1. 1. 1. 1. 1. 1. 1. 1. 1. 1. 1. 1. 1. 1. 1. 1. 1. 1.
 1. 1. 1. 1. 1. 1. 1. 1. 1. 1. 1. 1. 1. 1. 1. 1. 1. 1. 1. 1. 1. 1. 1. 1.
 1. 1. 1. 1. 1. 1. 1. 1. 1. 1. 1. 1. 1. 1. 1. 1. 1. 1. 1. 1. 1. 1. 1. 1.
 1. 1. 1. 1. 1. 1. 1. 1. 1. 1. 1. 1. 1. 1. 1. 1. 1. 1. 1. 1. 1. 1. 1. 1.
 1. 1. 1. 1. 1. 1. 1. 1. 1. 1. 1. 1. 1. 1. 1. 1. 1. 1. 1. 1. 1. 1. 1. 1.
 1. 1. 1. 1. 1. 1. 1. 1. 1. 1. 1. 1. 1. 1. 1. 1. 1. 1. 1. 1. 1. 1. 1. 1.
 1. 1. 1. 1. 0.]
段内预测标签 (seg_pred): [ True  True  True  True  True  True  True  True  True  True  True  True
  True  True  True  True  True  True  True  True  True  True  True  True
  True  True  True  True  True  True  True  True  True  True  True  True
  True  True  True  True  True  True  True  True  True  True  True  True
  True  True  True  True  True  True  True  True  True  True  True  True
  True  True  True  True  True  True  True  True  True  True  True  True
  True  True  True  True  True  True  True  True  True  True  True  True
  True  True  True  True  True  True  True  True  True  True  True  True
  True  True  True  True  True  True  True  True  True  True  True  True
  True  True  True  True  True  True  True  True  True  True  True  True
  True  True  True  True  True  True  True  True  True  True  True  True
  True  True  True  True  True  True  True  True  True  True  True  True
  True  True  True  True  True  True  True  True  True  True  True  True
  True  True  True  True  True  True  True  True  True  True  True  True
  True  True  True  True  True  True  True  True  True  True  True  True
  True  True  True  True  True  True  True  True  True  True  True  True
  True  True  True  True  True  True  True  True  True  True  True  True
  True  True  True  True  True  True  True  True  True  True  True  True
  True  True  True  True  True  True  True  True  True  True  True  True
  True  True  True  True  True  True  True  True  True  True  True  True
  True  True  True  True  True  True  True  True  True  True  True  True
  True  True  True  True  True  True  True  True  True  True  True  True
  True  True  True  True  True  True  True  True  True  True  True  True
  True  True  True  True  True  True  True  True  True  True  True  True
  True  True  True  True  True  True  True  True  True  True  True  True
  True  True  True  True  True  True  True  True  True  True  True  True
  True  True  True  True  True  True  True  True  True  True  True  True
  True  True  True  True  True  True  True  True  True  True  True  True
  True  True  True  True  True  True  True  True  True  True  True  True
  True  True  True  True  True  True  True  True  True  True  True  True
  True  True  True  True  True  True  True  True  True  True  True  True
  True  True  True  True  True  True  True  True  True  True  True  True
  True  True  True  True False]
段内真实异常时间点索引 (相对段内): [  0   1   2   3   4   5   6   7   8   9  10  11  12  13  14  15  16  17
  18  19  20  21  22  23  24  25  26  27  28  29  30  31  32  33  34  35
  36  37  38  39  40  41  42  43  44  45  46  47  48  49  50  51  52  53
  54  55  56  57  58  59  60  61  62  63  64  65  66  67  68  69  70  71
  72  73  74  75  76  77  78  79  80  81  82  83  84  85  86  87  88  89
  90  91  92  93  94  95  96  97  98  99 100 101 102 103 104 105 106 107
 108 109 110 111 112 113 114 115 116 117 118 119 120 121 122 123 124 125
 126 127 128 129 130 131 132 133 134 135 136 137 138 139 140 141 142 143
 144 145 146 147 148 149 150 151 152 153 154 155 156 157 158 159 160 161
 162 163 164 165 166 167 168 169 170 171 172 173 174 175 176 177 178 179
 180 181 182 183 184 185 186 187 188 189 190 191 192 193 194 195 196 197
 198 199 200 201 202 203 204 205 206 207 208 209 210 211 212 213 214 215
 216 217 218 219 220 221 222 223 224 225 226 227 228 229 230 231 232 233
 234 235 236 237 238 239 240 241 242 243 244 245 246 247 248 249 250 251
 252 253 254 255 256 257 258 259 260 261 262 263 264 265 266 267 268 269
 270 271 272 273 274 275 276 277 278 279 280 281 282 283 284 285 286 287
 288 289 290 291 292 293 294 295 296 297 298 299 300 301 302 303 304 305
 306 307 308 309 310 311 312 313 314 315 316 317 318 319 320 321 322 323
 324 325 326 327 328 329 330 331 332 333 334 335 336 337 338 339 340 341
 342 343 344 345 346 347 348 349 350 351 352 353 354 355 356 357 358 359
 360 361 362 363 364 365 366 367 368 369 370 371 372 373 374 375 376 377
 378 379 380 381 382 383 384 385 386 387]
段内是否有预测为异常的时间点: True
真实异常维度 (0-based): [0, 1, 2, 3, 4, 5, 6, 8, 9, 10, 11, 12, 13, 15, 16, 18, 19, 20, 21, 22, 23, 24, 25, 27, 30, 31, 34, 35]
段内检测到的异常时间点索引 (相对段内): [  0   1   2   3   4   5   6   7   8   9  10  11  12  13  14  15  16  17
  18  19  20  21  22  23  24  25  26  27  28  29  30  31  32  33  34  35
  36  37  38  39  40  41  42  43  44  45  46  47  48  49  50  51  52  53
  54  55  56  57  58  59  60  61  62  63  64  65  66  67  68  69  70  71
  72  73  74  75  76  77  78  79  80  81  82  83  84  85  86  87  88  89
  90  91  92  93  94  95  96  97  98  99 100 101 102 103 104 105 106 107
 108 109 110 111 112 113 114 115 116 117 118 119 120 121 122 123 124 125
 126 127 128 129 130 131 132 133 134 135 136 137 138 139 140 141 142 143
 144 145 146 147 148 149 150 151 152 153 154 155 156 157 158 159 160 161
 162 163 164 165 166 167 168 169 170 171 172 173 174 175 176 177 178 179
 180 181 182 183 184 185 186 187 188 189 190 191 192 193 194 195 196 197
 198 199 200 201 202 203 204 205 206 207 208 209 210 211 212 213 214 215
 216 217 218 219 220 221 222 223 224 225 226 227 228 229 230 231 232 233
 234 235 236 237 238 239 240 241 242 243 244 245 246 247 248 249 250 251
 252 253 254 255 256 257 258 259 260 261 262 263 264 265 266 267 268 269
 270 271 272 273 274 275 276 277 278 279 280 281 282 283 284 285 286 287
 288 289 290 291 292 293 294 295 296 297 298 299 300 301 302 303 304 305
 306 307 308 309 310 311 312 313 314 315 316 317 318 319 320 321 322 323
 324 325 326 327 328 329 330 331 332 333 334 335 336 337 338 339 340 341
 342 343 344 345 346 347 348 349 350 351 352 353 354 355 356 357 358 359
 360 361 362 363 364 365 366 367 368 369 370 371 372 373 374 375 376 377
 378 379 380 381 382 383 384 385 386 387]
选择的维度数量 (k): 15 (基于真实异常维度数的 100%)
推断的异常维度 (0-based): [0, 1, 2, 5, 7, 8, 9, 10, 11, 12, 13, 14, 15, 16, 17, 18, 19, 20, 23, 25, 26, 28, 29, 31, 32, 33, 36, 37]
真实与推断的交集: [0, 1, 2, 5, 8, 9, 10, 11, 12, 13, 15, 16, 18, 19, 20, 23, 25, 31]
段内指标: TP=18, FP=10, FN=10, TN=0, IPS=0.6429

=== 汇总指标 ===
总 TP: 53, 总 TN: 181, 总 FP: 225, 总 FN: 35
平均 IPS: 0.7383, Precision: 0.1906, Recall: 0.6023, F1: 0.2896
每段IPS与混淆: [{'original_start': 6506, 'original_end': 6528, 'start': 6407, 'end': 6429, 'TP': 0, 'TN': 14, 'FP': 19, 'FN': 5, 'IPS': 0.0, 'k_selected': 15, 'gt_dims_count': 5}, {'original_start': 7907, 'original_end': 7961, 'start': 7808, 'end': 7862, 'TP': 4, 'TN': 16, 'FP': 17, 'FN': 1, 'IPS': 0.8, 'k_selected': 15, 'gt_dims_count': 5}, {'original_start': 9340, 'original_end': 9386, 'start': 9241, 'end': 9287, 'TP': 5, 'TN': 13, 'FP': 18, 'FN': 2, 'IPS': 0.7142857142857143, 'k_selected': 15, 'gt_dims_count': 7}, {'original_start': 9779, 'original_end': 9805, 'start': 9680, 'end': 9706, 'TP': 1, 'TN': 18, 'FP': 17, 'FN': 2, 'IPS': 0.3333333333333333, 'k_selected': 15, 'gt_dims_count': 3}, {'original_start': 12173, 'original_end': 12181, 'start': 12074, 'end': 12082, 'TP': 0, 'TN': 14, 'FP': 19, 'FN': 5, 'IPS': 0.0, 'k_selected': 15, 'gt_dims_count': 5}, {'original_start': 16136, 'original_end': 16588, 'start': 16037, 'end': 16489, 'TP': 4, 'TN': 14, 'FP': 20, 'FN': 0, 'IPS': 1.0, 'k_selected': 15, 'gt_dims_count': 4}, {'original_start': 17365, 'original_end': 17382, 'start': 17266, 'end': 17283, 'TP': 9, 'TN': 12, 'FP': 15, 'FN': 2, 'IPS': 0.8181818181818182, 'k_selected': 15, 'gt_dims_count': 11}, {'original_start': 17995, 'original_end': 18028, 'start': 17896, 'end': 17929, 'TP': 5, 'TN': 18, 'FP': 15, 'FN': 0, 'IPS': 1.0, 'k_selected': 15, 'gt_dims_count': 5}, {'original_start': 18575, 'original_end': 18650, 'start': 18476, 'end': 18551, 'TP': 0, 'TN': 13, 'FP': 20, 'FN': 5, 'IPS': 0.0, 'k_selected': 15, 'gt_dims_count': 5}, {'original_start': 20020, 'original_end': 20036, 'start': 19921, 'end': 19937, 'TP': 0, 'TN': 14, 'FP': 21, 'FN': 3, 'IPS': 0.0, 'k_selected': 15, 'gt_dims_count': 3}, {'original_start': 20891, 'original_end': 20912, 'start': 20792, 'end': 20813, 'TP': 2, 'TN': 17, 'FP': 19, 'FN': 0, 'IPS': 1.0, 'k_selected': 15, 'gt_dims_count': 2}, {'original_start': 20340, 'original_end': 20352, 'start': 20241, 'end': 20253, 'TP': 5, 'TN': 18, 'FP': 15, 'FN': 0, 'IPS': 1.0, 'k_selected': 15, 'gt_dims_count': 5}, {'original_start': 22907, 'original_end': 23295, 'start': 22808, 'end': 23196, 'TP': 18, 'TN': 0, 'FP': 10, 'FN': 10, 'IPS': 0.6428571428571429, 'k_selected': 15, 'gt_dims_count': 28}]
总和: {'TP': 53, 'TN': 181, 'FP': 225, 'FN': 35, 'IPS': 0.7382672272782163, 'precision': 0.1906474820143885, 'recall': 0.6022727272727273, 'F1': 0.2896174863387978}
test end time:  2025-06-23 03:40:36
test time:  564.1183636188507
==============================result==============================
{'FN': 117.0,
 'FP': 26.0,
 'TN': 22399.0,
 'TP': 1053.0,
 'best-f1': 0.936411184856348,
 'best_valid_loss': -68.16278457750472,
 'dataset': 'machine-2-1',
 'latency': 26.444150620548662,
 'pot-FN': 75.0,
 'pot-FP': 167.0,
 'pot-TN': 22258.0,
 'pot-TP': 1095.0,
 'pot-f1': 0.9004884208300873,
 'pot-latency': 11.91656736193865,
 'pot-precision': 0.867670357625433,
 'pot-recall': 0.9358974278983127,
 'pot-threshold': -60.20535881722617,
 'precision': 0.9759036054133123,
 'pred_time': 0.5729235072257155,
 'pred_total_time': 270.878741979599,
 'recall': 0.8999999923076923,
 'segment_results': [{'FN': 5,
                      'FP': 19,
                      'IPS': 0.0,
                      'TN': 14,
                      'TP': 0,
                      'end': 6429,
                      'gt_dims_count': 5,
                      'k_selected': 15,
                      'original_end': 6528,
                      'original_start': 6506,
                      'start': 6407},
                     {'FN': 1,
                      'FP': 17,
                      'IPS': 0.8,
                      'TN': 16,
                      'TP': 4,
                      'end': 7862,
                      'gt_dims_count': 5,
                      'k_selected': 15,
                      'original_end': 7961,
                      'original_start': 7907,
                      'start': 7808},
                     {'FN': 2,
                      'FP': 18,
                      'IPS': 0.7142857142857143,
                      'TN': 13,
                      'TP': 5,
                      'end': 9287,
                      'gt_dims_count': 7,
                      'k_selected': 15,
                      'original_end'
: 9386,
                      'original_start': 9340,
                      'start': 9241},
                     {'FN': 2,
                      'FP': 17,
                      'IPS': 0.3333333333333333,
                      'TN': 18,
                      'TP': 1,
                      'end': 9706,
                      'gt_dims_count': 3,
                      'k_selected': 15,
                      'original_end': 9805,
                      'original_start': 9779,
                      'start': 9680},
                     {'FN': 5,
                      'FP': 19,
                      'IPS': 0.0,
                      'TN': 14,
                      'TP': 0,
                      'end': 12082,
                      'gt_dims_count': 5,
                      'k_selected': 15,
                      'original_end': 12181,
                      'original_start': 12173,
                      'start': 12074},
                     {'FN': 0,
                      'FP': 20,
                      'IPS': 1.0,
                      'TN': 14,
                      'TP': 4,
                      'end': 16489,
                      'gt_dims_count': 4,
                      'k_selected': 15,
                      'original_end': 16588,
                      'original_start': 16136,
                      'start': 16037},
                     {'FN': 2,
                      'FP': 15,
                      'IPS': 0.8181818181818182,
                      'TN': 12,
                      'TP': 9,
                      'end': 17283,
                      'gt_dims_count': 11,
                      'k_selected': 15,
                      'original_end': 17382,
                      'original_start': 17365,
                      'start': 17266},
                     {'FN': 0,
                      'FP': 15,
                      'IPS': 1.0,
                      'TN': 18,
                      'TP': 5,
                      'end': 17929,
                      'gt_dims_count': 5,
                      'k_selected': 15,
                      'original_end': 18028,
                      'original_start': 17995,
                      'start': 17896},
                     {'FN': 5,
                      'FP': 20,
                      'IPS': 0.0,
                      'TN': 13,
                      'TP': 0,
                      'end': 18551,
                      'gt_dims_count': 5,
                      'k_selected': 15,
                      'original_end': 18650,
                      'original_start': 18575,
                      'start': 18476},
                     {'FN': 3,
                      'FP': 21,
                      'IPS': 0.0,
                      'TN': 14,
                      'TP': 0,
                      'end': 19937,
                      'gt_dims_count': 3,
                      'k_selected': 15,
                      'original_end': 20036,
                      'original_start': 20020,
                      'start': 19921},
                     {'FN': 0,
                      'FP': 19,
                      'IPS': 1.0,
                      'TN': 17,
                      'TP': 2,
                      'end': 20813,
                      'gt_dims_count': 2,
                      'k_selected': 15,
                      'original_end': 20912,
                      'original_start': 20891,
                      'start': 20792},
                     {'FN': 0,
                      'FP': 15,
                      'IPS': 1.0,
                      'TN': 18,
                      'TP': 5,
                      'end': 20253,
                      'gt_dims_count': 5,
                      'k_selected': 15,
                      'original_end': 20352,
                      'original_start': 20340,
                      'start': 20241},
                     {'FN': 10,
                      'FP': 10,
                      'IPS': 0.6428571428571429,
                      'TN': 0,
                      'TP': 18,
                      'end': 23196,
                      'gt_dims_count': 28,
                      'k_selected': 15,
                      'original_end': 23295,
                      'original_start': 22907,
                      'start': 22808}],
 'segment_summary': {'F1': 0.2896174863387978,
                     'FN': 35,
                     'FP': 225,
                     'IPS': 0.7382672272782163,
                     'TN': 181,
                     'TP': 53,
                     'precision': 0.1906474820143885,
                     'recall': 0.6022727272727273},
 'threshold': -377.0,
 'train_time': 574.6981241941452,
 'valid_time': 0.5694504196867876}
