2025-06-23 05:24:56.173168: I tensorflow/core/platform/cpu_feature_guard.cc:141] Your CPU supports instructions that this TensorFlow binary was not compiled to use: AVX2 AVX512F FMA
Configurations
===========================================
{'batch_size': 50,
 'bf_search_max': 400.0,
 'bf_search_min': -400.0,
 'bf_search_step_size': 1.0,
 'dataset': 'machine-2-3',
 'dense_dim': 500,
 'early_stop': True,
 'get_score_on_dim': True,
 'gradient_clip_norm': 10.0,
 'initial_lr': 0.001,
 'l2_reg': 0.0001,
 'level': 0.0075,
 'lr_anneal_epoch_freq': 40,
 'lr_anneal_factor': 0.5,
 'lr_anneal_step_freq': None,
 'max_epoch': 10,
 'max_test_size': None,
 'max_train_size': None,
 'nf_layers': 20,
 'percentage_Dimension': 40.0,
 'posterior_flow_type': 'nf',
 'restore_dir': None,
 'result_dir': 'result',
 'rnn_cell': 'GRU',
 'rnn_num_hidden': 500,
 'save_dir': 'model',
 'save_z': False,
 'std_epsilon': 0.0001,
 'test_batch_size': 50,
 'test_n_z': 1,
 'test_score_filename': 'test_score.pkl',
 'test_start': 0,
 'train_score_filename': 'train_score.pkl',
 'train_start': 0,
 'use_connected_z_p': True,
 'use_connected_z_q': True,
 'valid_step_freq': 100,
 'window_length': 100,
 'x_dim': 38,
 'z_dim': 3}

train start time:  2025-06-23 05:24:27
load data of: machine-2-3
train:  0 None
test:  0 None
Data normalized
Data normalized
train set shape:  (23688, 38)
test set shape:  (23689, 38)
test set label shape:  (23689,)
Trainable Parameters                                            (2,607,740 in total)
------------------------------------------------------------------------------------
model/q_z_given_x/rnn_q_z/rnn/gru_cell/gates/kernel             (538, 1000)  538,000
model/q_z_given_x/rnn_q_z/rnn/gru_cell/gates/bias               (1000,)        1,000
model/q_z_given_x/rnn_q_z/rnn/gru_cell/candidate/kernel         (538, 500)   269,000
model/q_z_given_x/rnn_q_z/rnn/gru_cell/candidate/bias           (500,)           500
model/q_z_given_x/rnn_q_z/dense/kernel                          (500, 500)   250,000
model/q_z_given_x/rnn_q_z/dense/bias                            (500,)           500
model/q_z_given_x/rnn_q_z/dense_1/kernel                        (500, 500)   250,000
model/q_z_given_x/rnn_q_z/dense_1/bias                          (500,)           500
model/vae/variational/z_mean/kernel                             (503, 3)       1,509
model/vae/variational/z_mean/bias                               (3,)               3
model/vae/variational/z_std/kernel                              (503, 3)       1,509
model/vae/variational/z_std/bias                                (3,)               3
model/posterior_flow/_0/w                                       (1, 3)             3
model/posterior_flow/_0/b                                       (1,)               1
model/posterior_flow/_0/u                                       (1, 3)             3
model/posterior_flow/_1/w                                       (1, 3)             3
model/posterior_flow/_1/b                                       (1,)               1
model/posterior_flow/_1/u                                       (1, 3)             3
model/posterior_flow/_2/w                                       (1, 3)             3
model/posterior_flow/_2/b                                       (1,)               1
model/posterior_flow/_2/u                                       (1, 3)             3
model/posterior_flow/_3/w                                       (1, 3)             3
model/posterior_flow/_3/b                                       (1,)               1
model/posterior_flow/_3/u                                       (1, 3)             3
model/posterior_flow/_4/w                                       (1, 3)             3
model/posterior_flow/_4/b                                       (1,)               1
model/posterior_flow/_4/u                                       (1, 3)             3
model/posterior_flow/_5/w                                       (1, 3)             3
model/posterior_flow/_5/b                                       (1,)               1
model/posterior_flow/_5/u                                       (1, 3)             3
model/posterior_flow/_6/w                                       (1, 3)             3
model/posterior_flow/_6/b                                       (1,)               1
model/posterior_flow/_6/u                                       (1, 3)             3
model/posterior_flow/_7/w                                       (1, 3)             3
model/posterior_flow/_7/b                                       (1,)               1
model/posterior_flow/_7/u                                       (1, 3)             3
model/posterior_flow/_8/w                                       (1, 3)             3
model/posterior_flow/_8/b                                       (1,)               1
model/posterior_flow/_8/u                                       (1, 3)             3
model/posterior_flow/_9/w                                       (1, 3)             3
model/posterior_flow/_9/b                                       (1,)               1
model/posterior_flow/_9/u                                       (1, 3)             3
model/posterior_flow/_10/w                                      (1, 3)             3
model/posterior_flow/_10/b                                      (1,)               1
model/posterior_flow/_10/u                                      (1, 3)             3
model/posterior_flow/_11/w                                      (1, 3)             3
model/posterior_flow/_11/b                                      (1,)               1
model/posterior_flow/_11/u                                      (1, 3)             3
model/posterior_flow/_12/w                                      (1, 3)             3
model/posterior_flow/_12/b                                      (1,)               1
model/posterior_flow/_12/u                                      (1, 3)             3
model/posterior_flow/_13/w                                      (1, 3)             3
model/posterior_flow/_13/b                                      (1,)               1
model/posterior_flow/_13/u                                      (1, 3)             3
model/posterior_flow/_14/w                                      (1, 3)             3
model/posterior_flow/_14/b                                      (1,)               1
model/posterior_flow/_14/u                                      (1, 3)             3
model/posterior_flow/_15/w                                      (1, 3)             3
model/posterior_flow/_15/b                                      (1,)               1
model/posterior_flow/_15/u                                      (1, 3)             3
model/posterior_flow/_16/w                                      (1, 3)             3
model/posterior_flow/_16/b                                      (1,)               1
model/posterior_flow/_16/u                                      (1, 3)             3
model/posterior_flow/_17/w                                      (1, 3)             3
model/posterior_flow/_17/b                                      (1,)               1
model/posterior_flow/_17/u                                      (1, 3)             3
model/posterior_flow/_18/w                                      (1, 3)             3
model/posterior_flow/_18/b                                      (1,)               1
model/posterior_flow/_18/u                                      (1, 3)             3
model/posterior_flow/_19/w                                      (1, 3)             3
model/posterior_flow/_19/b                                      (1,)               1
model/posterior_flow/_19/u                                      (1, 3)             3
model/p_x_given_z/hidden/rnn_p_x/rnn/gru_cell/gates/kernel      (503, 1000)  503,000
model/p_x_given_z/hidden/rnn_p_x/rnn/gru_cell/gates/bias        (1000,)        1,000
model/p_x_given_z/hidden/rnn_p_x/rnn/gru_cell/candidate/kernel  (503, 500)   251,500
model/p_x_given_z/hidden/rnn_p_x/rnn/gru_cell/candidate/bias    (500,)           500
model/p_x_given_z/hidden/rnn_p_x/dense/kernel                   (500, 500)   250,000
model/p_x_given_z/hidden/rnn_p_x/dense/bias                     (500,)           500
model/p_x_given_z/hidden/rnn_p_x/dense_1/kernel                 (500, 500)   250,000
model/p_x_given_z/hidden/rnn_p_x/dense_1/bias                   (500,)           500
model/p_x_given_z/x_mean/kernel                                 (500, 38)     19,000
model/p_x_given_z/x_mean/bias                                   (38,)             38
model/p_x_given_z/x_std/kernel                                  (500, 38)     19,000
model/p_x_given_z/x_std/bias                                    (38,)             38/home/hz/anaconda3/envs/py36/lib/python3.6/site-packages/tensorflow/python/framework/dtypes.py:523: FutureWarning: Passing (type, 1) or '1type' as a synonym of type is deprecated; in a future version of numpy, it will be understood as (type, (1,)) / '(1,)type'.
  _np_qint8 = np.dtype([("qint8", np.int8, 1)])
/home/hz/anaconda3/envs/py36/lib/python3.6/site-packages/tensorflow/python/framework/dtypes.py:524: FutureWarning: Passing (type, 1) or '1type' as a synonym of type is deprecated; in a future version of numpy, it will be understood as (type, (1,)) / '(1,)type'.
  _np_quint8 = np.dtype([("quint8", np.uint8, 1)])
/home/hz/anaconda3/envs/py36/lib/python3.6/site-packages/tensorflow/python/framework/dtypes.py:525: FutureWarning: Passing (type, 1) or '1type' as a synonym of type is deprecated; in a future version of numpy, it will be understood as (type, (1,)) / '(1,)type'.
  _np_qint16 = np.dtype([("qint16", np.int16, 1)])
/home/hz/anaconda3/envs/py36/lib/python3.6/site-packages/tensorflow/python/framework/dtypes.py:526: FutureWarning: Passing (type, 1) or '1type' as a synonym of type is deprecated; in a future version of numpy, it will be understood as (type, (1,)) / '(1,)type'.
  _np_quint16 = np.dtype([("quint16", np.uint16, 1)])
/home/hz/anaconda3/envs/py36/lib/python3.6/site-packages/tensorflow/python/framework/dtypes.py:527: FutureWarning: Passing (type, 1) or '1type' as a synonym of type is deprecated; in a future version of numpy, it will be understood as (type, (1,)) / '(1,)type'.
  _np_qint32 = np.dtype([("qint32", np.int32, 1)])
/home/hz/anaconda3/envs/py36/lib/python3.6/site-packages/tensorflow/python/framework/dtypes.py:532: FutureWarning: Passing (type, 1) or '1type' as a synonym of type is deprecated; in a future version of numpy, it will be understood as (type, (1,)) / '(1,)type'.
  np_resource = np.dtype([("resource", np.ubyte, 1)])
/home/hz/anaconda3/envs/py36/lib/python3.6/site-packages/tfsnippet/utils/tfver.py:22: DeprecationWarning: Function 'semver.compare' is deprecated. Deprecated since version 2.10.0.  This function will be removed in semver 3. Use the respective 'semver.VersionInfo.compare' instead.
  compare_result = semver.compare(version, tf.__version__)
/home/hz/anaconda3/envs/py36/lib/python3.6/site-packages/tfsnippet/utils/tfver.py:22: DeprecationWarning: Function 'semver.compare' is deprecated. Deprecated since version 2.10.0.  This function will be removed in semver 3. Use the respective 'semver.VersionInfo.compare' instead.
  compare_result = semver.compare(version, tf.__version__)
INFO:tensorflow:Restoring parameters from /tmp/tmpjk0nfb3r/variables.dat-2900
2025-06-23 06:56:41,048 [INFO] tensorflow: Restoring parameters from /tmp/tmpjk0nfb3r/variables.dat-2900


train_values: (16582, 38)
[Epoch 1/10, Step 100] step time: 2.056s (±8.945s); train time: 2m 0.177s; valid time: 1m 25.53s; loss: 104.575 (±1324.46); valid loss: -69.87 (*)
[Epoch 1/10, Step 200] step time: 1.712s (±8.051s); train time: 1m 30.33s; valid time: 1m 20.93s; loss: -65.0669 (±10.2207); valid loss: -72.5591 (*)
[Epoch 1/10, Step 300] step time: 1.707s (±7.96s); train time: 1m 30.74s; valid time: 1m 20.03s; loss: -69.8944 (±8.80826); valid loss: -72.6771 (*)
train_values: (16582, 38)
[Epoch 2/10, Step 400, ETA 1h 26m 23.05s] step time: 1.695s (±7.859s); train time: 1m 4.339s; valid time: 1m 19.05s; loss: -71.4073 (±12.4561); valid loss: -80.4076 (*)
[Epoch 2/10, Step 500, ETA 1h 22m 19.82s] step time: 1.678s (±7.713s); train time: 1m 30.25s; valid time: 1m 17.64s; loss: -71.7103 (±10.7392); valid loss: -70.6358
[Epoch 2/10, Step 600, ETA 1h 18m 53.09s] step time: 1.704s (±8.024s); train time: 1m 29.79s; valid time: 1m 20.64s; loss: -70.8077 (±11.4968); valid loss: -83.2797 (*)
train_values: (16582, 38)
[Epoch 3/10, Step 700, ETA 1h 15m 25.12s] step time: 1.672s (±7.656s); train time: 37.81s; valid time: 1m 17s; loss: -66.9753 (±22.1505); valid loss: -82.5491
[Epoch 3/10, Step 800, ETA 1h 12m 6.464s] step time: 1.669s (±7.656s); train time: 1m 30.08s; valid time: 1m 16.95s; loss: -72.9047 (±15.586); valid loss: -70.0242
[Epoch 3/10, Step 900, ETA 1h 8m 57.52s] step time: 1.679s (±7.714s); train time: 1m 30.51s; valid time: 1m 17.52s; loss: -67.2329 (±21.9664); valid loss: -61.5573
train_values: (16582, 38)
[Epoch 4/10, Step 1000, ETA 1h 5m 51.27s] step time: 1.673s (±7.7s); train time: 11.51s; valid time: 1m 17.26s; loss: -69.0426 (±16.4684); valid loss: -77.2886
[Epoch 4/10, Step 1100, ETA 1h 2m 54.18s] step time: 1.702s (±7.978s); train time: 1m 30.09s; valid time: 1m 20.17s; loss: -66.2673 (±27.8276); valid loss: -83.299 (*)
[Epoch 4/10, Step 1200, ETA 59m 52s] step time: 1.666s (±7.632s); train time: 1m 30.04s; valid time: 1m 16.64s; loss: -69.9737 (±18.8538); valid loss: -70.0686
[Epoch 4/10, Step 1300, ETA 56m 55.39s] step time: 1.687s (±7.906s); train time: 1m 29.23s; valid time: 1m 19.53s; loss: -57.4573 (±36.7509); valid loss: -87.3053 (*)
train_values: (16582, 38)
[Epoch 5/10, Step 1400, ETA 53m 59.01s] step time: 1.68s (±7.698s); train time: 1m 16.29s; valid time: 1m 17.3s; loss: -69.7082 (±11.5841); valid loss: -81.2092
[Epoch 5/10, Step 1500, ETA 51m 5.681s] step time: 1.697s (±7.888s); train time: 1m 30.42s; valid time: 1m 19.32s; loss: -71.1733 (±15.988); valid loss: -88.9881 (*)
[Epoch 5/10, Step 1600, ETA 48m 10.17s] step time: 1.672s (±7.632s); train time: 1m 30.55s; valid time: 1m 16.7s; loss: -74.8335 (±10.3367); valid loss: -81.0174
train_values: (16582, 38)
[Epoch 6/10, Step 1700, ETA 45m 18.92s] step time: 1.706s (±7.891s); train time: 50.22s; valid time: 1m 19.39s; loss: -79.6171 (±9.01936); valid loss: -94.3351 (*)
[Epoch 6/10, Step 1800, ETA 42m 25.02s] step time: 1.674s (±7.694s); train time: 1m 30.09s; valid time: 1m 17.4s; loss: -80.6898 (±14.7207); valid loss: -87.2088
[Epoch 6/10, Step 1900, ETA 39m 33.77s] step time: 1.701s (±7.864s); train time: 1m 31.01s; valid time: 1m 19.19s; loss: -83.0338 (±9.76744); valid loss: -97.7753 (*)
train_values: (16582, 38)
[Epoch 7/10, Step 2000, ETA 36m 41.02s] step time: 1.676s (±7.694s); train time: 23.58s; valid time: 1m 17.41s; loss: -82.447 (±11.5221); valid loss: -92.432
[Epoch 7/10, Step 2100, ETA 33m 47.86s] step time: 1.661s (±7.567s); train time: 1m 30s; valid time: 1m 16.13s; loss: -82.8914 (±12.4075); valid loss: -90.3853
[Epoch 7/10, Step 2200, ETA 30m 55.54s] step time: 1.665s (±7.506s); train time: 1m 31.15s; valid time: 1m 15.41s; loss: -83.7589 (±10.166); valid loss: -89.3889
[Epoch 7/10, Step 2300, ETA 28m 4.369s] step time: 1.68s (±7.682s); train time: 1m 30.84s; valid time: 1m 17.21s; loss: -85.3968 (±9.97584); valid loss: -70.8046
train_values: (16582, 38)
[Epoch 8/10, Step 2400, ETA 25m 13.36s] step time: 1.677s (±7.702s); train time: 1m 27.77s; valid time: 1m 17.43s; loss: -85.5157 (±15.4042); valid loss: -96.0855
[Epoch 8/10, Step 2500, ETA 22m 22.34s] step time: 1.669s (±7.62s); train time: 1m 30.3s; valid time: 1m 16.63s; loss: -84.6124 (±14.8473); valid loss: -89.674
[Epoch 8/10, Step 2600, ETA 19m 31.54s] step time: 1.665s (±7.608s); train time: 1m 30.03s; valid time: 1m 16.55s; loss: -85.3935 (±14.7494); valid loss: -92.681
train_values: (16582, 38)
[Epoch 9/10, Step 2700, ETA 16m 41.03s] step time: 1.664s (±7.554s); train time: 1m 1.776s; valid time: 1m 15.94s; loss: -87.4214 (±9.89015); valid loss: -94.9789
[Epoch 9/10, Step 2800, ETA 13m 50.98s] step time: 1.674s (±7.553s); train time: 1m 31.37s; valid time: 1m 16.09s; loss: -87.1085 (±8.7961); valid loss: -90.0511
[Epoch 9/10, Step 2900, ETA 11m 1.428s] step time: 1.698s (±7.889s); train time: 1m 30.66s; valid time: 1m 19.19s; loss: -88.7621 (±12.9303); valid loss: -102.549 (*)
train_values: (16582, 38)
[Epoch 10/10, Step 3000, ETA 8m 11.62s] step time: 1.673s (±7.612s); train time: 35.92s; valid time: 1m 16.52s; loss: -90.3059 (±11.1039); valid loss: -88.2497
[Epoch 10/10, Step 3100, ETA 5m 21.96s] step time: 1.672s (±7.599s); train time: 1m 30.87s; valid time: 1m 16.38s; loss: -86.8535 (±11.4591); valid loss: -101.518
[Epoch 10/10, Step 3200, ETA 2m 32.41s] step time: 1.661s (±7.624s); train time: 1m 29.42s; valid time: 1m 16.76s; loss: -92.0357 (±10.5582); valid loss: -102.327
train end time:  2025-06-23 06:56:41
train time:  5534.2768523693085
test start time:  2025-06-23 06:56:41
------------------------------ testing ------------------------------
test_score shape:  (23590, 38)
test_z shape:  (23590, 100, 6)
search range:  -400.0 400.0
cur thr:  -399.0 [0.9907868608251642, 0.9817517889871611, 0.9999999628252803, 269.0, 23316.0, 5.0, 0.0, 5.499945000549995] [0.9907868608251642, 0.9817517889871611, 0.9999999628252803, 269.0, 23316.0, 5.0, 0.0, 5.499945000549995] -399.0
cur thr:  -349.0 [0.9889655525095947, 0.9781817826115716, 0.9999999628252803, 269.0, 23315.0, 6.0, 0.0, 3.3999660003399965] [0.9907868608251642, 0.9817517889871611, 0.9999999628252803, 269.0, 23316.0, 5.0, 0.0, 5.499945000549995] -399.0
cur thr:  -299.0 [0.9781767850172698, 0.9572953395980307, 0.9999999628252803, 269.0, 23309.0, 12.0, 0.0, 3.3999660003399965] [0.9907868608251642, 0.9817517889871611, 0.9999999628252803, 269.0, 23316.0, 5.0, 0.0, 5.499945000549995] -399.0
cur thr:  -249.0 [0.9522073671183116, 0.9087837530816301, 0.9999999628252803, 269.0, 23294.0, 27.0, 0.0, 2.4999750002499974] [0.9907868608251642, 0.9817517889871611, 0.9999999628252803, 269.0, 23316.0, 5.0, 0.0, 5.499945000549995] -399.0
cur thr:  -199.0 [0.932404002681788, 0.8733765950202405, 0.9999999628252803, 269.0, 23282.0, 39.0, 0.0, 2.299977000229998] [0.9907868608251642, 0.9817517889871611, 0.9999999628252803, 269.0, 23316.0, 5.0, 0.0, 5.499945000549995] -399.0
cur thr:  -149.0 [0.8017835481285628, 0.6691542122100943, 0.9999999628252803, 269.0, 23188.0, 133.0, 0.0, 1.999980000199998] [0.9907868608251642, 0.9817517889871611, 0.9999999628252803, 269.0, 23316.0, 5.0, 0.0, 5.499945000549995] -399.0
cur thr:  -99.0 [0.6292354387080941, 0.4590443607671611, 0.9999999628252803, 269.0, 23004.0, 317.0, 0.0, 1.7999820001799982] [0.9907868608251642, 0.9817517889871611, 0.9999999628252803, 269.0, 23316.0, 5.0, 0.0, 5.499945000549995] -399.0
cur thr:  -49.0 [0.48908720536670847, 0.32370637396261887, 0.9999999628252803, 269.0, 22759.0, 562.0, 0.0, 1.7999820001799982] [0.9907868608251642, 0.9817517889871611, 0.9999999628252803, 269.0, 23316.0, 5.0, 0.0, 5.499945000549995] -399.0
cur thr:  1.0 [0.43247248773600866, 0.27589743306771863, 0.9999999628252803, 269.0, 22615.0, 706.0, 0.0, 1.6999830001699983] [0.9907868608251642, 0.9817517889871611, 0.9999999628252803, 269.0, 23316.0, 5.0, 0.0, 5.499945000549995] -399.0
cur thr:  51.0 [0.29592706830086396, 0.17366042496022968, 0.9999999628252803, 269.0, 22041.0, 1280.0, 0.0, 1.4999850001499986] [0.9907868608251642, 0.9817517889871611, 0.9999999628252803, 269.0, 23316.0, 5.0, 0.0, 5.499945000549995] -399.0
cur thr:  101.0 [0.027683168363019442, 0.01403600312338325, 0.9999999628252803, 269.0, 4425.0, 18896.0, 0.0, 0.2999970000299997]  0%|          | 0/23590 [00:00<?, ?it/s]100%|██████████| 23590/23590 [00:00<00:00, 585645.47it/s] [0.9907868608251642, 0.9817517889871611, 0.9999999628252803, 269.0, 23316.0, 5.0, 0.0, 5.499945000549995] -399.0
cur thr:  151.0 [0.022548919915277823, 0.01140313691759087, 0.9999999628252803, 269.0, 0.0, 23321.0, 0.0, 0.0] [0.9907868608251642, 0.9817517889871611, 0.9999999628252803, 269.0, 23316.0, 5.0, 0.0, 5.499945000549995] -399.0
cur thr:  201.0 [0.022548919915277823, 0.01140313691759087, 0.9999999628252803, 269.0, 0.0, 23321.0, 0.0, 0.0] [0.9907868608251642, 0.9817517889871611, 0.9999999628252803, 269.0, 23316.0, 5.0, 0.0, 5.499945000549995] -399.0
cur thr:  251.0 [0.022548919915277823, 0.01140313691759087, 0.9999999628252803, 269.0, 0.0, 23321.0, 0.0, 0.0] [0.9907868608251642, 0.9817517889871611, 0.9999999628252803, 269.0, 23316.0, 5.0, 0.0, 5.499945000549995] -399.0
cur thr:  301.0 [0.022548919915277823, 0.01140313691759087, 0.9999999628252803, 269.0, 0.0, 23321.0, 0.0, 0.0] [0.9907868608251642, 0.9817517889871611, 0.9999999628252803, 269.0, 23316.0, 5.0, 0.0, 5.499945000549995] -399.0
cur thr:  351.0 [0.022548919915277823, 0.01140313691759087, 0.9999999628252803, 269.0, 0.0, 23321.0, 0.0, 0.0] [0.9907868608251642, 0.9817517889871611, 0.9999999628252803, 269.0, 23316.0, 5.0, 0.0, 5.499945000549995] -399.0
[0.9907868608251642, 0.9817517889871611, 0.9999999628252803, 269.0, 23316.0, 5.0, 0.0, 5.499945000549995] -399.0
label_file: ServerMachineDataset/interpretation_label/machine-2-3.txt
Initial threshold : -4.512186
Number of peaks : 176
Grimshaw maximum log-likelihood estimation ... [done]
	γ = 0
	σ = 1336.5812
	L = 1442.8251678806837
Extreme quantile (probability = 0.001): 2681.6196740398664
903
23590
POT result:  (0.582246942248257, 0.4106870166307326, 0.9999999628252803, 269.0, 22935.0, 386.0, 0.0) -81.7992997464664 1.7999820001799982

=== 全局调试信息 ===
y_true shape: (23590,), unique values: [0. 1.]
y_pred shape: (23590,), unique values: [False  True]
feature_scores shape: (23590, 38)
interpretation_segments 数量: 10


=== 处理第 1/10 段 ===
原始段范围: orig_start=857, orig_end=860
调整后段范围: start=758, end=761
段内真实标签 (seg_true): [1. 1. 1. 0.]
段内预测标签 (seg_pred): [ True  True  True False]
段内真实异常时间点索引 (相对段内): [0 1 2]
段内是否有预测为异常的时间点: True
真实异常维度 (0-based): [11, 12]
段内检测到的异常时间点索引 (相对段内): [0 1 2]
选择的维度数量 (k): 15 (基于真实异常维度数的 100%)
推断的异常维度 (0-based): [1, 2, 3, 4, 7, 9, 17, 23, 25, 26, 28, 29, 32, 33, 36, 37]
真实与推断的交集: []
段内指标: TP=0, FP=16, FN=2, TN=20, IPS=0.0000

=== 处理第 2/10 段 ===
原始段范围: orig_start=5739, orig_end=5745
调整后段范围: start=5640, end=5646
段内真实标签 (seg_true): [1. 1. 1. 1. 1. 1. 0.]
段内预测标签 (seg_pred): [ True  True  True  True  True  True False]
段内真实异常时间点索引 (相对段内): [0 1 2 3 4 5]
段内是否有预测为异常的时间点: True
真实异常维度 (0-based): [8, 9, 12]
段内检测到的异常时间点索引 (相对段内): [0 1 2 3 4 5]
选择的维度数量 (k): 15 (基于真实异常维度数的 100%)
推断的异常维度 (0-based): [1, 2, 3, 4, 7, 9, 17, 23, 25, 26, 28, 29, 32, 33, 36, 37]
真实与推断的交集: [9]
段内指标: TP=1, FP=15, FN=2, TN=20, IPS=0.3333

=== 处理第 3/10 段 ===
原始段范围: orig_start=6008, orig_end=6012
调整后段范围: start=5909, end=5913
段内真实标签 (seg_true): [1. 1. 1. 1. 0.]
段内预测标签 (seg_pred): [ True  True  True  True False]
段内真实异常时间点索引 (相对段内): [0 1 2 3]
段内是否有预测为异常的时间点: True
真实异常维度 (0-based): [8, 9, 12]
段内检测到的异常时间点索引 (相对段内): [0 1 2 3]
选择的维度数量 (k): 15 (基于真实异常维度数的 100%)
推断的异常维度 (0-based): [1, 2, 3, 4, 7, 9, 12, 17, 23, 25, 26, 28, 29, 32, 33, 36, 37]
真实与推断的交集: [9, 12]
段内指标: TP=2, FP=15, FN=1, TN=20, IPS=0.6667

=== 处理第 4/10 段 ===
原始段范围: orig_start=7910, orig_end=8010
调整后段范围: start=7811, end=7911
段内真实标签 (seg_true): [1. 1. 1. 1. 1. 1. 1. 1. 1. 1. 1. 1. 1. 1. 1. 1. 1. 1. 1. 1. 1. 1. 1. 1.
 1. 1. 1. 1. 1. 1. 1. 1. 1. 1. 1. 1. 1. 1. 1. 1. 1. 1. 1. 1. 1. 1. 1. 1.
 1. 1. 1. 1. 1. 1. 1. 1. 1. 1. 1. 1. 1. 1. 1. 1. 1. 1. 1. 1. 1. 1. 1. 1.
 1. 1. 1. 1. 1. 1. 1. 1. 1. 1. 1. 1. 1. 1. 1. 1. 1. 1. 1. 0. 0. 0. 0. 0.
 0. 0. 0. 0. 0.]
段内预测标签 (seg_pred): [ True  True  True  True  True  True  True  True  True  True  True  True
  True  True  True  True  True  True  True  True  True  True  True  True
  True  True  True  True  True  True  True  True  True  True  True  True
  True  True  True  True  True  True  True  True  True  True  True  True
  True  True  True  True  True  True  True  True  True  True  True  True
  True  True  True  True  True  True  True  True  True  True  True  True
  True  True  True  True  True  True  True  True  True  True  True  True
  True  True  True  True  True  True  True False False False False False
 False False False False False]
段内真实异常时间点索引 (相对段内): [ 0  1  2  3  4  5  6  7  8  9 10 11 12 13 14 15 16 17 18 19 20 21 22 23
 24 25 26 27 28 29 30 31 32 33 34 35 36 37 38 39 40 41 42 43 44 45 46 47
 48 49 50 51 52 53 54 55 56 57 58 59 60 61 62 63 64 65 66 67 68 69 70 71
 72 73 74 75 76 77 78 79 80 81 82 83 84 85 86 87 88 89 90]
段内是否有预测为异常的时间点: True
真实异常维度 (0-based): [0, 1, 2, 3, 5, 6, 18, 20, 21, 22, 23, 24, 25, 27, 30, 31, 34, 35]
段内检测到的异常时间点索引 (相对段内): [ 0  1  2  3  4  5  6  7  8  9 10 11 12 13 14 15 16 17 18 19 20 21 22 23
 24 25 26 27 28 29 30 31 32 33 34 35 36 37 38 39 40 41 42 43 44 45 46 47
 48 49 50 51 52 53 54 55 56 57 58 59 60 61 62 63 64 65 66 67 68 69 70 71
 72 73 74 75 76 77 78 79 80 81 82 83 84 85 86 87 88 89 90]
选择的维度数量 (k): 15 (基于真实异常维度数的 100%)
推断的异常维度 (0-based): [0, 1, 2, 3, 4, 5, 6, 7, 8, 9, 10, 11, 12, 14, 15, 16, 17, 23, 25, 26, 28, 29, 32, 33, 34, 35, 36, 37]
真实与推断的交集: [0, 1, 2, 3, 5, 6, 23, 25, 34, 35]
段内指标: TP=10, FP=18, FN=8, TN=2, IPS=0.5556

=== 处理第 5/10 段 ===
原始段范围: orig_start=10953, orig_end=10957
调整后段范围: start=10854, end=10858
段内真实标签 (seg_true): [1. 1. 1. 1. 0.]
段内预测标签 (seg_pred): [ True  True  True  True False]
段内真实异常时间点索引 (相对段内): [0 1 2 3]
段内是否有预测为异常的时间点: True
真实异常维度 (0-based): [8, 11, 14]
段内检测到的异常时间点索引 (相对段内): [0 1 2 3]
选择的维度数量 (k): 15 (基于真实异常维度数的 100%)
推断的异常维度 (0-based): [1, 2, 3, 4, 7, 9, 17, 23, 25, 26, 28, 29, 32, 33, 36, 37]
真实与推断的交集: []
段内指标: TP=0, FP=16, FN=3, TN=19, IPS=0.0000

=== 处理第 6/10 段 ===
原始段范围: orig_start=12200, orig_end=12226
调整后段范围: start=12101, end=12127
段内真实标签 (seg_true): [1. 1. 1. 1. 1. 1. 1. 1. 1. 1. 1. 1. 1. 1. 1. 1. 1. 1. 1. 1. 1. 1. 1. 1.
 1. 1. 0.]
段内预测标签 (seg_pred): [ True  True  True  True  True  True  True  True  True  True  True  True
  True  True  True  True  True  True  True  True  True  True  True  True
  True  True False]
段内真实异常时间点索引 (相对段内): [ 0  1  2  3  4  5  6  7  8  9 10 11 12 13 14 15 16 17 18 19 20 21 22 23
 24 25]
段内是否有预测为异常的时间点: True
真实异常维度 (0-based): [0, 5, 6, 10, 15, 19, 20, 21, 22, 24, 27, 30, 31]
段内检测到的异常时间点索引 (相对段内): [ 0  1  2  3  4  5  6  7  8  9 10 11 12 13 14 15 16 17 18 19 20 21 22 23
 24 25]
选择的维度数量 (k): 15 (基于真实异常维度数的 100%)
推断的异常维度 (0-based): [1, 2, 3, 4, 7, 9, 11, 12, 17, 23, 25, 26, 28, 29, 32, 33, 36, 37]
真实与推断的交集: []
段内指标: TP=0, FP=18, FN=13, TN=7, IPS=0.0000

=== 处理第 7/10 段 ===
原始段范围: orig_start=15070, orig_end=15151
调整后段范围: start=14971, end=15052
段内真实标签 (seg_true): [1. 1. 1. 1. 1. 1. 1. 1. 1. 1. 1. 1. 1. 1. 1. 1. 1. 1. 1. 1. 1. 1. 1. 1.
 1. 1. 1. 1. 1. 1. 1. 1. 1. 1. 1. 1. 1. 1. 1. 1. 1. 1. 1. 1. 1. 1. 1. 1.
 1. 1. 1. 1. 1. 1. 1. 1. 1. 1. 1. 1. 1. 1. 1. 1. 1. 1. 1. 1. 1. 1. 1. 1.
 1. 1. 1. 1. 1. 1. 1. 1. 1. 0.]
段内预测标签 (seg_pred): [ True  True  True  True  True  True  True  True  True  True  True  True
  True  True  True  True  True  True  True  True  True  True  True  True
  True  True  True  True  True  True  True  True  True  True  True  True
  True  True  True  True  True  True  True  True  True  True  True  True
  True  True  True  True  True  True  True  True  True  True  True  True
  True  True  True  True  True  True  True  True  True  True  True  True
  True  True  True  True  True  True  True  True  True False]
段内真实异常时间点索引 (相对段内): [ 0  1  2  3  4  5  6  7  8  9 10 11 12 13 14 15 16 17 18 19 20 21 22 23
 24 25 26 27 28 29 30 31 32 33 34 35 36 37 38 39 40 41 42 43 44 45 46 47
 48 49 50 51 52 53 54 55 56 57 58 59 60 61 62 63 64 65 66 67 68 69 70 71
 72 73 74 75 76 77 78 79 80]
段内是否有预测为异常的时间点: True
真实异常维度 (0-based): [0, 5, 6, 19, 20, 21, 22, 24, 27, 30, 31]
段内检测到的异常时间点索引 (相对段内): [ 0  1  2  3  4  5  6  7  8  9 10 11 12 13 14 15 16 17 18 19 20 21 22 23
 24 25 26 27 28 29 30 31 32 33 34 35 36 37 38 39 40 41 42 43 44 45 46 47
 48 49 50 51 52 53 54 55 56 57 58 59 60 61 62 63 64 65 66 67 68 69 70 71
 72 73 74 75 76 77 78 79 80]
选择的维度数量 (k): 15 (基于真实异常维度数的 100%)
推断的异常维度 (0-based): [1, 2, 4, 7, 9, 12, 16, 17, 23, 25, 26, 28, 29, 32, 33, 36, 37]
真实与推断的交集: []
段内指标: TP=0, FP=17, FN=11, TN=10, IPS=0.0000

=== 处理第 8/10 段 ===
原始段范围: orig_start=19375, orig_end=19416
调整后段范围: start=19276, end=19317
段内真实标签 (seg_true): [1. 1. 1. 1. 1. 1. 1. 1. 1. 1. 1. 1. 1. 1. 1. 1. 1. 1. 1. 1. 1. 1. 1. 1.
 1. 1. 1. 1. 1. 1. 1. 1. 1. 1. 1. 1. 1. 1. 1. 1. 1. 0.]
段内预测标签 (seg_pred): [ True  True  True  True  True  True  True  True  True  True  True  True
  True  True  True  True  True  True  True  True  True  True  True  True
  True  True  True  True  True  True  True  True  True  True  True  True
  True  True  True  True  True  True]
段内真实异常时间点索引 (相对段内): [ 0  1  2  3  4  5  6  7  8  9 10 11 12 13 14 15 16 17 18 19 20 21 22 23
 24 25 26 27 28 29 30 31 32 33 34 35 36 37 38 39 40]
段内是否有预测为异常的时间点: True
真实异常维度 (0-based): [0, 1, 2, 3, 5, 6, 15, 18, 19, 20, 21, 22, 23, 24, 25, 26, 27, 28, 29, 30, 31, 32, 33, 34, 35]
段内检测到的异常时间点索引 (相对段内): [ 0  1  2  3  4  5  6  7  8  9 10 11 12 13 14 15 16 17 18 19 20 21 22 23
 24 25 26 27 28 29 30 31 32 33 34 35 36 37 38 39 40 41]
选择的维度数量 (k): 15 (基于真实异常维度数的 100%)
推断的异常维度 (0-based): [1, 2, 3, 4, 5, 6, 7, 8, 9, 10, 11, 12, 13, 14, 15, 16, 17, 23, 25, 26, 28, 29, 32, 33, 35, 36, 37]
真实与推断的交集: [1, 2, 3, 5, 6, 15, 23, 25, 26, 28, 29, 32, 33, 35]
段内指标: TP=14, FP=13, FN=11, TN=0, IPS=0.5600

=== 处理第 9/10 段 ===
原始段范围: orig_start=19545, orig_end=19553
调整后段范围: start=19446, end=19454
段内真实标签 (seg_true): [1. 1. 1. 1. 1. 1. 1. 1. 0.]
段内预测标签 (seg_pred): [ True  True  True  True  True  True  True  True False]
段内真实异常时间点索引 (相对段内): [0 1 2 3 4 5 6 7]
段内是否有预测为异常的时间点: True
真实异常维度 (0-based): [11]
段内检测到的异常时间点索引 (相对段内): [0 1 2 3 4 5 6 7]
选择的维度数量 (k): 15 (基于真实异常维度数的 100%)
推断的异常维度 (0-based): [1, 2, 4, 7, 9, 12, 17, 23, 25, 26, 28, 29, 32, 33, 36, 37]
真实与推断的交集: []
段内指标: TP=0, FP=16, FN=1, TN=21, IPS=0.0000

=== 处理第 10/10 段 ===
原始段范围: orig_start=20253, orig_end=20258
调整后段范围: start=20154, end=20159
段内真实标签 (seg_true): [1. 1. 1. 1. 1. 0.]
段内预测标签 (seg_pred): [ True  True  True  True  True False]
段内真实异常时间点索引 (相对段内): [0 1 2 3 4]
段内是否有预测为异常的时间点: True
真实异常维度 (0-based): [29]
段内检测到的异常时间点索引 (相对段内): [0 1 2 3 4]
选择的维度数量 (k): 15 (基于真实异常维度数的 100%)
推断的异常维度 (0-based): [0, 1, 2, 3, 4, 7, 9, 11, 12, 17, 23, 25, 26, 28, 29, 32, 33, 36, 37]
真实与推断的交集: [29]
段内指标: TP=1, FP=18, FN=0, TN=19, IPS=1.0000

=== 汇总指标 ===
总 TP: 28, 总 TN: 138, 总 FP: 162, 总 FN: 52
平均 IPS: 0.3170, Precision: 0.1474, Recall: 0.3500, F1: 0.2074
每段IPS与混淆: [{'original_start': 857, 'original_end': 860, 'start': 758, 'end': 761, 'TP': 0, 'TN': 20, 'FP': 16, 'FN': 2, 'IPS': 0.0, 'k_selected': 15, 'gt_dims_count': 2}, {'original_start': 5739, 'original_end': 5745, 'start': 5640, 'end': 5646, 'TP': 1, 'TN': 20, 'FP': 15, 'FN': 2, 'IPS': 0.3333333333333333, 'k_selected': 15, 'gt_dims_count': 3}, {'original_start': 6008, 'original_end': 6012, 'start': 5909, 'end': 5913, 'TP': 2, 'TN': 20, 'FP': 15, 'FN': 1, 'IPS': 0.6666666666666666, 'k_selected': 15, 'gt_dims_count': 3}, {'original_start': 7910, 'original_end': 8010, 'start': 7811, 'end': 7911, 'TP': 10, 'TN': 2, 'FP': 18, 'FN': 8, 'IPS': 0.5555555555555556, 'k_selected': 15, 'gt_dims_count': 18}, {'original_start': 10953, 'original_end': 10957, 'start': 10854, 'end': 10858, 'TP': 0, 'TN': 19, 'FP': 16, 'FN': 3, 'IPS': 0.0, 'k_selected': 15, 'gt_dims_count': 3}, {'original_start': 12200, 'original_end': 12226, 'start': 12101, 'end': 12127, 'TP': 0, 'TN': 7, 'FP': 18, 'FN': 13, 'IPS': 0.0, 'k_selected': 15, 'gt_dims_count': 13}, {'original_start': 15070, 'original_end': 15151, 'start': 14971, 'end': 15052, 'TP': 0, 'TN': 10, 'FP': 17, 'FN': 11, 'IPS': 0.0, 'k_selected': 15, 'gt_dims_count': 11}, {'original_start': 19375, 'original_end': 19416, 'start': 19276, 'end': 19317, 'TP': 14, 'TN': 0, 'FP': 13, 'FN': 11, 'IPS': 0.56, 'k_selected': 15, 'gt_dims_count': 25}, {'original_start': 19545, 'original_end': 19553, 'start': 19446, 'end': 19454, 'TP': 0, 'TN': 21, 'FP': 16, 'FN': 1, 'IPS': 0.0, 'k_selected': 15, 'gt_dims_count': 1}, {'original_start': 20253, 'original_end': 20258, 'start': 20154, 'end': 20159, 'TP': 1, 'TN': 19, 'FP': 18, 'FN': 0, 'IPS': 1.0, 'k_selected': 15, 'gt_dims_count': 1}]
总和: {'TP': 28, 'TN': 138, 'FP': 162, 'FN': 52, 'IPS': 0.31700617283950616, 'precision': 0.14736842105263157, 'recall': 0.35, 'F1': 0.20740740740740737}
test end time:  2025-06-23 07:05:38
test time:  537.274924993515
==============================result==============================
{'FN': 0.0,
 'FP': 5.0,
 'TN': 23316.0,
 'TP': 269.0,
 'best-f1': 0.9907868608251642,
 'best_valid_loss': -102.54894279021588,
 'dataset': 'machine-2-3',
 'latency': 5.499945000549995,
 'pot-FN': 0.0,
 'pot-FP': 386.0,
 'pot-TN': 22935.0,
 'pot-TP': 269.0,
 'pot-f1': 0.582246942248257,
 'pot-latency': 1.7999820001799982,
 'pot-precision': 0.4106870166307326,
 'pot-recall': 0.9999999628252803,
 'pot-threshold': -81.7992997464664,
 'precision': 0.9817517889871611,
 'pred_time': 0.5464446191060341,
 'pred_total_time': 258.39080238342285,
 'recall': 0.9999999628252803,
 'segment_results': [{'FN': 2,
                      'FP': 16,
                      'IPS': 0.0,
                      'TN': 20,
                      'TP': 0,
                      'end': 761,
                      'gt_dims_count': 2,
                      'k_selected': 15,
                      'original_end': 860,
                      'original_start': 857,
                      'start': 758},
                     {'FN': 2,
                      'FP': 15,
                      'IPS': 0.3333333333333333,
                      'TN': 20,
                      'TP': 1,
                      'end': 5646,
                      'gt_dims_count': 3,
                      'k_selected': 15,
                      'original_end': 5745,
                      'original_start': 5739,
                      'start': 5640},
                     {'FN': 1,
                      'FP': 15,
                      'IPS': 0.6666666666666666,
                      'TN': 20,
                      'TP': 2,
                      'end': 5913,
                      'gt_dims_count': 3,
                      
'k_selected': 15,
                      'original_end': 6012,
                      'original_start': 6008,
                      'start': 5909},
                     {'FN': 8,
                      'FP': 18,
                      'IPS': 0.5555555555555556,
                      'TN': 2,
                      'TP': 10,
                      'end': 7911,
                      'gt_dims_count': 18,
                      'k_selected': 15,
                      'original_end': 8010,
                      'original_start': 7910,
                      'start': 7811},
                     {'FN': 3,
                      'FP': 16,
                      'IPS': 0.0,
                      'TN': 19,
                      'TP': 0,
                      'end': 10858,
                      'gt_dims_count': 3,
                      'k_selected': 15,
                      'original_end': 10957,
                      'original_start': 10953,
                      'start': 10854},
                     {'FN': 13,
                      'FP': 18,
                      'IPS': 0.0,
                      'TN': 7,
                      'TP': 0,
                      'end': 12127,
                      'gt_dims_count': 13,
                      'k_selected': 15,
                      'original_end': 12226,
                      'original_start': 12200,
                      'start': 12101},
                     {'FN': 11,
                      'FP': 17,
                      'IPS': 0.0,
                      'TN': 10,
                      'TP': 0,
                      'end': 15052,
                      'gt_dims_count': 11,
                      'k_selected': 15,
                      'original_end': 15151,
                      'original_start': 15070,
                      'start': 14971},
                     {'FN': 11,
                      'FP': 13,
                      'IPS': 0.56,
                      'TN': 0,
                      'TP': 14,
                      'end': 19317,
                      'gt_dims_count': 25,
                      'k_selected': 15,
                      'original_end': 19416,
                      'original_start': 19375,
                      'start': 19276},
                     {'FN': 1,
                      'FP': 16,
                      'IPS': 0.0,
                      'TN': 21,
                      'TP': 0,
                      'end': 19454,
                      'gt_dims_count': 1,
                      'k_selected': 15,
                      'original_end': 19553,
                      'original_start': 19545,
                      'start': 19446},
                     {'FN': 0,
                      'FP': 18,
                      'IPS': 1.0,
                      'TN': 19,
                      'TP': 1,
                      'end': 20159,
                      'gt_dims_count': 1,
                      'k_selected': 15,
                      'original_end': 20258,
                      'original_start': 20253,
                      'start': 20154}],
 'segment_summary': {'F1': 0.20740740740740737,
                     'FN': 52,
                     'FP': 162,
                     'IPS': 0.31700617283950616,
                     'TN': 138,
                     'TP': 28,
                     'precision': 0.14736842105263157,
                     'recall': 0.35},
 'threshold': -399.0,
 'train_time': 550.5293994665146,
 'valid_time': 0.545215016666879}
