2025-06-10 17:30:55.939704: I tensorflow/core/platform/cpu_feature_guard.cc:141] Your CPU supports instructions that this TensorFlow binary was not compiled to use: AVX2 AVX512F FMA
Configurations
===========================================
{'batch_size': 50,
 'bf_search_max': 400.0,
 'bf_search_min': -400.0,
 'bf_search_step_size': 1.0,
 'dataset': 'omi-6',
 'dense_dim': 500,
 'early_stop': True,
 'get_score_on_dim': True,
 'gradient_clip_norm': 10.0,
 'initial_lr': 0.001,
 'l2_reg': 0.0001,
 'level': 0.001,
 'lr_anneal_epoch_freq': 40,
 'lr_anneal_factor': 0.5,
 'lr_anneal_step_freq': None,
 'max_epoch': 10,
 'max_test_size': None,
 'max_train_size': None,
 'nf_layers': 20,
 'posterior_flow_type': 'nf',
 'restore_dir': None,
 'result_dir': 'result',
 'rnn_cell': 'GRU',
 'rnn_num_hidden': 500,
 'save_dir': 'model',
 'save_z': False,
 'std_epsilon': 0.0001,
 'test_batch_size': 50,
 'test_n_z': 1,
 'test_score_filename': 'test_score.pkl',
 'test_start': 0,
 'train_score_filename': 'train_score.pkl',
 'train_start': 0,
 'use_connected_z_p': True,
 'use_connected_z_q': True,
 'valid_step_freq': 100,
 'window_length': 100,
 'x_dim': 19,
 'z_dim': 3}

train start time:  2025-06-10 17:30:32
load data of: omi-6
train:  0 None
test:  0 None
Data normalized
Data normalized
train set shape:  (8640, 19)
test set shape:  (4320, 19)
test set label shape:  (4320,)
Trainable Parameters                                            (2,560,202 in total)
------------------------------------------------------------------------------------
model/q_z_given_x/rnn_q_z/rnn/gru_cell/gates/kernel             (519, 1000)  519,000
model/q_z_given_x/rnn_q_z/rnn/gru_cell/gates/bias               (1000,)        1,000
model/q_z_given_x/rnn_q_z/rnn/gru_cell/candidate/kernel         (519, 500)   259,500
model/q_z_given_x/rnn_q_z/rnn/gru_cell/candidate/bias           (500,)           500
model/q_z_given_x/rnn_q_z/dense/kernel                          (500, 500)   250,000
model/q_z_given_x/rnn_q_z/dense/bias                            (500,)           500
model/q_z_given_x/rnn_q_z/dense_1/kernel                        (500, 500)   250,000
model/q_z_given_x/rnn_q_z/dense_1/bias                          (500,)           500
model/vae/variational/z_mean/kernel                             (503, 3)       1,509
model/vae/variational/z_mean/bias                               (3,)               3
model/vae/variational/z_std/kernel                              (503, 3)       1,509
model/vae/variational/z_std/bias                                (3,)               3
model/posterior_flow/_0/w                                       (1, 3)             3
model/posterior_flow/_0/b                                       (1,)               1
model/posterior_flow/_0/u                                       (1, 3)             3
model/posterior_flow/_1/w                                       (1, 3)             3
model/posterior_flow/_1/b                                       (1,)               1
model/posterior_flow/_1/u                                       (1, 3)             3
model/posterior_flow/_2/w                                       (1, 3)             3
model/posterior_flow/_2/b                                       (1,)               1
model/posterior_flow/_2/u                                       (1, 3)             3
model/posterior_flow/_3/w                                       (1, 3)             3
model/posterior_flow/_3/b                                       (1,)               1
model/posterior_flow/_3/u                                       (1, 3)             3
model/posterior_flow/_4/w                                       (1, 3)             3
model/posterior_flow/_4/b                                       (1,)               1
model/posterior_flow/_4/u                                       (1, 3)             3
model/posterior_flow/_5/w                                       (1, 3)             3
model/posterior_flow/_5/b                                       (1,)               1
model/posterior_flow/_5/u                                       (1, 3)             3
model/posterior_flow/_6/w                                       (1, 3)             3
model/posterior_flow/_6/b                                       (1,)               1
model/posterior_flow/_6/u                                       (1, 3)             3
model/posterior_flow/_7/w                                       (1, 3)             3
model/posterior_flow/_7/b                                       (1,)               1
model/posterior_flow/_7/u                                       (1, 3)             3
model/posterior_flow/_8/w                                       (1, 3)             3
model/posterior_flow/_8/b                                       (1,)               1
model/posterior_flow/_8/u                                       (1, 3)             3
model/posterior_flow/_9/w                                       (1, 3)             3
model/posterior_flow/_9/b                                       (1,)               1
model/posterior_flow/_9/u                                       (1, 3)             3
model/posterior_flow/_10/w                                      (1, 3)             3
model/posterior_flow/_10/b                                      (1,)               1
model/posterior_flow/_10/u                                      (1, 3)             3
model/posterior_flow/_11/w                                      (1, 3)             3
model/posterior_flow/_11/b                                      (1,)               1
model/posterior_flow/_11/u                                      (1, 3)             3
model/posterior_flow/_12/w                                      (1, 3)             3
model/posterior_flow/_12/b                                      (1,)               1
model/posterior_flow/_12/u                                      (1, 3)             3
model/posterior_flow/_13/w                                      (1, 3)             3
model/posterior_flow/_13/b                                      (1,)               1
model/posterior_flow/_13/u                                      (1, 3)             3
model/posterior_flow/_14/w                                      (1, 3)             3
model/posterior_flow/_14/b                                      (1,)               1
model/posterior_flow/_14/u                                      (1, 3)             3
model/posterior_flow/_15/w                                      (1, 3)             3
model/posterior_flow/_15/b                                      (1,)               1
model/posterior_flow/_15/u                                      (1, 3)             3
model/posterior_flow/_16/w                                      (1, 3)             3
model/posterior_flow/_16/b                                      (1,)               1
model/posterior_flow/_16/u                                      (1, 3)             3
model/posterior_flow/_17/w                                      (1, 3)             3
model/posterior_flow/_17/b                                      (1,)               1
model/posterior_flow/_17/u                                      (1, 3)             3
model/posterior_flow/_18/w                                      (1, 3)             3
model/posterior_flow/_18/b                                      (1,)               1
model/posterior_flow/_18/u                                      (1, 3)             3
model/posterior_flow/_19/w                                      (1, 3)             3
model/posterior_flow/_19/b                                      (1,)               1
model/posterior_flow/_19/u                                      (1, 3)             3
model/p_x_given_z/hidden/rnn_p_x/rnn/gru_cell/gates/kernel      (503, 1000)  503,000
model/p_x_given_z/hidden/rnn_p_x/rnn/gru_cell/gates/bias        (1000,)        1,000
model/p_x_given_z/hidden/rnn_p_x/rnn/gru_cell/candidate/kernel  (503, 500)   251,500
model/p_x_given_z/hidden/rnn_p_x/rnn/gru_cell/candidate/bias    (500,)           500
model/p_x_given_z/hidden/rnn_p_x/dense/kernel                   (500, 500)   250,000
model/p_x_given_z/hidden/rnn_p_x/dense/bias                     (500,)           500
model/p_x_given_z/hidden/rnn_p_x/dense_1/kernel                 (500, 500)   250,000
model/p_x_given_z/hidden/rnn_p_x/dense_1/bias                   (500,)           500
model/p_x_given_z/x_mean/kernel                                 (500, 19)      9,500
model/p_x_given_z/x_mean/bias                                   (19,)             19
model/p_x_given_z/x_std/kernel                                  (500, 19)      9,500
model/p_x_given_z/x_std/bias                                    (19,)             19/home/hz/anaconda3/envs/py36/lib/python3.6/site-packages/tensorflow/python/framework/dtypes.py:523: FutureWarning: Passing (type, 1) or '1type' as a synonym of type is deprecated; in a future version of numpy, it will be understood as (type, (1,)) / '(1,)type'.
  _np_qint8 = np.dtype([("qint8", np.int8, 1)])
/home/hz/anaconda3/envs/py36/lib/python3.6/site-packages/tensorflow/python/framework/dtypes.py:524: FutureWarning: Passing (type, 1) or '1type' as a synonym of type is deprecated; in a future version of numpy, it will be understood as (type, (1,)) / '(1,)type'.
  _np_quint8 = np.dtype([("quint8", np.uint8, 1)])
/home/hz/anaconda3/envs/py36/lib/python3.6/site-packages/tensorflow/python/framework/dtypes.py:525: FutureWarning: Passing (type, 1) or '1type' as a synonym of type is deprecated; in a future version of numpy, it will be understood as (type, (1,)) / '(1,)type'.
  _np_qint16 = np.dtype([("qint16", np.int16, 1)])
/home/hz/anaconda3/envs/py36/lib/python3.6/site-packages/tensorflow/python/framework/dtypes.py:526: FutureWarning: Passing (type, 1) or '1type' as a synonym of type is deprecated; in a future version of numpy, it will be understood as (type, (1,)) / '(1,)type'.
  _np_quint16 = np.dtype([("quint16", np.uint16, 1)])
/home/hz/anaconda3/envs/py36/lib/python3.6/site-packages/tensorflow/python/framework/dtypes.py:527: FutureWarning: Passing (type, 1) or '1type' as a synonym of type is deprecated; in a future version of numpy, it will be understood as (type, (1,)) / '(1,)type'.
  _np_qint32 = np.dtype([("qint32", np.int32, 1)])
/home/hz/anaconda3/envs/py36/lib/python3.6/site-packages/tensorflow/python/framework/dtypes.py:532: FutureWarning: Passing (type, 1) or '1type' as a synonym of type is deprecated; in a future version of numpy, it will be understood as (type, (1,)) / '(1,)type'.
  np_resource = np.dtype([("resource", np.ubyte, 1)])
/home/hz/anaconda3/envs/py36/lib/python3.6/site-packages/tfsnippet/utils/tfver.py:22: DeprecationWarning: Function 'semver.compare' is deprecated. Deprecated since version 2.10.0.  This function will be removed in semver 3. Use the respective 'semver.VersionInfo.compare' instead.
  compare_result = semver.compare(version, tf.__version__)
/home/hz/anaconda3/envs/py36/lib/python3.6/site-packages/tfsnippet/utils/tfver.py:22: DeprecationWarning: Function 'semver.compare' is deprecated. Deprecated since version 2.10.0.  This function will be removed in semver 3. Use the respective 'semver.VersionInfo.compare' instead.
  compare_result = semver.compare(version, tf.__version__)
INFO:tensorflow:Restoring parameters from /tmp/tmp3bcdkctw/variables.dat-1000
2025-06-10 17:52:46,158 [INFO] tensorflow: Restoring parameters from /tmp/tmp3bcdkctw/variables.dat-1000
  0%|          | 0/4221 [00:00<?, ?it/s]100%|██████████| 4221/4221 [00:00<00:00, 483416.36it/s]

train_values: (6048, 19)
[Epoch 1/10, Step 100] step time: 1.371s (±3.806s); train time: 1m 46.41s; valid time: 30.75s; loss: 1.1383 (±6.52799); valid loss: -3.77552 (*)
train_values: (6048, 19)
[Epoch 2/10, Step 200, ETA 19m 51.22s] step time: 1.059s (±2.453s); train time: 1m 6.912s; valid time: 24.68s; loss: -3.40266 (±1.85661); valid loss: -4.52099 (*)
train_values: (6048, 19)
[Epoch 3/10, Step 300, ETA 17m 2.153s] step time: 1.053s (±2.263s); train time: 53.52s; valid time: 22.94s; loss: -3.21591 (±3.42964); valid loss: -3.62807
train_values: (6048, 19)
[Epoch 4/10, Step 400, ETA 14m 49.95s] step time: 1.078s (±2.562s); train time: 37.31s; valid time: 25.72s; loss: -4.60671 (±1.06685); valid loss: -4.81727 (*)
train_values: (6048, 19)
[Epoch 5/10, Step 500, ETA 12m 41.56s] step time: 1.035s (±2.24s); train time: 22.96s; valid time: 22.37s; loss: -4.52804 (±1.39131); valid loss: -3.85047
train_values: (6048, 19)
[Epoch 6/10, Step 600, ETA 10m 42.14s] step time: 1.042s (±2.236s); train time: 7.907s; valid time: 22.45s; loss: -4.90891 (±2.41488); valid loss: -3.78396
[Epoch 6/10, Step 700, ETA 8m 46.48s] step time: 1.034s (±2.157s); train time: 1m 21.78s; valid time: 21.72s; loss: -5.06718 (±2.95304); valid loss: -2.65879
train_values: (6048, 19)
[Epoch 7/10, Step 800, ETA 6m 55.22s] step time: 1.063s (±2.437s); train time: 1m 14.99s; valid time: 24.53s; loss: -5.51372 (±1.66347); valid loss: -5.91145 (*)
train_values: (6048, 19)
[Epoch 8/10, Step 900, ETA 5m 5.411s] step time: 1.074s (±2.471s); train time: 1m 1.271s; valid time: 24.95s; loss: -6.77457 (±1.79296); valid loss: -7.08006 (*)
train_values: (6048, 19)
[Epoch 9/10, Step 1000, ETA 3m 16.03s] step time: 1.073s (±2.479s); train time: 46.02s; valid time: 24.94s; loss: -7.58092 (±2.28247); valid loss: -9.50678 (*)
train_values: (6048, 19)
[Epoch 10/10, Step 1100, ETA 1m 27.1s] step time: 1.085s (±2.714s); train time: 30.59s; valid time: 27.26s; loss: -8.18084 (±2.52359); valid loss: -7.80949
train end time:  2025-06-10 17:52:46
train time:  1333.7042496204376
test start time:  2025-06-10 17:52:46
------------------------------ testing ------------------------------
test_score shape:  (4221, 19)
test_z shape:  (4221, 100, 6)
search range:  -400.0 400.0
cur thr:  -399.0 [0.3291111467405339, 0.9999997435898093, 0.19696968702173298, 39.0, 4023.0, 0.0, 159.0, 0.9999000099990001] [0.3291111467405339, 0.9999997435898093, 0.19696968702173298, 39.0, 4023.0, 0.0, 159.0, 0.9999000099990001] -399.0
cur thr:  -349.0 [0.3291111467405339, 0.9999997435898093, 0.19696968702173298, 39.0, 4023.0, 0.0, 159.0, 0.9999000099990001] [0.3291111467405339, 0.9999997435898093, 0.19696968702173298, 39.0, 4023.0, 0.0, 159.0, 0.9999000099990001] -399.0
cur thr:  -299.0 [0.3291111467405339, 0.9999997435898093, 0.19696968702173298, 39.0, 4023.0, 0.0, 159.0, 0.9999000099990001] [0.3291111467405339, 0.9999997435898093, 0.19696968702173298, 39.0, 4023.0, 0.0, 159.0, 0.9999000099990001] -399.0
cur thr:  -249.0 [0.3291111467405339, 0.9999997435898093, 0.19696968702173298, 39.0, 4023.0, 0.0, 159.0, 0.9999000099990001] [0.3291111467405339, 0.9999997435898093, 0.19696968702173298, 39.0, 4023.0, 0.0, 159.0, 0.9999000099990001] -399.0
cur thr:  -199.0 [0.3291111467405339, 0.9999997435898093, 0.19696968702173298, 39.0, 4023.0, 0.0, 159.0, 0.9999000099990001] [0.3291111467405339, 0.9999997435898093, 0.19696968702173298, 39.0, 4023.0, 0.0, 159.0, 0.9999000099990001] -399.0
cur thr:  -149.0 [0.5278771161545267, 0.9999998591549494, 0.3585858404754626, 71.0, 4023.0, 0.0, 127.0, 5.666477784073864] [0.5278771161545267, 0.9999998591549494, 0.3585858404754626, 71.0, 4023.0, 0.0, 127.0, 5.666477784073864] -150.0
cur thr:  -99.0 [0.5201424970449693, 0.9466665404444612, 0.3585858404754626, 71.0, 4019.0, 4.0, 127.0, 2.3332555581480614] [0.5278771161545267, 0.9999998591549494, 0.3585858404754626, 71.0, 4023.0, 0.0, 127.0, 5.666477784073864] -150.0
cur thr:  -49.0 [0.6874949691118145, 0.7096773812001408, 0.6666666329966346, 132.0, 3969.0, 54.0, 66.0, 4.16659722337961] [0.7764656782311523, 0.9295773993255353, 0.6666666329966346, 132.0, 4013.0, 10.0, 66.0, 4.16659722337961] -79.0
cur thr:  1.0 [0.3580440703424592, 0.21806167160725032, 0.9999999494949521, 198.0, 3313.0, 710.0, 0.0, 3.199968000319997] [0.7764656782311523, 0.9295773993255353, 0.6666666329966346, 132.0, 4013.0, 10.0, 66.0, 4.16659722337961] -79.0
cur thr:  51.0 [0.08961217824790961, 0.04690831545390117, 0.9999999494949521, 198.0, 0.0, 4023.0, 0.0, 0.0] [0.7764656782311523, 0.9295773993255353, 0.6666666329966346, 132.0, 4013.0, 10.0, 66.0, 4.16659722337961] -79.0
cur thr:  101.0 [0.08961217824790961, 0.04690831545390117, 0.9999999494949521, 198.0, 0.0, 4023.0, 0.0, 0.0] [0.7764656782311523, 0.9295773993255353, 0.6666666329966346, 132.0, 4013.0, 10.0, 66.0, 4.16659722337961] -79.0
cur thr:  151.0 [0.08961217824790961, 0.04690831545390117, 0.9999999494949521, 198.0, 0.0, 4023.0, 0.0, 0.0] [0.7764656782311523, 0.9295773993255353, 0.6666666329966346, 132.0, 4013.0, 10.0, 66.0, 4.16659722337961] -79.0
cur thr:  201.0 [0.08961217824790961, 0.04690831545390117, 0.9999999494949521, 198.0, 0.0, 4023.0, 0.0, 0.0] [0.7764656782311523, 0.9295773993255353, 0.6666666329966346, 132.0, 4013.0, 10.0, 66.0, 4.16659722337961] -79.0
cur thr:  251.0 [0.08961217824790961, 0.04690831545390117, 0.9999999494949521, 198.0, 0.0, 4023.0, 0.0, 0.0] [0.7764656782311523, 0.9295773993255353, 0.6666666329966346, 132.0, 4013.0, 10.0, 66.0, 4.16659722337961] -79.0
cur thr:  301.0 [0.08961217824790961, 0.04690831545390117, 0.9999999494949521, 198.0, 0.0, 4023.0, 0.0, 0.0] [0.7764656782311523, 0.9295773993255353, 0.6666666329966346, 132.0, 4013.0, 10.0, 66.0, 4.16659722337961] -79.0
cur thr:  351.0 [0.08961217824790961, 0.04690831545390117, 0.9999999494949521, 198.0, 0.0, 4023.0, 0.0, 0.0] [0.7764656782311523, 0.9295773993255353, 0.6666666329966346, 132.0, 4013.0, 10.0, 66.0, 4.16659722337961] -79.0
[0.7764656782311523, 0.9295773993255353, 0.6666666329966346, 132.0, 4013.0, 10.0, 66.0, 4.16659722337961] -79.0
label_file: ServerMachineDataset/interpretation_label/omi-6.txt
Initial threshold : 105.67132
Number of peaks : 8
Grimshaw maximum log-likelihood estimation ... [done]
	γ = 0
	σ = 42.788834
	L = 38.0502173742112
Extreme quantile (probability = 0.001): 102.87136417759889
6
4221
POT result:  (0.5259219758862655, 0.9861109741512536, 0.3585858404754626, 71.0, 4022.0, 1.0, 127.0) -105.42720930589574 2.3332555581480614

=== 全局调试信息 ===
y_true shape: (4221,), unique values: [0. 1.]
y_pred shape: (4221,), unique values: [False  True]
feature_scores shape: (4221, 19)
y_true 中的异常段: [(258, 293), (651, 689), (1179, 1194), (1491, 1516), (2493, 2505), (2635, 2666), (2967, 2973), (3497, 3506), (3511, 3523), (4060, 4065)]


=== 处理第 1/10 段 ===
段范围: start=258, end=293
段内真实标签 (seg_true): [1. 1. 1. 1. 1. 1. 1. 1. 1. 1. 1. 1. 1. 1. 1. 1. 1. 1. 1. 1. 1. 1. 1. 1.
 1. 1. 1. 1. 1. 1. 1. 1. 1. 1. 1. 1.]
段内预测标签 (seg_pred): [False False False False False False False False False False False False
 False False False False False False False False False False False False
 False False False False False False False False False False False False]
段内真实异常时间点索引 (相对段内): [ 0  1  2  3  4  5  6  7  8  9 10 11 12 13 14 15 16 17 18 19 20 21 22 23
 24 25 26 27 28 29 30 31 32 33 34 35]
段内是否有预测为异常的时间点: False
真实异常维度 (0-based): [3, 18]
段内检测到的异常时间点索引 (相对段内): []
未检测到任何异常点，尝试从特征分数中推断异常维度
推断的异常维度 (0-based): [0, 1, 4]
真实与推断的交集: []
段内指标: TP=0, FP=3, FN=2, TN=14, IPS=0.0000

=== 处理第 2/10 段 ===
段范围: start=651, end=689
段内真实标签 (seg_true): [1. 1. 1. 1. 1. 1. 1. 1. 1. 1. 1. 1. 1. 1. 1. 1. 1. 1. 1. 1. 1. 1. 1. 1.
 1. 1. 1. 1. 1. 1. 1. 1. 1. 1. 1. 1. 1. 1. 1.]
段内预测标签 (seg_pred): [ True  True  True  True  True  True  True  True  True  True  True  True
  True  True  True  True  True  True  True  True  True  True  True  True
  True  True  True  True  True  True  True  True  True  True  True  True
  True  True  True]
段内真实异常时间点索引 (相对段内): [ 0  1  2  3  4  5  6  7  8  9 10 11 12 13 14 15 16 17 18 19 20 21 22 23
 24 25 26 27 28 29 30 31 32 33 34 35 36 37 38]
段内是否有预测为异常的时间点: True
真实异常维度 (0-based): [1, 5, 6, 7, 8, 9, 10, 11, 12, 13, 14, 15, 16, 17, 18]
段内检测到的异常时间点索引 (相对段内): [ 0  1  2  3  4  5  6  7  8  9 10 11 12 13 14 15 16 17 18 19 20 21 22 23
 24 25 26 27 28 29 30 31 32 33 34 35 36 37 38]
推断的异常维度 (0-based): [0, 1, 2, 3, 4, 5, 6, 7, 8, 9, 10, 11, 12, 13, 14, 15, 16, 17, 18]
真实与推断的交集: [1, 5, 6, 7, 8, 9, 10, 11, 12, 13, 14, 15, 16, 17, 18]
段内指标: TP=15, FP=4, FN=0, TN=0, IPS=1.0000

=== 处理第 3/10 段 ===
段范围: start=1179, end=1194
段内真实标签 (seg_true): [1. 1. 1. 1. 1. 1. 1. 1. 1. 1. 1. 1. 1. 1. 1. 1.]
段内预测标签 (seg_pred): [False False False False False False False False False False False False
 False False False False]
段内真实异常时间点索引 (相对段内): [ 0  1  2  3  4  5  6  7  8  9 10 11 12 13 14 15]
段内是否有预测为异常的时间点: False
真实异常维度 (0-based): [3, 4, 5, 7, 16]
段内检测到的异常时间点索引 (相对段内): []
未检测到任何异常点，尝试从特征分数中推断异常维度
推断的异常维度 (0-based): [0, 1, 2, 3, 4, 6, 7, 8, 17, 18]
真实与推断的交集: [3, 4, 7]
段内指标: TP=3, FP=7, FN=2, TN=7, IPS=0.6000

=== 处理第 4/10 段 ===
段范围: start=1491, end=1516
段内真实标签 (seg_true): [1. 1. 1. 1. 1. 1. 1. 1. 1. 1. 1. 1. 1. 1. 1. 1. 1. 1. 1. 1. 1. 1. 1. 1.
 1. 1.]
段内预测标签 (seg_pred): [ True  True  True  True  True  True  True  True  True  True  True  True
  True  True  True  True  True  True  True  True  True  True  True  True
  True  True]
段内真实异常时间点索引 (相对段内): [ 0  1  2  3  4  5  6  7  8  9 10 11 12 13 14 15 16 17 18 19 20 21 22 23
 24 25]
段内是否有预测为异常的时间点: True
真实异常维度 (0-based): [0, 8, 17]
段内检测到的异常时间点索引 (相对段内): [ 0  1  2  3  4  5  6  7  8  9 10 11 12 13 14 15 16 17 18 19 20 21 22 23
 24 25]
推断的异常维度 (0-based): [0, 1, 3, 4]
真实与推断的交集: [0]
段内指标: TP=1, FP=3, FN=2, TN=13, IPS=0.3333

=== 处理第 5/10 段 ===
段范围: start=2493, end=2505
段内真实标签 (seg_true): [1. 1. 1. 1. 1. 1. 1. 1. 1. 1. 1. 1. 1.]
段内预测标签 (seg_pred): [False False False False False False False False False False False False
 False]
段内真实异常时间点索引 (相对段内): [ 0  1  2  3  4  5  6  7  8  9 10 11 12]
段内是否有预测为异常的时间点: False
真实异常维度 (0-based): [3, 5, 8]
段内检测到的异常时间点索引 (相对段内): []
未检测到任何异常点，尝试从特征分数中推断异常维度
推断的异常维度 (0-based): [0, 1, 4]
真实与推断的交集: []
段内指标: TP=0, FP=3, FN=3, TN=13, IPS=0.0000

=== 处理第 6/10 段 ===
段范围: start=2635, end=2666
段内真实标签 (seg_true): [1. 1. 1. 1. 1. 1. 1. 1. 1. 1. 1. 1. 1. 1. 1. 1. 1. 1. 1. 1. 1. 1. 1. 1.
 1. 1. 1. 1. 1. 1. 1. 1.]
段内预测标签 (seg_pred): [False False False False False False False False False False False False
 False False False False False False False False False False False False
 False False False False False False False False]
段内真实异常时间点索引 (相对段内): [ 0  1  2  3  4  5  6  7  8  9 10 11 12 13 14 15 16 17 18 19 20 21 22 23
 24 25 26 27 28 29 30 31]
段内是否有预测为异常的时间点: False
真实异常维度 (0-based): [3, 5, 7, 18]
段内检测到的异常时间点索引 (相对段内): []
未检测到任何异常点，尝试从特征分数中推断异常维度
推断的异常维度 (0-based): [0, 1, 2, 3, 4, 6, 7]
真实与推断的交集: [3, 7]
段内指标: TP=2, FP=5, FN=2, TN=10, IPS=0.5000

=== 处理第 7/10 段 ===
段范围: start=2967, end=2973
段内真实标签 (seg_true): [1. 1. 1. 1. 1. 1. 1.]
段内预测标签 (seg_pred): [False False False False False False False]
段内真实异常时间点索引 (相对段内): [0 1 2 3 4 5 6]
段内是否有预测为异常的时间点: False
真实异常维度 (0-based): [3, 5, 18]
段内检测到的异常时间点索引 (相对段内): []
未检测到任何异常点，尝试从特征分数中推断异常维度
推断的异常维度 (0-based): [0, 1, 2, 4]
真实与推断的交集: []
段内指标: TP=0, FP=4, FN=3, TN=12, IPS=0.0000

=== 处理第 8/10 段 ===
段范围: start=3497, end=3506
段内真实标签 (seg_true): [1. 1. 1. 1. 1. 1. 1. 1. 1. 1.]
段内预测标签 (seg_pred): [False False False False False False False False False False]
段内真实异常时间点索引 (相对段内): [0 1 2 3 4 5 6 7 8 9]
段内是否有预测为异常的时间点: False
真实异常维度 (0-based): [3, 4, 5, 18]
段内检测到的异常时间点索引 (相对段内): []
未检测到任何异常点，尝试从特征分数中推断异常维度
推断的异常维度 (0-based): [0, 1, 2, 3, 4, 7]
真实与推断的交集: [3, 4]
段内指标: TP=2, FP=4, FN=2, TN=11, IPS=0.5000

=== 处理第 9/10 段 ===
段范围: start=3511, end=3523
段内真实标签 (seg_true): [1. 1. 1. 1. 1. 1. 1. 1. 1. 1. 1. 1. 1.]
段内预测标签 (seg_pred): [False False False False False False False False False False False False
 False]
段内真实异常时间点索引 (相对段内): [ 0  1  2  3  4  5  6  7  8  9 10 11 12]
段内是否有预测为异常的时间点: False
真实异常维度 (0-based): [0, 3, 4]
段内检测到的异常时间点索引 (相对段内): []
未检测到任何异常点，尝试从特征分数中推断异常维度
推断的异常维度 (0-based): [0, 1, 2, 3, 4, 5, 6]
真实与推断的交集: [0, 3, 4]
段内指标: TP=3, FP=4, FN=0, TN=12, IPS=1.0000

=== 处理第 10/10 段 ===
段范围: start=4060, end=4065
段内真实标签 (seg_true): [1. 1. 1. 1. 1. 1.]
段内预测标签 (seg_pred): [ True  True  True  True  True  True]
段内真实异常时间点索引 (相对段内): [0 1 2 3 4 5]
段内是否有预测为异常的时间点: True
真实异常维度 (0-based): [3, 4]
段内检测到的异常时间点索引 (相对段内): [0 1 2 3 4 5]
推断的异常维度 (0-based): [0, 1]
真实与推断的交集: []
段内指标: TP=0, FP=2, FN=2, TN=15, IPS=0.0000

=== 汇总指标 ===
总 TP: 26, 总 TN: 107, 总 FP: 39, 总 FN: 18
平均 IPS: 0.4609, Precision: 0.4000, Recall: 0.5909, F1: 0.4771
每段IPS与混淆: [{'start': 258, 'end': 293, 'TP': 0, 'TN': 14, 'FP': 3, 'FN': 2, 'IPS': 0.0, 'k_selected': 2, 'gt_dims_count': 2}, {'start': 651, 'end': 689, 'TP': 15, 'TN': 0, 'FP': 4, 'FN': 0, 'IPS': 1.0, 'k_selected': 15, 'gt_dims_count': 15}, {'start': 1179, 'end': 1194, 'TP': 3, 'TN': 7, 'FP': 7, 'FN': 2, 'IPS': 0.6, 'k_selected': 5, 'gt_dims_count': 5}, {'start': 1491, 'end': 1516, 'TP': 1, 'TN': 13, 'FP': 3, 'FN': 2, 'IPS': 0.3333333333333333, 'k_selected': 3, 'gt_dims_count': 3}, {'start': 2493, 'end': 2505, 'TP': 0, 'TN': 13, 'FP': 3, 'FN': 3, 'IPS': 0.0, 'k_selected': 3, 'gt_dims_count': 3}, {'start': 2635, 'end': 2666, 'TP': 2, 'TN': 10, 'FP': 5, 'FN': 2, 'IPS': 0.5, 'k_selected': 4, 'gt_dims_count': 4}, {'start': 2967, 'end': 2973, 'TP': 0, 'TN': 12, 'FP': 4, 'FN': 3, 'IPS': 0.0, 'k_selected': 3, 'gt_dims_count': 3}, {'start': 3497, 'end': 3506, 'TP': 2, 'TN': 11, 'FP': 4, 'FN': 2, 'IPS': 0.5, 'k_selected': 4, 'gt_dims_count': 4}, {'start': 3511, 'end': 3523, 'TP': 3, 'TN': 12, 'FP': 4, 'FN': 0, 'IPS': 1.0, 'k_selected': 3, 'gt_dims_count': 3}, {'start': 4060, 'end': 4065, 'TP': 0, 'TN': 15, 'FP': 2, 'FN': 2, 'IPS': 0.0, 'k_selected': 2, 'gt_dims_count': 2}]
总和: {'TP': 26, 'TN': 107, 'FP': 39, 'FN': 18, 'IPS': 0.46094276094276093, 'precision': 0.4, 'recall': 0.5909090909090909, 'F1': 0.47706422018348627}
test end time:  2025-06-10 17:54:49
test time:  123.28092980384827
==============================result==============================
{'FN': 66.0,
 'FP': 10.0,
 'TN': 4013.0,
 'TP': 132.0,
 'best-f1': 0.7764656782311523,
 'best_valid_loss': -9.506777555987725,
 'latency': 4.16659722337961,
 'pot-FN': 127.0,
 'pot-FP': 1.0
,
 'pot-TN': 4022.0,
 'pot-TP': 71.0,
 'pot-f1': 0.5259219758862655,
 'pot-latency': 2.3332555581480614,
 'pot-precision': 0.9861109741512536,
 'pot-recall': 0.3585858404754626,
 'pot-threshold': -105.42720930589574,
 'precision': 0.9295773993255353,
 'pred_time': 0.42966790199279786,
 'pred_total_time': 36.58865451812744,
 'recall': 0.6666666329966346,
 'segment_results': [{'FN': 2,
                      'FP': 3,
                      'IPS': 0.0,
                      'TN': 14,
                      'TP': 0,
                      'end': 293,
                      'gt_dims_count': 2,
                      'k_selected': 2,
                      'start': 258},
                     {'FN': 0,
                      'FP': 4,
                      'IPS': 1.0,
                      'TN': 0,
                      'TP': 15,
                      'end': 689,
                      'gt_dims_count': 15,
                      'k_selected': 15,
                      'start': 651},
                     {'FN': 2,
                      'FP': 7,
                      'IPS': 0.6,
                      'TN': 7,
                      'TP': 3,
                      'end': 1194,
                      'gt_dims_count': 5,
                      'k_selected': 5,
                      'start': 1179},
                     {'FN': 2,
                      'FP': 3,
                      'IPS': 0.3333333333333333,
                      'TN': 13,
                      'TP': 1,
                      'end': 1516,
                      'gt_dims_count': 3,
                      'k_selected': 3,
                      'start': 1491},
                     {'FN': 3,
                      'FP': 3,
                      'IPS': 0.0,
                      'TN': 13,
                      'TP': 0,
                      'end': 2505,
                      'gt_dims_count': 3,
                      'k_selected': 3,
                      'start': 2493},
                     {'FN': 2,
                      'FP': 5,
                      'IPS': 0.5,
                      'TN': 10,
                      'TP': 2,
                      'end': 2666,
                      'gt_dims_count': 4,
                      'k_selected': 4,
                      'start': 2635},
                     {'FN': 3,
                      'FP': 4,
                      'IPS': 0.0,
                      'TN': 12,
                      'TP': 0,
                      'end': 2973,
                      'gt_dims_count': 3,
                      'k_selected': 3,
                      'start': 2967},
                     {'FN': 2,
                      'FP': 4,
                      'IPS': 0.5,
                      'TN': 11,
                      'TP': 2,
                      'end': 3506,
                      'gt_dims_count': 4,
                      'k_selected': 4,
                      'start': 3497},
                     {'FN': 0,
                      'FP': 4,
                      'IPS': 1.0,
                      'TN': 12,
                      'TP': 3,
                      'end': 3523,
                      'gt_dims_count': 3,
                      'k_selected': 3,
                      'start': 3511},
                     {'FN': 2,
                      'FP': 2,
                      'IPS': 0.0,
                      'TN': 15,
                      'TP': 0,
                      'end': 4065,
                      'gt_dims_count': 2,
                      'k_selected': 2,
                      'start': 4060}],
 'segment_summary': {'F1': 0.47706422018348627,
                     'FN': 18,
                     'FP': 39,
                     'IPS': 0.46094276094276093,
                     'TN': 107,
                     'TP': 26,
                     'precision': 0.4,
                     'recall': 0.5909090909090909},
 'threshold': -79.0,
 'train_time': 131.05783302783965,
 'valid_time': 0.46558431018482554}
