2025-06-10 17:06:43.362256: I tensorflow/core/platform/cpu_feature_guard.cc:141] Your CPU supports instructions that this TensorFlow binary was not compiled to use: AVX2 AVX512F FMA
Configurations
===========================================
{'batch_size': 50,
 'bf_search_max': 400.0,
 'bf_search_min': -400.0,
 'bf_search_step_size': 1.0,
 'dataset': 'omi-5',
 'dense_dim': 500,
 'early_stop': True,
 'get_score_on_dim': True,
 'gradient_clip_norm': 10.0,
 'initial_lr': 0.001,
 'l2_reg': 0.0001,
 'level': 0.001,
 'lr_anneal_epoch_freq': 40,
 'lr_anneal_factor': 0.5,
 'lr_anneal_step_freq': None,
 'max_epoch': 10,
 'max_test_size': None,
 'max_train_size': None,
 'nf_layers': 20,
 'posterior_flow_type': 'nf',
 'restore_dir': None,
 'result_dir': 'result',
 'rnn_cell': 'GRU',
 'rnn_num_hidden': 500,
 'save_dir': 'model',
 'save_z': False,
 'std_epsilon': 0.0001,
 'test_batch_size': 50,
 'test_n_z': 1,
 'test_score_filename': 'test_score.pkl',
 'test_start': 0,
 'train_score_filename': 'train_score.pkl',
 'train_start': 0,
 'use_connected_z_p': True,
 'use_connected_z_q': True,
 'valid_step_freq': 100,
 'window_length': 100,
 'x_dim': 19,
 'z_dim': 3}

train start time:  2025-06-10 17:06:20
load data of: omi-5
train:  0 None
test:  0 None
Data normalized
Data normalized
train set shape:  (8640, 19)
test set shape:  (4320, 19)
test set label shape:  (4320,)
Trainable Parameters                                            (2,560,202 in total)
------------------------------------------------------------------------------------
model/q_z_given_x/rnn_q_z/rnn/gru_cell/gates/kernel             (519, 1000)  519,000
model/q_z_given_x/rnn_q_z/rnn/gru_cell/gates/bias               (1000,)        1,000
model/q_z_given_x/rnn_q_z/rnn/gru_cell/candidate/kernel         (519, 500)   259,500
model/q_z_given_x/rnn_q_z/rnn/gru_cell/candidate/bias           (500,)           500
model/q_z_given_x/rnn_q_z/dense/kernel                          (500, 500)   250,000
model/q_z_given_x/rnn_q_z/dense/bias                            (500,)           500
model/q_z_given_x/rnn_q_z/dense_1/kernel                        (500, 500)   250,000
model/q_z_given_x/rnn_q_z/dense_1/bias                          (500,)           500
model/vae/variational/z_mean/kernel                             (503, 3)       1,509
model/vae/variational/z_mean/bias                               (3,)               3
model/vae/variational/z_std/kernel                              (503, 3)       1,509
model/vae/variational/z_std/bias                                (3,)               3
model/posterior_flow/_0/w                                       (1, 3)             3
model/posterior_flow/_0/b                                       (1,)               1
model/posterior_flow/_0/u                                       (1, 3)             3
model/posterior_flow/_1/w                                       (1, 3)             3
model/posterior_flow/_1/b                                       (1,)               1
model/posterior_flow/_1/u                                       (1, 3)             3
model/posterior_flow/_2/w                                       (1, 3)             3
model/posterior_flow/_2/b                                       (1,)               1
model/posterior_flow/_2/u                                       (1, 3)             3
model/posterior_flow/_3/w                                       (1, 3)             3
model/posterior_flow/_3/b                                       (1,)               1
model/posterior_flow/_3/u                                       (1, 3)             3
model/posterior_flow/_4/w                                       (1, 3)             3
model/posterior_flow/_4/b                                       (1,)               1
model/posterior_flow/_4/u                                       (1, 3)             3
model/posterior_flow/_5/w                                       (1, 3)             3
model/posterior_flow/_5/b                                       (1,)               1
model/posterior_flow/_5/u                                       (1, 3)             3
model/posterior_flow/_6/w                                       (1, 3)             3
model/posterior_flow/_6/b                                       (1,)               1
model/posterior_flow/_6/u                                       (1, 3)             3
model/posterior_flow/_7/w                                       (1, 3)             3
model/posterior_flow/_7/b                                       (1,)               1
model/posterior_flow/_7/u                                       (1, 3)             3
model/posterior_flow/_8/w                                       (1, 3)             3
model/posterior_flow/_8/b                                       (1,)               1
model/posterior_flow/_8/u                                       (1, 3)             3
model/posterior_flow/_9/w                                       (1, 3)             3
model/posterior_flow/_9/b                                       (1,)               1
model/posterior_flow/_9/u                                       (1, 3)             3
model/posterior_flow/_10/w                                      (1, 3)             3
model/posterior_flow/_10/b                                      (1,)               1
model/posterior_flow/_10/u                                      (1, 3)             3
model/posterior_flow/_11/w                                      (1, 3)             3
model/posterior_flow/_11/b                                      (1,)               1
model/posterior_flow/_11/u                                      (1, 3)             3
model/posterior_flow/_12/w                                      (1, 3)             3
model/posterior_flow/_12/b                                      (1,)               1
model/posterior_flow/_12/u                                      (1, 3)             3
model/posterior_flow/_13/w                                      (1, 3)             3
model/posterior_flow/_13/b                                      (1,)               1
model/posterior_flow/_13/u                                      (1, 3)             3
model/posterior_flow/_14/w                                      (1, 3)             3
model/posterior_flow/_14/b                                      (1,)               1
model/posterior_flow/_14/u                                      (1, 3)             3
model/posterior_flow/_15/w                                      (1, 3)             3
model/posterior_flow/_15/b                                      (1,)               1
model/posterior_flow/_15/u                                      (1, 3)             3
model/posterior_flow/_16/w                                      (1, 3)             3
model/posterior_flow/_16/b                                      (1,)               1
model/posterior_flow/_16/u                                      (1, 3)             3
model/posterior_flow/_17/w                                      (1, 3)             3
model/posterior_flow/_17/b                                      (1,)               1
model/posterior_flow/_17/u                                      (1, 3)             3
model/posterior_flow/_18/w                                      (1, 3)             3
model/posterior_flow/_18/b                                      (1,)               1
model/posterior_flow/_18/u                                      (1, 3)             3
model/posterior_flow/_19/w                                      (1, 3)             3
model/posterior_flow/_19/b                                      (1,)               1
model/posterior_flow/_19/u                                      (1, 3)             3
model/p_x_given_z/hidden/rnn_p_x/rnn/gru_cell/gates/kernel      (503, 1000)  503,000
model/p_x_given_z/hidden/rnn_p_x/rnn/gru_cell/gates/bias        (1000,)        1,000
model/p_x_given_z/hidden/rnn_p_x/rnn/gru_cell/candidate/kernel  (503, 500)   251,500
model/p_x_given_z/hidden/rnn_p_x/rnn/gru_cell/candidate/bias    (500,)           500
model/p_x_given_z/hidden/rnn_p_x/dense/kernel                   (500, 500)   250,000
model/p_x_given_z/hidden/rnn_p_x/dense/bias                     (500,)           500
model/p_x_given_z/hidden/rnn_p_x/dense_1/kernel                 (500, 500)   250,000
model/p_x_given_z/hidden/rnn_p_x/dense_1/bias                   (500,)           500
model/p_x_given_z/x_mean/kernel                                 (500, 19)      9,500
model/p_x_given_z/x_mean/bias                                   (19,)             19
model/p_x_given_z/x_std/kernel                                  (500, 19)      9,500
model/p_x_given_z/x_std/bias                                    (19,)             19/home/hz/anaconda3/envs/py36/lib/python3.6/site-packages/tensorflow/python/framework/dtypes.py:523: FutureWarning: Passing (type, 1) or '1type' as a synonym of type is deprecated; in a future version of numpy, it will be understood as (type, (1,)) / '(1,)type'.
  _np_qint8 = np.dtype([("qint8", np.int8, 1)])
/home/hz/anaconda3/envs/py36/lib/python3.6/site-packages/tensorflow/python/framework/dtypes.py:524: FutureWarning: Passing (type, 1) or '1type' as a synonym of type is deprecated; in a future version of numpy, it will be understood as (type, (1,)) / '(1,)type'.
  _np_quint8 = np.dtype([("quint8", np.uint8, 1)])
/home/hz/anaconda3/envs/py36/lib/python3.6/site-packages/tensorflow/python/framework/dtypes.py:525: FutureWarning: Passing (type, 1) or '1type' as a synonym of type is deprecated; in a future version of numpy, it will be understood as (type, (1,)) / '(1,)type'.
  _np_qint16 = np.dtype([("qint16", np.int16, 1)])
/home/hz/anaconda3/envs/py36/lib/python3.6/site-packages/tensorflow/python/framework/dtypes.py:526: FutureWarning: Passing (type, 1) or '1type' as a synonym of type is deprecated; in a future version of numpy, it will be understood as (type, (1,)) / '(1,)type'.
  _np_quint16 = np.dtype([("quint16", np.uint16, 1)])
/home/hz/anaconda3/envs/py36/lib/python3.6/site-packages/tensorflow/python/framework/dtypes.py:527: FutureWarning: Passing (type, 1) or '1type' as a synonym of type is deprecated; in a future version of numpy, it will be understood as (type, (1,)) / '(1,)type'.
  _np_qint32 = np.dtype([("qint32", np.int32, 1)])
/home/hz/anaconda3/envs/py36/lib/python3.6/site-packages/tensorflow/python/framework/dtypes.py:532: FutureWarning: Passing (type, 1) or '1type' as a synonym of type is deprecated; in a future version of numpy, it will be understood as (type, (1,)) / '(1,)type'.
  np_resource = np.dtype([("resource", np.ubyte, 1)])
/home/hz/anaconda3/envs/py36/lib/python3.6/site-packages/tfsnippet/utils/tfver.py:22: DeprecationWarning: Function 'semver.compare' is deprecated. Deprecated since version 2.10.0.  This function will be removed in semver 3. Use the respective 'semver.VersionInfo.compare' instead.
  compare_result = semver.compare(version, tf.__version__)
/home/hz/anaconda3/envs/py36/lib/python3.6/site-packages/tfsnippet/utils/tfver.py:22: DeprecationWarning: Function 'semver.compare' is deprecated. Deprecated since version 2.10.0.  This function will be removed in semver 3. Use the respective 'semver.VersionInfo.compare' instead.
  compare_result = semver.compare(version, tf.__version__)
INFO:tensorflow:Restoring parameters from /tmp/tmpdux930c7/variables.dat-1100
2025-06-10 17:28:07,578 [INFO] tensorflow: Restoring parameters from /tmp/tmpdux930c7/variables.dat-1100
  0%|          | 0/4221 [00:00<?, ?it/s]100%|██████████| 4221/4221 [00:00<00:00, 501278.59it/s]

train_values: (6048, 19)
[Epoch 1/10, Step 100] step time: 1.48s (±3.95s); train time: 1m 54.77s; valid time: 33.34s; loss: 0.577947 (±4.95199); valid loss: -5.42401 (*)
train_values: (6048, 19)
[Epoch 2/10, Step 200, ETA 21m 43.47s] step time: 1.178s (±2.524s); train time: 1m 16.27s; valid time: 25.36s; loss: -3.5079 (±2.29472); valid loss: 0.503273
train_values: (6048, 19)
[Epoch 3/10, Step 300, ETA 18m 50.28s] step time: 1.192s (±2.464s); train time: 1m 1.012s; valid time: 24.96s; loss: -4.44984 (±2.21204); valid loss: -2.20679
train_values: (6048, 19)
[Epoch 4/10, Step 400, ETA 16m 23.4s] step time: 1.189s (±2.426s); train time: 43.12s; valid time: 24.51s; loss: -4.43462 (±1.9398); valid loss: -6.69286 (*)
train_values: (6048, 19)
[Epoch 5/10, Step 500, ETA 13m 42.03s] step time: 1.001s (±2.156s); train time: 22.15s; valid time: 21.63s; loss: -4.61497 (±2.3147); valid loss: -4.6396
train_values: (6048, 19)
[Epoch 6/10, Step 600, ETA 11m 21.52s] step time: 1.005s (±2.164s); train time: 7.183s; valid time: 21.77s; loss: -6.0314 (±1.50428); valid loss: -5.83007
[Epoch 6/10, Step 700, ETA 9m 13.39s] step time: 1.019s (±2.356s); train time: 1m 18.27s; valid time: 23.73s; loss: -6.04611 (±1.66606); valid loss: -6.94424 (*)
train_values: (6048, 19)
[Epoch 7/10, Step 800, ETA 7m 11.83s] step time: 1.02s (±2.342s); train time: 1m 11.93s; valid time: 23.5s; loss: -6.53907 (±1.93192); valid loss: -7.8871 (*)
train_values: (6048, 19)
[Epoch 8/10, Step 900, ETA 5m 14.7s] step time: 1.023s (±2.367s); train time: 58.21s; valid time: 23.79s; loss: -7.26954 (±1.89135); valid loss: -9.15876 (*)
train_values: (6048, 19)
[Epoch 9/10, Step 1000, ETA 3m 20.26s] step time: 1.009s (±2.371s); train time: 42.72s; valid time: 23.87s; loss: -8.44851 (±1.6594); valid loss: -9.75929 (*)
train_values: (6048, 19)
[Epoch 10/10, Step 1100, ETA 1m 28.33s] step time: 1.018s (±2.364s); train time: 29.18s; valid time: 23.81s; loss: -9.74913 (±1.9251); valid loss: -11.7274 (*)
train end time:  2025-06-10 17:28:07
train time:  1307.2290306091309
test start time:  2025-06-10 17:28:07
------------------------------ testing ------------------------------
test_score shape:  (4221, 19)
test_z shape:  (4221, 100, 6)
search range:  -400.0 400.0
cur thr:  -399.0 [0.0, 0.0, 0.0, 0.0, 4147.0, 0.0, 74.0, 0.0] [0.0, 0.0, 0.0, 0.0, 4147.0, 0.0, 74.0, 0.0] -399.0
cur thr:  -349.0 [0.0, 0.0, 0.0, 0.0, 4147.0, 0.0, 74.0, 0.0] [0.0, 0.0, 0.0, 0.0, 4147.0, 0.0, 74.0, 0.0] -399.0
cur thr:  -299.0 [0.0, 0.0, 0.0, 0.0, 4147.0, 0.0, 74.0, 0.0] [0.0, 0.0, 0.0, 0.0, 4147.0, 0.0, 74.0, 0.0] -399.0
cur thr:  -249.0 [0.0, 0.0, 0.0, 0.0, 4147.0, 0.0, 74.0, 0.0] [0.0, 0.0, 0.0, 0.0, 4147.0, 0.0, 74.0, 0.0] -399.0
cur thr:  -199.0 [0.0, 0.0, 0.0, 0.0, 4147.0, 0.0, 74.0, 0.0] [0.0, 0.0, 0.0, 0.0, 4147.0, 0.0, 74.0, 0.0] -399.0
cur thr:  -149.0 [0.0, 0.0, 0.0, 0.0, 4147.0, 0.0, 74.0, 0.0] [0.0, 0.0, 0.0, 0.0, 4147.0, 0.0, 74.0, 0.0] -399.0
cur thr:  -99.0 [0.0, 0.0, 0.0, 0.0, 4146.0, 1.0, 74.0, 0.0] [0.0, 0.0, 0.0, 0.0, 4147.0, 0.0, 74.0, 0.0] -399.0
cur thr:  -49.0 [0.1839054617858962, 0.6153841420121985, 0.10810809349890628, 8.0, 4142.0, 5.0, 66.0, 3.9996000399960003] [0.1839054617858962, 0.6153841420121985, 0.10810809349890628, 8.0, 4142.0, 5.0, 66.0, 3.9996000399960003] -51.0
cur thr:  1.0 [0.29593979827514627, 0.17971013971854669, 0.8378377246165236, 62.0, 3864.0, 283.0, 12.0, 3.4999125021874455] [0.5966801831837217, 0.5046728500305747, 0.7297296311176174, 54.0, 4094.0, 53.0, 20.0, 3.333222225925802] -15.0
cur thr:  51.0 [0.034458334068533714, 0.017531390624185288, 0.9999998648648831, 74.0, 0.0, 4147.0, 0.0, 0.0] [0.5966801831837217, 0.5046728500305747, 0.7297296311176174, 54.0, 4094.0, 53.0, 20.0, 3.333222225925802] -15.0
cur thr:  101.0 [0.034458334068533714, 0.017531390624185288, 0.9999998648648831, 74.0, 0.0, 4147.0, 0.0, 0.0] [0.5966801831837217, 0.5046728500305747, 0.7297296311176174, 54.0, 4094.0, 53.0, 20.0, 3.333222225925802] -15.0
cur thr:  151.0 [0.034458334068533714, 0.017531390624185288, 0.9999998648648831, 74.0, 0.0, 4147.0, 0.0, 0.0] [0.5966801831837217, 0.5046728500305747, 0.7297296311176174, 54.0, 4094.0, 53.0, 20.0, 3.333222225925802] -15.0
cur thr:  201.0 [0.034458334068533714, 0.017531390624185288, 0.9999998648648831, 74.0, 0.0, 4147.0, 0.0, 0.0] [0.5966801831837217, 0.5046728500305747, 0.7297296311176174, 54.0, 4094.0, 53.0, 20.0, 3.333222225925802] -15.0
cur thr:  251.0 [0.034458334068533714, 0.017531390624185288, 0.9999998648648831, 74.0, 0.0, 4147.0, 0.0, 0.0] [0.5966801831837217, 0.5046728500305747, 0.7297296311176174, 54.0, 4094.0, 53.0, 20.0, 3.333222225925802] -15.0
cur thr:  301.0 [0.034458334068533714, 0.017531390624185288, 0.9999998648648831, 74.0, 0.0, 4147.0, 0.0, 0.0] [0.5966801831837217, 0.5046728500305747, 0.7297296311176174, 54.0, 4094.0, 53.0, 20.0, 3.333222225925802] -15.0
cur thr:  351.0 [0.034458334068533714, 0.017531390624185288, 0.9999998648648831, 74.0, 0.0, 4147.0, 0.0, 0.0] [0.5966801831837217, 0.5046728500305747, 0.7297296311176174, 54.0, 4094.0, 53.0, 20.0, 3.333222225925802] -15.0
[0.5966801831837217, 0.5046728500305747, 0.7297296311176174, 54.0, 4094.0, 53.0, 20.0, 3.333222225925802] -15.0
label_file: ServerMachineDataset/interpretation_label/omi-5.txt
Initial threshold : 78.510284
Number of peaks : 8
Grimshaw maximum log-likelihood estimation ... [done]
	γ = 0
	σ = 78.622215
	L = 42.9172343722913
Extreme quantile (probability = 0.001): 73.36551748768333
2
4221
POT result:  (0.0, 0.0, 0.0, 0.0, 4145.0, 2.0, 74.0) -76.42483163355479 0.0

=== 全局调试信息 ===
y_true shape: (4221,), unique values: [0. 1.]
y_pred shape: (4221,), unique values: [False  True]
feature_scores shape: (4221, 19)
y_true 中的异常段: [(666, 682), (1490, 1518), (2341, 2347), (3257, 3264), (3317, 3324), (3491, 3495)]


=== 处理第 1/6 段 ===
段范围: start=666, end=682
段内真实标签 (seg_true): [1. 1. 1. 1. 1. 1. 1. 1. 1. 1. 1. 1. 1. 1. 1. 1. 1.]
段内预测标签 (seg_pred): [False False False False False False False False False False False False
 False False False False False]
段内真实异常时间点索引 (相对段内): [ 0  1  2  3  4  5  6  7  8  9 10 11 12 13 14 15 16]
段内是否有预测为异常的时间点: False
真实异常维度 (0-based): [5, 6, 7, 8, 9, 10, 11, 12, 13, 14, 15, 16, 17, 18]
段内检测到的异常时间点索引 (相对段内): []
未检测到任何异常点，尝试从特征分数中推断异常维度
推断的异常维度 (0-based): [0, 1, 2, 3, 4, 5, 6, 7, 8, 9, 10, 11, 12, 13, 14, 15, 16, 17, 18]
真实与推断的交集: [5, 6, 7, 8, 9, 10, 11, 12, 13, 14, 15, 16, 17, 18]
段内指标: TP=14, FP=5, FN=0, TN=0, IPS=1.0000

=== 处理第 2/6 段 ===
段范围: start=1490, end=1518
段内真实标签 (seg_true): [1. 1. 1. 1. 1. 1. 1. 1. 1. 1. 1. 1. 1. 1. 1. 1. 1. 1. 1. 1. 1. 1. 1. 1.
 1. 1. 1. 1. 1.]
段内预测标签 (seg_pred): [False False False False False False False False False False False False
 False False False False False False False False False False False False
 False False False False False]
段内真实异常时间点索引 (相对段内): [ 0  1  2  3  4  5  6  7  8  9 10 11 12 13 14 15 16 17 18 19 20 21 22 23
 24 25 26 27 28]
段内是否有预测为异常的时间点: False
真实异常维度 (0-based): [1, 3, 16]
段内检测到的异常时间点索引 (相对段内): []
未检测到任何异常点，尝试从特征分数中推断异常维度
推断的异常维度 (0-based): [0, 1, 2, 4, 10, 14, 15, 18]
真实与推断的交集: [1]
段内指标: TP=1, FP=7, FN=2, TN=9, IPS=0.3333

=== 处理第 3/6 段 ===
段范围: start=2341, end=2347
段内真实标签 (seg_true): [1. 1. 1. 1. 1. 1. 1.]
段内预测标签 (seg_pred): [False False False False False False False]
段内真实异常时间点索引 (相对段内): [0 1 2 3 4 5 6]
段内是否有预测为异常的时间点: False
真实异常维度 (0-based): [7, 10, 11, 12, 13, 14, 15, 16, 17, 18]
段内检测到的异常时间点索引 (相对段内): []
未检测到任何异常点，尝试从特征分数中推断异常维度
推断的异常维度 (0-based): [0, 1, 2, 3, 4, 5, 6, 7, 8, 9, 10, 11, 12, 13, 14, 15, 16, 18]
真实与推断的交集: [7, 10, 11, 12, 13, 14, 15, 16, 18]

段内指标: TP=9, FP=9, FN=1, TN=0, IPS=0.9000

=== 处理第 4/6 段 ===
段范围: start=3257, end=3264
段内真实标签 (seg_true): [1. 1. 1. 1. 1. 1. 1. 1.]
段内预测标签 (seg_pred): [False False False False False False False False]
段内真实异常时间点索引 (相对段内): [0 1 2 3 4 5 6 7]
段内是否有预测为异常的时间点: False
真实异常维度 (0-based): [4, 5, 16]
段内检测到的异常时间点索引 (相对段内): []
未检测到任何异常点，尝试从特征分数中推断异常维度
推断的异常维度 (0-based): [0, 1, 2, 4, 15, 18]
真实与推断的交集: [4]
段内指标: TP=1, FP=5, FN=2, TN=11, IPS=0.3333

=== 处理第 5/6 段 ===
段范围: start=3317, end=3324
段内真实标签 (seg_true): [1. 1. 1. 1. 1. 1. 1. 1.]
段内预测标签 (seg_pred): [False False False False False False False False]
段内真实异常时间点索引 (相对段内): [0 1 2 3 4 5 6 7]
段内是否有预测为异常的时间点: False
真实异常维度 (0-based): [3, 4, 6, 8, 9, 10, 11, 12, 13, 14, 15, 16, 17, 18]
段内检测到的异常时间点索引 (相对段内): []
未检测到任何异常点，尝试从特征分数中推断异常维度
推断的异常维度 (0-based): [0, 1, 2, 3, 4, 5, 6, 7, 8, 9, 10, 11, 12, 13, 14, 15, 16, 17, 18]
真实与推断的交集: [3, 4, 6, 8, 9, 10, 11, 12, 13, 14, 15, 16, 17, 18]
段内指标: TP=14, FP=5, FN=0, TN=0, IPS=1.0000

=== 处理第 6/6 段 ===
段范围: start=3491, end=3495
段内真实标签 (seg_true): [1. 1. 1. 1. 1.]
段内预测标签 (seg_pred): [False False False False False]
段内真实异常时间点索引 (相对段内): [0 1 2 3 4]
段内是否有预测为异常的时间点: False
真实异常维度 (0-based): [0, 7, 16, 17, 18]
段内检测到的异常时间点索引 (相对段内): []
未检测到任何异常点，尝试从特征分数中推断异常维度
推断的异常维度 (0-based): [0, 1, 2, 3, 4, 5, 8, 15]
真实与推断的交集: [0]
段内指标: TP=1, FP=7, FN=4, TN=7, IPS=0.2000

=== 汇总指标 ===
总 TP: 40, 总 TN: 27, 总 FP: 38, 总 FN: 9
平均 IPS: 0.6032, Precision: 0.5128, Recall: 0.8163, F1: 0.6299
每段IPS与混淆: [{'start': 666, 'end': 682, 'TP': 14, 'TN': 0, 'FP': 5, 'FN': 0, 'IPS': 1.0, 'k_selected': 14, 'gt_dims_count': 14}, {'start': 1490, 'end': 1518, 'TP': 1, 'TN': 9, 'FP': 7, 'FN': 2, 'IPS': 0.3333333333333333, 'k_selected': 3, 'gt_dims_count': 3}, {'start': 2341, 'end': 2347, 'TP': 9, 'TN': 0, 'FP': 9, 'FN': 1, 'IPS': 0.9, 'k_selected': 10, 'gt_dims_count': 10}, {'start': 3257, 'end': 3264, 'TP': 1, 'TN': 11, 'FP': 5, 'FN': 2, 'IPS': 0.3333333333333333, 'k_selected': 3, 'gt_dims_count': 3}, {'start': 3317, 'end': 3324, 'TP': 14, 'TN': 0, 'FP': 5, 'FN': 0, 'IPS': 1.0, 'k_selected': 14, 'gt_dims_count': 14}, {'start': 3491, 'end': 3495, 'TP': 1, 'TN': 7, 'FP': 7, 'FN': 4, 'IPS': 0.2, 'k_selected': 5, 'gt_dims_count': 5}]
总和: {'TP': 40, 'TN': 27, 'FP': 38, 'FN': 9, 'IPS': 0.6031531531531531, 'precision': 0.5128205128205128, 'recall': 0.8163265306122449, 'F1': 0.6299212598425196}
test end time:  2025-06-10 17:30:14
test time:  126.37514567375183
==============================result==============================
{'FN': 20.0,
 'FP': 53.0,
 'TN': 4094.0,
 'TP': 54.0,
 'best-f1': 0.5966801831837217,
 'best_valid_loss': -11.727388318073688,
 'latency': 3.333222225925802,
 'pot-FN': 74.0,
 'pot-FP': 2.0,
 'pot-TN': 4145.0,
 'pot-TP': 0.0,
 'pot-f1': 0.0,
 'pot-latency': 0.0,
 'pot-precision': 0.0,
 'pot-recall': 0.0,
 'pot-threshold': -76.42483163355479,
 'precision': 0.5046728500305747,
 'pred_time': 0.4348470014684341,
 'pred_total_time': 37.03422737121582,
 'recall': 0.7297296311176174,
 'segment_results': [{'FN': 0,
                      'FP': 5,
                      'IPS': 1.0,
                      'TN': 0,
                      'TP': 14,
                      'end': 682,
                      'gt_dims_count': 14,
                      'k_selected': 14,
                      'start': 666},
                     {'FN': 2,
                      'FP': 7,
                      'IPS': 0.3333333333333333,
                      'TN': 9,
                      'TP': 1,
                      'end': 1518,
                      'gt_dims_count': 3,
                      'k_selected': 3,
                      'start': 1490},
                     {'FN': 1,
                      'FP': 9,
                      'IPS': 0.9,
                      'TN': 0,
                      'TP': 9,
                      'end': 2347,
                      'gt_dims_count': 10,
                      'k_selected': 10,
                      'start': 2341},
                     {'FN': 2,
                      'FP': 5,
                      'IPS': 0.3333333333333333,
                      'TN': 11,
                      'TP': 1,
                      'end': 3264,
                      'gt_dims_count': 3,
                      'k_selected': 3,
                      'start': 3257},
                     {'FN': 0,
                      'FP': 5,
                      'IPS': 1.0,
                      'TN': 0,
                      'TP': 14,
                      'end': 3324,
                      'gt_dims_count': 14,
                      'k_selected': 14,
                      'start': 3317},
                     {'FN': 4,
                      'FP': 7,
                      'IPS': 0.2,
                      'TN': 7,
                      'TP': 1,
                      'end': 3495,
                      'gt_dims_count': 5,
                      'k_selected': 5,
                      'start': 3491}],
 'segment_summary': {'F1': 0.6299212598425196,
                     'FN': 9,
                     'FP': 38,
                     'IPS': 0.6031531531531531,
                     'TN': 27,
                     'TP': 40,
                     'precision': 0.5128205128205128,
                     'recall': 0.8163265306122449},
 'threshold': -15.0,
 'train_time': 128.4452517747879,
 'valid_time': 0.46026491381905293}
