2025-06-10 18:17:41.113352: I tensorflow/core/platform/cpu_feature_guard.cc:141] Your CPU supports instructions that this TensorFlow binary was not compiled to use: AVX2 AVX512F FMA
Configurations
===========================================
{'batch_size': 50,
 'bf_search_max': 400.0,
 'bf_search_min': -400.0,
 'bf_search_step_size': 1.0,
 'dataset': 'omi-8',
 'dense_dim': 500,
 'early_stop': True,
 'get_score_on_dim': True,
 'gradient_clip_norm': 10.0,
 'initial_lr': 0.001,
 'l2_reg': 0.0001,
 'level': 0.001,
 'lr_anneal_epoch_freq': 40,
 'lr_anneal_factor': 0.5,
 'lr_anneal_step_freq': None,
 'max_epoch': 10,
 'max_test_size': None,
 'max_train_size': None,
 'nf_layers': 20,
 'posterior_flow_type': 'nf',
 'restore_dir': None,
 'result_dir': 'result',
 'rnn_cell': 'GRU',
 'rnn_num_hidden': 500,
 'save_dir': 'model',
 'save_z': False,
 'std_epsilon': 0.0001,
 'test_batch_size': 50,
 'test_n_z': 1,
 'test_score_filename': 'test_score.pkl',
 'test_start': 0,
 'train_score_filename': 'train_score.pkl',
 'train_start': 0,
 'use_connected_z_p': True,
 'use_connected_z_q': True,
 'valid_step_freq': 100,
 'window_length': 100,
 'x_dim': 19,
 'z_dim': 3}

train start time:  2025-06-10 18:17:18
load data of: omi-8
train:  0 None
test:  0 None
Data normalized
Data normalized
train set shape:  (8640, 19)
test set shape:  (4320, 19)
test set label shape:  (4320,)
Trainable Parameters                                            (2,560,202 in total)
------------------------------------------------------------------------------------
model/q_z_given_x/rnn_q_z/rnn/gru_cell/gates/kernel             (519, 1000)  519,000
model/q_z_given_x/rnn_q_z/rnn/gru_cell/gates/bias               (1000,)        1,000
model/q_z_given_x/rnn_q_z/rnn/gru_cell/candidate/kernel         (519, 500)   259,500
model/q_z_given_x/rnn_q_z/rnn/gru_cell/candidate/bias           (500,)           500
model/q_z_given_x/rnn_q_z/dense/kernel                          (500, 500)   250,000
model/q_z_given_x/rnn_q_z/dense/bias                            (500,)           500
model/q_z_given_x/rnn_q_z/dense_1/kernel                        (500, 500)   250,000
model/q_z_given_x/rnn_q_z/dense_1/bias                          (500,)           500
model/vae/variational/z_mean/kernel                             (503, 3)       1,509
model/vae/variational/z_mean/bias                               (3,)               3
model/vae/variational/z_std/kernel                              (503, 3)       1,509
model/vae/variational/z_std/bias                                (3,)               3
model/posterior_flow/_0/w                                       (1, 3)             3
model/posterior_flow/_0/b                                       (1,)               1
model/posterior_flow/_0/u                                       (1, 3)             3
model/posterior_flow/_1/w                                       (1, 3)             3
model/posterior_flow/_1/b                                       (1,)               1
model/posterior_flow/_1/u                                       (1, 3)             3
model/posterior_flow/_2/w                                       (1, 3)             3
model/posterior_flow/_2/b                                       (1,)               1
model/posterior_flow/_2/u                                       (1, 3)             3
model/posterior_flow/_3/w                                       (1, 3)             3
model/posterior_flow/_3/b                                       (1,)               1
model/posterior_flow/_3/u                                       (1, 3)             3
model/posterior_flow/_4/w                                       (1, 3)             3
model/posterior_flow/_4/b                                       (1,)               1
model/posterior_flow/_4/u                                       (1, 3)             3
model/posterior_flow/_5/w                                       (1, 3)             3
model/posterior_flow/_5/b                                       (1,)               1
model/posterior_flow/_5/u                                       (1, 3)             3
model/posterior_flow/_6/w                                       (1, 3)             3
model/posterior_flow/_6/b                                       (1,)               1
model/posterior_flow/_6/u                                       (1, 3)             3
model/posterior_flow/_7/w                                       (1, 3)             3
model/posterior_flow/_7/b                                       (1,)               1
model/posterior_flow/_7/u                                       (1, 3)             3
model/posterior_flow/_8/w                                       (1, 3)             3
model/posterior_flow/_8/b                                       (1,)               1
model/posterior_flow/_8/u                                       (1, 3)             3
model/posterior_flow/_9/w                                       (1, 3)             3
model/posterior_flow/_9/b                                       (1,)               1
model/posterior_flow/_9/u                                       (1, 3)             3
model/posterior_flow/_10/w                                      (1, 3)             3
model/posterior_flow/_10/b                                      (1,)               1
model/posterior_flow/_10/u                                      (1, 3)             3
model/posterior_flow/_11/w                                      (1, 3)             3
model/posterior_flow/_11/b                                      (1,)               1
model/posterior_flow/_11/u                                      (1, 3)             3
model/posterior_flow/_12/w                                      (1, 3)             3
model/posterior_flow/_12/b                                      (1,)               1
model/posterior_flow/_12/u                                      (1, 3)             3
model/posterior_flow/_13/w                                      (1, 3)             3
model/posterior_flow/_13/b                                      (1,)               1
model/posterior_flow/_13/u                                      (1, 3)             3
model/posterior_flow/_14/w                                      (1, 3)             3
model/posterior_flow/_14/b                                      (1,)               1
model/posterior_flow/_14/u                                      (1, 3)             3
model/posterior_flow/_15/w                                      (1, 3)             3
model/posterior_flow/_15/b                                      (1,)               1
model/posterior_flow/_15/u                                      (1, 3)             3
model/posterior_flow/_16/w                                      (1, 3)             3
model/posterior_flow/_16/b                                      (1,)               1
model/posterior_flow/_16/u                                      (1, 3)             3
model/posterior_flow/_17/w                                      (1, 3)             3
model/posterior_flow/_17/b                                      (1,)               1
model/posterior_flow/_17/u                                      (1, 3)             3
model/posterior_flow/_18/w                                      (1, 3)             3
model/posterior_flow/_18/b                                      (1,)               1
model/posterior_flow/_18/u                                      (1, 3)             3
model/posterior_flow/_19/w                                      (1, 3)             3
model/posterior_flow/_19/b                                      (1,)               1
model/posterior_flow/_19/u                                      (1, 3)             3
model/p_x_given_z/hidden/rnn_p_x/rnn/gru_cell/gates/kernel      (503, 1000)  503,000
model/p_x_given_z/hidden/rnn_p_x/rnn/gru_cell/gates/bias        (1000,)        1,000
model/p_x_given_z/hidden/rnn_p_x/rnn/gru_cell/candidate/kernel  (503, 500)   251,500
model/p_x_given_z/hidden/rnn_p_x/rnn/gru_cell/candidate/bias    (500,)           500
model/p_x_given_z/hidden/rnn_p_x/dense/kernel                   (500, 500)   250,000
model/p_x_given_z/hidden/rnn_p_x/dense/bias                     (500,)           500
model/p_x_given_z/hidden/rnn_p_x/dense_1/kernel                 (500, 500)   250,000
model/p_x_given_z/hidden/rnn_p_x/dense_1/bias                   (500,)           500
model/p_x_given_z/x_mean/kernel                                 (500, 19)      9,500
model/p_x_given_z/x_mean/bias                                   (19,)             19
model/p_x_given_z/x_std/kernel                                  (500, 19)      9,500
model/p_x_given_z/x_std/bias                                    (19,)             19/home/hz/anaconda3/envs/py36/lib/python3.6/site-packages/tensorflow/python/framework/dtypes.py:523: FutureWarning: Passing (type, 1) or '1type' as a synonym of type is deprecated; in a future version of numpy, it will be understood as (type, (1,)) / '(1,)type'.
  _np_qint8 = np.dtype([("qint8", np.int8, 1)])
/home/hz/anaconda3/envs/py36/lib/python3.6/site-packages/tensorflow/python/framework/dtypes.py:524: FutureWarning: Passing (type, 1) or '1type' as a synonym of type is deprecated; in a future version of numpy, it will be understood as (type, (1,)) / '(1,)type'.
  _np_quint8 = np.dtype([("quint8", np.uint8, 1)])
/home/hz/anaconda3/envs/py36/lib/python3.6/site-packages/tensorflow/python/framework/dtypes.py:525: FutureWarning: Passing (type, 1) or '1type' as a synonym of type is deprecated; in a future version of numpy, it will be understood as (type, (1,)) / '(1,)type'.
  _np_qint16 = np.dtype([("qint16", np.int16, 1)])
/home/hz/anaconda3/envs/py36/lib/python3.6/site-packages/tensorflow/python/framework/dtypes.py:526: FutureWarning: Passing (type, 1) or '1type' as a synonym of type is deprecated; in a future version of numpy, it will be understood as (type, (1,)) / '(1,)type'.
  _np_quint16 = np.dtype([("quint16", np.uint16, 1)])
/home/hz/anaconda3/envs/py36/lib/python3.6/site-packages/tensorflow/python/framework/dtypes.py:527: FutureWarning: Passing (type, 1) or '1type' as a synonym of type is deprecated; in a future version of numpy, it will be understood as (type, (1,)) / '(1,)type'.
  _np_qint32 = np.dtype([("qint32", np.int32, 1)])
/home/hz/anaconda3/envs/py36/lib/python3.6/site-packages/tensorflow/python/framework/dtypes.py:532: FutureWarning: Passing (type, 1) or '1type' as a synonym of type is deprecated; in a future version of numpy, it will be understood as (type, (1,)) / '(1,)type'.
  np_resource = np.dtype([("resource", np.ubyte, 1)])
/home/hz/anaconda3/envs/py36/lib/python3.6/site-packages/tfsnippet/utils/tfver.py:22: DeprecationWarning: Function 'semver.compare' is deprecated. Deprecated since version 2.10.0.  This function will be removed in semver 3. Use the respective 'semver.VersionInfo.compare' instead.
  compare_result = semver.compare(version, tf.__version__)
/home/hz/anaconda3/envs/py36/lib/python3.6/site-packages/tfsnippet/utils/tfver.py:22: DeprecationWarning: Function 'semver.compare' is deprecated. Deprecated since version 2.10.0.  This function will be removed in semver 3. Use the respective 'semver.VersionInfo.compare' instead.
  compare_result = semver.compare(version, tf.__version__)
INFO:tensorflow:Restoring parameters from /tmp/tmp5_juvao_/variables.dat-400
2025-06-10 18:37:36,465 [INFO] tensorflow: Restoring parameters from /tmp/tmp5_juvao_/variables.dat-400
  0%|          | 0/4221 [00:00<?, ?it/s]100%|██████████| 4221/4221 [00:00<00:00, 853418.04it/s]

train_values: (6048, 19)
[Epoch 1/10, Step 100] step time: 1.296s (±3.632s); train time: 1m 40.64s; valid time: 29.04s; loss: 350.474 (±3272.2); valid loss: -4.13368 (*)
train_values: (6048, 19)
[Epoch 2/10, Step 200, ETA 19m 6.433s] step time: 1.042s (±2.612s); train time: 1m 3.748s; valid time: 26.33s; loss: -3.7827 (±3.77243); valid loss: -5.36435 (*)
train_values: (6048, 19)
[Epoch 3/10, Step 300, ETA 17m 10.42s] step time: 1.172s (±2.534s); train time: 58.98s; valid time: 25.42s; loss: -4.41704 (±3.14356); valid loss: -4.81221
train_values: (6048, 19)
[Epoch 4/10, Step 400, ETA 14m 47.78s] step time: 1.039s (±2.363s); train time: 34.59s; valid time: 23.95s; loss: -5.12454 (±1.80966); valid loss: -6.70347 (*)
train_values: (6048, 19)
[Epoch 5/10, Step 500, ETA 12m 31.28s] step time: 0.9708s (±2.069s); train time: 21.63s; valid time: 20.78s; loss: -4.81707 (±3.17477); valid loss: -4.73988
train_values: (6048, 19)
[Epoch 6/10, Step 600, ETA 10m 27.56s] step time: 0.9672s (±2.078s); train time: 8.264s; valid time: 20.9s; loss: -5.29616 (±5.74815); valid loss: -1.90467
[Epoch 6/10, Step 700, ETA 8m 30.52s] step time: 0.9525s (±2.073s); train time: 1m 14.57s; valid time: 20.73s; loss: -5.71669 (±2.65008); valid loss: -6.36259
train_values: (6048, 19)
[Epoch 7/10, Step 800, ETA 6m 39.4s] step time: 0.9627s (±2.071s); train time: 1m 10.2s; valid time: 20.49s; loss: -5.75111 (±2.4933); valid loss: -5.30322
train_values: (6048, 19)
[Epoch 8/10, Step 900, ETA 4m 52.01s] step time: 0.9768s (±2.106s); train time: 56.68s; valid time: 21.18s; loss: -6.54445 (±2.05445); valid loss: 0.88006
train_values: (6048, 19)
[Epoch 9/10, Step 1000, ETA 3m 6.263s] step time: 0.9613s (±2.036s); train time: 41.62s; valid time: 20.49s; loss: -5.46372 (±4.95056); valid loss: -6.41969
train_values: (6048, 19)
[Epoch 10/10, Step 1100, ETA 1m 22.29s] step time: 0.966s (±2.098s); train time: 28.47s; valid time: 20.99s; loss: -6.91307 (±2.34402); valid loss: -3.7609
train end time:  2025-06-10 18:37:36
train time:  1218.7138276100159
test start time:  2025-06-10 18:37:36
------------------------------ testing ------------------------------
test_score shape:  (4221, 19)
test_z shape:  (4221, 100, 6)
search range:  -400.0 400.0
cur thr:  -399.0 [0.13861255760366611, 0.9999992857147959, 0.07446808114531484, 14.0, 4033.0, 0.0, 174.0, 3.9996000399960003] [0.13861255760366611, 0.9999992857147959, 0.07446808114531484, 14.0, 4033.0, 0.0, 174.0, 3.9996000399960003] -399.0
cur thr:  -349.0 [0.5584864011694999, 0.9610388362287225, 0.39361700033952124, 74.0, 4030.0, 3.0, 114.0, 6.999650017499125] [0.5648813997142769, 0.9999998648648831, 0.39361700033952124, 74.0, 4033.0, 0.0, 114.0, 6.999650017499125] -395.0
cur thr:  -299.0 [0.5934022617008419, 0.9529410643598748, 0.4308510409121787, 81.0, 4029.0, 4.0, 107.0, 4.9998333388887035] [0.5955839225002181, 0.9642855994898095, 0.4308510409121787, 81.0, 4030.0, 3.0, 107.0, 5.333155561481283] -340.0
cur thr:  -249.0 [0.5890865407258812, 0.9310343757431752, 0.4308510409121787, 81.0, 4027.0, 6.0, 107.0, 4.9998333388887035] [0.5955839225002181, 0.9642855994898095, 0.4308510409121787, 81.0, 4030.0, 3.0, 107.0, 5.333155561481283] -340.0
cur thr:  -199.0 [0.5704180197731873, 0.8437499121093841, 0.4308510409121787, 81.0, 4018.0, 15.0, 107.0, 2.999900003333222] [0.5955839225002181, 0.9642855994898095, 0.4308510409121787, 81.0, 4030.0, 3.0, 107.0, 5.333155561481283] -340.0
cur thr:  -149.0 [0.5510157596757235, 0.7641508713065216, 0.4308510409121787, 81.0, 4008.0, 25.0, 107.0, 2.999900003333222] [0.5955839225002181, 0.9642855994898095, 0.4308510409121787, 81.0, 4030.0, 3.0, 107.0, 5.333155561481283] -340.0
cur thr:  -99.0 [0.5418013154617101, 0.7297296639883185, 0.4308510409121787, 81.0, 4003.0, 30.0, 107.0, 2.999900003333222] [0.5955839225002181, 0.9642855994898095, 0.4308510409121787, 81.0, 4030.0, 3.0, 107.0, 5.333155561481283] -340.0
cur thr:  -49.0 [0.5015430912298834, 0.5999999555555589, 0.4308510409121787, 81.0, 3979.0, 54.0, 107.0, 2.6665777807406417] [0.5955839225002181, 0.9642855994898095, 0.4308510409121787, 81.0, 4030.0, 3.0, 107.0, 5.333155561481283] -340.0
cur thr:  1.0 [0.4771537151452218, 0.3133333281111112, 0.9999999468085135, 188.0, 3621.0, 412.0, 0.0, 5.599888002239956] [0.7169763262143908, 0.5916954812562117, 0.9095744197034883, 171.0, 3915.0, 118.0, 17.0, 6.499837504062399] -24.0
cur thr:  51.0 [0.08527929205155288, 0.044539208612795055, 0.9999999468085135, 188.0, 0.0, 4033.0, 0.0, 0.0] [0.7169763262143908, 0.5916954812562117, 0.9095744197034883, 171.0, 3915.0, 118.0, 17.0, 6.499837504062399] -24.0
cur thr:  101.0 [0.08527929205155288, 0.044539208612795055, 0.9999999468085135, 188.0, 0.0, 4033.0, 0.0, 0.0] [0.7169763262143908, 0.5916954812562117, 0.9095744197034883, 171.0, 3915.0, 118.0, 17.0, 6.499837504062399] -24.0
cur thr:  151.0 [0.08527929205155288, 0.044539208612795055, 0.9999999468085135, 188.0, 0.0, 4033.0, 0.0, 0.0] [0.7169763262143908, 0.5916954812562117, 0.9095744197034883, 171.0, 3915.0, 118.0, 17.0, 6.499837504062399] -24.0
cur thr:  201.0 [0.08527929205155288, 0.044539208612795055, 0.9999999468085135, 188.0, 0.0, 4033.0, 0.0, 0.0] [0.7169763262143908, 0.5916954812562117, 0.9095744197034883, 171.0, 3915.0, 118.0, 17.0, 6.499837504062399] -24.0
cur thr:  251.0 [0.08527929205155288, 0.044539208612795055, 0.9999999468085135, 188.0, 0.0, 4033.0, 0.0, 0.0] [0.7169763262143908, 0.5916954812562117, 0.9095744197034883, 171.0, 3915.0, 118.0, 17.0, 6.499837504062399] -24.0
cur thr:  301.0 [0.08527929205155288, 0.044539208612795055, 0.9999999468085135, 188.0, 0.0, 4033.0, 0.0, 0.0] [0.7169763262143908, 0.5916954812562117, 0.9095744197034883, 171.0, 3915.0, 118.0, 17.0, 6.499837504062399] -24.0
cur thr:  351.0 [0.08527929205155288, 0.044539208612795055, 0.9999999468085135, 188.0, 0.0, 4033.0, 0.0, 0.0] [0.7169763262143908, 0.5916954812562117, 0.9095744197034883, 171.0, 3915.0, 118.0, 17.0, 6.499837504062399] -24.0
[0.7169763262143908, 0.5916954812562117, 0.9095744197034883, 171.0, 3915.0, 118.0, 17.0, 6.499837504062399] -24.0
label_file: ServerMachineDataset/interpretation_label/omi-8.txt
Initial threshold : 247.25055
Number of peaks : 8
Grimshaw maximum log-likelihood estimation ... [done]
	γ = 0
	σ = 31.5675
	L = 35.61702466996269
Extreme quantile (probability = 0.001): 245.18488091238962
15
4221
POT result:  (0.5890865407258812, 0.9310343757431752, 0.4308510409121787, 81.0, 4027.0, 6.0, 107.0) -246.93538929456622 4.9998333388887035

=== 全局调试信息 ===
y_true shape: (4221,), unique values: [0. 1.]
y_pred shape: (4221,), unique values: [False  True]
feature_scores shape: (4221, 19)
y_true 中的异常段: [(641, 654), (665, 681), (2220, 2226), (2487, 2576), (2798, 2857)]


=== 处理第 1/5 段 ===
段范围: start=641, end=654
段内真实标签 (seg_true): [1. 1. 1. 1. 1. 1. 1. 1. 1. 1. 1. 1. 1. 1.]
段内预测标签 (seg_pred): [ True  True  True  True  True  True  True  True  True  True  True  True
  True  True]
段内真实异常时间点索引 (相对段内): [ 0  1  2  3  4  5  6  7  8  9 10 11 12 13]
段内是否有预测为异常的时间点: True
真实异常维度 (0-based): [1, 3]
段内检测到的异常时间点索引 (相对段内): [ 0  1  2  3  4  5  6  7  8  9 10 11 12 13]
推断的异常维度 (0-based): [1, 2, 3, 4]
真实与推断的交集: [1, 3]
段内指标: TP=2, FP=2, FN=0, TN=15, IPS=1.0000

=== 处理第 2/5 段 ===
段范围: start=665, end=681
段内真实标签 (seg_true): [1. 1. 1. 1. 1. 1. 1. 1. 1. 1. 1. 1. 1. 1. 1. 1. 1.]
段内预测标签 (seg_pred): [False False False False False False False False False False False False
 False False False False False]
段内真实异常时间点索引 (相对段内): [ 0  1  2  3  4  5  6  7  8  9 10 11 12 13 14 15 16]
段内是否有预测为异常的时间点: False
真实异常维度 (0-based): [5, 6, 7, 8, 9, 10, 11, 12, 13, 14, 15, 16, 17, 18]
段内检测到的异常时间点索引 (相对段内): []
未检测到任何异常点，尝试从特征分数中推断异常维度
推断的异常维度 (0-based): [0, 1, 2, 3, 4, 5, 6, 7, 8, 9, 10, 11, 12, 13, 14, 15, 16, 17, 18]
真实与推断的交集: [5, 6, 7, 8, 9, 10, 11, 12, 13, 14, 15, 16, 17, 18]

段内指标: TP=14, FP=5, FN=0, TN=0, IPS=1.0000

=== 处理第 3/5 段 ===
段范围: start=2220, end=2226
段内真实标签 (seg_true): [1. 1. 1. 1. 1. 1. 1.]
段内预测标签 (seg_pred): [ True  True  True  True  True  True  True]
段内真实异常时间点索引 (相对段内): [0 1 2 3 4 5 6]
段内是否有预测为异常的时间点: True
真实异常维度 (0-based): [3, 4, 5]
段内检测到的异常时间点索引 (相对段内): [0 1 2 3 4 5 6]
推断的异常维度 (0-based): [1, 2, 3, 5, 16]
真实与推断的交集: [3, 5]
段内指标: TP=2, FP=3, FN=1, TN=13, IPS=0.6667

=== 处理第 4/5 段 ===
段范围: start=2487, end=2576
段内真实标签 (seg_true): [1. 1. 1. 1. 1. 1. 1. 1. 1. 1. 1. 1. 1. 1. 1. 1. 1. 1. 1. 1. 1. 1. 1. 1.
 1. 1. 1. 1. 1. 1. 1. 1. 1. 1. 1. 1. 1. 1. 1. 1. 1. 1. 1. 1. 1. 1. 1. 1.
 1. 1. 1. 1. 1. 1. 1. 1. 1. 1. 1. 1. 1. 1. 1. 1. 1. 1. 1. 1. 1. 1. 1. 1.
 1. 1. 1. 1. 1. 1. 1. 1. 1. 1. 1. 1. 1. 1. 1. 1. 1. 1.]
段内预测标签 (seg_pred): [False False False False False False False False False False False False
 False False False False False False False False False False False False
 False False False False False False False False False False False False
 False False False False False False False False False False False False
 False False False False False False False False False False False False
 False False False False False False False False False False False False
 False False False False False False False False False False False False
 False False False False False False]
段内真实异常时间点索引 (相对段内): [ 0  1  2  3  4  5  6  7  8  9 10 11 12 13 14 15 16 17 18 19 20 21 22 23
 24 25 26 27 28 29 30 31 32 33 34 35 36 37 38 39 40 41 42 43 44 45 46 47
 48 49 50 51 52 53 54 55 56 57 58 59 60 61 62 63 64 65 66 67 68 69 70 71
 72 73 74 75 76 77 78 79 80 81 82 83 84 85 86 87 88 89]
段内是否有预测为异常的时间点: False
真实异常维度 (0-based): [4, 5, 7, 16, 17, 18]
段内检测到的异常时间点索引 (相对段内): []
未检测到任何异常点，尝试从特征分数中推断异常维度
推断的异常维度 (0-based): [0, 1, 2, 3, 4, 5, 7, 8, 10, 14, 15, 16, 18]
真实与推断的交集: [4, 5, 7, 16, 18]
段内指标: TP=5, FP=8, FN=1, TN=5, IPS=0.8333

=== 处理第 5/5 段 ===
段范围: start=2798, end=2857
段内真实标签 (seg_true): [1. 1. 1. 1. 1. 1. 1. 1. 1. 1. 1. 1. 1. 1. 1. 1. 1. 1. 1. 1. 1. 1. 1. 1.
 1. 1. 1. 1. 1. 1. 1. 1. 1. 1. 1. 1. 1. 1. 1. 1. 1. 1. 1. 1. 1. 1. 1. 1.
 1. 1. 1. 1. 1. 1. 1. 1. 1. 1. 1. 1.]
段内预测标签 (seg_pred): [ True  True  True  True  True  True  True  True  True  True  True  True
  True  True  True  True  True  True  True  True  True  True  True  True
  True  True  True  True  True  True  True  True  True  True  True  True
  True  True  True  True  True  True  True  True  True  True  True  True
  True  True  True  True  True  True  True  True  True  True  True  True]
段内真实异常时间点索引 (相对段内): [ 0  1  2  3  4  5  6  7  8  9 10 11 12 13 14 15 16 17 18 19 20 21 22 23
 24 25 26 27 28 29 30 31 32 33 34 35 36 37 38 39 40 41 42 43 44 45 46 47
 48 49 50 51 52 53 54 55 56 57 58 59]
段内是否有预测为异常的时间点: True
真实异常维度 (0-based): [1, 5, 7, 16, 17, 18]
段内检测到的异常时间点索引 (相对段内): [ 0  1  2  3  4  5  6  7  8  9 10 11 12 13 14 15 16 17 18 19 20 21 22 23
 24 25 26 27 28 29 30 31 32 33 34 35 36 37 38 39 40 41 42 43 44 45 46 47
 48 49 50 51 52 53 54 55 56 57 58 59]
推断的异常维度 (0-based): [0, 1, 2, 3, 4, 5, 7, 8, 9, 12, 14, 15, 16, 18]
真实与推断的交集: [1, 5, 7, 16, 18]
段内指标: TP=5, FP=9, FN=1, TN=4, IPS=0.8333

=== 汇总指标 ===
总 TP: 28, 总 TN: 37, 总 FP: 27, 总 FN: 3
平均 IPS: 0.8546, Precision: 0.5091, Recall: 0.9032, F1: 0.6512
每段IPS与混淆: [{'start': 641, 'end': 654, 'TP': 2, 'TN': 15, 'FP': 2, 'FN': 0, 'IPS': 1.0, 'k_selected': 2, 'gt_dims_count': 2}, {'start': 665, 'end': 681, 'TP': 14, 'TN': 0, 'FP': 5, 'FN': 0, 'IPS': 1.0, 'k_selected': 14, 'gt_dims_count': 14}, {'start': 2220, 'end': 2226, 'TP': 2, 'TN': 13, 'FP': 3, 'FN': 1, 'IPS': 0.6666666666666666, 'k_selected': 3, 'gt_dims_count': 3}, {'start': 2487, 'end': 2576, 'TP': 5, 'TN': 5, 'FP': 8, 'FN': 1, 'IPS': 0.8333333333333334, 'k_selected': 6, 'gt_dims_count': 6}, {'start': 2798, 'end': 2857, 'TP': 5, 'TN': 4, 'FP': 9, 'FN': 1, 'IPS': 0.8333333333333334, 'k_selected': 6, 'gt_dims_count': 6}]
总和: {'TP': 28, 'TN': 37, 'FP': 27, 'FN': 3, 'IPS': 0.8546099290780141, 'precision': 0.509090909090909, 'recall': 0.9032258064516129, 'F1': 0.6511627906976745}
test end time:  2025-06-10 18:39:37
test time:  120.9383225440979
==============================result==============================
{'FN': 17.0,
 'FP': 118.0,
 'TN': 3915.0,
 'TP': 171.0,
 'best-f1': 0.7169763262143908,
 'best_valid_loss': -6.703472095335815,
 'latency': 6.499837504062399,
 'pot-FN': 107.0,
 'pot-FP': 6.0,
 'pot-TN': 4027.0,
 'pot-TP': 81.0,
 'pot-f1': 0.5890865407258812,
 'pot-latency': 4.9998333388887035,
 'pot-precision': 0.9310343757431752,
 'pot-recall': 0.4308510409121787,
 'pot-threshold': -246.93538929456622,
 'precision': 0.5916954812562117,
 'pred_time': 0.42369363448199104,
 'pred_total_time': 36.068883180618286,
 'recall': 0.9095744197034883,
 'segment_results': [{'FN': 0,
                      'FP': 2,
                      'IPS': 1.0,
                      'TN': 15,
                      'TP': 2,
                      'end': 654,
                      'gt_dims_count': 2,
                      'k_selected': 2,
                      'start': 641},
                     {'FN': 0,
                      'FP': 5,
                      'IPS': 1.0,
                      'TN': 0,
                      'TP': 14,
                      'end': 681,
                      'gt_dims_count': 14,
                      'k_selected': 14,
                      'start': 665},
                     {'FN': 1,
                      'FP': 3,
                      'IPS': 0.6666666666666666,
                      'TN': 13,
                      'TP': 2,
                      'end': 2226,
                      'gt_dims_count': 3,
                      'k_selected': 3,
                      'start': 2220},
                     {'FN': 1,
                      'FP': 8,
                      'IPS': 0.8333333333333334,
                      'TN': 5,
                      'TP': 5,
                      'end': 2576,
                      'gt_dims_count': 6,
                      'k_selected': 6,
                      'start': 2487},
                     {'FN': 1,
                      'FP': 9,
                      'IPS': 0.8333333333333334,
                      'TN': 4,
                      'TP': 5,
                      'end': 2857,
                      'gt_dims_count': 6,
                      'k_selected': 6,
                      'start': 2798}],
 'segment_summary': {'F1': 0.6511627906976745,
                     'FN': 3,
                     'FP': 27,
                     'IPS': 0.8546099290780141,
                     'TN': 37,
                     'TP': 28,
                     'precision': 0.509090909090909,
                     'recall': 0.9032258064516129},
 'threshold': -24.0,
 'train_time': 119.57920942306518,
 'valid_time': 0.4404302826794711}
