2025-06-10 18:40:18.349325: I tensorflow/core/platform/cpu_feature_guard.cc:141] Your CPU supports instructions that this TensorFlow binary was not compiled to use: AVX2 AVX512F FMA
Configurations
===========================================
{'batch_size': 50,
 'bf_search_max': 400.0,
 'bf_search_min': -400.0,
 'bf_search_step_size': 1.0,
 'dataset': 'omi-9',
 'dense_dim': 500,
 'early_stop': True,
 'get_score_on_dim': True,
 'gradient_clip_norm': 10.0,
 'initial_lr': 0.001,
 'l2_reg': 0.0001,
 'level': 0.001,
 'lr_anneal_epoch_freq': 40,
 'lr_anneal_factor': 0.5,
 'lr_anneal_step_freq': None,
 'max_epoch': 10,
 'max_test_size': None,
 'max_train_size': None,
 'nf_layers': 20,
 'posterior_flow_type': 'nf',
 'restore_dir': None,
 'result_dir': 'result',
 'rnn_cell': 'GRU',
 'rnn_num_hidden': 500,
 'save_dir': 'model',
 'save_z': False,
 'std_epsilon': 0.0001,
 'test_batch_size': 50,
 'test_n_z': 1,
 'test_score_filename': 'test_score.pkl',
 'test_start': 0,
 'train_score_filename': 'train_score.pkl',
 'train_start': 0,
 'use_connected_z_p': True,
 'use_connected_z_q': True,
 'valid_step_freq': 100,
 'window_length': 100,
 'x_dim': 19,
 'z_dim': 3}

train start time:  2025-06-10 18:39:55
load data of: omi-9
train:  0 None
test:  0 None
Data normalized
Data normalized
train set shape:  (8640, 19)
test set shape:  (4320, 19)
test set label shape:  (4320,)
Trainable Parameters                                            (2,560,202 in total)
------------------------------------------------------------------------------------
model/q_z_given_x/rnn_q_z/rnn/gru_cell/gates/kernel             (519, 1000)  519,000
model/q_z_given_x/rnn_q_z/rnn/gru_cell/gates/bias               (1000,)        1,000
model/q_z_given_x/rnn_q_z/rnn/gru_cell/candidate/kernel         (519, 500)   259,500
model/q_z_given_x/rnn_q_z/rnn/gru_cell/candidate/bias           (500,)           500
model/q_z_given_x/rnn_q_z/dense/kernel                          (500, 500)   250,000
model/q_z_given_x/rnn_q_z/dense/bias                            (500,)           500
model/q_z_given_x/rnn_q_z/dense_1/kernel                        (500, 500)   250,000
model/q_z_given_x/rnn_q_z/dense_1/bias                          (500,)           500
model/vae/variational/z_mean/kernel                             (503, 3)       1,509
model/vae/variational/z_mean/bias                               (3,)               3
model/vae/variational/z_std/kernel                              (503, 3)       1,509
model/vae/variational/z_std/bias                                (3,)               3
model/posterior_flow/_0/w                                       (1, 3)             3
model/posterior_flow/_0/b                                       (1,)               1
model/posterior_flow/_0/u                                       (1, 3)             3
model/posterior_flow/_1/w                                       (1, 3)             3
model/posterior_flow/_1/b                                       (1,)               1
model/posterior_flow/_1/u                                       (1, 3)             3
model/posterior_flow/_2/w                                       (1, 3)             3
model/posterior_flow/_2/b                                       (1,)               1
model/posterior_flow/_2/u                                       (1, 3)             3
model/posterior_flow/_3/w                                       (1, 3)             3
model/posterior_flow/_3/b                                       (1,)               1
model/posterior_flow/_3/u                                       (1, 3)             3
model/posterior_flow/_4/w                                       (1, 3)             3
model/posterior_flow/_4/b                                       (1,)               1
model/posterior_flow/_4/u                                       (1, 3)             3
model/posterior_flow/_5/w                                       (1, 3)             3
model/posterior_flow/_5/b                                       (1,)               1
model/posterior_flow/_5/u                                       (1, 3)             3
model/posterior_flow/_6/w                                       (1, 3)             3
model/posterior_flow/_6/b                                       (1,)               1
model/posterior_flow/_6/u                                       (1, 3)             3
model/posterior_flow/_7/w                                       (1, 3)             3
model/posterior_flow/_7/b                                       (1,)               1
model/posterior_flow/_7/u                                       (1, 3)             3
model/posterior_flow/_8/w                                       (1, 3)             3
model/posterior_flow/_8/b                                       (1,)               1
model/posterior_flow/_8/u                                       (1, 3)             3
model/posterior_flow/_9/w                                       (1, 3)             3
model/posterior_flow/_9/b                                       (1,)               1
model/posterior_flow/_9/u                                       (1, 3)             3
model/posterior_flow/_10/w                                      (1, 3)             3
model/posterior_flow/_10/b                                      (1,)               1
model/posterior_flow/_10/u                                      (1, 3)             3
model/posterior_flow/_11/w                                      (1, 3)             3
model/posterior_flow/_11/b                                      (1,)               1
model/posterior_flow/_11/u                                      (1, 3)             3
model/posterior_flow/_12/w                                      (1, 3)             3
model/posterior_flow/_12/b                                      (1,)               1
model/posterior_flow/_12/u                                      (1, 3)             3
model/posterior_flow/_13/w                                      (1, 3)             3
model/posterior_flow/_13/b                                      (1,)               1
model/posterior_flow/_13/u                                      (1, 3)             3
model/posterior_flow/_14/w                                      (1, 3)             3
model/posterior_flow/_14/b                                      (1,)               1
model/posterior_flow/_14/u                                      (1, 3)             3
model/posterior_flow/_15/w                                      (1, 3)             3
model/posterior_flow/_15/b                                      (1,)               1
model/posterior_flow/_15/u                                      (1, 3)             3
model/posterior_flow/_16/w                                      (1, 3)             3
model/posterior_flow/_16/b                                      (1,)               1
model/posterior_flow/_16/u                                      (1, 3)             3
model/posterior_flow/_17/w                                      (1, 3)             3
model/posterior_flow/_17/b                                      (1,)               1
model/posterior_flow/_17/u                                      (1, 3)             3
model/posterior_flow/_18/w                                      (1, 3)             3
model/posterior_flow/_18/b                                      (1,)               1
model/posterior_flow/_18/u                                      (1, 3)             3
model/posterior_flow/_19/w                                      (1, 3)             3
model/posterior_flow/_19/b                                      (1,)               1
model/posterior_flow/_19/u                                      (1, 3)             3
model/p_x_given_z/hidden/rnn_p_x/rnn/gru_cell/gates/kernel      (503, 1000)  503,000
model/p_x_given_z/hidden/rnn_p_x/rnn/gru_cell/gates/bias        (1000,)        1,000
model/p_x_given_z/hidden/rnn_p_x/rnn/gru_cell/candidate/kernel  (503, 500)   251,500
model/p_x_given_z/hidden/rnn_p_x/rnn/gru_cell/candidate/bias    (500,)           500
model/p_x_given_z/hidden/rnn_p_x/dense/kernel                   (500, 500)   250,000
model/p_x_given_z/hidden/rnn_p_x/dense/bias                     (500,)           500
model/p_x_given_z/hidden/rnn_p_x/dense_1/kernel                 (500, 500)   250,000
model/p_x_given_z/hidden/rnn_p_x/dense_1/bias                   (500,)           500
model/p_x_given_z/x_mean/kernel                                 (500, 19)      9,500
model/p_x_given_z/x_mean/bias                                   (19,)             19
model/p_x_given_z/x_std/kernel                                  (500, 19)      9,500
model/p_x_given_z/x_std/bias                                    (19,)             19/home/hz/anaconda3/envs/py36/lib/python3.6/site-packages/tensorflow/python/framework/dtypes.py:523: FutureWarning: Passing (type, 1) or '1type' as a synonym of type is deprecated; in a future version of numpy, it will be understood as (type, (1,)) / '(1,)type'.
  _np_qint8 = np.dtype([("qint8", np.int8, 1)])
/home/hz/anaconda3/envs/py36/lib/python3.6/site-packages/tensorflow/python/framework/dtypes.py:524: FutureWarning: Passing (type, 1) or '1type' as a synonym of type is deprecated; in a future version of numpy, it will be understood as (type, (1,)) / '(1,)type'.
  _np_quint8 = np.dtype([("quint8", np.uint8, 1)])
/home/hz/anaconda3/envs/py36/lib/python3.6/site-packages/tensorflow/python/framework/dtypes.py:525: FutureWarning: Passing (type, 1) or '1type' as a synonym of type is deprecated; in a future version of numpy, it will be understood as (type, (1,)) / '(1,)type'.
  _np_qint16 = np.dtype([("qint16", np.int16, 1)])
/home/hz/anaconda3/envs/py36/lib/python3.6/site-packages/tensorflow/python/framework/dtypes.py:526: FutureWarning: Passing (type, 1) or '1type' as a synonym of type is deprecated; in a future version of numpy, it will be understood as (type, (1,)) / '(1,)type'.
  _np_quint16 = np.dtype([("quint16", np.uint16, 1)])
/home/hz/anaconda3/envs/py36/lib/python3.6/site-packages/tensorflow/python/framework/dtypes.py:527: FutureWarning: Passing (type, 1) or '1type' as a synonym of type is deprecated; in a future version of numpy, it will be understood as (type, (1,)) / '(1,)type'.
  _np_qint32 = np.dtype([("qint32", np.int32, 1)])
/home/hz/anaconda3/envs/py36/lib/python3.6/site-packages/tensorflow/python/framework/dtypes.py:532: FutureWarning: Passing (type, 1) or '1type' as a synonym of type is deprecated; in a future version of numpy, it will be understood as (type, (1,)) / '(1,)type'.
  np_resource = np.dtype([("resource", np.ubyte, 1)])
/home/hz/anaconda3/envs/py36/lib/python3.6/site-packages/tfsnippet/utils/tfver.py:22: DeprecationWarning: Function 'semver.compare' is deprecated. Deprecated since version 2.10.0.  This function will be removed in semver 3. Use the respective 'semver.VersionInfo.compare' instead.
  compare_result = semver.compare(version, tf.__version__)
/home/hz/anaconda3/envs/py36/lib/python3.6/site-packages/tfsnippet/utils/tfver.py:22: DeprecationWarning: Function 'semver.compare' is deprecated. Deprecated since version 2.10.0.  This function will be removed in semver 3. Use the respective 'semver.VersionInfo.compare' instead.
  compare_result = semver.compare(version, tf.__version__)
INFO:tensorflow:Restoring parameters from /tmp/tmp3kt9hd5o/variables.dat-1000
2025-06-10 18:59:54,627 [INFO] tensorflow: Restoring parameters from /tmp/tmp3kt9hd5o/variables.dat-1000
  0%|          | 0/4221 [00:00<?, ?it/s]100%|██████████| 4221/4221 [00:00<00:00, 355548.00it/s]

train_values: (6048, 19)
[Epoch 1/10, Step 100] step time: 1.279s (±3.582s); train time: 1m 39.31s; valid time: 28.69s; loss: 1.96527 (±6.57224); valid loss: -3.77072 (*)
train_values: (6048, 19)
[Epoch 2/10, Step 200, ETA 18m 20.8s] step time: 0.9657s (±2.069s); train time: 1m 2.346s; valid time: 20.86s; loss: -5.41887 (±1.75463); valid loss: -1.78748
train_values: (6048, 19)
[Epoch 3/10, Step 300, ETA 15m 48.07s] step time: 0.9848s (±2.31s); train time: 47.49s; valid time: 23.2s; loss: -6.77788 (±1.58167); valid loss: -6.79992 (*)
train_values: (6048, 19)
[Epoch 4/10, Step 400, ETA 13m 43.79s] step time: 0.9918s (±2.299s); train time: 35.06s; valid time: 23.1s; loss: -6.70963 (±2.58145); valid loss: -6.90556 (*)
train_values: (6048, 19)
[Epoch 5/10, Step 500, ETA 11m 49.01s] step time: 0.988s (±2.314s); train time: 21.63s; valid time: 23.09s; loss: -7.35129 (±1.91182); valid loss: -7.62728 (*)
train_values: (6048, 19)
[Epoch 6/10, Step 600, ETA 10m 3.154s] step time: 1.026s (±2.14s); train time: 7.158s; valid time: 21.54s; loss: -7.02831 (±1.61693); valid loss: -6.33562
[Epoch 6/10, Step 700, ETA 8m 14.23s] step time: 0.9674s (±2.143s); train time: 1m 15.23s; valid time: 21.57s; loss: -8.31411 (±1.54137); valid loss: -7.23794
train_values: (6048, 19)
[Epoch 7/10, Step 800, ETA 6m 28.97s] step time: 0.9807s (±2.314s); train time: 1m 8.207s; valid time: 23.23s; loss: -9.02549 (±1.51176); valid loss: -10.8952 (*)
train_values: (6048, 19)
[Epoch 8/10, Step 900, ETA 4m 45.47s] step time: 0.986s (±2.276s); train time: 56.06s; valid time: 22.71s; loss: -9.89027 (±1.59727); valid loss: -11.0506 (*)
train_values: (6048, 19)
[Epoch 9/10, Step 1000, ETA 3m 2.773s] step time: 0.9776s (±2.318s); train time: 41.94s; valid time: 23.25s; loss: -9.79035 (±2.95384); valid loss: -11.672 (*)
train_values: (6048, 19)
[Epoch 10/10, Step 1100, ETA 1m 20.89s] step time: 0.9682s (±2.128s); train time: 28.57s; valid time: 21.26s; loss: -11.8846 (±2.21927); valid loss: -10.4599
train end time:  2025-06-10 18:59:55
train time:  1199.7278079986572
test start time:  2025-06-10 18:59:55
------------------------------ testing ------------------------------
test_score shape:  (4221, 19)
test_z shape:  (4221, 100, 6)
search range:  -400.0 400.0
cur thr:  -399.0 [0.9469914452309802, 0.9962824908445171, 0.9023568719745162, 268.0, 3923.0, 1.0, 29.0, 13.666438892685122] [0.9469914452309802, 0.9962824908445171, 0.9023568719745162, 268.0, 3923.0, 1.0, 29.0, 13.666438892685122] -399.0
cur thr:  -349.0 [0.9453212566789646, 0.9925925558299055, 0.9023568719745162, 268.0, 3922.0, 2.0, 29.0, 13.666438892685122] [0.9469914452309802, 0.9962824908445171, 0.9023568719745162, 268.0, 3923.0, 1.0, 29.0, 13.666438892685122] -399.0
cur thr:  -299.0 [0.9419984915062635, 0.9852940814230118, 0.9023568719745162, 268.0, 3920.0, 4.0, 29.0, 13.666438892685122] [0.9469914452309802, 0.9962824908445171, 0.9023568719745162, 268.0, 3923.0, 1.0, 29.0, 13.666438892685122] -399.0
cur thr:  -249.0 [0.9604080503635739, 0.9823943316058334, 0.9393939077645149, 279.0, 3919.0, 5.0, 18.0, 12.285538778017457] [0.9620639352816043, 0.9858656895453821, 0.9393939077645149, 279.0, 3920.0, 4.0, 18.0, 12.285538778017457] -273.0
cur thr:  -199.0 [0.9505912204785099, 0.9620689323424507, 0.9393939077645149, 279.0, 3913.0, 11.0, 18.0, 12.285538778017457] [0.9620639352816043, 0.9858656895453821, 0.9393939077645149, 279.0, 3920.0, 4.0, 18.0, 12.285538778017457] -273.0
cur thr:  -149.0 [0.9457576800609051, 0.9522183975352083, 0.9393939077645149, 279.0, 3910.0, 14.0, 18.0, 12.285538778017457] [0.9620639352816043, 0.9858656895453821, 0.9393939077645149, 279.0, 3920.0, 4.0, 18.0, 12.285538778017457] -273.0
cur thr:  -99.0 [0.9409730458762656, 0.9425675357240698, 0.9393939077645149, 279.0, 3907.0, 17.0, 18.0, 12.285538778017457] [0.9620639352816043, 0.9858656895453821, 0.9393939077645149, 279.0, 3920.0, 4.0, 18.0, 12.285538778017457] -273.0
cur thr:  -49.0 [0.9177581303834274, 0.8971060804789043, 0.9393939077645149, 279.0, 3892.0, 32.0, 18.0, 8.285595920058284] [0.9620639352816043, 0.9858656895453821, 0.9393939077645149, 279.0, 3920.0, 4.0, 18.0, 12.285538778017457] -273.0
cur thr:  1.0 [0.4995757222816171, 0.33295963752287405, 0.9999999663299676, 297.0, 3329.0, 595.0, 0.0, 2.7499656254296823] [0.9620639352816043, 0.9858656895453821, 0.9393939077645149, 279.0, 3920.0, 4.0, 18.0, 12.285538778017457] -273.0
cur thr:  51.0 [0.1314728747012619, 0.07036247318085176, 0.9999999663299676, 297.0, 0.0, 3924.0, 0.0, 0.0] [0.9620639352816043, 0.9858656895453821, 0.9393939077645149, 279.0, 3920.0, 4.0, 18.0, 12.285538778017457] -273.0
cur thr:  101.0 [0.1314728747012619, 0.07036247318085176, 0.9999999663299676, 297.0, 0.0, 3924.0, 0.0, 0.0] [0.9620639352816043, 0.9858656895453821, 0.9393939077645149, 279.0, 3920.0, 4.0, 18.0, 12.285538778017457] -273.0
cur thr:  151.0 [0.1314728747012619, 0.07036247318085176, 0.9999999663299676, 297.0, 0.0, 3924.0, 0.0, 0.0] [0.9620639352816043, 0.9858656895453821, 0.9393939077645149, 279.0, 3920.0, 4.0, 18.0, 12.285538778017457] -273.0
cur thr:  201.0 [0.1314728747012619, 0.07036247318085176, 0.9999999663299676, 297.0, 0.0, 3924.0, 0.0, 0.0] [0.9620639352816043, 0.9858656895453821, 0.9393939077645149, 279.0, 3920.0, 4.0, 18.0, 12.285538778017457] -273.0
cur thr:  251.0 [0.1314728747012619, 0.07036247318085176, 0.9999999663299676, 297.0, 0.0, 3924.0, 0.0, 0.0] [0.9620639352816043, 0.9858656895453821, 0.9393939077645149, 279.0, 3920.0, 4.0, 18.0, 12.285538778017457] -273.0
cur thr:  301.0 [0.1314728747012619, 0.07036247318085176, 0.9999999663299676, 297.0, 0.0, 3924.0, 0.0, 0.0] [0.9620639352816043, 0.9858656895453821, 0.9393939077645149, 279.0, 3920.0, 4.0, 18.0, 12.285538778017457] -273.0
cur thr:  351.0 [0.1314728747012619, 0.07036247318085176, 0.9999999663299676, 297.0, 0.0, 3924.0, 0.0, 0.0] [0.9620639352816043, 0.9858656895453821, 0.9393939077645149, 279.0, 3920.0, 4.0, 18.0, 12.285538778017457] -273.0
[0.9620639352816043, 0.9858656895453821, 0.9393939077645149, 279.0, 3920.0, 4.0, 18.0, 12.285538778017457] -273.0
label_file: ServerMachineDataset/interpretation_label/omi-9.txt
Initial threshold : 123.709526
Number of peaks : 8
Grimshaw maximum log-likelihood estimation ... [done]
	γ = 0
	σ = 179.68057
	L = 49.52944541807483
Extreme quantile (probability = 0.001): 111.95184834548435
51
4221
POT result:  (0.9425625358076595, 0.945762679804655, 0.9393939077645149, 279.0, 3908.0, 16.0, 18.0) -121.92122255715255 12.285538778017457

=== 全局调试信息 ===
y_true shape: (4221,), unique values: [0. 1.]
y_pred shape: (4221,), unique values: [False  True]
feature_scores shape: (4221, 19)
y_true 中的异常段: [(639, 657), (664, 681), (2415, 2425), (2504, 2569), (2819, 2859), (3071, 3146), (3409, 3429), (3965, 4009)]


=== 处理第 1/8 段 ===
段范围: start=639, end=657
段内真实标签 (seg_true): [1. 1. 1. 1. 1. 1. 1. 1. 1. 1. 1. 1. 1. 1. 1. 1. 1. 1. 1.]
段内预测标签 (seg_pred): [ True  True  True  True  True  True  True  True  True  True  True  True
  True  True  True  True  True  True  True]
段内真实异常时间点索引 (相对段内): [ 0  1  2  3  4  5  6  7  8  9 10 11 12 13 14 15 16 17 18]
段内是否有预测为异常的时间点: True
真实异常维度 (0-based): [1, 8, 9, 10, 11, 12, 13, 14, 15, 16, 17, 18]
段内检测到的异常时间点索引 (相对段内): [ 0  1  2  3  4  5  6  7  8  9 10 11 12 13 14 15 16 17 18]
推断的异常维度 (0-based): [0, 1, 2, 3, 4, 5, 6, 7, 8, 10, 11, 12, 13, 14, 15, 16]
真实与推断的交集: [1, 8, 10, 11, 12, 13, 14, 15, 16]
段内指标: TP=9, FP=7, FN=3, TN=0, IPS=0.7500

=== 处理第 2/8 段 ===
段范围: start=664, end=681
段内真实标签 (seg_true): [1. 1. 1. 1. 1. 1. 1. 1. 1. 1. 1. 1. 1. 1. 1. 1. 1. 1.]
段内预测标签 (seg_pred): [False False False False False False False False False False False False
 False False False False False False]
段内真实异常时间点索引 (相对段内): [ 0  1  2  3  4  5  6  7  8  9 10 11 12 13 14 15 16 17]
段内是否有预测为异常的时间点: False
真实异常维度 (0-based): [0, 5, 6, 7, 8, 9, 10, 11, 12, 13, 14, 15, 16, 17, 18]
段内检测到的异常时间点索引 (相对段内): []
未检测到任何异常点，尝试从特征分数中推断异常维度
推断的异常维度 (0-based): [0, 1, 2, 3, 4, 5, 6, 7, 8, 9, 10, 11, 12, 13, 14, 15, 16, 17, 18]
真实与推断的交集: [0, 5, 6, 7, 8, 9, 10, 11, 12, 13, 14, 15, 16, 17, 18]
段内指标: TP=15, FP=4, FN=0, TN=0, IPS=1.0000

=== 处理第 3/8 段 ===
段范围: start=2415, end=2425
段内真实标签 (seg_true): [1. 1. 1. 1. 1. 1. 1. 1. 1. 1. 1.]
段内预测标签 (seg_pred): [ True  True  True  True  True  True  True  True  True  True  True]
段内真实异常时间点索引 (相对段内): [ 0  1  2  3  4  5  6  7  8  9 10]
段内是否有预测为异常的时间点: True
真实异常维度 (0-based): [0, 3, 4, 6, 7, 8, 16, 17]
段内检测到的异常时间点索引 (相对段内): [ 0  1  2  3  4  5  6  7  8  9 10]
推断的异常维度 (0-based): [0, 1, 2, 3, 4, 5, 7, 8, 11, 12, 14, 15, 16]
真实与推断的交集: [0, 3, 4, 7, 8, 16]
段内指标: TP=6, FP=7, FN=2, TN=4, IPS=0.7500

=== 处理第 4/8 段 ===
段范围: start=2504, end=2569
段内真实标签 (seg_true): [1. 1. 1. 1. 1. 1. 1. 1. 1. 1. 1. 1. 1. 1. 1. 1. 1. 1. 1. 1. 1. 1. 1. 1.
 1. 1. 1. 1. 1. 1. 1. 1. 1. 1. 1. 1. 1. 1. 1. 1. 1. 1. 1. 1. 1. 1. 1. 1.
 1. 1. 1. 1. 1. 1. 1. 1. 1. 1. 1. 1. 1. 1. 1. 1. 1. 1.]
段内预测标签 (seg_pred): [ True  True  True  True  True  True  True  True  True  True  True  True
  True  True  True  True  True  True  True  True  True  True  True  True
  True  True  True  True  True  True  True  True  True  True  True  True
  True  True  True  True  True  True  True  True  True  True  True  True
  True  True  True  True  True  True  True  True  True  True  True  True
  True  True  True  True  True  True]
段内真实异常时间点索引 (相对段内): [ 0  1  2  3  4  5  6  7  8  9 10 11 12 13 14 15 16 17 18 19 20 21 22 23
 24 25 26 27 28 29 30 31 32 33 34 35 36 37 38 39 40 41 42 43 44 45 46 47
 48 49 50 51 52 53 54 55 56 57 58 59 60 61 62 63 64 65]
段内是否有预测为异常的时间点: True
真实异常维度 (0-based): [0, 1, 4, 5, 7, 16, 17, 18]
段内检测到的异常时间点索引 (相对段内): [ 0  1  2  3  4  5  6  7  8  9 10 11 12 13 14 15 16 17 18 19 20 21 22 23
 24 25 26 27 28 29 30 31 32 33 34 35 36 37 38 39 40 41 42 43 44 45 46 47
 48 49 50 51 52 53 54 55 56 57 58 59 60 61 62 63 64 65]
推断的异常维度 (0-based): [0, 1, 2, 3, 4, 5, 6, 7, 8, 9, 10, 11, 13, 14, 15, 16, 17]
真实与推断的交集: [0, 1, 4, 5, 7, 16, 17]
段内指标: TP=7, FP=10, FN=1, TN=1, IPS=0.8750

=== 处理第 5/8 段 ===
段范围: start=2819, end=2859
段内真实标签 (seg_true): [1. 1. 1. 1. 1. 1. 1. 1. 1. 1. 1. 1. 1. 1. 1. 1. 1. 1. 1. 1. 1. 1. 1. 1.
 1. 1. 1. 1. 1. 1. 1. 1. 1. 1. 1. 1. 1. 1. 1. 1. 1.]
段内预测标签 (seg_pred): [ True  True  True  True  True  True  True  True  True  True  True  True
  True  True  True  True  True  True  True  True  True  True  True  True
  True  True  True  True  True  True  True  True  True  True  True  True
  True  True  True  True  True]
段内真实异常时间点索引 (相对段内): [ 0  1  2  3  4  5  6  7  8  9 10 11 12 13 14 15 16 17 18 19 20 21 22 23
 24 25 26 27 28 29 30 31 32 33 34 35 36 37 38 39 40]
段内是否有预测为异常的时间点: True
真实异常维度 (0-based): [0, 1, 4, 5, 7, 16, 17, 18]
段内检测到的异常时间点索引 (相对段内): [ 0  1  2  3  4  5  6  7  8  9 10 11 12 13 14 15 16 17 18 19 20 21 22 23
 24 25 26 27 28 29 30 31 32 33 34 35 36 37 38 39 40]
推断的异常维度 (0-based): [0, 1, 2, 3, 4, 5, 6, 7, 8, 9, 10, 13, 16, 17, 18]
真实与推断的交集: [0, 1, 4, 5, 7, 16, 17, 18]
段内指标: TP=8, FP=7, FN=0, TN=4, IPS=1.0000

=== 处理第 6/8 段 ===
段范围: start=3071, end=3146
段内真实标签 (seg_true): [1. 1. 1. 1. 1. 1. 1. 1. 1. 1. 1. 1. 1. 1. 1. 1. 1. 1. 1. 1. 1. 1. 1. 1.
 1. 1. 1. 1. 1. 1. 1. 1. 1. 1. 1. 1. 1. 1. 1. 1. 1. 1. 1. 1. 1. 1. 1. 1.
 1. 1. 1. 1. 1. 1. 1. 1. 1. 1. 1. 1. 1. 1. 1. 1. 1. 1. 1. 1. 1. 1. 1. 1.
 1. 1. 1. 1.]
段内预测标签 (seg_pred): [ True  True  True  True  True  True  True  True  True  True  True  True
  True  True  True  True  True  True  True  True  True  True  True  True
  True  True  True  True  True  True  True  True  True  True  True  True
  True  True  True  True  True  True  True  True  True  True  True  True
  True  True  True  True  True  True  True  True  True  True  True  True
  True  True  True  True  True  True  True  True  True  True  True  True
  True  True  True  True]
段内真实异常时间点索引 (相对段内): [ 0  1  2  3  4  5  6  7  8  9 10 11 12 13 14 15 16 17 18 19 20 21 22 23
 24 25 26 27 28 29 30 31 32 33 34 35 36 37 38 39 40 41 42 43 44 45 46 47
 48 49 50 51 52 53 54 55 56 57 58 59 60 61 62 63 64 65 66 67 68 69 70 71
 72 73 74 75]
段内是否有预测为异常的时间点: True
真实异常维度 (0-based): [0, 1, 5, 7, 16, 17, 18]
段内检测到的异常时间点索引 (相对段内): [ 0  1  2  3  4  5  6  7  8  9 10 11 12 13 14 15 16 17 18 19 20 21 22 23
 24 25 26 27 28 29 30 31 32 33 34 35 36 37 38 39 40 41 42 43 44 45 46 47
 48 49 50 51 52 53 54 55 56 57 58 59 60 61 62 63 64 65 66 67 68 69 70 71
 72 73 74 75]
推断的异常维度 (0-based): [0, 1, 2, 3, 4, 5, 6, 7, 8, 10, 13, 16, 17]
真实与推断的交集: [0, 1, 5, 7, 16, 17]
段内指标: TP=6, FP=7, FN=1, TN=5, IPS=0.8571

=== 处理第 7/8 段 ===
段范围: start=3409, end=3429
段内真实标签 (seg_true): [1. 1. 1. 1. 1. 1. 1. 1. 1. 1. 1. 1. 1. 1. 1. 1. 1. 1. 1. 1. 1.]
段内预测标签 (seg_pred): [ True  True  True  True  True  True  True  True  True  True  True  True
  True  True  True  True  True  True  True  True  True]
段内真实异常时间点索引 (相对段内): [ 0  1  2  3  4  5  6  7  8  9 10 11 12 13 14 15 16 17 18 19 20]
段内是否有预测为异常的时间点: True
真实异常维度 (0-based): [1, 5, 7, 18]
段内检测到的异常时间点索引 (相对段内): [ 0  1  2  3  4  5  6  7  8  9 10 11 12 13 14 15 16 17 18 19 20]
推断的异常维度 (0-based): [0, 1, 2, 3, 4, 5, 16, 17]
真实与推断的交集: [1, 5]
段内指标: TP=2, FP=6, FN=2, TN=9, IPS=0.5000

=== 处理第 8/8 段 ===
段范围: start=3965, end=4009
段内真实标签 (seg_true): [1. 1. 1. 1. 1. 1. 1. 1. 1. 1. 1. 1. 1. 1. 1. 1. 1. 1. 1. 1. 1. 1. 1. 1.
 1. 1. 1. 1. 1. 1. 1. 1. 1. 1. 1. 1. 1. 1. 1. 1. 1. 1. 1. 1. 1.]
段内预测标签 (seg_pred): [ True  True  True  True  True  True  True  True  True  True  True  True
  True  True  True  True  True  True  True  True  True  True  True  True
  True  True  True  True  True  True  True  True  True  True  True  True
  True  True  True  True  True  True  True  True  True]
段内真实异常时间点索引 (相对段内): [ 0  1  2  3  4  5  6  7  8  9 10 11 12 13 14 15 16 17 18 19 20 21 22 23
 24 25 26 27 28 29 30 31 32 33 34 35 36 37 38 39 40 41 42 43 44]
段内是否有预测为异常的时间点: True
真实异常维度 (0-based): [0, 1, 5, 6, 7, 8, 16, 17, 18]
段内检测到的异常时间点索引 (相对段内): [ 0  1  2  3  4  5  6  7  8  9 10 11 12 13 14 15 16 17 18 19 20 21 22 23
 24 25 26 27 28 29 30 31 32 33 34 35 36 37 38 39 40 41 42 43 44]
推断的异常维度 (0-based): [0, 1, 2, 3, 4, 5, 6, 7, 8, 9, 10, 11, 13, 14, 15, 16, 17, 18]
真实与推断的交集: [0, 1, 5, 6, 7, 8, 16, 17, 18]
段内指标: TP=9, FP=9, FN=0, TN=1, IPS=1.0000

=== 汇总指标 ===
总 TP: 62, 总 TN: 24, 总 FP: 57, 总 FN: 9
平均 IPS: 0.8751, Precision: 0.5210, Recall: 0.8732, F1: 0.6526
每段IPS与混淆: [{'start': 639, 'end': 657, 'TP': 9, 'TN': 0, 'FP': 7, 'FN': 3, 'IPS': 0.75, 'k_selected': 12, 'gt_dims_count': 12}, {'start': 664, 'end': 681, 'TP': 15, 'TN': 0, 'FP': 4, 'FN': 0, 'IPS': 1.0, 'k_selected': 15, 'gt_dims_count': 15}, {'start': 2415, 'end': 2425, 'TP': 6, 'TN': 4, 'FP': 7, 'FN': 2, 'IPS': 0.75, 'k_selected': 8, 'gt_dims_count': 8}, {'start': 2504, 'end': 2569, 'TP': 7, 'TN': 1, 'FP': 10, 'FN': 1, 'IPS': 0.875, 'k_selected': 8, 'gt_dims_count': 8}, {'start': 2819, 'end': 2859, 'TP': 8, 'TN': 4, 'FP': 7, 'FN': 0, 'IPS': 1.0, 'k_selected': 8, 'gt_dims_count': 8}, {'start': 3071, 'end': 3146, 'TP': 6, 'TN': 5, 'FP': 7, 'FN': 1, 'IPS': 0.8571428571428571, 'k_selected': 7, 'gt_dims_count': 7}, {'start': 3409, 'end': 3429, 'TP': 2, 'TN': 9, 'FP': 6, 'FN': 2, 'IPS': 0.5, 'k_selected': 4, 'gt_dims_count': 4}, {'start': 3965, 'end': 4009, 'TP': 9, 'TN': 1, 'FP': 9, 'FN': 0, 'IPS': 1.0, 'k_selected': 9, 'gt_dims_count': 9}]

总和: {'TP': 62, 'TN': 24, 'FP': 57, 'FN': 9, 'IPS': 0.875060125060125, 'precision': 0.5210084033613446, 'recall': 0.8732394366197183, 'F1': 0.6526315789473685}
test end time:  2025-06-10 19:01:55
test time:  120.16697573661804
==============================result==============================
{'FN': 18.0,
 'FP': 4.0,
 'TN': 3920.0,
 'TP': 279.0,
 'best-f1': 0.9620639352816043,
 'best_valid_loss': -11.67198692303415,
 'latency': 12.285538778017457,
 'pot-FN': 18.0,
 'pot-FP': 16.0,
 'pot-TN': 3908.0,
 'pot-TP': 279.0,
 'pot-f1': 0.9425625358076595,
 'pot-latency': 12.285538778017457,
 'pot-precision': 0.945762679804655,
 'pot-recall': 0.9393939077645149,
 'pot-threshold': -121.92122255715255,
 'precision': 0.9858656895453821,
 'pred_time': 0.41686657176298253,
 'pred_total_time': 35.501155853271484,
 'recall': 0.9393939077645149,
 'segment_results': [{'FN': 3,
                      'FP': 7,
                      'IPS': 0.75,
                      'TN': 0,
                      'TP': 9,
                      'end': 657,
                      'gt_dims_count': 12,
                      'k_selected': 12,
                      'start': 639},
                     {'FN': 0,
                      'FP': 4,
                      'IPS': 1.0,
                      'TN': 0,
                      'TP': 15,
                      'end': 681,
                      'gt_dims_count': 15,
                      'k_selected': 15,
                      'start': 664},
                     {'FN': 2,
                      'FP': 7,
                      'IPS': 0.75,
                      'TN': 4,
                      'TP': 6,
                      'end': 2425,
                      'gt_dims_count': 8,
                      'k_selected': 8,
                      'start': 2415},
                     {'FN': 1,
                      'FP': 10,
                      'IPS': 0.875,
                      'TN': 1,
                      'TP': 7,
                      'end': 2569,
                      'gt_dims_count': 8,
                      'k_selected': 8,
                      'start': 2504},
                     {'FN': 0,
                      'FP': 7,
                      'IPS': 1.0,
                      'TN': 4,
                      'TP': 8,
                      'end': 2859,
                      'gt_dims_count': 8,
                      'k_selected': 8,
                      'start': 2819},
                     {'FN': 1,
                      'FP': 7,
                      'IPS': 0.8571428571428571,
                      'TN': 5,
                      'TP': 6,
                      'end': 3146,
                      'gt_dims_count': 7,
                      'k_selected': 7,
                      'start': 3071},
                     {'FN': 2,
                      'FP': 6,
                      'IPS': 0.5,
                      'TN': 9,
                      'TP': 2,
                      'end': 3429,
                      'gt_dims_count': 4,
                      'k_selected': 4,
                      'start': 3409},
                     {'FN': 0,
                      'FP': 9,
                      'IPS': 1.0,
                      'TN': 1,
                      'TP': 9,
                      'end': 4009,
                      'gt_dims_count': 9,
                      'k_selected': 9,
                      'start': 3965}],
 'segment_summary': {'F1': 0.6526315789473685,
                     'FN': 9,
                     'FP': 57,
                     'IPS': 0.875060125060125,
                     'TN': 24,
                     'TP': 62,
                     'precision': 0.5210084033613446,
                     'recall': 0.8732394366197183},
 'threshold': -273.0,
 'train_time': 117.66212909221649,
 'valid_time': 0.4291713285446167}
