2025-06-10 20:06:24.430320: I tensorflow/core/platform/cpu_feature_guard.cc:141] Your CPU supports instructions that this TensorFlow binary was not compiled to use: AVX2 AVX512F FMA
Configurations
===========================================
{'batch_size': 50,
 'bf_search_max': 400.0,
 'bf_search_min': -400.0,
 'bf_search_step_size': 1.0,
 'dataset': 'omi-1',
 'dense_dim': 500,
 'early_stop': True,
 'get_score_on_dim': True,
 'gradient_clip_norm': 10.0,
 'initial_lr': 0.001,
 'l2_reg': 0.0001,
 'level': 0.001,
 'lr_anneal_epoch_freq': 40,
 'lr_anneal_factor': 0.5,
 'lr_anneal_step_freq': None,
 'max_epoch': 10,
 'max_test_size': None,
 'max_train_size': None,
 'nf_layers': 20,
 'posterior_flow_type': 'nf',
 'restore_dir': None,
 'result_dir': 'result',
 'rnn_cell': 'GRU',
 'rnn_num_hidden': 500,
 'save_dir': 'model',
 'save_z': False,
 'std_epsilon': 0.0001,
 'test_batch_size': 50,
 'test_n_z': 1,
 'test_score_filename': 'test_score.pkl',
 'test_start': 0,
 'train_score_filename': 'train_score.pkl',
 'train_start': 0,
 'use_connected_z_p': True,
 'use_connected_z_q': True,
 'valid_step_freq': 100,
 'window_length': 100,
 'x_dim': 19,
 'z_dim': 3}

train start time:  2025-06-10 20:06:09
load data of: omi-1
train:  0 None
test:  0 None
Data normalized
Data normalized
train set shape:  (8640, 19)
test set shape:  (4320, 19)
test set label shape:  (4320,)
Trainable Parameters                                            (2,560,202 in total)
------------------------------------------------------------------------------------
model/q_z_given_x/rnn_q_z/rnn/gru_cell/gates/kernel             (519, 1000)  519,000
model/q_z_given_x/rnn_q_z/rnn/gru_cell/gates/bias               (1000,)        1,000
model/q_z_given_x/rnn_q_z/rnn/gru_cell/candidate/kernel         (519, 500)   259,500
model/q_z_given_x/rnn_q_z/rnn/gru_cell/candidate/bias           (500,)           500
model/q_z_given_x/rnn_q_z/dense/kernel                          (500, 500)   250,000
model/q_z_given_x/rnn_q_z/dense/bias                            (500,)           500
model/q_z_given_x/rnn_q_z/dense_1/kernel                        (500, 500)   250,000
model/q_z_given_x/rnn_q_z/dense_1/bias                          (500,)           500
model/vae/variational/z_mean/kernel                             (503, 3)       1,509
model/vae/variational/z_mean/bias                               (3,)               3
model/vae/variational/z_std/kernel                              (503, 3)       1,509
model/vae/variational/z_std/bias                                (3,)               3
model/posterior_flow/_0/w                                       (1, 3)             3
model/posterior_flow/_0/b                                       (1,)               1
model/posterior_flow/_0/u                                       (1, 3)             3
model/posterior_flow/_1/w                                       (1, 3)             3
model/posterior_flow/_1/b                                       (1,)               1
model/posterior_flow/_1/u                                       (1, 3)             3
model/posterior_flow/_2/w                                       (1, 3)             3
model/posterior_flow/_2/b                                       (1,)               1
model/posterior_flow/_2/u                                       (1, 3)             3
model/posterior_flow/_3/w                                       (1, 3)             3
model/posterior_flow/_3/b                                       (1,)               1
model/posterior_flow/_3/u                                       (1, 3)             3
model/posterior_flow/_4/w                                       (1, 3)             3
model/posterior_flow/_4/b                                       (1,)               1
model/posterior_flow/_4/u                                       (1, 3)             3
model/posterior_flow/_5/w                                       (1, 3)             3
model/posterior_flow/_5/b                                       (1,)               1
model/posterior_flow/_5/u                                       (1, 3)             3
model/posterior_flow/_6/w                                       (1, 3)             3
model/posterior_flow/_6/b                                       (1,)               1
model/posterior_flow/_6/u                                       (1, 3)             3
model/posterior_flow/_7/w                                       (1, 3)             3
model/posterior_flow/_7/b                                       (1,)               1
model/posterior_flow/_7/u                                       (1, 3)             3
model/posterior_flow/_8/w                                       (1, 3)             3
model/posterior_flow/_8/b                                       (1,)               1
model/posterior_flow/_8/u                                       (1, 3)             3
model/posterior_flow/_9/w                                       (1, 3)             3
model/posterior_flow/_9/b                                       (1,)               1
model/posterior_flow/_9/u                                       (1, 3)             3
model/posterior_flow/_10/w                                      (1, 3)             3
model/posterior_flow/_10/b                                      (1,)               1
model/posterior_flow/_10/u                                      (1, 3)             3
model/posterior_flow/_11/w                                      (1, 3)             3
model/posterior_flow/_11/b                                      (1,)               1
model/posterior_flow/_11/u                                      (1, 3)             3
model/posterior_flow/_12/w                                      (1, 3)             3
model/posterior_flow/_12/b                                      (1,)               1
model/posterior_flow/_12/u                                      (1, 3)             3
model/posterior_flow/_13/w                                      (1, 3)             3
model/posterior_flow/_13/b                                      (1,)               1
model/posterior_flow/_13/u                                      (1, 3)             3
model/posterior_flow/_14/w                                      (1, 3)             3
model/posterior_flow/_14/b                                      (1,)               1
model/posterior_flow/_14/u                                      (1, 3)             3
model/posterior_flow/_15/w                                      (1, 3)             3
model/posterior_flow/_15/b                                      (1,)               1
model/posterior_flow/_15/u                                      (1, 3)             3
model/posterior_flow/_16/w                                      (1, 3)             3
model/posterior_flow/_16/b                                      (1,)               1
model/posterior_flow/_16/u                                      (1, 3)             3
model/posterior_flow/_17/w                                      (1, 3)             3
model/posterior_flow/_17/b                                      (1,)               1
model/posterior_flow/_17/u                                      (1, 3)             3
model/posterior_flow/_18/w                                      (1, 3)             3
model/posterior_flow/_18/b                                      (1,)               1
model/posterior_flow/_18/u                                      (1, 3)             3
model/posterior_flow/_19/w                                      (1, 3)             3
model/posterior_flow/_19/b                                      (1,)               1
model/posterior_flow/_19/u                                      (1, 3)             3
model/p_x_given_z/hidden/rnn_p_x/rnn/gru_cell/gates/kernel      (503, 1000)  503,000
model/p_x_given_z/hidden/rnn_p_x/rnn/gru_cell/gates/bias        (1000,)        1,000
model/p_x_given_z/hidden/rnn_p_x/rnn/gru_cell/candidate/kernel  (503, 500)   251,500
model/p_x_given_z/hidden/rnn_p_x/rnn/gru_cell/candidate/bias    (500,)           500
model/p_x_given_z/hidden/rnn_p_x/dense/kernel                   (500, 500)   250,000
model/p_x_given_z/hidden/rnn_p_x/dense/bias                     (500,)           500
model/p_x_given_z/hidden/rnn_p_x/dense_1/kernel                 (500, 500)   250,000
model/p_x_given_z/hidden/rnn_p_x/dense_1/bias                   (500,)           500
model/p_x_given_z/x_mean/kernel                                 (500, 19)      9,500
model/p_x_given_z/x_mean/bias                                   (19,)             19
model/p_x_given_z/x_std/kernel                                  (500, 19)      9,500
model/p_x_given_z/x_std/bias                                    (19,)             19/home/hz/anaconda3/envs/py36/lib/python3.6/site-packages/tensorflow/python/framework/dtypes.py:523: FutureWarning: Passing (type, 1) or '1type' as a synonym of type is deprecated; in a future version of numpy, it will be understood as (type, (1,)) / '(1,)type'.
  _np_qint8 = np.dtype([("qint8", np.int8, 1)])
/home/hz/anaconda3/envs/py36/lib/python3.6/site-packages/tensorflow/python/framework/dtypes.py:524: FutureWarning: Passing (type, 1) or '1type' as a synonym of type is deprecated; in a future version of numpy, it will be understood as (type, (1,)) / '(1,)type'.
  _np_quint8 = np.dtype([("quint8", np.uint8, 1)])
/home/hz/anaconda3/envs/py36/lib/python3.6/site-packages/tensorflow/python/framework/dtypes.py:525: FutureWarning: Passing (type, 1) or '1type' as a synonym of type is deprecated; in a future version of numpy, it will be understood as (type, (1,)) / '(1,)type'.
  _np_qint16 = np.dtype([("qint16", np.int16, 1)])
/home/hz/anaconda3/envs/py36/lib/python3.6/site-packages/tensorflow/python/framework/dtypes.py:526: FutureWarning: Passing (type, 1) or '1type' as a synonym of type is deprecated; in a future version of numpy, it will be understood as (type, (1,)) / '(1,)type'.
  _np_quint16 = np.dtype([("quint16", np.uint16, 1)])
/home/hz/anaconda3/envs/py36/lib/python3.6/site-packages/tensorflow/python/framework/dtypes.py:527: FutureWarning: Passing (type, 1) or '1type' as a synonym of type is deprecated; in a future version of numpy, it will be understood as (type, (1,)) / '(1,)type'.
  _np_qint32 = np.dtype([("qint32", np.int32, 1)])
/home/hz/anaconda3/envs/py36/lib/python3.6/site-packages/tensorflow/python/framework/dtypes.py:532: FutureWarning: Passing (type, 1) or '1type' as a synonym of type is deprecated; in a future version of numpy, it will be understood as (type, (1,)) / '(1,)type'.
  np_resource = np.dtype([("resource", np.ubyte, 1)])
/home/hz/anaconda3/envs/py36/lib/python3.6/site-packages/tfsnippet/utils/tfver.py:22: DeprecationWarning: Function 'semver.compare' is deprecated. Deprecated since version 2.10.0.  This function will be removed in semver 3. Use the respective 'semver.VersionInfo.compare' instead.
  compare_result = semver.compare(version, tf.__version__)
/home/hz/anaconda3/envs/py36/lib/python3.6/site-packages/tfsnippet/utils/tfver.py:22: DeprecationWarning: Function 'semver.compare' is deprecated. Deprecated since version 2.10.0.  This function will be removed in semver 3. Use the respective 'semver.VersionInfo.compare' instead.
  compare_result = semver.compare(version, tf.__version__)
INFO:tensorflow:Restoring parameters from /tmp/tmpr148pjtq/variables.dat-700
2025-06-10 20:22:46,007 [INFO] tensorflow: Restoring parameters from /tmp/tmpr148pjtq/variables.dat-700
  0%|          | 0/4221 [00:00<?, ?it/s]100%|██████████| 4221/4221 [00:00<00:00, 737888.43it/s]

train_values: (6048, 19)
[Epoch 1/10, Step 100] step time: 1.032s (±2.652s); train time: 1m 20.45s; valid time: 22.82s; loss: 11.1921 (±67.7994); valid loss: -2.62985 (*)
train_values: (6048, 19)
[Epoch 2/10, Step 200, ETA 15m 24.01s] step time: 0.8524s (±1.901s); train time: 54.19s; valid time: 19.12s; loss: -2.23606 (±1.06865); valid loss: -2.66575 (*)
train_values: (6048, 19)
[Epoch 3/10, Step 300, ETA 13m 17.55s] step time: 0.8326s (±1.914s); train time: 41.31s; valid time: 19.18s; loss: -2.31054 (±0.843676); valid loss: -2.96408 (*)
train_values: (6048, 19)
[Epoch 4/10, Step 400, ETA 11m 29.21s] step time: 0.8148s (±1.766s); train time: 29.65s; valid time: 17.74s; loss: -2.55373 (±1.99684); valid loss: -2.39389
train_values: (6048, 19)
[Epoch 5/10, Step 500, ETA 9m 53.22s] step time: 0.8269s (±1.907s); train time: 17.84s; valid time: 19.19s; loss: -2.6595 (±1.38984); valid loss: -3.9516 (*)
train_values: (6048, 19)
[Epoch 6/10, Step 600, ETA 8m 19.88s] step time: 0.8086s (±1.784s); train time: 6.282s; valid time: 17.94s; loss: -3.02149 (±2.54414); valid loss: -2.92677
[Epoch 6/10, Step 700, ETA 6m 51.34s] step time: 0.827s (±1.931s); train time: 1m 3.352s; valid time: 19.4s; loss: -3.05557 (±1.6938); valid loss: -4.41961 (*)
train_values: (6048, 19)
[Epoch 7/10, Step 800, ETA 5m 23.39s] step time: 0.809s (±1.759s); train time: 58.27s; valid time: 17.67s; loss: -3.12365 (±2.30028); valid loss: -4.41818
train_values: (6048, 19)
[Epoch 8/10, Step 900, ETA 3m 57.02s] step time: 0.8096s (±1.745s); train time: 47.11s; valid time: 17.54s; loss: -4.07368 (±1.57072); valid loss: -0.681257
train_values: (6048, 19)
[Epoch 9/10, Step 1000, ETA 2m 31.75s] step time: 0.8113s (±1.76s); train time: 35.83s; valid time: 17.68s; loss: -3.93315 (±2.50063); valid loss: -3.38633
train_values: (6048, 19)
[Epoch 10/10, Step 1100, ETA 1m 7.315s] step time: 0.8248s (±1.771s); train time: 24.78s; valid time: 17.75s; loss: -4.84423 (±1.64507); valid loss: 5.87168
train end time:  2025-06-10 20:22:46
train time:  996.6482691764832
test start time:  2025-06-10 20:22:46
------------------------------ testing ------------------------------
test_score shape:  (4221, 19)
test_z shape:  (4221, 100, 6)
search range:  -400.0 400.0
cur thr:  -399.0 [0.0, 0.0, 0.0, 0.0, 3780.0, 0.0, 441.0, 0.0] [0.0, 0.0, 0.0, 0.0, 3780.0, 0.0, 441.0, 0.0] -399.0
cur thr:  -349.0 [0.0, 0.0, 0.0, 0.0, 3780.0, 0.0, 441.0, 0.0] [0.0, 0.0, 0.0, 0.0, 3780.0, 0.0, 441.0, 0.0] -399.0
cur thr:  -299.0 [0.0, 0.0, 0.0, 0.0, 3780.0, 0.0, 441.0, 0.0] [0.0, 0.0, 0.0, 0.0, 3780.0, 0.0, 441.0, 0.0] -399.0
cur thr:  -249.0 [0.0, 0.0, 0.0, 0.0, 3780.0, 0.0, 441.0, 0.0] [0.0, 0.0, 0.0, 0.0, 3780.0, 0.0, 441.0, 0.0] -399.0
cur thr:  -199.0 [0.0, 0.0, 0.0, 0.0, 3778.0, 2.0, 441.0, 0.0] [0.0, 0.0, 0.0, 0.0, 3780.0, 0.0, 441.0, 0.0] -399.0
cur thr:  -149.0 [0.0, 0.0, 0.0, 0.0, 3777.0, 3.0, 441.0, 0.0] [0.0, 0.0, 0.0, 0.0, 3780.0, 0.0, 441.0, 0.0] -399.0
cur thr:  -99.0 [0.7157240670034962, 0.9841269450743275, 0.5623582638921029, 248.0, 3776.0, 4.0, 193.0, 68.99655017249137] [0.7167583620281932, 0.9880477694004872, 0.5623582638921029, 248.0, 3777.0, 3.0, 193.0, 69.4965251737413] -105.0
cur thr:  -49.0 [0.9423912929770976, 0.9578454108232926, 0.9274376206930245, 409.0, 3762.0, 18.0, 32.0, 45.99885002874928] [0.9434782554219979, 0.9600938741762002, 0.9274376206930245, 409.0, 3763.0, 17.0, 32.0, 45.99885002874928] -51.0
cur thr:  1.0 [0.6102375066014639, 0.44455958088539294, 0.972789093587549, 429.0, 3244.0, 536.0, 12.0, 9.666505558240697] [0.9512144935882351, 0.9305856631109402, 0.972789093587549, 429.0, 3748.0, 32.0, 12.0, 11.66647222546291] -37.0
cur thr:  51.0 [0.189187475463902, 0.10447761169277989, 0.9999999773242636, 441.0, 0.0, 3780.0, 0.0, 0.0] [0.9512144935882351, 0.9305856631109402, 0.972789093587549, 429.0, 3748.0, 32.0, 12.0, 11.66647222546291] -37.0
cur thr:  101.0 [0.189187475463902, 0.10447761169277989, 0.9999999773242636, 441.0, 0.0, 3780.0, 0.0, 0.0] [0.9512144935882351, 0.9305856631109402, 0.972789093587549, 429.0, 3748.0, 32.0, 12.0, 11.66647222546291] -37.0
cur thr:  151.0 [0.189187475463902, 0.10447761169277989, 0.9999999773242636, 441.0, 0.0, 3780.0, 0.0, 0.0] [0.9512144935882351, 0.9305856631109402, 0.972789093587549, 429.0, 3748.0, 32.0, 12.0, 11.66647222546291] -37.0
cur thr:  201.0 [0.189187475463902, 0.10447761169277989, 0.9999999773242636, 441.0, 0.0, 3780.0, 0.0, 0.0] [0.9512144935882351, 0.9305856631109402, 0.972789093587549, 429.0, 3748.0, 32.0, 12.0, 11.66647222546291] -37.0
cur thr:  251.0 [0.189187475463902, 0.10447761169277989, 0.9999999773242636, 441.0, 0.0, 3780.0, 0.0, 0.0] [0.9512144935882351, 0.9305856631109402, 0.972789093587549, 429.0, 3748.0, 32.0, 12.0, 11.66647222546291] -37.0
cur thr:  301.0 [0.189187475463902, 0.10447761169277989, 0.9999999773242636, 441.0, 0.0, 3780.0, 0.0, 0.0] [0.9512144935882351, 0.9305856631109402, 0.972789093587549, 429.0, 3748.0, 32.0, 12.0, 11.66647222546291] -37.0
cur thr:  351.0 [0.189187475463902, 0.10447761169277989, 0.9999999773242636, 441.0, 0.0, 3780.0, 0.0, 0.0] [0.9512144935882351, 0.9305856631109402, 0.972789093587549, 429.0, 3748.0, 32.0, 12.0, 11.66647222546291] -37.0
[0.9512144935882351, 0.9305856631109402, 0.972789093587549, 429.0, 3748.0, 32.0, 12.0, 11.66647222546291] -37.0
label_file: ServerMachineDataset/interpretation_label/omi-1.txt
Initial threshold : 89.105865
Number of peaks : 8
Grimshaw maximum log-likelihood estimation ... [done]
	γ = 0
	σ = 94.002365
	L = 44.34655954178141
Extreme quantile (probability = 0.001): 82.95467451700117
10
4221
POT result:  (0.7126390148026556, 0.9725489814686674, 0.5623582638921029, 248.0, 3773.0, 7.0, 193.0) -88.35099295587537 68.99655017249137

=== 全局调试信息 ===
y_true shape: (4221,), unique values: [0. 1.]
y_pred shape: (4221,), unique values: [False  True]
feature_scores shape: (4221, 19)
y_true 中的异常段: [(661, 666), (965, 1199), (2659, 2673), (2775, 2786), (2913, 2926), (3061, 3206), (3527, 3539)]


=== 处理第 1/7 段 ===
段范围: start=661, end=666
段内真实标签 (seg_true): [1. 1. 1. 1. 1. 1.]
段内预测标签 (seg_pred): [False False False False False False]
段内真实异常时间点索引 (相对段内): [0 1 2 3 4 5]
段内是否有预测为异常的时间点: False
真实异常维度 (0-based): [3, 4, 6, 7, 8, 9, 10, 11, 12, 13, 14, 15, 16, 17, 18]
段内检测到的异常时间点索引 (相对段内): []
未检测到任何异常点，尝试从特征分数中推断异常维度
推断的异常维度 (0-based): [0, 1, 2, 3, 4, 5, 6, 7, 8, 9, 10, 11, 12, 13, 14, 15, 16, 17]
真实与推断的交集: [3, 4, 6, 7, 8, 9, 10, 11, 12, 13, 14, 15, 16, 17]
段内指标: TP=14, FP=4, FN=1, TN=0, IPS=0.9333

=== 处理第 2/7 段 ===
段范围: start=965, end=1199
段内真实标签 (seg_true): [1. 1. 1. 1. 1. 1. 1. 1. 1. 1. 1. 1. 1. 1. 1. 1. 1. 1. 1. 1. 1. 1. 1. 1.
 1. 1. 1. 1. 1. 1. 1. 1. 1. 1. 1. 1. 1. 1. 1. 1. 1. 1. 1. 1. 1. 1. 1. 1.
 1. 1. 1. 1. 1. 1. 1. 1. 1. 1. 1. 1. 1. 1. 1. 1. 1. 1. 1. 1. 1. 1. 1. 1.
 1. 1. 1. 1. 1. 1. 1. 1. 1. 1. 1. 1. 1. 1. 1. 1. 1. 1. 1. 1. 1. 1. 1. 1.
 1. 1. 1. 1. 1. 1. 1. 1. 1. 1. 1. 1. 1. 1. 1. 1. 1. 1. 1. 1. 1. 1. 1. 1.
 1. 1. 1. 1. 1. 1. 1. 1. 1. 1. 1. 1. 1. 1. 1. 1. 1. 1. 1. 1. 1. 1. 1. 1.
 1. 1. 1. 1. 1. 1. 1. 1. 1. 1. 1. 1. 1. 1. 1. 1. 1. 1. 1. 1. 1. 1. 1. 1.
 1. 1. 1. 1. 1. 1. 1. 1. 1. 1. 1. 1. 1. 1. 1. 1. 1. 1. 1. 1. 1. 1. 1. 1.
 1. 1. 1. 1. 1. 1. 1. 1. 1. 1. 1. 1. 1. 1. 1. 1. 1. 1. 1. 1. 1. 1. 1. 1.
 1. 1. 1. 1. 1. 1. 1. 1. 1. 1. 1. 1. 1. 1. 1. 1. 1. 1. 1.]
段内预测标签 (seg_pred): [ True  True  True  True  True  True  True  True  True  True  True  True
  True  True  True  True  True  True  True  True  True  True  True  True
  True  True  True  True  True  True  True  True  True  True  True  True
  True  True  True  True  True  True  True  True  True  True  True  True
  True  True  True  True  True  True  True  True  True  True  True  True
  True  True  True  True  True  True  True  True  True  True  True  True
  True  True  True  True  True  True  True  True  True  True  True  True
  True  True  True  True  True  True  True  True  True  True  True  True
  True  True  True  True  True  True  True  True  True  True  True  True
  True  True  True  True  True  True  True  True  True  True  True  True
  True  True  True  True  True  True  True  True  True  True  True  True
  True  True  True  True  True  True  True  True  True  True  True  True
  True  True  True  True  True  True  True  True  True  True  True  True
  True  True  True  True  True  True  True  True  True  True  True  True
  True  True  True  True  True  True  True  True  True  True  True  True
  True  True  True  True  True  True  True  True  True  True  True  True
  True  True  True  True  True  True  True  True  True  True  True  True
  True  True  True  True  True  True  True  True  True  True  True  True
  True  True  True  True  True  True  True  True  True  True  True  True
  True  True  True  True  True  True  True]
段内真实异常时间点索引 (相对段内): [  0   1   2   3   4   5   6   7   8   9  10  11  12  13  14  15  16  17
  18  19  20  21  22  23  24  25  26  27  28  29  30  31  32  33  34  35
  36  37  38  39  40  41  42  43  44  45  46  47  48  49  50  51  52  53
  54  55  56  57  58  59  60  61  62  63  64  65  66  67  68  69  70  71
  72  73  74  75  76  77  78  79  80  81  82  83  84  85  86  87  88  89
  90  91  92  93  94  95  96  97  98  99 100 101 102 103 104 105 106 107
 108 109 110 111 112 113 114 115 116 117 118 119 120 121 122 123 124 125
 126 127 128 129 130 131 132 133 134 135 136 137 138 139 140 141 142 143
 144 145 146 147 148 149 150 151 152 153 154 155 156 157 158 159 160 161
 162 163 164 165 166 167 168 169 170 171 172 173 174 175 176 177 178 179
 180 181 182 183 184 185 186 187 188 189 190 191 192 193 194 195 196 197
 198 199 200 201 202 203 204 205 206 207 208 209 210 211 212 213 214 215
 216 217 218 219 220 221 222 223 224 225 226 227 228 229 230 231 232 233
 234]
段内是否有预测为异常的时间点: True
真实异常维度 (0-based): [5, 6, 8, 9, 10, 11, 12, 13, 14, 15, 16, 17, 18]
段内检测到的异常时间点索引 (相对段内): [  0   1   2   3   4   5   6   7   8   9  10  11  12  13  14  15  16  17
  18  19  20  21  22  23  24  25  26  27  28  29  30  31  32  33  34  35
  36  37  38  39  40  41  42  43  44  45  46  47  48  49  50  51  52  53
  54  55  56  57  58  59  60  61  62  63  64  65  66  67  68  69  70  71
  72  73  74  75  76  77  78  79  80  81  82  83  84  85  86  87  88  89
  90  91  92  93  94  95  96  97  98  99 100 101 102 103 104 105 106 107
 108 109 110 111 112 113 114 115 116 117 118 119 120 121 122 123 124 125
 126 127 128 129 130 131 132 133 134 135 136 137 138 139 140 141 142 143
 144 145 146 147 148 149 150 151 152 153 154 155 156 157 158 159 160 161
 162 163 164 165 166 167 168 169 170 171 172 173 174 175 176 177 178 179
 180 181 182 183 184 185 186 187 188 189 190 191 192 193 194 195 196 197
 198 199 200 201 202 203 204 205 206 207 208 209 210 211 212 213 214 215
 216 217 218 219 220 221 222 223 224 225 226 227 228 229 230 231 232 233
 234]
推断的异常维度 (0-based): [0, 1, 2, 3, 4, 5, 6, 7, 8, 9, 10, 11, 12, 13, 14, 15, 16, 17, 18]
真实与推断的交集: [5, 6, 8, 9, 10, 11, 12, 13, 14, 15, 16, 17, 18]
段内指标: TP=13, FP=6, FN=0, TN=0, IPS=1.0000

=== 处理第 3/7 段 ===
段范围: start=2659, end=2673
段内真实标签 (seg_true): [1. 1. 1. 1. 1. 1. 1. 1. 1. 1. 1. 1. 1. 1. 1.]
段内预测标签 (seg_pred): [False False False False False False False False False False False False
 False False False]
段内真实异常时间点索引 (相对段内): [ 0  1  2  3  4  5  6  7  8  9 10 11 12 13 14]
段内是否有预测为异常的时间点: False
真实异常维度 (0-based): [4, 5, 6, 7, 8, 9, 10, 11, 12, 13, 14, 15, 16, 17, 18]
段内检测到的异常时间点索引 (相对段内): []
未检测到任何异常点，尝试从特征分数中推断异常维度
推断的异常维度 (0-based): [0, 1, 2, 3, 4, 5, 6, 7, 8, 9, 10, 11, 12, 13, 14, 15, 16, 17, 18]
真实与推断的交集: [4, 5, 6, 7, 8, 9, 10, 11, 12, 13, 14, 15, 16, 17, 18]
段内指标: TP=15, FP=4, FN=0, TN=0, IPS=1.0000

=== 处理第 4/7 段 ===
段范围: start=2775, end=2786
段内真实标签 (seg_true): [1. 1. 1. 1. 1. 1. 1. 1. 1. 1. 1. 1.]
段内预测标签 (seg_pred): [False False False False False False False False False False False False]
段内真实异常时间点索引 (相对段内): [ 0  1  2  3  4  5  6  7  8  9 10 11]
段内是否有预测为异常的时间点: False
真实异常维度 (0-based): [6, 8, 9, 10, 11, 12, 13, 14, 15, 16, 17]
段内检测到的异常时间点索引 (相对段内): []
未检测到任何异常点，尝试从特征分数中推断异常维度
推断的异常维度 (0-based): [0, 1, 2, 3, 4, 5, 6, 7, 8, 9, 10, 11, 12, 13, 14, 15, 16, 17, 18]
真实与推断的交集: [6, 8, 9, 10, 11, 12, 13, 14, 15, 16, 17]
段内指标: TP=11, FP=8, FN=0, TN=0, IPS=1.0000

=== 处理第 5/7 段 ===
段范围: start=2913, end=2926
段内真实标签 (seg_true): [1. 1. 1. 1. 1. 1. 1. 1. 1. 1. 1. 1. 1. 1.]
段内预测标签 (seg_pred): [False False False False False False False False False False False False
 False False]
段内真实异常时间点索引 (相对段内): [ 0  1  2  3  4  5  6  7  8  9 10 11 12 13]
段内是否有预测为异常的时间点: False
真实异常维度 (0-based): [6, 9, 10, 11, 12, 13, 14, 15, 16, 17, 18]
段内检测到的异常时间点索引 (相对段内): []
未检测到任何异常点，尝试从特征分数中推断异常维度
推断的异常维度 (0-based): [0, 1, 2, 3, 4, 5, 6, 7, 8, 9, 10, 11, 12, 13, 14, 15, 16, 17, 18]
真实与推断的交集: [6, 9, 10, 11, 12, 13, 14, 15, 16, 17, 18]
段内指标: TP=11, FP=8, FN=0, TN=0, IPS=1.0000

=== 处理第 6/7 段 ===
段范围: start=3061, end=3206
段内真实标签 (seg_true): [1. 1. 1. 1. 1. 1. 1. 1. 1. 1. 1. 1. 1. 1. 1. 1. 1. 1. 1. 1. 1. 1. 1. 1.
 1. 1. 1. 1. 1. 1. 1. 1. 1. 1. 1. 1. 1. 1. 1. 1. 1. 1. 1. 1. 1. 1. 1. 1.
 1. 1. 1. 1. 1. 1. 1. 1. 1. 1. 1. 1. 1. 1. 1. 1. 1. 1. 1. 1. 1. 1. 1. 1.
 1. 1. 1. 1. 1. 1. 1. 1. 1. 1. 1. 1. 1. 1. 1. 1. 1. 1. 1. 1. 1. 1. 1. 1.
 1. 1. 1. 1. 1. 1. 1. 1. 1. 1. 1. 1. 1. 1. 1. 1. 1. 1. 1. 1. 1. 1. 1. 1.
 1. 1. 1. 1. 1. 1. 1. 1. 1. 1. 1. 1. 1. 1. 1. 1. 1. 1. 1. 1. 1. 1. 1. 1.
 1. 1.]
段内预测标签 (seg_pred): [False False False False False False False False False False False False
 False False False False False False False False False False False False
 False False False False False False False False False False False False
 False False False False False False False False False False False False
 False False False False False False False False False False False False
 False False False False False False False False False False False False
 False False False False False False False False False False False False
 False False False False False False False False False False False False
 False False False False False False False False False False False False
 False False False False False False False False False False False False
 False False False False False False False False False False False False
 False False False False False False False False False False False False
 False False]
段内真实异常时间点索引 (相对段内): [  0   1   2   3   4   5   6   7   8   9  10  11  12  13  14  15  16  17
  18  19  20  21  22  23  24  25  26  27  28  29  30  31  32  33  34  35
  36  37  38  39  40  41  42  43  44  45  46  47  48  49  50  51  52  53
  54  55  56  57  58  59  60  61  62  63  64  65  66  67  68  69  70  71
  72  73  74  75  76  77  78  79  80  81  82  83  84  85  86  87  88  89
  90  91  92  93  94  95  96  97  98  99 100 101 102 103 104 105 106 107
 108 109 110 111 112 113 114 115 116 117 118 119 120 121 122 123 124 125
 126 127 128 129 130 131 132 133 134 135 136 137 138 139 140 141 142 143
 144 145]
段内是否有预测为异常的时间点: False
真实异常维度 (0-based): [7, 8, 9, 10, 11, 12, 13, 14, 15, 16, 17, 18]
段内检测到的异常时间点索引 (相对段内): []
未检测到任何异常点，尝试从特征分数中推断异常维度
推断的异常维度 (0-based): [0, 1, 2, 3, 4, 5, 6, 7, 8, 9, 10, 11, 12, 13, 14, 15, 16, 17, 18]
真实与推断的交集: [7, 8, 9, 10, 11, 12, 13, 14, 15, 16, 17, 18]
段内指标: TP=12, FP=7, FN=0, TN=0, IPS=1.0000

=== 处理第 7/7 段 ===
段范围: start=3527, end=3539
段内真实标签 (seg_true): [1. 1. 1. 1. 1. 1. 1. 1. 1. 1. 1. 1. 1.]
段内预测标签 (seg_pred): [ True  True  True  True  True  True  True  True  True  True  True  True
  True]
段内真实异常时间点索引 (相对段内): [ 0  1  2  3  4  5  6  7  8  9 10 11 12]
段内是否有预测为异常的时间点: True
真实异常维度 (0-based): [6, 8, 9, 10, 11, 12, 13, 14, 15, 16, 17, 18]
段内检测到的异常时间点索引 (相对段内): [ 0  1  2  3  4  5  6  7  8  9 10 11 12]
推断的异常维度 (0-based): [0, 1, 2, 3, 4, 5, 6, 7, 8, 10, 11, 12, 13, 14, 15, 16, 18]
真实与推断的交集: [6, 8, 10, 11, 12, 13, 14, 15, 16, 18]
段内指标: TP=10, FP=7, FN=2, TN=0, IPS=0.8333

=== 汇总指标 ===

总 TP: 86, 总 TN: 0, 总 FP: 44, 总 FN: 3
平均 IPS: 0.9942, Precision: 0.6615, Recall: 0.9663, F1: 0.7854
每段IPS与混淆: [{'start': 661, 'end': 666, 'TP': 14, 'TN': 0, 'FP': 4, 'FN': 1, 'IPS': 0.9333333333333333, 'k_selected': 15, 'gt_dims_count': 15}, {'start': 965, 'end': 1199, 'TP': 13, 'TN': 0, 'FP': 6, 'FN': 0, 'IPS': 1.0, 'k_selected': 13, 'gt_dims_count': 13}, {'start': 2659, 'end': 2673, 'TP': 15, 'TN': 0, 'FP': 4, 'FN': 0, 'IPS': 1.0, 'k_selected': 15, 'gt_dims_count': 15}, {'start': 2775, 'end': 2786, 'TP': 11, 'TN': 0, 'FP': 8, 'FN': 0, 'IPS': 1.0, 'k_selected': 11, 'gt_dims_count': 11}, {'start': 2913, 'end': 2926, 'TP': 11, 'TN': 0, 'FP': 8, 'FN': 0, 'IPS': 1.0, 'k_selected': 11, 'gt_dims_count': 11}, {'start': 3061, 'end': 3206, 'TP': 12, 'TN': 0, 'FP': 7, 'FN': 0, 'IPS': 1.0, 'k_selected': 12, 'gt_dims_count': 12}, {'start': 3527, 'end': 3539, 'TP': 10, 'TN': 0, 'FP': 7, 'FN': 2, 'IPS': 0.8333333333333334, 'k_selected': 12, 'gt_dims_count': 12}]
总和: {'TP': 86, 'TN': 0, 'FP': 44, 'FN': 3, 'IPS': 0.9941798941798942, 'precision': 0.6615384615384615, 'recall': 0.9662921348314607, 'F1': 0.7853881278538812}
test end time:  2025-06-10 20:24:46
test time:  120.33231854438782
==============================result==============================
{'FN': 12.0,
 'FP': 32.0,
 'TN': 3748.0,
 'TP': 429.0,
 'best-f1': 0.9512144935882351,
 'best_valid_loss': -4.419612861425579,
 'latency': 11.66647222546291,
 'pot-FN': 193.0,
 'pot-FP': 7.0,
 'pot-TN': 3773.0,
 'pot-TP': 248.0,
 'pot-f1': 0.7126390148026556,
 'pot-latency': 68.99655017249137,
 'pot-precision': 0.9725489814686674,
 'pot-recall': 0.5623582638921029,
 'pot-threshold': -88.35099295587537,
 'precision': 0.9305856631109402,
 'pred_time': 0.51605424600489,
 'pred_total_time': 43.92095136642456,
 'recall': 0.972789093587549,
 'segment_results': [{'FN': 1,
                      'FP': 4,
                      'IPS': 0.9333333333333333,
                      'TN': 0,
                      'TP': 14,
                      'end': 666,
                      'gt_dims_count': 15,
                      'k_selected': 15,
                      'start': 661},
                     {'FN': 0,
                      'FP': 6,
                      'IPS': 1.0,
                      'TN': 0,
                      'TP': 13,
                      'end': 1199,
                      'gt_dims_count': 13,
                      'k_selected': 13,
                      'start': 965},
                     {'FN': 0,
                      'FP': 4,
                      'IPS': 1.0,
                      'TN': 0,
                      'TP': 15,
                      'end': 2673,
                      'gt_dims_count': 15,
                      'k_selected': 15,
                      'start': 2659},
                     {'FN': 0,
                      'FP': 8,
                      'IPS': 1.0,
                      'TN': 0,
                      'TP': 11,
                      'end': 2786,
                      'gt_dims_count': 11,
                      'k_selected': 11,
                      'start': 2775},
                     {'FN': 0,
                      'FP': 8,
                      'IPS': 1.0,
                      'TN': 0,
                      'TP': 11,
                      'end': 2926,
                      'gt_dims_count': 11,
                      'k_selected': 11,
                      'start': 2913},
                     {'FN': 0,
                      'FP': 7,
                      'IPS': 1.0,
                      'TN': 0,
                      'TP': 12,
                      'end': 3206,
                      'gt_dims_count': 12,
                      'k_selected': 12,
                      'start': 3061},
                     {'FN': 2,
                      'FP': 7,
                      'IPS': 0.8333333333333334,
                      'TN': 0,
                      'TP': 10,
                      'end': 3539,
                      'gt_dims_count': 12,
                      'k_selected': 12,
                      'start': 3527}],
 'segment_summary': {'F1': 0.7853881278538812,
                     'FN': 3,
                     'FP': 44,
                     'IPS': 0.9941798941798942,
                     'TN': 0,
                     'TP': 86,
                     'precision': 0.6615384615384615,
                     'recall': 0.9662921348314607},
 'threshold': -37.0,
 'train_time': 98.18855345249176,
 'valid_time': 0.36027573758905584}
