2025-06-10 16:43:27.185658: I tensorflow/core/platform/cpu_feature_guard.cc:141] Your CPU supports instructions that this TensorFlow binary was not compiled to use: AVX2 AVX512F FMA
Configurations
===========================================
{'batch_size': 50,
 'bf_search_max': 400.0,
 'bf_search_min': -400.0,
 'bf_search_step_size': 1.0,
 'dataset': 'omi-4',
 'dense_dim': 500,
 'early_stop': True,
 'get_score_on_dim': True,
 'gradient_clip_norm': 10.0,
 'initial_lr': 0.001,
 'l2_reg': 0.0001,
 'level': 0.001,
 'lr_anneal_epoch_freq': 40,
 'lr_anneal_factor': 0.5,
 'lr_anneal_step_freq': None,
 'max_epoch': 10,
 'max_test_size': None,
 'max_train_size': None,
 'nf_layers': 20,
 'posterior_flow_type': 'nf',
 'restore_dir': None,
 'result_dir': 'result',
 'rnn_cell': 'GRU',
 'rnn_num_hidden': 500,
 'save_dir': 'model',
 'save_z': False,
 'std_epsilon': 0.0001,
 'test_batch_size': 50,
 'test_n_z': 1,
 'test_score_filename': 'test_score.pkl',
 'test_start': 0,
 'train_score_filename': 'train_score.pkl',
 'train_start': 0,
 'use_connected_z_p': True,
 'use_connected_z_q': True,
 'valid_step_freq': 100,
 'window_length': 100,
 'x_dim': 19,
 'z_dim': 3}

train start time:  2025-06-10 16:43:03
load data of: omi-4
train:  0 None
test:  0 None
Data normalized
Data normalized
train set shape:  (8640, 19)
test set shape:  (4320, 19)
test set label shape:  (4320,)
Trainable Parameters                                            (2,560,202 in total)
------------------------------------------------------------------------------------
model/q_z_given_x/rnn_q_z/rnn/gru_cell/gates/kernel             (519, 1000)  519,000
model/q_z_given_x/rnn_q_z/rnn/gru_cell/gates/bias               (1000,)        1,000
model/q_z_given_x/rnn_q_z/rnn/gru_cell/candidate/kernel         (519, 500)   259,500
model/q_z_given_x/rnn_q_z/rnn/gru_cell/candidate/bias           (500,)           500
model/q_z_given_x/rnn_q_z/dense/kernel                          (500, 500)   250,000
model/q_z_given_x/rnn_q_z/dense/bias                            (500,)           500
model/q_z_given_x/rnn_q_z/dense_1/kernel                        (500, 500)   250,000
model/q_z_given_x/rnn_q_z/dense_1/bias                          (500,)           500
model/vae/variational/z_mean/kernel                             (503, 3)       1,509
model/vae/variational/z_mean/bias                               (3,)               3
model/vae/variational/z_std/kernel                              (503, 3)       1,509
model/vae/variational/z_std/bias                                (3,)               3
model/posterior_flow/_0/w                                       (1, 3)             3
model/posterior_flow/_0/b                                       (1,)               1
model/posterior_flow/_0/u                                       (1, 3)             3
model/posterior_flow/_1/w                                       (1, 3)             3
model/posterior_flow/_1/b                                       (1,)               1
model/posterior_flow/_1/u                                       (1, 3)             3
model/posterior_flow/_2/w                                       (1, 3)             3
model/posterior_flow/_2/b                                       (1,)               1
model/posterior_flow/_2/u                                       (1, 3)             3
model/posterior_flow/_3/w                                       (1, 3)             3
model/posterior_flow/_3/b                                       (1,)               1
model/posterior_flow/_3/u                                       (1, 3)             3
model/posterior_flow/_4/w                                       (1, 3)             3
model/posterior_flow/_4/b                                       (1,)               1
model/posterior_flow/_4/u                                       (1, 3)             3
model/posterior_flow/_5/w                                       (1, 3)             3
model/posterior_flow/_5/b                                       (1,)               1
model/posterior_flow/_5/u                                       (1, 3)             3
model/posterior_flow/_6/w                                       (1, 3)             3
model/posterior_flow/_6/b                                       (1,)               1
model/posterior_flow/_6/u                                       (1, 3)             3
model/posterior_flow/_7/w                                       (1, 3)             3
model/posterior_flow/_7/b                                       (1,)               1
model/posterior_flow/_7/u                                       (1, 3)             3
model/posterior_flow/_8/w                                       (1, 3)             3
model/posterior_flow/_8/b                                       (1,)               1
model/posterior_flow/_8/u                                       (1, 3)             3
model/posterior_flow/_9/w                                       (1, 3)             3
model/posterior_flow/_9/b                                       (1,)               1
model/posterior_flow/_9/u                                       (1, 3)             3
model/posterior_flow/_10/w                                      (1, 3)             3
model/posterior_flow/_10/b                                      (1,)               1
model/posterior_flow/_10/u                                      (1, 3)             3
model/posterior_flow/_11/w                                      (1, 3)             3
model/posterior_flow/_11/b                                      (1,)               1
model/posterior_flow/_11/u                                      (1, 3)             3
model/posterior_flow/_12/w                                      (1, 3)             3
model/posterior_flow/_12/b                                      (1,)               1
model/posterior_flow/_12/u                                      (1, 3)             3
model/posterior_flow/_13/w                                      (1, 3)             3
model/posterior_flow/_13/b                                      (1,)               1
model/posterior_flow/_13/u                                      (1, 3)             3
model/posterior_flow/_14/w                                      (1, 3)             3
model/posterior_flow/_14/b                                      (1,)               1
model/posterior_flow/_14/u                                      (1, 3)             3
model/posterior_flow/_15/w                                      (1, 3)             3
model/posterior_flow/_15/b                                      (1,)               1
model/posterior_flow/_15/u                                      (1, 3)             3
model/posterior_flow/_16/w                                      (1, 3)             3
model/posterior_flow/_16/b                                      (1,)               1
model/posterior_flow/_16/u                                      (1, 3)             3
model/posterior_flow/_17/w                                      (1, 3)             3
model/posterior_flow/_17/b                                      (1,)               1
model/posterior_flow/_17/u                                      (1, 3)             3
model/posterior_flow/_18/w                                      (1, 3)             3
model/posterior_flow/_18/b                                      (1,)               1
model/posterior_flow/_18/u                                      (1, 3)             3
model/posterior_flow/_19/w                                      (1, 3)             3
model/posterior_flow/_19/b                                      (1,)               1
model/posterior_flow/_19/u                                      (1, 3)             3
model/p_x_given_z/hidden/rnn_p_x/rnn/gru_cell/gates/kernel      (503, 1000)  503,000
model/p_x_given_z/hidden/rnn_p_x/rnn/gru_cell/gates/bias        (1000,)        1,000
model/p_x_given_z/hidden/rnn_p_x/rnn/gru_cell/candidate/kernel  (503, 500)   251,500
model/p_x_given_z/hidden/rnn_p_x/rnn/gru_cell/candidate/bias    (500,)           500
model/p_x_given_z/hidden/rnn_p_x/dense/kernel                   (500, 500)   250,000
model/p_x_given_z/hidden/rnn_p_x/dense/bias                     (500,)           500
model/p_x_given_z/hidden/rnn_p_x/dense_1/kernel                 (500, 500)   250,000
model/p_x_given_z/hidden/rnn_p_x/dense_1/bias                   (500,)           500
model/p_x_given_z/x_mean/kernel                                 (500, 19)      9,500
model/p_x_given_z/x_mean/bias                                   (19,)             19
model/p_x_given_z/x_std/kernel                                  (500, 19)      9,500
model/p_x_given_z/x_std/bias                                    (19,)             19/home/hz/anaconda3/envs/py36/lib/python3.6/site-packages/tensorflow/python/framework/dtypes.py:523: FutureWarning: Passing (type, 1) or '1type' as a synonym of type is deprecated; in a future version of numpy, it will be understood as (type, (1,)) / '(1,)type'.
  _np_qint8 = np.dtype([("qint8", np.int8, 1)])
/home/hz/anaconda3/envs/py36/lib/python3.6/site-packages/tensorflow/python/framework/dtypes.py:524: FutureWarning: Passing (type, 1) or '1type' as a synonym of type is deprecated; in a future version of numpy, it will be understood as (type, (1,)) / '(1,)type'.
  _np_quint8 = np.dtype([("quint8", np.uint8, 1)])
/home/hz/anaconda3/envs/py36/lib/python3.6/site-packages/tensorflow/python/framework/dtypes.py:525: FutureWarning: Passing (type, 1) or '1type' as a synonym of type is deprecated; in a future version of numpy, it will be understood as (type, (1,)) / '(1,)type'.
  _np_qint16 = np.dtype([("qint16", np.int16, 1)])
/home/hz/anaconda3/envs/py36/lib/python3.6/site-packages/tensorflow/python/framework/dtypes.py:526: FutureWarning: Passing (type, 1) or '1type' as a synonym of type is deprecated; in a future version of numpy, it will be understood as (type, (1,)) / '(1,)type'.
  _np_quint16 = np.dtype([("quint16", np.uint16, 1)])
/home/hz/anaconda3/envs/py36/lib/python3.6/site-packages/tensorflow/python/framework/dtypes.py:527: FutureWarning: Passing (type, 1) or '1type' as a synonym of type is deprecated; in a future version of numpy, it will be understood as (type, (1,)) / '(1,)type'.
  _np_qint32 = np.dtype([("qint32", np.int32, 1)])
/home/hz/anaconda3/envs/py36/lib/python3.6/site-packages/tensorflow/python/framework/dtypes.py:532: FutureWarning: Passing (type, 1) or '1type' as a synonym of type is deprecated; in a future version of numpy, it will be understood as (type, (1,)) / '(1,)type'.
  np_resource = np.dtype([("resource", np.ubyte, 1)])
/home/hz/anaconda3/envs/py36/lib/python3.6/site-packages/tfsnippet/utils/tfver.py:22: DeprecationWarning: Function 'semver.compare' is deprecated. Deprecated since version 2.10.0.  This function will be removed in semver 3. Use the respective 'semver.VersionInfo.compare' instead.
  compare_result = semver.compare(version, tf.__version__)
/home/hz/anaconda3/envs/py36/lib/python3.6/site-packages/tfsnippet/utils/tfver.py:22: DeprecationWarning: Function 'semver.compare' is deprecated. Deprecated since version 2.10.0.  This function will be removed in semver 3. Use the respective 'semver.VersionInfo.compare' instead.
  compare_result = semver.compare(version, tf.__version__)
INFO:tensorflow:Restoring parameters from /tmp/tmp_palhejn/variables.dat-1100
2025-06-10 17:04:01,307 [INFO] tensorflow: Restoring parameters from /tmp/tmp_palhejn/variables.dat-1100
  0%|          | 0/4221 [00:00<?, ?it/s]100%|██████████| 4221/4221 [00:00<00:00, 868106.17it/s]

train_values: (6048, 19)
[Epoch 1/10, Step 100] step time: 1.49s (±4.016s); train time: 1m 55.46s; valid time: 33.66s; loss: 1.93302 (±5.27921); valid loss: -1.54385 (*)
train_values: (6048, 19)
[Epoch 2/10, Step 200, ETA 20m 53.5s] step time: 1.066s (±2.353s); train time: 1m 5.848s; valid time: 23.66s; loss: -3.19739 (±1.48252); valid loss: -3.17034 (*)
train_values: (6048, 19)
[Epoch 3/10, Step 300, ETA 17m 31.98s] step time: 1.027s (±2.351s); train time: 50.37s; valid time: 23.62s; loss: -3.44873 (±1.84609); valid loss: -3.25794 (*)
train_values: (6048, 19)
[Epoch 4/10, Step 400, ETA 14m 57.95s] step time: 1.018s (±2.356s); train time: 36.19s; valid time: 23.73s; loss: -3.40705 (±2.47465); valid loss: -6.80476 (*)
train_values: (6048, 19)
[Epoch 5/10, Step 500, ETA 12m 42.59s] step time: 1.002s (±2.135s); train time: 21.64s; valid time: 21.51s; loss: -4.39082 (±1.79086); valid loss: -5.48785
train_values: (6048, 19)
[Epoch 6/10, Step 600, ETA 10m 37.99s] step time: 0.9919s (±2.093s); train time: 7.733s; valid time: 21.05s; loss: -4.97054 (±1.55426); valid loss: -6.39139
[Epoch 6/10, Step 700, ETA 8m 41.04s] step time: 0.9979s (±2.15s); train time: 1m 18.56s; valid time: 21.29s; loss: -4.63214 (±2.56954); valid loss: -4.98233
train_values: (6048, 19)
[Epoch 7/10, Step 800, ETA 6m 49.72s] step time: 1.026s (±2.413s); train time: 1m 12.6s; valid time: 24.32s; loss: -5.47612 (±2.01874); valid loss: -7.39163 (*)
train_values: (6048, 19)
[Epoch 8/10, Step 900, ETA 5m 0.08638s] step time: 1.019s (±2.354s); train time: 57.41s; valid time: 23.83s; loss: -5.88997 (±2.87724); valid loss: -8.31024 (*)
train_values: (6048, 19)
[Epoch 9/10, Step 1000, ETA 3m 11.96s] step time: 1.018s (±2.376s); train time: 44.15s; valid time: 23.88s; loss: -6.34914 (±2.48384); valid loss: -8.59537 (*)
train_values: (6048, 19)
[Epoch 10/10, Step 1100, ETA 1m 24.97s] step time: 1.018s (±2.388s); train time: 30.13s; valid time: 24.01s; loss: -7.11639 (±2.08031); valid loss: -10.1725 (*)
train end time:  2025-06-10 17:04:01
train time:  1257.711100101471
test start time:  2025-06-10 17:04:01
------------------------------ testing ------------------------------
test_score shape:  (4221, 19)
test_z shape:  (4221, 100, 6)
search range:  -400.0 400.0
cur thr:  -399.0 [0.5384575078879367, 0.982455967990181, 0.3708609025919932, 56.0, 4069.0, 1.0, 95.0, 13.998600139986001] [0.5384575078879367, 0.982455967990181, 0.3708609025919932, 56.0, 4069.0, 1.0, 95.0, 13.998600139986001] -399.0
cur thr:  -349.0 [0.5384575078879367, 0.982455967990181, 0.3708609025919932, 56.0, 4069.0, 1.0, 95.0, 13.998600139986001] [0.5384575078879367, 0.982455967990181, 0.3708609025919932, 56.0, 4069.0, 1.0, 95.0, 13.998600139986001] -399.0
cur thr:  -299.0 [0.5384575078879367, 0.982455967990181, 0.3708609025919932, 56.0, 4069.0, 1.0, 95.0, 13.998600139986001] [0.5384575078879367, 0.982455967990181, 0.3708609025919932, 56.0, 4069.0, 1.0, 95.0, 13.998600139986001] -399.0
cur thr:  -249.0 [0.5384575078879367, 0.982455967990181, 0.3708609025919932, 56.0, 4069.0, 1.0, 95.0, 13.998600139986001] [0.5384575078879367, 0.982455967990181, 0.3708609025919932, 56.0, 4069.0, 1.0, 95.0, 13.998600139986001] -399.0
cur thr:  -199.0 [0.5308015669320482, 0.9333331777778037, 0.3708609025919932, 56.0, 4066.0, 4.0, 95.0, 13.998600139986001] [0.5384575078879367, 0.982455967990181, 0.3708609025919932, 56.0, 4069.0, 1.0, 95.0, 13.998600139986001] -399.0
cur thr:  -149.0 [0.5233602825902538, 0.8888887477954368, 0.3708609025919932, 56.0, 4063.0, 7.0, 95.0, 13.998600139986001] [0.5384575078879367, 0.982455967990181, 0.3708609025919932, 56.0, 4069.0, 1.0, 95.0, 13.998600139986001] -399.0
cur thr:  -99.0 [0.565732213180061, 0.7099999290000071, 0.47019864435770564, 71.0, 4041.0, 29.0, 80.0, 11.499425028748561] [0.5748939868280782, 0.7395832562934108, 0.47019864435770564, 71.0, 4045.0, 25.0, 80.0, 11.499425028748561] -104.0
cur thr:  -49.0 [0.4368885391434863, 0.3448275729951122, 0.5960264505942748, 90.0, 3899.0, 171.0, 61.0, 3.999900002499938] [0.6259492672719286, 0.7387386721857052, 0.5430463216525615, 82.0, 4041.0, 29.0, 69.0, 9.333022232592246] -98.0
cur thr:  1.0 [0.19572085006555415, 0.108477010714964, 0.9999999337748388, 151.0, 2829.0, 1241.0, 0.0, 3.999920001599968] [0.6259492672719286, 0.7387386721857052, 0.5430463216525615, 82.0, 4041.0, 29.0, 69.0, 9.333022232592246] -98.0
cur thr:  51.0 [0.06907527057436498, 0.035773513300702414, 0.9999999337748388, 151.0, 0.0, 4070.0, 0.0, 0.0] [0.6259492672719286, 0.7387386721857052, 0.5430463216525615, 82.0, 4041.0, 29.0, 69.0, 9.333022232592246] -98.0
cur thr:  101.0 [0.06907527057436498, 0.035773513300702414, 0.9999999337748388, 151.0, 0.0, 4070.0, 0.0, 0.0] [0.6259492672719286, 0.7387386721857052, 0.5430463216525615, 82.0, 4041.0, 29.0, 69.0, 9.333022232592246] -98.0
cur thr:  151.0 [0.06907527057436498, 0.035773513300702414, 0.9999999337748388, 151.0, 0.0, 4070.0, 0.0, 0.0] [0.6259492672719286, 0.7387386721857052, 0.5430463216525615, 82.0, 4041.0, 29.0, 69.0, 9.333022232592246] -98.0
cur thr:  201.0 [0.06907527057436498, 0.035773513300702414, 0.9999999337748388, 151.0, 0.0, 4070.0, 0.0, 0.0] [0.6259492672719286, 0.7387386721857052, 0.5430463216525615, 82.0, 4041.0, 29.0, 69.0, 9.333022232592246] -98.0
cur thr:  251.0 [0.06907527057436498, 0.035773513300702414, 0.9999999337748388, 151.0, 0.0, 4070.0, 0.0, 0.0] [0.6259492672719286, 0.7387386721857052, 0.5430463216525615, 82.0, 4041.0, 29.0, 69.0, 9.333022232592246] -98.0
cur thr:  301.0 [0.06907527057436498, 0.035773513300702414, 0.9999999337748388, 151.0, 0.0, 4070.0, 0.0, 0.0] [0.6259492672719286, 0.7387386721857052, 0.5430463216525615, 82.0, 4041.0, 29.0, 69.0, 9.333022232592246] -98.0
cur thr:  351.0 [0.06907527057436498, 0.035773513300702414, 0.9999999337748388, 151.0, 0.0, 4070.0, 0.0, 0.0] [0.6259492672719286, 0.7387386721857052, 0.5430463216525615, 82.0, 4041.0, 29.0, 69.0, 9.333022232592246] -98.0
[0.6259492672719286, 0.7387386721857052, 0.5430463216525615, 82.0, 4041.0, 29.0, 69.0, 9.333022232592246] -98.0
label_file: ServerMachineDataset/interpretation_label/omi-4.txt
Initial threshold : 95.32246
Number of peaks : 8
Grimshaw maximum log-likelihood estimation ... [done]
	γ = 0
	σ = 67.93458
	L = 41.74836122385245
Extreme quantile (probability = 0.001): 90.87705159466145
49
4221
POT result:  (0.6096604574684984, 0.6949151953461699, 0.5430463216525615, 82.0, 4034.0, 36.0, 69.0) -95.04126160214973 9.333022232592246

=== 全局调试信息 ===
y_true shape: (4221,), unique values: [0. 1.]
y_pred shape: (4221,), unique values: [False  True]
feature_scores shape: (4221, 19)
y_true 中的异常段: [(628, 683), (744, 758), (2079, 2139), (2395, 2402), (3326, 3336)]


=== 处理第 1/5 段 ===
段范围: start=628, end=683
段内真实标签 (seg_true): [1. 1. 1. 1. 1. 1. 1. 1. 1. 1. 1. 1. 1. 1. 1. 1. 1. 1. 1. 1. 1. 1. 1. 1.
 1. 1. 1. 1. 1. 1. 1. 1. 1. 1. 1. 1. 1. 1. 1. 1. 1. 1. 1. 1. 1. 1. 1. 1.
 1. 1. 1. 1. 1. 1. 1. 1.]
段内预测标签 (seg_pred): [ True  True  True  True  True  True  True  True  True  True  True  True
  True  True  True  True  True  True  True  True  True  True  True  True
  True  True  True  True  True  True  True  True  True  True  True  True
  True  True  True  True  True  True  True  True  True  True  True  True
  True  True  True  True  True  True  True  True]
段内真实异常时间点索引 (相对段内): [ 0  1  2  3  4  5  6  7  8  9 10 11 12 13 14 15 16 17 18 19 20 21 22 23
 24 25 26 27 28 29 30 31 32 33 34 35 36 37 38 39 40 41 42 43 44 45 46 47
 48 49 50 51 52 53 54 55]
段内是否有预测为异常的时间点: True
真实异常维度 (0-based): [0, 1, 5, 6, 7, 8, 9, 10, 11, 12, 13, 14, 15, 16, 17, 18]
段内检测到的异常时间点索引 (相对段内): [ 0  1  2  3  4  5  6  7  8  9 10 11 12 13 14 15 16 17 18 19 20 21 22 23
 24 25 26 27 28 29 30 31 32 33 34 35 36 37 38 39 40 41 42 43 44 45 46 47
 48 49 50 51 52 53 54 55]
推断的异常维度 (0-based): [0, 1, 2, 3, 4, 5, 6, 7, 8, 9, 10, 11, 12, 13, 14, 15, 16, 17, 18]
真实与推断的交集: [0, 1, 5, 6, 7, 8, 9, 10, 11, 12, 13, 14, 15, 16, 17, 18]
段内指标: TP=16, FP=3, FN=0, TN=0, IPS=1.0000

=== 处理第 2/5 段 ===

段范围: start=744, end=758
段内真实标签 (seg_true): [1. 1. 1. 1. 1. 1. 1. 1. 1. 1. 1. 1. 1. 1. 1.]
段内预测标签 (seg_pred): [ True  True  True  True  True  True  True  True  True  True  True  True
  True  True  True]
段内真实异常时间点索引 (相对段内): [ 0  1  2  3  4  5  6  7  8  9 10 11 12 13 14]
段内是否有预测为异常的时间点: True
真实异常维度 (0-based): [5, 6, 7, 8, 9, 10, 11, 12, 13, 14, 15, 16, 17, 18]
段内检测到的异常时间点索引 (相对段内): [ 0  1  2  3  4  5  6  7  8  9 10 11 12 13 14]
推断的异常维度 (0-based): [0, 1, 2, 3, 4, 5, 6, 7, 8, 9, 10, 11, 12, 13, 14, 15, 16, 17, 18]
真实与推断的交集: [5, 6, 7, 8, 9, 10, 11, 12, 13, 14, 15, 16, 17, 18]
段内指标: TP=14, FP=5, FN=0, TN=0, IPS=1.0000

=== 处理第 3/5 段 ===
段范围: start=2079, end=2139
段内真实标签 (seg_true): [1. 1. 1. 1. 1. 1. 1. 1. 1. 1. 1. 1. 1. 1. 1. 1. 1. 1. 1. 1. 1. 1. 1. 1.
 1. 1. 1. 1. 1. 1. 1. 1. 1. 1. 1. 1. 1. 1. 1. 1. 1. 1. 1. 1. 1. 1. 1. 1.
 1. 1. 1. 1. 1. 1. 1. 1. 1. 1. 1. 1. 1.]
段内预测标签 (seg_pred): [False False False False False False False False False False False False
 False False False False False False False False False False False False
 False False False False False False False False False False False False
 False False False False False False False False False False False False
 False False False False False False False False False False False False
 False]
段内真实异常时间点索引 (相对段内): [ 0  1  2  3  4  5  6  7  8  9 10 11 12 13 14 15 16 17 18 19 20 21 22 23
 24 25 26 27 28 29 30 31 32 33 34 35 36 37 38 39 40 41 42 43 44 45 46 47
 48 49 50 51 52 53 54 55 56 57 58 59 60]
段内是否有预测为异常的时间点: False
真实异常维度 (0-based): [7, 8, 9, 10, 11, 12, 13, 14, 15, 16, 17, 18]
段内检测到的异常时间点索引 (相对段内): []
未检测到任何异常点，尝试从特征分数中推断异常维度
推断的异常维度 (0-based): [0, 1, 2, 3, 4, 5, 6, 7, 8, 9, 10, 11, 12, 13, 14, 15, 16, 17, 18]
真实与推断的交集: [7, 8, 9, 10, 11, 12, 13, 14, 15, 16, 17, 18]
段内指标: TP=12, FP=7, FN=0, TN=0, IPS=1.0000

=== 处理第 4/5 段 ===
段范围: start=2395, end=2402
段内真实标签 (seg_true): [1. 1. 1. 1. 1. 1. 1. 1.]
段内预测标签 (seg_pred): [False False False False False False False False]
段内真实异常时间点索引 (相对段内): [0 1 2 3 4 5 6 7]
段内是否有预测为异常的时间点: False
真实异常维度 (0-based): [6, 8, 9, 10, 11, 12, 13, 14, 15, 16, 17, 18]
段内检测到的异常时间点索引 (相对段内): []
未检测到任何异常点，尝试从特征分数中推断异常维度
推断的异常维度 (0-based): [0, 1, 2, 3, 4, 5, 6, 7, 8, 9, 10, 11, 12, 13, 14, 15, 17, 18]
真实与推断的交集: [6, 8, 9, 10, 11, 12, 13, 14, 15, 17, 18]
段内指标: TP=11, FP=7, FN=1, TN=0, IPS=0.9167

=== 处理第 5/5 段 ===
段范围: start=3326, end=3336
段内真实标签 (seg_true): [1. 1. 1. 1. 1. 1. 1. 1. 1. 1. 1.]
段内预测标签 (seg_pred): [ True  True  True  True  True  True  True  True  True  True  True]
段内真实异常时间点索引 (相对段内): [ 0  1  2  3  4  5  6  7  8  9 10]
段内是否有预测为异常的时间点: True
真实异常维度 (0-based): [6, 7, 8, 9, 10, 11, 12, 13, 14, 15, 16, 17, 18]
段内检测到的异常时间点索引 (相对段内): [ 0  1  2  3  4  5  6  7  8  9 10]
推断的异常维度 (0-based): [0, 1, 2, 3, 4, 5, 6, 7, 8, 9, 10, 11, 12, 13, 14, 16, 17, 18]
真实与推断的交集: [6, 7, 8, 9, 10, 11, 12, 13, 14, 16, 17, 18]
段内指标: TP=12, FP=6, FN=1, TN=0, IPS=0.9231

=== 汇总指标 ===
总 TP: 65, 总 TN: 0, 总 FP: 28, 总 FN: 2
平均 IPS: 0.9900, Precision: 0.6989, Recall: 0.9701, F1: 0.8125
每段IPS与混淆: [{'start': 628, 'end': 683, 'TP': 16, 'TN': 0, 'FP': 3, 'FN': 0, 'IPS': 1.0, 'k_selected': 16, 'gt_dims_count': 16}, {'start': 744, 'end': 758, 'TP': 14, 'TN': 0, 'FP': 5, 'FN': 0, 'IPS': 1.0, 'k_selected': 14, 'gt_dims_count': 14}, {'start': 2079, 'end': 2139, 'TP': 12, 'TN': 0, 'FP': 7, 'FN': 0, 'IPS': 1.0, 'k_selected': 12, 'gt_dims_count': 12}, {'start': 2395, 'end': 2402, 'TP': 11, 'TN': 0, 'FP': 7, 'FN': 1, 'IPS': 0.9166666666666666, 'k_selected': 12, 'gt_dims_count': 12}, {'start': 3326, 'end': 3336, 'TP': 12, 'TN': 0, 'FP': 6, 'FN': 1, 'IPS': 0.9230769230769231, 'k_selected': 13, 'gt_dims_count': 13}]
总和: {'TP': 65, 'TN': 0, 'FP': 28, 'FN': 2, 'IPS': 0.989981321107149, 'precision': 0.6989247311827957, 'recall': 0.9701492537313433, 'F1': 0.8125}
test end time:  2025-06-10 17:06:04
test time:  122.42773604393005
==============================result==============================
{'FN': 69.0,
 'FP': 29.0,
 'TN': 4041.0,
 'TP': 82.0,
 'best-f1': 0.6259492672719286,
 'best_valid_loss': -10.172521885934241,
 'latency': 9.333022232592246,
 'pot-FN': 69.0,
 'pot-FP': 36.0,
 'pot-TN': 4034.0,
 'pot-TP': 82.0,
 'pot-f1': 0.6096604574684984,
 'pot-latency': 9.333022232592246,
 'pot-precision': 0.6949151953461699,
 'pot-recall': 0.5430463216525615,
 'pot-threshold': -95.04126160214973,
 'precision': 0.7387386721857052,
 'pred_time': 0.43629191342522117,
 'pred_total_time': 37.16949820518494,
 'recall': 0.5430463216525615,
 'segment_results': [{'FN': 0,
                      'FP': 3,
                      'IPS': 1.0,
                      'TN': 0,
                      'TP': 16,
                      'end': 683,
                      'gt_dims_count': 16,
                      'k_selected': 16,
                      'start': 628},
                     {'FN': 0,
                      'FP': 5,
                      'IPS': 1.0,
                      'TN': 0,
                      'TP': 14,
                      'end': 758,
                      'gt_dims_count': 14,
                      'k_selected': 14,
                      'start': 744},
                     {'FN': 0,
                      'FP': 7,
                      'IPS': 1.0,
                      'TN': 0,
                      'TP': 12,
                      'end': 2139,
                      'gt_dims_count': 12,
                      'k_selected': 12,
                      'start': 2079},
                     {'FN': 1,
                      'FP': 7,
                      'IPS': 0.9166666666666666,
                      'TN': 0,
                      'TP': 11,
                      'end': 2402,
                      'gt_dims_count': 12,
                      'k_selected': 12,
                      'start': 2395},
                     {'FN': 1,
                      'FP': 6,
                      'IPS': 0.9230769230769231,
                      'TN': 0,
                      'TP': 12,
                      'end': 3336,
                      'gt_dims_count': 13,
                      'k_selected': 13,
                      'start': 3326}],
 'segment_summary': {'F1': 0.8125,
                     'FN': 2,
                     'FP': 28,
                     'IPS': 0.989981321107149,
                     'TN': 0,
                     'TP': 65,
                     'precision': 0.6989247311827957,
                     'recall': 0.9701492537313433},
 'threshold': -98.0,
 'train_time': 123.44073946475983,
 'valid_time': 0.44458199631084094}
