2025-06-10 19:25:19.777057: I tensorflow/core/platform/cpu_feature_guard.cc:141] Your CPU supports instructions that this TensorFlow binary was not compiled to use: AVX2 AVX512F FMA
Configurations
===========================================
{'batch_size': 50,
 'bf_search_max': 400.0,
 'bf_search_min': -400.0,
 'bf_search_step_size': 1.0,
 'dataset': 'omi-11',
 'dense_dim': 500,
 'early_stop': True,
 'get_score_on_dim': True,
 'gradient_clip_norm': 10.0,
 'initial_lr': 0.001,
 'l2_reg': 0.0001,
 'level': 0.001,
 'lr_anneal_epoch_freq': 40,
 'lr_anneal_factor': 0.5,
 'lr_anneal_step_freq': None,
 'max_epoch': 10,
 'max_test_size': None,
 'max_train_size': None,
 'nf_layers': 20,
 'posterior_flow_type': 'nf',
 'restore_dir': None,
 'result_dir': 'result',
 'rnn_cell': 'GRU',
 'rnn_num_hidden': 500,
 'save_dir': 'model',
 'save_z': False,
 'std_epsilon': 0.0001,
 'test_batch_size': 50,
 'test_n_z': 1,
 'test_score_filename': 'test_score.pkl',
 'test_start': 0,
 'train_score_filename': 'train_score.pkl',
 'train_start': 0,
 'use_connected_z_p': True,
 'use_connected_z_q': True,
 'valid_step_freq': 100,
 'window_length': 100,
 'x_dim': 19,
 'z_dim': 3}

train start time:  2025-06-10 19:24:55
load data of: omi-11
train:  0 None
test:  0 None
Data normalized
Data normalized
train set shape:  (8640, 19)
test set shape:  (4320, 19)
test set label shape:  (4320,)
Trainable Parameters                                            (2,560,202 in total)
------------------------------------------------------------------------------------
model/q_z_given_x/rnn_q_z/rnn/gru_cell/gates/kernel             (519, 1000)  519,000
model/q_z_given_x/rnn_q_z/rnn/gru_cell/gates/bias               (1000,)        1,000
model/q_z_given_x/rnn_q_z/rnn/gru_cell/candidate/kernel         (519, 500)   259,500
model/q_z_given_x/rnn_q_z/rnn/gru_cell/candidate/bias           (500,)           500
model/q_z_given_x/rnn_q_z/dense/kernel                          (500, 500)   250,000
model/q_z_given_x/rnn_q_z/dense/bias                            (500,)           500
model/q_z_given_x/rnn_q_z/dense_1/kernel                        (500, 500)   250,000
model/q_z_given_x/rnn_q_z/dense_1/bias                          (500,)           500
model/vae/variational/z_mean/kernel                             (503, 3)       1,509
model/vae/variational/z_mean/bias                               (3,)               3
model/vae/variational/z_std/kernel                              (503, 3)       1,509
model/vae/variational/z_std/bias                                (3,)               3
model/posterior_flow/_0/w                                       (1, 3)             3
model/posterior_flow/_0/b                                       (1,)               1
model/posterior_flow/_0/u                                       (1, 3)             3
model/posterior_flow/_1/w                                       (1, 3)             3
model/posterior_flow/_1/b                                       (1,)               1
model/posterior_flow/_1/u                                       (1, 3)             3
model/posterior_flow/_2/w                                       (1, 3)             3
model/posterior_flow/_2/b                                       (1,)               1
model/posterior_flow/_2/u                                       (1, 3)             3
model/posterior_flow/_3/w                                       (1, 3)             3
model/posterior_flow/_3/b                                       (1,)               1
model/posterior_flow/_3/u                                       (1, 3)             3
model/posterior_flow/_4/w                                       (1, 3)             3
model/posterior_flow/_4/b                                       (1,)               1
model/posterior_flow/_4/u                                       (1, 3)             3
model/posterior_flow/_5/w                                       (1, 3)             3
model/posterior_flow/_5/b                                       (1,)               1
model/posterior_flow/_5/u                                       (1, 3)             3
model/posterior_flow/_6/w                                       (1, 3)             3
model/posterior_flow/_6/b                                       (1,)               1
model/posterior_flow/_6/u                                       (1, 3)             3
model/posterior_flow/_7/w                                       (1, 3)             3
model/posterior_flow/_7/b                                       (1,)               1
model/posterior_flow/_7/u                                       (1, 3)             3
model/posterior_flow/_8/w                                       (1, 3)             3
model/posterior_flow/_8/b                                       (1,)               1
model/posterior_flow/_8/u                                       (1, 3)             3
model/posterior_flow/_9/w                                       (1, 3)             3
model/posterior_flow/_9/b                                       (1,)               1
model/posterior_flow/_9/u                                       (1, 3)             3
model/posterior_flow/_10/w                                      (1, 3)             3
model/posterior_flow/_10/b                                      (1,)               1
model/posterior_flow/_10/u                                      (1, 3)             3
model/posterior_flow/_11/w                                      (1, 3)             3
model/posterior_flow/_11/b                                      (1,)               1
model/posterior_flow/_11/u                                      (1, 3)             3
model/posterior_flow/_12/w                                      (1, 3)             3
model/posterior_flow/_12/b                                      (1,)               1
model/posterior_flow/_12/u                                      (1, 3)             3
model/posterior_flow/_13/w                                      (1, 3)             3
model/posterior_flow/_13/b                                      (1,)               1
model/posterior_flow/_13/u                                      (1, 3)             3
model/posterior_flow/_14/w                                      (1, 3)             3
model/posterior_flow/_14/b                                      (1,)               1
model/posterior_flow/_14/u                                      (1, 3)             3
model/posterior_flow/_15/w                                      (1, 3)             3
model/posterior_flow/_15/b                                      (1,)               1
model/posterior_flow/_15/u                                      (1, 3)             3
model/posterior_flow/_16/w                                      (1, 3)             3
model/posterior_flow/_16/b                                      (1,)               1
model/posterior_flow/_16/u                                      (1, 3)             3
model/posterior_flow/_17/w                                      (1, 3)             3
model/posterior_flow/_17/b                                      (1,)               1
model/posterior_flow/_17/u                                      (1, 3)             3
model/posterior_flow/_18/w                                      (1, 3)             3
model/posterior_flow/_18/b                                      (1,)               1
model/posterior_flow/_18/u                                      (1, 3)             3
model/posterior_flow/_19/w                                      (1, 3)             3
model/posterior_flow/_19/b                                      (1,)               1
model/posterior_flow/_19/u                                      (1, 3)             3
model/p_x_given_z/hidden/rnn_p_x/rnn/gru_cell/gates/kernel      (503, 1000)  503,000
model/p_x_given_z/hidden/rnn_p_x/rnn/gru_cell/gates/bias        (1000,)        1,000
model/p_x_given_z/hidden/rnn_p_x/rnn/gru_cell/candidate/kernel  (503, 500)   251,500
model/p_x_given_z/hidden/rnn_p_x/rnn/gru_cell/candidate/bias    (500,)           500
model/p_x_given_z/hidden/rnn_p_x/dense/kernel                   (500, 500)   250,000
model/p_x_given_z/hidden/rnn_p_x/dense/bias                     (500,)           500
model/p_x_given_z/hidden/rnn_p_x/dense_1/kernel                 (500, 500)   250,000
model/p_x_given_z/hidden/rnn_p_x/dense_1/bias                   (500,)           500
model/p_x_given_z/x_mean/kernel                                 (500, 19)      9,500
model/p_x_given_z/x_mean/bias                                   (19,)             19
model/p_x_given_z/x_std/kernel                                  (500, 19)      9,500
model/p_x_given_z/x_std/bias                                    (19,)             19/home/hz/anaconda3/envs/py36/lib/python3.6/site-packages/tensorflow/python/framework/dtypes.py:523: FutureWarning: Passing (type, 1) or '1type' as a synonym of type is deprecated; in a future version of numpy, it will be understood as (type, (1,)) / '(1,)type'.
  _np_qint8 = np.dtype([("qint8", np.int8, 1)])
/home/hz/anaconda3/envs/py36/lib/python3.6/site-packages/tensorflow/python/framework/dtypes.py:524: FutureWarning: Passing (type, 1) or '1type' as a synonym of type is deprecated; in a future version of numpy, it will be understood as (type, (1,)) / '(1,)type'.
  _np_quint8 = np.dtype([("quint8", np.uint8, 1)])
/home/hz/anaconda3/envs/py36/lib/python3.6/site-packages/tensorflow/python/framework/dtypes.py:525: FutureWarning: Passing (type, 1) or '1type' as a synonym of type is deprecated; in a future version of numpy, it will be understood as (type, (1,)) / '(1,)type'.
  _np_qint16 = np.dtype([("qint16", np.int16, 1)])
/home/hz/anaconda3/envs/py36/lib/python3.6/site-packages/tensorflow/python/framework/dtypes.py:526: FutureWarning: Passing (type, 1) or '1type' as a synonym of type is deprecated; in a future version of numpy, it will be understood as (type, (1,)) / '(1,)type'.
  _np_quint16 = np.dtype([("quint16", np.uint16, 1)])
/home/hz/anaconda3/envs/py36/lib/python3.6/site-packages/tensorflow/python/framework/dtypes.py:527: FutureWarning: Passing (type, 1) or '1type' as a synonym of type is deprecated; in a future version of numpy, it will be understood as (type, (1,)) / '(1,)type'.
  _np_qint32 = np.dtype([("qint32", np.int32, 1)])
/home/hz/anaconda3/envs/py36/lib/python3.6/site-packages/tensorflow/python/framework/dtypes.py:532: FutureWarning: Passing (type, 1) or '1type' as a synonym of type is deprecated; in a future version of numpy, it will be understood as (type, (1,)) / '(1,)type'.
  np_resource = np.dtype([("resource", np.ubyte, 1)])
/home/hz/anaconda3/envs/py36/lib/python3.6/site-packages/tfsnippet/utils/tfver.py:22: DeprecationWarning: Function 'semver.compare' is deprecated. Deprecated since version 2.10.0.  This function will be removed in semver 3. Use the respective 'semver.VersionInfo.compare' instead.
  compare_result = semver.compare(version, tf.__version__)
/home/hz/anaconda3/envs/py36/lib/python3.6/site-packages/tfsnippet/utils/tfver.py:22: DeprecationWarning: Function 'semver.compare' is deprecated. Deprecated since version 2.10.0.  This function will be removed in semver 3. Use the respective 'semver.VersionInfo.compare' instead.
  compare_result = semver.compare(version, tf.__version__)
INFO:tensorflow:Restoring parameters from /tmp/tmp34ehhgnx/variables.dat-1100
2025-06-10 19:44:28,259 [INFO] tensorflow: Restoring parameters from /tmp/tmp34ehhgnx/variables.dat-1100
  0%|          | 0/4221 [00:00<?, ?it/s]100%|██████████| 4221/4221 [00:00<00:00, 1058797.75it/s]

train_values: (6048, 19)
[Epoch 1/10, Step 100] step time: 1.578s (±4.343s); train time: 2m 1.804s; valid time: 36.12s; loss: -0.145203 (±5.59922); valid loss: -3.9172 (*)
train_values: (6048, 19)
[Epoch 2/10, Step 200, ETA 23m 41.66s] step time: 1.321s (±3.02s); train time: 1m 24.05s; valid time: 30.41s; loss: -3.36351 (±4.65283); valid loss: -5.31348 (*)
train_values: (6048, 19)
[Epoch 3/10, Step 300, ETA 20m 2.979s] step time: 1.199s (±1.951s); train time: 1m 3.165s; valid time: 19.83s; loss: -5.87885 (±1.36043); valid loss: -6.16802 (*)
train_values: (6048, 19)
[Epoch 4/10, Step 400, ETA 16m 29.89s] step time: 0.9744s (±2.143s); train time: 35.83s; valid time: 21.57s; loss: -5.23682 (±2.04767); valid loss: -6.61273 (*)
train_values: (6048, 19)
[Epoch 5/10, Step 500, ETA 13m 26.32s] step time: 0.8518s (±1.778s); train time: 18.67s; valid time: 17.88s; loss: -5.53187 (±1.80719); valid loss: -3.25949
train_values: (6048, 19)
[Epoch 6/10, Step 600, ETA 10m 53.25s] step time: 0.8282s (±1.763s); train time: 6.481s; valid time: 17.72s; loss: -5.27816 (±2.12821); valid loss: -5.87201
[Epoch 6/10, Step 700, ETA 8m 40.99s] step time: 0.8394s (±1.889s); train time: 1m 5.012s; valid time: 18.98s; loss: -6.44481 (±1.42471); valid loss: -7.52643 (*)
train_values: (6048, 19)
[Epoch 7/10, Step 800, ETA 6m 39.96s] step time: 0.8217s (±1.767s); train time: 59.32s; valid time: 17.78s; loss: -6.76977 (±1.70878); valid loss: -6.39668
train_values: (6048, 19)
[Epoch 8/10, Step 900, ETA 4m 48.09s] step time: 0.8389s (±1.9s); train time: 48.21s; valid time: 19.05s; loss: -8.14558 (±1.64004); valid loss: -9.80913 (*)
train_values: (6048, 19)
[Epoch 9/10, Step 1000, ETA 3m 1.527s] step time: 0.8242s (±1.741s); train time: 36.63s; valid time: 17.5s; loss: -8.8818 (±1.80578); valid loss: -9.62984
train_values: (6048, 19)
[Epoch 10/10, Step 1100, ETA 1m 19.44s] step time: 0.8378s (±1.907s); train time: 24.57s; valid time: 19.15s; loss: -9.81995 (±1.61562); valid loss: -11.0832 (*)
train end time:  2025-06-10 19:44:28
train time:  1172.6483068466187
test start time:  2025-06-10 19:44:28
------------------------------ testing ------------------------------
test_score shape:  (4221, 19)
test_z shape:  (4221, 100, 6)
search range:  -400.0 400.0
cur thr:  -399.0 [0.13432709513253832, 0.9999994444447531, 0.07199999712000012, 18.0, 3971.0, 0.0, 232.0, 2.9997000299970003] [0.13432709513253832, 0.9999994444447531, 0.07199999712000012, 18.0, 3971.0, 0.0, 232.0, 2.9997000299970003] -399.0
cur thr:  -349.0 [0.13432709513253832, 0.9999994444447531, 0.07199999712000012, 18.0, 3971.0, 0.0, 232.0, 2.9997000299970003] [0.13432709513253832, 0.9999994444447531, 0.07199999712000012, 18.0, 3971.0, 0.0, 232.0, 2.9997000299970003] -399.0
cur thr:  -299.0 [0.13432709513253832, 0.9999994444447531, 0.07199999712000012, 18.0, 3971.0, 0.0, 232.0, 2.9997000299970003] [0.13432709513253832, 0.9999994444447531, 0.07199999712000012, 18.0, 3971.0, 0.0, 232.0, 2.9997000299970003] -399.0
cur thr:  -249.0 [0.1333319517282533, 0.899999550000225, 0.07199999712000012, 18.0, 3969.0, 2.0, 232.0, 2.9997000299970003] [0.13432709513253832, 0.9999994444447531, 0.07199999712000012, 18.0, 3971.0, 0.0, 232.0, 2.9997000299970003] -399.0
cur thr:  -199.0 [0.1328398889052629, 0.8571424489797862, 0.07199999712000012, 18.0, 3968.0, 3.0, 232.0, 2.9997000299970003] [0.13432709513253832, 0.9999994444447531, 0.07199999712000012, 18.0, 3971.0, 0.0, 232.0, 2.9997000299970003] -399.0
cur thr:  -149.0 [0.13138525336222773, 0.7499996875001302, 0.07199999712000012, 18.0, 3965.0, 6.0, 232.0, 2.9997000299970003] [0.13432709513253832, 0.9999994444447531, 0.07199999712000012, 18.0, 3971.0, 0.0, 232.0, 2.9997000299970003] -399.0
cur thr:  -99.0 [0.6005317405035497, 0.9105690316610543, 0.4479999820800007, 112.0, 3960.0, 11.0, 138.0, 14.499637509062275] [0.6086912624365962, 0.949152461936232, 0.4479999820800007, 112.0, 3965.0, 6.0, 138.0, 14.499637509062275] -111.0
cur thr:  -49.0 [0.8661037609923116, 0.9078946970221624, 0.8279999668800013, 207.0, 3950.0, 21.0, 43.0, 10.142712246967902] [0.8752592499244566, 0.9282510794506242, 0.8279999668800013, 207.0, 3955.0, 16.0, 43.0, 12.99981428836731] -66.0
cur thr:  1.0 [0.5076104151381121, 0.34013604979406736, 0.9999999600000016, 250.0, 3486.0, 485.0, 0.0, 4.777724691947867] [0.8752592499244566, 0.9282510794506242, 0.8279999668800013, 207.0, 3955.0, 16.0, 43.0, 12.99981428836731] -66.0
cur thr:  51.0 [0.11183074868872353, 0.059227671027653, 0.9999999600000016, 250.0, 0.0, 3971.0, 0.0, 0.0] [0.8752592499244566, 0.9282510794506242, 0.8279999668800013, 207.0, 3955.0, 16.0, 43.0, 12.99981428836731] -66.0
cur thr:  101.0 [0.11183074868872353, 0.059227671027653, 0.9999999600000016, 250.0, 0.0, 3971.0, 0.0, 0.0] [0.8752592499244566, 0.9282510794506242, 0.8279999668800013, 207.0, 3955.0, 16.0, 43.0, 12.99981428836731] -66.0
cur thr:  151.0 [0.11183074868872353, 0.059227671027653, 0.9999999600000016, 250.0, 0.0, 3971.0, 0.0, 0.0] [0.8752592499244566, 0.9282510794506242, 0.8279999668800013, 207.0, 3955.0, 16.0, 43.0, 12.99981428836731] -66.0
cur thr:  201.0 [0.11183074868872353, 0.059227671027653, 0.9999999600000016, 250.0, 0.0, 3971.0, 0.0, 0.0] [0.8752592499244566, 0.9282510794506242, 0.8279999668800013, 207.0, 3955.0, 16.0, 43.0, 12.99981428836731] -66.0
cur thr:  251.0 [0.11183074868872353, 0.059227671027653, 0.9999999600000016, 250.0, 0.0, 3971.0, 0.0, 0.0] [0.8752592499244566, 0.9282510794506242, 0.8279999668800013, 207.0, 3955.0, 16.0, 43.0, 12.99981428836731] -66.0
cur thr:  301.0 [0.11183074868872353, 0.059227671027653, 0.9999999600000016, 250.0, 0.0, 3971.0, 0.0, 0.0] [0.8752592499244566, 0.9282510794506242, 0.8279999668800013, 207.0, 3955.0, 16.0, 43.0, 12.99981428836731] -66.0
cur thr:  351.0 [0.11183074868872353, 0.059227671027653, 0.9999999600000016, 250.0, 0.0, 3971.0, 0.0, 0.0] [0.8752592499244566, 0.9282510794506242, 0.8279999668800013, 207.0, 3955.0, 16.0, 43.0, 12.99981428836731] -66.0
[0.8752592499244566, 0.9282510794506242, 0.8279999668800013, 207.0, 3955.0, 16.0, 43.0, 12.99981428836731] -66.0
label_file: ServerMachineDataset/interpretation_label/omi-11.txt
Initial threshold : 136.07397
Number of peaks : 8
Grimshaw maximum log-likelihood estimation ... [done]
	γ = 0
	σ = 56.592087
	L = 40.28695332884914
Extreme quantile (probability = 0.001): 132.370783393364
10
4221
POT result:  (0.13138525336222773, 0.7499996875001302, 0.07199999712000012, 18.0, 3965.0, 6.0, 232.0) -135.51073159571024 2.9997000299970003

=== 全局调试信息 ===
y_true shape: (4221,), unique values: [0. 1.]
y_pred shape: (4221,), unique values: [False  True]
feature_scores shape: (4221, 19)
y_true 中的异常段: [(639, 656), (658, 716), (1267, 1276), (2202, 2215), (2266, 2282), (2365, 2386), (2489, 2511), (2551, 2576), (2913, 2973)]


=== 处理第 1/9 段 ===
段范围: start=639, end=656
段内真实标签 (seg_true): [1. 1. 1. 1. 1. 1. 1. 1. 1. 1. 1. 1. 1. 1. 1. 1. 1. 1.]
段内预测标签 (seg_pred): [ True  True  True  True  True  True  True  True  True  True  True  True
  True  True  True  True  True  True]
段内真实异常时间点索引 (相对段内): [ 0  1  2  3  4  5  6  7  8  9 10 11 12 13 14 15 16 17]
段内是否有预测为异常的时间点: True
真实异常维度 (0-based): [1]
段内检测到的异常时间点索引 (相对段内): [ 0  1  2  3  4  5  6  7  8  9 10 11 12 13 14 15 16 17]
推断的异常维度 (0-based): [0, 1, 2]
真实与推断的交集: [1]
段内指标: TP=1, FP=2, FN=0, TN=16, IPS=1.0000

=== 处理第 2/9 段 ===
段范围: start=658, end=716
段内真实标签 (seg_true): [1. 1. 1. 1. 1. 1. 1. 1. 1. 1. 1. 1. 1. 1. 1. 1. 1. 1. 1. 1. 1. 1. 1. 1.
 1. 1. 1. 1. 1. 1. 1. 1. 1. 1. 1. 1. 1. 1. 1. 1. 1. 1. 1. 1. 1. 1. 1. 1.
 1. 1. 1. 1. 1. 1. 1. 1. 1. 1. 1.]
段内预测标签 (seg_pred): [False False False False False False False False False False False False
 False False False False False False False False False False False False
 False False False False False False False False False False False False
 False False False False False False False False False False False False
 False False False False False False False False False False False]
段内真实异常时间点索引 (相对段内): [ 0  1  2  3  4  5  6  7  8  9 10 11 12 13 14 15 16 17 18 19 20 21 22 23
 24 25 26 27 28 29 30 31 32 33 34 35 36 37 38 39 40 41 42 43 44 45 46 47
 48 49 50 51 52 53 54 55 56 57 58]
段内是否有预测为异常的时间点: False
真实异常维度 (0-based): [0, 3, 4, 5, 6, 7, 8, 9, 10, 11, 12, 13, 14, 15, 16, 17, 18]
段内检测到的异常时间点索引 (相对段内): []
未检测到任何异常点，尝试从特征分数中推断异常维度
推断的异常维度 (0-based): [0, 1, 2, 3, 4, 5, 6, 7, 8, 9, 10, 11, 12, 13, 14, 15, 16, 17, 18]
真实与推断的交集: [0, 3, 4, 5, 6, 7, 8, 9, 10, 11, 12, 13, 14, 15, 16, 17, 18]
段内指标: TP=17, FP=2, FN=0, TN=0, IPS=1.0000

=== 处理第 3/9 段 ===
段范围: start=1267, end=1276
段内真实标签 (seg_true): [1. 1. 1. 1. 1. 1. 1. 1. 1. 1.]
段内预测标签 (seg_pred): [False False False False False False False False False False]
段内真实异常时间点索引 (相对段内): [0 1 2 3 4 5 6 7 8 9]
段内是否有预测为异常的时间点: False
真实异常维度 (0-based): [0, 3, 5, 7, 8, 9, 10, 11, 12, 13, 14, 15, 16, 17, 18]
段内检测到的异常时间点索引 (相对段内): []
未检测到任何异常点，尝试从特征分数中推断异常维度
推断的异常维度 (0-based): [0, 1, 2, 3, 4, 5, 6, 7, 8, 9, 10, 11, 12, 13, 14, 15, 16, 17, 18]
真实与推断的交集: [0, 3, 5, 7, 8, 9, 10, 11, 12, 13, 14, 15, 16, 17, 18]
段内指标: TP=15, FP=4, FN=0, TN=0, IPS=1.0000

=== 处理第 4/9 段 ===
段范围: start=2202, end=2215
段内真实标签 (seg_true): [1. 1. 1. 1. 1. 1. 1. 1. 1. 1. 1. 1. 1. 1.]
段内预测标签 (seg_pred): [False False False False False False False False False False False False
 False False]
段内真实异常时间点索引 (相对段内): [ 0  1  2  3  4  5  6  7  8  9 10 11 12 13]
段内是否有预测为异常的时间点: False
真实异常维度 (0-based): [3, 4, 7, 16, 18]
段内检测到的异常时间点索引 (相对段内): []
未检测到任何异常点，尝试从特征分数中推断异常维度
推断的异常维度 (0-based): [0, 1, 2, 3, 4, 5, 8, 9]
真实与推断的交集: [3, 4]
段内指标: TP=2, FP=6, FN=3, TN=8, IPS=0.4000

=== 处理第 5/9 段 ===
段范围: start=2266, end=2282
段内真实标签 (seg_true): [1. 1. 1. 1. 1. 1. 1. 1. 1. 1. 1. 1. 1. 1. 1. 1. 1.]
段内预测标签 (seg_pred): [False False False False False False False False False False False False
 False False False False False]
段内真实异常时间点索引 (相对段内): [ 0  1  2  3  4  5  6  7  8  9 10 11 12 13 14 15 16]
段内是否有预测为异常的时间点: False
真实异常维度 (0-based): [3, 4, 16, 18]
段内检测到的异常时间点索引 (相对段内): []
未检测到任何异常点，尝试从特征分数中推断异常维度
推断的异常维度 (0-based): [0, 1, 3, 4, 9]
真实与推断的交集: [3, 4]
段内指标: TP=2, FP=3, FN=2, TN=12, IPS=0.5000

=== 处理第 6/9 段 ===
段范围: start=2365, end=2386
段内真实标签 (seg_true): [1. 1. 1. 1. 1. 1. 1. 1. 1. 1. 1. 1. 1. 1. 1. 1. 1. 1. 1. 1. 1. 1.]
段内预测标签 (seg_pred): [False False False False False False False False False False False False
 False False False False False False False False False False]
段内真实异常时间点索引 (相对段内): [ 0  1  2  3  4  5  6  7  8  9 10 11 12 13 14 15 16 17 18 19 20 21]
段内是否有预测为异常的时间点: False
真实异常维度 (0-based): [18]
段内检测到的异常时间点索引 (相对段内): []
未检测到任何异常点，尝试从特征分数中推断异常维度
推断的异常维度 (0-based): [1]
真实与推断的交集: []
段内指标: TP=0, FP=1, FN=1, TN=17, IPS=0.0000

=== 处理第 7/9 段 ===
段范围: start=2489, end=2511
段内真实标签 (seg_true): [1. 1. 1. 1. 1. 1. 1. 1. 1. 1. 1. 1. 1. 1. 1. 1. 1. 1. 1. 1. 1. 1. 1.]
段内预测标签 (seg_pred): [False False False False False False False False False False False False
 False False False False False False False False False False False]
段内真实异常时间点索引 (相对段内): [ 0  1  2  3  4  5  6  7  8  9 10 11 12 13 14 15 16 17 18 19 20 21 22]
段内是否有预测为异常的时间点: False
真实异常维度 (0-based): [3, 4, 16, 18]
段内检测到的异常时间点索引 (相对段内): []
未检测到任何异常点，尝试从特征分数中推断异常维度
推断的异常维度 (0-based): [0, 1, 2, 3, 4, 7]
真实与推断的交集: [3, 4]
段内指标: TP=2, FP=4, FN=2, TN=11, IPS=0.5000

=== 处理第 8/9 段 ===
段范围: start=2551, end=2576
段内真实标签 (seg_true): [1. 1. 1. 1. 1. 1. 1. 1. 1. 1. 1. 1. 1. 1. 1. 1. 1. 1. 1. 1. 1. 1. 1. 1.
 1. 1.]
段内预测标签 (seg_pred): [False False False False False False False False False False False False
 False False False False False False False False False False False False
 False False]
段内真实异常时间点索引 (相对段内): [ 0  1  2  3  4  5  6  7  8  9 10 11 12 13 14 15 16 17 18 19 20 21 22 23
 24 25]
段内是否有预测为异常的时间点: False
真实异常维度 (0-based): [3, 4, 16, 18]
段内检测到的异常时间点索引 (相对段内): []
未检测到任何异常点，尝试从特征分数中推断异常维度
推断的异常维度 (0-based): [0, 1, 3, 4, 9]
真实与推断的交集: [3, 4]
段内指标: TP=2, FP=3, FN=2, TN=12, IPS=0.5000

=== 处理第 9/9 段 ===
段范围: start=2913, end=2973
段内真实标签 (seg_true): [1. 1. 1. 1. 1. 1. 1. 1. 1. 1. 1. 1. 1. 1. 1. 1. 1. 1. 1. 1. 1. 1. 1. 1.
 1. 1. 1. 1. 1. 1. 1. 1. 1. 1. 1. 1. 1. 1. 1. 1. 1. 1. 1. 1. 1. 1. 1. 1.
 1. 1. 1. 1. 1. 1. 1. 1. 1. 1. 1. 1. 1.]
段内预测标签 (seg_pred): [False False False False False False False False False False False False
 False False False False False False False False False False False False
 False False False False False False False False False False False False
 False False False False False False False False False False False False
 False False False False False False False False False False False False
 False]
段内真实异常时间点索引 (相对段内): [ 0  1  2  3  4  5  6  7  8  9 10 11 12 13 14 15 16 17 18 19 20 21 22 23
 24 25 26 27 28 29 30 31 32 33 34 35 36 37 38 39 40 41 42 43 44 45 46 47
 48 49 50 51 52 53 54 55 56 57 58 59 60]
段内是否有预测为异常的时间点: False
真实异常维度 (0-based): [18]
段内检测到的异常时间点索引 (相对段内): []
未检测到任何异常点，尝试从特征分数中推断异常维度
推断的异常维度 (0-based): [1, 2]
真实与推断的交集: []
段内指标: TP=0, FP=2, FN=1, TN=16, IPS=0.0000

=== 汇总指标 ===
总 TP: 41, 总 TN: 92, 总 FP: 27, 总 FN: 11
平均 IPS: 0.5024, Precision: 0.6029, Recall: 0.7885, F1: 0.6833
每段IPS与混淆: [{'start': 639, 'end': 656, 'TP': 1, 'TN': 16, 'FP': 2, 'FN': 0, 'IPS': 1.0, 'k_selected': 1, 'gt_dims_count': 1}, {'start': 658, 'end': 716, 'TP': 17, 'TN': 0, 'FP': 2, 'FN': 0, 'IPS': 1.0, 'k_selected': 17, 'gt_dims_count': 17}, {'start': 1267, 'end': 1276, 'TP': 15, 'TN': 0, 'FP': 4, 'FN': 0, 'IPS': 1.0, 'k_selected': 15, 'gt_dims_count': 15}, {'start': 2202, 'end': 2215, 'TP': 2, 'TN': 8, 'FP': 6, 'FN': 3, 'IPS': 0.4, 'k_selected': 5, 'gt_dims_count': 5}, {'start': 2266, 'end': 2282, 'TP': 2, 'TN': 12, 'FP': 3, 'FN': 2, 'IPS': 0.5, 'k_selected': 4, 'gt_dims_count': 4}, {'start': 2365, 'end': 2386, 'TP': 0, 'TN': 17, 'FP': 1, 'FN': 1, 'IPS': 0.0, 'k_selected': 1, 'gt_dims_count': 1}, {'start': 2489, 'end': 2511, 'TP': 2, 'TN': 11, 'FP': 4, 'FN': 2, 'IPS': 0.5, 'k_selected': 4, 'gt_dims_count': 4}, {'start': 2551, 'end': 2576, 'TP': 2, 'TN': 12, 'FP': 3, 'FN': 2, 'IPS': 0.5, 'k_selected': 4, 'gt_dims_count': 4}, {'start': 2913, 'end': 2973, 'TP': 0, 'TN': 16, 'FP': 2, 'FN': 1, 'IPS': 0.0, 'k_selected': 1, 'gt_dims_count': 1}]
总和: {'TP': 41, 'TN': 92, 'FP': 27, 'FN': 11, 'IPS': 0.5024, 'precision': 0.6029411764705882, 'recall': 0.7884615384615384, 'F1': 0.6833333333333333}
test end time:  2025-06-10 19:46:06
test time:  97.81209683418274
==============================result==============================
{'FN': 43.0,
 'FP': 16.0,
 'TN': 3955.0,
 'TP': 207.0,
 'best-f1': 0.8752592499244566,
 'best_valid_loss': -11.083170678832666,
 'latency': 12.99981428836731,
 'pot-FN': 232.0,
 'pot-FP': 6.0,
 'pot-TN': 3965.0,
 'pot-TP': 18.0,
 'pot-f1': 0.13138525336222773
,
 'pot-latency': 2.9997000299970003,
 'pot-precision': 0.7499996875001302,
 'pot-recall': 0.07199999712000012,
 'pot-threshold': -135.51073159571024,
 'precision': 0.9282510794506242,
 'pred_time': 0.3485906769247616,
 'pred_total_time': 29.698039054870605,
 'recall': 0.8279999668800013,
 'segment_results': [{'FN': 0,
                      'FP': 2,
                      'IPS': 1.0,
                      'TN': 16,
                      'TP': 1,
                      'end': 656,
                      'gt_dims_count': 1,
                      'k_selected': 1,
                      'start': 639},
                     {'FN': 0,
                      'FP': 2,
                      'IPS': 1.0,
                      'TN': 0,
                      'TP': 17,
                      'end': 716,
                      'gt_dims_count': 17,
                      'k_selected': 17,
                      'start': 658},
                     {'FN': 0,
                      'FP': 4,
                      'IPS': 1.0,
                      'TN': 0,
                      'TP': 15,
                      'end': 1276,
                      'gt_dims_count': 15,
                      'k_selected': 15,
                      'start': 1267},
                     {'FN': 3,
                      'FP': 6,
                      'IPS': 0.4,
                      'TN': 8,
                      'TP': 2,
                      'end': 2215,
                      'gt_dims_count': 5,
                      'k_selected': 5,
                      'start': 2202},
                     {'FN': 2,
                      'FP': 3,
                      'IPS': 0.5,
                      'TN': 12,
                      'TP': 2,
                      'end': 2282,
                      'gt_dims_count': 4,
                      'k_selected': 4,
                      'start': 2266},
                     {'FN': 1,
                      'FP': 1,
                      'IPS': 0.0,
                      'TN': 17,
                      'TP': 0,
                      'end': 2386,
                      'gt_dims_count': 1,
                      'k_selected': 1,
                      'start': 2365},
                     {'FN': 2,
                      'FP': 4,
                      'IPS': 0.5,
                      'TN': 11,
                      'TP': 2,
                      'end': 2511,
                      'gt_dims_count': 4,
                      'k_selected': 4,
                      'start': 2489},
                     {'FN': 2,
                      'FP': 3,
                      'IPS': 0.5,
                      'TN': 12,
                      'TP': 2,
                      'end': 2576,
                      'gt_dims_count': 4,
                      'k_selected': 4,
                      'start': 2551},
                     {'FN': 1,
                      'FP': 2,
                      'IPS': 0.0,
                      'TN': 16,
                      'TP': 0,
                      'end': 2973,
                      'gt_dims_count': 1,
                      'k_selected': 1,
                      'start': 2913}],
 'segment_summary': {'F1': 0.6833333333333333,
                     'FN': 11,
                     'FP': 27,
                     'IPS': 0.5024,
                     'TN': 92,
                     'TP': 41,
                     'precision': 0.6029411764705882,
                     'recall': 0.7884615384615384},
 'threshold': -66.0,
 'train_time': 114.87553827762603,
 'valid_time': 0.40361301985653963}
