2025-06-12 21:45:21.901034: I tensorflow/core/platform/cpu_feature_guard.cc:141] Your CPU supports instructions that this TensorFlow binary was not compiled to use: AVX2 AVX512F FMA
Configurations
===========================================
{'batch_size': 50,
 'bf_search_max': 400.0,
 'bf_search_min': -400.0,
 'bf_search_step_size': 1.0,
 'dataset': 'machine-2-4',
 'dense_dim': 500,
 'early_stop': True,
 'get_score_on_dim': True,
 'gradient_clip_norm': 10.0,
 'initial_lr': 0.001,
 'l2_reg': 0.0001,
 'level': 0.0001,
 'lr_anneal_epoch_freq': 40,
 'lr_anneal_factor': 0.5,
 'lr_anneal_step_freq': None,
 'max_epoch': 10,
 'max_test_size': None,
 'max_train_size': None,
 'nf_layers': 20,
 'posterior_flow_type': 'nf',
 'restore_dir': None,
 'result_dir': 'result',
 'rnn_cell': 'GRU',
 'rnn_num_hidden': 500,
 'save_dir': 'model',
 'save_z': False,
 'std_epsilon': 0.0001,
 'test_batch_size': 50,
 'test_n_z': 1,
 'test_score_filename': 'test_score.pkl',
 'test_start': 0,
 'train_score_filename': 'train_score.pkl',
 'train_start': 0,
 'use_connected_z_p': True,
 'use_connected_z_q': True,
 'valid_step_freq': 100,
 'window_length': 100,
 'x_dim': 38,
 'z_dim': 3}

train start time:  2025-06-12 21:45:02
load data of: machine-2-4
train:  0 None
test:  0 None
Data normalized
Data normalized
train set shape:  (23689, 38)
test set shape:  (23689, 38)
test set label shape:  (23689,)
Trainable Parameters                                            (2,607,740 in total)
------------------------------------------------------------------------------------
model/q_z_given_x/rnn_q_z/rnn/gru_cell/gates/kernel             (538, 1000)  538,000
model/q_z_given_x/rnn_q_z/rnn/gru_cell/gates/bias               (1000,)        1,000
model/q_z_given_x/rnn_q_z/rnn/gru_cell/candidate/kernel         (538, 500)   269,000
model/q_z_given_x/rnn_q_z/rnn/gru_cell/candidate/bias           (500,)           500
model/q_z_given_x/rnn_q_z/dense/kernel                          (500, 500)   250,000
model/q_z_given_x/rnn_q_z/dense/bias                            (500,)           500
model/q_z_given_x/rnn_q_z/dense_1/kernel                        (500, 500)   250,000
model/q_z_given_x/rnn_q_z/dense_1/bias                          (500,)           500
model/vae/variational/z_mean/kernel                             (503, 3)       1,509
model/vae/variational/z_mean/bias                               (3,)               3
model/vae/variational/z_std/kernel                              (503, 3)       1,509
model/vae/variational/z_std/bias                                (3,)               3
model/posterior_flow/_0/w                                       (1, 3)             3
model/posterior_flow/_0/b                                       (1,)               1
model/posterior_flow/_0/u                                       (1, 3)             3
model/posterior_flow/_1/w                                       (1, 3)             3
model/posterior_flow/_1/b                                       (1,)               1
model/posterior_flow/_1/u                                       (1, 3)             3
model/posterior_flow/_2/w                                       (1, 3)             3
model/posterior_flow/_2/b                                       (1,)               1
model/posterior_flow/_2/u                                       (1, 3)             3
model/posterior_flow/_3/w                                       (1, 3)             3
model/posterior_flow/_3/b                                       (1,)               1
model/posterior_flow/_3/u                                       (1, 3)             3
model/posterior_flow/_4/w                                       (1, 3)             3
model/posterior_flow/_4/b                                       (1,)               1
model/posterior_flow/_4/u                                       (1, 3)             3
model/posterior_flow/_5/w                                       (1, 3)             3
model/posterior_flow/_5/b                                       (1,)               1
model/posterior_flow/_5/u                                       (1, 3)             3
model/posterior_flow/_6/w                                       (1, 3)             3
model/posterior_flow/_6/b                                       (1,)               1
model/posterior_flow/_6/u                                       (1, 3)             3
model/posterior_flow/_7/w                                       (1, 3)             3
model/posterior_flow/_7/b                                       (1,)               1
model/posterior_flow/_7/u                                       (1, 3)             3
model/posterior_flow/_8/w                                       (1, 3)             3
model/posterior_flow/_8/b                                       (1,)               1
model/posterior_flow/_8/u                                       (1, 3)             3
model/posterior_flow/_9/w                                       (1, 3)             3
model/posterior_flow/_9/b                                       (1,)               1
model/posterior_flow/_9/u                                       (1, 3)             3
model/posterior_flow/_10/w                                      (1, 3)             3
model/posterior_flow/_10/b                                      (1,)               1
model/posterior_flow/_10/u                                      (1, 3)             3
model/posterior_flow/_11/w                                      (1, 3)             3
model/posterior_flow/_11/b                                      (1,)               1
model/posterior_flow/_11/u                                      (1, 3)             3
model/posterior_flow/_12/w                                      (1, 3)             3
model/posterior_flow/_12/b                                      (1,)               1
model/posterior_flow/_12/u                                      (1, 3)             3
model/posterior_flow/_13/w                                      (1, 3)             3
model/posterior_flow/_13/b                                      (1,)               1
model/posterior_flow/_13/u                                      (1, 3)             3
model/posterior_flow/_14/w                                      (1, 3)             3
model/posterior_flow/_14/b                                      (1,)               1
model/posterior_flow/_14/u                                      (1, 3)             3
model/posterior_flow/_15/w                                      (1, 3)             3
model/posterior_flow/_15/b                                      (1,)               1
model/posterior_flow/_15/u                                      (1, 3)             3
model/posterior_flow/_16/w                                      (1, 3)             3
model/posterior_flow/_16/b                                      (1,)               1
model/posterior_flow/_16/u                                      (1, 3)             3
model/posterior_flow/_17/w                                      (1, 3)             3
model/posterior_flow/_17/b                                      (1,)               1
model/posterior_flow/_17/u                                      (1, 3)             3
model/posterior_flow/_18/w                                      (1, 3)             3
model/posterior_flow/_18/b                                      (1,)               1
model/posterior_flow/_18/u                                      (1, 3)             3
model/posterior_flow/_19/w                                      (1, 3)             3
model/posterior_flow/_19/b                                      (1,)               1
model/posterior_flow/_19/u                                      (1, 3)             3
model/p_x_given_z/hidden/rnn_p_x/rnn/gru_cell/gates/kernel      (503, 1000)  503,000
model/p_x_given_z/hidden/rnn_p_x/rnn/gru_cell/gates/bias        (1000,)        1,000
model/p_x_given_z/hidden/rnn_p_x/rnn/gru_cell/candidate/kernel  (503, 500)   251,500
model/p_x_given_z/hidden/rnn_p_x/rnn/gru_cell/candidate/bias    (500,)           500
model/p_x_given_z/hidden/rnn_p_x/dense/kernel                   (500, 500)   250,000
model/p_x_given_z/hidden/rnn_p_x/dense/bias                     (500,)           500
model/p_x_given_z/hidden/rnn_p_x/dense_1/kernel                 (500, 500)   250,000
model/p_x_given_z/hidden/rnn_p_x/dense_1/bias                   (500,)           500
model/p_x_given_z/x_mean/kernel                                 (500, 38)     19,000
model/p_x_given_z/x_mean/bias                                   (38,)             38
model/p_x_given_z/x_std/kernel                                  (500, 38)     19,000
model/p_x_given_z/x_std/bias                                    (38,)             38/home/hz/anaconda3/envs/py36/lib/python3.6/site-packages/tensorflow/python/framework/dtypes.py:523: FutureWarning: Passing (type, 1) or '1type' as a synonym of type is deprecated; in a future version of numpy, it will be understood as (type, (1,)) / '(1,)type'.
  _np_qint8 = np.dtype([("qint8", np.int8, 1)])
/home/hz/anaconda3/envs/py36/lib/python3.6/site-packages/tensorflow/python/framework/dtypes.py:524: FutureWarning: Passing (type, 1) or '1type' as a synonym of type is deprecated; in a future version of numpy, it will be understood as (type, (1,)) / '(1,)type'.
  _np_quint8 = np.dtype([("quint8", np.uint8, 1)])
/home/hz/anaconda3/envs/py36/lib/python3.6/site-packages/tensorflow/python/framework/dtypes.py:525: FutureWarning: Passing (type, 1) or '1type' as a synonym of type is deprecated; in a future version of numpy, it will be understood as (type, (1,)) / '(1,)type'.
  _np_qint16 = np.dtype([("qint16", np.int16, 1)])
/home/hz/anaconda3/envs/py36/lib/python3.6/site-packages/tensorflow/python/framework/dtypes.py:526: FutureWarning: Passing (type, 1) or '1type' as a synonym of type is deprecated; in a future version of numpy, it will be understood as (type, (1,)) / '(1,)type'.
  _np_quint16 = np.dtype([("quint16", np.uint16, 1)])
/home/hz/anaconda3/envs/py36/lib/python3.6/site-packages/tensorflow/python/framework/dtypes.py:527: FutureWarning: Passing (type, 1) or '1type' as a synonym of type is deprecated; in a future version of numpy, it will be understood as (type, (1,)) / '(1,)type'.
  _np_qint32 = np.dtype([("qint32", np.int32, 1)])
/home/hz/anaconda3/envs/py36/lib/python3.6/site-packages/tensorflow/python/framework/dtypes.py:532: FutureWarning: Passing (type, 1) or '1type' as a synonym of type is deprecated; in a future version of numpy, it will be understood as (type, (1,)) / '(1,)type'.
  np_resource = np.dtype([("resource", np.ubyte, 1)])
/home/hz/anaconda3/envs/py36/lib/python3.6/site-packages/tfsnippet/utils/tfver.py:22: DeprecationWarning: Function 'semver.compare' is deprecated. Deprecated since version 2.10.0.  This function will be removed in semver 3. Use the respective 'semver.VersionInfo.compare' instead.
  compare_result = semver.compare(version, tf.__version__)
/home/hz/anaconda3/envs/py36/lib/python3.6/site-packages/tfsnippet/utils/tfver.py:22: DeprecationWarning: Function 'semver.compare' is deprecated. Deprecated since version 2.10.0.  This function will be removed in semver 3. Use the respective 'semver.VersionInfo.compare' instead.
  compare_result = semver.compare(version, tf.__version__)
INFO:tensorflow:Restoring parameters from /tmp/tmp9cu8a3ij/variables.dat-2400
2025-06-12 22:40:30,573 [INFO] tensorflow: Restoring parameters from /tmp/tmp9cu8a3ij/variables.dat-2400


train_values: (16583, 38)
[Epoch 1/10, Step 100] step time: 1.255s (±5.2s); train time: 1m 16.41s; valid time: 49.14s; loss: -16.3314 (±28.768); valid loss: -40.1331 (*)
[Epoch 1/10, Step 200] step time: 1.026s (±4.517s); train time: 57.23s; valid time: 45.41s; loss: -40.8659 (±4.05187); valid loss: -42.3904 (*)
[Epoch 1/10, Step 300] step time: 1.027s (±4.508s); train time: 57.5s; valid time: 45.29s; loss: -46.2172 (±4.54533); valid loss: -50.2523 (*)
train_values: (16583, 38)
[Epoch 2/10, Step 400, ETA 51m 53.06s] step time: 0.9978s (±4.257s); train time: 40.61s; valid time: 42.77s; loss: -48.0031 (±4.90901); valid loss: -45.243
[Epoch 2/10, Step 500, ETA 49m 34.06s] step time: 1.02s (±4.523s); train time: 56.69s; valid time: 45.42s; loss: -49.5604 (±4.39824); valid loss: -50.872 (*)
[Epoch 2/10, Step 600, ETA 47m 28.82s] step time: 1.024s (±4.501s); train time: 57.2s; valid time: 45.24s; loss: -49.6626 (±4.3959); valid loss: -51.6563 (*)
train_values: (16583, 38)
[Epoch 3/10, Step 700, ETA 45m 22.13s] step time: 1.002s (±4.29s); train time: 23.94s; valid time: 43.14s; loss: -49.116 (±8.07772); valid loss: -51.4612
[Epoch 3/10, Step 800, ETA 43m 23.98s] step time: 1.008s (±4.369s); train time: 56.93s; valid time: 43.98s; loss: -49.2617 (±7.78967); valid loss: -48.9501
[Epoch 3/10, Step 900, ETA 41m 28.9s] step time: 1.006s (±4.354s); train time: 56.88s; valid time: 43.75s; loss: -48.8638 (±7.62801); valid loss: -35.7892
train_values: (16583, 38)
[Epoch 4/10, Step 1000, ETA 39m 36.1s] step time: 1.003s (±4.322s); train time: 7.285s; valid time: 43.44s; loss: -45.7053 (±12.8209); valid loss: -51.121
[Epoch 4/10, Step 1100, ETA 37m 46.53s] step time: 1.008s (±4.424s); train time: 56.41s; valid time: 44.43s; loss: -48.8477 (±11.4356); valid loss: -48.4003
[Epoch 4/10, Step 1200, ETA 35m 55.79s] step time: 0.9928s (±4.269s); train time: 56.42s; valid time: 42.92s; loss: -51.3689 (±6.27047); valid loss: -51.2745
[Epoch 4/10, Step 1300, ETA 34m 8.14s] step time: 1.001s (±4.341s); train time: 56.56s; valid time: 43.64s; loss: -48.9485 (±8.3373); valid loss: -47.1335
train_values: (16583, 38)
[Epoch 5/10, Step 1400, ETA 32m 20.61s] step time: 0.9942s (±4.3s); train time: 47.3s; valid time: 43.23s; loss: -51.2345 (±8.4199); valid loss: -49.8445
[Epoch 5/10, Step 1500, ETA 30m 37.11s] step time: 1.019s (±4.436s); train time: 57.4s; valid time: 44.59s; loss: -52.2274 (±6.41152); valid loss: -52.9471 (*)
[Epoch 5/10, Step 1600, ETA 28m 51.88s] step time: 1.001s (±4.336s); train time: 56.58s; valid time: 43.59s; loss: -54.1723 (±5.54136); valid loss: -48.1682
train_values: (16583, 38)
[Epoch 6/10, Step 1700, ETA 27m 23.47s] step time: 1.174s (±4.281s); train time: 39.89s; valid time: 43.15s; loss: -54.505 (±6.09248); valid loss: -52.9466
[Epoch 6/10, Step 1800, ETA 25m 36.93s] step time: 0.9947s (±4.394s); train time: 55.38s; valid time: 44.14s; loss: -53.9678 (±6.48015); valid loss: -53.825 (*)
[Epoch 6/10, Step 1900, ETA 23m 52.02s] step time: 1.007s (±4.461s); train time: 55.9s; valid time: 44.83s; loss: -56.7007 (±7.82504); valid loss: -56.7681 (*)
train_values: (16583, 38)
[Epoch 7/10, Step 2000, ETA 22m 6.699s] step time: 0.9938s (±4.241s); train time: 14.73s; valid time: 42.62s; loss: -55.5861 (±7.24461); valid loss: -55.7107
[Epoch 7/10, Step 2100, ETA 20m 22.85s] step time: 1.01s (±4.478s); train time: 56.06s; valid time: 45.02s; loss: -59.2706 (±4.83598); valid loss: -58.6211 (*)
[Epoch 7/10, Step 2200, ETA 18m 37.71s] step time: 0.9791s (±4.285s); train time: 54.9s; valid time: 43.06s; loss: -57.4736 (±6.85225); valid loss: -52.5055
[Epoch 7/10, Step 2300, ETA 16m 53.5s] step time: 0.986s (±4.285s); train time: 55.58s; valid time: 43.08s; loss: -59.1352 (±6.58168); valid loss: -17.8971
train_values: (16583, 38)
[Epoch 8/10, Step 2400, ETA 15m 10.8s] step time: 1.014s (±4.531s); train time: 54.26s; valid time: 45.57s; loss: -59.8978 (±7.97438); valid loss: -63.4023 (*)
[Epoch 8/10, Step 2500, ETA 13m 27.52s] step time: 0.993s (±4.328s); train time: 55.86s; valid time: 43.5s; loss: -58.1497 (±7.32966); valid loss: -56.2769
[Epoch 8/10, Step 2600, ETA 11m 44.53s] step time: 0.9923s (±4.302s); train time: 56.02s; valid time: 43.27s; loss: -59.8517 (±5.11552); valid loss: -57.0639
train_values: (16583, 38)
[Epoch 9/10, Step 2700, ETA 10m 1.882s] step time: 0.995s (±4.319s); train time: 38.14s; valid time: 43.36s; loss: -61.7669 (±5.73406); valid loss: -59.6582
[Epoch 9/10, Step 2800, ETA 8m 19.53s] step time: 1s (±4.329s); train time: 56.54s; valid time: 43.55s; loss: -62.2792 (±7.05617); valid loss: -61.8867
[Epoch 9/10, Step 2900, ETA 6m 37.38s] step time: 1.003s (±4.349s); train time: 56.66s; valid time: 43.71s; loss: -63.7079 (±6.13507); valid loss: -63.0519
train_values: (16583, 38)
[Epoch 10/10, Step 3000, ETA 4m 55.27s] step time: 0.9954s (±4.309s); train time: 22.02s; valid time: 43.31s; loss: -65.1445 (±6.53859); valid loss: -61.0626
[Epoch 10/10, Step 3100, ETA 3m 13.31s] step time: 0.9955s (±4.326s); train time: 56.11s; valid time: 43.5s; loss: -63.9961 (±6.2076); valid loss: -63.1435
[Epoch 10/10, Step 3200, ETA 1m 31.54s] step time: 1.005s (±4.346s); train time: 56.86s; valid time: 43.7s; loss: -65.5657 (±9.01865); valid loss: -63.0876
train end time:  2025-06-12 22:40:30
train time:  3328.1442427635193
test start time:  2025-06-12 22:40:30
------------------------------ testing ------------------------------
test_score shape:  (23590, 38)
test_z shape:  (23590, 100, 6)
search range:  -400.0 400.0
cur thr:  -399.0 [0.856752762600335, 0.9984289002480056, 0.7502951549569353, 1271.0, 21894.0, 2.0, 423.0, 35.16637361355322] [0.856752762600335, 0.9984289002480056, 0.7502951549569353, 1271.0, 21894.0, 2.0, 423.0, 35.16637361355322] -399.0
cur thr:  -349.0 [0.8582919624911177, 0.9984338214688033, 0.7526564300315441, 1275.0, 21894.0, 2.0, 419.0, 32.53821124452889] [0.8582919624911177, 0.9984338214688033, 0.7526564300315441, 1275.0, 21894.0, 2.0, 419.0, 32.53821124452889] -383.0
cur thr:  -299.0 [0.8636466766673787, 0.9984508055890721, 0.7609208927926748, 1289.0, 21894.0, 2.0, 405.0, 26.133159112272587] [0.8636466766673787, 0.9984508055890721, 0.7609208927926748, 1289.0, 21894.0, 2.0, 405.0, 28.66647555682962] -346.0
cur thr:  -249.0 [0.9889666786671567, 0.998795900067454, 0.9793388371939856, 1659.0, 21894.0, 2.0, 35.0, 22.166543519202673] [0.9889666786671567, 0.998795900067454, 0.9793388371939856, 1659.0, 21894.0, 2.0, 35.0, 29.72205709968278] -277.0
cur thr:  -199.0 [0.9889666786671567, 0.998795900067454, 0.9793388371939856, 1659.0, 21894.0, 2.0, 35.0, 18.388786728962618] [0.9889666786671567, 0.998795900067454, 0.9793388371939856, 1659.0, 21894.0, 2.0, 35.0, 29.72205709968278] -277.0
cur thr:  -149.0 [0.9886719910121964, 0.998194939842389, 0.9793388371939856, 1659.0, 21893.0, 3.0, 35.0, 13.99992222265432] [0.9889666786671567, 0.998795900067454, 0.9793388371939856, 1659.0, 21894.0, 2.0, 35.0, 29.72205709968278] -277.0
cur thr:  -99.0 [0.9883982058418725, 0.9958058658130265, 0.9811097934999422, 1662.0, 21889.0, 7.0, 32.0, 5.842074515397288] [0.9895752267178035, 0.9981981922030139, 0.9811097934999422, 1662.0, 21893.0, 3.0, 32.0, 12.105199446318704] -135.0
cur thr:  -49.0 [0.9796590084085308, 0.9782224780563715, 0.9811097934999422, 1662.0, 21859.0, 37.0, 32.0, 3.578928531955095] [0.9895752267178035, 0.9981981922030139, 0.9811097934999422, 1662.0, 21893.0, 3.0, 32.0, 12.105199446318704] -135.0
cur thr:  1.0 [0.9216489974112327, 0.8546922257583641, 0.9999999940968123, 1694.0, 21608.0, 288.0, 0.0, 2.8999855000725] [0.9895752267178035, 0.9981981922030139, 0.9811097934999422, 1662.0, 21893.0, 3.0, 32.0, 12.105199446318704] -135.0
cur thr:  51.0 [0.39408779670087685, 0.24540055012979786, 0.9999999940968123, 1694.0, 16687.0, 5209.0, 0.0, 0.49999750001249993] [0.9895752267178035, 0.9981981922030139, 0.9811097934999422, 1662.0, 21893.0, 3.0, 32.0, 12.105199446318704] -135.0
cur thr:  101.0 [0.1339965348654206, 0.07181008899033062, 0.9999999940968123, 1694.0, 0.0, 21896.0, 0.0, 0.0] [0.9895752267178035, 0.9981981922030139, 0.9811097934999422, 1662.0, 21893.0, 3.0, 32.0, 12.105199446318704]  0%|          | 0/23590 [00:00<?, ?it/s]100%|██████████| 23590/23590 [00:00<00:00, 1064952.06it/s] -135.0
cur thr:  151.0 [0.1339965348654206, 0.07181008899033062, 0.9999999940968123, 1694.0, 0.0, 21896.0, 0.0, 0.0] [0.9895752267178035, 0.9981981922030139, 0.9811097934999422, 1662.0, 21893.0, 3.0, 32.0, 12.105199446318704] -135.0
cur thr:  201.0 [0.1339965348654206, 0.07181008899033062, 0.9999999940968123, 1694.0, 0.0, 21896.0, 0.0, 0.0] [0.9895752267178035, 0.9981981922030139, 0.9811097934999422, 1662.0, 21893.0, 3.0, 32.0, 12.105199446318704] -135.0
cur thr:  251.0 [0.1339965348654206, 0.07181008899033062, 0.9999999940968123, 1694.0, 0.0, 21896.0, 0.0, 0.0] [0.9895752267178035, 0.9981981922030139, 0.9811097934999422, 1662.0, 21893.0, 3.0, 32.0, 12.105199446318704] -135.0
cur thr:  301.0 [0.1339965348654206, 0.07181008899033062, 0.9999999940968123, 1694.0, 0.0, 21896.0, 0.0, 0.0] [0.9895752267178035, 0.9981981922030139, 0.9811097934999422, 1662.0, 21893.0, 3.0, 32.0, 12.105199446318704] -135.0
cur thr:  351.0 [0.1339965348654206, 0.07181008899033062, 0.9999999940968123, 1694.0, 0.0, 21896.0, 0.0, 0.0] [0.9895752267178035, 0.9981981922030139, 0.9811097934999422, 1662.0, 21893.0, 3.0, 32.0, 12.105199446318704] -135.0
[0.9895752267178035, 0.9981981922030139, 0.9811097934999422, 1662.0, 21893.0, 3.0, 32.0, 12.105199446318704] -135.0
label_file: ServerMachineDataset/interpretation_label/machine-2-4.txt
Initial threshold : 2229.052
Number of peaks : 2
Grimshaw maximum log-likelihood estimation ... [done]
	γ = 0
	σ = 961.4376
	L = 15.736859374564837
Extreme quantile (probability = 0.001): -143.46426745930876
4
23590
POT result:  (0.5133792422500445, 0.9999999829059832, 0.345336479661532, 585.0, 21896.0, 0.0, 1109.0) -1448.9075042069508 30.16616389726838

=== 全局调试信息 ===
y_true shape: (23590,), unique values: [0. 1.]
y_pred shape: (23590,), unique values: [False  True]
feature_scores shape: (23590, 38)
y_true 中的异常段: [(913, 916), (1999, 2002), (3439, 3442), (4477, 4479), (4877, 4880), (5000, 5280), (6317, 6319), (7757, 7759), (9197, 9200), (9374, 9405), (10637, 10639), (12077, 12079), (13512, 13540), (14957, 14959), (16426, 16596), (17866, 18250), (18480, 18880), (19305, 19641), (20745, 20754), (22185, 22194)]


=== 处理第 1/20 段 ===
段范围: start=913, end=916
段内真实标签 (seg_true): [1. 1. 1. 1.]
段内预测标签 (seg_pred): [ True  True  True  True]
段内真实异常时间点索引 (相对段内): [0 1 2 3]
段内是否有预测为异常的时间点: True
真实异常维度 (0-based): [8, 11, 12, 13, 14]
段内检测到的异常时间点索引 (相对段内): [0 1 2 3]
推断的异常维度 (0-based): [4, 7, 17, 28, 36]
真实与推断的交集: []
段内指标: TP=0, FP=5, FN=5, TN=28, IPS=0.0000

=== 处理第 2/20 段 ===
段范围: start=1999, end=2002
段内真实标签 (seg_true): [1. 1. 1. 1.]
段内预测标签 (seg_pred): [False False False False]
段内真实异常时间点索引 (相对段内): [0 1 2 3]
段内是否有预测为异常的时间点: False
真实异常维度 (0-based): [12, 13]
段内检测到的异常时间点索引 (相对段内): []
未检测到任何异常点，尝试从特征分数中推断异常维度
推断的异常维度 (0-based): [4, 28]
真实与推断的交集: []
段内指标: TP=0, FP=2, FN=2, TN=34, IPS=0.0000

=== 处理第 3/20 段 ===
段范围: start=3439, end=3442
段内真实标签 (seg_true): [1. 1. 1. 1.]
段内预测标签 (seg_pred): [False False False False]
段内真实异常时间点索引 (相对段内): [0 1 2 3]
段内是否有预测为异常的时间点: False
真实异常维度 (0-based): [11, 12, 13]
段内检测到的异常时间点索引 (相对段内): []
未检测到任何异常点，尝试从特征分数中推断异常维度
推断的异常维度 (0-based): [4, 28, 36]
真实与推断的交集: []
段内指标: TP=0, FP=3, FN=3, TN=32, IPS=0.0000

=== 处理第 4/20 段 ===
段范围: start=4477, end=4479
段内真实标签 (seg_true): [1. 1. 1.]
段内预测标签 (seg_pred): [False False False]
段内真实异常时间点索引 (相对段内): [0 1 2]
段内是否有预测为异常的时间点: False
真实异常维度 (0-based): [10, 15]
段内检测到的异常时间点索引 (相对段内): []
未检测到任何异常点，尝试从特征分数中推断异常维度
推断的异常维度 (0-based): [4, 28]
真实与推断的交集: []
段内指标: TP=0, FP=2, FN=2, TN=34, IPS=0.0000

=== 处理第 5/20 段 ===
段范围: start=4877, end=4880
段内真实标签 (seg_true): [1. 1. 1. 1.]
段内预测标签 (seg_pred): [False False False False]
段内真实异常时间点索引 (相对段内): [0 1 2 3]
段内是否有预测为异常的时间点: False
真实异常维度 (0-based): [8, 12, 13]
段内检测到的异常时间点索引 (相对段内): []
未检测到任何异常点，尝试从特征分数中推断异常维度
推断的异常维度 (0-based): [17, 28, 36]
真实与推断的交集: []
段内指标: TP=0, FP=3, FN=3, TN=32, IPS=0.0000

=== 处理第 6/20 段 ===
段范围: start=5000, end=5280
段内真实标签 (seg_true): [1. 1. 1. 1. 1. 1. 1. 1. 1. 1. 1. 1. 1. 1. 1. 1. 1. 1. 1. 1. 1. 1. 1. 1.
 1. 1. 1. 1. 1. 1. 1. 1. 1. 1. 1. 1. 1. 1. 1. 1. 1. 1. 1. 1. 1. 1. 1. 1.
 1. 1. 1. 1. 1. 1. 1. 1. 1. 1. 1. 1. 1. 1. 1. 1. 1. 1. 1. 1. 1. 1. 1. 1.
 1. 1. 1. 1. 1. 1. 1. 1. 1. 1. 1. 1. 1. 1. 1. 1. 1. 1. 1. 1. 1. 1. 1. 1.
 1. 1. 1. 1. 1. 1. 1. 1. 1. 1. 1. 1. 1. 1. 1. 1. 1. 1. 1. 1. 1. 1. 1. 1.
 1. 1. 1. 1. 1. 1. 1. 1. 1. 1. 1. 1. 1. 1. 1. 1. 1. 1. 1. 1. 1. 1. 1. 1.
 1. 1. 1. 1. 1. 1. 1. 1. 1. 1. 1. 1. 1. 1. 1. 1. 1. 1. 1. 1. 1. 1. 1. 1.
 1. 1. 1. 1. 1. 1. 1. 1. 1. 1. 1. 1. 1. 1. 1. 1. 1. 1. 1. 1. 1. 1. 1. 1.
 1. 1. 1. 1. 1. 1. 1. 1. 1. 1. 1. 1. 1. 1. 1. 1. 1. 1. 1. 1. 1. 1. 1. 1.
 1. 1. 1. 1. 1. 1. 1. 1. 1. 1. 1. 1. 1. 1. 1. 1. 1. 1. 1. 1. 1. 1. 1. 1.
 1. 1. 1. 1. 1. 1. 1. 1. 1. 1. 1. 1. 1. 1. 1. 1. 1. 1. 1. 1. 1. 1. 1. 1.
 1. 1. 1. 1. 1. 1. 1. 1. 1. 1. 1. 1. 1. 1. 1. 1. 1.]
段内预测标签 (seg_pred): [False False False False False False False False False False False False
 False False False False False False False False False False False False
 False False False False False False False False False False False False
 False False False False False False False False False False False False
 False False False False False False False False False False False False
 False False False False False False False False False False False False
 False False False False False False False False False False False False
 False False False False False False False False False False False False
 False False False False False False False False False False False False
 False False False False False False False False False False False False
 False False False False False False False False False False False False
 False False False False False False False False False False False False
 False False False False False False False False False False False False
 False False False False False False False False False False False False
 False False False False False False False False False False False False
 False False False False False False False False False False False False
 False False False False False False False False False False False False
 False False False False False False False False False False False False
 False False False False False False False False False False False False
 False False False False False False False False False False False False
 False False False False False False False False False False False False
 False False False False False False False False False False False False
 False False False False False False False False False False False False
 False False False False False]
段内真实异常时间点索引 (相对段内): [  0   1   2   3   4   5   6   7   8   9  10  11  12  13  14  15  16  17
  18  19  20  21  22  23  24  25  26  27  28  29  30  31  32  33  34  35
  36  37  38  39  40  41  42  43  44  45  46  47  48  49  50  51  52  53
  54  55  56  57  58  59  60  61  62  63  64  65  66  67  68  69  70  71
  72  73  74  75  76  77  78  79  80  81  82  83  84  85  86  87  88  89
  90  91  92  93  94  95  96  97  98  99 100 101 102 103 104 105 106 107
 108 109 110 111 112 113 114 115 116 117 118 119 120 121 122 123 124 125
 126 127 128 129 130 131 132 133 134 135 136 137 138 139 140 141 142 143
 144 145 146 147 148 149 150 151 152 153 154 155 156 157 158 159 160 161
 162 163 164 165 166 167 168 169 170 171 172 173 174 175 176 177 178 179
 180 181 182 183 184 185 186 187 188 189 190 191 192 193 194 195 196 197
 198 199 200 201 202 203 204 205 206 207 208 209 210 211 212 213 214 215
 216 217 218 219 220 221 222 223 224 225 226 227 228 229 230 231 232 233
 234 235 236 237 238 239 240 241 242 243 244 245 246 247 248 249 250 251
 252 253 254 255 256 257 258 259 260 261 262 263 264 265 266 267 268 269
 270 271 272 273 274 275 276 277 278 279 280]
段内是否有预测为异常的时间点: False
真实异常维度 (0-based): [0, 9, 11, 12, 13]
段内检测到的异常时间点索引 (相对段内): []
未检测到任何异常点，尝试从特征分数中推断异常维度
推断的异常维度 (0-based): [4, 7, 17, 28, 36, 37]
真实与推断的交集: []
段内指标: TP=0, FP=6, FN=5, TN=27, IPS=0.0000

=== 处理第 7/20 段 ===
段范围: start=6317, end=6319
段内真实标签 (seg_true): [1. 1. 1.]
段内预测标签 (seg_pred): [False False False]
段内真实异常时间点索引 (相对段内): [0 1 2]
段内是否有预测为异常的时间点: False
真实异常维度 (0-based): [8, 12, 13]
段内检测到的异常时间点索引 (相对段内): []
未检测到任何异常点，尝试从特征分数中推断异常维度
推断的异常维度 (0-based): [4, 28, 36]
真实与推断的交集: []
段内指标: TP=0, FP=3, FN=3, TN=32, IPS=0.0000

=== 处理第 8/20 段 ===
段范围: start=7757, end=7759
段内真实标签 (seg_true): [1. 1. 1.]
段内预测标签 (seg_pred): [ True  True  True]
段内真实异常时间点索引 (相对段内): [0 1 2]
段内是否有预测为异常的时间点: True
真实异常维度 (0-based): [8, 12, 13]
段内检测到的异常时间点索引 (相对段内): [0 1 2]
推断的异常维度 (0-based): [4, 7, 28]
真实与推断的交集: []
段内指标: TP=0, FP=3, FN=3, TN=32, IPS=0.0000

=== 处理第 9/20 段 ===
段范围: start=9197, end=9200
段内真实标签 (seg_true): [1. 1. 1. 1.]
段内预测标签 (seg_pred): [False False False False]
段内真实异常时间点索引 (相对段内): [0 1 2 3]
段内是否有预测为异常的时间点: False
真实异常维度 (0-based): [13]
段内检测到的异常时间点索引 (相对段内): []
未检测到任何异常点，尝试从特征分数中推断异常维度
推断的异常维度 (0-based): [4, 28]
真实与推断的交集: []
段内指标: TP=0, FP=2, FN=1, TN=35, IPS=0.0000

=== 处理第 10/20 段 ===
段范围: start=9374, end=9405
段内真实标签 (seg_true): [1. 1. 1. 1. 1. 1. 1. 1. 1. 1. 1. 1. 1. 1. 1. 1. 1. 1. 1. 1. 1. 1. 1. 1.
 1. 1. 1. 1. 1. 1. 1. 1.]
段内预测标签 (seg_pred): [False False False False False False False False False False False False
 False False False False False False False False False False False False
 False False False False False False False False]
段内真实异常时间点索引 (相对段内): [ 0  1  2  3  4  5  6  7  8  9 10 11 12 13 14 15 16 17 18 19 20 21 22 23
 24 25 26 27 28 29 30 31]
段内是否有预测为异常的时间点: False
真实异常维度 (0-based): [11]
段内检测到的异常时间点索引 (相对段内): []
未检测到任何异常点，尝试从特征分数中推断异常维度
推断的异常维度 (0-based): [28]
真实与推断的交集: []
段内指标: TP=0, FP=1, FN=1, TN=36, IPS=0.0000

=== 处理第 11/20 段 ===
段范围: start=10637, end=10639
段内真实标签 (seg_true): [1. 1. 1.]
段内预测标签 (seg_pred): [ True  True  True]
段内真实异常时间点索引 (相对段内): [0 1 2]
段内是否有预测为异常的时间点: True
真实异常维度 (0-based): [8, 12, 13]
段内检测到的异常时间点索引 (相对段内): [0 1 2]
推断的异常维度 (0-based): [4, 28, 36]
真实与推断的交集: []
段内指标: TP=0, FP=3, FN=3, TN=32, IPS=0.0000

=== 处理第 12/20 段 ===
段范围: start=12077, end=12079
段内真实标签 (seg_true): [1. 1. 1.]
段内预测标签 (seg_pred): [ True  True  True]
段内真实异常时间点索引 (相对段内): [0 1 2]
段内是否有预测为异常的时间点: True
真实异常维度 (0-based): [8, 12, 13]
段内检测到的异常时间点索引 (相对段内): [0 1 2]
推断的异常维度 (0-based): [4, 28, 36]
真实与推断的交集: []
段内指标: TP=0, FP=3, FN=3, TN=32, IPS=0.0000

=== 处理第 13/20 段 ===
段范围: start=13512, end=13540
段内真实标签 (seg_true): [1. 1. 1. 1. 1. 1. 1. 1. 1. 1. 1. 1. 1. 1. 1. 1. 1. 1. 1. 1. 1. 1. 1. 1.
 1. 1. 1. 1. 1.]
段内预测标签 (seg_pred): [False False False False False False False False False False False False
 False False False False False False False False False False False False
 False False False False False]
段内真实异常时间点索引 (相对段内): [ 0  1  2  3  4  5  6  7  8  9 10 11 12 13 14 15 16 17 18 19 20 21 22 23
 24 25 26 27 28]
段内是否有预测为异常的时间点: False
真实异常维度 (0-based): [8, 12, 13]
段内检测到的异常时间点索引 (相对段内): []
未检测到任何异常点，尝试从特征分数中推断异常维度
推断的异常维度 (0-based): [17, 28, 36]
真实与推断的交集: []
段内指标: TP=0, FP=3, FN=3, TN=32, IPS=0.0000

=== 处理第 14/20 段 ===
段范围: start=14957, end=14959
段内真实标签 (seg_true): [1. 1. 1.]
段内预测标签 (seg_pred): [False False False]
段内真实异常时间点索引 (相对段内): [0 1 2]
段内是否有预测为异常的时间点: False
真实异常维度 (0-based): [8, 12, 13]
段内检测到的异常时间点索引 (相对段内): []
未检测到任何异常点，尝试从特征分数中推断异常维度
推断的异常维度 (0-based): [4, 28, 36]
真实与推断的交集: []
段内指标: TP=0, FP=3, FN=3, TN=32, IPS=0.0000

=== 处理第 15/20 段 ===
段范围: start=16426, end=16596
段内真实标签 (seg_true): [1. 1. 1. 1. 1. 1. 1. 1. 1. 1. 1. 1. 1. 1. 1. 1. 1. 1. 1. 1. 1. 1. 1. 1.
 1. 1. 1. 1. 1. 1. 1. 1. 1. 1. 1. 1. 1. 1. 1. 1. 1. 1. 1. 1. 1. 1. 1. 1.
 1. 1. 1. 1. 1. 1. 1. 1. 1. 1. 1. 1. 1. 1. 1. 1. 1. 1. 1. 1. 1. 1. 1. 1.
 1. 1. 1. 1. 1. 1. 1. 1. 1. 1. 1. 1. 1. 1. 1. 1. 1. 1. 1. 1. 1. 1. 1. 1.
 1. 1. 1. 1. 1. 1. 1. 1. 1. 1. 1. 1. 1. 1. 1. 1. 1. 1. 1. 1. 1. 1. 1. 1.
 1. 1. 1. 1. 1. 1. 1. 1. 1. 1. 1. 1. 1. 1. 1. 1. 1. 1. 1. 1. 1. 1. 1. 1.
 1. 1. 1. 1. 1. 1. 1. 1. 1. 1. 1. 1. 1. 1. 1. 1. 1. 1. 1. 1. 1. 1. 1. 1.
 1. 1. 1.]
段内预测标签 (seg_pred): [ True  True  True  True  True  True  True  True  True  True  True  True
  True  True  True  True  True  True  True  True  True  True  True  True
  True  True  True  True  True  True  True  True  True  True  True  True
  True  True  True  True  True  True  True  True  True  True  True  True
  True  True  True  True  True  True  True  True  True  True  True  True
  True  True  True  True  True  True  True  True  True  True  True  True
  True  True  True  True  True  True  True  True  True  True  True  True
  True  True  True  True  True  True  True  True  True  True  True  True
  True  True  True  True  True  True  True  True  True  True  True  True
  True  True  True  True  True  True  True  True  True  True  True  True
  True  True  True  True  True  True  True  True  True  True  True  True
  True  True  True  True  True  True  True  True  True  True  True  True
  True  True  True  True  True  True  True  True  True  True  True  True
  True  True  True  True  True  True  True  True  True  True  True  True
  True  True  True]
段内真实异常时间点索引 (相对段内): [  0   1   2   3   4   5   6   7   8   9  10  11  12  13  14  15  16  17
  18  19  20  21  22  23  24  25  26  27  28  29  30  31  32  33  34  35
  36  37  38  39  40  41  42  43  44  45  46  47  48  49  50  51  52  53
  54  55  56  57  58  59  60  61  62  63  64  65  66  67  68  69  70  71
  72  73  74  75  76  77  78  79  80  81  82  83  84  85  86  87  88  89
  90  91  92  93  94  95  96  97  98  99 100 101 102 103 104 105 106 107
 108 109 110 111 112 113 114 115 116 117 118 119 120 121 122 123 124 125
 126 127 128 129 130 131 132 133 134 135 136 137 138 139 140 141 142 143
 144 145 146 147 148 149 150 151 152 153 154 155 156 157 158 159 160 161
 162 163 164 165 166 167 168 169 170]
段内是否有预测为异常的时间点: True
真实异常维度 (0-based): [0, 8, 9, 11, 12, 13]
段内检测到的异常时间点索引 (相对段内): [  0   1   2   3   4   5   6   7   8   9  10  11  12  13  14  15  16  17
  18  19  20  21  22  23  24  25  26  27  28  29  30  31  32  33  34  35
  36  37  38  39  40  41  42  43  44  45  46  47  48  49  50  51  52  53
  54  55  56  57  58  59  60  61  62  63  64  65  66  67  68  69  70  71
  72  73  74  75  76  77  78  79  80  81  82  83  84  85  86  87  88  89
  90  91  92  93  94  95  96  97  98  99 100 101 102 103 104 105 106 107
 108 109 110 111 112 113 114 115 116 117 118 119 120 121 122 123 124 125
 126 127 128 129 130 131 132 133 134 135 136 137 138 139 140 141 142 143
 144 145 146 147 148 149 150 151 152 153 154 155 156 157 158 159 160 161
 162 163 164 165 166 167 168 169 170]
推断的异常维度 (0-based): [4, 7, 17, 28, 36, 37]
真实与推断的交集: []
段内指标: TP=0, FP=6, FN=6, TN=26, IPS=0.0000

=== 处理第 16/20 段 ===
段范围: start=17866, end=18250
段内真实标签 (seg_true): [1. 1. 1. 1. 1. 1. 1. 1. 1. 1. 1. 1. 1. 1. 1. 1. 1. 1. 1. 1. 1. 1. 1. 1.
 1. 1. 1. 1. 1. 1. 1. 1. 1. 1. 1. 1. 1. 1. 1. 1. 1. 1. 1. 1. 1. 1. 1. 1.
 1. 1. 1. 1. 1. 1. 1. 1. 1. 1. 1. 1. 1. 1. 1. 1. 1. 1. 1. 1. 1. 1. 1. 1.
 1. 1. 1. 1. 1. 1. 1. 1. 1. 1. 1. 1. 1. 1. 1. 1. 1. 1. 1. 1. 1. 1. 1. 1.
 1. 1. 1. 1. 1. 1. 1. 1. 1. 1. 1. 1. 1. 1. 1. 1. 1. 1. 1. 1. 1. 1. 1. 1.
 1. 1. 1. 1. 1. 1. 1. 1. 1. 1. 1. 1. 1. 1. 1. 1. 1. 1. 1. 1. 1. 1. 1. 1.
 1. 1. 1. 1. 1. 1. 1. 1. 1. 1. 1. 1. 1. 1. 1. 1. 1. 1. 1. 1. 1. 1. 1. 1.
 1. 1. 1. 1. 1. 1. 1. 1. 1. 1. 1. 1. 1. 1. 1. 1. 1. 1. 1. 1. 1. 1. 1. 1.
 1. 1. 1. 1. 1. 1. 1. 1. 1. 1. 1. 1. 1. 1. 1. 1. 1. 1. 1. 1. 1. 1. 1. 1.
 1. 1. 1. 1. 1. 1. 1. 1. 1. 1. 1. 1. 1. 1. 1. 1. 1. 1. 1. 1. 1. 1. 1. 1.
 1. 1. 1. 1. 1. 1. 1. 1. 1. 1. 1. 1. 1. 1. 1. 1. 1. 1. 1. 1. 1. 1. 1. 1.
 1. 1. 1. 1. 1. 1. 1. 1. 1. 1. 1. 1. 1. 1. 1. 1. 1. 1. 1. 1. 1. 1. 1. 1.
 1. 1. 1. 1. 1. 1. 1. 1. 1. 1. 1. 1. 1. 1. 1. 1. 1. 1. 1. 1. 1. 1. 1. 1.
 1. 1. 1. 1. 1. 1. 1. 1. 1. 1. 1. 1. 1. 1. 1. 1. 1. 1. 1. 1. 1. 1. 1. 1.
 1. 1. 1. 1. 1. 1. 1. 1. 1. 1. 1. 1. 1. 1. 1. 1. 1. 1. 1. 1. 1. 1. 1. 1.
 1. 1. 1. 1. 1. 1. 1. 1. 1. 1. 1. 1. 1. 1. 1. 1. 1. 1. 1. 1. 1. 1. 1. 1.
 1.]
段内预测标签 (seg_pred): [False False False False False False False False False False False False
 False False False False False False False False False False False False
 False False False False False False False False False False False False
 False False False False False False False False False False False False
 False False False False False False False False False False False False
 False False False False False False False False False False False False
 False False False False False False False False False False False False
 False False False False False False False False False False False False
 False False False False False False False False False False False False
 False False False False False False False False False False False False
 False False False False False False False False False False False False
 False False False False False False False False False False False False
 False False False False False False False False False False False False
 False False False False False False False False False False False False
 False False False False False False False False False False False False
 False False False False False False False False False False False False
 False False False False False False False False False False False False
 False False False False False False False False False False False False
 False False False False False False False False False False False False
 False False False False False False False False False False False False
 False False False False False False False False False False False False
 False False False False False False False False False False False False
 False False False False False False False False False False False False
 False False False False False False False False False False False False
 False False False False False False False False False False False False
 False False False False False False False False False False False False
 False False False False False False False False False False False False
 False False False False False False False False False False False False
 False False False False False False False False False False False False
 False False False False False False False False False False False False
 False False False False False False False False False False False False
 False False False False False False False False False False False False
 False]
段内真实异常时间点索引 (相对段内): [  0   1   2   3   4   5   6   7   8   9  10  11  12  13  14  15  16  17
  18  19  20  21  22  23  24  25  26  27  28  29  30  31  32  33  34  35
  36  37  38  39  40  41  42  43  44  45  46  47  48  49  50  51  52  53
  54  55  56  57  58  59  60  61  62  63  64  65  66  67  68  69  70  71
  72  73  74  75  76  77  78  79  80  81  82  83  84  85  86  87  88  89
  90  91  92  93  94  95  96  97  98  99 100 101 102 103 104 105 106 107
 108 109 110 111 112 113 114 115 116 117 118 119 120 121 122 123 124 125
 126 127 128 129 130 131 132 133 134 135 136 137 138 139 140 141 142 143
 144 145 146 147 148 149 150 151 152 153 154 155 156 157 158 159 160 161
 162 163 164 165 166 167 168 169 170 171 172 173 174 175 176 177 178 179
 180 181 182 183 184 185 186 187 188 189 190 191 192 193 194 195 196 197
 198 199 200 201 202 203 204 205 206 207 208 209 210 211 212 213 214 215
 216 217 218 219 220 221 222 223 224 225 226 227 228 229 230 231 232 233
 234 235 236 237 238 239 240 241 242 243 244 245 246 247 248 249 250 251
 252 253 254 255 256 257 258 259 260 261 262 263 264 265 266 267 268 269
 270 271 272 273 274 275 276 277 278 279 280 281 282 283 284 285 286 287
 288 289 290 291 292 293 294 295 296 297 298 299 300 301 302 303 304 305
 306 307 308 309 310 311 312 313 314 315 316 317 318 319 320 321 322 323
 324 325 326 327 328 329 330 331 332 333 334 335 336 337 338 339 340 341
 342 343 344 345 346 347 348 349 350 351 352 353 354 355 356 357 358 359
 360 361 362 363 364 365 366 367 368 369 370 371 372 373 374 375 376 377
 378 379 380 381 382 383 384]
段内是否有预测为异常的时间点: False
真实异常维度 (0-based): [0, 8, 9, 11, 12, 13]
段内检测到的异常时间点索引 (相对段内): []
未检测到任何异常点，尝试从特征分数中推断异常维度
推断的异常维度 (0-based): [4, 7, 17, 28, 33, 36, 37]
真实与推断的交集: []
段内指标: TP=0, FP=7, FN=6, TN=25, IPS=0.0000

=== 处理第 17/20 段 ===
段范围: start=18480, end=18880
段内真实标签 (seg_true): [1. 1. 1. 1. 1. 1. 1. 1. 1. 1. 1. 1. 1. 1. 1. 1. 1. 1. 1. 1. 1. 1. 1. 1.
 1. 1. 1. 1. 1. 1. 1. 1. 1. 1. 1. 1. 1. 1. 1. 1. 1. 1. 1. 1. 1. 1. 1. 1.
 1. 1. 1. 1. 1. 1. 1. 1. 1. 1. 1. 1. 1. 1. 1. 1. 1. 1. 1. 1. 1. 1. 1. 1.
 1. 1. 1. 1. 1. 1. 1. 1. 1. 1. 1. 1. 1. 1. 1. 1. 1. 1. 1. 1. 1. 1. 1. 1.
 1. 1. 1. 1. 1. 1. 1. 1. 1. 1. 1. 1. 1. 1. 1. 1. 1. 1. 1. 1. 1. 1. 1. 1.
 1. 1. 1. 1. 1. 1. 1. 1. 1. 1. 1. 1. 1. 1. 1. 1. 1. 1. 1. 1. 1. 1. 1. 1.
 1. 1. 1. 1. 1. 1. 1. 1. 1. 1. 1. 1. 1. 1. 1. 1. 1. 1. 1. 1. 1. 1. 1. 1.
 1. 1. 1. 1. 1. 1. 1. 1. 1. 1. 1. 1. 1. 1. 1. 1. 1. 1. 1. 1. 1. 1. 1. 1.
 1. 1. 1. 1. 1. 1. 1. 1. 1. 1. 1. 1. 1. 1. 1. 1. 1. 1. 1. 1. 1. 1. 1. 1.
 1. 1. 1. 1. 1. 1. 1. 1. 1. 1. 1. 1. 1. 1. 1. 1. 1. 1. 1. 1. 1. 1. 1. 1.
 1. 1. 1. 1. 1. 1. 1. 1. 1. 1. 1. 1. 1. 1. 1. 1. 1. 1. 1. 1. 1. 1. 1. 1.
 1. 1. 1. 1. 1. 1. 1. 1. 1. 1. 1. 1. 1. 1. 1. 1. 1. 1. 1. 1. 1. 1. 1. 1.
 1. 1. 1. 1. 1. 1. 1. 1. 1. 1. 1. 1. 1. 1. 1. 1. 1. 1. 1. 1. 1. 1. 1. 1.
 1. 1. 1. 1. 1. 1. 1. 1. 1. 1. 1. 1. 1. 1. 1. 1. 1. 1. 1. 1. 1. 1. 1. 1.
 1. 1. 1. 1. 1. 1. 1. 1. 1. 1. 1. 1. 1. 1. 1. 1. 1. 1. 1. 1. 1. 1. 1. 1.
 1. 1. 1. 1. 1. 1. 1. 1. 1. 1. 1. 1. 1. 1. 1. 1. 1. 1. 1. 1. 1. 1. 1. 1.
 1. 1. 1. 1. 1. 1. 1. 1. 1. 1. 1. 1. 1. 1. 1. 1. 1.]
段内预测标签 (seg_pred): [ True  True  True  True  True  True  True  True  True  True  True  True
  True  True  True  True  True  True  True  True  True  True  True  True
  True  True  True  True  True  True  True  True  True  True  True  True
  True  True  True  True  True  True  True  True  True  True  True  True
  True  True  True  True  True  True  True  True  True  True  True  True
  True  True  True  True  True  True  True  True  True  True  True  True
  True  True  True  True  True  True  True  True  True  True  True  True
  True  True  True  True  True  True  True  True  True  True  True  True
  True  True  True  True  True  True  True  True  True  True  True  True
  True  True  True  True  True  True  True  True  True  True  True  True
  True  True  True  True  True  True  True  True  True  True  True  True
  True  True  True  True  True  True  True  True  True  True  True  True
  True  True  True  True  True  True  True  True  True  True  True  True
  True  True  True  True  True  True  True  True  True  True  True  True
  True  True  True  True  True  True  True  True  True  True  True  True
  True  True  True  True  True  True  True  True  True  True  True  True
  True  True  True  True  True  True  True  True  True  True  True  True
  True  True  True  True  True  True  True  True  True  True  True  True
  True  True  True  True  True  True  True  True  True  True  True  True
  True  True  True  True  True  True  True  True  True  True  True  True
  True  True  True  True  True  True  True  True  True  True  True  True
  True  True  True  True  True  True  True  True  True  True  True  True
  True  True  True  True  True  True  True  True  True  True  True  True
  True  True  True  True  True  True  True  True  True  True  True  True
  True  True  True  True  True  True  True  True  True  True  True  True
  True  True  True  True  True  True  True  True  True  True  True  True
  True  True  True  True  True  True  True  True  True  True  True  True
  True  True  True  True  True  True  True  True  True  True  True  True
  True  True  True  True  True  True  True  True  True  True  True  True
  True  True  True  True  True  True  True  True  True  True  True  True
  True  True  True  True  True  True  True  True  True  True  True  True
  True  True  True  True  True  True  True  True  True  True  True  True
  True  True  True  True  True  True  True  True  True  True  True  True
  True  True  True  True  True]
段内真实异常时间点索引 (相对段内): [  0   1   2   3   4   5   6   7   8   9  10  11  12  13  14  15  16  17
  18  19  20  21  22  23  24  25  26  27  28  29  30  31  32  33  34  35
  36  37  38  39  40  41  42  43  44  45  46  47  48  49  50  51  52  53
  54  55  56  57  58  59  60  61  62  63  64  65  66  67  68  69  70  71
  72  73  74  75  76  77  78  79  80  81  82  83  84  85  86  87  88  89
  90  91  92  93  94  95  96  97  98  99 100 101 102 103 104 105 106 107
 108 109 110 111 112 113 114 115 116 117 118 119 120 121 122 123 124 125
 126 127 128 129 130 131 132 133 134 135 136 137 138 139 140 141 142 143
 144 145 146 147 148 149 150 151 152 153 154 155 156 157 158 159 160 161
 162 163 164 165 166 167 168 169 170 171 172 173 174 175 176 177 178 179
 180 181 182 183 184 185 186 187 188 189 190 191 192 193 194 195 196 197
 198 199 200 201 202 203 204 205 206 207 208 209 210 211 212 213 214 215
 216 217 218 219 220 221 222 223 224 225 226 227 228 229 230 231 232 233
 234 235 236 237 238 239 240 241 242 243 244 245 246 247 248 249 250 251
 252 253 254 255 256 257 258 259 260 261 262 263 264 265 266 267 268 269
 270 271 272 273 274 275 276 277 278 279 280 281 282 283 284 285 286 287
 288 289 290 291 292 293 294 295 296 297 298 299 300 301 302 303 304 305
 306 307 308 309 310 311 312 313 314 315 316 317 318 319 320 321 322 323
 324 325 326 327 328 329 330 331 332 333 334 335 336 337 338 339 340 341
 342 343 344 345 346 347 348 349 350 351 352 353 354 355 356 357 358 359
 360 361 362 363 364 365 366 367 368 369 370 371 372 373 374 375 376 377
 378 379 380 381 382 383 384 385 386 387 388 389 390 391 392 393 394 395
 396 397 398 399 400]
段内是否有预测为异常的时间点: True
真实异常维度 (0-based): [0, 1, 2, 3, 5, 6, 9, 10, 15, 18, 19, 20, 21, 22, 23, 24, 25, 27, 29, 30, 31]
段内检测到的异常时间点索引 (相对段内): [  0   1   2   3   4   5   6   7   8   9  10  11  12  13  14  15  16  17
  18  19  20  21  22  23  24  25  26  27  28  29  30  31  32  33  34  35
  36  37  38  39  40  41  42  43  44  45  46  47  48  49  50  51  52  53
  54  55  56  57  58  59  60  61  62  63  64  65  66  67  68  69  70  71
  72  73  74  75  76  77  78  79  80  81  82  83  84  85  86  87  88  89
  90  91  92  93  94  95  96  97  98  99 100 101 102 103 104 105 106 107
 108 109 110 111 112 113 114 115 116 117 118 119 120 121 122 123 124 125
 126 127 128 129 130 131 132 133 134 135 136 137 138 139 140 141 142 143
 144 145 146 147 148 149 150 151 152 153 154 155 156 157 158 159 160 161
 162 163 164 165 166 167 168 169 170 171 172 173 174 175 176 177 178 179
 180 181 182 183 184 185 186 187 188 189 190 191 192 193 194 195 196 197
 198 199 200 201 202 203 204 205 206 207 208 209 210 211 212 213 214 215
 216 217 218 219 220 221 222 223 224 225 226 227 228 229 230 231 232 233
 234 235 236 237 238 239 240 241 242 243 244 245 246 247 248 249 250 251
 252 253 254 255 256 257 258 259 260 261 262 263 264 265 266 267 268 269
 270 271 272 273 274 275 276 277 278 279 280 281 282 283 284 285 286 287
 288 289 290 291 292 293 294 295 296 297 298 299 300 301 302 303 304 305
 306 307 308 309 310 311 312 313 314 315 316 317 318 319 320 321 322 323
 324 325 326 327 328 329 330 331 332 333 334 335 336 337 338 339 340 341
 342 343 344 345 346 347 348 349 350 351 352 353 354 355 356 357 358 359
 360 361 362 363 364 365 366 367 368 369 370 371 372 373 374 375 376 377
 378 379 380 381 382 383 384 385 386 387 388 389 390 391 392 393 394 395
 396 397 398 399 400]
推断的异常维度 (0-based): [0, 1, 2, 3, 4, 5, 6, 7, 8, 9, 10, 11, 12, 13, 14, 15, 16, 17, 18, 19, 20, 21, 22, 23, 24, 25, 26, 27, 28, 29, 30, 31, 32, 33, 34, 35, 36, 37]
真实与推断的交集: [0, 1, 2, 3, 5, 6, 9, 10, 15, 18, 19, 20, 21, 22, 23, 24, 25, 27, 29, 30, 31]
段内指标: TP=21, FP=17, FN=0, TN=0, IPS=1.0000

=== 处理第 18/20 段 ===
段范围: start=19305, end=19641
段内真实标签 (seg_true): [1. 1. 1. 1. 1. 1. 1. 1. 1. 1. 1. 1. 1. 1. 1. 1. 1. 1. 1. 1. 1. 1. 1. 1.
 1. 1. 1. 1. 1. 1. 1. 1. 1. 1. 1. 1. 1. 1. 1. 1. 1. 1. 1. 1. 1. 1. 1. 1.
 1. 1. 1. 1. 1. 1. 1. 1. 1. 1. 1. 1. 1. 1. 1. 1. 1. 1. 1. 1. 1. 1. 1. 1.
 1. 1. 1. 1. 1. 1. 1. 1. 1. 1. 1. 1. 1. 1. 1. 1. 1. 1. 1. 1. 1. 1. 1. 1.
 1. 1. 1. 1. 1. 1. 1. 1. 1. 1. 1. 1. 1. 1. 1. 1. 1. 1. 1. 1. 1. 1. 1. 1.
 1. 1. 1. 1. 1. 1. 1. 1. 1. 1. 1. 1. 1. 1. 1. 1. 1. 1. 1. 1. 1. 1. 1. 1.
 1. 1. 1. 1. 1. 1. 1. 1. 1. 1. 1. 1. 1. 1. 1. 1. 1. 1. 1. 1. 1. 1. 1. 1.
 1. 1. 1. 1. 1. 1. 1. 1. 1. 1. 1. 1. 1. 1. 1. 1. 1. 1. 1. 1. 1. 1. 1. 1.
 1. 1. 1. 1. 1. 1. 1. 1. 1. 1. 1. 1. 1. 1. 1. 1. 1. 1. 1. 1. 1. 1. 1. 1.
 1. 1. 1. 1. 1. 1. 1. 1. 1. 1. 1. 1. 1. 1. 1. 1. 1. 1. 1. 1. 1. 1. 1. 1.
 1. 1. 1. 1. 1. 1. 1. 1. 1. 1. 1. 1. 1. 1. 1. 1. 1. 1. 1. 1. 1. 1. 1. 1.
 1. 1. 1. 1. 1. 1. 1. 1. 1. 1. 1. 1. 1. 1. 1. 1. 1. 1. 1. 1. 1. 1. 1. 1.
 1. 1. 1. 1. 1. 1. 1. 1. 1. 1. 1. 1. 1. 1. 1. 1. 1. 1. 1. 1. 1. 1. 1. 1.
 1. 1. 1. 1. 1. 1. 1. 1. 1. 1. 1. 1. 1. 1. 1. 1. 1. 1. 1. 1. 1. 1. 1. 1.
 1.]
段内预测标签 (seg_pred): [False False False False False False False False False False False False
 False False False False False False False False False False False False
 False False False False False False False False False False False False
 False False False False False False False False False False False False
 False False False False False False False False False False False False
 False False False False False False False False False False False False
 False False False False False False False False False False False False
 False False False False False False False False False False False False
 False False False False False False False False False False False False
 False False False False False False False False False False False False
 False False False False False False False False False False False False
 False False False False False False False False False False False False
 False False False False False False False False False False False False
 False False False False False False False False False False False False
 False False False False False False False False False False False False
 False False False False False False False False False False False False
 False False False False False False False False False False False False
 False False False False False False False False False False False False
 False False False False False False False False False False False False
 False False False False False False False False False False False False
 False False False False False False False False False False False False
 False False False False False False False False False False False False
 False False False False False False False False False False False False
 False False False False False False False False False False False False
 False False False False False False False False False False False False
 False False False False False False False False False False False False
 False False False False False False False False False False False False
 False False False False False False False False False False False False
 False]
段内真实异常时间点索引 (相对段内): [  0   1   2   3   4   5   6   7   8   9  10  11  12  13  14  15  16  17
  18  19  20  21  22  23  24  25  26  27  28  29  30  31  32  33  34  35
  36  37  38  39  40  41  42  43  44  45  46  47  48  49  50  51  52  53
  54  55  56  57  58  59  60  61  62  63  64  65  66  67  68  69  70  71
  72  73  74  75  76  77  78  79  80  81  82  83  84  85  86  87  88  89
  90  91  92  93  94  95  96  97  98  99 100 101 102 103 104 105 106 107
 108 109 110 111 112 113 114 115 116 117 118 119 120 121 122 123 124 125
 126 127 128 129 130 131 132 133 134 135 136 137 138 139 140 141 142 143
 144 145 146 147 148 149 150 151 152 153 154 155 156 157 158 159 160 161
 162 163 164 165 166 167 168 169 170 171 172 173 174 175 176 177 178 179
 180 181 182 183 184 185 186 187 188 189 190 191 192 193 194 195 196 197
 198 199 200 201 202 203 204 205 206 207 208 209 210 211 212 213 214 215
 216 217 218 219 220 221 222 223 224 225 226 227 228 229 230 231 232 233
 234 235 236 237 238 239 240 241 242 243 244 245 246 247 248 249 250 251
 252 253 254 255 256 257 258 259 260 261 262 263 264 265 266 267 268 269
 270 271 272 273 274 275 276 277 278 279 280 281 282 283 284 285 286 287
 288 289 290 291 292 293 294 295 296 297 298 299 300 301 302 303 304 305
 306 307 308 309 310 311 312 313 314 315 316 317 318 319 320 321 322 323
 324 325 326 327 328 329 330 331 332 333 334 335 336]
段内是否有预测为异常的时间点: False
真实异常维度 (0-based): [0, 8, 9, 11, 12, 13]
段内检测到的异常时间点索引 (相对段内): []
未检测到任何异常点，尝试从特征分数中推断异常维度
推断的异常维度 (0-based): [4, 7, 17, 28, 33, 36, 37]
真实与推断的交集: []
段内指标: TP=0, FP=7, FN=6, TN=25, IPS=0.0000

=== 处理第 19/20 段 ===
段范围: start=20745, end=20754
段内真实标签 (seg_true): [1. 1. 1. 1. 1. 1. 1. 1. 1. 1.]
段内预测标签 (seg_pred): [False False False False False False False False False False]
段内真实异常时间点索引 (相对段内): [0 1 2 3 4 5 6 7 8 9]
段内是否有预测为异常的时间点: False
真实异常维度 (0-based): [0, 8, 12, 13, 32]
段内检测到的异常时间点索引 (相对段内): []
未检测到任何异常点，尝试从特征分数中推断异常维度
推断的异常维度 (0-based): [4, 7, 28, 36, 37]
真实与推断的交集: []
段内指标: TP=0, FP=5, FN=5, TN=28, IPS=0.0000

=== 处理第 20/20 段 ===
段范围: start=22185, end=22194
段内真实标签 (seg_true): [1. 1. 1. 1. 1. 1. 1. 1. 1. 1.]
段内预测标签 (seg_pred): [False False False False False False False False False False]
段内真实异常时间点索引 (相对段内): [0 1 2 3 4 5 6 7 8 9]
段内是否有预测为异常的时间点: False
真实异常维度 (0-based): [8, 12, 13, 32]
段内检测到的异常时间点索引 (相对段内): []
未检测到任何异常点，尝试从特征分数中推断异常维度
推断的异常维度 (0-based): [4, 17, 28, 36]
真实与推断的交集: []
段内指标: TP=0, FP=4, FN=4, TN=30, IPS=0.0000

=== 汇总指标 ===
总 TP: 21, 总 TN: 584, 总 FP: 88, 总 FN: 67
平均 IPS: 0.2367, Precision: 0.1927, Recall: 0.2386, F1: 0.2132
每段IPS与混淆: [{'start': 913, 'end': 916, 'TP': 0, 'TN': 28, 'FP': 5, 'FN': 5, 'IPS': 0.0, 'k_selected': 5, 'gt_dims_count': 5}, {'start': 1999, 'end': 2002, 'TP': 0, 'TN': 34, 'FP': 2, 'FN': 2, 'IPS': 0.0, 'k_selected': 2, 'gt_dims_count': 2}, {'start': 3439, 'end': 3442, 'TP': 0, 'TN': 32, 'FP': 3, 'FN': 3, 'IPS': 0.0, 'k_selected': 3, 'gt_dims_count': 3}, {'start': 4477, 'end': 4479, 'TP': 0, 'TN': 34, 'FP': 2, 'FN': 2, 'IPS': 0.0, 'k_selected': 2, 'gt_dims_count': 2}, {'start': 4877, 'end': 4880, 'TP': 0, 'TN': 32, 'FP': 3, 'FN': 3, 'IPS': 0.0, 'k_selected': 3, 'gt_dims_count': 3}, {'start': 5000, 'end': 5280, 'TP': 0, 'TN': 27, 'FP': 6, 'FN': 5, 'IPS': 0.0, 'k_selected': 5, 'gt_dims_count': 5}, {'start': 6317, 'end': 6319, 'TP': 0, 'TN': 32, 'FP': 3, 'FN': 3, 'IPS': 0.0, 'k_selected': 3, 'gt_dims_count': 3}, {'start': 7757, 'end': 7759, 'TP': 0, 'TN': 32, 'FP': 3, 'FN': 3, 'IPS': 0.0, 'k_selected': 3, 'gt_dims_count': 3}, {'start': 9197, 'end': 9200, 'TP': 0, 'TN': 35, 'FP': 2, 'FN': 1, 'IPS': 0.0, 'k_selected': 1, 'gt_dims_count': 1}, {'start': 9374, 'end': 9405, 'TP': 0, 'TN': 36, 'FP': 1, 'FN': 1, 'IPS': 0.0, 'k_selected': 1, 'gt_dims_count': 1}, {'start': 10637, 'end': 10639, 'TP': 0, 'TN': 32, 'FP': 3, 'FN': 3, 'IPS': 0.0, 'k_selected': 3, 'gt_dims_count': 3}, {'start': 12077, 'end': 12079, 'TP': 0, 'TN': 32, 'FP': 3, 'FN': 3, 'IPS': 0.0, 'k_selected': 3, 'gt_dims_count': 3}, {'start': 13512, 'end': 13540, 'TP': 0, 'TN': 32, 'FP': 3, 'FN': 3, 'IPS': 0.0, 'k_selected': 3, 'gt_dims_count': 3}, {'start': 14957, 'end': 14959, 'TP': 0, 'TN': 32, 'FP': 3, 'FN': 3, 'IPS': 0.0, 'k_selected': 3, 'gt_dims_count': 3}, {'start': 16426, 'end': 16596, 'TP': 0, 'TN': 26, 'FP': 6, 'FN': 6, 'IPS': 0.0, 'k_selected': 6, 'gt_dims_count': 6}, {'start': 17866, 'end': 18250, 'TP': 0, 'TN': 25, 'FP': 7, 'FN': 6, 'IPS': 0.0, 'k_selected': 6, 'gt_dims_count': 6}, {'start': 18480, 'end': 18880, 'TP': 21, 'TN': 0, 'FP': 17, 'FN': 0, 'IPS': 1.0, 'k_selected': 21, 'gt_dims_count': 21}, {'start': 19305, 'end': 19641, 'TP': 0, 'TN': 25, 'FP': 7, 'FN': 6, 'IPS': 0.0, 'k_selected': 6, 'gt_dims_count': 6}, {'start': 20745, 'end': 20754, 'TP': 0, 'TN': 28, 'FP': 5, 'FN': 5, 'IPS': 0.0, 'k_selected': 5, 'gt_dims_count': 5}, {'start': 22185, 'end': 22194, 'TP': 0, 'TN': 30, 'FP': 4, 'FN': 4, 'IPS': 0.0, 'k_selected': 4, 'gt_dims_count': 4}]
总和: {'TP': 21, 'TN': 584, 'FP': 88, 'FN': 67, 'IPS': 0.23671782762691854, 'precision': 0.1926605504587156, 'recall': 0.23863636363636365, 'F1': 0.21319796954314724}
test end time:  2025-06-12 22:45:36
test time:  305.9801962375641
==============================result==============================
{'FN': 32.0,
 'FP': 3.0,
 'TN': 21893.0,
 'TP': 1662.0,
 'best-f1': 0.9895752267178035,
 'best_valid_loss': -63.40226276430915,
 'latency': 12.105199446318704,
 'pot-FN': 1109.0,
 'pot-FP': 0.0,
 'pot-TN': 21896.0,
 'pot-TP': 585.0,
 'pot-f1': 0.5133792422500445,
 'pot-latency': 30.16616389726838,
 'pot-precision': 0.9999999829059832,
 'pot-recall': 0.345336479661532,
 'pot-threshold': -1448.9075042069508,
 'precision': 0.9981981922030139,
 'pred_time': 0.3085682164814513,
 'pred_total_time': 145.9511580467224,
 'recall': 0.9811097934999422,
 'segment_results': [{'FN': 5,
                      'FP': 5,
                      'IPS': 0.0,
                      'TN': 28,
                      'TP': 0,
                      'end': 916,
                      'gt_dims_count': 5,
                      'k_selected': 5,
                      'start': 913},
                     {'FN': 2,
                      'FP': 2,
                      'IPS': 0.0,
                      'TN': 34,
                      'TP': 0,
                      'end': 2002,
                      'gt_dims_count': 2,
                      'k_selected': 2,
                      'start': 1999},
                     {'FN': 3,
                      'FP': 3,
                      'IPS': 0.0,
                      'TN': 32,
                      'TP': 0,
                      'end': 3442,
                      'gt_dims_count': 3,
                      'k_selected': 3,
                      'start': 3439},
                     {'FN': 2,
                      'FP': 2,
                      'IPS': 0.0,
                      'TN': 34,
                      'TP': 0,
                      'end': 4479,
                      'gt_dims_count': 2,
                      'k_selected': 2,
                      'start': 4477},
                     {'FN': 3,
                      'FP': 3,
                      'IPS': 0.0,
                      'TN': 32,
                      'TP': 0,
                      'end': 4880,
                      'gt_dims_count': 3,
                      'k_selected': 3,
                      'start': 4877},
                     {'FN': 5,
                      'FP': 6,
                      'IPS': 0.0,
                      'TN': 27,
                      'TP': 0,
                      'end': 5280,
                      'gt_dims_count': 5,
                      'k_selected': 5,
                      'start': 5000},
                     {'FN': 3,
                      'FP': 3,
                      'IPS': 0.0,
                      'TN': 32,
                      'TP': 0,
                      'end': 6319,
                      'gt_dims_count': 3,
                      'k_selected': 3,
                      'start': 6317},
                     {'FN': 3,
                      'FP': 3,
                      'IPS': 0.0,
                      'TN': 32,
                      'TP': 0,
                      'end': 7759,
                      'gt_dims_count': 3,
                      'k_selected': 3,
                      'start': 7757},
                     {'FN': 1,
                      'FP': 2,
                      'IPS': 0.0,
                      'TN': 35,
                      'TP': 0,
                      'end': 9200,
                      'gt_dims_count': 1,
                      'k_selected': 1,
                      'start': 9197},
                     {'FN': 1,
                      'FP': 1,
                      'IPS': 0.0,
                      'TN': 36,
                      'TP': 0,
                      'end': 9405,
                      'gt_dims_count': 1,
                      'k_selected': 1,
                      'start': 9374},
                     {'FN': 3,
                      
'FP': 3,
                      'IPS': 0.0,
                      'TN': 32,
                      'TP': 0,
                      'end': 10639,
                      'gt_dims_count': 3,
                      'k_selected': 3,
                      'start': 10637},
                     {'FN': 3,
                      'FP': 3,
                      'IPS': 0.0,
                      'TN': 32,
                      'TP': 0,
                      'end': 12079,
                      'gt_dims_count': 3,
                      'k_selected': 3,
                      'start': 12077},
                     {'FN': 3,
                      'FP': 3,
                      'IPS': 0.0,
                      'TN': 32,
                      'TP': 0,
                      'end': 13540,
                      'gt_dims_count': 3,
                      'k_selected': 3,
                      'start': 13512},
                     {'FN': 3,
                      'FP': 3,
                      'IPS': 0.0,
                      'TN': 32,
                      'TP': 0,
                      'end': 14959,
                      'gt_dims_count': 3,
                      'k_selected': 3,
                      'start': 14957},
                     {'FN': 6,
                      'FP': 6,
                      'IPS': 0.0,
                      'TN': 26,
                      'TP': 0,
                      'end': 16596,
                      'gt_dims_count': 6,
                      'k_selected': 6,
                      'start': 16426},
                     {'FN': 6,
                      'FP': 7,
                      'IPS': 0.0,
                      'TN': 25,
                      'TP': 0,
                      'end': 18250,
                      'gt_dims_count': 6,
                      'k_selected': 6,
                      'start': 17866},
                     {'FN': 0,
                      'FP': 17,
                      'IPS': 1.0,
                      'TN': 0,
                      'TP': 21,
                      'end': 18880,
                      'gt_dims_count': 21,
                      'k_selected': 21,
                      'start': 18480},
                     {'FN': 6,
                      'FP': 7,
                      'IPS': 0.0,
                      'TN': 25,
                      'TP': 0,
                      'end': 19641,
                      'gt_dims_count': 6,
                      'k_selected': 6,
                      'start': 19305},
                     {'FN': 5,
                      'FP': 5,
                      'IPS': 0.0,
                      'TN': 28,
                      'TP': 0,
                      'end': 20754,
                      'gt_dims_count': 5,
                      'k_selected': 5,
                      'start': 20745},
                     {'FN': 4,
                      'FP': 4,
                      'IPS': 0.0,
                      'TN': 30,
                      'TP': 0,
                      'end': 22194,
                      'gt_dims_count': 4,
                      'k_selected': 4,
                      'start': 22185}],
 'segment_summary': {'F1': 0.21319796954314724,
                     'FN': 67,
                     'FP': 88,
                     'IPS': 0.23671782762691854,
                     'TN': 584,
                     'TP': 21,
                     'precision': 0.1926605504587156,
                     'recall': 0.23863636363636365},
 'threshold': -135.0,
 'train_time': 330.89405710697173,
 'valid_time': 0.3077997830002866}
