2025-06-12 16:58:38.306885: I tensorflow/core/platform/cpu_feature_guard.cc:141] Your CPU supports instructions that this TensorFlow binary was not compiled to use: AVX2 AVX512F FMA
Configurations
===========================================
{'batch_size': 50,
 'bf_search_max': 400.0,
 'bf_search_min': -400.0,
 'bf_search_step_size': 1.0,
 'dataset': 'machine-1-6',
 'dense_dim': 500,
 'early_stop': True,
 'get_score_on_dim': True,
 'gradient_clip_norm': 10.0,
 'initial_lr': 0.001,
 'l2_reg': 0.0001,
 'level': 0.0001,
 'lr_anneal_epoch_freq': 40,
 'lr_anneal_factor': 0.5,
 'lr_anneal_step_freq': None,
 'max_epoch': 10,
 'max_test_size': None,
 'max_train_size': None,
 'nf_layers': 20,
 'posterior_flow_type': 'nf',
 'restore_dir': None,
 'result_dir': 'result',
 'rnn_cell': 'GRU',
 'rnn_num_hidden': 500,
 'save_dir': 'model',
 'save_z': False,
 'std_epsilon': 0.0001,
 'test_batch_size': 50,
 'test_n_z': 1,
 'test_score_filename': 'test_score.pkl',
 'test_start': 0,
 'train_score_filename': 'train_score.pkl',
 'train_start': 0,
 'use_connected_z_p': True,
 'use_connected_z_q': True,
 'valid_step_freq': 100,
 'window_length': 100,
 'x_dim': 38,
 'z_dim': 3}

train start time:  2025-06-12 16:58:20
load data of: machine-1-6
train:  0 None
test:  0 None
Data normalized
Data normalized
train set shape:  (23688, 38)
test set shape:  (23689, 38)
test set label shape:  (23689,)
Trainable Parameters                                            (2,607,740 in total)
------------------------------------------------------------------------------------
model/q_z_given_x/rnn_q_z/rnn/gru_cell/gates/kernel             (538, 1000)  538,000
model/q_z_given_x/rnn_q_z/rnn/gru_cell/gates/bias               (1000,)        1,000
model/q_z_given_x/rnn_q_z/rnn/gru_cell/candidate/kernel         (538, 500)   269,000
model/q_z_given_x/rnn_q_z/rnn/gru_cell/candidate/bias           (500,)           500
model/q_z_given_x/rnn_q_z/dense/kernel                          (500, 500)   250,000
model/q_z_given_x/rnn_q_z/dense/bias                            (500,)           500
model/q_z_given_x/rnn_q_z/dense_1/kernel                        (500, 500)   250,000
model/q_z_given_x/rnn_q_z/dense_1/bias                          (500,)           500
model/vae/variational/z_mean/kernel                             (503, 3)       1,509
model/vae/variational/z_mean/bias                               (3,)               3
model/vae/variational/z_std/kernel                              (503, 3)       1,509
model/vae/variational/z_std/bias                                (3,)               3
model/posterior_flow/_0/w                                       (1, 3)             3
model/posterior_flow/_0/b                                       (1,)               1
model/posterior_flow/_0/u                                       (1, 3)             3
model/posterior_flow/_1/w                                       (1, 3)             3
model/posterior_flow/_1/b                                       (1,)               1
model/posterior_flow/_1/u                                       (1, 3)             3
model/posterior_flow/_2/w                                       (1, 3)             3
model/posterior_flow/_2/b                                       (1,)               1
model/posterior_flow/_2/u                                       (1, 3)             3
model/posterior_flow/_3/w                                       (1, 3)             3
model/posterior_flow/_3/b                                       (1,)               1
model/posterior_flow/_3/u                                       (1, 3)             3
model/posterior_flow/_4/w                                       (1, 3)             3
model/posterior_flow/_4/b                                       (1,)               1
model/posterior_flow/_4/u                                       (1, 3)             3
model/posterior_flow/_5/w                                       (1, 3)             3
model/posterior_flow/_5/b                                       (1,)               1
model/posterior_flow/_5/u                                       (1, 3)             3
model/posterior_flow/_6/w                                       (1, 3)             3
model/posterior_flow/_6/b                                       (1,)               1
model/posterior_flow/_6/u                                       (1, 3)             3
model/posterior_flow/_7/w                                       (1, 3)             3
model/posterior_flow/_7/b                                       (1,)               1
model/posterior_flow/_7/u                                       (1, 3)             3
model/posterior_flow/_8/w                                       (1, 3)             3
model/posterior_flow/_8/b                                       (1,)               1
model/posterior_flow/_8/u                                       (1, 3)             3
model/posterior_flow/_9/w                                       (1, 3)             3
model/posterior_flow/_9/b                                       (1,)               1
model/posterior_flow/_9/u                                       (1, 3)             3
model/posterior_flow/_10/w                                      (1, 3)             3
model/posterior_flow/_10/b                                      (1,)               1
model/posterior_flow/_10/u                                      (1, 3)             3
model/posterior_flow/_11/w                                      (1, 3)             3
model/posterior_flow/_11/b                                      (1,)               1
model/posterior_flow/_11/u                                      (1, 3)             3
model/posterior_flow/_12/w                                      (1, 3)             3
model/posterior_flow/_12/b                                      (1,)               1
model/posterior_flow/_12/u                                      (1, 3)             3
model/posterior_flow/_13/w                                      (1, 3)             3
model/posterior_flow/_13/b                                      (1,)               1
model/posterior_flow/_13/u                                      (1, 3)             3
model/posterior_flow/_14/w                                      (1, 3)             3
model/posterior_flow/_14/b                                      (1,)               1
model/posterior_flow/_14/u                                      (1, 3)             3
model/posterior_flow/_15/w                                      (1, 3)             3
model/posterior_flow/_15/b                                      (1,)               1
model/posterior_flow/_15/u                                      (1, 3)             3
model/posterior_flow/_16/w                                      (1, 3)             3
model/posterior_flow/_16/b                                      (1,)               1
model/posterior_flow/_16/u                                      (1, 3)             3
model/posterior_flow/_17/w                                      (1, 3)             3
model/posterior_flow/_17/b                                      (1,)               1
model/posterior_flow/_17/u                                      (1, 3)             3
model/posterior_flow/_18/w                                      (1, 3)             3
model/posterior_flow/_18/b                                      (1,)               1
model/posterior_flow/_18/u                                      (1, 3)             3
model/posterior_flow/_19/w                                      (1, 3)             3
model/posterior_flow/_19/b                                      (1,)               1
model/posterior_flow/_19/u                                      (1, 3)             3
model/p_x_given_z/hidden/rnn_p_x/rnn/gru_cell/gates/kernel      (503, 1000)  503,000
model/p_x_given_z/hidden/rnn_p_x/rnn/gru_cell/gates/bias        (1000,)        1,000
model/p_x_given_z/hidden/rnn_p_x/rnn/gru_cell/candidate/kernel  (503, 500)   251,500
model/p_x_given_z/hidden/rnn_p_x/rnn/gru_cell/candidate/bias    (500,)           500
model/p_x_given_z/hidden/rnn_p_x/dense/kernel                   (500, 500)   250,000
model/p_x_given_z/hidden/rnn_p_x/dense/bias                     (500,)           500
model/p_x_given_z/hidden/rnn_p_x/dense_1/kernel                 (500, 500)   250,000
model/p_x_given_z/hidden/rnn_p_x/dense_1/bias                   (500,)           500
model/p_x_given_z/x_mean/kernel                                 (500, 38)     19,000
model/p_x_given_z/x_mean/bias                                   (38,)             38
model/p_x_given_z/x_std/kernel                                  (500, 38)     19,000
model/p_x_given_z/x_std/bias                                    (38,)             38/home/hz/anaconda3/envs/py36/lib/python3.6/site-packages/tensorflow/python/framework/dtypes.py:523: FutureWarning: Passing (type, 1) or '1type' as a synonym of type is deprecated; in a future version of numpy, it will be understood as (type, (1,)) / '(1,)type'.
  _np_qint8 = np.dtype([("qint8", np.int8, 1)])
/home/hz/anaconda3/envs/py36/lib/python3.6/site-packages/tensorflow/python/framework/dtypes.py:524: FutureWarning: Passing (type, 1) or '1type' as a synonym of type is deprecated; in a future version of numpy, it will be understood as (type, (1,)) / '(1,)type'.
  _np_quint8 = np.dtype([("quint8", np.uint8, 1)])
/home/hz/anaconda3/envs/py36/lib/python3.6/site-packages/tensorflow/python/framework/dtypes.py:525: FutureWarning: Passing (type, 1) or '1type' as a synonym of type is deprecated; in a future version of numpy, it will be understood as (type, (1,)) / '(1,)type'.
  _np_qint16 = np.dtype([("qint16", np.int16, 1)])
/home/hz/anaconda3/envs/py36/lib/python3.6/site-packages/tensorflow/python/framework/dtypes.py:526: FutureWarning: Passing (type, 1) or '1type' as a synonym of type is deprecated; in a future version of numpy, it will be understood as (type, (1,)) / '(1,)type'.
  _np_quint16 = np.dtype([("quint16", np.uint16, 1)])
/home/hz/anaconda3/envs/py36/lib/python3.6/site-packages/tensorflow/python/framework/dtypes.py:527: FutureWarning: Passing (type, 1) or '1type' as a synonym of type is deprecated; in a future version of numpy, it will be understood as (type, (1,)) / '(1,)type'.
  _np_qint32 = np.dtype([("qint32", np.int32, 1)])
/home/hz/anaconda3/envs/py36/lib/python3.6/site-packages/tensorflow/python/framework/dtypes.py:532: FutureWarning: Passing (type, 1) or '1type' as a synonym of type is deprecated; in a future version of numpy, it will be understood as (type, (1,)) / '(1,)type'.
  np_resource = np.dtype([("resource", np.ubyte, 1)])
/home/hz/anaconda3/envs/py36/lib/python3.6/site-packages/tfsnippet/utils/tfver.py:22: DeprecationWarning: Function 'semver.compare' is deprecated. Deprecated since version 2.10.0.  This function will be removed in semver 3. Use the respective 'semver.VersionInfo.compare' instead.
  compare_result = semver.compare(version, tf.__version__)
/home/hz/anaconda3/envs/py36/lib/python3.6/site-packages/tfsnippet/utils/tfver.py:22: DeprecationWarning: Function 'semver.compare' is deprecated. Deprecated since version 2.10.0.  This function will be removed in semver 3. Use the respective 'semver.VersionInfo.compare' instead.
  compare_result = semver.compare(version, tf.__version__)
INFO:tensorflow:Restoring parameters from /tmp/tmpvkxt5yvh/variables.dat-2900
2025-06-12 17:48:35,107 [INFO] tensorflow: Restoring parameters from /tmp/tmpvkxt5yvh/variables.dat-2900


train_values: (16582, 38)
[Epoch 1/10, Step 100] step time: 1.162s (±4.823s); train time: 1m 10.97s; valid time: 45.28s; loss: 95.51 (±1075.98); valid loss: -31.6334 (*)
[Epoch 1/10, Step 200] step time: 0.9253s (±4.053s); train time: 51.81s; valid time: 40.77s; loss: -45.3693 (±4.60654); valid loss: -42.9311 (*)
[Epoch 1/10, Step 300] step time: 0.9255s (±4.035s); train time: 52.07s; valid time: 40.53s; loss: -48.1286 (±2.7055); valid loss: -47.4917 (*)
train_values: (16582, 38)
[Epoch 2/10, Step 400, ETA 47m 10.99s] step time: 0.903s (±3.908s); train time: 36.22s; valid time: 39.29s; loss: -50.3977 (±3.90946); valid loss: -45.2222
[Epoch 2/10, Step 500, ETA 44m 52.21s] step time: 0.9059s (±3.925s); train time: 51.18s; valid time: 39.46s; loss: -51.4731 (±3.9073); valid loss: -46.1481
[Epoch 2/10, Step 600, ETA 42m 49.79s] step time: 0.9066s (±3.918s); train time: 51.33s; valid time: 39.38s; loss: -51.703 (±3.29421); valid loss: -33.5281
train_values: (16582, 38)
[Epoch 3/10, Step 700, ETA 41m 3.536s] step time: 0.9255s (±4.061s); train time: 21.74s; valid time: 40.83s; loss: -51.1034 (±3.76283); valid loss: -48.3199 (*)
[Epoch 3/10, Step 800, ETA 39m 12.32s] step time: 0.8989s (±3.886s); train time: 50.86s; valid time: 39.08s; loss: -54.2405 (±3.24949); valid loss: -45.3739
[Epoch 3/10, Step 900, ETA 37m 31.8s] step time: 0.9214s (±4.059s); train time: 51.36s; valid time: 40.83s; loss: -54.5163 (±3.05224); valid loss: -49.7485 (*)
train_values: (16582, 38)
[Epoch 4/10, Step 1000, ETA 35m 48.82s] step time: 0.9031s (±3.885s); train time: 6.517s; valid time: 39.05s; loss: -52.4875 (±5.85922); valid loss: -45.0954
[Epoch 4/10, Step 1100, ETA 34m 8.233s] step time: 0.9039s (±3.896s); train time: 51.32s; valid time: 39.13s; loss: -52.4726 (±6.32669); valid loss: -46.9041
[Epoch 4/10, Step 1200, ETA 32m 29.03s] step time: 0.9021s (±3.892s); train time: 51.18s; valid time: 39.08s; loss: -52.8539 (±4.79203); valid loss: -46.918
[Epoch 4/10, Step 1300, ETA 30m 49.76s] step time: 0.8927s (±3.864s); train time: 50.53s; valid time: 38.8s; loss: -53.3466 (±4.3536); valid loss: -47.6476
train_values: (16582, 38)
[Epoch 5/10, Step 1400, ETA 29m 17.73s] step time: 0.9356s (±4.182s); train time: 43.53s; valid time: 42s; loss: -52.9395 (±9.50054); valid loss: -50.7534 (*)
[Epoch 5/10, Step 1500, ETA 27m 45.84s] step time: 0.9388s (±4.04s); train time: 53.34s; valid time: 40.6s; loss: -56.3284 (±3.12331); valid loss: -48.3083
[Epoch 5/10, Step 1600, ETA 26m 15.6s] step time: 0.9568s (±4.195s); train time: 53.56s; valid time: 42.17s; loss: -56.1439 (±2.92769); valid loss: -52.6645 (*)
train_values: (16582, 38)
[Epoch 6/10, Step 1700, ETA 24m 42.48s] step time: 0.9327s (±4.076s); train time: 28.55s; valid time: 40.97s; loss: -57.478 (±2.71189); valid loss: -55.3655 (*)
[Epoch 6/10, Step 1800, ETA 23m 7.006s] step time: 0.9048s (±3.898s); train time: 51.33s; valid time: 39.2s; loss: -59.2746 (±3.2651); valid loss: -46.8508
[Epoch 6/10, Step 1900, ETA 21m 31.07s] step time: 0.8914s (±3.837s); train time: 50.63s; valid time: 38.56s; loss: -60.5863 (±2.63645); valid loss: -54.4161
train_values: (16582, 38)
[Epoch 7/10, Step 2000, ETA 19m 55.55s] step time: 0.8871s (±3.835s); train time: 13.01s; valid time: 38.54s; loss: -59.8787 (±3.67573); valid loss: -48.9283
[Epoch 7/10, Step 2100, ETA 18m 20.96s] step time: 0.8926s (±3.843s); train time: 50.68s; valid time: 38.63s; loss: -60.2971 (±2.98433); valid loss: -55.0988
[Epoch 7/10, Step 2200, ETA 16m 47.28s] step time: 0.9012s (±3.866s); train time: 51.36s; valid time: 38.81s; loss: -59.0274 (±4.40639); valid loss: -51.0789
[Epoch 7/10, Step 2300, ETA 15m 13.81s] step time: 0.8989s (±3.83s); train time: 51.46s; valid time: 38.49s; loss: -61.6657 (±2.56773); valid loss: -49.7022
train_values: (16582, 38)
[Epoch 8/10, Step 2400, ETA 13m 40.22s] step time: 0.8875s (±3.852s); train time: 48.6s; valid time: 38.69s; loss: -62.7642 (±3.40143); valid loss: -53.6279
[Epoch 8/10, Step 2500, ETA 12m 9.137s] step time: 0.9552s (±4.083s); train time: 54.59s; valid time: 40.98s; loss: -62.542 (±5.45667); valid loss: -59.1412 (*)
[Epoch 8/10, Step 2600, ETA 10m 36.65s] step time: 0.9152s (±3.962s); train time: 51.75s; valid time: 39.81s; loss: -63.9675 (±2.70111); valid loss: -53.5994
train_values: (16582, 38)
[Epoch 9/10, Step 2700, ETA 9m 4.188s] step time: 0.9131s (±3.944s); train time: 35.35s; valid time: 39.63s; loss: -64.323 (±4.28468); valid loss: -57.6016
[Epoch 9/10, Step 2800, ETA 7m 31.77s] step time: 0.9115s (±3.926s); train time: 51.73s; valid time: 39.47s; loss: -64.3142 (±3.42301); valid loss: -56.1359
[Epoch 9/10, Step 2900, ETA 5m 59.65s] step time: 0.927s (±4.107s); train time: 51.46s; valid time: 41.28s; loss: -63.9818 (±3.58331); valid loss: -59.1534 (*)
train_values: (16582, 38)
[Epoch 10/10, Step 3000, ETA 4m 27.3s] step time: 0.9082s (±3.923s); train time: 19.89s; valid time: 39.44s; loss: -65.6066 (±4.64366); valid loss: -55.8554
[Epoch 10/10, Step 3100, ETA 2m 55s] step time: 0.9008s (±3.921s); train time: 50.7s; valid time: 39.42s; loss: -64.0409 (±3.95576); valid loss: -46.5821
[Epoch 10/10, Step 3200, ETA 1m 22.85s] step time: 0.9056s (±3.955s); train time: 50.86s; valid time: 39.75s; loss: -64.0308 (±3.26633); valid loss: -53.1176
train end time:  2025-06-12 17:48:35
train time:  3014.824012517929
test start time:  2025-06-12 17:48:35
------------------------------ testing ------------------------------
test_score shape:  (23590, 38)
test_z shape:  (23590, 100, 6)
search range:  -400.0 400.0
cur thr:  -399.0 [0.9936564943107216, 0.993795519304571, 0.9935275054111987, 3684.0, 19859.0, 23.0, 24.0, 3.1999872000511997] [0.9936564943107216, 0.993795519304571, 0.9935275054111987, 3684.0, 19859.0, 23.0, 24.0, 3.1999872000511997] -399.0
cur thr:  -349.0 [0.9947453002295652, 0.993012628344497, 0.9964940641949998, 3695.0, 19856.0, 26.0, 13.0, 2.9259150892033734] [0.9948792192226573, 0.9932795672223667, 0.9964940641949998, 3695.0, 19857.0, 25.0, 13.0, 2.9259150892033734] -364.0
cur thr:  -299.0 [0.9951588878036429, 0.9914346868537615, 0.9989212486544734, 3704.0, 19850.0, 32.0, 4.0, 2.6896458977727664] [0.9955601096217601, 0.9922314465785388, 0.9989212486544734, 3704.0, 19853.0, 29.0, 4.0, 2.6896458977727664] -329.0
cur thr:  -249.0 [0.993690503867707, 0.9885241500172827, 0.9989212486544734, 3704.0, 19839.0, 43.0, 4.0, 2.5517153389126244] [0.9955601096217601, 0.9922314465785388, 0.9989212486544734, 3704.0, 19853.0, 29.0, 4.0, 2.6896458977727664] -329.0
cur thr:  -199.0 [0.9927583317810879, 0.9866808711063375, 0.9989212486544734, 3704.0, 19832.0, 50.0, 4.0, 2.4827500594825533] [0.9955601096217601, 0.9922314465785388, 0.9989212486544734, 3704.0, 19853.0, 29.0, 4.0, 2.6896458977727664] -329.0
cur thr:  -149.0 [0.9910317869827735, 0.9832758136892067, 0.9989212486544734, 3704.0, 19819.0, 63.0, 4.0, 2.4137847800524828] [0.9955601096217601, 0.9922314465785388, 0.9989212486544734, 3704.0, 19853.0, 29.0, 4.0, 2.6896458977727664] -329.0
cur thr:  -99.0 [0.9857568079835319, 0.9729445732257825, 0.9989212486544734, 3704.0, 19779.0, 103.0, 4.0, 0.17241319857517734] [0.9955601096217601, 0.9922314465785388, 0.9989212486544734, 3704.0, 19853.0, 29.0, 4.0, 2.6896458977727664] -329.0
cur thr:  -49.0 [0.9566065767732737, 0.9177403346934084, 0.9989212486544734, 3704.0, 19550.0, 332.0, 4.0, 0.1034479191451064] [0.9955601096217601, 0.9922314465785388, 0.9989212486544734, 3704.0, 19853.0, 29.0, 4.0, 2.6896458977727664] -329.0
cur thr:  1.0 [0.7825855561387578, 0.643278915173187, 0.9989212486544734, 3704.0, 17828.0, 2054.0, 4.0, 0.06896527943007093] [0.9955601096217601, 0.9922314465785388, 0.9989212486544734, 3704.0, 19853.0, 29.0, 4.0, 2.6896458977727664] -329.0
cur thr:  51.0 [0.3665844933148546, 0.22448484834879706, 0.9989212486544734, 3704.0, 7086.0, 12796.0, 4.0, 0.06896527943007093] [0.9955601096217601, 0.9922314465785388, 0.9989212486544734, 3704.0, 19853.0, 29.0, 4.0, 2.6896458977727664] -329.0
cur thr:  101.0 [0.2716659062414536, 0.1571852479198028, 0.9999999973031283, 3708.0, 0.0, 19882.0, 0.0, 0.0] [0.9955601096217601, 0.9922314465785388, 0.9989212486544734, 3704.0, 19853.0, 29.0, 4.0, 2.6896458977727664]  0%|          | 0/23590 [00:00<?, ?it/s]100%|██████████| 23590/23590 [00:00<00:00, 1362071.96it/s] -329.0
cur thr:  151.0 [0.2716659062414536, 0.1571852479198028, 0.9999999973031283, 3708.0, 0.0, 19882.0, 0.0, 0.0] [0.9955601096217601, 0.9922314465785388, 0.9989212486544734, 3704.0, 19853.0, 29.0, 4.0, 2.6896458977727664] -329.0
cur thr:  201.0 [0.2716659062414536, 0.1571852479198028, 0.9999999973031283, 3708.0, 0.0, 19882.0, 0.0, 0.0] [0.9955601096217601, 0.9922314465785388, 0.9989212486544734, 3704.0, 19853.0, 29.0, 4.0, 2.6896458977727664] -329.0
cur thr:  251.0 [0.2716659062414536, 0.1571852479198028, 0.9999999973031283, 3708.0, 0.0, 19882.0, 0.0, 0.0] [0.9955601096217601, 0.9922314465785388, 0.9989212486544734, 3704.0, 19853.0, 29.0, 4.0, 2.6896458977727664] -329.0
cur thr:  301.0 [0.2716659062414536, 0.1571852479198028, 0.9999999973031283, 3708.0, 0.0, 19882.0, 0.0, 0.0] [0.9955601096217601, 0.9922314465785388, 0.9989212486544734, 3704.0, 19853.0, 29.0, 4.0, 2.6896458977727664] -329.0
cur thr:  351.0 [0.2716659062414536, 0.1571852479198028, 0.9999999973031283, 3708.0, 0.0, 19882.0, 0.0, 0.0] [0.9955601096217601, 0.9922314465785388, 0.9989212486544734, 3704.0, 19853.0, 29.0, 4.0, 2.6896458977727664] -329.0
[0.9955601096217601, 0.9922314465785388, 0.9989212486544734, 3704.0, 19853.0, 29.0, 4.0, 2.6896458977727664] -329.0
label_file: ServerMachineDataset/interpretation_label/machine-1-6.txt
Initial threshold : 1619.6803
Number of peaks : 2
Grimshaw maximum log-likelihood estimation ... [done]
	γ = 0
	σ = 8570.363
	L = 20.11213080114176
Extreme quantile (probability = 0.001): -19528.83370904322
32
23590
POT result:  (0.2716659062414536, 0.1571852479198028, 0.9999999973031283, 3708.0, 0.0, 19882.0, 0.0) 958.6633343582466 0.0

=== 全局调试信息 ===
y_true shape: (23590,), unique values: [0. 1.]
y_pred shape: (23590,), unique values: [ True]
feature_scores shape: (23590, 38)
y_true 中的异常段: [(147, 152), (554, 558), (1993, 2000), (2785, 2788), (3435, 3439), (4548, 4945), (5068, 5072), (5609, 5613), (5774, 5785), (5923, 5927), (6313, 6319), (7752, 7756), (9192, 9198), (10632, 10636), (11368, 11371), (12072, 12076), (12970, 12973), (13178, 13180), (13514, 13519), (14504, 14507), (14953, 14955), (15298, 15301), (15703, 15705), (16392, 16399), (16619, 16621), (16873, 16876), (17832, 17839), (18501, 21661), (22153, 22160), (22318, 22320)]


=== 处理第 1/30 段 ===
段范围: start=147, end=152
段内真实标签 (seg_true): [1. 1. 1. 1. 1. 1.]
段内预测标签 (seg_pred): [ True  True  True  True  True  True]
段内真实异常时间点索引 (相对段内): [0 1 2 3 4 5]
段内是否有预测为异常的时间点: True
真实异常维度 (0-based): [0, 1, 2, 3, 5, 8, 9, 10, 11, 12, 14]
段内检测到的异常时间点索引 (相对段内): [0 1 2 3 4 5]
推断的异常维度 (0-based): [7, 8, 9, 10, 13, 15, 16, 17, 26, 28, 32, 33, 36, 37]
真实与推断的交集: [8, 9, 10]
段内指标: TP=3, FP=11, FN=8, TN=16, IPS=0.2727

=== 处理第 2/30 段 ===
段范围: start=554, end=558
段内真实标签 (seg_true): [1. 1. 1. 1. 1.]
段内预测标签 (seg_pred): [ True  True  True  True  True]
段内真实异常时间点索引 (相对段内): [0 1 2 3 4]
段内是否有预测为异常的时间点: True
真实异常维度 (0-based): [0, 1, 2, 3, 5, 8, 9, 10, 11, 12, 14, 18, 19, 20, 21, 25, 27, 29, 30, 31]
段内检测到的异常时间点索引 (相对段内): [0 1 2 3 4]
推断的异常维度 (0-based): [0, 1, 2, 3, 4, 5, 7, 13, 15, 16, 17, 18, 21, 23, 24, 25, 26, 27, 28, 29, 30, 32, 33, 36, 37]
真实与推断的交集: [0, 1, 2, 3, 5, 18, 21, 25, 27, 29, 30]
段内指标: TP=11, FP=14, FN=9, TN=4, IPS=0.5500

=== 处理第 3/30 段 ===
段范围: start=1993, end=2000
段内真实标签 (seg_true): [1. 1. 1. 1. 1. 1. 1. 1.]
段内预测标签 (seg_pred): [ True  True  True  True  True  True  True  True]
段内真实异常时间点索引 (相对段内): [0 1 2 3 4 5 6 7]
段内是否有预测为异常的时间点: True
真实异常维度 (0-based): [0, 1, 2, 3, 5, 8, 9, 10, 11, 12, 14, 18, 19, 20, 21, 25, 27, 29, 30, 31]
段内检测到的异常时间点索引 (相对段内): [0 1 2 3 4 5 6 7]
推断的异常维度 (0-based): [0, 1, 2, 3, 4, 5, 7, 8, 9, 10, 12, 13, 15, 16, 17, 18, 19, 20, 21, 23, 24, 25, 26, 27, 28, 29, 30, 32, 33, 36, 37]
真实与推断的交集: [0, 1, 2, 3, 5, 8, 9, 10, 12, 18, 19, 20, 21, 25, 27, 29, 30]
段内指标: TP=17, FP=14, FN=3, TN=4, IPS=0.8500

=== 处理第 4/30 段 ===
段范围: start=2785, end=2788
段内真实标签 (seg_true): [1. 1. 1. 1.]
段内预测标签 (seg_pred): [ True  True  True  True]
段内真实异常时间点索引 (相对段内): [0 1 2 3]
段内是否有预测为异常的时间点: True
真实异常维度 (0-based): [5]
段内检测到的异常时间点索引 (相对段内): [0 1 2 3]
推断的异常维度 (0-based): [7]
真实与推断的交集: []
段内指标: TP=0, FP=1, FN=1, TN=36, IPS=0.0000

=== 处理第 5/30 段 ===
段范围: start=3435, end=3439
段内真实标签 (seg_true): [1. 1. 1. 1. 1.]
段内预测标签 (seg_pred): [ True  True  True  True  True]
段内真实异常时间点索引 (相对段内): [0 1 2 3 4]
段内是否有预测为异常的时间点: True
真实异常维度 (0-based): [0, 1, 2, 3, 5, 8, 9, 10, 11, 12, 14, 18, 19, 20, 21]
段内检测到的异常时间点索引 (相对段内): [0 1 2 3 4]
推断的异常维度 (0-based): [0, 2, 3, 5, 7, 9, 10, 11, 13, 14, 15, 16, 17, 18, 19, 23, 26, 27, 28, 29, 30, 32, 33, 36, 37]
真实与推断的交集: [0, 2, 3, 5, 9, 10, 11, 14, 18, 19]
段内指标: TP=10, FP=15, FN=5, TN=8, IPS=0.6667

=== 处理第 6/30 段 ===
段范围: start=4548, end=4945
段内真实标签 (seg_true): [1. 1. 1. 1. 1. 1. 1. 1. 1. 1. 1. 1. 1. 1. 1. 1. 1. 1. 1. 1. 1. 1. 1. 1.
 1. 1. 1. 1. 1. 1. 1. 1. 1. 1. 1. 1. 1. 1. 1. 1. 1. 1. 1. 1. 1. 1. 1. 1.
 1. 1. 1. 1. 1. 1. 1. 1. 1. 1. 1. 1. 1. 1. 1. 1. 1. 1. 1. 1. 1. 1. 1. 1.
 1. 1. 1. 1. 1. 1. 1. 1. 1. 1. 1. 1. 1. 1. 1. 1. 1. 1. 1. 1. 1. 1. 1. 1.
 1. 1. 1. 1. 1. 1. 1. 1. 1. 1. 1. 1. 1. 1. 1. 1. 1. 1. 1. 1. 1. 1. 1. 1.
 1. 1. 1. 1. 1. 1. 1. 1. 1. 1. 1. 1. 1. 1. 1. 1. 1. 1. 1. 1. 1. 1. 1. 1.
 1. 1. 1. 1. 1. 1. 1. 1. 1. 1. 1. 1. 1. 1. 1. 1. 1. 1. 1. 1. 1. 1. 1. 1.
 1. 1. 1. 1. 1. 1. 1. 1. 1. 1. 1. 1. 1. 1. 1. 1. 1. 1. 1. 1. 1. 1. 1. 1.
 1. 1. 1. 1. 1. 1. 1. 1. 1. 1. 1. 1. 1. 1. 1. 1. 1. 1. 1. 1. 1. 1. 1. 1.
 1. 1. 1. 1. 1. 1. 1. 1. 1. 1. 1. 1. 1. 1. 1. 1. 1. 1. 1. 1. 1. 1. 1. 1.
 1. 1. 1. 1. 1. 1. 1. 1. 1. 1. 1. 1. 1. 1. 1. 1. 1. 1. 1. 1. 1. 1. 1. 1.
 1. 1. 1. 1. 1. 1. 1. 1. 1. 1. 1. 1. 1. 1. 1. 1. 1. 1. 1. 1. 1. 1. 1. 1.
 1. 1. 1. 1. 1. 1. 1. 1. 1. 1. 1. 1. 1. 1. 1. 1. 1. 1. 1. 1. 1. 1. 1. 1.
 1. 1. 1. 1. 1. 1. 1. 1. 1. 1. 1. 1. 1. 1. 1. 1. 1. 1. 1. 1. 1. 1. 1. 1.
 1. 1. 1. 1. 1. 1. 1. 1. 1. 1. 1. 1. 1. 1. 1. 1. 1. 1. 1. 1. 1. 1. 1. 1.
 1. 1. 1. 1. 1. 1. 1. 1. 1. 1. 1. 1. 1. 1. 1. 1. 1. 1. 1. 1. 1. 1. 1. 1.
 1. 1. 1. 1. 1. 1. 1. 1. 1. 1. 1. 1. 1. 1.]
段内预测标签 (seg_pred): [ True  True  True  True  True  True  True  True  True  True  True  True
  True  True  True  True  True  True  True  True  True  True  True  True
  True  True  True  True  True  True  True  True  True  True  True  True
  True  True  True  True  True  True  True  True  True  True  True  True
  True  True  True  True  True  True  True  True  True  True  True  True
  True  True  True  True  True  True  True  True  True  True  True  True
  True  True  True  True  True  True  True  True  True  True  True  True
  True  True  True  True  True  True  True  True  True  True  True  True
  True  True  True  True  True  True  True  True  True  True  True  True
  True  True  True  True  True  True  True  True  True  True  True  True
  True  True  True  True  True  True  True  True  True  True  True  True
  True  True  True  True  True  True  True  True  True  True  True  True
  True  True  True  True  True  True  True  True  True  True  True  True
  True  True  True  True  True  True  True  True  True  True  True  True
  True  True  True  True  True  True  True  True  True  True  True  True
  True  True  True  True  True  True  True  True  True  True  True  True
  True  True  True  True  True  True  True  True  True  True  True  True
  True  True  True  True  True  True  True  True  True  True  True  True
  True  True  True  True  True  True  True  True  True  True  True  True
  True  True  True  True  True  True  True  True  True  True  True  True
  True  True  True  True  True  True  True  True  True  True  True  True
  True  True  True  True  True  True  True  True  True  True  True  True
  True  True  True  True  True  True  True  True  True  True  True  True
  True  True  True  True  True  True  True  True  True  True  True  True
  True  True  True  True  True  True  True  True  True  True  True  True
  True  True  True  True  True  True  True  True  True  True  True  True
  True  True  True  True  True  True  True  True  True  True  True  True
  True  True  True  True  True  True  True  True  True  True  True  True
  True  True  True  True  True  True  True  True  True  True  True  True
  True  True  True  True  True  True  True  True  True  True  True  True
  True  True  True  True  True  True  True  True  True  True  True  True
  True  True  True  True  True  True  True  True  True  True  True  True
  True  True  True  True  True  True  True  True  True  True  True  True
  True  True]
段内真实异常时间点索引 (相对段内): [  0   1   2   3   4   5   6   7   8   9  10  11  12  13  14  15  16  17
  18  19  20  21  22  23  24  25  26  27  28  29  30  31  32  33  34  35
  36  37  38  39  40  41  42  43  44  45  46  47  48  49  50  51  52  53
  54  55  56  57  58  59  60  61  62  63  64  65  66  67  68  69  70  71
  72  73  74  75  76  77  78  79  80  81  82  83  84  85  86  87  88  89
  90  91  92  93  94  95  96  97  98  99 100 101 102 103 104 105 106 107
 108 109 110 111 112 113 114 115 116 117 118 119 120 121 122 123 124 125
 126 127 128 129 130 131 132 133 134 135 136 137 138 139 140 141 142 143
 144 145 146 147 148 149 150 151 152 153 154 155 156 157 158 159 160 161
 162 163 164 165 166 167 168 169 170 171 172 173 174 175 176 177 178 179
 180 181 182 183 184 185 186 187 188 189 190 191 192 193 194 195 196 197
 198 199 200 201 202 203 204 205 206 207 208 209 210 211 212 213 214 215
 216 217 218 219 220 221 222 223 224 225 226 227 228 229 230 231 232 233
 234 235 236 237 238 239 240 241 242 243 244 245 246 247 248 249 250 251
 252 253 254 255 256 257 258 259 260 261 262 263 264 265 266 267 268 269
 270 271 272 273 274 275 276 277 278 279 280 281 282 283 284 285 286 287
 288 289 290 291 292 293 294 295 296 297 298 299 300 301 302 303 304 305
 306 307 308 309 310 311 312 313 314 315 316 317 318 319 320 321 322 323
 324 325 326 327 328 329 330 331 332 333 334 335 336 337 338 339 340 341
 342 343 344 345 346 347 348 349 350 351 352 353 354 355 356 357 358 359
 360 361 362 363 364 365 366 367 368 369 370 371 372 373 374 375 376 377
 378 379 380 381 382 383 384 385 386 387 388 389 390 391 392 393 394 395
 396 397]
段内是否有预测为异常的时间点: True
真实异常维度 (0-based): [4, 5, 8, 9, 10, 12, 16, 32, 33]
段内检测到的异常时间点索引 (相对段内): [  0   1   2   3   4   5   6   7   8   9  10  11  12  13  14  15  16  17
  18  19  20  21  22  23  24  25  26  27  28  29  30  31  32  33  34  35
  36  37  38  39  40  41  42  43  44  45  46  47  48  49  50  51  52  53
  54  55  56  57  58  59  60  61  62  63  64  65  66  67  68  69  70  71
  72  73  74  75  76  77  78  79  80  81  82  83  84  85  86  87  88  89
  90  91  92  93  94  95  96  97  98  99 100 101 102 103 104 105 106 107
 108 109 110 111 112 113 114 115 116 117 118 119 120 121 122 123 124 125
 126 127 128 129 130 131 132 133 134 135 136 137 138 139 140 141 142 143
 144 145 146 147 148 149 150 151 152 153 154 155 156 157 158 159 160 161
 162 163 164 165 166 167 168 169 170 171 172 173 174 175 176 177 178 179
 180 181 182 183 184 185 186 187 188 189 190 191 192 193 194 195 196 197
 198 199 200 201 202 203 204 205 206 207 208 209 210 211 212 213 214 215
 216 217 218 219 220 221 222 223 224 225 226 227 228 229 230 231 232 233
 234 235 236 237 238 239 240 241 242 243 244 245 246 247 248 249 250 251
 252 253 254 255 256 257 258 259 260 261 262 263 264 265 266 267 268 269
 270 271 272 273 274 275 276 277 278 279 280 281 282 283 284 285 286 287
 288 289 290 291 292 293 294 295 296 297 298 299 300 301 302 303 304 305
 306 307 308 309 310 311 312 313 314 315 316 317 318 319 320 321 322 323
 324 325 326 327 328 329 330 331 332 333 334 335 336 337 338 339 340 341
 342 343 344 345 346 347 348 349 350 351 352 353 354 355 356 357 358 359
 360 361 362 363 364 365 366 367 368 369 370 371 372 373 374 375 376 377
 378 379 380 381 382 383 384 385 386 387 388 389 390 391 392 393 394 395
 396 397]
推断的异常维度 (0-based): [7, 9, 10, 13, 16, 17, 26, 28, 32, 33, 36, 37]
真实与推断的交集: [9, 10, 16, 32, 33]
段内指标: TP=5, FP=7, FN=4, TN=22, IPS=0.5556

=== 处理第 7/30 段 ===
段范围: start=5068, end=5072
段内真实标签 (seg_true): [1. 1. 1. 1. 1.]
段内预测标签 (seg_pred): [ True  True  True  True  True]
段内真实异常时间点索引 (相对段内): [0 1 2 3 4]
段内是否有预测为异常的时间点: True
真实异常维度 (0-based): [8, 9, 10, 12, 17]
段内检测到的异常时间点索引 (相对段内): [0 1 2 3 4]
推断的异常维度 (0-based): [7, 16, 26, 28, 37]
真实与推断的交集: []
段内指标: TP=0, FP=5, FN=5, TN=28, IPS=0.0000

=== 处理第 8/30 段 ===
段范围: start=5609, end=5613
段内真实标签 (seg_true): [1. 1. 1. 1. 1.]
段内预测标签 (seg_pred): [ True  True  True  True  True]
段内真实异常时间点索引 (相对段内): [0 1 2 3 4]
段内是否有预测为异常的时间点: True
真实异常维度 (0-based): [8, 9, 10, 12]
段内检测到的异常时间点索引 (相对段内): [0 1 2 3 4]
推断的异常维度 (0-based): [7, 16, 28, 32]
真实与推断的交集: []
段内指标: TP=0, FP=4, FN=4, TN=30, IPS=0.0000

=== 处理第 9/30 段 ===
段范围: start=5774, end=5785
段内真实标签 (seg_true): [1. 1. 1. 1. 1. 1. 1. 1. 1. 1. 1. 1.]
段内预测标签 (seg_pred): [ True  True  True  True  True  True  True  True  True  True  True  True]
段内真实异常时间点索引 (相对段内): [ 0  1  2  3  4  5  6  7  8  9 10 11]
段内是否有预测为异常的时间点: True
真实异常维度 (0-based): [1, 2, 5, 8, 9, 10, 12, 18, 19, 20, 21, 27, 30, 31]
段内检测到的异常时间点索引 (相对段内): [ 0  1  2  3  4  5  6  7  8  9 10 11]
推断的异常维度 (0-based): [0, 7, 9, 10, 13, 15, 16, 17, 18, 19, 24, 26, 28, 31, 32, 33, 34, 35, 36, 37]
真实与推断的交集: [9, 10, 18, 19, 31]
段内指标: TP=5, FP=15, FN=9, TN=9, IPS=0.3571

=== 处理第 10/30 段 ===
段范围: start=5923, end=5927
段内真实标签 (seg_true): [1. 1. 1. 1. 1.]
段内预测标签 (seg_pred): [ True  True  True  True  True]
段内真实异常时间点索引 (相对段内): [0 1 2 3 4]
段内是否有预测为异常的时间点: True
真实异常维度 (0-based): [32, 33]
段内检测到的异常时间点索引 (相对段内): [0 1 2 3 4]
推断的异常维度 (0-based): [7, 28]
真实与推断的交集: []
段内指标: TP=0, FP=2, FN=2, TN=34, IPS=0.0000

=== 处理第 11/30 段 ===
段范围: start=6313, end=6319
段内真实标签 (seg_true): [1. 1. 1. 1. 1. 1. 1.]
段内预测标签 (seg_pred): [ True  True  True  True  True  True  True]
段内真实异常时间点索引 (相对段内): [0 1 2 3 4 5 6]
段内是否有预测为异常的时间点: True
真实异常维度 (0-based): [0, 1, 2, 5, 8, 9, 10, 12, 14, 18, 19, 20, 21, 27, 29, 30, 31, 34, 35]
段内检测到的异常时间点索引 (相对段内): [0 1 2 3 4 5 6]
推断的异常维度 (0-based): [0, 1, 2, 3, 4, 5, 6, 7, 9, 10, 13, 15, 16, 17, 18, 20, 21, 22, 24, 25, 26, 27, 28, 29, 30, 31, 32, 33, 34, 35, 36, 37]
真实与推断的交集: [0, 1, 2, 5, 9, 10, 18, 20, 21, 27, 29, 30, 31, 34, 35]
段内指标: TP=15, FP=17, FN=4, TN=2, IPS=0.7895

=== 处理第 12/30 段 ===
段范围: start=7752, end=7756
段内真实标签 (seg_true): [1. 1. 1. 1. 1.]
段内预测标签 (seg_pred): [ True  True  True  True  True]
段内真实异常时间点索引 (相对段内): [0 1 2 3 4]
段内是否有预测为异常的时间点: True
真实异常维度 (0-based): [0, 1, 8, 9, 10, 12, 18, 19, 20, 21, 22, 27, 29, 30, 31]
段内检测到的异常时间点索引 (相对段内): [0 1 2 3 4]
推断的异常维度 (0-based): [0, 1, 3, 5, 7, 8, 9, 10, 13, 15, 16, 17, 24, 26, 28, 29, 30, 31, 32, 33, 36, 37]
真实与推断的交集: [0, 1, 8, 9, 10, 29, 30, 31]
段内指标: TP=8, FP=14, FN=7, TN=9, IPS=0.5333

=== 处理第 13/30 段 ===
段范围: start=9192, end=9198
段内真实标签 (seg_true): [1. 1. 1. 1. 1. 1. 1.]
段内预测标签 (seg_pred): [ True  True  True  True  True  True  True]
段内真实异常时间点索引 (相对段内): [0 1 2 3 4 5 6]
段内是否有预测为异常的时间点: True
真实异常维度 (0-based): [0, 1, 2, 8, 9, 10, 12, 18, 19, 20, 21, 22, 27, 29, 30, 31]
段内检测到的异常时间点索引 (相对段内): [0 1 2 3 4 5 6]
推断的异常维度 (0-based): [0, 1, 2, 3, 4, 5, 7, 9, 10, 13, 15, 16, 17, 22, 24, 25, 26, 28, 29, 30, 31, 32, 33, 34, 35, 36, 37]
真实与推断的交集: [0, 1, 2, 9, 10, 22, 29, 30, 31]
段内指标: TP=9, FP=18, FN=7, TN=4, IPS=0.5625

=== 处理第 14/30 段 ===
段范围: start=10632, end=10636
段内真实标签 (seg_true): [1. 1. 1. 1. 1.]
段内预测标签 (seg_pred): [ True  True  True  True  True]
段内真实异常时间点索引 (相对段内): [0 1 2 3 4]
段内是否有预测为异常的时间点: True
真实异常维度 (0-based): [0, 1, 2, 8, 9, 10, 12, 18, 19, 20, 21, 22, 27, 29, 30, 31]
段内检测到的异常时间点索引 (相对段内): [0 1 2 3 4]
推断的异常维度 (0-based): [0, 1, 3, 5, 7, 9, 10, 13, 15, 16, 17, 24, 25, 26, 28, 29, 30, 31, 32, 33, 36, 37]
真实与推断的交集: [0, 1, 9, 10, 29, 30, 31]
段内指标: TP=7, FP=15, FN=9, TN=7, IPS=0.4375

=== 处理第 15/30 段 ===
段范围: start=11368, end=11371
段内真实标签 (seg_true): [1. 1. 1. 1.]
段内预测标签 (seg_pred): [ True  True  True  True]
段内真实异常时间点索引 (相对段内): [0 1 2 3]
段内是否有预测为异常的时间点: True
真实异常维度 (0-based): [0, 1, 2, 5, 8, 9, 10, 12, 18, 19, 20, 21, 22, 27, 29, 30, 31]
段内检测到的异常时间点索引 (相对段内): [0 1 2 3]
推断的异常维度 (0-based): [0, 1, 3, 5, 6, 7, 9, 10, 13, 15, 16, 17, 18, 20, 23, 24, 25, 26, 27, 28, 30, 32, 33, 35, 36, 37]
真实与推断的交集: [0, 1, 5, 9, 10, 18, 20, 27, 30]
段内指标: TP=9, FP=17, FN=8, TN=4, IPS=0.5294

=== 处理第 16/30 段 ===
段范围: start=12072, end=12076
段内真实标签 (seg_true): [1. 1. 1. 1. 1.]
段内预测标签 (seg_pred): [ True  True  True  True  True]
段内真实异常时间点索引 (相对段内): [0 1 2 3 4]
段内是否有预测为异常的时间点: True
真实异常维度 (0-based): [0, 1, 2, 5, 8, 9, 10, 12, 18, 19, 20, 21, 22, 27, 29, 30, 31]
段内检测到的异常时间点索引 (相对段内): [0 1 2 3 4]
推断的异常维度 (0-based): [0, 1, 2, 3, 5, 7, 9, 10, 13, 15, 16, 17, 18, 19, 20, 21, 23, 24, 25, 26, 27, 28, 30, 31, 32, 33, 34, 35, 36, 37]
真实与推断的交集: [0, 1, 2, 5, 9, 10, 18, 19, 20, 21, 27, 30, 31]
段内指标: TP=13, FP=17, FN=4, TN=4, IPS=0.7647

=== 处理第 17/30 段 ===
段范围: start=12970, end=12973
段内真实标签 (seg_true): [1. 1. 1. 1.]
段内预测标签 (seg_pred): [ True  True  True  True]
段内真实异常时间点索引 (相对段内): [0 1 2 3]
段内是否有预测为异常的时间点: True
真实异常维度 (0-based): [32, 33]
段内检测到的异常时间点索引 (相对段内): [0 1 2 3]
推断的异常维度 (0-based): [7, 16]
真实与推断的交集: []
段内指标: TP=0, FP=2, FN=2, TN=34, IPS=0.0000

=== 处理第 18/30 段 ===
段范围: start=13178, end=13180
段内真实标签 (seg_true): [1. 1. 1.]
段内预测标签 (seg_pred): [ True  True  True]
段内真实异常时间点索引 (相对段内): [0 1 2]
段内是否有预测为异常的时间点: True
真实异常维度 (0-based): [16]
段内检测到的异常时间点索引 (相对段内): [0 1 2]
推断的异常维度 (0-based): [7]
真实与推断的交集: []
段内指标: TP=0, FP=1, FN=1, TN=36, IPS=0.0000

=== 处理第 19/30 段 ===
段范围: start=13514, end=13519
段内真实标签 (seg_true): [1. 1. 1. 1. 1. 1.]
段内预测标签 (seg_pred): [ True  True  True  True  True  True]
段内真实异常时间点索引 (相对段内): [0 1 2 3 4 5]
段内是否有预测为异常的时间点: True
真实异常维度 (0-based): [0, 1, 8, 9, 10, 11, 12, 29]
段内检测到的异常时间点索引 (相对段内): [0 1 2 3 4 5]
推断的异常维度 (0-based): [7, 16, 17, 26, 28, 32, 36, 37]
真实与推断的交集: []
段内指标: TP=0, FP=8, FN=8, TN=22, IPS=0.0000

=== 处理第 20/30 段 ===
段范围: start=14504, end=14507
段内真实标签 (seg_true): [1. 1. 1. 1.]
段内预测标签 (seg_pred): [ True  True  True  True]
段内真实异常时间点索引 (相对段内): [0 1 2 3]
段内是否有预测为异常的时间点: True
真实异常维度 (0-based): [8, 9, 10, 12, 18, 19, 20, 21, 31, 36]
段内检测到的异常时间点索引 (相对段内): [0 1 2 3]
推断的异常维度 (0-based): [0, 3, 7, 10, 13, 16, 17, 26, 28, 32, 33, 36, 37]
真实与推断的交集: [10, 36]
段内指标: TP=2, FP=11, FN=8, TN=17, IPS=0.2000

=== 处理第 21/30 段 ===
段范围: start=14953, end=14955
段内真实标签 (seg_true): [1. 1. 1.]
段内预测标签 (seg_pred): [ True  True  True]
段内真实异常时间点索引 (相对段内): [0 1 2]
段内是否有预测为异常的时间点: True
真实异常维度 (0-based): [8, 9, 10, 12]
段内检测到的异常时间点索引 (相对段内): [0 1 2]
推断的异常维度 (0-based): [7, 26, 28, 37]
真实与推断的交集: []
段内指标: TP=0, FP=4, FN=4, TN=30, IPS=0.0000

=== 处理第 22/30 段 ===
段范围: start=15298, end=15301
段内真实标签 (seg_true): [1. 1. 1. 1.]
段内预测标签 (seg_pred): [ True  True  True  True]
段内真实异常时间点索引 (相对段内): [0 1 2 3]
段内是否有预测为异常的时间点: True
真实异常维度 (0-based): [8, 11, 12]
段内检测到的异常时间点索引 (相对段内): [0 1 2 3]
推断的异常维度 (0-based): [7, 26, 28, 37]
真实与推断的交集: []
段内指标: TP=0, FP=4, FN=3, TN=31, IPS=0.0000

=== 处理第 23/30 段 ===
段范围: start=15703, end=15705
段内真实标签 (seg_true): [1. 1. 1.]
段内预测标签 (seg_pred): [ True  True  True]
段内真实异常时间点索引 (相对段内): [0 1 2]
段内是否有预测为异常的时间点: True
真实异常维度 (0-based): [8, 9, 10, 12]
段内检测到的异常时间点索引 (相对段内): [0 1 2]
推断的异常维度 (0-based): [7, 26, 28, 32]
真实与推断的交集: []
段内指标: TP=0, FP=4, FN=4, TN=30, IPS=0.0000

=== 处理第 24/30 段 ===
段范围: start=16392, end=16399
段内真实标签 (seg_true): [1. 1. 1. 1. 1. 1. 1. 1.]
段内预测标签 (seg_pred): [ True  True  True  True  True  True  True  True]
段内真实异常时间点索引 (相对段内): [0 1 2 3 4 5 6 7]
段内是否有预测为异常的时间点: True
真实异常维度 (0-based): [0, 1, 2, 8, 9, 10, 12, 14]
段内检测到的异常时间点索引 (相对段内): [0 1 2 3 4 5 6 7]
推断的异常维度 (0-based): [7, 16, 17, 26, 28, 32, 36, 37]
真实与推断的交集: []
段内指标: TP=0, FP=8, FN=8, TN=22, IPS=0.0000

=== 处理第 25/30 段 ===
段范围: start=16619, end=16621
段内真实标签 (seg_true): [1. 1. 1.]
段内预测标签 (seg_pred): [ True  True  True]
段内真实异常时间点索引 (相对段内): [0 1 2]
段内是否有预测为异常的时间点: True
真实异常维度 (0-based): [8, 9, 10, 12]
段内检测到的异常时间点索引 (相对段内): [0 1 2]
推断的异常维度 (0-based): [7, 16, 28, 37]
真实与推断的交集: []
段内指标: TP=0, FP=4, FN=4, TN=30, IPS=0.0000

=== 处理第 26/30 段 ===
段范围: start=16873, end=16876
段内真实标签 (seg_true): [1. 1. 1. 1.]
段内预测标签 (seg_pred): [ True  True  True  True]
段内真实异常时间点索引 (相对段内): [0 1 2 3]
段内是否有预测为异常的时间点: True
真实异常维度 (0-based): [8, 11, 12, 14]
段内检测到的异常时间点索引 (相对段内): [0 1 2 3]
推断的异常维度 (0-based): [7, 16, 26, 28]
真实与推断的交集: []
段内指标: TP=0, FP=4, FN=4, TN=30, IPS=0.0000

=== 处理第 27/30 段 ===
段范围: start=17832, end=17839
段内真实标签 (seg_true): [1. 1. 1. 1. 1. 1. 1. 1.]
段内预测标签 (seg_pred): [ True  True  True  True  True  True  True  True]
段内真实异常时间点索引 (相对段内): [0 1 2 3 4 5 6 7]
段内是否有预测为异常的时间点: True
真实异常维度 (0-based): [0, 1, 2, 5, 8, 9, 10, 11, 12, 14, 18, 19, 20, 21, 22, 27, 29, 30, 31]
段内检测到的异常时间点索引 (相对段内): [0 1 2 3 4 5 6 7]
推断的异常维度 (0-based): [0, 1, 3, 7, 9, 10, 13, 15, 16, 17, 18, 19, 20, 21, 22, 24, 25, 26, 27, 28, 29, 30, 31, 32, 33, 34, 35, 36, 37]
真实与推断的交集: [0, 1, 9, 10, 18, 19, 20, 21, 22, 27, 29, 30, 31]
段内指标: TP=13, FP=16, FN=6, TN=3, IPS=0.6842

=== 处理第 28/30 段 ===
段范围: start=18501, end=21661
段内真实标签 (seg_true): [1. 1. 1. ... 1. 1. 1.]
段内预测标签 (seg_pred): [ True  True  True ...  True  True  True]
段内真实异常时间点索引 (相对段内): [   0    1    2 ... 3158 3159 3160]
段内是否有预测为异常的时间点: True
真实异常维度 (0-based): [0, 1, 2, 3, 5, 8, 9, 10, 11, 12, 13, 14, 15, 22, 24, 27, 29, 30, 31, 34, 35]
段内检测到的异常时间点索引 (相对段内): [   0    1    2 ... 3158 3159 3160]
推断的异常维度 (0-based): [0, 1, 2, 3, 4, 5, 6, 7, 8, 9, 10, 11, 12, 13, 14, 15, 16, 17, 18, 19, 20, 21, 22, 23, 24, 25, 26, 27, 28, 29, 30, 31, 32, 33, 34, 35, 36, 37]
真实与推断的交集: [0, 1, 2, 3, 5, 8, 9, 10, 11, 12, 13, 14, 15, 22, 24, 27, 29, 30, 31, 34, 35]
段内指标: TP=21, FP=17, FN=0, TN=0, IPS=1.0000

=== 处理第 29/30 段 ===
段范围: start=22153, end=22160
段内真实标签 (seg_true): [1. 1. 1. 1. 1. 1. 1. 1.]
段内预测标签 (seg_pred): [ True  True  True  True  True  True  True  True]
段内真实异常时间点索引 (相对段内): [0 1 2 3 4 5 6 7]
段内是否有预测为异常的时间点: True
真实异常维度 (0-based): [8, 12, 14]
段内检测到的异常时间点索引 (相对段内): [0 1 2 3 4 5 6 7]
推断的异常维度 (0-based): [7, 28, 37]
真实与推断的交集: []
段内指标: TP=0, FP=3, FN=3, TN=32, IPS=0.0000

=== 处理第 30/30 段 ===
段范围: start=22318, end=22320
段内真实标签 (seg_true): [1. 1. 1.]
段内预测标签 (seg_pred): [ True  True  True]
段内真实异常时间点索引 (相对段内): [0 1 2]
段内是否有预测为异常的时间点: True
真实异常维度 (0-based): [10, 12]
段内检测到的异常时间点索引 (相对段内): [0 1 2]
推断的异常维度 (0-based): [7, 28]
真实与推断的交集: []
段内指标: TP=0, FP=2, FN=2, TN=34, IPS=0.0000

=== 汇总指标 ===
总 TP: 148, 总 TN: 572, 总 FP: 274, 总 FN: 146
平均 IPS: 0.9243, Precision: 0.3507, Recall: 0.5034, F1: 0.4134
每段IPS与混淆: [{'start': 147, 'end': 152, 'TP': 3, 'TN': 16, 'FP': 11, 'FN': 8, 'IPS': 0.2727272727272727, 'k_selected': 11, 'gt_dims_count': 11}, {'start': 554, 'end': 558, 'TP': 11, 'TN': 4, 'FP': 14, 'FN': 9, 'IPS': 0.55, 'k_selected': 20, 'gt_dims_count': 20}, {'start': 1993, 'end': 2000, 'TP': 17, 'TN': 4, 'FP': 14, 'FN': 3, 'IPS': 0.85, 'k_selected': 20, 'gt_dims_count': 20}, {'start': 2785, 'end': 2788, 'TP': 0, 'TN': 36, 'FP': 1, 'FN': 1, 'IPS': 0.0, 'k_selected': 1, 'gt_dims_count': 1}, {'start': 3435, 'end': 3439, 'TP': 10, 'TN': 8, 'FP': 15, 'FN': 5, 'IPS': 0.6666666666666666, 'k_selected': 15, 'gt_dims_count': 15}, {'start': 4548, 'end': 4945, 'TP': 5, 'TN': 22, 'FP': 7, 'FN': 4, 'IPS': 0.5555555555555556, 'k_selected': 9, 'gt_dims_count': 9}, {'start': 5068, 'end': 5072, 'TP': 0, 'TN': 28, 'FP': 5, 'FN': 5, 'IPS': 0.0, 'k_selected': 5, 'gt_dims_count': 5}, {'start': 5609, 'end': 5613, 'TP': 0, 'TN': 30, 'FP': 4, 'FN': 4, 'IPS': 0.0, 'k_selected': 4, 'gt_dims_count': 4}, {'start': 5774, 'end': 5785, 'TP': 5, 'TN': 9, 'FP': 15, 'FN': 9, 'IPS': 0.35714285714285715, 'k_selected': 14, 'gt_dims_count': 14}, {'start': 5923, 'end': 5927, 'TP': 0, 'TN': 34, 'FP': 2, 'FN': 2, 'IPS': 0.0, 'k_selected': 2, 'gt_dims_count': 2}, {'start': 6313, 'end': 6319, 'TP': 15, 'TN': 2, 'FP': 17, 'FN': 4, 'IPS': 0.7894736842105263, 'k_selected': 19, 'gt_dims_count': 19}, {'start': 7752, 'end': 7756, 'TP': 8, 'TN': 9, 'FP': 14, 'FN': 7, 'IPS': 0.5333333333333333, 'k_selected': 15, 'gt_dims_count': 15}, {'start': 9192, 'end': 9198, 'TP': 9, 'TN': 4, 'FP': 18, 'FN': 7, 'IPS': 0.5625, 'k_selected': 16, 'gt_dims_count': 16}, {'start': 10632, 'end': 10636, 'TP': 7, 'TN': 7, 'FP': 15, 'FN': 9, 'IPS': 0.4375, 'k_selected': 16, 'gt_dims_count': 16}, {'start': 11368, 'end': 11371, 'TP': 9, 'TN': 4, 'FP': 17, 'FN': 8, 'IPS': 0.5294117647058824, 'k_selected': 17, 'gt_dims_count': 17}, {'start': 12072, 'end': 12076, 'TP': 13, 'TN': 4, 'FP': 17, 'FN': 4, 'IPS': 0.7647058823529411, 'k_selected': 17, 'gt_dims_count': 17}, {'start': 12970, 'end': 12973, 'TP': 0, 'TN': 34, 'FP': 2, 'FN': 2, 'IPS': 0.0, 'k_selected': 2, 'gt_dims_count': 2}, {'start': 13178, 'end': 13180, 'TP': 0, 'TN': 36, 'FP': 1, 'FN': 1, 'IPS': 0.0, 'k_selected': 1, 'gt_dims_count': 1}, {'start': 13514, 'end': 13519, 'TP': 0, 'TN': 22, 'FP': 8, 'FN': 8, 'IPS': 0.0, 'k_selected': 8, 'gt_dims_count': 8}, {'start': 14504, 'end': 14507, 'TP': 2, 'TN': 17, 'FP': 11, 'FN': 8, 'IPS': 0.2, 'k_selected': 10, 'gt_dims_count': 10}, {'start': 14953, 'end': 14955, 'TP': 0, 'TN': 30, 'FP': 4, 'FN': 4, 'IPS': 0.0, 'k_selected': 4, 'gt_dims_count': 4}, {'start': 15298, 'end': 15301, 'TP': 0, 'TN': 31, 'FP': 4, 'FN': 3, 'IPS': 0.0, 'k_selected': 3, 'gt_dims_count': 3}, {'start': 15703, 'end': 15705, 'TP': 0, 'TN': 30, 'FP': 4, 'FN': 4, 'IPS': 0.0, 'k_selected': 4, 'gt_dims_count': 4}, {'start': 16392, 'end': 16399, 'TP': 0, 'TN': 22, 'FP': 8, 'FN': 8, 'IPS': 0.0, 'k_selected': 8, 'gt_dims_count': 8}, {'start': 16619, 'end': 16621, 'TP': 0, 'TN': 30, 'FP': 4, 'FN': 4, 'IPS': 0.0, 'k_selected': 4, 'gt_dims_count': 4}, {'start': 16873, 'end': 16876, 'TP': 0, 'TN': 30, 'FP': 4, 'FN': 4, 'IPS': 0.0, 'k_selected': 4, 'gt_dims_count': 4}, {'start': 17832, 'end': 17839, 'TP': 13, 'TN': 3, 'FP': 16, 'FN': 6, 'IPS': 0.6842105263157895, 'k_selected': 19, 'gt_dims_count': 19}, {'start': 18501, 'end': 21661, 'TP': 21, 'TN': 0, 'FP': 17, 'FN': 0, 'IPS': 1.0, 'k_selected': 21, 'gt_dims_count': 21}, {'start': 22153, 'end': 22160, 'TP': 0, 'TN': 32, 'FP': 3, 'FN': 3, 'IPS': 0.0, 'k_selected': 3, 'gt_dims_count': 3}, {'start': 22318, 'end': 22320, 'TP': 0, 'TN': 34, 'FP': 2, 'FN': 2, 'IPS': 0.0, 'k_selected': 2, 'gt_dims_count': 2}]
总和: {'TP': 148, 'TN': 572, 'FP': 274, 'FN': 146, 'IPS': 0.9243390953354308, 'precision': 0.35071090047393366, 'recall': 0.5034013605442177, 'F1': 0.41340782122905034}
test end time:  2025-06-12 17:53:23
test time:  287.8288071155548
==============================result==============================
{'FN': 4.0,
 'FP': 29.0,
 'TN': 19853.0,
 'TP': 3704.0,
 'best-f1': 0.9955601096217601,
 'best_valid_loss': -59.15336397736394,
 'latency': 2.6896458977727664,
 'pot-FN': 0.0,
 'pot-FP': 19882.0,
 'pot-TN': 0.0,
 'pot-TP': 3708.0,
 'pot-f1': 0.2716659062414536,
 'pot-latency': 0.0,
 'pot-precision': 0.1571852479198028,
 'pot-recall': 0.9999999973031283,
 'pot-threshold': 958.6633343582466,
 'precision': 0.9922314465785388,
 'pred_time': 0.2931940520213822,
 'pred_total_time': 138.66738724708557,
 'recall': 0.9989212486544734,
 'segment_results': [{'FN': 8,
                      'FP': 11,
                      'IPS': 0.2727272727272727,
                      'TN': 16,
                      'TP': 3,
                      'end': 152,
                      'gt_dims_count': 11,
                      'k_selected': 11,
                      'start': 147},
                     {'FN': 9,
                      'FP': 14,
                      'IPS': 0.55,
                      'TN': 4,
                      'TP': 11,
                      'end': 558,
                      'gt_dims_count': 20,
                      'k_selected': 20,
                      'start': 554},
                     {'FN': 3,
                      'FP': 14,
                      'IPS': 0.85,
                      'TN': 4,
                      'TP': 17,
                      'end': 2000,
                      'gt_dims_count': 20,
                      'k_selected': 20,
                      'start': 1993},
                     {'FN': 1,
                      'FP': 1,
                      'IPS': 0.0,
                      'TN': 36,
                      'TP': 0,
                      'end': 2788,
                      'gt_dims_count': 1,
                      'k_selected': 1,
                      'start': 2785},
                     {'FN': 5,
                      'FP': 15,
                      'IPS': 0.6666666666666666,
                      'TN': 8,
                      'TP': 10,
                      'end': 3439,
                      'gt_dims_count': 15,
                      'k_selected': 15,
                      'start': 3435},
                     {'FN': 4,
                      'FP': 7,
                      'IPS': 0.5555555555555556,
                      'TN': 22,
                      'TP': 5,
                      'end': 4945,
                      'gt_dims_count': 9,
                      'k_selected': 9,
                      'start': 4548
},
                     {'FN': 5,
                      'FP': 5,
                      'IPS': 0.0,
                      'TN': 28,
                      'TP': 0,
                      'end': 5072,
                      'gt_dims_count': 5,
                      'k_selected': 5,
                      'start': 5068},
                     {'FN': 4,
                      'FP': 4,
                      'IPS': 0.0,
                      'TN': 30,
                      'TP': 0,
                      'end': 5613,
                      'gt_dims_count': 4,
                      'k_selected': 4,
                      'start': 5609},
                     {'FN': 9,
                      'FP': 15,
                      'IPS': 0.35714285714285715,
                      'TN': 9,
                      'TP': 5,
                      'end': 5785,
                      'gt_dims_count': 14,
                      'k_selected': 14,
                      'start': 5774},
                     {'FN': 2,
                      'FP': 2,
                      'IPS': 0.0,
                      'TN': 34,
                      'TP': 0,
                      'end': 5927,
                      'gt_dims_count': 2,
                      'k_selected': 2,
                      'start': 5923},
                     {'FN': 4,
                      'FP': 17,
                      'IPS': 0.7894736842105263,
                      'TN': 2,
                      'TP': 15,
                      'end': 6319,
                      'gt_dims_count': 19,
                      'k_selected': 19,
                      'start': 6313},
                     {'FN': 7,
                      'FP': 14,
                      'IPS': 0.5333333333333333,
                      'TN': 9,
                      'TP': 8,
                      'end': 7756,
                      'gt_dims_count': 15,
                      'k_selected': 15,
                      'start': 7752},
                     {'FN': 7,
                      'FP': 18,
                      'IPS': 0.5625,
                      'TN': 4,
                      'TP': 9,
                      'end': 9198,
                      'gt_dims_count': 16,
                      'k_selected': 16,
                      'start': 9192},
                     {'FN': 9,
                      'FP': 15,
                      'IPS': 0.4375,
                      'TN': 7,
                      'TP': 7,
                      'end': 10636,
                      'gt_dims_count': 16,
                      'k_selected': 16,
                      'start': 10632},
                     {'FN': 8,
                      'FP': 17,
                      'IPS': 0.5294117647058824,
                      'TN': 4,
                      'TP': 9,
                      'end': 11371,
                      'gt_dims_count': 17,
                      'k_selected': 17,
                      'start': 11368},
                     {'FN': 4,
                      'FP': 17,
                      'IPS': 0.7647058823529411,
                      'TN': 4,
                      'TP': 13,
                      'end': 12076,
                      'gt_dims_count': 17,
                      'k_selected': 17,
                      'start': 12072},
                     {'FN': 2,
                      'FP': 2,
                      'IPS': 0.0,
                      'TN': 34,
                      'TP': 0,
                      'end': 12973,
                      'gt_dims_count': 2,
                      'k_selected': 2,
                      'start': 12970},
                     {'FN': 1,
                      'FP': 1,
                      'IPS': 0.0,
                      'TN': 36,
                      'TP': 0,
                      'end': 13180,
                      'gt_dims_count': 1,
                      'k_selected': 1,
                      'start': 13178},
                     {'FN': 8,
                      'FP': 8,
                      'IPS': 0.0,
                      'TN': 22,
                      'TP': 0,
                      'end': 13519,
                      'gt_dims_count': 8,
                      'k_selected': 8,
                      'start': 13514},
                     {'FN': 8,
                      'FP': 11,
                      'IPS': 0.2,
                      'TN': 17,
                      'TP': 2,
                      'end': 14507,
                      'gt_dims_count': 10,
                      'k_selected': 10,
                      'start': 14504},
                     {'FN': 4,
                      'FP': 4,
                      'IPS': 0.0,
                      'TN': 30,
                      'TP': 0,
                      'end': 14955,
                      'gt_dims_count': 4,
                      'k_selected': 4,
                      'start': 14953},
                     {'FN': 3,
                      'FP': 4,
                      'IPS': 0.0,
                      'TN': 31,
                      'TP': 0,
                      'end': 15301,
                      'gt_dims_count': 3,
                      'k_selected': 3,
                      'start': 15298},
                     {'FN': 4,
                      'FP': 4,
                      'IPS': 0.0,
                      'TN': 30,
                      'TP': 0,
                      'end': 15705,
                      'gt_dims_count': 4,
                      'k_selected': 4,
                      'start': 15703},
                     {'FN': 8,
                      'FP': 8,
                      'IPS': 0.0,
                      'TN': 22,
                      'TP': 0,
                      'end': 16399,
                      'gt_dims_count': 8,
                      'k_selected': 8,
                      'start': 16392},
                     {'FN': 4,
                      'FP': 4,
                      'IPS': 0.0,
                      'TN': 30,
                      'TP': 0,
                      'end': 16621,
                      'gt_dims_count': 4,
                      'k_selected': 4,
                      'start': 16619},
                     {'FN': 4,
                      'FP': 4,
                      'IPS': 0.0,
                      'TN': 30,
                      'TP': 0,
                      'end': 16876,
                      'gt_dims_count': 4,
                      'k_selected': 4,
                      'start': 16873},
                     {'FN': 6,
                      'FP': 16,
                      'IPS': 0.6842105263157895,
                      'TN': 3,
                      'TP': 13,
                      'end': 17839,
                      'gt_dims_count': 19,
                      'k_selected': 19,
                      'start': 17832},
                     {'FN': 0,
                      'FP': 17,
                      'IPS': 1.0,
                      'TN': 0,
                      'TP': 21,
                      'end': 21661,
                      'gt_dims_count': 21,
                      'k_selected': 21,
                      'start': 18501},
                     {'FN': 3,
                      'FP': 3,
                      'IPS': 0.0,
                      'TN': 32,
                      'TP': 0,
                      'end': 22160,
                      'gt_dims_count': 3,
                      'k_selected': 3,
                      'start': 22153},
                     {'FN': 2,
                      'FP': 2,
                      'IPS': 0.0,
                      'TN': 34,
                      'TP': 0,
                      'end': 22320,
                      'gt_dims_count': 2,
                      'k_selected': 2,
                      'start': 22318}],
 'segment_summary': {'F1': 0.41340782122905034,
                     'FN': 146,
                     'FP': 274,
                     'IPS': 0.9243390953354308,
                     'TN': 572,
                     'TP': 148,
                     'precision': 0.35071090047393366,
                     'recall': 0.5034013605442177},
 'threshold': -329.0,
 'train_time': 299.70483181476595,
 'valid_time': 0.2790351231575858}
