2025-06-13 05:30:01.651812: I tensorflow/core/platform/cpu_feature_guard.cc:141] Your CPU supports instructions that this TensorFlow binary was not compiled to use: AVX2 AVX512F FMA
Configurations
===========================================
{'batch_size': 50,
 'bf_search_max': 400.0,
 'bf_search_min': -400.0,
 'bf_search_step_size': 1.0,
 'dataset': 'machine-3-10',
 'dense_dim': 500,
 'early_stop': True,
 'get_score_on_dim': True,
 'gradient_clip_norm': 10.0,
 'initial_lr': 0.001,
 'l2_reg': 0.0001,
 'level': 0.0001,
 'lr_anneal_epoch_freq': 40,
 'lr_anneal_factor': 0.5,
 'lr_anneal_step_freq': None,
 'max_epoch': 10,
 'max_test_size': None,
 'max_train_size': None,
 'nf_layers': 20,
 'posterior_flow_type': 'nf',
 'restore_dir': None,
 'result_dir': 'result',
 'rnn_cell': 'GRU',
 'rnn_num_hidden': 500,
 'save_dir': 'model',
 'save_z': False,
 'std_epsilon': 0.0001,
 'test_batch_size': 50,
 'test_n_z': 1,
 'test_score_filename': 'test_score.pkl',
 'test_start': 0,
 'train_score_filename': 'train_score.pkl',
 'train_start': 0,
 'use_connected_z_p': True,
 'use_connected_z_q': True,
 'valid_step_freq': 100,
 'window_length': 100,
 'x_dim': 38,
 'z_dim': 3}

train start time:  2025-06-13 05:29:48
load data of: machine-3-10
train:  0 None
test:  0 None
Data normalized
Data normalized
train set shape:  (23692, 38)
test set shape:  (23693, 38)
test set label shape:  (23693,)
Trainable Parameters                                            (2,607,740 in total)
------------------------------------------------------------------------------------
model/q_z_given_x/rnn_q_z/rnn/gru_cell/gates/kernel             (538, 1000)  538,000
model/q_z_given_x/rnn_q_z/rnn/gru_cell/gates/bias               (1000,)        1,000
model/q_z_given_x/rnn_q_z/rnn/gru_cell/candidate/kernel         (538, 500)   269,000
model/q_z_given_x/rnn_q_z/rnn/gru_cell/candidate/bias           (500,)           500
model/q_z_given_x/rnn_q_z/dense/kernel                          (500, 500)   250,000
model/q_z_given_x/rnn_q_z/dense/bias                            (500,)           500
model/q_z_given_x/rnn_q_z/dense_1/kernel                        (500, 500)   250,000
model/q_z_given_x/rnn_q_z/dense_1/bias                          (500,)           500
model/vae/variational/z_mean/kernel                             (503, 3)       1,509
model/vae/variational/z_mean/bias                               (3,)               3
model/vae/variational/z_std/kernel                              (503, 3)       1,509
model/vae/variational/z_std/bias                                (3,)               3
model/posterior_flow/_0/w                                       (1, 3)             3
model/posterior_flow/_0/b                                       (1,)               1
model/posterior_flow/_0/u                                       (1, 3)             3
model/posterior_flow/_1/w                                       (1, 3)             3
model/posterior_flow/_1/b                                       (1,)               1
model/posterior_flow/_1/u                                       (1, 3)             3
model/posterior_flow/_2/w                                       (1, 3)             3
model/posterior_flow/_2/b                                       (1,)               1
model/posterior_flow/_2/u                                       (1, 3)             3
model/posterior_flow/_3/w                                       (1, 3)             3
model/posterior_flow/_3/b                                       (1,)               1
model/posterior_flow/_3/u                                       (1, 3)             3
model/posterior_flow/_4/w                                       (1, 3)             3
model/posterior_flow/_4/b                                       (1,)               1
model/posterior_flow/_4/u                                       (1, 3)             3
model/posterior_flow/_5/w                                       (1, 3)             3
model/posterior_flow/_5/b                                       (1,)               1
model/posterior_flow/_5/u                                       (1, 3)             3
model/posterior_flow/_6/w                                       (1, 3)             3
model/posterior_flow/_6/b                                       (1,)               1
model/posterior_flow/_6/u                                       (1, 3)             3
model/posterior_flow/_7/w                                       (1, 3)             3
model/posterior_flow/_7/b                                       (1,)               1
model/posterior_flow/_7/u                                       (1, 3)             3
model/posterior_flow/_8/w                                       (1, 3)             3
model/posterior_flow/_8/b                                       (1,)               1
model/posterior_flow/_8/u                                       (1, 3)             3
model/posterior_flow/_9/w                                       (1, 3)             3
model/posterior_flow/_9/b                                       (1,)               1
model/posterior_flow/_9/u                                       (1, 3)             3
model/posterior_flow/_10/w                                      (1, 3)             3
model/posterior_flow/_10/b                                      (1,)               1
model/posterior_flow/_10/u                                      (1, 3)             3
model/posterior_flow/_11/w                                      (1, 3)             3
model/posterior_flow/_11/b                                      (1,)               1
model/posterior_flow/_11/u                                      (1, 3)             3
model/posterior_flow/_12/w                                      (1, 3)             3
model/posterior_flow/_12/b                                      (1,)               1
model/posterior_flow/_12/u                                      (1, 3)             3
model/posterior_flow/_13/w                                      (1, 3)             3
model/posterior_flow/_13/b                                      (1,)               1
model/posterior_flow/_13/u                                      (1, 3)             3
model/posterior_flow/_14/w                                      (1, 3)             3
model/posterior_flow/_14/b                                      (1,)               1
model/posterior_flow/_14/u                                      (1, 3)             3
model/posterior_flow/_15/w                                      (1, 3)             3
model/posterior_flow/_15/b                                      (1,)               1
model/posterior_flow/_15/u                                      (1, 3)             3
model/posterior_flow/_16/w                                      (1, 3)             3
model/posterior_flow/_16/b                                      (1,)               1
model/posterior_flow/_16/u                                      (1, 3)             3
model/posterior_flow/_17/w                                      (1, 3)             3
model/posterior_flow/_17/b                                      (1,)               1
model/posterior_flow/_17/u                                      (1, 3)             3
model/posterior_flow/_18/w                                      (1, 3)             3
model/posterior_flow/_18/b                                      (1,)               1
model/posterior_flow/_18/u                                      (1, 3)             3
model/posterior_flow/_19/w                                      (1, 3)             3
model/posterior_flow/_19/b                                      (1,)               1
model/posterior_flow/_19/u                                      (1, 3)             3
model/p_x_given_z/hidden/rnn_p_x/rnn/gru_cell/gates/kernel      (503, 1000)  503,000
model/p_x_given_z/hidden/rnn_p_x/rnn/gru_cell/gates/bias        (1000,)        1,000
model/p_x_given_z/hidden/rnn_p_x/rnn/gru_cell/candidate/kernel  (503, 500)   251,500
model/p_x_given_z/hidden/rnn_p_x/rnn/gru_cell/candidate/bias    (500,)           500
model/p_x_given_z/hidden/rnn_p_x/dense/kernel                   (500, 500)   250,000
model/p_x_given_z/hidden/rnn_p_x/dense/bias                     (500,)           500
model/p_x_given_z/hidden/rnn_p_x/dense_1/kernel                 (500, 500)   250,000
model/p_x_given_z/hidden/rnn_p_x/dense_1/bias                   (500,)           500
model/p_x_given_z/x_mean/kernel                                 (500, 38)     19,000
model/p_x_given_z/x_mean/bias                                   (38,)             38
model/p_x_given_z/x_std/kernel                                  (500, 38)     19,000
model/p_x_given_z/x_std/bias                                    (38,)             38/home/hz/anaconda3/envs/py36/lib/python3.6/site-packages/tensorflow/python/framework/dtypes.py:523: FutureWarning: Passing (type, 1) or '1type' as a synonym of type is deprecated; in a future version of numpy, it will be understood as (type, (1,)) / '(1,)type'.
  _np_qint8 = np.dtype([("qint8", np.int8, 1)])
/home/hz/anaconda3/envs/py36/lib/python3.6/site-packages/tensorflow/python/framework/dtypes.py:524: FutureWarning: Passing (type, 1) or '1type' as a synonym of type is deprecated; in a future version of numpy, it will be understood as (type, (1,)) / '(1,)type'.
  _np_quint8 = np.dtype([("quint8", np.uint8, 1)])
/home/hz/anaconda3/envs/py36/lib/python3.6/site-packages/tensorflow/python/framework/dtypes.py:525: FutureWarning: Passing (type, 1) or '1type' as a synonym of type is deprecated; in a future version of numpy, it will be understood as (type, (1,)) / '(1,)type'.
  _np_qint16 = np.dtype([("qint16", np.int16, 1)])
/home/hz/anaconda3/envs/py36/lib/python3.6/site-packages/tensorflow/python/framework/dtypes.py:526: FutureWarning: Passing (type, 1) or '1type' as a synonym of type is deprecated; in a future version of numpy, it will be understood as (type, (1,)) / '(1,)type'.
  _np_quint16 = np.dtype([("quint16", np.uint16, 1)])
/home/hz/anaconda3/envs/py36/lib/python3.6/site-packages/tensorflow/python/framework/dtypes.py:527: FutureWarning: Passing (type, 1) or '1type' as a synonym of type is deprecated; in a future version of numpy, it will be understood as (type, (1,)) / '(1,)type'.
  _np_qint32 = np.dtype([("qint32", np.int32, 1)])
/home/hz/anaconda3/envs/py36/lib/python3.6/site-packages/tensorflow/python/framework/dtypes.py:532: FutureWarning: Passing (type, 1) or '1type' as a synonym of type is deprecated; in a future version of numpy, it will be understood as (type, (1,)) / '(1,)type'.
  np_resource = np.dtype([("resource", np.ubyte, 1)])
/home/hz/anaconda3/envs/py36/lib/python3.6/site-packages/tfsnippet/utils/tfver.py:22: DeprecationWarning: Function 'semver.compare' is deprecated. Deprecated since version 2.10.0.  This function will be removed in semver 3. Use the respective 'semver.VersionInfo.compare' instead.
  compare_result = semver.compare(version, tf.__version__)
/home/hz/anaconda3/envs/py36/lib/python3.6/site-packages/tfsnippet/utils/tfver.py:22: DeprecationWarning: Function 'semver.compare' is deprecated. Deprecated since version 2.10.0.  This function will be removed in semver 3. Use the respective 'semver.VersionInfo.compare' instead.
  compare_result = semver.compare(version, tf.__version__)
INFO:tensorflow:Restoring parameters from /tmp/tmpdpm9l11o/variables.dat-3200
2025-06-13 06:28:24,540 [INFO] tensorflow: Restoring parameters from /tmp/tmpdpm9l11o/variables.dat-3200


train_values: (16585, 38)
[Epoch 1/10, Step 100] step time: 1.238s (±5.071s); train time: 1m 13.99s; valid time: 49.86s; loss: -13.864 (±57.7023); valid loss: -55.4212 (*)
[Epoch 1/10, Step 200] step time: 1.079s (±4.774s); train time: 59.92s; valid time: 47.99s; loss: -54.7272 (±4.71636); valid loss: -55.8008 (*)
[Epoch 1/10, Step 300] step time: 1.077s (±4.786s); train time: 59.7s; valid time: 48.09s; loss: -57.6998 (±4.4455); valid loss: -61.5767 (*)
train_values: (16585, 38)
[Epoch 2/10, Step 400, ETA 53m 49.52s] step time: 1.074s (±4.796s); train time: 42.17s; valid time: 48.19s; loss: -59.4778 (±4.9649); valid loss: -61.6254 (*)
[Epoch 2/10, Step 500, ETA 51m 35.61s] step time: 1.077s (±4.775s); train time: 59.78s; valid time: 48s; loss: -61.6237 (±5.81411); valid loss: -65.1383 (*)
[Epoch 2/10, Step 600, ETA 49m 19.65s] step time: 1.053s (±4.645s); train time: 58.7s; valid time: 46.68s; loss: -63.6067 (±4.61477); valid loss: -64.6623
train_values: (16585, 38)
[Epoch 3/10, Step 700, ETA 47m 17.65s] step time: 1.067s (±4.657s); train time: 25.26s; valid time: 46.8s; loss: -59.515 (±6.98748); valid loss: -57.1074
[Epoch 3/10, Step 800, ETA 45m 18.55s] step time: 1.065s (±4.654s); train time: 59.71s; valid time: 46.78s; loss: -62.7485 (±6.91802); valid loss: -69.3662 (*)
[Epoch 3/10, Step 900, ETA 43m 21.45s] step time: 1.061s (±4.65s); train time: 59.47s; valid time: 46.73s; loss: -62.8603 (±7.77633); valid loss: -65.9752
train_values: (16585, 38)
[Epoch 4/10, Step 1000, ETA 41m 28.93s] step time: 1.072s (±4.722s); train time: 7.813s; valid time: 47.45s; loss: -58.8266 (±26.0948); valid loss: -74.6926 (*)
[Epoch 4/10, Step 1100, ETA 39m 35.42s] step time: 1.062s (±4.656s); train time: 59.46s; valid time: 46.8s; loss: -63.6576 (±6.48034); valid loss: -68.3364
[Epoch 4/10, Step 1200, ETA 37m 43.5s] step time: 1.064s (±4.664s); train time: 59.6s; valid time: 46.88s; loss: -60.7206 (±10.0012); valid loss: -39.3642
[Epoch 4/10, Step 1300, ETA 35m 52.21s] step time: 1.063s (±4.699s); train time: 59.13s; valid time: 47.22s; loss: -61.9744 (±10.663); valid loss: -69.2456
train_values: (16585, 38)
[Epoch 5/10, Step 1400, ETA 34m 2.584s] step time: 1.07s (±4.68s); train time: 50.39s; valid time: 47.05s; loss: -60.5293 (±10.3967); valid loss: -65.0549
[Epoch 5/10, Step 1500, ETA 32m 13.59s] step time: 1.073s (±4.688s); train time: 1m 0.1797s; valid time: 47.12s; loss: -53.9489 (±22.2977); valid loss: -67.1401
[Epoch 5/10, Step 1600, ETA 30m 24.76s] step time: 1.072s (±4.687s); train time: 1m 0.1417s; valid time: 47.11s; loss: -55.9231 (±18.57); valid loss: -65.1028
train_values: (16585, 38)
[Epoch 6/10, Step 1700, ETA 28m 36.2s] step time: 1.073s (±4.689s); train time: 33.11s; valid time: 47.14s; loss: -59.9617 (±11.408); valid loss: -73.745
[Epoch 6/10, Step 1800, ETA 26m 47.71s] step time: 1.072s (±4.696s); train time: 1m 0.07218s; valid time: 47.19s; loss: -67.1963 (±6.19219); valid loss: -65.7241
[Epoch 6/10, Step 1900, ETA 24m 58.41s] step time: 1.059s (±4.705s); train time: 58.7s; valid time: 47.28s; loss: -66.089 (±6.96535); valid loss: -73.3791
train_values: (16585, 38)
[Epoch 7/10, Step 2000, ETA 23m 10.16s] step time: 1.07s (±4.689s); train time: 15.68s; valid time: 47.11s; loss: -68.159 (±5.17812); valid loss: -65.9749
[Epoch 7/10, Step 2100, ETA 21m 22.05s] step time: 1.071s (±4.691s); train time: 1m 0.01369s; valid time: 47.14s; loss: -70.8549 (±4.8265); valid loss: -72.8579
[Epoch 7/10, Step 2200, ETA 19m 34.08s] step time: 1.072s (±4.694s); train time: 1m 0.06631s; valid time: 47.19s; loss: -67.2016 (±8.28969); valid loss: -73.8305
[Epoch 7/10, Step 2300, ETA 17m 46.38s] step time: 1.077s (±4.69s); train time: 1m 0.5955s; valid time: 47.14s; loss: -72.1894 (±5.87079); valid loss: -72.8296
train_values: (16585, 38)
[Epoch 8/10, Step 2400, ETA 15m 58.57s] step time: 1.074s (±4.697s); train time: 58.38s; valid time: 47.2s; loss: -73.1333 (±4.29672); valid loss: -66.469
[Epoch 8/10, Step 2500, ETA 14m 11.11s] step time: 1.084s (±4.808s); train time: 1m 0.1608s; valid time: 48.32s; loss: -73.9226 (±5.17806); valid loss: -76.6943 (*)
[Epoch 8/10, Step 2600, ETA 12m 23.61s] step time: 1.086s (±4.84s); train time: 59.98s; valid time: 48.64s; loss: -75.3014 (±3.93099); valid loss: -77.2667 (*)
train_values: (16585, 38)
[Epoch 9/10, Step 2700, ETA 10m 35.66s] step time: 1.069s (±4.682s); train time: 40.64s; valid time: 47.06s; loss: -74.6068 (±5.59508); valid loss: -75.0098
[Epoch 9/10, Step 2800, ETA 8m 47.85s] step time: 1.073s (±4.674s); train time: 1m 0.3369s; valid time: 46.98s; loss: -73.1983 (±4.6689); valid loss: -76.3226
[Epoch 9/10, Step 2900, ETA 7m 0.05558s] step time: 1.072s (±4.677s); train time: 1m 0.1894s; valid time: 47.02s; loss: -76.5415 (±4.95127); valid loss: -75.2922
train_values: (16585, 38)
[Epoch 10/10, Step 3000, ETA 5m 12.33s] step time: 1.074s (±4.717s); train time: 23.47s; valid time: 47.38s; loss: -75.279 (±4.12574); valid loss: -76.1866
[Epoch 10/10, Step 3100, ETA 3m 24.61s] step time: 1.074s (±4.711s); train time: 1m 0.09309s; valid time: 47.37s; loss: -75.0208 (±6.3755); valid loss: -75.2751
[Epoch 10/10, Step 3200, ETA 1m 36.94s] step time: 1.085s (±4.819s); train time: 1m 0.07037s; valid time: 48.43s; loss: -78.5598 (±3.4782); valid loss: -80.5324 (*)
train end time:  2025-06-13 06:28:24
train time:  3516.702605009079
test start time:  2025-06-13 06:28:24
------------------------------ testing ------------------------------
test_score shape:  (23594, 38)
test_z shape:  (23594, 100, 6)
search range:  -400.0 400.0
cur thr:  -399.0 [0.15952923413629622, 0.08667936080248419, 0.9999999904489018, 1047.0, 11515.0, 11032.0, 0.0, 1.1538372781747832] [0.15952923413629622, 0.08667936080248419, 0.9999999904489018, 1047.0, 11515.0, 11032.0, 0.0, 1.1538372781747832] -399.0
cur thr:  -349.0 [0.1533153215945444, 0.08302275784392772, 0.9999999904489018, 1047.0, 10983.0, 11564.0, 0.0, 0.23076745563495665] [0.15952923413629622, 0.08667936080248419, 0.9999999904489018, 1047.0, 11515.0, 11032.0, 0.0, 1.1538372781747832] -399.0
cur thr:  -299.0 [0.14644244985785687, 0.0790069422887059, 0.9999999904489018, 1047.0, 10342.0, 12205.0, 0.0, 0.23076745563495665] [0.15952923413629622, 0.08667936080248419, 0.9999999904489018, 1047.0, 11515.0, 11032.0, 0.0, 1.1538372781747832] -399.0
cur thr:  -249.0 [0.1401968750168647, 0.07538339687854893, 0.9999999904489018, 1047.0, 9705.0, 12842.0, 0.0, 0.23076745563495665] [0.15952923413629622, 0.08667936080248419, 0.9999999904489018, 1047.0, 11515.0, 11032.0, 0.0, 1.1538372781747832] -399.0
cur thr:  -199.0 [0.13451406602859456, 0.07210743796686815, 0.9999999904489018, 1047.0, 9074.0, 13473.0, 0.0, 0.23076745563495665] [0.15952923413629622, 0.08667936080248419, 0.9999999904489018, 1047.0, 11515.0, 11032.0, 0.0, 1.1538372781747832] -399.0
cur thr:  -149.0 [0.1285754883832504, 0.06870529557798721, 0.9999999904489018, 1047.0, 8355.0, 14192.0, 0.0, 0.23076745563495665] [0.15952923413629622, 0.08667936080248419, 0.9999999904489018, 1047.0, 11515.0, 11032.0, 0.0, 1.1538372781747832] -399.0
cur thr:  -99.0 [0.12127767447864142, 0.06455391820423335, 0.9999999904489018, 1047.0, 7375.0, 15172.0, 0.0, 0.23076745563495665] [0.15952923413629622, 0.08667936080248419, 0.9999999904489018, 1047.0, 11515.0, 11032.0, 0.0, 1.1538372781747832] -399.0
cur thr:  -49.0 [0.1145942241398164, 0.060780215917345747, 0.9999999904489018, 1047.0, 6368.0, 16179.0, 0.0, 0.23076745563495665] [0.15952923413629622, 0.08667936080248419, 0.9999999904489018, 1047.0, 11515.0, 11032.0, 0.0, 1.1538372781747832] -399.0
cur thr:  1.0 [0.10632039457965019, 0.05614543111532313, 0.9999999904489018, 1047.0, 4946.0, 17601.0, 0.0, 0.23076745563495665] [0.15952923413629622, 0.08667936080248419, 0.9999999904489018, 1047.0, 11515.0, 11032.0, 0.0, 1.1538372781747832] -399.0
cur thr:  51.0 [0.09109013450894313, 0.04771888243575093, 0.9999999904489018, 1047.0, 1653.0, 20894.0, 0.0, 0.23076745563495665] [0.15952923413629622, 0.08667936080248419, 0.9999999904489018, 1047.0, 11515.0, 11032.0, 0.0, 1.1538372781747832] -399.0
cur thr:  101.0 [0.08497950360115783, 0.044375688715615966, 0.9999999904489018, 1047.0, 0.0, 22547.0, 0.0, 0.0]  0%|          | 0/23594 [00:00<?, ?it/s]100%|██████████| 23594/23594 [00:00<00:00, 1521227.44it/s] [0.15952923413629622, 0.08667936080248419, 0.9999999904489018, 1047.0, 11515.0, 11032.0, 0.0, 1.1538372781747832] -399.0
cur thr:  151.0 [0.08497950360115783, 0.044375688715615966, 0.9999999904489018, 1047.0, 0.0, 22547.0, 0.0, 0.0] [0.15952923413629622, 0.08667936080248419, 0.9999999904489018, 1047.0, 11515.0, 11032.0, 0.0, 1.1538372781747832] -399.0
cur thr:  201.0 [0.08497950360115783, 0.044375688715615966, 0.9999999904489018, 1047.0, 0.0, 22547.0, 0.0, 0.0] [0.15952923413629622, 0.08667936080248419, 0.9999999904489018, 1047.0, 11515.0, 11032.0, 0.0, 1.1538372781747832] -399.0
cur thr:  251.0 [0.08497950360115783, 0.044375688715615966, 0.9999999904489018, 1047.0, 0.0, 22547.0, 0.0, 0.0] [0.15952923413629622, 0.08667936080248419, 0.9999999904489018, 1047.0, 11515.0, 11032.0, 0.0, 1.1538372781747832] -399.0
cur thr:  301.0 [0.08497950360115783, 0.044375688715615966, 0.9999999904489018, 1047.0, 0.0, 22547.0, 0.0, 0.0] [0.15952923413629622, 0.08667936080248419, 0.9999999904489018, 1047.0, 11515.0, 11032.0, 0.0, 1.1538372781747832] -399.0
cur thr:  351.0 [0.08497950360115783, 0.044375688715615966, 0.9999999904489018, 1047.0, 0.0, 22547.0, 0.0, 0.0] [0.15952923413629622, 0.08667936080248419, 0.9999999904489018, 1047.0, 11515.0, 11032.0, 0.0, 1.1538372781747832] -399.0
[0.15952923413629622, 0.08667936080248419, 0.9999999904489018, 1047.0, 11515.0, 11032.0, 0.0, 1.1538372781747832] -399.0
label_file: ServerMachineDataset/interpretation_label/machine-3-10.txt
Initial threshold : 3391.7842
Number of peaks : 2
Grimshaw maximum log-likelihood estimation ... [done]
	γ = 0
	σ = 995.99536
	L = 15.807485200545347
Extreme quantile (probability = 0.001): 933.8639612198876
186
23594
POT result:  (0.4781761067770039, 0.6706896436087992, 0.3715377232899931, 389.0, 22356.0, 191.0, 658.0) -3368.1363077881974 6.999860002799944

=== 全局调试信息 ===
y_true shape: (23594,), unique values: [0. 1.]
y_pred shape: (23594,), unique values: [False  True]
feature_scores shape: (23594, 38)
y_true 中的异常段: [(227, 229), (2056, 2128), (2776, 2851), (3497, 3499), (6387, 6398), (7792, 7801), (9237, 9247), (10673, 10682), (12120, 12128), (13049, 13341), (14556, 14573), (21401, 21501), (21686, 22113)]


=== 处理第 1/13 段 ===
段范围: start=227, end=229
段内真实标签 (seg_true): [1. 1. 1.]
段内预测标签 (seg_pred): [ True  True  True]
段内真实异常时间点索引 (相对段内): [0 1 2]
段内是否有预测为异常的时间点: True
真实异常维度 (0-based): [32, 33]
段内检测到的异常时间点索引 (相对段内): [0 1 2]
推断的异常维度 (0-based): [31, 36]
真实与推断的交集: []
段内指标: TP=0, FP=2, FN=2, TN=34, IPS=0.0000

=== 处理第 2/13 段 ===
段范围: start=2056, end=2128
段内真实标签 (seg_true): [1. 1. 1. 1. 1. 1. 1. 1. 1. 1. 1. 1. 1. 1. 1. 1. 1. 1. 1. 1. 1. 1. 1. 1.
 1. 1. 1. 1. 1. 1. 1. 1. 1. 1. 1. 1. 1. 1. 1. 1. 1. 1. 1. 1. 1. 1. 1. 1.
 1. 1. 1. 1. 1. 1. 1. 1. 1. 1. 1. 1. 1. 1. 1. 1. 1. 1. 1. 1. 1. 1. 1. 1.
 1.]
段内预测标签 (seg_pred): [ True  True  True  True  True  True  True  True  True  True  True  True
  True  True  True  True  True  True  True  True  True  True  True  True
  True  True  True  True  True  True  True  True  True  True  True  True
  True  True  True  True  True  True  True  True  True  True  True  True
  True  True  True  True  True  True  True  True  True  True  True  True
  True  True  True  True  True  True  True  True  True  True  True  True
  True]
段内真实异常时间点索引 (相对段内): [ 0  1  2  3  4  5  6  7  8  9 10 11 12 13 14 15 16 17 18 19 20 21 22 23
 24 25 26 27 28 29 30 31 32 33 34 35 36 37 38 39 40 41 42 43 44 45 46 47
 48 49 50 51 52 53 54 55 56 57 58 59 60 61 62 63 64 65 66 67 68 69 70 71
 72]
段内是否有预测为异常的时间点: True
真实异常维度 (0-based): [8, 11, 12, 13, 14]
段内检测到的异常时间点索引 (相对段内): [ 0  1  2  3  4  5  6  7  8  9 10 11 12 13 14 15 16 17 18 19 20 21 22 23
 24 25 26 27 28 29 30 31 32 33 34 35 36 37 38 39 40 41 42 43 44 45 46 47
 48 49 50 51 52 53 54 55 56 57 58 59 60 61 62 63 64 65 66 67 68 69 70 71
 72]
推断的异常维度 (0-based): [4, 7, 17, 26, 28, 36]
真实与推断的交集: []
段内指标: TP=0, FP=6, FN=5, TN=27, IPS=0.0000

=== 处理第 3/13 段 ===
段范围: start=2776, end=2851
段内真实标签 (seg_true): [1. 1. 1. 1. 1. 1. 1. 1. 1. 1. 1. 1. 1. 1. 1. 1. 1. 1. 1. 1. 1. 1. 1. 1.
 1. 1. 1. 1. 1. 1. 1. 1. 1. 1. 1. 1. 1. 1. 1. 1. 1. 1. 1. 1. 1. 1. 1. 1.
 1. 1. 1. 1. 1. 1. 1. 1. 1. 1. 1. 1. 1. 1. 1. 1. 1. 1. 1. 1. 1. 1. 1. 1.
 1. 1. 1. 1.]
段内预测标签 (seg_pred): [False False False False False False False False False False False False
 False False False False False False False False False False False False
 False False False False False False False False False False False False
 False False False False False False False False False False False False
 False False False False False False False False False False False False
 False False False False False False False False False False False False
 False False False False]
段内真实异常时间点索引 (相对段内): [ 0  1  2  3  4  5  6  7  8  9 10 11 12 13 14 15 16 17 18 19 20 21 22 23
 24 25 26 27 28 29 30 31 32 33 34 35 36 37 38 39 40 41 42 43 44 45 46 47
 48 49 50 51 52 53 54 55 56 57 58 59 60 61 62 63 64 65 66 67 68 69 70 71
 72 73 74 75]
段内是否有预测为异常的时间点: False
真实异常维度 (0-based): [18, 20, 21, 27, 29, 30, 34, 35]
段内检测到的异常时间点索引 (相对段内): []
未检测到任何异常点，尝试从特征分数中推断异常维度
推断的异常维度 (0-based): [4, 16, 17, 26, 28, 31, 32, 36]
真实与推断的交集: []
段内指标: TP=0, FP=8, FN=8, TN=22, IPS=0.0000

=== 处理第 4/13 段 ===
段范围: start=3497, end=3499
段内真实标签 (seg_true): [1. 1. 1.]
段内预测标签 (seg_pred): [False False False]
段内真实异常时间点索引 (相对段内): [0 1 2]
段内是否有预测为异常的时间点: False
真实异常维度 (0-based): [8, 11, 12, 13, 14]
段内检测到的异常时间点索引 (相对段内): []
未检测到任何异常点，尝试从特征分数中推断异常维度
推断的异常维度 (0-based): [4, 17, 26, 28, 31]
真实与推断的交集: []
段内指标: TP=0, FP=5, FN=5, TN=28, IPS=0.0000

=== 处理第 5/13 段 ===
段范围: start=6387, end=6398
段内真实标签 (seg_true): [1. 1. 1. 1. 1. 1. 1. 1. 1. 1. 1. 1.]
段内预测标签 (seg_pred): [False False False False False False False False False False False False]
段内真实异常时间点索引 (相对段内): [ 0  1  2  3  4  5  6  7  8  9 10 11]
段内是否有预测为异常的时间点: False
真实异常维度 (0-based): [8, 11, 12, 13]
段内检测到的异常时间点索引 (相对段内): []
未检测到任何异常点，尝试从特征分数中推断异常维度
推断的异常维度 (0-based): [4, 17, 26, 31]
真实与推断的交集: []
段内指标: TP=0, FP=4, FN=4, TN=30, IPS=0.0000

=== 处理第 6/13 段 ===
段范围: start=7792, end=7801
段内真实标签 (seg_true): [1. 1. 1. 1. 1. 1. 1. 1. 1. 1.]
段内预测标签 (seg_pred): [ True  True  True  True  True  True  True  True  True  True]
段内真实异常时间点索引 (相对段内): [0 1 2 3 4 5 6 7 8 9]
段内是否有预测为异常的时间点: True
真实异常维度 (0-based): [8, 11, 12, 13]
段内检测到的异常时间点索引 (相对段内): [0 1 2 3 4 5 6 7 8 9]
推断的异常维度 (0-based): [4, 16, 17, 28, 31, 36]
真实与推断的交集: []
段内指标: TP=0, FP=6, FN=4, TN=28, IPS=0.0000

=== 处理第 7/13 段 ===
段范围: start=9237, end=9247
段内真实标签 (seg_true): [1. 1. 1. 1. 1. 1. 1. 1. 1. 1. 1.]
段内预测标签 (seg_pred): [False False False False False False False False False False False]
段内真实异常时间点索引 (相对段内): [ 0  1  2  3  4  5  6  7  8  9 10]
段内是否有预测为异常的时间点: False
真实异常维度 (0-based): [8, 11, 12, 13]
段内检测到的异常时间点索引 (相对段内): []
未检测到任何异常点，尝试从特征分数中推断异常维度
推断的异常维度 (0-based): [4, 26, 28, 36]
真实与推断的交集: []
段内指标: TP=0, FP=4, FN=4, TN=30, IPS=0.0000

=== 处理第 8/13 段 ===
段范围: start=10673, end=10682
段内真实标签 (seg_true): [1. 1. 1. 1. 1. 1. 1. 1. 1. 1.]
段内预测标签 (seg_pred): [ True  True  True  True  True  True  True  True  True  True]
段内真实异常时间点索引 (相对段内): [0 1 2 3 4 5 6 7 8 9]
段内是否有预测为异常的时间点: True
真实异常维度 (0-based): [8, 11, 12, 13]
段内检测到的异常时间点索引 (相对段内): [0 1 2 3 4 5 6 7 8 9]
推断的异常维度 (0-based): [4, 17, 26, 28]
真实与推断的交集: []
段内指标: TP=0, FP=4, FN=4, TN=30, IPS=0.0000

=== 处理第 9/13 段 ===
段范围: start=12120, end=12128
段内真实标签 (seg_true): [1. 1. 1. 1. 1. 1. 1. 1. 1.]
段内预测标签 (seg_pred): [False False False False False False False False False]
段内真实异常时间点索引 (相对段内): [0 1 2 3 4 5 6 7 8]
段内是否有预测为异常的时间点: False
真实异常维度 (0-based): [8, 11, 12, 13]
段内检测到的异常时间点索引 (相对段内): []
未检测到任何异常点，尝试从特征分数中推断异常维度
推断的异常维度 (0-based): [4, 17, 26, 28]
真实与推断的交集: []
段内指标: TP=0, FP=4, FN=4, TN=30, IPS=0.0000

=== 处理第 10/13 段 ===
段范围: start=13049, end=13341
段内真实标签 (seg_true): [1. 1. 1. 1. 1. 1. 1. 1. 1. 1. 1. 1. 1. 1. 1. 1. 1. 1. 1. 1. 1. 1. 1. 1.
 1. 1. 1. 1. 1. 1. 1. 1. 1. 1. 1. 1. 1. 1. 1. 1. 1. 1. 1. 1. 1. 1. 1. 1.
 1. 1. 1. 1. 1. 1. 1. 1. 1. 1. 1. 1. 1. 1. 1. 1. 1. 1. 1. 1. 1. 1. 1. 1.
 1. 1. 1. 1. 1. 1. 1. 1. 1. 1. 1. 1. 1. 1. 1. 1. 1. 1. 1. 1. 1. 1. 1. 1.
 1. 1. 1. 1. 1. 1. 1. 1. 1. 1. 1. 1. 1. 1. 1. 1. 1. 1. 1. 1. 1. 1. 1. 1.
 1. 1. 1. 1. 1. 1. 1. 1. 1. 1. 1. 1. 1. 1. 1. 1. 1. 1. 1. 1. 1. 1. 1. 1.
 1. 1. 1. 1. 1. 1. 1. 1. 1. 1. 1. 1. 1. 1. 1. 1. 1. 1. 1. 1. 1. 1. 1. 1.
 1. 1. 1. 1. 1. 1. 1. 1. 1. 1. 1. 1. 1. 1. 1. 1. 1. 1. 1. 1. 1. 1. 1. 1.
 1. 1. 1. 1. 1. 1. 1. 1. 1. 1. 1. 1. 1. 1. 1. 1. 1. 1. 1. 1. 1. 1. 1. 1.
 1. 1. 1. 1. 1. 1. 1. 1. 1. 1. 1. 1. 1. 1. 1. 1. 1. 1. 1. 1. 1. 1. 1. 1.
 1. 1. 1. 1. 1. 1. 1. 1. 1. 1. 1. 1. 1. 1. 1. 1. 1. 1. 1. 1. 1. 1. 1. 1.
 1. 1. 1. 1. 1. 1. 1. 1. 1. 1. 1. 1. 1. 1. 1. 1. 1. 1. 1. 1. 1. 1. 1. 1.
 1. 1. 1. 1. 1.]
段内预测标签 (seg_pred): [ True  True  True  True  True  True  True  True  True  True  True  True
  True  True  True  True  True  True  True  True  True  True  True  True
  True  True  True  True  True  True  True  True  True  True  True  True
  True  True  True  True  True  True  True  True  True  True  True  True
  True  True  True  True  True  True  True  True  True  True  True  True
  True  True  True  True  True  True  True  True  True  True  True  True
  True  True  True  True  True  True  True  True  True  True  True  True
  True  True  True  True  True  True  True  True  True  True  True  True
  True  True  True  True  True  True  True  True  True  True  True  True
  True  True  True  True  True  True  True  True  True  True  True  True
  True  True  True  True  True  True  True  True  True  True  True  True
  True  True  True  True  True  True  True  True  True  True  True  True
  True  True  True  True  True  True  True  True  True  True  True  True
  True  True  True  True  True  True  True  True  True  True  True  True
  True  True  True  True  True  True  True  True  True  True  True  True
  True  True  True  True  True  True  True  True  True  True  True  True
  True  True  True  True  True  True  True  True  True  True  True  True
  True  True  True  True  True  True  True  True  True  True  True  True
  True  True  True  True  True  True  True  True  True  True  True  True
  True  True  True  True  True  True  True  True  True  True  True  True
  True  True  True  True  True  True  True  True  True  True  True  True
  True  True  True  True  True  True  True  True  True  True  True  True
  True  True  True  True  True  True  True  True  True  True  True  True
  True  True  True  True  True  True  True  True  True  True  True  True
  True  True  True  True  True]
段内真实异常时间点索引 (相对段内): [  0   1   2   3   4   5   6   7   8   9  10  11  12  13  14  15  16  17
  18  19  20  21  22  23  24  25  26  27  28  29  30  31  32  33  34  35
  36  37  38  39  40  41  42  43  44  45  46  47  48  49  50  51  52  53
  54  55  56  57  58  59  60  61  62  63  64  65  66  67  68  69  70  71
  72  73  74  75  76  77  78  79  80  81  82  83  84  85  86  87  88  89
  90  91  92  93  94  95  96  97  98  99 100 101 102 103 104 105 106 107
 108 109 110 111 112 113 114 115 116 117 118 119 120 121 122 123 124 125
 126 127 128 129 130 131 132 133 134 135 136 137 138 139 140 141 142 143
 144 145 146 147 148 149 150 151 152 153 154 155 156 157 158 159 160 161
 162 163 164 165 166 167 168 169 170 171 172 173 174 175 176 177 178 179
 180 181 182 183 184 185 186 187 188 189 190 191 192 193 194 195 196 197
 198 199 200 201 202 203 204 205 206 207 208 209 210 211 212 213 214 215
 216 217 218 219 220 221 222 223 224 225 226 227 228 229 230 231 232 233
 234 235 236 237 238 239 240 241 242 243 244 245 246 247 248 249 250 251
 252 253 254 255 256 257 258 259 260 261 262 263 264 265 266 267 268 269
 270 271 272 273 274 275 276 277 278 279 280 281 282 283 284 285 286 287
 288 289 290 291 292]
段内是否有预测为异常的时间点: True
真实异常维度 (0-based): [0, 1, 2, 3, 10, 13, 15, 20, 21, 22, 23, 24, 25, 27, 30, 32, 33, 34, 35]
段内检测到的异常时间点索引 (相对段内): [  0   1   2   3   4   5   6   7   8   9  10  11  12  13  14  15  16  17
  18  19  20  21  22  23  24  25  26  27  28  29  30  31  32  33  34  35
  36  37  38  39  40  41  42  43  44  45  46  47  48  49  50  51  52  53
  54  55  56  57  58  59  60  61  62  63  64  65  66  67  68  69  70  71
  72  73  74  75  76  77  78  79  80  81  82  83  84  85  86  87  88  89
  90  91  92  93  94  95  96  97  98  99 100 101 102 103 104 105 106 107
 108 109 110 111 112 113 114 115 116 117 118 119 120 121 122 123 124 125
 126 127 128 129 130 131 132 133 134 135 136 137 138 139 140 141 142 143
 144 145 146 147 148 149 150 151 152 153 154 155 156 157 158 159 160 161
 162 163 164 165 166 167 168 169 170 171 172 173 174 175 176 177 178 179
 180 181 182 183 184 185 186 187 188 189 190 191 192 193 194 195 196 197
 198 199 200 201 202 203 204 205 206 207 208 209 210 211 212 213 214 215
 216 217 218 219 220 221 222 223 224 225 226 227 228 229 230 231 232 233
 234 235 236 237 238 239 240 241 242 243 244 245 246 247 248 249 250 251
 252 253 254 255 256 257 258 259 260 261 262 263 264 265 266 267 268 269
 270 271 272 273 274 275 276 277 278 279 280 281 282 283 284 285 286 287
 288 289 290 291 292]
推断的异常维度 (0-based): [0, 1, 2, 4, 5, 6, 7, 8, 9, 10, 11, 12, 13, 14, 15, 16, 17, 22, 23, 24, 25, 26, 28, 29, 31, 32, 33, 34, 36, 37]
真实与推断的交集: [0, 1, 2, 10, 13, 15, 22, 23, 24, 25, 32, 33, 34]
段内指标: TP=13, FP=17, FN=6, TN=2, IPS=0.6842

=== 处理第 11/13 段 ===
段范围: start=14556, end=14573
段内真实标签 (seg_true): [1. 1. 1. 1. 1. 1. 1. 1. 1. 1. 1. 1. 1. 1. 1. 1. 1. 1.]
段内预测标签 (seg_pred): [False False False False False False False False False False False False
 False False False False False False]
段内真实异常时间点索引 (相对段内): [ 0  1  2  3  4  5  6  7  8  9 10 11 12 13 14 15 16 17]
段内是否有预测为异常的时间点: False
真实异常维度 (0-based): [5, 6, 18, 19, 20, 21, 23, 25, 29, 30, 34, 35]
段内检测到的异常时间点索引 (相对段内): []
未检测到任何异常点，尝试从特征分数中推断异常维度
推断的异常维度 (0-based): [4, 7, 8, 9, 14, 16, 17, 26, 28, 31, 32, 36, 37]
真实与推断的交集: []
段内指标: TP=0, FP=13, FN=12, TN=13, IPS=0.0000

=== 处理第 12/13 段 ===
段范围: start=21401, end=21501
段内真实标签 (seg_true): [1. 1. 1. 1. 1. 1. 1. 1. 1. 1. 1. 1. 1. 1. 1. 1. 1. 1. 1. 1. 1. 1. 1. 1.
 1. 1. 1. 1. 1. 1. 1. 1. 1. 1. 1. 1. 1. 1. 1. 1. 1. 1. 1. 1. 1. 1. 1. 1.
 1. 1. 1. 1. 1. 1. 1. 1. 1. 1. 1. 1. 1. 1. 1. 1. 1. 1. 1. 1. 1. 1. 1. 1.
 1. 1. 1. 1. 1. 1. 1. 1. 1. 1. 1. 1. 1. 1. 1. 1. 1. 1. 1. 1. 1. 1. 1. 1.
 1. 1. 1. 1. 1.]
段内预测标签 (seg_pred): [False False False False False False False False False False False False
 False False False False False False False False False False False False
 False False False False False False False False False False False False
 False False False False False False False False False False False False
 False False False False False False False False False False False False
 False False False False False False False False False False False False
 False False False False False False False False False False False False
 False False False False False False False False False False False False
 False False False False False]
段内真实异常时间点索引 (相对段内): [  0   1   2   3   4   5   6   7   8   9  10  11  12  13  14  15  16  17
  18  19  20  21  22  23  24  25  26  27  28  29  30  31  32  33  34  35
  36  37  38  39  40  41  42  43  44  45  46  47  48  49  50  51  52  53
  54  55  56  57  58  59  60  61  62  63  64  65  66  67  68  69  70  71
  72  73  74  75  76  77  78  79  80  81  82  83  84  85  86  87  88  89
  90  91  92  93  94  95  96  97  98  99 100]
段内是否有预测为异常的时间点: False
真实异常维度 (0-based): [0, 1, 2, 3, 10, 15, 18, 19, 20, 21, 22, 24, 27, 30]
段内检测到的异常时间点索引 (相对段内): []
未检测到任何异常点，尝试从特征分数中推断异常维度
推断的异常维度 (0-based): [4, 7, 8, 9, 11, 12, 13, 14, 16, 17, 19, 20, 26, 27, 28, 31, 32, 33, 35, 36, 37]
真实与推断的交集: [19, 20, 27]
段内指标: TP=3, FP=18, FN=11, TN=6, IPS=0.2143

=== 处理第 13/13 段 ===
段范围: start=21686, end=22113
段内真实标签 (seg_true): [1. 1. 1. 1. 1. 1. 1. 1. 1. 1. 1. 1. 1. 1. 1. 1. 1. 1. 1. 1. 1. 1. 1. 1.
 1. 1. 1. 1. 1. 1. 1. 1. 1. 1. 1. 1. 1. 1. 1. 1. 1. 1. 1. 1. 1. 1. 1. 1.
 1. 1. 1. 1. 1. 1. 1. 1. 1. 1. 1. 1. 1. 1. 1. 1. 1. 1. 1. 1. 1. 1. 1. 1.
 1. 1. 1. 1. 1. 1. 1. 1. 1. 1. 1. 1. 1. 1. 1. 1. 1. 1. 1. 1. 1. 1. 1. 1.
 1. 1. 1. 1. 1. 1. 1. 1. 1. 1. 1. 1. 1. 1. 1. 1. 1. 1. 1. 1. 1. 1. 1. 1.
 1. 1. 1. 1. 1. 1. 1. 1. 1. 1. 1. 1. 1. 1. 1. 1. 1. 1. 1. 1. 1. 1. 1. 1.
 1. 1. 1. 1. 1. 1. 1. 1. 1. 1. 1. 1. 1. 1. 1. 1. 1. 1. 1. 1. 1. 1. 1. 1.
 1. 1. 1. 1. 1. 1. 1. 1. 1. 1. 1. 1. 1. 1. 1. 1. 1. 1. 1. 1. 1. 1. 1. 1.
 1. 1. 1. 1. 1. 1. 1. 1. 1. 1. 1. 1. 1. 1. 1. 1. 1. 1. 1. 1. 1. 1. 1. 1.
 1. 1. 1. 1. 1. 1. 1. 1. 1. 1. 1. 1. 1. 1. 1. 1. 1. 1. 1. 1. 1. 1. 1. 1.
 1. 1. 1. 1. 1. 1. 1. 1. 1. 1. 1. 1. 1. 1. 1. 1. 1. 1. 1. 1. 1. 1. 1. 1.
 1. 1. 1. 1. 1. 1. 1. 1. 1. 1. 1. 1. 1. 1. 1. 1. 1. 1. 1. 1. 1. 1. 1. 1.
 1. 1. 1. 1. 1. 1. 1. 1. 1. 1. 1. 1. 1. 1. 1. 1. 1. 1. 1. 1. 1. 1. 1. 1.
 1. 1. 1. 1. 1. 1. 1. 1. 1. 1. 1. 1. 1. 1. 1. 1. 1. 1. 1. 1. 1. 1. 1. 1.
 1. 1. 1. 1. 1. 1. 1. 1. 1. 1. 1. 1. 1. 1. 1. 1. 1. 1. 1. 1. 1. 1. 1. 1.
 1. 1. 1. 1. 1. 1. 1. 1. 1. 1. 1. 1. 1. 1. 1. 1. 1. 1. 1. 1. 1. 1. 1. 1.
 1. 1. 1. 1. 1. 1. 1. 1. 1. 1. 1. 1. 1. 1. 1. 1. 1. 1. 1. 1. 1. 1. 1. 1.
 1. 1. 1. 1. 1. 1. 1. 1. 1. 1. 1. 1. 1. 1. 1. 1. 1. 1. 1. 1.]
段内预测标签 (seg_pred): [False False False False False False False False False False False False
 False False False False False False False False False False False False
 False False False False False False False False False False False False
 False False False False False False False False False False False False
 False False False False False False False False False False False False
 False False False False False False False False False False False False
 False False False False False False False False False False False False
 False False False False False False False False False False False False
 False False False False False False False False False False False False
 False False False False False False False False False False False False
 False False False False False False False False False False False False
 False False False False False False False False False False False False
 False False False False False False False False False False False False
 False False False False False False False False False False False False
 False False False False False False False False False False False False
 False False False False False False False False False False False False
 False False False False False False False False False False False False
 False False False False False False False False False False False False
 False False False False False False False False False False False False
 False False False False False False False False False False False False
 False False False False False False False False False False False False
 False False False False False False False False False False False False
 False False False False False False False False False False False False
 False False False False False False False False False False False False
 False False False False False False False False False False False False
 False False False False False False False False False False False False
 False False False False False False False False False False False False
 False False False False False False False False False False False False
 False False False False False False False False False False False False
 False False False False False False False False False False False False
 False False False False False False False False False False False False
 False False False False False False False False False False False False
 False False False False False False False False False False False False
 False False False False False False False False False False False False
 False False False False False False False False False False False False
 False False False False False False False False]
段内真实异常时间点索引 (相对段内): [  0   1   2   3   4   5   6   7   8   9  10  11  12  13  14  15  16  17
  18  19  20  21  22  23  24  25  26  27  28  29  30  31  32  33  34  35
  36  37  38  39  40  41  42  43  44  45  46  47  48  49  50  51  52  53
  54  55  56  57  58  59  60  61  62  63  64  65  66  67  68  69  70  71
  72  73  74  75  76  77  78  79  80  81  82  83  84  85  86  87  88  89
  90  91  92  93  94  95  96  97  98  99 100 101 102 103 104 105 106 107
 108 109 110 111 112 113 114 115 116 117 118 119 120 121 122 123 124 125
 126 127 128 129 130 131 132 133 134 135 136 137 138 139 140 141 142 143
 144 145 146 147 148 149 150 151 152 153 154 155 156 157 158 159 160 161
 162 163 164 165 166 167 168 169 170 171 172 173 174 175 176 177 178 179
 180 181 182 183 184 185 186 187 188 189 190 191 192 193 194 195 196 197
 198 199 200 201 202 203 204 205 206 207 208 209 210 211 212 213 214 215
 216 217 218 219 220 221 222 223 224 225 226 227 228 229 230 231 232 233
 234 235 236 237 238 239 240 241 242 243 244 245 246 247 248 249 250 251
 252 253 254 255 256 257 258 259 260 261 262 263 264 265 266 267 268 269
 270 271 272 273 274 275 276 277 278 279 280 281 282 283 284 285 286 287
 288 289 290 291 292 293 294 295 296 297 298 299 300 301 302 303 304 305
 306 307 308 309 310 311 312 313 314 315 316 317 318 319 320 321 322 323
 324 325 326 327 328 329 330 331 332 333 334 335 336 337 338 339 340 341
 342 343 344 345 346 347 348 349 350 351 352 353 354 355 356 357 358 359
 360 361 362 363 364 365 366 367 368 369 370 371 372 373 374 375 376 377
 378 379 380 381 382 383 384 385 386 387 388 389 390 391 392 393 394 395
 396 397 398 399 400 401 402 403 404 405 406 407 408 409 410 411 412 413
 414 415 416 417 418 419 420 421 422 423 424 425 426 427]
段内是否有预测为异常的时间点: False
真实异常维度 (0-based): [0, 1, 2, 3, 10, 15, 18, 19, 20, 21, 22, 24, 27, 30]
段内检测到的异常时间点索引 (相对段内): []
未检测到任何异常点，尝试从特征分数中推断异常维度
推断的异常维度 (0-based): [4, 7, 8, 9, 11, 12, 13, 14, 16, 17, 18, 19, 26, 28, 31, 32, 33, 35, 36, 37]
真实与推断的交集: [18, 19]
段内指标: TP=2, FP=18, FN=12, TN=6, IPS=0.1429

=== 汇总指标 ===
总 TP: 18, 总 TN: 286, 总 FP: 109, 总 FN: 81
平均 IPS: 0.2705, Precision: 0.1417, Recall: 0.1818, F1: 0.1593
每段IPS与混淆: [{'start': 227, 'end': 229, 'TP': 0, 'TN': 34, 'FP': 2, 'FN': 2, 'IPS': 0.0, 'k_selected': 2, 'gt_dims_count': 2}, {'start': 2056, 'end': 2128, 'TP': 0, 'TN': 27, 'FP': 6, 'FN': 5, 'IPS': 0.0, 'k_selected': 5, 'gt_dims_count': 5}, {'start': 2776, 'end': 2851, 'TP': 0, 'TN': 22, 'FP': 8, 'FN': 8, 'IPS': 0.0, 'k_selected': 8, 'gt_dims_count': 8}, {'start': 3497, 'end': 3499, 'TP': 0, 'TN': 28, 'FP': 5, 'FN': 5, 'IPS': 0.0, 'k_selected': 5, 'gt_dims_count': 5}, {'start': 6387, 'end': 6398, 'TP': 0, 'TN': 30, 'FP': 4, 'FN': 4, 'IPS': 0.0, 'k_selected': 4, 'gt_dims_count': 4}, {'start': 7792, 'end': 7801, 'TP': 0, 'TN': 28, 'FP': 6, 'FN': 4, 'IPS': 0.0, 'k_selected': 4, 'gt_dims_count': 4}, {'start': 9237, 'end': 9247, 'TP': 0, 'TN': 30, 'FP': 4, 'FN': 4, 'IPS': 0.0, 'k_selected': 4, 'gt_dims_count': 4}, {'start': 10673, 'end': 10682, 'TP': 0, 'TN': 30, 'FP': 4, 'FN': 4, 'IPS': 0.0, 'k_selected': 4, 'gt_dims_count': 4}, {'start': 12120, 'end': 12128, 'TP': 0, 'TN': 30, 'FP': 4, 'FN': 4, 'IPS': 0.0, 'k_selected': 4, 'gt_dims_count': 4}, {'start': 13049, 'end': 13341, 'TP': 13, 'TN': 2, 'FP': 17, 'FN': 6, 'IPS': 0.6842105263157895, 'k_selected': 19, 'gt_dims_count': 19}, {'start': 14556, 'end': 14573, 'TP': 0, 'TN': 13, 'FP': 13, 'FN': 12, 'IPS': 0.0, 'k_selected': 12, 'gt_dims_count': 12}, {'start': 21401, 'end': 21501, 'TP': 3, 'TN': 6, 'FP': 18, 'FN': 11, 'IPS': 0.21428571428571427, 'k_selected': 14, 'gt_dims_count': 14}, {'start': 21686, 'end': 22113, 'TP': 2, 'TN': 6, 'FP': 18, 'FN': 12, 'IPS': 0.14285714285714285, 'k_selected': 14, 'gt_dims_count': 14}]

总和: {'TP': 18, 'TN': 286, 'FP': 109, 'FN': 81, 'IPS': 0.27054383810529187, 'precision': 0.14173228346456693, 'recall': 0.18181818181818182, 'F1': 0.1592920353982301}
test end time:  2025-06-13 06:33:49
test time:  324.6251780986786
==============================result==============================
{'FN': 0.0,
 'FP': 11032.0,
 'TN': 11515.0,
 'TP': 1047.0,
 'best-f1': 0.15952923413629622,
 'best_valid_loss': -80.53243266937399,
 'latency': 1.1538372781747832,
 'pot-FN': 658.0,
 'pot-FP': 191.0,
 'pot-TN': 22356.0,
 'pot-TP': 389.0,
 'pot-f1': 0.4781761067770039,
 'pot-latency': 6.999860002799944,
 'pot-precision': 0.6706896436087992,
 'pot-recall': 0.3715377232899931,
 'pot-threshold': -3368.1363077881974,
 'precision': 0.08667936080248419,
 'pred_time': 0.3346404054407346,
 'pred_total_time': 158.1856939792633,
 'recall': 0.9999999904489018,
 'segment_results': [{'FN': 2,
                      'FP': 2,
                      'IPS': 0.0,
                      'TN': 34,
                      'TP': 0,
                      'end': 229,
                      'gt_dims_count': 2,
                      'k_selected': 2,
                      'start': 227},
                     {'FN': 5,
                      'FP': 6,
                      'IPS': 0.0,
                      'TN': 27,
                      'TP': 0,
                      'end': 2128,
                      'gt_dims_count': 5,
                      'k_selected': 5,
                      'start': 2056},
                     {'FN': 8,
                      'FP': 8,
                      'IPS': 0.0,
                      'TN': 22,
                      'TP': 0,
                      'end': 2851,
                      'gt_dims_count': 8,
                      'k_selected': 8,
                      'start': 2776},
                     {'FN': 5,
                      'FP': 5,
                      'IPS': 0.0,
                      'TN': 28,
                      'TP': 0,
                      'end': 3499,
                      'gt_dims_count': 5,
                      'k_selected': 5,
                      'start': 3497},
                     {'FN': 4,
                      'FP': 4,
                      'IPS': 0.0,
                      'TN': 30,
                      'TP': 0,
                      'end': 6398,
                      'gt_dims_count': 4,
                      'k_selected': 4,
                      'start': 6387},
                     {'FN': 4,
                      'FP': 6,
                      'IPS': 0.0,
                      'TN': 28,
                      'TP': 0,
                      'end': 7801,
                      'gt_dims_count': 4,
                      'k_selected': 4,
                      'start': 7792},
                     {'FN': 4,
                      'FP': 4,
                      'IPS': 0.0,
                      'TN': 30,
                      'TP': 0,
                      'end': 9247,
                      'gt_dims_count': 4,
                      'k_selected': 4,
                      'start': 9237},
                     {'FN': 4,
                      'FP': 4,
                      'IPS': 0.0,
                      'TN': 30,
                      'TP': 0,
                      'end': 10682,
                      'gt_dims_count': 4,
                      'k_selected': 4,
                      'start': 10673},
                     {'FN': 4,
                      'FP': 4,
                      'IPS': 0.0,
                      'TN': 30,
                      'TP': 0,
                      'end': 12128,
                      'gt_dims_count': 4,
                      'k_selected': 4,
                      'start': 12120},
                     {'FN': 6,
                      'FP': 17,
                      'IPS': 0.6842105263157895,
                      'TN': 2,
                      'TP': 13,
                      'end': 13341,
                      'gt_dims_count': 19,
                      'k_selected': 19,
                      'start': 13049},
                     {'FN': 12,
                      'FP': 13,
                      'IPS': 0.0,
                      'TN': 13,
                      'TP': 0,
                      'end': 14573,
                      'gt_dims_count': 12,
                      'k_selected': 12,
                      'start': 14556},
                     {'FN': 11,
                      'FP': 18,
                      'IPS': 0.21428571428571427,
                      'TN': 6,
                      'TP': 3,
                      'end': 21501,
                      'gt_dims_count': 14,
                      'k_selected': 14,
                      'start': 21401},
                     {'FN': 12,
                      'FP': 18,
                      'IPS': 0.14285714285714285,
                      'TN': 6,
                      'TP': 2,
                      'end': 22113,
                      'gt_dims_count': 14,
                      'k_selected': 14,
                      'start': 21686}],
 'segment_summary': {'F1': 0.1592920353982301,
                     'FN': 81,
                     'FP': 109,
                     'IPS': 0.27054383810529187,
                     'TN': 286,
                     'TP': 18,
                     'precision': 0.14173228346456693,
                     'recall': 0.18181818181818182},
 'threshold': -399.0,
 'train_time': 350.3051671028137,
 'valid_time': 0.333020178614356}
