2025-06-12 23:48:03.436222: I tensorflow/core/platform/cpu_feature_guard.cc:141] Your CPU supports instructions that this TensorFlow binary was not compiled to use: AVX2 AVX512F FMA
Configurations
===========================================
{'batch_size': 50,
 'bf_search_max': 400.0,
 'bf_search_min': -400.0,
 'bf_search_step_size': 1.0,
 'dataset': 'machine-2-8',
 'dense_dim': 500,
 'early_stop': True,
 'get_score_on_dim': True,
 'gradient_clip_norm': 10.0,
 'initial_lr': 0.001,
 'l2_reg': 0.0001,
 'level': 0.0001,
 'lr_anneal_epoch_freq': 40,
 'lr_anneal_factor': 0.5,
 'lr_anneal_step_freq': None,
 'max_epoch': 10,
 'max_test_size': None,
 'max_train_size': None,
 'nf_layers': 20,
 'posterior_flow_type': 'nf',
 'restore_dir': None,
 'result_dir': 'result',
 'rnn_cell': 'GRU',
 'rnn_num_hidden': 500,
 'save_dir': 'model',
 'save_z': False,
 'std_epsilon': 0.0001,
 'test_batch_size': 50,
 'test_n_z': 1,
 'test_score_filename': 'test_score.pkl',
 'test_start': 0,
 'train_score_filename': 'train_score.pkl',
 'train_start': 0,
 'use_connected_z_p': True,
 'use_connected_z_q': True,
 'valid_step_freq': 100,
 'window_length': 100,
 'x_dim': 38,
 'z_dim': 3}

train start time:  2025-06-12 23:47:44
load data of: machine-2-8
train:  0 None
test:  0 None
Data normalized
Data normalized
train set shape:  (23702, 38)
test set shape:  (23703, 38)
test set label shape:  (23703,)
Trainable Parameters                                            (2,607,740 in total)
------------------------------------------------------------------------------------
model/q_z_given_x/rnn_q_z/rnn/gru_cell/gates/kernel             (538, 1000)  538,000
model/q_z_given_x/rnn_q_z/rnn/gru_cell/gates/bias               (1000,)        1,000
model/q_z_given_x/rnn_q_z/rnn/gru_cell/candidate/kernel         (538, 500)   269,000
model/q_z_given_x/rnn_q_z/rnn/gru_cell/candidate/bias           (500,)           500
model/q_z_given_x/rnn_q_z/dense/kernel                          (500, 500)   250,000
model/q_z_given_x/rnn_q_z/dense/bias                            (500,)           500
model/q_z_given_x/rnn_q_z/dense_1/kernel                        (500, 500)   250,000
model/q_z_given_x/rnn_q_z/dense_1/bias                          (500,)           500
model/vae/variational/z_mean/kernel                             (503, 3)       1,509
model/vae/variational/z_mean/bias                               (3,)               3
model/vae/variational/z_std/kernel                              (503, 3)       1,509
model/vae/variational/z_std/bias                                (3,)               3
model/posterior_flow/_0/w                                       (1, 3)             3
model/posterior_flow/_0/b                                       (1,)               1
model/posterior_flow/_0/u                                       (1, 3)             3
model/posterior_flow/_1/w                                       (1, 3)             3
model/posterior_flow/_1/b                                       (1,)               1
model/posterior_flow/_1/u                                       (1, 3)             3
model/posterior_flow/_2/w                                       (1, 3)             3
model/posterior_flow/_2/b                                       (1,)               1
model/posterior_flow/_2/u                                       (1, 3)             3
model/posterior_flow/_3/w                                       (1, 3)             3
model/posterior_flow/_3/b                                       (1,)               1
model/posterior_flow/_3/u                                       (1, 3)             3
model/posterior_flow/_4/w                                       (1, 3)             3
model/posterior_flow/_4/b                                       (1,)               1
model/posterior_flow/_4/u                                       (1, 3)             3
model/posterior_flow/_5/w                                       (1, 3)             3
model/posterior_flow/_5/b                                       (1,)               1
model/posterior_flow/_5/u                                       (1, 3)             3
model/posterior_flow/_6/w                                       (1, 3)             3
model/posterior_flow/_6/b                                       (1,)               1
model/posterior_flow/_6/u                                       (1, 3)             3
model/posterior_flow/_7/w                                       (1, 3)             3
model/posterior_flow/_7/b                                       (1,)               1
model/posterior_flow/_7/u                                       (1, 3)             3
model/posterior_flow/_8/w                                       (1, 3)             3
model/posterior_flow/_8/b                                       (1,)               1
model/posterior_flow/_8/u                                       (1, 3)             3
model/posterior_flow/_9/w                                       (1, 3)             3
model/posterior_flow/_9/b                                       (1,)               1
model/posterior_flow/_9/u                                       (1, 3)             3
model/posterior_flow/_10/w                                      (1, 3)             3
model/posterior_flow/_10/b                                      (1,)               1
model/posterior_flow/_10/u                                      (1, 3)             3
model/posterior_flow/_11/w                                      (1, 3)             3
model/posterior_flow/_11/b                                      (1,)               1
model/posterior_flow/_11/u                                      (1, 3)             3
model/posterior_flow/_12/w                                      (1, 3)             3
model/posterior_flow/_12/b                                      (1,)               1
model/posterior_flow/_12/u                                      (1, 3)             3
model/posterior_flow/_13/w                                      (1, 3)             3
model/posterior_flow/_13/b                                      (1,)               1
model/posterior_flow/_13/u                                      (1, 3)             3
model/posterior_flow/_14/w                                      (1, 3)             3
model/posterior_flow/_14/b                                      (1,)               1
model/posterior_flow/_14/u                                      (1, 3)             3
model/posterior_flow/_15/w                                      (1, 3)             3
model/posterior_flow/_15/b                                      (1,)               1
model/posterior_flow/_15/u                                      (1, 3)             3
model/posterior_flow/_16/w                                      (1, 3)             3
model/posterior_flow/_16/b                                      (1,)               1
model/posterior_flow/_16/u                                      (1, 3)             3
model/posterior_flow/_17/w                                      (1, 3)             3
model/posterior_flow/_17/b                                      (1,)               1
model/posterior_flow/_17/u                                      (1, 3)             3
model/posterior_flow/_18/w                                      (1, 3)             3
model/posterior_flow/_18/b                                      (1,)               1
model/posterior_flow/_18/u                                      (1, 3)             3
model/posterior_flow/_19/w                                      (1, 3)             3
model/posterior_flow/_19/b                                      (1,)               1
model/posterior_flow/_19/u                                      (1, 3)             3
model/p_x_given_z/hidden/rnn_p_x/rnn/gru_cell/gates/kernel      (503, 1000)  503,000
model/p_x_given_z/hidden/rnn_p_x/rnn/gru_cell/gates/bias        (1000,)        1,000
model/p_x_given_z/hidden/rnn_p_x/rnn/gru_cell/candidate/kernel  (503, 500)   251,500
model/p_x_given_z/hidden/rnn_p_x/rnn/gru_cell/candidate/bias    (500,)           500
model/p_x_given_z/hidden/rnn_p_x/dense/kernel                   (500, 500)   250,000
model/p_x_given_z/hidden/rnn_p_x/dense/bias                     (500,)           500
model/p_x_given_z/hidden/rnn_p_x/dense_1/kernel                 (500, 500)   250,000
model/p_x_given_z/hidden/rnn_p_x/dense_1/bias                   (500,)           500
model/p_x_given_z/x_mean/kernel                                 (500, 38)     19,000
model/p_x_given_z/x_mean/bias                                   (38,)             38
model/p_x_given_z/x_std/kernel                                  (500, 38)     19,000
model/p_x_given_z/x_std/bias                                    (38,)             38/home/hz/anaconda3/envs/py36/lib/python3.6/site-packages/tensorflow/python/framework/dtypes.py:523: FutureWarning: Passing (type, 1) or '1type' as a synonym of type is deprecated; in a future version of numpy, it will be understood as (type, (1,)) / '(1,)type'.
  _np_qint8 = np.dtype([("qint8", np.int8, 1)])
/home/hz/anaconda3/envs/py36/lib/python3.6/site-packages/tensorflow/python/framework/dtypes.py:524: FutureWarning: Passing (type, 1) or '1type' as a synonym of type is deprecated; in a future version of numpy, it will be understood as (type, (1,)) / '(1,)type'.
  _np_quint8 = np.dtype([("quint8", np.uint8, 1)])
/home/hz/anaconda3/envs/py36/lib/python3.6/site-packages/tensorflow/python/framework/dtypes.py:525: FutureWarning: Passing (type, 1) or '1type' as a synonym of type is deprecated; in a future version of numpy, it will be understood as (type, (1,)) / '(1,)type'.
  _np_qint16 = np.dtype([("qint16", np.int16, 1)])
/home/hz/anaconda3/envs/py36/lib/python3.6/site-packages/tensorflow/python/framework/dtypes.py:526: FutureWarning: Passing (type, 1) or '1type' as a synonym of type is deprecated; in a future version of numpy, it will be understood as (type, (1,)) / '(1,)type'.
  _np_quint16 = np.dtype([("quint16", np.uint16, 1)])
/home/hz/anaconda3/envs/py36/lib/python3.6/site-packages/tensorflow/python/framework/dtypes.py:527: FutureWarning: Passing (type, 1) or '1type' as a synonym of type is deprecated; in a future version of numpy, it will be understood as (type, (1,)) / '(1,)type'.
  _np_qint32 = np.dtype([("qint32", np.int32, 1)])
/home/hz/anaconda3/envs/py36/lib/python3.6/site-packages/tensorflow/python/framework/dtypes.py:532: FutureWarning: Passing (type, 1) or '1type' as a synonym of type is deprecated; in a future version of numpy, it will be understood as (type, (1,)) / '(1,)type'.
  np_resource = np.dtype([("resource", np.ubyte, 1)])
/home/hz/anaconda3/envs/py36/lib/python3.6/site-packages/tfsnippet/utils/tfver.py:22: DeprecationWarning: Function 'semver.compare' is deprecated. Deprecated since version 2.10.0.  This function will be removed in semver 3. Use the respective 'semver.VersionInfo.compare' instead.
  compare_result = semver.compare(version, tf.__version__)
/home/hz/anaconda3/envs/py36/lib/python3.6/site-packages/tfsnippet/utils/tfver.py:22: DeprecationWarning: Function 'semver.compare' is deprecated. Deprecated since version 2.10.0.  This function will be removed in semver 3. Use the respective 'semver.VersionInfo.compare' instead.
  compare_result = semver.compare(version, tf.__version__)
INFO:tensorflow:Restoring parameters from /tmp/tmpszo8whs7/variables.dat-2400
2025-06-13 00:42:46,048 [INFO] tensorflow: Restoring parameters from /tmp/tmpszo8whs7/variables.dat-2400


train_values: (16592, 38)
[Epoch 1/10, Step 100] step time: 1.254s (±5.247s); train time: 1m 16.01s; valid time: 49.48s; loss: 20.0481 (±292.568); valid loss: -19.6423 (*)
[Epoch 1/10, Step 200] step time: 1.005s (±4.456s); train time: 55.83s; valid time: 44.75s; loss: -36.5419 (±5.00012); valid loss: -32.4647 (*)
[Epoch 1/10, Step 300] step time: 0.9936s (±4.258s); train time: 56.58s; valid time: 42.83s; loss: -38.6599 (±6.34198); valid loss: -31.5458
train_values: (16592, 38)
[Epoch 2/10, Step 400, ETA 51m 26.41s] step time: 1.015s (±4.48s); train time: 40.29s; valid time: 45.07s; loss: -41.9405 (±7.38726); valid loss: -39.1905 (*)
[Epoch 2/10, Step 500, ETA 49m 4.081s] step time: 1.004s (±4.437s); train time: 55.85s; valid time: 44.58s; loss: -41.7146 (±6.01435); valid loss: -39.2689 (*)
[Epoch 2/10, Step 600, ETA 46m 50.8s] step time: 0.9927s (±4.312s); train time: 55.99s; valid time: 43.34s; loss: -43.6444 (±6.39134); valid loss: -34.778
train_values: (16592, 38)
[Epoch 3/10, Step 700, ETA 44m 44.27s] step time: 0.9842s (±4.224s); train time: 23.68s; valid time: 42.37s; loss: -42.441 (±9.37411); valid loss: -34.1919
[Epoch 3/10, Step 800, ETA 42m 45.42s] step time: 0.9869s (±4.212s); train time: 56.43s; valid time: 42.33s; loss: -44.3309 (±6.96812); valid loss: -35.8298
[Epoch 3/10, Step 900, ETA 40m 55.4s] step time: 1.003s (±4.448s); train time: 55.7s; valid time: 44.7s; loss: -44.0928 (±8.74729); valid loss: -43.4003 (*)
train_values: (16592, 38)
[Epoch 4/10, Step 1000, ETA 39m 2.827s] step time: 0.9836s (±4.261s); train time: 7.314s; valid time: 42.82s; loss: -47.4058 (±7.16885); valid loss: -33.5092
[Epoch 4/10, Step 1100, ETA 37m 9.261s] step time: 0.9659s (±4.046s); train time: 55.98s; valid time: 40.67s; loss: -47.3346 (±4.79956); valid loss: -37.3116
[Epoch 4/10, Step 1200, ETA 35m 22.26s] step time: 0.9874s (±4.254s); train time: 56.04s; valid time: 42.76s; loss: -47.3102 (±5.47309); valid loss: -40.0579
[Epoch 4/10, Step 1300, ETA 34m 3.434s] step time: 1.163s (±5.989s); train time: 56.17s; valid time: 1m 0.2151s; loss: -48.8933 (±4.18769); valid loss: -34.8255
train_values: (16592, 38)
[Epoch 5/10, Step 1400, ETA 32m 19.92s] step time: 1.02s (±4.332s); train time: 46.93s; valid time: 43.56s; loss: -47.2812 (±4.3829); valid loss: -39.3793
[Epoch 5/10, Step 1500, ETA 30m 33.44s] step time: 0.9936s (±4.291s); train time: 56.33s; valid time: 43.09s; loss: -47.9894 (±6.14156); valid loss: -43.2821
[Epoch 5/10, Step 1600, ETA 28m 48.28s] step time: 0.9978s (±4.296s); train time: 56.67s; valid time: 43.17s; loss: -49.4231 (±4.78336); valid loss: -41.9499
train_values: (16592, 38)
[Epoch 6/10, Step 1700, ETA 27m 3.516s] step time: 0.9949s (±4.362s); train time: 30.52s; valid time: 43.82s; loss: -47.6687 (±4.45775); valid loss: -44.6559 (*)
[Epoch 6/10, Step 1800, ETA 25m 18.94s] step time: 0.9906s (±4.281s); train time: 56.1s; valid time: 43.02s; loss: -49.6881 (±6.3094); valid loss: -42.2642
[Epoch 6/10, Step 1900, ETA 23m 34.83s] step time: 0.9892s (±4.277s); train time: 56.05s; valid time: 42.93s; loss: -49.6583 (±4.15953); valid loss: -27.478
train_values: (16592, 38)
[Epoch 7/10, Step 2000, ETA 21m 51.87s] step time: 0.9988s (±4.365s); train time: 15.05s; valid time: 43.85s; loss: -49.4445 (±5.95407); valid loss: -43.5825
[Epoch 7/10, Step 2100, ETA 20m 8.602s] step time: 0.9886s (±4.3s); train time: 55.71s; valid time: 43.21s; loss: -51.0783 (±5.61743); valid loss: -41.1741
[Epoch 7/10, Step 2200, ETA 18m 26.41s] step time: 1.002s (±4.353s); train time: 56.54s; valid time: 43.76s; loss: -50.5646 (±4.57851); valid loss: -41.1436
[Epoch 7/10, Step 2300, ETA 16m 44.56s] step time: 1.006s (±4.455s); train time: 55.96s; valid time: 44.74s; loss: -52.0389 (±5.10835); valid loss: -46.929 (*)
train_values: (16592, 38)
[Epoch 8/10, Step 2400, ETA 15m 2.762s] step time: 1.005s (±4.433s); train time: 54.35s; valid time: 44.55s; loss: -54.4807 (±4.57089); valid loss: -51.1931 (*)
[Epoch 8/10, Step 2500, ETA 13m 20.41s] step time: 0.9846s (±4.281s); train time: 55.49s; valid time: 43.03s; loss: -52.7919 (±5.81398); valid loss: -49.5086
[Epoch 8/10, Step 2600, ETA 11m 38.5s] step time: 0.9904s (±4.332s); train time: 55.56s; valid time: 43.54s; loss: -56.3557 (±4.20908); valid loss: -47.4425
train_values: (16592, 38)
[Epoch 9/10, Step 2700, ETA 9m 56.78s] step time: 0.9888s (±4.272s); train time: 38.13s; valid time: 42.94s; loss: -57.2174 (±5.30455); valid loss: -47.0472
[Epoch 9/10, Step 2800, ETA 8m 15.39s] step time: 0.9974s (±4.329s); train time: 56.29s; valid time: 43.51s; loss: -55.52 (±5.06182); valid loss: -44.6642
[Epoch 9/10, Step 2900, ETA 6m 33.92s] step time: 0.9825s (±4.278s); train time: 55.33s; valid time: 42.97s; loss: -54.7389 (±5.5103); valid loss: -42.2878
train_values: (16592, 38)
[Epoch 10/10, Step 3000, ETA 4m 52.8s] step time: 0.997s (±4.35s); train time: 21.9s; valid time: 43.73s; loss: -56.8685 (±4.32542); valid loss: -38.2311
[Epoch 10/10, Step 3100, ETA 3m 11.76s] step time: 0.9967s (±4.297s); train time: 56.51s; valid time: 43.21s; loss: -56.4787 (±4.53637); valid loss: -43.4835
[Epoch 10/10, Step 3200, ETA 1m 30.8s] step time: 0.9988s (±4.355s); train time: 56.17s; valid time: 43.77s; loss: -59.0971 (±8.19683); valid loss: -43.5347
train end time:  2025-06-13 00:42:46
train time:  3301.911239862442
test start time:  2025-06-13 00:42:46
------------------------------ testing ------------------------------
test_score shape:  (23604, 38)
test_z shape:  (23604, 100, 6)
search range:  -400.0 400.0
cur thr:  -399.0 [0.9999949379132026, 0.9999999378882026, 0.9999999378882026, 161.0, 23443.0, 0.0, 0.0, 7.999200079992001] [0.9999949379132026, 0.9999999378882026, 0.9999999378882026, 161.0, 23443.0, 0.0, 0.0, 7.999200079992001] -399.0
cur thr:  -349.0 [0.9999949379132026, 0.9999999378882026, 0.9999999378882026, 161.0, 23443.0, 0.0, 0.0, 7.999200079992001] [0.9999949379132026, 0.9999999378882026, 0.9999999378882026, 161.0, 23443.0, 0.0, 0.0, 7.999200079992001] -399.0
cur thr:  -299.0 [0.9999949379132026, 0.9999999378882026, 0.9999999378882026, 161.0, 23443.0, 0.0, 0.0, 5.9994000599940005] [0.9999949379132026, 0.9999999378882026, 0.9999999378882026, 161.0, 23443.0, 0.0, 0.0, 7.999200079992001] -399.0
cur thr:  -249.0 [0.9999949379132026, 0.9999999378882026, 0.9999999378882026, 161.0, 23443.0, 0.0, 0.0, 4.999500049995] [0.9999949379132026, 0.9999999378882026, 0.9999999378882026, 161.0, 23443.0, 0.0, 0.0, 7.999200079992001] -399.0
cur thr:  -199.0 [0.9999949379132026, 0.9999999378882026, 0.9999999378882026, 161.0, 23443.0, 0.0, 0.0, 4.999500049995] [0.9999949379132026, 0.9999999378882026, 0.9999999378882026, 161.0, 23443.0, 0.0, 0.0, 7.999200079992001] -399.0
cur thr:  -149.0 [0.9847044210898244, 0.9698794596458157, 0.9999999378882026, 161.0, 23438.0, 5.0, 0.0, 4.999500049995] [0.9999949379132026, 0.9999999378882026, 0.9999999378882026, 161.0, 23443.0, 0.0, 0.0, 7.999200079992001] -399.0
cur thr:  -99.0 [0.6228196717705515, 0.4522471783076636, 0.9999999378882026, 161.0, 23248.0, 195.0, 0.0, 4.999500049995] [0.9999949379132026, 0.9999999378882026, 0.9999999378882026, 161.0, 23443.0, 0.0, 0.0, 7.999200079992001] -399.0
cur thr:  -49.0 [0.026249027616168277, 0.013299190473071874, 0.9999999378882026, 161.0, 11498.0, 11945.0, 0.0, 0.0] [0.9999949379132026, 0.9999999378882026, 0.9999999378882026, 161.0, 23443.0, 0.0, 0.0, 7.999200079992001] -399.0
cur thr:  1.0 [0.013572618513414573, 0.006832746251821608, 0.9999999378882026, 161.0, 41.0, 23402.0, 0.0, 0.0] [0.9999949379132026, 0.9999999378882026, 0.9999999378882026, 161.0, 23443.0, 0.0, 0.0, 7.999200079992001] -399.0
cur thr:  51.0 [0.01354920267515323, 0.006820877814429386, 0.9999999378882026, 161.0, 0.0, 23443.0, 0.0, 0.0] [0.9999949379132026, 0.9999999378882026, 0.9999999378882026, 161.0, 23443.0, 0.0, 0.0, 7.999200079992001] -399.0
cur thr:  101.0 [0.01354920267515323, 0.006820877814429386, 0.9999999378882026, 161.0, 0.0, 23443.0, 0.0, 0.0] [0.9999949379132026, 0.9999999378882026, 0.9999999378882026, 161.0, 23443.0, 0.0, 0.0, 7.999200079992001] -399.0
cur thr:  151.0 [0.01354920267515323, 0.006820877814429386, 0.9999999378882026, 161.0, 0.0, 23443.0, 0.0, 0.0]  0%|          | 0/23604 [00:00<?, ?it/s]100%|██████████| 23604/23604 [00:00<00:00, 927196.67it/s]
 [0.9999949379132026, 0.9999999378882026, 0.9999999378882026, 161.0, 23443.0, 0.0, 0.0, 7.999200079992001] -399.0
cur thr:  201.0 [0.01354920267515323, 0.006820877814429386, 0.9999999378882026, 161.0, 0.0, 23443.0, 0.0, 0.0] [0.9999949379132026, 0.9999999378882026, 0.9999999378882026, 161.0, 23443.0, 0.0, 0.0, 7.999200079992001] -399.0
cur thr:  251.0 [0.01354920267515323, 0.006820877814429386, 0.9999999378882026, 161.0, 0.0, 23443.0, 0.0, 0.0] [0.9999949379132026, 0.9999999378882026, 0.9999999378882026, 161.0, 23443.0, 0.0, 0.0, 7.999200079992001] -399.0
cur thr:  301.0 [0.01354920267515323, 0.006820877814429386, 0.9999999378882026, 161.0, 0.0, 23443.0, 0.0, 0.0] [0.9999949379132026, 0.9999999378882026, 0.9999999378882026, 161.0, 23443.0, 0.0, 0.0, 7.999200079992001] -399.0
cur thr:  351.0 [0.01354920267515323, 0.006820877814429386, 0.9999999378882026, 161.0, 0.0, 23443.0, 0.0, 0.0] [0.9999949379132026, 0.9999999378882026, 0.9999999378882026, 161.0, 23443.0, 0.0, 0.0, 7.999200079992001] -399.0
[0.9999949379132026, 0.9999999378882026, 0.9999999378882026, 161.0, 23443.0, 0.0, 0.0, 7.999200079992001] -399.0
label_file: ServerMachineDataset/interpretation_label/machine-2-8.txt
Initial threshold : 724.21454
Number of peaks : 2
Grimshaw maximum log-likelihood estimation ... [done]
	γ = 0
	σ = 1114.0432
	L = 16.031502420961026
Extreme quantile (probability = 0.001): -2025.4965998626926
37
23604
POT result:  (0.01354920267515323, 0.006820877814429386, 0.9999999378882026, 161.0, 0.0, 23443.0, 0.0) 1313.1392192686533 0.0

=== 全局调试信息 ===
y_true shape: (23604,), unique values: [0. 1.]
y_pred shape: (23604,), unique values: [ True]
feature_scores shape: (23604, 38)
y_true 中的异常段: [(17481, 17641)]


=== 处理第 1/1 段 ===
段范围: start=17481, end=17641
段内真实标签 (seg_true): [1. 1. 1. 1. 1. 1. 1. 1. 1. 1. 1. 1. 1. 1. 1. 1. 1. 1. 1. 1. 1. 1. 1. 1.
 1. 1. 1. 1. 1. 1. 1. 1. 1. 1. 1. 1. 1. 1. 1. 1. 1. 1. 1. 1. 1. 1. 1. 1.
 1. 1. 1. 1. 1. 1. 1. 1. 1. 1. 1. 1. 1. 1. 1. 1. 1. 1. 1. 1. 1. 1. 1. 1.
 1. 1. 1. 1. 1. 1. 1. 1. 1. 1. 1. 1. 1. 1. 1. 1. 1. 1. 1. 1. 1. 1. 1. 1.
 1. 1. 1. 1. 1. 1. 1. 1. 1. 1. 1. 1. 1. 1. 1. 1. 1. 1. 1. 1. 1. 1. 1. 1.
 1. 1. 1. 1. 1. 1. 1. 1. 1. 1. 1. 1. 1. 1. 1. 1. 1. 1. 1. 1. 1. 1. 1. 1.
 1. 1. 1. 1. 1. 1. 1. 1. 1. 1. 1. 1. 1. 1. 1. 1. 1.]
段内预测标签 (seg_pred): [ True  True  True  True  True  True  True  True  True  True  True  True
  True  True  True  True  True  True  True  True  True  True  True  True
  True  True  True  True  True  True  True  True  True  True  True  True
  True  True  True  True  True  True  True  True  True  True  True  True
  True  True  True  True  True  True  True  True  True  True  True  True
  True  True  True  True  True  True  True  True  True  True  True  True
  True  True  True  True  True  True  True  True  True  True  True  True
  True  True  True  True  True  True  True  True  True  True  True  True
  True  True  True  True  True  True  True  True  True  True  True  True
  True  True  True  True  True  True  True  True  True  True  True  True
  True  True  True  True  True  True  True  True  True  True  True  True
  True  True  True  True  True  True  True  True  True  True  True  True
  True  True  True  True  True  True  True  True  True  True  True  True
  True  True  True  True  True]
段内真实异常时间点索引 (相对段内): [  0   1   2   3   4   5   6   7   8   9  10  11  12  13  14  15  16  17
  18  19  20  21  22  23  24  25  26  27  28  29  30  31  32  33  34  35
  36  37  38  39  40  41  42  43  44  45  46  47  48  49  50  51  52  53
  54  55  56  57  58  59  60  61  62  63  64  65  66  67  68  69  70  71
  72  73  74  75  76  77  78  79  80  81  82  83  84  85  86  87  88  89
  90  91  92  93  94  95  96  97  98  99 100 101 102 103 104 105 106 107
 108 109 110 111 112 113 114 115 116 117 118 119 120 121 122 123 124 125
 126 127 128 129 130 131 132 133 134 135 136 137 138 139 140 141 142 143
 144 145 146 147 148 149 150 151 152 153 154 155 156 157 158 159 160]
段内是否有预测为异常的时间点: True
真实异常维度 (0-based): [0, 1, 2, 3, 4, 5, 6, 8, 9, 10, 11, 12, 13, 14, 15, 16, 17, 18, 19, 20, 21, 22, 23, 24, 25, 27, 28, 29, 30, 31, 32, 33, 34, 35]
段内检测到的异常时间点索引 (相对段内): [  0   1   2   3   4   5   6   7   8   9  10  11  12  13  14  15  16  17
  18  19  20  21  22  23  24  25  26  27  28  29  30  31  32  33  34  35
  36  37  38  39  40  41  42  43  44  45  46  47  48  49  50  51  52  53
  54  55  56  57  58  59  60  61  62  63  64  65  66  67  68  69  70  71
  72  73  74  75  76  77  78  79  80  81  82  83  84  85  86  87  88  89
  90  91  92  93  94  95  96  97  98  99 100 101 102 103 104 105 106 107
 108 109 110 111 112 113 114 115 116 117 118 119 120 121 122 123 124 125
 126 127 128 129 130 131 132 133 134 135 136 137 138 139 140 141 142 143
 144 145 146 147 148 149 150 151 152 153 154 155 156 157 158 159 160]
推断的异常维度 (0-based): [0, 1, 2, 3, 4, 5, 6, 7, 8, 9, 10, 11, 12, 13, 14, 15, 16, 17, 18, 19, 20, 21, 22, 23, 24, 25, 26, 27, 28, 29, 30, 31, 32, 33, 34, 35, 36, 37]
真实与推断的交集: [0, 1, 2, 3, 4, 5, 6, 8, 9, 10, 11, 12, 13, 14, 15, 16, 17, 18, 19, 20, 21, 22, 23, 24, 25, 27, 28, 29, 30, 31, 32, 33, 34, 35]
段内指标: TP=34, FP=4, FN=0, TN=0, IPS=1.0000

=== 汇总指标 ===
总 TP: 34, 总 TN: 0, 总 FP: 4, 总 FN: 0
平均 IPS: 1.0000, Precision: 0.8947, Recall: 1.0000, F1: 0.9444
每段IPS与混淆: [{'start': 17481, 'end': 17641, 'TP': 34, 'TN': 0, 'FP': 4, 'FN': 0, 'IPS': 1.0, 'k_selected': 34, 'gt_dims_count': 34}]
总和: {'TP': 34, 'TN': 0, 'FP': 4, 'FN': 0, 'IPS': 1.0, 'precision': 0.8947368421052632, 'recall': 1.0, 'F1': 0.9444444444444444}
test end time:  2025-06-13 00:47:49
test time:  303.5110213756561
==============================result==============================
{'FN': 0.0,
 'FP': 0.0,
 'TN': 23443.0,
 'TP': 161.0,
 'best-f1': 0.9999949379132026,
 'best_valid_loss': -51.19309900637072,
 'latency': 7.999200079992001,
 'pot-FN': 0.0,
 'pot-FP': 23443.0,
 'pot-TN': 0.0,
 'pot-TP': 161.0,
 'pot-f1': 0.01354920267515323,
 'pot-latency': 0.0,
 'pot-precision': 0.006820877814429386,
 'pot-recall': 0.9999999378882026,
 'pot-threshold': 1313.1392192686533,
 'precision': 0.9999999378882026,
 'pred_time': 0.3079170863169696,
 'pred_total_time': 145.96848106384277,
 'recall': 0.9999999378882026,
 'segment_results': [{'FN': 0,
                      'FP': 4,
                      'IPS': 1.0,
                      'TN': 0,
                      'TP': 34,
                      'end': 17641,
                      'gt_dims_count': 34,
                      'k_selected': 34,
                      'start': 17481}],
 'segment_summary': {'F1': 0.9444444444444444,
                     'FN': 0,
                     'FP': 4,
                     'IPS': 1.0,
                     'TN': 0,
                     'TP': 34,
                     'precision': 0.8947368421052632,
                     'recall': 1.0},
 'threshold': -399.0,
 'train_time': 328.2874089002609,
 'valid_time': 0.3091503580411275}
