2025-06-12 20:45:08.547571: I tensorflow/core/platform/cpu_feature_guard.cc:141] Your CPU supports instructions that this TensorFlow binary was not compiled to use: AVX2 AVX512F FMA
Configurations
===========================================
{'batch_size': 50,
 'bf_search_max': 400.0,
 'bf_search_min': -400.0,
 'bf_search_step_size': 1.0,
 'dataset': 'machine-2-3',
 'dense_dim': 500,
 'early_stop': True,
 'get_score_on_dim': True,
 'gradient_clip_norm': 10.0,
 'initial_lr': 0.001,
 'l2_reg': 0.0001,
 'level': 0.0001,
 'lr_anneal_epoch_freq': 40,
 'lr_anneal_factor': 0.5,
 'lr_anneal_step_freq': None,
 'max_epoch': 10,
 'max_test_size': None,
 'max_train_size': None,
 'nf_layers': 20,
 'posterior_flow_type': 'nf',
 'restore_dir': None,
 'result_dir': 'result',
 'rnn_cell': 'GRU',
 'rnn_num_hidden': 500,
 'save_dir': 'model',
 'save_z': False,
 'std_epsilon': 0.0001,
 'test_batch_size': 50,
 'test_n_z': 1,
 'test_score_filename': 'test_score.pkl',
 'test_start': 0,
 'train_score_filename': 'train_score.pkl',
 'train_start': 0,
 'use_connected_z_p': True,
 'use_connected_z_q': True,
 'valid_step_freq': 100,
 'window_length': 100,
 'x_dim': 38,
 'z_dim': 3}

train start time:  2025-06-12 20:44:51
load data of: machine-2-3
train:  0 None
test:  0 None
Data normalized
Data normalized
train set shape:  (23688, 38)
test set shape:  (23689, 38)
test set label shape:  (23689,)
Trainable Parameters                                            (2,607,740 in total)
------------------------------------------------------------------------------------
model/q_z_given_x/rnn_q_z/rnn/gru_cell/gates/kernel             (538, 1000)  538,000
model/q_z_given_x/rnn_q_z/rnn/gru_cell/gates/bias               (1000,)        1,000
model/q_z_given_x/rnn_q_z/rnn/gru_cell/candidate/kernel         (538, 500)   269,000
model/q_z_given_x/rnn_q_z/rnn/gru_cell/candidate/bias           (500,)           500
model/q_z_given_x/rnn_q_z/dense/kernel                          (500, 500)   250,000
model/q_z_given_x/rnn_q_z/dense/bias                            (500,)           500
model/q_z_given_x/rnn_q_z/dense_1/kernel                        (500, 500)   250,000
model/q_z_given_x/rnn_q_z/dense_1/bias                          (500,)           500
model/vae/variational/z_mean/kernel                             (503, 3)       1,509
model/vae/variational/z_mean/bias                               (3,)               3
model/vae/variational/z_std/kernel                              (503, 3)       1,509
model/vae/variational/z_std/bias                                (3,)               3
model/posterior_flow/_0/w                                       (1, 3)             3
model/posterior_flow/_0/b                                       (1,)               1
model/posterior_flow/_0/u                                       (1, 3)             3
model/posterior_flow/_1/w                                       (1, 3)             3
model/posterior_flow/_1/b                                       (1,)               1
model/posterior_flow/_1/u                                       (1, 3)             3
model/posterior_flow/_2/w                                       (1, 3)             3
model/posterior_flow/_2/b                                       (1,)               1
model/posterior_flow/_2/u                                       (1, 3)             3
model/posterior_flow/_3/w                                       (1, 3)             3
model/posterior_flow/_3/b                                       (1,)               1
model/posterior_flow/_3/u                                       (1, 3)             3
model/posterior_flow/_4/w                                       (1, 3)             3
model/posterior_flow/_4/b                                       (1,)               1
model/posterior_flow/_4/u                                       (1, 3)             3
model/posterior_flow/_5/w                                       (1, 3)             3
model/posterior_flow/_5/b                                       (1,)               1
model/posterior_flow/_5/u                                       (1, 3)             3
model/posterior_flow/_6/w                                       (1, 3)             3
model/posterior_flow/_6/b                                       (1,)               1
model/posterior_flow/_6/u                                       (1, 3)             3
model/posterior_flow/_7/w                                       (1, 3)             3
model/posterior_flow/_7/b                                       (1,)               1
model/posterior_flow/_7/u                                       (1, 3)             3
model/posterior_flow/_8/w                                       (1, 3)             3
model/posterior_flow/_8/b                                       (1,)               1
model/posterior_flow/_8/u                                       (1, 3)             3
model/posterior_flow/_9/w                                       (1, 3)             3
model/posterior_flow/_9/b                                       (1,)               1
model/posterior_flow/_9/u                                       (1, 3)             3
model/posterior_flow/_10/w                                      (1, 3)             3
model/posterior_flow/_10/b                                      (1,)               1
model/posterior_flow/_10/u                                      (1, 3)             3
model/posterior_flow/_11/w                                      (1, 3)             3
model/posterior_flow/_11/b                                      (1,)               1
model/posterior_flow/_11/u                                      (1, 3)             3
model/posterior_flow/_12/w                                      (1, 3)             3
model/posterior_flow/_12/b                                      (1,)               1
model/posterior_flow/_12/u                                      (1, 3)             3
model/posterior_flow/_13/w                                      (1, 3)             3
model/posterior_flow/_13/b                                      (1,)               1
model/posterior_flow/_13/u                                      (1, 3)             3
model/posterior_flow/_14/w                                      (1, 3)             3
model/posterior_flow/_14/b                                      (1,)               1
model/posterior_flow/_14/u                                      (1, 3)             3
model/posterior_flow/_15/w                                      (1, 3)             3
model/posterior_flow/_15/b                                      (1,)               1
model/posterior_flow/_15/u                                      (1, 3)             3
model/posterior_flow/_16/w                                      (1, 3)             3
model/posterior_flow/_16/b                                      (1,)               1
model/posterior_flow/_16/u                                      (1, 3)             3
model/posterior_flow/_17/w                                      (1, 3)             3
model/posterior_flow/_17/b                                      (1,)               1
model/posterior_flow/_17/u                                      (1, 3)             3
model/posterior_flow/_18/w                                      (1, 3)             3
model/posterior_flow/_18/b                                      (1,)               1
model/posterior_flow/_18/u                                      (1, 3)             3
model/posterior_flow/_19/w                                      (1, 3)             3
model/posterior_flow/_19/b                                      (1,)               1
model/posterior_flow/_19/u                                      (1, 3)             3
model/p_x_given_z/hidden/rnn_p_x/rnn/gru_cell/gates/kernel      (503, 1000)  503,000
model/p_x_given_z/hidden/rnn_p_x/rnn/gru_cell/gates/bias        (1000,)        1,000
model/p_x_given_z/hidden/rnn_p_x/rnn/gru_cell/candidate/kernel  (503, 500)   251,500
model/p_x_given_z/hidden/rnn_p_x/rnn/gru_cell/candidate/bias    (500,)           500
model/p_x_given_z/hidden/rnn_p_x/dense/kernel                   (500, 500)   250,000
model/p_x_given_z/hidden/rnn_p_x/dense/bias                     (500,)           500
model/p_x_given_z/hidden/rnn_p_x/dense_1/kernel                 (500, 500)   250,000
model/p_x_given_z/hidden/rnn_p_x/dense_1/bias                   (500,)           500
model/p_x_given_z/x_mean/kernel                                 (500, 38)     19,000
model/p_x_given_z/x_mean/bias                                   (38,)             38
model/p_x_given_z/x_std/kernel                                  (500, 38)     19,000
model/p_x_given_z/x_std/bias                                    (38,)             38/home/hz/anaconda3/envs/py36/lib/python3.6/site-packages/tensorflow/python/framework/dtypes.py:523: FutureWarning: Passing (type, 1) or '1type' as a synonym of type is deprecated; in a future version of numpy, it will be understood as (type, (1,)) / '(1,)type'.
  _np_qint8 = np.dtype([("qint8", np.int8, 1)])
/home/hz/anaconda3/envs/py36/lib/python3.6/site-packages/tensorflow/python/framework/dtypes.py:524: FutureWarning: Passing (type, 1) or '1type' as a synonym of type is deprecated; in a future version of numpy, it will be understood as (type, (1,)) / '(1,)type'.
  _np_quint8 = np.dtype([("quint8", np.uint8, 1)])
/home/hz/anaconda3/envs/py36/lib/python3.6/site-packages/tensorflow/python/framework/dtypes.py:525: FutureWarning: Passing (type, 1) or '1type' as a synonym of type is deprecated; in a future version of numpy, it will be understood as (type, (1,)) / '(1,)type'.
  _np_qint16 = np.dtype([("qint16", np.int16, 1)])
/home/hz/anaconda3/envs/py36/lib/python3.6/site-packages/tensorflow/python/framework/dtypes.py:526: FutureWarning: Passing (type, 1) or '1type' as a synonym of type is deprecated; in a future version of numpy, it will be understood as (type, (1,)) / '(1,)type'.
  _np_quint16 = np.dtype([("quint16", np.uint16, 1)])
/home/hz/anaconda3/envs/py36/lib/python3.6/site-packages/tensorflow/python/framework/dtypes.py:527: FutureWarning: Passing (type, 1) or '1type' as a synonym of type is deprecated; in a future version of numpy, it will be understood as (type, (1,)) / '(1,)type'.
  _np_qint32 = np.dtype([("qint32", np.int32, 1)])
/home/hz/anaconda3/envs/py36/lib/python3.6/site-packages/tensorflow/python/framework/dtypes.py:532: FutureWarning: Passing (type, 1) or '1type' as a synonym of type is deprecated; in a future version of numpy, it will be understood as (type, (1,)) / '(1,)type'.
  np_resource = np.dtype([("resource", np.ubyte, 1)])
/home/hz/anaconda3/envs/py36/lib/python3.6/site-packages/tfsnippet/utils/tfver.py:22: DeprecationWarning: Function 'semver.compare' is deprecated. Deprecated since version 2.10.0.  This function will be removed in semver 3. Use the respective 'semver.VersionInfo.compare' instead.
  compare_result = semver.compare(version, tf.__version__)
/home/hz/anaconda3/envs/py36/lib/python3.6/site-packages/tfsnippet/utils/tfver.py:22: DeprecationWarning: Function 'semver.compare' is deprecated. Deprecated since version 2.10.0.  This function will be removed in semver 3. Use the respective 'semver.VersionInfo.compare' instead.
  compare_result = semver.compare(version, tf.__version__)
INFO:tensorflow:Restoring parameters from /tmp/tmp8xt0c_gw/variables.dat-3200
2025-06-12 21:39:35,045 [INFO] tensorflow: Restoring parameters from /tmp/tmp8xt0c_gw/variables.dat-3200


train_values: (16582, 38)
[Epoch 1/10, Step 100] step time: 1.193s (±4.895s); train time: 1m 12.5s; valid time: 46.87s; loss: 40.6355 (±550.297); valid loss: -68.6358 (*)
[Epoch 1/10, Step 200] step time: 0.9728s (±4.173s); train time: 55.39s; valid time: 41.95s; loss: -63.7018 (±11.0623); valid loss: -68.2475
[Epoch 1/10, Step 300] step time: 0.9859s (±4.327s); train time: 55.18s; valid time: 43.48s; loss: -66.6968 (±20.9125); valid loss: -84.9317 (*)
train_values: (16582, 38)
[Epoch 2/10, Step 400, ETA 49m 51.07s] step time: 0.9852s (±4.33s); train time: 38.96s; valid time: 43.53s; loss: -72.1571 (±12.7049); valid loss: -85.1496 (*)
[Epoch 2/10, Step 500, ETA 47m 31.65s] step time: 0.97s (±4.196s); train time: 54.88s; valid time: 42.18s; loss: -75.3136 (±11.6671); valid loss: -85.1389
[Epoch 2/10, Step 600, ETA 45m 34.66s] step time: 0.9885s (±4.364s); train time: 55.06s; valid time: 43.85s; loss: -69.4692 (±18.0765); valid loss: -87.676 (*)
train_values: (16582, 38)
[Epoch 3/10, Step 700, ETA 43m 34s] step time: 0.9644s (±4.173s); train time: 22.88s; valid time: 41.94s; loss: -73.0274 (±12.6135); valid loss: -66.6393
[Epoch 3/10, Step 800, ETA 41m 40.48s] step time: 0.9682s (±4.155s); train time: 55.1s; valid time: 41.78s; loss: -73.9813 (±13.9539); valid loss: -84.5477
[Epoch 3/10, Step 900, ETA 39m 58.91s] step time: 0.9993s (±4.405s); train time: 55.71s; valid time: 44.27s; loss: -77.0234 (±24.823); valid loss: -90.2295 (*)
train_values: (16582, 38)
[Epoch 4/10, Step 1000, ETA 38m 10.1s] step time: 0.9659s (±4.206s); train time: 7.183s; valid time: 42.26s; loss: -77.159 (±10.2456); valid loss: -79.2936
[Epoch 4/10, Step 1100, ETA 36m 28.69s] step time: 0.9923s (±4.366s); train time: 55.42s; valid time: 43.87s; loss: -75.0021 (±12.502); valid loss: -85.1614
[Epoch 4/10, Step 1200, ETA 34m 49.36s] step time: 1.002s (±4.413s); train time: 55.94s; valid time: 44.35s; loss: -69.1705 (±21.4868); valid loss: -82.3217
[Epoch 4/10, Step 1300, ETA 33m 8.773s] step time: 0.995s (±4.398s); train time: 55.37s; valid time: 44.2s; loss: -76.0969 (±16.6483); valid loss: -86.5076
train_values: (16582, 38)
[Epoch 5/10, Step 1400, ETA 31m 30.42s] step time: 1.01s (±4.485s); train time: 46.91s; valid time: 45.11s; loss: -75.8669 (±12.9177); valid loss: -93.3956 (*)
[Epoch 5/10, Step 1500, ETA 29m 50.78s] step time: 1.003s (±4.403s); train time: 56.07s; valid time: 44.26s; loss: -81.06 (±11.3166); valid loss: -92.099
[Epoch 5/10, Step 1600, ETA 28m 10.93s] step time: 1.002s (±4.358s); train time: 56.43s; valid time: 43.79s; loss: -77.4233 (±23.0387); valid loss: -90.7732
train_values: (16582, 38)
[Epoch 6/10, Step 1700, ETA 26m 31.21s] step time: 1.003s (±4.377s); train time: 31.13s; valid time: 44.01s; loss: -76.597 (±18.1248); valid loss: -54.2686
[Epoch 6/10, Step 1800, ETA 24m 52.2s] step time: 1.013s (±4.544s); train time: 55.71s; valid time: 45.65s; loss: -78.5183 (±19.0021); valid loss: -97.015 (*)
[Epoch 6/10, Step 1900, ETA 23m 11.63s] step time: 0.9952s (±4.39s); train time: 55.43s; valid time: 44.14s; loss: -79.4096 (±12.6232); valid loss: -89.891
train_values: (16582, 38)
[Epoch 7/10, Step 2000, ETA 21m 31.13s] step time: 0.9942s (±4.369s); train time: 14.56s; valid time: 43.92s; loss: -78.3072 (±15.7512); valid loss: -75.1873
[Epoch 7/10, Step 2100, ETA 19m 50.77s] step time: 0.9955s (±4.375s); train time: 55.64s; valid time: 43.97s; loss: -81.5438 (±12.7202); valid loss: -96.1998
[Epoch 7/10, Step 2200, ETA 18m 10.66s] step time: 0.9991s (±4.393s); train time: 55.8s; valid time: 44.16s; loss: -79.7049 (±18.3918); valid loss: -93.9704
[Epoch 7/10, Step 2300, ETA 16m 31.07s] step time: 1.011s (±4.508s); train time: 55.81s; valid time: 45.34s; loss: -85.6877 (±12.6276); valid loss: -98.3382 (*)
train_values: (16582, 38)
[Epoch 8/10, Step 2400, ETA 14m 51.4s] step time: 1.012s (±4.477s); train time: 54.55s; valid time: 45.02s; loss: -81.8799 (±17.644); valid loss: -80.3473
[Epoch 8/10, Step 2500, ETA 13m 11.89s] step time: 1.021s (±4.568s); train time: 56.27s; valid time: 45.93s; loss: -83.0619 (±14.8705); valid loss: -100.564 (*)
[Epoch 8/10, Step 2600, ETA 11m 31.65s] step time: 1.002s (±4.363s); train time: 56.39s; valid time: 43.86s; loss: -84.3406 (±13.9181); valid loss: -89.9734
train_values: (16582, 38)
[Epoch 9/10, Step 2700, ETA 9m 51.35s] step time: 0.9987s (±4.387s); train time: 37.88s; valid time: 44.11s; loss: -87.1243 (±11.155); valid loss: -95.3699
[Epoch 9/10, Step 2800, ETA 8m 11.07s] step time: 0.9985s (±4.391s); train time: 55.78s; valid time: 44.13s; loss: -85.8452 (±15.9993); valid loss: -90.9031
[Epoch 9/10, Step 2900, ETA 6m 30.8s] step time: 0.9979s (±4.38s); train time: 55.81s; valid time: 44.04s; loss: -87.0123 (±13.988); valid loss: -91.891
train_values: (16582, 38)
[Epoch 10/10, Step 3000, ETA 4m 50.74s] step time: 1.017s (±4.553s); train time: 21.78s; valid time: 45.78s; loss: -88.8811 (±8.78511); valid loss: -101.195 (*)
[Epoch 10/10, Step 3100, ETA 3m 10.6s] step time: 1.019s (±4.609s); train time: 55.68s; valid time: 46.33s; loss: -89.8575 (±12.4465); valid loss: -101.4 (*)
[Epoch 10/10, Step 3200, ETA 1m 30.36s] step time: 1.031s (±4.619s); train time: 56.78s; valid time: 46.41s; loss: -90.2809 (±11.583); valid loss: -101.659 (*)
train end time:  2025-06-12 21:39:35
train time:  3283.745629310608
test start time:  2025-06-12 21:39:35
------------------------------ testing ------------------------------
test_score shape:  (23590, 38)
test_z shape:  (23590, 100, 6)
search range:  -400.0 400.0
cur thr:  -399.0 [0.9926148898687323, 0.985347949254654, 0.9999999628252803, 269.0, 23317.0, 4.0, 0.0, 5.499945000549995] [0.9926148898687323, 0.985347949254654, 0.9999999628252803, 269.0, 23317.0, 4.0, 0.0, 5.499945000549995] -399.0
cur thr:  -349.0 [0.9926148898687323, 0.985347949254654, 0.9999999628252803, 269.0, 23317.0, 4.0, 0.0, 5.399946000539995] [0.9926148898687323, 0.985347949254654, 0.9999999628252803, 269.0, 23317.0, 4.0, 0.0, 5.499945000549995] -399.0
cur thr:  -299.0 [0.9926148898687323, 0.985347949254654, 0.9999999628252803, 269.0, 23317.0, 4.0, 0.0, 5.399946000539995] [0.9926148898687323, 0.985347949254654, 0.9999999628252803, 269.0, 23317.0, 4.0, 0.0, 5.499945000549995] -399.0
cur thr:  -249.0 [0.9889655525095947, 0.9781817826115716, 0.9999999628252803, 269.0, 23315.0, 6.0, 0.0, 4.999950000499995] [0.9926148898687323, 0.985347949254654, 0.9999999628252803, 269.0, 23317.0, 4.0, 0.0, 5.499945000549995] -399.0
cur thr:  -199.0 [0.9835415833333944, 0.9676258644738899, 0.9999999628252803, 269.0, 23312.0, 9.0, 0.0, 2.4999750002499974] [0.9926148898687323, 0.985347949254654, 0.9999999628252803, 269.0, 23317.0, 4.0, 0.0, 5.499945000549995] -399.0
cur thr:  -149.0 [0.9711141027117783, 0.9438596160049258, 0.9999999628252803, 269.0, 23305.0, 16.0, 0.0, 2.3999760002399975] [0.9926148898687323, 0.985347949254654, 0.9999999628252803, 269.0, 23317.0, 4.0, 0.0, 5.499945000549995] -399.0
cur thr:  -99.0 [0.9389129614766805, 0.8848683919451188, 0.9999999628252803, 269.0, 23286.0, 35.0, 0.0, 2.299977000229998] [0.9926148898687323, 0.985347949254654, 0.9999999628252803, 269.0, 23317.0, 4.0, 0.0, 5.499945000549995] -399.0
cur thr:  -49.0 [0.8553209916340386, 0.74722220146605, 0.9999999628252803, 269.0, 23230.0, 91.0, 0.0, 1.999980000199998] [0.9926148898687323, 0.985347949254654, 0.9999999628252803, 269.0, 23317.0, 4.0, 0.0, 5.499945000549995] -399.0
cur thr:  1.0 [0.49042473060577574, 0.324879223129478, 0.9999999628252803, 269.0, 22762.0, 559.0, 0.0, 1.5999840001599985] [0.9926148898687323, 0.985347949254654, 0.9999999628252803, 269.0, 23317.0, 4.0, 0.0, 5.499945000549995] -399.0
cur thr:  51.0 [0.2776033855764845, 0.1611743549360434, 0.9999999628252803, 269.0, 21921.0, 1400.0, 0.0, 1.5999840001599985] [0.9926148898687323, 0.985347949254654, 0.9999999628252803, 269.0, 23317.0, 4.0, 0.0, 5.499945000549995] -399.0
cur thr:  101.0 [0.02397267106585826, 0.012131872091222715, 0.9999999628252803, 269.0, 1417.0, 21904.0, 0.0, 0.0] [0.9926148898687323, 0.985347949254654, 0.9999999628252803, 269.0, 23317.0, 4.0, 0.0, 5.499945000549995] -399.0
cur thr:  151.0 [0.022548919915277823, 0.01140313691759087, 0.9999999628252803, 269.0, 0.0, 23321.0, 0.0, 0.0]  0%|          | 0/23590 [00:00<?, ?it/s]100%|██████████| 23590/23590 [00:00<00:00, 953030.55it/s] [0.9926148898687323, 0.985347949254654, 0.9999999628252803, 269.0, 23317.0, 4.0, 0.0, 5.499945000549995] -399.0
cur thr:  201.0 [0.022548919915277823, 0.01140313691759087, 0.9999999628252803, 269.0, 0.0, 23321.0, 0.0, 0.0] [0.9926148898687323, 0.985347949254654, 0.9999999628252803, 269.0, 23317.0, 4.0, 0.0, 5.499945000549995] -399.0
cur thr:  251.0 [0.022548919915277823, 0.01140313691759087, 0.9999999628252803, 269.0, 0.0, 23321.0, 0.0, 0.0] [0.9926148898687323, 0.985347949254654, 0.9999999628252803, 269.0, 23317.0, 4.0, 0.0, 5.499945000549995] -399.0
cur thr:  301.0 [0.022548919915277823, 0.01140313691759087, 0.9999999628252803, 269.0, 0.0, 23321.0, 0.0, 0.0] [0.9926148898687323, 0.985347949254654, 0.9999999628252803, 269.0, 23317.0, 4.0, 0.0, 5.499945000549995] -399.0
cur thr:  351.0 [0.022548919915277823, 0.01140313691759087, 0.9999999628252803, 269.0, 0.0, 23321.0, 0.0, 0.0] [0.9926148898687323, 0.985347949254654, 0.9999999628252803, 269.0, 23317.0, 4.0, 0.0, 5.499945000549995] -399.0
[0.9926148898687323, 0.985347949254654, 0.9999999628252803, 269.0, 23317.0, 4.0, 0.0, 5.499945000549995] -399.0
label_file: ServerMachineDataset/interpretation_label/machine-2-3.txt
Initial threshold : 20243.645
Number of peaks : 2
Grimshaw maximum log-likelihood estimation ... [done]
	γ = 0
	σ = 7815.0693
	L = 19.927618229954255
Extreme quantile (probability = 0.001): 958.9190310466729
2
23590
POT result:  (0.6909930107268636, 0.9999999295774697, 0.5278810212683636, 142.0, 23321.0, 0.0, 127.0) -4466.793432122234 16.499587510312242

=== 全局调试信息 ===
y_true shape: (23590,), unique values: [0. 1.]
y_pred shape: (23590,), unique values: [False  True]
feature_scores shape: (23590, 38)
y_true 中的异常段: [(758, 760), (5640, 5645), (5909, 5912), (7811, 7901), (10854, 10857), (12101, 12126), (14971, 15051), (19276, 19316), (19446, 19453), (20154, 20158)]


=== 处理第 1/10 段 ===
段范围: start=758, end=760
段内真实标签 (seg_true): [1. 1. 1.]
段内预测标签 (seg_pred): [False False False]
段内真实异常时间点索引 (相对段内): [0 1 2]
段内是否有预测为异常的时间点: False
真实异常维度 (0-based): [11, 12]
段内检测到的异常时间点索引 (相对段内): []
未检测到任何异常点，尝试从特征分数中推断异常维度
推断的异常维度 (0-based): [7, 17]
真实与推断的交集: []
段内指标: TP=0, FP=2, FN=2, TN=34, IPS=0.0000

=== 处理第 2/10 段 ===
段范围: start=5640, end=5645
段内真实标签 (seg_true): [1. 1. 1. 1. 1. 1.]
段内预测标签 (seg_pred): [ True  True  True  True  True  True]
段内真实异常时间点索引 (相对段内): [0 1 2 3 4 5]
段内是否有预测为异常的时间点: True
真实异常维度 (0-based): [8, 9, 12]
段内检测到的异常时间点索引 (相对段内): [0 1 2 3 4 5]
推断的异常维度 (0-based): [7, 17, 26]
真实与推断的交集: []
段内指标: TP=0, FP=3, FN=3, TN=32, IPS=0.0000

=== 处理第 3/10 段 ===
段范围: start=5909, end=5912
段内真实标签 (seg_true): [1. 1. 1. 1.]
段内预测标签 (seg_pred): [ True  True  True  True]
段内真实异常时间点索引 (相对段内): [0 1 2 3]
段内是否有预测为异常的时间点: True
真实异常维度 (0-based): [8, 9, 12]
段内检测到的异常时间点索引 (相对段内): [0 1 2 3]
推断的异常维度 (0-based): [7, 17, 26]
真实与推断的交集: []
段内指标: TP=0, FP=3, FN=3, TN=32, IPS=0.0000

=== 处理第 4/10 段 ===
段范围: start=7811, end=7901
段内真实标签 (seg_true): [1. 1. 1. 1. 1. 1. 1. 1. 1. 1. 1. 1. 1. 1. 1. 1. 1. 1. 1. 1. 1. 1. 1. 1.
 1. 1. 1. 1. 1. 1. 1. 1. 1. 1. 1. 1. 1. 1. 1. 1. 1. 1. 1. 1. 1. 1. 1. 1.
 1. 1. 1. 1. 1. 1. 1. 1. 1. 1. 1. 1. 1. 1. 1. 1. 1. 1. 1. 1. 1. 1. 1. 1.
 1. 1. 1. 1. 1. 1. 1. 1. 1. 1. 1. 1. 1. 1. 1. 1. 1. 1. 1.]
段内预测标签 (seg_pred): [ True  True  True  True  True  True  True  True  True  True  True  True
  True  True  True  True  True  True  True  True  True  True  True  True
  True  True  True  True  True  True  True  True  True  True  True  True
  True  True  True  True  True  True  True  True  True  True  True  True
  True  True  True  True  True  True  True  True  True  True  True  True
  True  True  True  True  True  True  True  True  True  True  True  True
  True  True  True  True  True  True  True  True  True  True  True  True
  True  True  True  True  True  True  True]
段内真实异常时间点索引 (相对段内): [ 0  1  2  3  4  5  6  7  8  9 10 11 12 13 14 15 16 17 18 19 20 21 22 23
 24 25 26 27 28 29 30 31 32 33 34 35 36 37 38 39 40 41 42 43 44 45 46 47
 48 49 50 51 52 53 54 55 56 57 58 59 60 61 62 63 64 65 66 67 68 69 70 71
 72 73 74 75 76 77 78 79 80 81 82 83 84 85 86 87 88 89 90]
段内是否有预测为异常的时间点: True
真实异常维度 (0-based): [0, 1, 2, 3, 5, 6, 18, 20, 21, 22, 23, 24, 25, 27, 30, 31, 34, 35]
段内检测到的异常时间点索引 (相对段内): [ 0  1  2  3  4  5  6  7  8  9 10 11 12 13 14 15 16 17 18 19 20 21 22 23
 24 25 26 27 28 29 30 31 32 33 34 35 36 37 38 39 40 41 42 43 44 45 46 47
 48 49 50 51 52 53 54 55 56 57 58 59 60 61 62 63 64 65 66 67 68 69 70 71
 72 73 74 75 76 77 78 79 80 81 82 83 84 85 86 87 88 89 90]
推断的异常维度 (0-based): [0, 1, 2, 3, 4, 5, 6, 7, 8, 9, 10, 11, 12, 13, 14, 15, 16, 17, 22, 23, 24, 25, 26, 28, 29, 32, 33, 34, 35, 36, 37]
真实与推断的交集: [0, 1, 2, 3, 5, 6, 22, 23, 24, 25, 34, 35]
段内指标: TP=12, FP=19, FN=6, TN=1, IPS=0.6667

=== 处理第 5/10 段 ===
段范围: start=10854, end=10857
段内真实标签 (seg_true): [1. 1. 1. 1.]
段内预测标签 (seg_pred): [False False False False]
段内真实异常时间点索引 (相对段内): [0 1 2 3]
段内是否有预测为异常的时间点: False
真实异常维度 (0-based): [8, 11, 14]
段内检测到的异常时间点索引 (相对段内): []
未检测到任何异常点，尝试从特征分数中推断异常维度
推断的异常维度 (0-based): [7, 17, 26]
真实与推断的交集: []
段内指标: TP=0, FP=3, FN=3, TN=32, IPS=0.0000

=== 处理第 6/10 段 ===
段范围: start=12101, end=12126
段内真实标签 (seg_true): [1. 1. 1. 1. 1. 1. 1. 1. 1. 1. 1. 1. 1. 1. 1. 1. 1. 1. 1. 1. 1. 1. 1. 1.
 1. 1.]
段内预测标签 (seg_pred): [False False False False False False False False False False False False
 False False False False False False False False False False False False
 False False]
段内真实异常时间点索引 (相对段内): [ 0  1  2  3  4  5  6  7  8  9 10 11 12 13 14 15 16 17 18 19 20 21 22 23
 24 25]
段内是否有预测为异常的时间点: False
真实异常维度 (0-based): [0, 5, 6, 10, 15, 19, 20, 21, 22, 24, 27, 30, 31]
段内检测到的异常时间点索引 (相对段内): []
未检测到任何异常点，尝试从特征分数中推断异常维度
推断的异常维度 (0-based): [2, 4, 7, 9, 12, 16, 17, 23, 25, 26, 28, 29, 32, 33, 37]
真实与推断的交集: []
段内指标: TP=0, FP=15, FN=13, TN=10, IPS=0.0000

=== 处理第 7/10 段 ===
段范围: start=14971, end=15051
段内真实标签 (seg_true): [1. 1. 1. 1. 1. 1. 1. 1. 1. 1. 1. 1. 1. 1. 1. 1. 1. 1. 1. 1. 1. 1. 1. 1.
 1. 1. 1. 1. 1. 1. 1. 1. 1. 1. 1. 1. 1. 1. 1. 1. 1. 1. 1. 1. 1. 1. 1. 1.
 1. 1. 1. 1. 1. 1. 1. 1. 1. 1. 1. 1. 1. 1. 1. 1. 1. 1. 1. 1. 1. 1. 1. 1.
 1. 1. 1. 1. 1. 1. 1. 1. 1.]
段内预测标签 (seg_pred): [False False False False False False False False False False False False
 False False False False False False False False False False False False
 False False False False False False False False False False False False
 False False False False False False False False False False False False
 False False False False False False False False False False False False
 False False False False False False False False False False False False
 False False False False False False False False False]
段内真实异常时间点索引 (相对段内): [ 0  1  2  3  4  5  6  7  8  9 10 11 12 13 14 15 16 17 18 19 20 21 22 23
 24 25 26 27 28 29 30 31 32 33 34 35 36 37 38 39 40 41 42 43 44 45 46 47
 48 49 50 51 52 53 54 55 56 57 58 59 60 61 62 63 64 65 66 67 68 69 70 71
 72 73 74 75 76 77 78 79 80]
段内是否有预测为异常的时间点: False
真实异常维度 (0-based): [0, 5, 6, 19, 20, 21, 22, 24, 27, 30, 31]
段内检测到的异常时间点索引 (相对段内): []
未检测到任何异常点，尝试从特征分数中推断异常维度
推断的异常维度 (0-based): [4, 7, 9, 12, 16, 17, 23, 26, 28, 32, 33, 37]
真实与推断的交集: []
段内指标: TP=0, FP=12, FN=11, TN=15, IPS=0.0000

=== 处理第 8/10 段 ===
段范围: start=19276, end=19316
段内真实标签 (seg_true): [1. 1. 1. 1. 1. 1. 1. 1. 1. 1. 1. 1. 1. 1. 1. 1. 1. 1. 1. 1. 1. 1. 1. 1.
 1. 1. 1. 1. 1. 1. 1. 1. 1. 1. 1. 1. 1. 1. 1. 1. 1.]
段内预测标签 (seg_pred): [ True  True  True  True  True  True  True  True  True  True  True  True
  True  True  True  True  True  True  True  True  True  True  True  True
  True  True  True  True  True  True  True  True  True  True  True  True
  True  True  True  True  True]
段内真实异常时间点索引 (相对段内): [ 0  1  2  3  4  5  6  7  8  9 10 11 12 13 14 15 16 17 18 19 20 21 22 23
 24 25 26 27 28 29 30 31 32 33 34 35 36 37 38 39 40]
段内是否有预测为异常的时间点: True
真实异常维度 (0-based): [0, 1, 2, 3, 5, 6, 15, 18, 19, 20, 21, 22, 23, 24, 25, 26, 27, 28, 29, 30, 31, 32, 33, 34, 35]
段内检测到的异常时间点索引 (相对段内): [ 0  1  2  3  4  5  6  7  8  9 10 11 12 13 14 15 16 17 18 19 20 21 22 23
 24 25 26 27 28 29 30 31 32 33 34 35 36 37 38 39 40]
推断的异常维度 (0-based): [0, 1, 2, 3, 4, 5, 6, 7, 8, 9, 10, 11, 12, 13, 14, 15, 16, 17, 18, 19, 20, 21, 22, 23, 24, 25, 26, 27, 28, 29, 30, 31, 32, 33, 34, 35, 36, 37]
真实与推断的交集: [0, 1, 2, 3, 5, 6, 15, 18, 19, 20, 21, 22, 23, 24, 25, 26, 27, 28, 29, 30, 31, 32, 33, 34, 35]
段内指标: TP=25, FP=13, FN=0, TN=0, IPS=1.0000

=== 处理第 9/10 段 ===
段范围: start=19446, end=19453
段内真实标签 (seg_true): [1. 1. 1. 1. 1. 1. 1. 1.]
段内预测标签 (seg_pred): [False False False False False False False False]
段内真实异常时间点索引 (相对段内): [0 1 2 3 4 5 6 7]
段内是否有预测为异常的时间点: False
真实异常维度 (0-based): [11]
段内检测到的异常时间点索引 (相对段内): []
未检测到任何异常点，尝试从特征分数中推断异常维度
推断的异常维度 (0-based): [17]
真实与推断的交集: []
段内指标: TP=0, FP=1, FN=1, TN=36, IPS=0.0000

=== 处理第 10/10 段 ===
段范围: start=20154, end=20158
段内真实标签 (seg_true): [1. 1. 1. 1. 1.]
段内预测标签 (seg_pred): [False False False False False]
段内真实异常时间点索引 (相对段内): [0 1 2 3 4]
段内是否有预测为异常的时间点: False
真实异常维度 (0-based): [29]
段内检测到的异常时间点索引 (相对段内): []
未检测到任何异常点，尝试从特征分数中推断异常维度
推断的异常维度 (0-based): [17]
真实与推断的交集: []
段内指标: TP=0, FP=1, FN=1, TN=36, IPS=0.0000

=== 汇总指标 ===
总 TP: 37, 总 TN: 228, 总 FP: 72, 总 FN: 43
平均 IPS: 0.3779, Precision: 0.3394, Recall: 0.4625, F1: 0.3915
每段IPS与混淆: [{'start': 758, 'end': 760, 'TP': 0, 'TN': 34, 'FP': 2, 'FN': 2, 'IPS': 0.0, 'k_selected': 2, 'gt_dims_count': 2}, {'start': 5640, 'end': 5645, 'TP': 0, 'TN': 32, 'FP': 3, 'FN': 3, 'IPS': 0.0, 'k_selected': 3, 'gt_dims_count': 3}, {'start': 5909, 'end': 5912, 'TP': 0, 'TN': 32, 'FP': 3, 'FN': 3, 'IPS': 0.0, 'k_selected': 3, 'gt_dims_count': 3}, {'start': 7811, 'end': 7901, 'TP': 12, 'TN': 1, 'FP': 19, 'FN': 6, 'IPS': 0.6666666666666666, 'k_selected': 18, 'gt_dims_count': 18}, {'start': 10854, 'end': 10857, 'TP': 0, 'TN': 32, 'FP': 3, 'FN': 3, 'IPS': 0.0, 'k_selected': 3, 'gt_dims_count': 3}, {'start': 12101, 'end': 12126, 'TP': 0, 'TN': 10, 'FP': 15, 'FN': 13, 'IPS': 0.0, 'k_selected': 13, 'gt_dims_count': 13}, {'start': 14971, 'end': 15051, 'TP': 0, 'TN': 15, 'FP': 12, 'FN': 11, 'IPS': 0.0, 'k_selected': 11, 'gt_dims_count': 11}, {'start': 19276, 'end': 19316, 'TP': 25, 'TN': 0, 'FP': 13, 'FN': 0, 'IPS': 1.0, 'k_selected': 25, 'gt_dims_count': 25}, {'start': 19446, 'end': 19453, 'TP': 0, 'TN': 36, 'FP': 1, 'FN': 1, 'IPS': 0.0, 'k_selected': 1, 'gt_dims_count': 1}, {'start': 20154, 'end': 20158, 'TP': 0, 'TN': 36, 'FP': 1, 'FN': 1, 'IPS': 0.0, 'k_selected': 1, 'gt_dims_count': 1}]
总和: {'TP': 37, 'TN': 228, 'FP': 72, 'FN': 43, 'IPS': 0.3779429987608426, 'precision': 0.3394495412844037, 'recall': 0.4625, 'F1': 0.3915343915343915}
test end time:  2025-06-12 21:44:48
test time:  313.09356212615967
==============================result==============================
{'FN': 0.0,
 'FP': 4.0,
 'TN': 23317.0,
 'TP': 269.0,
 'best-f1': 0.9926148898687323,
 'best_valid_loss': -101.65903272066674,
 'latency': 5.499945000549995,
 'pot-FN': 127.0,
 'pot-FP': 0.0,
 'pot-TN': 23321.0,
 'pot-TP': 142.0,
 'pot-f1': 0.6909930107268636,
 'pot-latency': 16.499587510312242,
 'pot-precision': 0.9999999295774697,
 'pot-recall': 0.5278810212683636,
 'pot-threshold': -4466.793432122234,
 'precision': 0.985347949254654,
 'pred_time': 0.3173490308098874,
 'pred_total_time': 150.15562844276428,
 'recall': 0.9999999628252803,
 'segment_results': [{'FN': 2,
                      'FP': 2,
                      'IPS': 0.0,
                      'TN': 34,
                      'TP': 0,
                      'end': 760,
                      'gt_dims_count': 2,
                      'k_selected': 2,
                      'start': 758},
                     {'FN': 3,
                      'FP': 3,
                      'IPS': 0.0,
                      'TN': 32,
                      'TP': 0,
                      'end': 5645,
                      'gt_dims_count': 3,
                      'k_selected': 3,
                      'start': 5640},
                     {'FN': 3,
                      'FP': 3,
                      'IPS': 0.0,
                      'TN': 32,
                      'TP': 0,
                      'end': 5912,
                      'gt_dims_count': 3,
                      'k_selected': 3,
                      'start': 5909},
                     {'FN': 6,
                      'FP': 19,
                      'IPS': 0.6666666666666666,
                      'TN': 1,
                      'TP': 12,
                      'end': 7901,
                      'gt_dims_count': 18,
                      'k_selected': 18,
                      'start': 7811},
                     {'FN': 3,
                      'FP': 3,
                      'IPS': 0.0,
                      'TN': 32,
                      'TP': 0,
                      'end': 10857,
                      'gt_dims_count': 3,
                      'k_selected': 3,
                      'start': 10854},
                     {'FN': 13,
                      'FP': 15,
                      'IPS': 0.0,
                      'TN': 10,
                      'TP': 0,
                      'end': 12126,
                      'gt_dims_count': 13,
                      'k_selected': 13,
                      'start': 12101},
                     {'FN': 11,
                      'FP': 12,
                      'IPS': 0.0,
                      'TN': 15,
                      'TP': 0,
                      'end': 15051,
                      'gt_dims_count': 11,
                      'k_selected': 11,
                      'start': 14971},
                     {'FN': 0,
                      'FP': 13,
                      'IPS': 1.0,
                      'TN': 0,
                      'TP': 25,
                      'end': 19316,
                      'gt_dims_count': 25,
                      'k_selected': 25,
                      'start': 19276},
                     {'FN': 1,
                      'FP': 1,
                      'IPS': 0.0,
                      'TN': 36,
                      'TP': 0,
                      'end': 19453,
                      'gt_dims_count': 1,
                      'k_selected': 1,
                      'start': 19446},
                     {'FN': 1,
                      'FP': 1,
                      'IPS': 0.0,
                      'TN': 36,
                      'TP': 0,
                      'end': 20158,
                      'gt_dims_count'
: 1,
                      'k_selected': 1,
                      'start': 20154}],
 'segment_summary': {'F1': 0.3915343915343915,
                     'FN': 43,
                     'FP': 72,
                     'IPS': 0.3779429987608426,
                     'TN': 228,
                     'TP': 37,
                     'precision': 0.3394495412844037,
                     'recall': 0.4625},
 'threshold': -399.0,
 'train_time': 326.671817779541,
 'valid_time': 0.30863408554107585}
