2025-06-22 18:38:00.084294: I tensorflow/core/platform/cpu_feature_guard.cc:141] Your CPU supports instructions that this TensorFlow binary was not compiled to use: AVX2 AVX512F FMA
Configurations
===========================================
{'batch_size': 50,
 'bf_search_max': 400.0,
 'bf_search_min': -400.0,
 'bf_search_step_size': 1.0,
 'dataset': 'omi-10',
 'dense_dim': 500,
 'early_stop': True,
 'get_score_on_dim': True,
 'gradient_clip_norm': 10.0,
 'initial_lr': 0.001,
 'l2_reg': 0.0001,
 'level': 0.0075,
 'lr_anneal_epoch_freq': 40,
 'lr_anneal_factor': 0.5,
 'lr_anneal_step_freq': None,
 'max_epoch': 10,
 'max_test_size': None,
 'max_train_size': None,
 'nf_layers': 20,
 'percentage_Dimension': 40.0,
 'posterior_flow_type': 'nf',
 'restore_dir': None,
 'result_dir': 'result',
 'rnn_cell': 'GRU',
 'rnn_num_hidden': 500,
 'save_dir': 'model',
 'save_z': False,
 'std_epsilon': 0.0001,
 'test_batch_size': 50,
 'test_n_z': 1,
 'test_score_filename': 'test_score.pkl',
 'test_start': 0,
 'train_score_filename': 'train_score.pkl',
 'train_start': 0,
 'use_connected_z_p': True,
 'use_connected_z_q': True,
 'valid_step_freq': 100,
 'window_length': 100,
 'x_dim': 19,
 'z_dim': 3}

train start time:  2025-06-22 18:37:32
load data of: omi-10
train:  0 None
test:  0 None
Data normalized
Data normalized
train set shape:  (8640, 19)
test set shape:  (4320, 19)
test set label shape:  (4320,)
Trainable Parameters                                            (2,560,202 in total)
------------------------------------------------------------------------------------
model/q_z_given_x/rnn_q_z/rnn/gru_cell/gates/kernel             (519, 1000)  519,000
model/q_z_given_x/rnn_q_z/rnn/gru_cell/gates/bias               (1000,)        1,000
model/q_z_given_x/rnn_q_z/rnn/gru_cell/candidate/kernel         (519, 500)   259,500
model/q_z_given_x/rnn_q_z/rnn/gru_cell/candidate/bias           (500,)           500
model/q_z_given_x/rnn_q_z/dense/kernel                          (500, 500)   250,000
model/q_z_given_x/rnn_q_z/dense/bias                            (500,)           500
model/q_z_given_x/rnn_q_z/dense_1/kernel                        (500, 500)   250,000
model/q_z_given_x/rnn_q_z/dense_1/bias                          (500,)           500
model/vae/variational/z_mean/kernel                             (503, 3)       1,509
model/vae/variational/z_mean/bias                               (3,)               3
model/vae/variational/z_std/kernel                              (503, 3)       1,509
model/vae/variational/z_std/bias                                (3,)               3
model/posterior_flow/_0/w                                       (1, 3)             3
model/posterior_flow/_0/b                                       (1,)               1
model/posterior_flow/_0/u                                       (1, 3)             3
model/posterior_flow/_1/w                                       (1, 3)             3
model/posterior_flow/_1/b                                       (1,)               1
model/posterior_flow/_1/u                                       (1, 3)             3
model/posterior_flow/_2/w                                       (1, 3)             3
model/posterior_flow/_2/b                                       (1,)               1
model/posterior_flow/_2/u                                       (1, 3)             3
model/posterior_flow/_3/w                                       (1, 3)             3
model/posterior_flow/_3/b                                       (1,)               1
model/posterior_flow/_3/u                                       (1, 3)             3
model/posterior_flow/_4/w                                       (1, 3)             3
model/posterior_flow/_4/b                                       (1,)               1
model/posterior_flow/_4/u                                       (1, 3)             3
model/posterior_flow/_5/w                                       (1, 3)             3
model/posterior_flow/_5/b                                       (1,)               1
model/posterior_flow/_5/u                                       (1, 3)             3
model/posterior_flow/_6/w                                       (1, 3)             3
model/posterior_flow/_6/b                                       (1,)               1
model/posterior_flow/_6/u                                       (1, 3)             3
model/posterior_flow/_7/w                                       (1, 3)             3
model/posterior_flow/_7/b                                       (1,)               1
model/posterior_flow/_7/u                                       (1, 3)             3
model/posterior_flow/_8/w                                       (1, 3)             3
model/posterior_flow/_8/b                                       (1,)               1
model/posterior_flow/_8/u                                       (1, 3)             3
model/posterior_flow/_9/w                                       (1, 3)             3
model/posterior_flow/_9/b                                       (1,)               1
model/posterior_flow/_9/u                                       (1, 3)             3
model/posterior_flow/_10/w                                      (1, 3)             3
model/posterior_flow/_10/b                                      (1,)               1
model/posterior_flow/_10/u                                      (1, 3)             3
model/posterior_flow/_11/w                                      (1, 3)             3
model/posterior_flow/_11/b                                      (1,)               1
model/posterior_flow/_11/u                                      (1, 3)             3
model/posterior_flow/_12/w                                      (1, 3)             3
model/posterior_flow/_12/b                                      (1,)               1
model/posterior_flow/_12/u                                      (1, 3)             3
model/posterior_flow/_13/w                                      (1, 3)             3
model/posterior_flow/_13/b                                      (1,)               1
model/posterior_flow/_13/u                                      (1, 3)             3
model/posterior_flow/_14/w                                      (1, 3)             3
model/posterior_flow/_14/b                                      (1,)               1
model/posterior_flow/_14/u                                      (1, 3)             3
model/posterior_flow/_15/w                                      (1, 3)             3
model/posterior_flow/_15/b                                      (1,)               1
model/posterior_flow/_15/u                                      (1, 3)             3
model/posterior_flow/_16/w                                      (1, 3)             3
model/posterior_flow/_16/b                                      (1,)               1
model/posterior_flow/_16/u                                      (1, 3)             3
model/posterior_flow/_17/w                                      (1, 3)             3
model/posterior_flow/_17/b                                      (1,)               1
model/posterior_flow/_17/u                                      (1, 3)             3
model/posterior_flow/_18/w                                      (1, 3)             3
model/posterior_flow/_18/b                                      (1,)               1
model/posterior_flow/_18/u                                      (1, 3)             3
model/posterior_flow/_19/w                                      (1, 3)             3
model/posterior_flow/_19/b                                      (1,)               1
model/posterior_flow/_19/u                                      (1, 3)             3
model/p_x_given_z/hidden/rnn_p_x/rnn/gru_cell/gates/kernel      (503, 1000)  503,000
model/p_x_given_z/hidden/rnn_p_x/rnn/gru_cell/gates/bias        (1000,)        1,000
model/p_x_given_z/hidden/rnn_p_x/rnn/gru_cell/candidate/kernel  (503, 500)   251,500
model/p_x_given_z/hidden/rnn_p_x/rnn/gru_cell/candidate/bias    (500,)           500
model/p_x_given_z/hidden/rnn_p_x/dense/kernel                   (500, 500)   250,000
model/p_x_given_z/hidden/rnn_p_x/dense/bias                     (500,)           500
model/p_x_given_z/hidden/rnn_p_x/dense_1/kernel                 (500, 500)   250,000
model/p_x_given_z/hidden/rnn_p_x/dense_1/bias                   (500,)           500
model/p_x_given_z/x_mean/kernel                                 (500, 19)      9,500
model/p_x_given_z/x_mean/bias                                   (19,)             19
model/p_x_given_z/x_std/kernel                                  (500, 19)      9,500
model/p_x_given_z/x_std/bias                                    (19,)             19/home/hz/anaconda3/envs/py36/lib/python3.6/site-packages/tensorflow/python/framework/dtypes.py:523: FutureWarning: Passing (type, 1) or '1type' as a synonym of type is deprecated; in a future version of numpy, it will be understood as (type, (1,)) / '(1,)type'.
  _np_qint8 = np.dtype([("qint8", np.int8, 1)])
/home/hz/anaconda3/envs/py36/lib/python3.6/site-packages/tensorflow/python/framework/dtypes.py:524: FutureWarning: Passing (type, 1) or '1type' as a synonym of type is deprecated; in a future version of numpy, it will be understood as (type, (1,)) / '(1,)type'.
  _np_quint8 = np.dtype([("quint8", np.uint8, 1)])
/home/hz/anaconda3/envs/py36/lib/python3.6/site-packages/tensorflow/python/framework/dtypes.py:525: FutureWarning: Passing (type, 1) or '1type' as a synonym of type is deprecated; in a future version of numpy, it will be understood as (type, (1,)) / '(1,)type'.
  _np_qint16 = np.dtype([("qint16", np.int16, 1)])
/home/hz/anaconda3/envs/py36/lib/python3.6/site-packages/tensorflow/python/framework/dtypes.py:526: FutureWarning: Passing (type, 1) or '1type' as a synonym of type is deprecated; in a future version of numpy, it will be understood as (type, (1,)) / '(1,)type'.
  _np_quint16 = np.dtype([("quint16", np.uint16, 1)])
/home/hz/anaconda3/envs/py36/lib/python3.6/site-packages/tensorflow/python/framework/dtypes.py:527: FutureWarning: Passing (type, 1) or '1type' as a synonym of type is deprecated; in a future version of numpy, it will be understood as (type, (1,)) / '(1,)type'.
  _np_qint32 = np.dtype([("qint32", np.int32, 1)])
/home/hz/anaconda3/envs/py36/lib/python3.6/site-packages/tensorflow/python/framework/dtypes.py:532: FutureWarning: Passing (type, 1) or '1type' as a synonym of type is deprecated; in a future version of numpy, it will be understood as (type, (1,)) / '(1,)type'.
  np_resource = np.dtype([("resource", np.ubyte, 1)])
/home/hz/anaconda3/envs/py36/lib/python3.6/site-packages/tfsnippet/utils/tfver.py:22: DeprecationWarning: Function 'semver.compare' is deprecated. Deprecated since version 2.10.0.  This function will be removed in semver 3. Use the respective 'semver.VersionInfo.compare' instead.
  compare_result = semver.compare(version, tf.__version__)
/home/hz/anaconda3/envs/py36/lib/python3.6/site-packages/tfsnippet/utils/tfver.py:22: DeprecationWarning: Function 'semver.compare' is deprecated. Deprecated since version 2.10.0.  This function will be removed in semver 3. Use the respective 'semver.VersionInfo.compare' instead.
  compare_result = semver.compare(version, tf.__version__)
INFO:tensorflow:Restoring parameters from /tmp/tmp89u6jo_s/variables.dat-700
2025-06-22 19:01:33,792 [INFO] tensorflow: Restoring parameters from /tmp/tmp89u6jo_s/variables.dat-700
  0%|          | 0/4221 [00:00<?, ?it/s]100%|██████████| 4221/4221 [00:00<00:00, 356593.56it/s]

train_values: (6048, 19)
[Epoch 1/10, Step 100] step time: 1.552s (±4.59s); train time: 1m 58.77s; valid time: 36.54s; loss: 5448.11 (±53654.7); valid loss: -4.16309 (*)
train_values: (6048, 19)
[Epoch 2/10, Step 200, ETA 22m 5s] step time: 1.15s (±2.698s); train time: 1m 12.48s; valid time: 27.03s; loss: -4.90738 (±1.38881); valid loss: -2.3557
train_values: (6048, 19)
[Epoch 3/10, Step 300, ETA 19m 1.176s] step time: 1.185s (±2.944s); train time: 56.98s; valid time: 29.68s; loss: -4.71923 (±1.39627); valid loss: -4.40692 (*)
train_values: (6048, 19)
[Epoch 4/10, Step 400, ETA 16m 28.76s] step time: 1.179s (±2.941s); train time: 41.48s; valid time: 29.56s; loss: -5.0181 (±1.22669); valid loss: -5.7646 (*)
train_values: (6048, 19)
[Epoch 5/10, Step 500, ETA 14m 12.13s] step time: 1.194s (±2.98s); train time: 25.76s; valid time: 30.03s; loss: -4.62643 (±1.59863); valid loss: -6.1587 (*)
train_values: (6048, 19)
[Epoch 6/10, Step 600, ETA 12m 8.766s] step time: 1.272s (±3.413s); train time: 13.29s; valid time: 33.77s; loss: -4.59541 (±2.47338); valid loss: -5.5332
[Epoch 6/10, Step 700, ETA 9m 57.29s] step time: 1.171s (±2.934s); train time: 1m 27.76s; valid time: 29.38s; loss: -5.45771 (±1.53392); valid loss: -6.5961 (*)
train_values: (6048, 19)
[Epoch 7/10, Step 800, ETA 7m 49.82s] step time: 1.18s (±2.685s); train time: 1m 22.94s; valid time: 27.04s; loss: -4.42189 (±4.76769); valid loss: 5.71855
train_values: (6048, 19)
[Epoch 8/10, Step 900, ETA 5m 43.71s] step time: 1.156s (±2.707s); train time: 1m 6.148s; valid time: 27.31s; loss: -3.37192 (±3.24375); valid loss: 6.14013
train_values: (6048, 19)
[Epoch 9/10, Step 1000, ETA 3m 39.65s] step time: 1.154s (±2.652s); train time: 49.73s; valid time: 26.59s; loss: -4.16948 (±3.47186); valid loss: -3.33933
train_values: (6048, 19)
[Epoch 10/10, Step 1100, ETA 1m 37.26s] step time: 1.169s (±2.642s); train time: 33.87s; valid time: 26.58s; loss: -3.59875 (±6.25625); valid loss: -6.04026
train end time:  2025-06-22 19:01:34
train time:  1442.1976325511932
test start time:  2025-06-22 19:01:34
------------------------------ testing ------------------------------
test_score shape:  (4221, 19)
test_z shape:  (4221, 100, 6)
search range:  -400.0 400.0
cur thr:  -399.0 [0.19806583877513187, 0.9999997560976204, 0.10991956809867111, 41.0, 3848.0, 0.0, 332.0, 2.9997000299970003] [0.19806583877513187, 0.9999997560976204, 0.10991956809867111, 41.0, 3848.0, 0.0, 332.0, 2.9997000299970003] -399.0
cur thr:  -349.0 [0.19806583877513187, 0.9999997560976204, 0.10991956809867111, 41.0, 3848.0, 0.0, 332.0, 2.9997000299970003] [0.19806583877513187, 0.9999997560976204, 0.10991956809867111, 41.0, 3848.0, 0.0, 332.0, 2.9997000299970003] -399.0
cur thr:  -299.0 [0.19806583877513187, 0.9999997560976204, 0.10991956809867111, 41.0, 3848.0, 0.0, 332.0, 2.9997000299970003] [0.19806583877513187, 0.9999997560976204, 0.10991956809867111, 41.0, 3848.0, 0.0, 332.0, 2.9997000299970003] -399.0
cur thr:  -249.0 [0.19806583877513187, 0.9999997560976204, 0.10991956809867111, 41.0, 3848.0, 0.0, 332.0, 2.9997000299970003] [0.19806583877513187, 0.9999997560976204, 0.10991956809867111, 41.0, 3848.0, 0.0, 332.0, 2.9997000299970003] -399.0
cur thr:  -199.0 [0.19806583877513187, 0.9999997560976204, 0.10991956809867111, 41.0, 3848.0, 0.0, 332.0, 2.9997000299970003] [0.19806583877513187, 0.9999997560976204, 0.10991956809867111, 41.0, 3848.0, 0.0, 332.0, 2.9997000299970003] -399.0
cur thr:  -149.0 [0.38626288302282596, 0.9677418314256095, 0.24128685680196096, 90.0, 3845.0, 3.0, 283.0, 21.998900054997247] [0.3879278646397689, 0.9890108803284746, 0.24128685680196096, 90.0, 3847.0, 1.0, 283.0, 21.998900054997247] -173.0
cur thr:  -99.0 [0.6304303773802413, 0.9720669848007271, 0.46648792315045784, 174.0, 3843.0, 5.0, 199.0, 28.99927501812455] [0.6304303773802413, 0.9720669848007271, 0.46648792315045784, 174.0, 3843.0, 5.0, 199.0, 28.99927501812455] -108.0
cur thr:  -49.0 [0.8455722562094935, 0.9591836408440939, 0.756032151312811, 282.0, 3836.0, 12.0, 91.0, 14.166430559490676] [0.8519588010159801, 0.9757785129488404, 0.756032151312811, 282.0, 3841.0, 7.0, 91.0, 25.99956667388877] -83.0
cur thr:  1.0 [0.48347008018824383, 0.3188034160786033, 0.9999999731903493, 373.0, 3051.0, 797.0, 0.0, 7.49990625117186] [0.9751583763082318, 0.9515305879711585, 0.9999999731903493, 373.0, 3829.0, 19.0, 0.0, 17.249784377695278] -28.0
cur thr:  51.0 [0.16238422780014367, 0.08836768517325827, 0.9999999731903493, 373.0, 0.0, 3848.0, 0.0, 0.0] [0.9751583763082318, 0.9515305879711585, 0.9999999731903493, 373.0, 3829.0, 19.0, 0.0, 17.249784377695278] -28.0
cur thr:  101.0 [0.16238422780014367, 0.08836768517325827, 0.9999999731903493, 373.0, 0.0, 3848.0, 0.0, 0.0] [0.9751583763082318, 0.9515305879711585, 0.9999999731903493, 373.0, 3829.0, 19.0, 0.0, 17.249784377695278] -28.0
cur thr:  151.0 [0.16238422780014367, 0.08836768517325827, 0.9999999731903493, 373.0, 0.0, 3848.0, 0.0, 0.0] [0.9751583763082318, 0.9515305879711585, 0.9999999731903493, 373.0, 3829.0, 19.0, 0.0, 17.249784377695278] -28.0
cur thr:  201.0 [0.16238422780014367, 0.08836768517325827, 0.9999999731903493, 373.0, 0.0, 3848.0, 0.0, 0.0] [0.9751583763082318, 0.9515305879711585, 0.9999999731903493, 373.0, 3829.0, 19.0, 0.0, 17.249784377695278] -28.0
cur thr:  251.0 [0.16238422780014367, 0.08836768517325827, 0.9999999731903493, 373.0, 0.0, 3848.0, 0.0, 0.0] [0.9751583763082318, 0.9515305879711585, 0.9999999731903493, 373.0, 3829.0, 19.0, 0.0, 17.249784377695278] -28.0
cur thr:  301.0 [0.16238422780014367, 0.08836768517325827, 0.9999999731903493, 373.0, 0.0, 3848.0, 0.0, 0.0] [0.9751583763082318, 0.9515305879711585, 0.9999999731903493, 373.0, 3829.0, 19.0, 0.0, 17.249784377695278] -28.0
cur thr:  351.0 [0.16238422780014367, 0.08836768517325827, 0.9999999731903493, 373.0, 0.0, 3848.0, 0.0, 0.0] [0.9751583763082318, 0.9515305879711585, 0.9999999731903493, 373.0, 3829.0, 19.0, 0.0, 17.249784377695278] -28.0
[0.9751583763082318, 0.9515305879711585, 0.9999999731903493, 373.0, 3829.0, 19.0, 0.0, 17.249784377695278] -28.0
label_file: ServerMachineDataset/interpretation_label/omi-10.txt
Initial threshold : 26.13129
Number of peaks : 64
Grimshaw maximum log-likelihood estimation ... [done]
	γ = 0
	σ = 49.258705
	L = 313.4135107899876
Extreme quantile (probability = 0.001): 125.33856820945317
52
4221
POT result:  (0.9108584920083379, 0.9478260594833027, 0.8766755797137915, 327.0, 3830.0, 18.0, 46.0) -34.85100141755568 13.571234696647192

=== 全局调试信息 ===
y_true shape: (4221,), unique values: [0. 1.]
y_pred shape: (4221,), unique values: [False  True]
feature_scores shape: (4221, 19)
interpretation_segments 数量: 8


=== 处理第 1/8 段 ===
原始段范围: orig_start=740, orig_end=780
调整后段范围: start=641, end=681
段内真实标签 (seg_true): [1. 1. 1. 1. 1. 1. 1. 1. 1. 1. 1. 1. 1. 1. 1. 1. 1. 1. 1. 1. 1. 1. 1. 1.
 1. 1. 1. 1. 1. 1. 1. 1. 1. 1. 1. 1. 1. 1. 1. 1. 1.]
段内预测标签 (seg_pred): [ True  True  True  True  True  True  True  True  True  True  True  True
  True  True  True  True  True  True  True  True  True  True  True  True
  True  True  True  True  True  True  True  True  True  True  True  True
  True  True  True  True  True]
段内真实异常时间点索引 (相对段内): [ 0  1  2  3  4  5  6  7  8  9 10 11 12 13 14 15 16 17 18 19 20 21 22 23
 24 25 26 27 28 29 30 31 32 33 34 35 36 37 38 39 40]
段内是否有预测为异常的时间点: True
真实异常维度 (0-based): [1, 4, 5, 6, 7, 8, 9, 10, 11, 12, 13, 14, 15, 16, 17, 18]
段内检测到的异常时间点索引 (相对段内): [ 0  1  2  3  4  5  6  7  8  9 10 11 12 13 14 15 16 17 18 19 20 21 22 23
 24 25 26 27 28 29 30 31 32 33 34 35 36 37 38 39 40]
选择的维度数量 (k): 7 (基于真实异常维度数的 100%)
推断的异常维度 (0-based): [0, 1, 2, 3, 4, 5, 6, 7, 8, 9, 11, 12, 13, 14, 15, 18]
真实与推断的交集: [1, 4, 5, 6, 7, 8, 9, 11, 12, 13, 14, 15, 18]
段内指标: TP=13, FP=3, FN=3, TN=0, IPS=0.8125

=== 处理第 2/8 段 ===
原始段范围: orig_start=1345, orig_end=1406
调整后段范围: start=1246, end=1307
段内真实标签 (seg_true): [1. 1. 1. 1. 1. 1. 1. 1. 1. 1. 1. 1. 1. 1. 1. 1. 1. 1. 1. 1. 1. 1. 1. 1.
 1. 1. 1. 1. 1. 1. 1. 1. 1. 1. 1. 1. 1. 1. 1. 1. 1. 1. 1. 1. 1. 1. 1. 1.
 1. 1. 1. 1. 1. 1. 1. 1. 1. 1. 1. 1. 1. 1.]
段内预测标签 (seg_pred): [ True  True  True  True  True  True  True  True  True  True  True  True
  True  True  True  True  True  True  True  True  True  True  True  True
  True  True  True  True  True  True  True  True  True  True  True  True
  True  True  True  True  True  True  True  True  True  True  True  True
  True  True  True  True  True  True  True  True  True  True  True  True
  True  True]
段内真实异常时间点索引 (相对段内): [ 0  1  2  3  4  5  6  7  8  9 10 11 12 13 14 15 16 17 18 19 20 21 22 23
 24 25 26 27 28 29 30 31 32 33 34 35 36 37 38 39 40 41 42 43 44 45 46 47
 48 49 50 51 52 53 54 55 56 57 58 59 60 61]
段内是否有预测为异常的时间点: True
真实异常维度 (0-based): [6, 8, 9, 10, 11, 12, 13, 14, 15, 16, 17]
段内检测到的异常时间点索引 (相对段内): [ 0  1  2  3  4  5  6  7  8  9 10 11 12 13 14 15 16 17 18 19 20 21 22 23
 24 25 26 27 28 29 30 31 32 33 34 35 36 37 38 39 40 41 42 43 44 45 46 47
 48 49 50 51 52 53 54 55 56 57 58 59 60 61]
选择的维度数量 (k): 7 (基于真实异常维度数的 100%)
推断的异常维度 (0-based): [0, 1, 2, 3, 4, 5, 7, 8, 9, 10, 13, 14, 15, 17, 18]
真实与推断的交集: [8, 9, 10, 13, 14, 15, 17]
段内指标: TP=7, FP=8, FN=4, TN=0, IPS=0.6364

=== 处理第 3/8 段 ===
原始段范围: orig_start=2224, orig_end=2272
调整后段范围: start=2125, end=2173
段内真实标签 (seg_true): [1. 1. 1. 1. 1. 1. 1. 1. 1. 1. 1. 1. 1. 1. 1. 1. 1. 1. 1. 1. 1. 1. 1. 1.
 1. 1. 1. 1. 1. 1. 1. 1. 1. 1. 1. 1. 1. 1. 1. 1. 1. 1. 1. 1. 1. 1. 1. 1.
 1.]
段内预测标签 (seg_pred): [ True  True  True  True  True  True  True  True  True  True  True  True
  True  True  True  True  True  True  True  True  True  True  True  True
  True  True  True  True  True  True  True  True  True  True  True  True
  True  True  True  True  True  True  True  True  True  True  True  True
  True]
段内真实异常时间点索引 (相对段内): [ 0  1  2  3  4  5  6  7  8  9 10 11 12 13 14 15 16 17 18 19 20 21 22 23
 24 25 26 27 28 29 30 31 32 33 34 35 36 37 38 39 40 41 42 43 44 45 46 47
 48]
段内是否有预测为异常的时间点: True
真实异常维度 (0-based): [3, 4, 5, 6, 8, 9, 10, 11, 12, 13, 14, 15, 16, 17, 18]
段内检测到的异常时间点索引 (相对段内): [ 0  1  2  3  4  5  6  7  8  9 10 11 12 13 14 15 16 17 18 19 20 21 22 23
 24 25 26 27 28 29 30 31 32 33 34 35 36 37 38 39 40 41 42 43 44 45 46 47
 48]
选择的维度数量 (k): 7 (基于真实异常维度数的 100%)
推断的异常维度 (0-based): [0, 1, 2, 3, 4, 5, 7, 8, 9, 10, 11, 12, 13, 14, 15, 16, 18]
真实与推断的交集: [3, 4, 5, 8, 9, 10, 11, 12, 13, 14, 15, 16, 18]
段内指标: TP=13, FP=4, FN=2, TN=0, IPS=0.8667

=== 处理第 4/8 段 ===
原始段范围: orig_start=2514, orig_end=2592
调整后段范围: start=2415, end=2493
段内真实标签 (seg_true): [1. 1. 1. 1. 1. 1. 1. 1. 1. 1. 1. 1. 1. 1. 1. 1. 1. 1. 1. 1. 1. 1. 1. 1.
 1. 1. 1. 1. 1. 1. 1. 1. 1. 1. 1. 1. 1. 1. 1. 1. 1. 1. 1. 1. 1. 1. 1. 1.
 1. 1. 1. 1. 1. 1. 1. 1. 1. 1. 1. 1. 1. 1. 1. 1. 1. 1. 1. 1. 1. 1. 1. 1.
 1. 1. 1. 1. 1. 1. 1.]
段内预测标签 (seg_pred): [ True  True  True  True  True  True  True  True  True  True  True  True
  True  True  True  True  True  True  True  True  True  True  True  True
  True  True  True  True  True  True  True  True  True  True  True  True
  True  True  True  True  True  True  True  True  True  True  True  True
  True  True  True  True  True  True  True  True  True  True  True  True
  True  True  True  True  True  True  True  True  True  True  True  True
  True  True  True  True  True  True  True]
段内真实异常时间点索引 (相对段内): [ 0  1  2  3  4  5  6  7  8  9 10 11 12 13 14 15 16 17 18 19 20 21 22 23
 24 25 26 27 28 29 30 31 32 33 34 35 36 37 38 39 40 41 42 43 44 45 46 47
 48 49 50 51 52 53 54 55 56 57 58 59 60 61 62 63 64 65 66 67 68 69 70 71
 72 73 74 75 76 77 78]
段内是否有预测为异常的时间点: True
真实异常维度 (0-based): [3, 15]
段内检测到的异常时间点索引 (相对段内): [ 0  1  2  3  4  5  6  7  8  9 10 11 12 13 14 15 16 17 18 19 20 21 22 23
 24 25 26 27 28 29 30 31 32 33 34 35 36 37 38 39 40 41 42 43 44 45 46 47
 48 49 50 51 52 53 54 55 56 57 58 59 60 61 62 63 64 65 66 67 68 69 70 71
 72 73 74 75 76 77 78]
选择的维度数量 (k): 7 (基于真实异常维度数的 100%)
推断的异常维度 (0-based): [0, 1, 2, 3, 4, 6, 7, 8, 9, 10, 12, 13, 14, 15, 16, 18]
真实与推断的交集: [3, 15]
段内指标: TP=2, FP=14, FN=0, TN=3, IPS=1.0000

=== 处理第 5/8 段 ===
原始段范围: orig_start=2733, orig_end=2778
调整后段范围: start=2634, end=2679
段内真实标签 (seg_true): [1. 1. 1. 1. 1. 1. 1. 1. 1. 1. 1. 1. 1. 1. 1. 1. 1. 1. 1. 1. 1. 1. 1. 1.
 1. 1. 1. 1. 1. 1. 1. 1. 1. 1. 1. 1. 1. 1. 1. 1. 1. 1. 1. 1. 1. 1.]
段内预测标签 (seg_pred): [False False False False False False False False False False False False
 False False False False False False False False False False False False
 False False False False False False False False False False False False
 False False False False False False False False False False]
段内真实异常时间点索引 (相对段内): [ 0  1  2  3  4  5  6  7  8  9 10 11 12 13 14 15 16 17 18 19 20 21 22 23
 24 25 26 27 28 29 30 31 32 33 34 35 36 37 38 39 40 41 42 43 44 45]
段内是否有预测为异常的时间点: False
真实异常维度 (0-based): [10, 13, 14]
段内检测到的异常时间点索引 (相对段内): []
未检测到任何异常点，将整个段中的时间索引标记为异常
选择的维度数量 (k): 7 (基于真实异常维度数的 100%)
推断的异常维度 (0-based): [0, 1, 2, 3, 4, 7, 8, 10, 13, 14, 15]
真实与推断的交集: [10, 13, 14]
段内指标: TP=3, FP=8, FN=0, TN=8, IPS=1.0000

=== 处理第 6/8 段 ===
原始段范围: orig_start=3401, orig_end=3405
调整后段范围: start=3302, end=3306
段内真实标签 (seg_true): [1. 1. 1. 1. 1.]
段内预测标签 (seg_pred): [ True  True  True  True  True]
段内真实异常时间点索引 (相对段内): [0 1 2 3 4]
段内是否有预测为异常的时间点: True
真实异常维度 (0-based): [0]
段内检测到的异常时间点索引 (相对段内): [0 1 2 3 4]
选择的维度数量 (k): 7 (基于真实异常维度数的 100%)
推断的异常维度 (0-based): [0, 1, 2, 3, 4, 5, 7, 8, 9, 13, 14]
真实与推断的交集: [0]
段内指标: TP=1, FP=10, FN=0, TN=8, IPS=1.0000

=== 处理第 7/8 段 ===
原始段范围: orig_start=3414, orig_end=3459
调整后段范围: start=3315, end=3360
段内真实标签 (seg_true): [1. 1. 1. 1. 1. 1. 1. 1. 1. 1. 1. 1. 1. 1. 1. 1. 1. 1. 1. 1. 1. 1. 1. 1.
 1. 1. 1. 1. 1. 1. 1. 1. 1. 1. 1. 1. 1. 1. 1. 1. 1. 1. 1. 1. 1. 1.]
段内预测标签 (seg_pred): [ True  True  True  True  True  True  True  True  True  True  True  True
  True  True  True  True  True  True  True  True  True  True  True  True
  True  True  True  True  True  True  True  True  True  True  True  True
  True  True  True  True  True  True  True  True  True  True]
段内真实异常时间点索引 (相对段内): [ 0  1  2  3  4  5  6  7  8  9 10 11 12 13 14 15 16 17 18 19 20 21 22 23
 24 25 26 27 28 29 30 31 32 33 34 35 36 37 38 39 40 41 42 43 44 45]
段内是否有预测为异常的时间点: True
真实异常维度 (0-based): [7]
段内检测到的异常时间点索引 (相对段内): [ 0  1  2  3  4  5  6  7  8  9 10 11 12 13 14 15 16 17 18 19 20 21 22 23
 24 25 26 27 28 29 30 31 32 33 34 35 36 37 38 39 40 41 42 43 44 45]
选择的维度数量 (k): 7 (基于真实异常维度数的 100%)
推断的异常维度 (0-based): [0, 1, 2, 3, 4, 6, 7, 8, 9, 10, 12, 13, 14, 15, 16, 17, 18]
真实与推断的交集: [7]
段内指标: TP=1, FP=16, FN=0, TN=2, IPS=1.0000

=== 处理第 8/8 段 ===
原始段范围: orig_start=3700, orig_end=3744
调整后段范围: start=3601, end=3645
段内真实标签 (seg_true): [1. 1. 1. 1. 1. 1. 1. 1. 1. 1. 1. 1. 1. 1. 1. 1. 1. 1. 1. 1. 1. 1. 1. 1.
 1. 1. 1. 1. 1. 1. 1. 1. 1. 1. 1. 1. 1. 1. 1. 1. 1. 1. 1. 1. 1.]
段内预测标签 (seg_pred): [ True  True  True  True  True  True  True  True  True  True  True  True
  True  True  True  True  True  True  True  True  True  True  True  True
  True  True  True  True  True  True  True  True  True  True  True  True
  True  True  True  True  True  True  True  True  True]

段内真实异常时间点索引 (相对段内): [ 0  1  2  3  4  5  6  7  8  9 10 11 12 13 14 15 16 17 18 19 20 21 22 23
 24 25 26 27 28 29 30 31 32 33 34 35 36 37 38 39 40 41 42 43 44]
段内是否有预测为异常的时间点: True
真实异常维度 (0-based): [6, 7, 8, 9, 10, 11, 12, 13, 14, 15, 16, 17]
段内检测到的异常时间点索引 (相对段内): [ 0  1  2  3  4  5  6  7  8  9 10 11 12 13 14 15 16 17 18 19 20 21 22 23
 24 25 26 27 28 29 30 31 32 33 34 35 36 37 38 39 40 41 42 43 44]
选择的维度数量 (k): 7 (基于真实异常维度数的 100%)
推断的异常维度 (0-based): [0, 1, 2, 3, 4, 5, 7, 8, 9, 10, 12, 13, 14, 15, 17, 18]
真实与推断的交集: [7, 8, 9, 10, 12, 13, 14, 15, 17]
段内指标: TP=9, FP=7, FN=3, TN=0, IPS=0.7500

=== 汇总指标 ===
总 TP: 49, 总 TN: 21, 总 FP: 70, 总 FN: 12
平均 IPS: 0.8713, Precision: 0.4118, Recall: 0.8033, F1: 0.5444
每段IPS与混淆: [{'original_start': 740, 'original_end': 780, 'start': 641, 'end': 681, 'TP': 13, 'TN': 0, 'FP': 3, 'FN': 3, 'IPS': 0.8125, 'k_selected': 7, 'gt_dims_count': 16}, {'original_start': 1345, 'original_end': 1406, 'start': 1246, 'end': 1307, 'TP': 7, 'TN': 0, 'FP': 8, 'FN': 4, 'IPS': 0.6363636363636364, 'k_selected': 7, 'gt_dims_count': 11}, {'original_start': 2224, 'original_end': 2272, 'start': 2125, 'end': 2173, 'TP': 13, 'TN': 0, 'FP': 4, 'FN': 2, 'IPS': 0.8666666666666667, 'k_selected': 7, 'gt_dims_count': 15}, {'original_start': 2514, 'original_end': 2592, 'start': 2415, 'end': 2493, 'TP': 2, 'TN': 3, 'FP': 14, 'FN': 0, 'IPS': 1.0, 'k_selected': 7, 'gt_dims_count': 2}, {'original_start': 2733, 'original_end': 2778, 'start': 2634, 'end': 2679, 'TP': 3, 'TN': 8, 'FP': 8, 'FN': 0, 'IPS': 1.0, 'k_selected': 7, 'gt_dims_count': 3}, {'original_start': 3401, 'original_end': 3405, 'start': 3302, 'end': 3306, 'TP': 1, 'TN': 8, 'FP': 10, 'FN': 0, 'IPS': 1.0, 'k_selected': 7, 'gt_dims_count': 1}, {'original_start': 3414, 'original_end': 3459, 'start': 3315, 'end': 3360, 'TP': 1, 'TN': 2, 'FP': 16, 'FN': 0, 'IPS': 1.0, 'k_selected': 7, 'gt_dims_count': 1}, {'original_start': 3700, 'original_end': 3744, 'start': 3601, 'end': 3645, 'TP': 9, 'TN': 0, 'FP': 7, 'FN': 3, 'IPS': 0.75, 'k_selected': 7, 'gt_dims_count': 12}]
总和: {'TP': 49, 'TN': 21, 'FP': 70, 'FN': 12, 'IPS': 0.8712700056868958, 'precision': 0.4117647058823529, 'recall': 0.8032786885245902, 'F1': 0.5444444444444444}
test end time:  2025-06-22 19:04:05
test time:  150.84624433517456
==============================result==============================
{'FN': 0.0,
 'FP': 19.0,
 'TN': 3829.0,
 'TP': 373.0,
 'best-f1': 0.9751583763082318,
 'best_valid_loss': -6.596103956299019,
 'dataset': 'omi-10',
 'latency': 17.249784377695278,
 'pot-FN': 46.0,
 'pot-FP': 18.0,
 'pot-TN': 3830.0,
 'pot-TP': 327.0,
 'pot-f1': 0.9108584920083379,
 'pot-latency': 13.571234696647192,
 'pot-precision': 0.9478260594833027,
 'pot-recall': 0.8766755797137915,
 'pot-threshold': -34.85100141755568,
 'precision': 0.9515305879711585,
 'pred_time': 0.5275755994460162,
 'pred_total_time': 44.93573760986328,
 'recall': 0.9999999731903493,
 'segment_results': [{'FN': 3,
                      'FP': 3,
                      'IPS': 0.8125,
                      'TN': 0,
                      'TP': 13,
                      'end': 681,
                      'gt_dims_count': 16,
                      'k_selected': 7,
                      'original_end': 780,
                      'original_start': 740,
                      'start': 641},
                     {'FN': 4,
                      'FP': 8,
                      'IPS': 0.6363636363636364,
                      'TN': 0,
                      'TP': 7,
                      'end': 1307,
                      'gt_dims_count': 11,
                      'k_selected': 7,
                      'original_end': 1406,
                      'original_start': 1345,
                      'start': 1246},
                     {'FN': 2,
                      'FP': 4,
                      'IPS': 0.8666666666666667,
                      'TN': 0,
                      'TP': 13,
                      'end': 2173,
                      'gt_dims_count': 15,
                      'k_selected': 7,
                      'original_end': 2272,
                      'original_start': 2224,
                      'start': 2125},
                     {'FN': 0,
                      'FP': 14,
                      'IPS': 1.0,
                      'TN': 3,
                      'TP': 2,
                      'end': 2493,
                      'gt_dims_count': 2,
                      'k_selected': 7,
                      'original_end': 2592,
                      'original_start': 2514,
                      'start': 2415},
                     {'FN': 0,
                      'FP': 8,
                      'IPS': 1.0,
                      'TN': 8,
                      'TP': 3,
                      'end': 2679,
                      'gt_dims_count': 3,
                      'k_selected': 7,
                      'original_end': 2778,
                      'original_start': 2733,
                      'start': 2634},
                     {'FN': 0,
                      'FP': 10,
                      'IPS': 1.0,
                      'TN': 8,
                      'TP': 1,
                      'end': 3306,
                      'gt_dims_count': 1,
                      'k_selected': 7,
                      'original_end': 3405,
                      'original_start': 3401,
                      'start': 3302},
                     {'FN': 0,
                      'FP': 16,
                      'IPS': 1.0,
                      'TN': 2,
                      'TP': 1,
                      'end': 3360,
                      'gt_dims_count': 1,
                      'k_selected': 7,
                      'original_end': 3459,
                      'original_start': 3414,
                      'start': 3315},
                     {'FN': 3,
                      'FP': 7,
                      'IPS': 0.75,
                      'TN': 0,
                      'TP': 9,
                      'end': 3645,
                      'gt_dims_count': 12,
                      'k_selected': 7,
                      'original_end': 3744,
                      'original_start': 3700,
                      'start': 3601}],
 'segment_summary': {'F1': 0.5444444444444444,
                     'FN': 12,
                     'FP': 70,
                     'IPS': 0.8712700056868958,
                     'TN': 21,
                     'TP': 49,
                     'precision': 0.4117647058823529,
                     'recall': 0.8032786885245902},
 'threshold': -28.0,
 'train_time': 141.40769906044005,
 'valid_time': 0.5602051028338345}
