2025-06-22 16:20:41.628268: I tensorflow/core/platform/cpu_feature_guard.cc:141] Your CPU supports instructions that this TensorFlow binary was not compiled to use: AVX2 AVX512F FMA
Configurations
===========================================
{'batch_size': 50,
 'bf_search_max': 400.0,
 'bf_search_min': -400.0,
 'bf_search_step_size': 1.0,
 'dataset': 'omi-5',
 'dense_dim': 500,
 'early_stop': True,
 'get_score_on_dim': True,
 'gradient_clip_norm': 10.0,
 'initial_lr': 0.001,
 'l2_reg': 0.0001,
 'level': 0.0075,
 'lr_anneal_epoch_freq': 40,
 'lr_anneal_factor': 0.5,
 'lr_anneal_step_freq': None,
 'max_epoch': 10,
 'max_test_size': None,
 'max_train_size': None,
 'nf_layers': 20,
 'percentage_Dimension': 40.0,
 'posterior_flow_type': 'nf',
 'restore_dir': None,
 'result_dir': 'result',
 'rnn_cell': 'GRU',
 'rnn_num_hidden': 500,
 'save_dir': 'model',
 'save_z': False,
 'std_epsilon': 0.0001,
 'test_batch_size': 50,
 'test_n_z': 1,
 'test_score_filename': 'test_score.pkl',
 'test_start': 0,
 'train_score_filename': 'train_score.pkl',
 'train_start': 0,
 'use_connected_z_p': True,
 'use_connected_z_q': True,
 'valid_step_freq': 100,
 'window_length': 100,
 'x_dim': 19,
 'z_dim': 3}

train start time:  2025-06-22 16:20:13
load data of: omi-5
train:  0 None
test:  0 None
Data normalized
Data normalized
train set shape:  (8640, 19)
test set shape:  (4320, 19)
test set label shape:  (4320,)
Trainable Parameters                                            (2,560,202 in total)
------------------------------------------------------------------------------------
model/q_z_given_x/rnn_q_z/rnn/gru_cell/gates/kernel             (519, 1000)  519,000
model/q_z_given_x/rnn_q_z/rnn/gru_cell/gates/bias               (1000,)        1,000
model/q_z_given_x/rnn_q_z/rnn/gru_cell/candidate/kernel         (519, 500)   259,500
model/q_z_given_x/rnn_q_z/rnn/gru_cell/candidate/bias           (500,)           500
model/q_z_given_x/rnn_q_z/dense/kernel                          (500, 500)   250,000
model/q_z_given_x/rnn_q_z/dense/bias                            (500,)           500
model/q_z_given_x/rnn_q_z/dense_1/kernel                        (500, 500)   250,000
model/q_z_given_x/rnn_q_z/dense_1/bias                          (500,)           500
model/vae/variational/z_mean/kernel                             (503, 3)       1,509
model/vae/variational/z_mean/bias                               (3,)               3
model/vae/variational/z_std/kernel                              (503, 3)       1,509
model/vae/variational/z_std/bias                                (3,)               3
model/posterior_flow/_0/w                                       (1, 3)             3
model/posterior_flow/_0/b                                       (1,)               1
model/posterior_flow/_0/u                                       (1, 3)             3
model/posterior_flow/_1/w                                       (1, 3)             3
model/posterior_flow/_1/b                                       (1,)               1
model/posterior_flow/_1/u                                       (1, 3)             3
model/posterior_flow/_2/w                                       (1, 3)             3
model/posterior_flow/_2/b                                       (1,)               1
model/posterior_flow/_2/u                                       (1, 3)             3
model/posterior_flow/_3/w                                       (1, 3)             3
model/posterior_flow/_3/b                                       (1,)               1
model/posterior_flow/_3/u                                       (1, 3)             3
model/posterior_flow/_4/w                                       (1, 3)             3
model/posterior_flow/_4/b                                       (1,)               1
model/posterior_flow/_4/u                                       (1, 3)             3
model/posterior_flow/_5/w                                       (1, 3)             3
model/posterior_flow/_5/b                                       (1,)               1
model/posterior_flow/_5/u                                       (1, 3)             3
model/posterior_flow/_6/w                                       (1, 3)             3
model/posterior_flow/_6/b                                       (1,)               1
model/posterior_flow/_6/u                                       (1, 3)             3
model/posterior_flow/_7/w                                       (1, 3)             3
model/posterior_flow/_7/b                                       (1,)               1
model/posterior_flow/_7/u                                       (1, 3)             3
model/posterior_flow/_8/w                                       (1, 3)             3
model/posterior_flow/_8/b                                       (1,)               1
model/posterior_flow/_8/u                                       (1, 3)             3
model/posterior_flow/_9/w                                       (1, 3)             3
model/posterior_flow/_9/b                                       (1,)               1
model/posterior_flow/_9/u                                       (1, 3)             3
model/posterior_flow/_10/w                                      (1, 3)             3
model/posterior_flow/_10/b                                      (1,)               1
model/posterior_flow/_10/u                                      (1, 3)             3
model/posterior_flow/_11/w                                      (1, 3)             3
model/posterior_flow/_11/b                                      (1,)               1
model/posterior_flow/_11/u                                      (1, 3)             3
model/posterior_flow/_12/w                                      (1, 3)             3
model/posterior_flow/_12/b                                      (1,)               1
model/posterior_flow/_12/u                                      (1, 3)             3
model/posterior_flow/_13/w                                      (1, 3)             3
model/posterior_flow/_13/b                                      (1,)               1
model/posterior_flow/_13/u                                      (1, 3)             3
model/posterior_flow/_14/w                                      (1, 3)             3
model/posterior_flow/_14/b                                      (1,)               1
model/posterior_flow/_14/u                                      (1, 3)             3
model/posterior_flow/_15/w                                      (1, 3)             3
model/posterior_flow/_15/b                                      (1,)               1
model/posterior_flow/_15/u                                      (1, 3)             3
model/posterior_flow/_16/w                                      (1, 3)             3
model/posterior_flow/_16/b                                      (1,)               1
model/posterior_flow/_16/u                                      (1, 3)             3
model/posterior_flow/_17/w                                      (1, 3)             3
model/posterior_flow/_17/b                                      (1,)               1
model/posterior_flow/_17/u                                      (1, 3)             3
model/posterior_flow/_18/w                                      (1, 3)             3
model/posterior_flow/_18/b                                      (1,)               1
model/posterior_flow/_18/u                                      (1, 3)             3
model/posterior_flow/_19/w                                      (1, 3)             3
model/posterior_flow/_19/b                                      (1,)               1
model/posterior_flow/_19/u                                      (1, 3)             3
model/p_x_given_z/hidden/rnn_p_x/rnn/gru_cell/gates/kernel      (503, 1000)  503,000
model/p_x_given_z/hidden/rnn_p_x/rnn/gru_cell/gates/bias        (1000,)        1,000
model/p_x_given_z/hidden/rnn_p_x/rnn/gru_cell/candidate/kernel  (503, 500)   251,500
model/p_x_given_z/hidden/rnn_p_x/rnn/gru_cell/candidate/bias    (500,)           500
model/p_x_given_z/hidden/rnn_p_x/dense/kernel                   (500, 500)   250,000
model/p_x_given_z/hidden/rnn_p_x/dense/bias                     (500,)           500
model/p_x_given_z/hidden/rnn_p_x/dense_1/kernel                 (500, 500)   250,000
model/p_x_given_z/hidden/rnn_p_x/dense_1/bias                   (500,)           500
model/p_x_given_z/x_mean/kernel                                 (500, 19)      9,500
model/p_x_given_z/x_mean/bias                                   (19,)             19
model/p_x_given_z/x_std/kernel                                  (500, 19)      9,500
model/p_x_given_z/x_std/bias                                    (19,)             19/home/hz/anaconda3/envs/py36/lib/python3.6/site-packages/tensorflow/python/framework/dtypes.py:523: FutureWarning: Passing (type, 1) or '1type' as a synonym of type is deprecated; in a future version of numpy, it will be understood as (type, (1,)) / '(1,)type'.
  _np_qint8 = np.dtype([("qint8", np.int8, 1)])
/home/hz/anaconda3/envs/py36/lib/python3.6/site-packages/tensorflow/python/framework/dtypes.py:524: FutureWarning: Passing (type, 1) or '1type' as a synonym of type is deprecated; in a future version of numpy, it will be understood as (type, (1,)) / '(1,)type'.
  _np_quint8 = np.dtype([("quint8", np.uint8, 1)])
/home/hz/anaconda3/envs/py36/lib/python3.6/site-packages/tensorflow/python/framework/dtypes.py:525: FutureWarning: Passing (type, 1) or '1type' as a synonym of type is deprecated; in a future version of numpy, it will be understood as (type, (1,)) / '(1,)type'.
  _np_qint16 = np.dtype([("qint16", np.int16, 1)])
/home/hz/anaconda3/envs/py36/lib/python3.6/site-packages/tensorflow/python/framework/dtypes.py:526: FutureWarning: Passing (type, 1) or '1type' as a synonym of type is deprecated; in a future version of numpy, it will be understood as (type, (1,)) / '(1,)type'.
  _np_quint16 = np.dtype([("quint16", np.uint16, 1)])
/home/hz/anaconda3/envs/py36/lib/python3.6/site-packages/tensorflow/python/framework/dtypes.py:527: FutureWarning: Passing (type, 1) or '1type' as a synonym of type is deprecated; in a future version of numpy, it will be understood as (type, (1,)) / '(1,)type'.
  _np_qint32 = np.dtype([("qint32", np.int32, 1)])
/home/hz/anaconda3/envs/py36/lib/python3.6/site-packages/tensorflow/python/framework/dtypes.py:532: FutureWarning: Passing (type, 1) or '1type' as a synonym of type is deprecated; in a future version of numpy, it will be understood as (type, (1,)) / '(1,)type'.
  np_resource = np.dtype([("resource", np.ubyte, 1)])
/home/hz/anaconda3/envs/py36/lib/python3.6/site-packages/tfsnippet/utils/tfver.py:22: DeprecationWarning: Function 'semver.compare' is deprecated. Deprecated since version 2.10.0.  This function will be removed in semver 3. Use the respective 'semver.VersionInfo.compare' instead.
  compare_result = semver.compare(version, tf.__version__)
/home/hz/anaconda3/envs/py36/lib/python3.6/site-packages/tfsnippet/utils/tfver.py:22: DeprecationWarning: Function 'semver.compare' is deprecated. Deprecated since version 2.10.0.  This function will be removed in semver 3. Use the respective 'semver.VersionInfo.compare' instead.
  compare_result = semver.compare(version, tf.__version__)
INFO:tensorflow:Restoring parameters from /tmp/tmpin11dbzu/variables.dat-800
2025-06-22 16:44:33,687 [INFO] tensorflow: Restoring parameters from /tmp/tmpin11dbzu/variables.dat-800
  0%|          | 0/4221 [00:00<?, ?it/s]100%|██████████| 4221/4221 [00:00<00:00, 625588.59it/s]

train_values: (6048, 19)
[Epoch 1/10, Step 100] step time: 1.572s (±4.634s); train time: 1m 59.89s; valid time: 37.36s; loss: 16.8768 (±101.282); valid loss: -6.06977 (*)
train_values: (6048, 19)
[Epoch 2/10, Step 200, ETA 22m 34.78s] step time: 1.192s (±2.762s); train time: 1m 14.27s; valid time: 27.8s; loss: -3.58228 (±3.91002); valid loss: -5.21145
train_values: (6048, 19)
[Epoch 3/10, Step 300, ETA 19m 18.29s] step time: 1.183s (±2.837s); train time: 57.61s; valid time: 28.5s; loss: -5.28325 (±2.47654); valid loss: -3.60584
train_values: (6048, 19)
[Epoch 4/10, Step 400, ETA 16m 44.19s] step time: 1.2s (±3.047s); train time: 41.48s; valid time: 30.57s; loss: -5.61096 (±2.1297); valid loss: -6.46331 (*)
train_values: (6048, 19)
[Epoch 5/10, Step 500, ETA 14m 19.76s] step time: 1.171s (±2.681s); train time: 25.34s; valid time: 26.95s; loss: -5.95898 (±3.6448); valid loss: -4.345
train_values: (6048, 19)
[Epoch 6/10, Step 600, ETA 12m 8.954s] step time: 1.218s (±2.945s); train time: 9.512s; valid time: 29.71s; loss: -6.08772 (±1.71203); valid loss: -7.90864 (*)
[Epoch 6/10, Step 700, ETA 9m 59.67s] step time: 1.203s (±3.023s); train time: 1m 30.06s; valid time: 30.36s; loss: -7.36876 (±1.27224); valid loss: -7.9924 (*)
train_values: (6048, 19)
[Epoch 7/10, Step 800, ETA 7m 53.39s] step time: 1.22s (±2.929s); train time: 1m 25.38s; valid time: 29.56s; loss: -6.73951 (±2.02316); valid loss: -8.55041 (*)
train_values: (6048, 19)
[Epoch 8/10, Step 900, ETA 5m 47.06s] step time: 1.189s (±2.769s); train time: 1m 7.867s; valid time: 27.82s; loss: -7.18944 (±1.77058); valid loss: -5.55505
train_values: (6048, 19)
[Epoch 9/10, Step 1000, ETA 3m 42.17s] step time: 1.186s (±2.686s); train time: 51.41s; valid time: 26.89s; loss: -6.56678 (±2.1205); valid loss: -8.28133
train_values: (6048, 19)
[Epoch 10/10, Step 1100, ETA 1m 38.5s] step time: 1.2s (±2.732s); train time: 34.9s; valid time: 27.36s; loss: -7.44728 (±1.70095); valid loss: -7.54656
train end time:  2025-06-22 16:44:34
train time:  1460.4416031837463
test start time:  2025-06-22 16:44:34
------------------------------ testing ------------------------------
test_score shape:  (4221, 19)
test_z shape:  (4221, 100, 6)
search range:  -400.0 400.0
cur thr:  -399.0 [0.0, 0.0, 0.0, 0.0, 4147.0, 0.0, 74.0, 0.0] [0.0, 0.0, 0.0, 0.0, 4147.0, 0.0, 74.0, 0.0] -399.0
cur thr:  -349.0 [0.0, 0.0, 0.0, 0.0, 4147.0, 0.0, 74.0, 0.0] [0.0, 0.0, 0.0, 0.0, 4147.0, 0.0, 74.0, 0.0] -399.0
cur thr:  -299.0 [0.0, 0.0, 0.0, 0.0, 4147.0, 0.0, 74.0, 0.0] [0.0, 0.0, 0.0, 0.0, 4147.0, 0.0, 74.0, 0.0] -399.0
cur thr:  -249.0 [0.0, 0.0, 0.0, 0.0, 4147.0, 0.0, 74.0, 0.0] [0.0, 0.0, 0.0, 0.0, 4147.0, 0.0, 74.0, 0.0] -399.0
cur thr:  -199.0 [0.0, 0.0, 0.0, 0.0, 4147.0, 0.0, 74.0, 0.0] [0.0, 0.0, 0.0, 0.0, 4147.0, 0.0, 74.0, 0.0] -399.0
cur thr:  -149.0 [0.0, 0.0, 0.0, 0.0, 4147.0, 0.0, 74.0, 0.0] [0.0, 0.0, 0.0, 0.0, 4147.0, 0.0, 74.0, 0.0] -399.0
cur thr:  -99.0 [0.192769104387211, 0.8888879012356653, 0.10810809349890628, 8.0, 4146.0, 1.0, 66.0, 3.9996000399960003] [0.19512014278648152, 0.9999987500015626, 0.10810809349890628, 8.0, 4147.0, 0.0, 66.0, 3.9996000399960003] -111.0
cur thr:  -49.0 [0.4950454896884638, 0.9259255829905249, 0.3378377921840821, 25.0, 4145.0, 2.0, 49.0, 2.4998750062496873] [0.4999960520291731, 0.9615380917161186, 0.3378377921840821, 25.0, 4146.0, 1.0, 49.0, 2.4998750062496873] -75.0
cur thr:  1.0 [0.37704593361754474, 0.23630136177050132, 0.9324323064280666, 69.0, 3924.0, 223.0, 5.0, 2.999940001199976] [0.8244224392810964, 0.9473682548476745, 0.7297296311176174, 54.0, 4144.0, 3.0, 20.0, 3.6665444485183825] -47.0
cur thr:  51.0 [0.034458334068533714, 0.017531390624185288, 0.9999998648648831, 74.0, 0.0, 4147.0, 0.0, 0.0] [0.8244224392810964, 0.9473682548476745, 0.7297296311176174, 54.0, 4144.0, 3.0, 20.0, 3.6665444485183825] -47.0
cur thr:  101.0 [0.034458334068533714, 0.017531390624185288, 0.9999998648648831, 74.0, 0.0, 4147.0, 0.0, 0.0] [0.8244224392810964, 0.9473682548476745, 0.7297296311176174, 54.0, 4144.0, 3.0, 20.0, 3.6665444485183825] -47.0
cur thr:  151.0 [0.034458334068533714, 0.017531390624185288, 0.9999998648648831, 74.0, 0.0, 4147.0, 0.0, 0.0] [0.8244224392810964, 0.9473682548476745, 0.7297296311176174, 54.0, 4144.0, 3.0, 20.0, 3.6665444485183825] -47.0
cur thr:  201.0 [0.034458334068533714, 0.017531390624185288, 0.9999998648648831, 74.0, 0.0, 4147.0, 0.0, 0.0] [0.8244224392810964, 0.9473682548476745, 0.7297296311176174, 54.0, 4144.0, 3.0, 20.0, 3.6665444485183825] -47.0
cur thr:  251.0 [0.034458334068533714, 0.017531390624185288, 0.9999998648648831, 74.0, 0.0, 4147.0, 0.0, 0.0] [0.8244224392810964, 0.9473682548476745, 0.7297296311176174, 54.0, 4144.0, 3.0, 20.0, 3.6665444485183825] -47.0
cur thr:  301.0 [0.034458334068533714, 0.017531390624185288, 0.9999998648648831, 74.0, 0.0, 4147.0, 0.0, 0.0] [0.8244224392810964, 0.9473682548476745, 0.7297296311176174, 54.0, 4144.0, 3.0, 20.0, 3.6665444485183825] -47.0
cur thr:  351.0 [0.034458334068533714, 0.017531390624185288, 0.9999998648648831, 74.0, 0.0, 4147.0, 0.0, 0.0] [0.8244224392810964, 0.9473682548476745, 0.7297296311176174, 54.0, 4144.0, 3.0, 20.0, 3.6665444485183825] -47.0
[0.8244224392810964, 0.9473682548476745, 0.7297296311176174, 54.0, 4144.0, 3.0, 20.0, 3.6665444485183825] -47.0
label_file: ServerMachineDataset/interpretation_label/omi-5.txt
Initial threshold : 27.79247
Number of peaks : 64
Grimshaw maximum log-likelihood estimation ... [done]
	γ = 0
	σ = 24.429424
	L = 268.5304524240491
Extreme quantile (probability = 0.001): 76.99345325856189
45
4221
POT result:  (0.7346887778580927, 0.7397259260649416, 0.7297296311176174, 54.0, 4128.0, 19.0, 20.0) -32.35006015012648 3.333222225925802

=== 全局调试信息 ===
y_true shape: (4221,), unique values: [0. 1.]
y_pred shape: (4221,), unique values: [False  True]
feature_scores shape: (4221, 19)
interpretation_segments 数量: 6


=== 处理第 1/6 段 ===
原始段范围: orig_start=765, orig_end=781
调整后段范围: start=666, end=682
段内真实标签 (seg_true): [1. 1. 1. 1. 1. 1. 1. 1. 1. 1. 1. 1. 1. 1. 1. 1. 1.]
段内预测标签 (seg_pred): [ True  True  True  True  True  True  True  True  True  True  True  True
  True  True  True  True  True]
段内真实异常时间点索引 (相对段内): [ 0  1  2  3  4  5  6  7  8  9 10 11 12 13 14 15 16]
段内是否有预测为异常的时间点: True
真实异常维度 (0-based): [5, 6, 7, 8, 9, 10, 11, 12, 13, 14, 15, 16, 17, 18]
段内检测到的异常时间点索引 (相对段内): [ 0  1  2  3  4  5  6  7  8  9 10 11 12 13 14 15 16]
选择的维度数量 (k): 7 (基于真实异常维度数的 100%)
推断的异常维度 (0-based): [0, 1, 2, 3, 4, 5, 6, 7, 8, 9, 12, 13, 16, 18]
真实与推断的交集: [5, 6, 7, 8, 9, 12, 13, 16, 18]
段内指标: TP=9, FP=5, FN=5, TN=0, IPS=0.6429

=== 处理第 2/6 段 ===
原始段范围: orig_start=1589, orig_end=1617
调整后段范围: start=1490, end=1518
段内真实标签 (seg_true): [1. 1. 1. 1. 1. 1. 1. 1. 1. 1. 1. 1. 1. 1. 1. 1. 1. 1. 1. 1. 1. 1. 1. 1.
 1. 1. 1. 1. 1.]
段内预测标签 (seg_pred): [ True  True  True  True  True  True  True  True  True  True  True  True
  True  True  True  True  True  True  True  True  True  True  True  True
  True  True  True  True  True]
段内真实异常时间点索引 (相对段内): [ 0  1  2  3  4  5  6  7  8  9 10 11 12 13 14 15 16 17 18 19 20 21 22 23
 24 25 26 27 28]
段内是否有预测为异常的时间点: True
真实异常维度 (0-based): [1, 3, 16]
段内检测到的异常时间点索引 (相对段内): [ 0  1  2  3  4  5  6  7  8  9 10 11 12 13 14 15 16 17 18 19 20 21 22 23
 24 25 26 27 28]
选择的维度数量 (k): 7 (基于真实异常维度数的 100%)
推断的异常维度 (0-based): [0, 1, 2, 3, 4, 5, 7, 8, 11, 13, 14, 15, 16, 18]
真实与推断的交集: [1, 3, 16]
段内指标: TP=3, FP=11, FN=0, TN=5, IPS=1.0000

=== 处理第 3/6 段 ===
原始段范围: orig_start=2440, orig_end=2446
调整后段范围: start=2341, end=2347
段内真实标签 (seg_true): [1. 1. 1. 1. 1. 1. 1.]
段内预测标签 (seg_pred): [False False False False False False False]
段内真实异常时间点索引 (相对段内): [0 1 2 3 4 5 6]

段内是否有预测为异常的时间点: False
真实异常维度 (0-based): [7, 10, 11, 12, 13, 14, 15, 16, 17, 18]
段内检测到的异常时间点索引 (相对段内): []
未检测到任何异常点，将整个段中的时间索引标记为异常
选择的维度数量 (k): 7 (基于真实异常维度数的 100%)
推断的异常维度 (0-based): [0, 1, 2, 3, 4, 5, 8, 10, 12, 13, 14, 16, 18]
真实与推断的交集: [10, 12, 13, 14, 16, 18]
段内指标: TP=6, FP=7, FN=4, TN=2, IPS=0.6000

=== 处理第 4/6 段 ===
原始段范围: orig_start=3356, orig_end=3363
调整后段范围: start=3257, end=3264
段内真实标签 (seg_true): [1. 1. 1. 1. 1. 1. 1. 1.]
段内预测标签 (seg_pred): [False False False False False False False False]
段内真实异常时间点索引 (相对段内): [0 1 2 3 4 5 6 7]
段内是否有预测为异常的时间点: False
真实异常维度 (0-based): [4, 5, 16]
段内检测到的异常时间点索引 (相对段内): []
未检测到任何异常点，将整个段中的时间索引标记为异常
选择的维度数量 (k): 7 (基于真实异常维度数的 100%)
推断的异常维度 (0-based): [0, 1, 2, 3, 4, 5, 6, 7, 8, 11, 13]
真实与推断的交集: [4, 5]
段内指标: TP=2, FP=9, FN=1, TN=7, IPS=0.6667

=== 处理第 5/6 段 ===
原始段范围: orig_start=3416, orig_end=3423
调整后段范围: start=3317, end=3324
段内真实标签 (seg_true): [1. 1. 1. 1. 1. 1. 1. 1.]
段内预测标签 (seg_pred): [ True  True  True  True  True  True  True  True]
段内真实异常时间点索引 (相对段内): [0 1 2 3 4 5 6 7]
段内是否有预测为异常的时间点: True
真实异常维度 (0-based): [3, 4, 6, 8, 9, 10, 11, 12, 13, 14, 15, 16, 17, 18]
段内检测到的异常时间点索引 (相对段内): [0 1 2 3 4 5 6 7]
选择的维度数量 (k): 7 (基于真实异常维度数的 100%)
推断的异常维度 (0-based): [0, 1, 2, 3, 4, 5, 6, 7, 8, 11, 13]
真实与推断的交集: [3, 4, 6, 8, 11, 13]
段内指标: TP=6, FP=5, FN=8, TN=0, IPS=0.4286

=== 处理第 6/6 段 ===
原始段范围: orig_start=3590, orig_end=3594
调整后段范围: start=3491, end=3495
段内真实标签 (seg_true): [1. 1. 1. 1. 1.]
段内预测标签 (seg_pred): [False False False False False]
段内真实异常时间点索引 (相对段内): [0 1 2 3 4]
段内是否有预测为异常的时间点: False
真实异常维度 (0-based): [0, 7, 16, 17, 18]
段内检测到的异常时间点索引 (相对段内): []
未检测到任何异常点，将整个段中的时间索引标记为异常
选择的维度数量 (k): 7 (基于真实异常维度数的 100%)
推断的异常维度 (0-based): [1, 2, 3, 4, 5, 7, 8, 11, 12, 13, 15, 16, 18]
真实与推断的交集: [7, 16, 18]
段内指标: TP=3, FP=10, FN=2, TN=4, IPS=0.6000

=== 汇总指标 ===
总 TP: 29, 总 TN: 18, 总 FP: 47, 总 FN: 20
平均 IPS: 0.7553, Precision: 0.3816, Recall: 0.5918, F1: 0.4640
每段IPS与混淆: [{'original_start': 765, 'original_end': 781, 'start': 666, 'end': 682, 'TP': 9, 'TN': 0, 'FP': 5, 'FN': 5, 'IPS': 0.6428571428571429, 'k_selected': 7, 'gt_dims_count': 14}, {'original_start': 1589, 'original_end': 1617, 'start': 1490, 'end': 1518, 'TP': 3, 'TN': 5, 'FP': 11, 'FN': 0, 'IPS': 1.0, 'k_selected': 7, 'gt_dims_count': 3}, {'original_start': 2440, 'original_end': 2446, 'start': 2341, 'end': 2347, 'TP': 6, 'TN': 2, 'FP': 7, 'FN': 4, 'IPS': 0.6, 'k_selected': 7, 'gt_dims_count': 10}, {'original_start': 3356, 'original_end': 3363, 'start': 3257, 'end': 3264, 'TP': 2, 'TN': 7, 'FP': 9, 'FN': 1, 'IPS': 0.6666666666666666, 'k_selected': 7, 'gt_dims_count': 3}, {'original_start': 3416, 'original_end': 3423, 'start': 3317, 'end': 3324, 'TP': 6, 'TN': 0, 'FP': 5, 'FN': 8, 'IPS': 0.42857142857142855, 'k_selected': 7, 'gt_dims_count': 14}, {'original_start': 3590, 'original_end': 3594, 'start': 3491, 'end': 3495, 'TP': 3, 'TN': 4, 'FP': 10, 'FN': 2, 'IPS': 0.6, 'k_selected': 7, 'gt_dims_count': 5}]
总和: {'TP': 29, 'TN': 18, 'FP': 47, 'FN': 20, 'IPS': 0.7552767052767054, 'precision': 0.3815789473684211, 'recall': 0.5918367346938775, 'F1': 0.464}
test end time:  2025-06-22 16:47:08
test time:  154.7443516254425
==============================result==============================
{'FN': 20.0,
 'FP': 3.0,
 'TN': 4144.0,
 'TP': 54.0,
 'best-f1': 0.8244224392810964,
 'best_valid_loss': -8.550409989332131,
 'dataset': 'omi-5',
 'latency': 3.6665444485183825,
 'pot-FN': 20.0,
 'pot-FP': 19.0,
 'pot-TN': 4128.0,
 'pot-TP': 54.0,
 'pot-f1': 0.7346887778580927,
 'pot-latency': 3.333222225925802,
 'pot-precision': 0.7397259260649416,
 'pot-recall': 0.7297296311176174,
 'pot-threshold': -32.35006015012648,
 'precision': 0.9473682548476745,
 'pred_time': 0.5342689289766199,
 'pred_total_time': 45.504486083984375,
 'recall': 0.7297296311176174,
 'segment_results': [{'FN': 5,
                      'FP': 5,
                      'IPS': 0.6428571428571429,
                      'TN': 0,
                      'TP': 9,
                      'end': 682,
                      'gt_dims_count': 14,
                      'k_selected': 7,
                      'original_end': 781,
                      'original_start': 765,
                      'start': 666},
                     {'FN': 0,
                      'FP': 11,
                      'IPS': 1.0,
                      'TN': 5,
                      'TP': 3,
                      'end': 1518,
                      'gt_dims_count': 3,
                      'k_selected': 7,
                      'original_end': 1617,
                      'original_start': 1589,
                      'start': 1490},
                     {'FN': 4,
                      'FP': 7,
                      'IPS': 0.6,
                      'TN': 2,
                      'TP': 6,
                      'end': 2347,
                      'gt_dims_count': 10,
                      'k_selected': 7,
                      'original_end': 2446,
                      'original_start': 2440,
                      'start': 2341},
                     {'FN': 1,
                      'FP': 9,
                      'IPS': 0.6666666666666666,
                      'TN': 7,
                      'TP': 2,
                      'end': 3264,
                      'gt_dims_count': 3,
                      'k_selected': 7,
                      'original_end': 3363,
                      'original_start': 3356,
                      'start': 3257},
                     {'FN': 8,
                      'FP': 5,
                      'IPS': 0.42857142857142855,
                      'TN': 0,
                      'TP': 6,
                      'end': 3324,
                      'gt_dims_count': 14,
                      'k_selected': 7,
                      'original_end': 3423,
                      'original_start': 3416,
                      'start': 3317},
                     {'FN': 2,
                      'FP': 10,
                      'IPS': 0.6,
                      'TN': 4,
                      'TP': 3,
                      'end': 3495,
                      'gt_dims_count': 5,
                      'k_selected': 7,
                      'original_end': 3594,
                      'original_start': 3590,
                      'start': 3491}],
 'segment_summary': {'F1': 0.464,
                     'FN': 20,
                     'FP': 47,
                     'IPS': 0.7552767052767054,
                     'TN': 18,
                     'TP': 29,
                     'precision': 0.3815789473684211,
                     'recall': 0.5918367346938775},
 'threshold': -47.0,
 'train_time': 143.25089893341064,
 'valid_time': 0.5601143819635565}
