2025-06-22 15:54:04.371806: I tensorflow/core/platform/cpu_feature_guard.cc:141] Your CPU supports instructions that this TensorFlow binary was not compiled to use: AVX2 AVX512F FMA
Configurations
===========================================
{'batch_size': 50,
 'bf_search_max': 400.0,
 'bf_search_min': -400.0,
 'bf_search_step_size': 1.0,
 'dataset': 'omi-4',
 'dense_dim': 500,
 'early_stop': True,
 'get_score_on_dim': True,
 'gradient_clip_norm': 10.0,
 'initial_lr': 0.001,
 'l2_reg': 0.0001,
 'level': 0.0075,
 'lr_anneal_epoch_freq': 40,
 'lr_anneal_factor': 0.5,
 'lr_anneal_step_freq': None,
 'max_epoch': 10,
 'max_test_size': None,
 'max_train_size': None,
 'nf_layers': 20,
 'percentage_Dimension': 40.0,
 'posterior_flow_type': 'nf',
 'restore_dir': None,
 'result_dir': 'result',
 'rnn_cell': 'GRU',
 'rnn_num_hidden': 500,
 'save_dir': 'model',
 'save_z': False,
 'std_epsilon': 0.0001,
 'test_batch_size': 50,
 'test_n_z': 1,
 'test_score_filename': 'test_score.pkl',
 'test_start': 0,
 'train_score_filename': 'train_score.pkl',
 'train_start': 0,
 'use_connected_z_p': True,
 'use_connected_z_q': True,
 'valid_step_freq': 100,
 'window_length': 100,
 'x_dim': 19,
 'z_dim': 3}

train start time:  2025-06-22 15:53:35
load data of: omi-4
train:  0 None
test:  0 None
Data normalized
Data normalized
train set shape:  (8640, 19)
test set shape:  (4320, 19)
test set label shape:  (4320,)
Trainable Parameters                                            (2,560,202 in total)
------------------------------------------------------------------------------------
model/q_z_given_x/rnn_q_z/rnn/gru_cell/gates/kernel             (519, 1000)  519,000
model/q_z_given_x/rnn_q_z/rnn/gru_cell/gates/bias               (1000,)        1,000
model/q_z_given_x/rnn_q_z/rnn/gru_cell/candidate/kernel         (519, 500)   259,500
model/q_z_given_x/rnn_q_z/rnn/gru_cell/candidate/bias           (500,)           500
model/q_z_given_x/rnn_q_z/dense/kernel                          (500, 500)   250,000
model/q_z_given_x/rnn_q_z/dense/bias                            (500,)           500
model/q_z_given_x/rnn_q_z/dense_1/kernel                        (500, 500)   250,000
model/q_z_given_x/rnn_q_z/dense_1/bias                          (500,)           500
model/vae/variational/z_mean/kernel                             (503, 3)       1,509
model/vae/variational/z_mean/bias                               (3,)               3
model/vae/variational/z_std/kernel                              (503, 3)       1,509
model/vae/variational/z_std/bias                                (3,)               3
model/posterior_flow/_0/w                                       (1, 3)             3
model/posterior_flow/_0/b                                       (1,)               1
model/posterior_flow/_0/u                                       (1, 3)             3
model/posterior_flow/_1/w                                       (1, 3)             3
model/posterior_flow/_1/b                                       (1,)               1
model/posterior_flow/_1/u                                       (1, 3)             3
model/posterior_flow/_2/w                                       (1, 3)             3
model/posterior_flow/_2/b                                       (1,)               1
model/posterior_flow/_2/u                                       (1, 3)             3
model/posterior_flow/_3/w                                       (1, 3)             3
model/posterior_flow/_3/b                                       (1,)               1
model/posterior_flow/_3/u                                       (1, 3)             3
model/posterior_flow/_4/w                                       (1, 3)             3
model/posterior_flow/_4/b                                       (1,)               1
model/posterior_flow/_4/u                                       (1, 3)             3
model/posterior_flow/_5/w                                       (1, 3)             3
model/posterior_flow/_5/b                                       (1,)               1
model/posterior_flow/_5/u                                       (1, 3)             3
model/posterior_flow/_6/w                                       (1, 3)             3
model/posterior_flow/_6/b                                       (1,)               1
model/posterior_flow/_6/u                                       (1, 3)             3
model/posterior_flow/_7/w                                       (1, 3)             3
model/posterior_flow/_7/b                                       (1,)               1
model/posterior_flow/_7/u                                       (1, 3)             3
model/posterior_flow/_8/w                                       (1, 3)             3
model/posterior_flow/_8/b                                       (1,)               1
model/posterior_flow/_8/u                                       (1, 3)             3
model/posterior_flow/_9/w                                       (1, 3)             3
model/posterior_flow/_9/b                                       (1,)               1
model/posterior_flow/_9/u                                       (1, 3)             3
model/posterior_flow/_10/w                                      (1, 3)             3
model/posterior_flow/_10/b                                      (1,)               1
model/posterior_flow/_10/u                                      (1, 3)             3
model/posterior_flow/_11/w                                      (1, 3)             3
model/posterior_flow/_11/b                                      (1,)               1
model/posterior_flow/_11/u                                      (1, 3)             3
model/posterior_flow/_12/w                                      (1, 3)             3
model/posterior_flow/_12/b                                      (1,)               1
model/posterior_flow/_12/u                                      (1, 3)             3
model/posterior_flow/_13/w                                      (1, 3)             3
model/posterior_flow/_13/b                                      (1,)               1
model/posterior_flow/_13/u                                      (1, 3)             3
model/posterior_flow/_14/w                                      (1, 3)             3
model/posterior_flow/_14/b                                      (1,)               1
model/posterior_flow/_14/u                                      (1, 3)             3
model/posterior_flow/_15/w                                      (1, 3)             3
model/posterior_flow/_15/b                                      (1,)               1
model/posterior_flow/_15/u                                      (1, 3)             3
model/posterior_flow/_16/w                                      (1, 3)             3
model/posterior_flow/_16/b                                      (1,)               1
model/posterior_flow/_16/u                                      (1, 3)             3
model/posterior_flow/_17/w                                      (1, 3)             3
model/posterior_flow/_17/b                                      (1,)               1
model/posterior_flow/_17/u                                      (1, 3)             3
model/posterior_flow/_18/w                                      (1, 3)             3
model/posterior_flow/_18/b                                      (1,)               1
model/posterior_flow/_18/u                                      (1, 3)             3
model/posterior_flow/_19/w                                      (1, 3)             3
model/posterior_flow/_19/b                                      (1,)               1
model/posterior_flow/_19/u                                      (1, 3)             3
model/p_x_given_z/hidden/rnn_p_x/rnn/gru_cell/gates/kernel      (503, 1000)  503,000
model/p_x_given_z/hidden/rnn_p_x/rnn/gru_cell/gates/bias        (1000,)        1,000
model/p_x_given_z/hidden/rnn_p_x/rnn/gru_cell/candidate/kernel  (503, 500)   251,500
model/p_x_given_z/hidden/rnn_p_x/rnn/gru_cell/candidate/bias    (500,)           500
model/p_x_given_z/hidden/rnn_p_x/dense/kernel                   (500, 500)   250,000
model/p_x_given_z/hidden/rnn_p_x/dense/bias                     (500,)           500
model/p_x_given_z/hidden/rnn_p_x/dense_1/kernel                 (500, 500)   250,000
model/p_x_given_z/hidden/rnn_p_x/dense_1/bias                   (500,)           500
model/p_x_given_z/x_mean/kernel                                 (500, 19)      9,500
model/p_x_given_z/x_mean/bias                                   (19,)             19
model/p_x_given_z/x_std/kernel                                  (500, 19)      9,500
model/p_x_given_z/x_std/bias                                    (19,)             19/home/hz/anaconda3/envs/py36/lib/python3.6/site-packages/tensorflow/python/framework/dtypes.py:523: FutureWarning: Passing (type, 1) or '1type' as a synonym of type is deprecated; in a future version of numpy, it will be understood as (type, (1,)) / '(1,)type'.
  _np_qint8 = np.dtype([("qint8", np.int8, 1)])
/home/hz/anaconda3/envs/py36/lib/python3.6/site-packages/tensorflow/python/framework/dtypes.py:524: FutureWarning: Passing (type, 1) or '1type' as a synonym of type is deprecated; in a future version of numpy, it will be understood as (type, (1,)) / '(1,)type'.
  _np_quint8 = np.dtype([("quint8", np.uint8, 1)])
/home/hz/anaconda3/envs/py36/lib/python3.6/site-packages/tensorflow/python/framework/dtypes.py:525: FutureWarning: Passing (type, 1) or '1type' as a synonym of type is deprecated; in a future version of numpy, it will be understood as (type, (1,)) / '(1,)type'.
  _np_qint16 = np.dtype([("qint16", np.int16, 1)])
/home/hz/anaconda3/envs/py36/lib/python3.6/site-packages/tensorflow/python/framework/dtypes.py:526: FutureWarning: Passing (type, 1) or '1type' as a synonym of type is deprecated; in a future version of numpy, it will be understood as (type, (1,)) / '(1,)type'.
  _np_quint16 = np.dtype([("quint16", np.uint16, 1)])
/home/hz/anaconda3/envs/py36/lib/python3.6/site-packages/tensorflow/python/framework/dtypes.py:527: FutureWarning: Passing (type, 1) or '1type' as a synonym of type is deprecated; in a future version of numpy, it will be understood as (type, (1,)) / '(1,)type'.
  _np_qint32 = np.dtype([("qint32", np.int32, 1)])
/home/hz/anaconda3/envs/py36/lib/python3.6/site-packages/tensorflow/python/framework/dtypes.py:532: FutureWarning: Passing (type, 1) or '1type' as a synonym of type is deprecated; in a future version of numpy, it will be understood as (type, (1,)) / '(1,)type'.
  np_resource = np.dtype([("resource", np.ubyte, 1)])
/home/hz/anaconda3/envs/py36/lib/python3.6/site-packages/tfsnippet/utils/tfver.py:22: DeprecationWarning: Function 'semver.compare' is deprecated. Deprecated since version 2.10.0.  This function will be removed in semver 3. Use the respective 'semver.VersionInfo.compare' instead.
  compare_result = semver.compare(version, tf.__version__)
/home/hz/anaconda3/envs/py36/lib/python3.6/site-packages/tfsnippet/utils/tfver.py:22: DeprecationWarning: Function 'semver.compare' is deprecated. Deprecated since version 2.10.0.  This function will be removed in semver 3. Use the respective 'semver.VersionInfo.compare' instead.
  compare_result = semver.compare(version, tf.__version__)
INFO:tensorflow:Restoring parameters from /tmp/tmpt_eve9ov/variables.dat-1000
2025-06-22 16:17:41,480 [INFO] tensorflow: Restoring parameters from /tmp/tmpt_eve9ov/variables.dat-1000
  0%|          | 0/4221 [00:00<?, ?it/s]100%|██████████| 4221/4221 [00:00<00:00, 269843.42it/s]

train_values: (6048, 19)
[Epoch 1/10, Step 100] step time: 1.587s (±4.634s); train time: 2m 1.932s; valid time: 36.89s; loss: 4.38491 (±15.7432); valid loss: -2.4927 (*)
train_values: (6048, 19)
[Epoch 2/10, Step 200, ETA 22m 54.67s] step time: 1.216s (±3.02s); train time: 1m 14.88s; valid time: 30.35s; loss: -2.31487 (±2.74945); valid loss: -5.11531 (*)
train_values: (6048, 19)
[Epoch 3/10, Step 300, ETA 19m 42.87s] step time: 1.226s (±3.069s); train time: 58.94s; valid time: 30.86s; loss: -3.56786 (±2.20886); valid loss: -5.69506 (*)
train_values: (6048, 19)
[Epoch 4/10, Step 400, ETA 16m 57.92s] step time: 1.187s (±2.783s); train time: 41.38s; valid time: 27.86s; loss: -4.63661 (±2.53639); valid loss: -0.552567
train_values: (6048, 19)
[Epoch 5/10, Step 500, ETA 14m 35.45s] step time: 1.216s (±3.017s); train time: 25.71s; valid time: 30.34s; loss: -5.05232 (±2.16926); valid loss: -5.97067 (*)
train_values: (6048, 19)
[Epoch 6/10, Step 600, ETA 12m 18.2s] step time: 1.199s (±2.776s); train time: 9.353s; valid time: 28.02s; loss: -4.35953 (±2.49322); valid loss: -4.97092
[Epoch 6/10, Step 700, ETA 10m 6.604s] step time: 1.209s (±3.003s); train time: 1m 30.67s; valid time: 30.3s; loss: -5.1633 (±3.2794); valid loss: -6.28446 (*)
train_values: (6048, 19)
[Epoch 7/10, Step 800, ETA 7m 56.46s] step time: 1.184s (±2.712s); train time: 1m 24.02s; valid time: 27.17s; loss: -5.43283 (±2.87463); valid loss: -5.77664
train_values: (6048, 19)
[Epoch 8/10, Step 900, ETA 5m 49.16s] step time: 1.191s (±2.76s); train time: 1m 7.692s; valid time: 27.77s; loss: -5.19844 (±3.54895); valid loss: -1.61041
train_values: (6048, 19)
[Epoch 9/10, Step 1000, ETA 3m 43.92s] step time: 1.216s (±3.035s); train time: 51.59s; valid time: 30.49s; loss: -5.96924 (±2.57363); valid loss: -8.85081 (*)
train_values: (6048, 19)
[Epoch 10/10, Step 1100, ETA 1m 38.41s] step time: 1.091s (±2.138s); train time: 31.51s; valid time: 21.63s; loss: -7.49391 (±2.28175); valid loss: -7.69534
train end time:  2025-06-22 16:17:41
train time:  1445.9560508728027
test start time:  2025-06-22 16:17:41
------------------------------ testing ------------------------------
test_score shape:  (4221, 19)
test_z shape:  (4221, 100, 6)
search range:  -400.0 400.0
cur thr:  -399.0 [0.5410588028011195, 0.9999998214286032, 0.3708609025919932, 56.0, 4070.0, 0.0, 95.0, 13.998600139986001] [0.5410588028011195, 0.9999998214286032, 0.3708609025919932, 56.0, 4070.0, 0.0, 95.0, 13.998600139986001] -399.0
cur thr:  -349.0 [0.5410588028011195, 0.9999998214286032, 0.3708609025919932, 56.0, 4070.0, 0.0, 95.0, 13.998600139986001] [0.5410588028011195, 0.9999998214286032, 0.3708609025919932, 56.0, 4070.0, 0.0, 95.0, 13.998600139986001] -399.0
cur thr:  -299.0 [0.5410588028011195, 0.9999998214286032, 0.3708609025919932, 56.0, 4070.0, 0.0, 95.0, 13.998600139986001] [0.5410588028011195, 0.9999998214286032, 0.3708609025919932, 56.0, 4070.0, 0.0, 95.0, 13.998600139986001] -399.0
cur thr:  -249.0 [0.5384575078879367, 0.982455967990181, 0.3708609025919932, 56.0, 4069.0, 1.0, 95.0, 13.998600139986001] [0.5410588028011195, 0.9999998214286032, 0.3708609025919932, 56.0, 4070.0, 0.0, 95.0, 13.998600139986001] -399.0
cur thr:  -199.0 [0.5384575078879367, 0.982455967990181, 0.3708609025919932, 56.0, 4069.0, 1.0, 95.0, 13.998600139986001] [0.5410588028011195, 0.9999998214286032, 0.3708609025919932, 56.0, 4070.0, 0.0, 95.0, 13.998600139986001] -399.0
cur thr:  -149.0 [0.533329242207301, 0.9491523814995964, 0.3708609025919932, 56.0, 4067.0, 3.0, 95.0, 13.998600139986001] [0.5410588028011195, 0.9999998214286032, 0.3708609025919932, 56.0, 4070.0, 0.0, 95.0, 13.998600139986001] -399.0
cur thr:  -99.0 [0.5233602825902538, 0.8888887477954368, 0.3708609025919932, 56.0, 4063.0, 7.0, 95.0, 13.998600139986001] [0.5410588028011195, 0.9999998214286032, 0.3708609025919932, 56.0, 4070.0, 0.0, 95.0, 13.998600139986001] -399.0
cur thr:  -49.0 [0.4274759999975001, 0.5045044590536524, 0.3708609025919932, 56.0, 4015.0, 55.0, 95.0, 2.9997000299970003] [0.5410588028011195, 0.9999998214286032, 0.3708609025919932, 56.0, 4070.0, 0.0, 95.0, 13.998600139986001] -399.0
cur thr:  1.0 [0.24063532954028308, 0.13677536107993332, 0.9999999337748388, 151.0, 3117.0, 953.0, 0.0, 4.99990000199996] [0.6554572668646405, 0.5679611374776147, 0.7748343857725573, 117.0, 3981.0, 89.0, 34.0, 30.998450077496123] -41.0
cur thr:  51.0 [0.06907527057436498, 0.035773513300702414, 0.9999999337748388, 151.0, 0.0, 4070.0, 0.0, 0.0] [0.6554572668646405, 0.5679611374776147, 0.7748343857725573, 117.0, 3981.0, 89.0, 34.0, 30.998450077496123] -41.0
cur thr:  101.0 [0.06907527057436498, 0.035773513300702414, 0.9999999337748388, 151.0, 0.0, 4070.0, 0.0, 0.0] [0.6554572668646405, 0.5679611374776147, 0.7748343857725573, 117.0, 3981.0, 89.0, 34.0, 30.998450077496123] -41.0
cur thr:  151.0 [0.06907527057436498, 0.035773513300702414, 0.9999999337748388, 151.0, 0.0, 4070.0, 0.0, 0.0] [0.6554572668646405, 0.5679611374776147, 0.7748343857725573, 117.0, 3981.0, 89.0, 34.0, 30.998450077496123] -41.0
cur thr:  201.0 [0.06907527057436498, 0.035773513300702414, 0.9999999337748388, 151.0, 0.0, 4070.0, 0.0, 0.0] [0.6554572668646405, 0.5679611374776147, 0.7748343857725573, 117.0, 3981.0, 89.0, 34.0, 30.998450077496123] -41.0
cur thr:  251.0 [0.06907527057436498, 0.035773513300702414, 0.9999999337748388, 151.0, 0.0, 4070.0, 0.0, 0.0] [0.6554572668646405, 0.5679611374776147, 0.7748343857725573, 117.0, 3981.0, 89.0, 34.0, 30.998450077496123] -41.0
cur thr:  301.0 [0.06907527057436498, 0.035773513300702414, 0.9999999337748388, 151.0, 0.0, 4070.0, 0.0, 0.0] [0.6554572668646405, 0.5679611374776147, 0.7748343857725573, 117.0, 3981.0, 89.0, 34.0, 30.998450077496123] -41.0
cur thr:  351.0 [0.06907527057436498, 0.035773513300702414, 0.9999999337748388, 151.0, 0.0, 4070.0, 0.0, 0.0] [0.6554572668646405, 0.5679611374776147, 0.7748343857725573, 117.0, 3981.0, 89.0, 34.0, 30.998450077496123] -41.0
[0.6554572668646405, 0.5679611374776147, 0.7748343857725573, 117.0, 3981.0, 89.0, 34.0, 30.998450077496123] -41.0
label_file: ServerMachineDataset/interpretation_label/omi-4.txt
Initial threshold : 24.85332
Number of peaks : 64
Grimshaw maximum log-likelihood estimation ... [done]
	γ = 0
	σ = 36.38752
	L = 294.0304546697953
Extreme quantile (probability = 0.001): 98.13796556122338
214
4221
POT result:  (0.5318136495216423, 0.404844276648987, 0.7748343857725573, 117.0, 3898.0, 172.0, 34.0) -27.700673351571925 30.998450077496123

=== 全局调试信息 ===
y_true shape: (4221,), unique values: [0. 1.]
y_pred shape: (4221,), unique values: [False  True]
feature_scores shape: (4221, 19)
interpretation_segments 数量: 5


=== 处理第 1/5 段 ===
原始段范围: orig_start=727, orig_end=782
调整后段范围: start=628, end=683
段内真实标签 (seg_true): [1. 1. 1. 1. 1. 1. 1. 1. 1. 1. 1. 1. 1. 1. 1. 1. 1. 1. 1. 1. 1. 1. 1. 1.
 1. 1. 1. 1. 1. 1. 1. 1. 1. 1. 1. 1. 1. 1. 1. 1. 1. 1. 1. 1. 1. 1. 1. 1.
 1. 1. 1. 1. 1. 1. 1. 1.]
段内预测标签 (seg_pred): [ True  True  True  True  True  True  True  True  True  True  True  True
  True  True  True  True  True  True  True  True  True  True  True  True
  True  True  True  True  True  True  True  True  True  True  True  True
  True  True  True  True  True  True  True  True  True  True  True  True
  True  True  True  True  True  True  True  True]
段内真实异常时间点索引 (相对段内): [ 0  1  2  3  4  5  6  7  8  9 10 11 12 13 14 15 16 17 18 19 20 21 22 23
 24 25 26 27 28 29 30 31 32 33 34 35 36 37 38 39 40 41 42 43 44 45 46 47
 48 49 50 51 52 53 54 55]
段内是否有预测为异常的时间点: True
真实异常维度 (0-based): [0, 1, 5, 6, 7, 8, 9, 10, 11, 12, 13, 14, 15, 16, 17, 18]
段内检测到的异常时间点索引 (相对段内): [ 0  1  2  3  4  5  6  7  8  9 10 11 12 13 14 15 16 17 18 19 20 21 22 23
 24 25 26 27 28 29 30 31 32 33 34 35 36 37 38 39 40 41 42 43 44 45 46 47
 48 49 50 51 52 53 54 55]
选择的维度数量 (k): 7 (基于真实异常维度数的 100%)
推断的异常维度 (0-based): [0, 1, 2, 3, 4, 5, 6, 7, 8, 9, 14, 15, 17, 18]
真实与推断的交集: [0, 1, 5, 6, 7, 8, 9, 14, 15, 17, 18]
段内指标: TP=11, FP=3, FN=5, TN=0, IPS=0.6875

=== 处理第 2/5 段 ===
原始段范围: orig_start=843, orig_end=857
调整后段范围: start=744, end=758
段内真实标签 (seg_true): [1. 1. 1. 1. 1. 1. 1. 1. 1. 1. 1. 1. 1. 1. 1.]
段内预测标签 (seg_pred): [False False False False False False False False False False False False
 False False False]
段内真实异常时间点索引 (相对段内): [ 0  1  2  3  4  5  6  7  8  9 10 11 12 13 14]
段内是否有预测为异常的时间点: False
真实异常维度 (0-based): [5, 6, 7, 8, 9, 10, 11, 12, 13, 14, 15, 16, 17, 18]
段内检测到的异常时间点索引 (相对段内): []
未检测到任何异常点，将整个段中的时间索引标记为异常
选择的维度数量 (k): 7 (基于真实异常维度数的 100%)
推断的异常维度 (0-based): [0, 1, 2, 3, 4, 5, 6, 7, 8, 15, 18]
真实与推断的交集: [5, 6, 7, 8, 15, 18]
段内指标: TP=6, FP=5, FN=8, TN=0, IPS=0.4286

=== 处理第 3/5 段 ===
原始段范围: orig_start=2178, orig_end=2238
调整后段范围: start=2079, end=2139
段内真实标签 (seg_true): [1. 1. 1. 1. 1. 1. 1. 1. 1. 1. 1. 1. 1. 1. 1. 1. 1. 1. 1. 1. 1. 1. 1. 1.
 1. 1. 1. 1. 1. 1. 1. 1. 1. 1. 1. 1. 1. 1. 1. 1. 1. 1. 1. 1. 1. 1. 1. 1.
 1. 1. 1. 1. 1. 1. 1. 1. 1. 1. 1. 1. 1.]
段内预测标签 (seg_pred): [ True  True  True  True  True  True  True  True  True  True  True  True
  True  True  True  True  True  True  True  True  True  True  True  True
  True  True  True  True  True  True  True  True  True  True  True  True
  True  True  True  True  True  True  True  True  True  True  True  True
  True  True  True  True  True  True  True  True  True  True  True  True
  True]
段内真实异常时间点索引 (相对段内): [ 0  1  2  3  4  5  6  7  8  9 10 11 12 13 14 15 16 17 18 19 20 21 22 23
 24 25 26 27 28 29 30 31 32 33 34 35 36 37 38 39 40 41 42 43 44 45 46 47
 48 49 50 51 52 53 54 55 56 57 58 59 60]
段内是否有预测为异常的时间点: True
真实异常维度 (0-based): [7, 8, 9, 10, 11, 12, 13, 14, 15, 16, 17, 18]
段内检测到的异常时间点索引 (相对段内): [ 0  1  2  3  4  5  6  7  8  9 10 11 12 13 14 15 16 17 18 19 20 21 22 23
 24 25 26 27 28 29 30 31 32 33 34 35 36 37 38 39 40 41 42 43 44 45 46 47
 48 49 50 51 52 53 54 55 56 57 58 59 60]
选择的维度数量 (k): 7 (基于真实异常维度数的 100%)
推断的异常维度 (0-based): [0, 1, 2, 3, 4, 5, 6, 7, 8, 10, 11, 15, 17, 18]
真实与推断的交集: [7, 8, 10, 11, 15, 17, 18]
段内指标: TP=7, FP=7, FN=5, TN=0, IPS=0.5833

=== 处理第 4/5 段 ===
原始段范围: orig_start=2494, orig_end=2501
调整后段范围: start=2395, end=2402
段内真实标签 (seg_true): [1. 1. 1. 1. 1. 1. 1. 1.]
段内预测标签 (seg_pred): [False False False False False False False False]
段内真实异常时间点索引 (相对段内): [0 1 2 3 4 5 6 7]
段内是否有预测为异常的时间点: False
真实异常维度 (0-based): [6, 8, 9, 10, 11, 12, 13, 14, 15, 16, 17, 18]
段内检测到的异常时间点索引 (相对段内): []
未检测到任何异常点，将整个段中的时间索引标记为异常
选择的维度数量 (k): 7 (基于真实异常维度数的 100%)
推断的异常维度 (0-based): [0, 1, 2, 3, 4, 5, 6, 7, 8, 9, 10]
真实与推断的交集: [6, 8, 9, 10]
段内指标: TP=4, FP=7, FN=8, TN=0, IPS=0.3333

=== 处理第 5/5 段 ===
原始段范围: orig_start=3425, orig_end=3435
调整后段范围: start=3326, end=3336
段内真实标签 (seg_true): [1. 1. 1. 1. 1. 1. 1. 1. 1. 1. 1.]
段内预测标签 (seg_pred): [False False False False False False False False False False False]
段内真实异常时间点索引 (相对段内): [ 0  1  2  3  4  5  6  7  8  9 10]
段内是否有预测为异常的时间点: False
真实异常维度 (0-based): [6, 7, 8, 9, 10, 11, 12, 13, 14, 15, 16, 17, 18]
段内检测到的异常时间点索引 (相对段内): []
未检测到任何异常点，将整个段中的时间索引标记为异常
选择的维度数量 (k): 7 (基于真实异常维度数的 100%)
推断的异常维度 (0-based): [0, 1, 2, 3, 4, 5, 6, 7, 8, 9, 15]
真实与推断的交集: [6, 7, 8, 9, 15]
段内指标: TP=5, FP=6, FN=8, TN=0, IPS=0.3846

=== 汇总指标 ===
总 TP: 33, 总 TN: 0, 总 FP: 28, 总 FN: 34
平均 IPS: 0.5789, Precision: 0.5410, Recall: 0.4925, F1: 0.5156
每段IPS与混淆: [{'original_start': 727, 'original_end': 782, 'start': 628, 'end': 683, 'TP': 11, 'TN': 0, 'FP': 3, 'FN': 5, 'IPS': 0.6875, 'k_selected': 7, 'gt_dims_count': 16}, {'original_start': 843, 'original_end': 857, 'start': 744, 'end': 758, 'TP': 6, 'TN': 0, 'FP': 5, 'FN': 8, 'IPS': 0.42857142857142855, 'k_selected': 7, 'gt_dims_count': 14}, {'original_start': 2178, 'original_end': 2238, 'start': 2079, 'end': 2139, 'TP': 7, 'TN': 0, 'FP': 7, 'FN': 5, 'IPS': 0.5833333333333334, 'k_selected': 7, 'gt_dims_count': 12}, {'original_start': 2494, 'original_end': 2501, 'start': 2395, 'end': 2402, 'TP': 4, 'TN': 0, 'FP': 7, 'FN': 8, 'IPS': 0.3333333333333333, 'k_selected': 7, 'gt_dims_count': 12}, {'original_start': 3425, 'original_end': 3435, 'start': 3326, 'end': 3336, 'TP': 5, 'TN': 0, 'FP': 6, 'FN': 8, 'IPS': 0.38461538461538464, 'k_selected': 7, 'gt_dims_count': 13}]
总和: {'TP': 33, 'TN': 0, 'FP': 28, 'FN': 34, 'IPS': 0.5788698056909978, 'precision': 0.5409836065573771, 'recall': 0.4925373134328358, 'F1': 0.5156250000000001}
test end time:  2025-06-22 16:19:51
test time:  129.20650935173035
==============================result==============================
{'FN': 34.0,
 'FP': 89.0,
 'TN': 3981.0,
 'TP': 117.0,
 'best-f1': 0.6554572668646405,
 'best_valid_loss': -8.85081421147854,
 'dataset': 'omi-4',
 'latency': 30.998450077496123,
 'pot-FN': 34.0,
 'pot-FP': 172.0,
 'pot-TN': 3898.0,
 'pot-TP': 117.0,
 'pot-f1': 0.5318136495216423,
 'pot-latency': 30.998450077496123,
 'pot-precision': 0.404844276648987,
 'pot-recall': 0.7748343857725573,
 'pot-threshold': -27.700673351571925,
 'precision': 0.5679611374776147,
 'pred_time': 0.5008376710555132,
 'pred_total_time': 42.64673566818237,
 'recall': 0.7748343857725573,
 'segment_results': [{'FN': 5,
                      'FP': 3,
                      'IPS': 0.6875,
                      'TN': 0,
                      'TP': 11,
                      'end': 683,
                      'gt_dims_count': 16,
                      'k_selected': 7,
                      'original_end': 782,
                      'original_start': 727,
                      'start': 628},
                     {'FN': 8,
                      'FP': 5,
                      'IPS': 0.42857142857142855,
                      'TN': 0,
                      'TP': 6,
                      'end': 758,
                      'gt_dims_count': 14,
                      'k_selected': 7,
                      'original_end': 857,
                      'original_start': 843,
                      'start': 744},
                     {'FN': 5,
                      'FP': 7,
                      'IPS': 0.5833333333333334,
                      'TN': 0,
                      'TP': 7,
                      'end': 2139,
                      'gt_dims_count': 12,
                      'k_selected': 7,
                      'original_end': 2238,
                      'original_start': 2178,
                      'start': 2079},
                     {'FN': 8,
                      'FP': 7,
                      'IPS': 0.3333333333333333,
                      'TN': 0,
                      'TP': 4,
                      'end': 2402,
                      'gt_dims_count': 12,
                      'k_selected': 7,
                      'original_end': 2501,
                      'original_start': 2494,
                      'start': 2395},
                     {'FN': 8,
                      'FP': 6,
                      'IPS': 0.38461538461538464,
                      'TN': 0,
                      'TP': 5,
                      'end': 3336,
                      'gt_dims_count': 13,
                      'k_selected': 7,
                      'original_end': 3435,
                      'original_start': 3425,
                      'start': 3326}],
 'segment_summary': {'F1': 0.5156250000000001,
                     
'FN': 34,
                     'FP': 28,
                     'IPS': 0.5788698056909978,
                     'TN': 0,
                     'TP': 33,
                     'precision': 0.5409836065573771,
                     'recall': 0.4925373134328358},
 'threshold': -41.0,
 'train_time': 141.74612457752227,
 'valid_time': 0.5529676905545321}
