2025-06-22 18:10:53.887455: I tensorflow/core/platform/cpu_feature_guard.cc:141] Your CPU supports instructions that this TensorFlow binary was not compiled to use: AVX2 AVX512F FMA
Configurations
===========================================
{'batch_size': 50,
 'bf_search_max': 400.0,
 'bf_search_min': -400.0,
 'bf_search_step_size': 1.0,
 'dataset': 'omi-9',
 'dense_dim': 500,
 'early_stop': True,
 'get_score_on_dim': True,
 'gradient_clip_norm': 10.0,
 'initial_lr': 0.001,
 'l2_reg': 0.0001,
 'level': 0.0075,
 'lr_anneal_epoch_freq': 40,
 'lr_anneal_factor': 0.5,
 'lr_anneal_step_freq': None,
 'max_epoch': 10,
 'max_test_size': None,
 'max_train_size': None,
 'nf_layers': 20,
 'percentage_Dimension': 40.0,
 'posterior_flow_type': 'nf',
 'restore_dir': None,
 'result_dir': 'result',
 'rnn_cell': 'GRU',
 'rnn_num_hidden': 500,
 'save_dir': 'model',
 'save_z': False,
 'std_epsilon': 0.0001,
 'test_batch_size': 50,
 'test_n_z': 1,
 'test_score_filename': 'test_score.pkl',
 'test_start': 0,
 'train_score_filename': 'train_score.pkl',
 'train_start': 0,
 'use_connected_z_p': True,
 'use_connected_z_q': True,
 'valid_step_freq': 100,
 'window_length': 100,
 'x_dim': 19,
 'z_dim': 3}

train start time:  2025-06-22 18:10:25
load data of: omi-9
train:  0 None
test:  0 None
Data normalized
Data normalized
train set shape:  (8640, 19)
test set shape:  (4320, 19)
test set label shape:  (4320,)
Trainable Parameters                                            (2,560,202 in total)
------------------------------------------------------------------------------------
model/q_z_given_x/rnn_q_z/rnn/gru_cell/gates/kernel             (519, 1000)  519,000
model/q_z_given_x/rnn_q_z/rnn/gru_cell/gates/bias               (1000,)        1,000
model/q_z_given_x/rnn_q_z/rnn/gru_cell/candidate/kernel         (519, 500)   259,500
model/q_z_given_x/rnn_q_z/rnn/gru_cell/candidate/bias           (500,)           500
model/q_z_given_x/rnn_q_z/dense/kernel                          (500, 500)   250,000
model/q_z_given_x/rnn_q_z/dense/bias                            (500,)           500
model/q_z_given_x/rnn_q_z/dense_1/kernel                        (500, 500)   250,000
model/q_z_given_x/rnn_q_z/dense_1/bias                          (500,)           500
model/vae/variational/z_mean/kernel                             (503, 3)       1,509
model/vae/variational/z_mean/bias                               (3,)               3
model/vae/variational/z_std/kernel                              (503, 3)       1,509
model/vae/variational/z_std/bias                                (3,)               3
model/posterior_flow/_0/w                                       (1, 3)             3
model/posterior_flow/_0/b                                       (1,)               1
model/posterior_flow/_0/u                                       (1, 3)             3
model/posterior_flow/_1/w                                       (1, 3)             3
model/posterior_flow/_1/b                                       (1,)               1
model/posterior_flow/_1/u                                       (1, 3)             3
model/posterior_flow/_2/w                                       (1, 3)             3
model/posterior_flow/_2/b                                       (1,)               1
model/posterior_flow/_2/u                                       (1, 3)             3
model/posterior_flow/_3/w                                       (1, 3)             3
model/posterior_flow/_3/b                                       (1,)               1
model/posterior_flow/_3/u                                       (1, 3)             3
model/posterior_flow/_4/w                                       (1, 3)             3
model/posterior_flow/_4/b                                       (1,)               1
model/posterior_flow/_4/u                                       (1, 3)             3
model/posterior_flow/_5/w                                       (1, 3)             3
model/posterior_flow/_5/b                                       (1,)               1
model/posterior_flow/_5/u                                       (1, 3)             3
model/posterior_flow/_6/w                                       (1, 3)             3
model/posterior_flow/_6/b                                       (1,)               1
model/posterior_flow/_6/u                                       (1, 3)             3
model/posterior_flow/_7/w                                       (1, 3)             3
model/posterior_flow/_7/b                                       (1,)               1
model/posterior_flow/_7/u                                       (1, 3)             3
model/posterior_flow/_8/w                                       (1, 3)             3
model/posterior_flow/_8/b                                       (1,)               1
model/posterior_flow/_8/u                                       (1, 3)             3
model/posterior_flow/_9/w                                       (1, 3)             3
model/posterior_flow/_9/b                                       (1,)               1
model/posterior_flow/_9/u                                       (1, 3)             3
model/posterior_flow/_10/w                                      (1, 3)             3
model/posterior_flow/_10/b                                      (1,)               1
model/posterior_flow/_10/u                                      (1, 3)             3
model/posterior_flow/_11/w                                      (1, 3)             3
model/posterior_flow/_11/b                                      (1,)               1
model/posterior_flow/_11/u                                      (1, 3)             3
model/posterior_flow/_12/w                                      (1, 3)             3
model/posterior_flow/_12/b                                      (1,)               1
model/posterior_flow/_12/u                                      (1, 3)             3
model/posterior_flow/_13/w                                      (1, 3)             3
model/posterior_flow/_13/b                                      (1,)               1
model/posterior_flow/_13/u                                      (1, 3)             3
model/posterior_flow/_14/w                                      (1, 3)             3
model/posterior_flow/_14/b                                      (1,)               1
model/posterior_flow/_14/u                                      (1, 3)             3
model/posterior_flow/_15/w                                      (1, 3)             3
model/posterior_flow/_15/b                                      (1,)               1
model/posterior_flow/_15/u                                      (1, 3)             3
model/posterior_flow/_16/w                                      (1, 3)             3
model/posterior_flow/_16/b                                      (1,)               1
model/posterior_flow/_16/u                                      (1, 3)             3
model/posterior_flow/_17/w                                      (1, 3)             3
model/posterior_flow/_17/b                                      (1,)               1
model/posterior_flow/_17/u                                      (1, 3)             3
model/posterior_flow/_18/w                                      (1, 3)             3
model/posterior_flow/_18/b                                      (1,)               1
model/posterior_flow/_18/u                                      (1, 3)             3
model/posterior_flow/_19/w                                      (1, 3)             3
model/posterior_flow/_19/b                                      (1,)               1
model/posterior_flow/_19/u                                      (1, 3)             3
model/p_x_given_z/hidden/rnn_p_x/rnn/gru_cell/gates/kernel      (503, 1000)  503,000
model/p_x_given_z/hidden/rnn_p_x/rnn/gru_cell/gates/bias        (1000,)        1,000
model/p_x_given_z/hidden/rnn_p_x/rnn/gru_cell/candidate/kernel  (503, 500)   251,500
model/p_x_given_z/hidden/rnn_p_x/rnn/gru_cell/candidate/bias    (500,)           500
model/p_x_given_z/hidden/rnn_p_x/dense/kernel                   (500, 500)   250,000
model/p_x_given_z/hidden/rnn_p_x/dense/bias                     (500,)           500
model/p_x_given_z/hidden/rnn_p_x/dense_1/kernel                 (500, 500)   250,000
model/p_x_given_z/hidden/rnn_p_x/dense_1/bias                   (500,)           500
model/p_x_given_z/x_mean/kernel                                 (500, 19)      9,500
model/p_x_given_z/x_mean/bias                                   (19,)             19
model/p_x_given_z/x_std/kernel                                  (500, 19)      9,500
model/p_x_given_z/x_std/bias                                    (19,)             19/home/hz/anaconda3/envs/py36/lib/python3.6/site-packages/tensorflow/python/framework/dtypes.py:523: FutureWarning: Passing (type, 1) or '1type' as a synonym of type is deprecated; in a future version of numpy, it will be understood as (type, (1,)) / '(1,)type'.
  _np_qint8 = np.dtype([("qint8", np.int8, 1)])
/home/hz/anaconda3/envs/py36/lib/python3.6/site-packages/tensorflow/python/framework/dtypes.py:524: FutureWarning: Passing (type, 1) or '1type' as a synonym of type is deprecated; in a future version of numpy, it will be understood as (type, (1,)) / '(1,)type'.
  _np_quint8 = np.dtype([("quint8", np.uint8, 1)])
/home/hz/anaconda3/envs/py36/lib/python3.6/site-packages/tensorflow/python/framework/dtypes.py:525: FutureWarning: Passing (type, 1) or '1type' as a synonym of type is deprecated; in a future version of numpy, it will be understood as (type, (1,)) / '(1,)type'.
  _np_qint16 = np.dtype([("qint16", np.int16, 1)])
/home/hz/anaconda3/envs/py36/lib/python3.6/site-packages/tensorflow/python/framework/dtypes.py:526: FutureWarning: Passing (type, 1) or '1type' as a synonym of type is deprecated; in a future version of numpy, it will be understood as (type, (1,)) / '(1,)type'.
  _np_quint16 = np.dtype([("quint16", np.uint16, 1)])
/home/hz/anaconda3/envs/py36/lib/python3.6/site-packages/tensorflow/python/framework/dtypes.py:527: FutureWarning: Passing (type, 1) or '1type' as a synonym of type is deprecated; in a future version of numpy, it will be understood as (type, (1,)) / '(1,)type'.
  _np_qint32 = np.dtype([("qint32", np.int32, 1)])
/home/hz/anaconda3/envs/py36/lib/python3.6/site-packages/tensorflow/python/framework/dtypes.py:532: FutureWarning: Passing (type, 1) or '1type' as a synonym of type is deprecated; in a future version of numpy, it will be understood as (type, (1,)) / '(1,)type'.
  np_resource = np.dtype([("resource", np.ubyte, 1)])
/home/hz/anaconda3/envs/py36/lib/python3.6/site-packages/tfsnippet/utils/tfver.py:22: DeprecationWarning: Function 'semver.compare' is deprecated. Deprecated since version 2.10.0.  This function will be removed in semver 3. Use the respective 'semver.VersionInfo.compare' instead.
  compare_result = semver.compare(version, tf.__version__)
/home/hz/anaconda3/envs/py36/lib/python3.6/site-packages/tfsnippet/utils/tfver.py:22: DeprecationWarning: Function 'semver.compare' is deprecated. Deprecated since version 2.10.0.  This function will be removed in semver 3. Use the respective 'semver.VersionInfo.compare' instead.
  compare_result = semver.compare(version, tf.__version__)
INFO:tensorflow:Restoring parameters from /tmp/tmp1bk0f_zt/variables.dat-1100
2025-06-22 18:34:35,699 [INFO] tensorflow: Restoring parameters from /tmp/tmp1bk0f_zt/variables.dat-1100
  0%|          | 0/4221 [00:00<?, ?it/s]100%|██████████| 4221/4221 [00:00<00:00, 910052.29it/s]

train_values: (6048, 19)
[Epoch 1/10, Step 100] step time: 1.558s (±4.527s); train time: 1m 59.93s; valid time: 35.97s; loss: 34.1045 (±320.757); valid loss: -4.33997 (*)
train_values: (6048, 19)
[Epoch 2/10, Step 200, ETA 22m 33.29s] step time: 1.202s (±3.003s); train time: 1m 14.83s; valid time: 30.07s; loss: -6.48229 (±2.80461); valid loss: -8.13213 (*)
train_values: (6048, 19)
[Epoch 3/10, Step 300, ETA 19m 26.45s] step time: 1.214s (±2.982s); train time: 58.54s; valid time: 29.96s; loss: -8.05646 (±2.2074); valid loss: -8.60561 (*)
train_values: (6048, 19)
[Epoch 4/10, Step 400, ETA 16m 43.17s] step time: 1.167s (±2.709s); train time: 41.35s; valid time: 27.17s; loss: -8.57157 (±1.69179); valid loss: -8.46031
train_values: (6048, 19)
[Epoch 5/10, Step 500, ETA 14m 19.53s] step time: 1.175s (±2.708s); train time: 25.33s; valid time: 27.04s; loss: -9.12716 (±1.61973); valid loss: -8.45907
train_values: (6048, 19)
[Epoch 6/10, Step 600, ETA 12m 6.507s] step time: 1.195s (±2.946s); train time: 9.106s; valid time: 29.65s; loss: -8.18883 (±2.20607); valid loss: -10.529 (*)
[Epoch 6/10, Step 700, ETA 9m 55.97s] step time: 1.175s (±2.706s); train time: 1m 30.51s; valid time: 27.05s; loss: -7.98688 (±3.04592); valid loss: -9.76449
train_values: (6048, 19)
[Epoch 7/10, Step 800, ETA 7m 50.33s] step time: 1.21s (±2.973s); train time: 1m 23.98s; valid time: 29.72s; loss: -8.91374 (±1.9514); valid loss: -10.5751 (*)
train_values: (6048, 19)
[Epoch 8/10, Step 900, ETA 5m 44.66s] step time: 1.176s (±2.701s); train time: 1m 7.235s; valid time: 27.14s; loss: -9.22125 (±2.05244); valid loss: -7.17251
train_values: (6048, 19)
[Epoch 9/10, Step 1000, ETA 3m 40.27s] step time: 1.158s (±2.67s); train time: 50.17s; valid time: 26.8s; loss: -9.32785 (±2.22633); valid loss: -9.34006
train_values: (6048, 19)
[Epoch 10/10, Step 1100, ETA 1m 37.77s] step time: 1.206s (±2.95s); train time: 34.23s; valid time: 29.7s; loss: -9.66225 (±2.81521); valid loss: -10.6702 (*)
train end time:  2025-06-22 18:34:36
train time:  1450.797823190689
test start time:  2025-06-22 18:34:36
------------------------------ testing ------------------------------
test_score shape:  (4221, 19)
test_z shape:  (4221, 100, 6)
search range:  -400.0 400.0
cur thr:  -399.0 [0.9505912204785099, 0.9620689323424507, 0.9393939077645149, 279.0, 3913.0, 11.0, 18.0, 12.285538778017457] [0.9505912204785099, 0.9620689323424507, 0.9393939077645149, 279.0, 3913.0, 11.0, 18.0, 12.285538778017457] -399.0
cur thr:  -349.0 [0.9473633892706231, 0.9554794193328967, 0.9393939077645149, 279.0, 3911.0, 13.0, 18.0, 12.285538778017457] [0.9505912204785099, 0.9620689323424507, 0.9393939077645149, 279.0, 3913.0, 11.0, 18.0, 12.285538778017457] -399.0
cur thr:  -299.0 [0.9473633892706231, 0.9554794193328967, 0.9393939077645149, 279.0, 3911.0, 13.0, 18.0, 12.285538778017457] [0.9505912204785099, 0.9620689323424507, 0.9393939077645149, 279.0, 3913.0, 11.0, 18.0, 12.285538778017457] -399.0
cur thr:  -249.0 [0.9425625358076595, 0.945762679804655, 0.9393939077645149, 279.0, 3908.0, 16.0, 18.0, 12.285538778017457] [0.9505912204785099, 0.9620689323424507, 0.9393939077645149, 279.0, 3913.0, 11.0, 18.0, 12.285538778017457] -399.0
cur thr:  -199.0 [0.9393889077911276, 0.9393939077645149, 0.9393939077645149, 279.0, 3906.0, 18.0, 18.0, 12.285538778017457] [0.9505912204785099, 0.9620689323424507, 0.9393939077645149, 279.0, 3913.0, 11.0, 18.0, 12.285538778017457] -399.0
cur thr:  -149.0 [0.9253681047768875, 0.9117646760861218, 0.9393939077645149, 279.0, 3897.0, 27.0, 18.0, 8.285595920058284] [0.9505912204785099, 0.9620689323424507, 0.9393939077645149, 279.0, 3913.0, 11.0, 18.0, 12.285538778017457] -399.0
cur thr:  -99.0 [0.9117596804387528, 0.8857142575963729, 0.9393939077645149, 279.0, 3888.0, 36.0, 18.0, 8.285595920058284] [0.9505912204785099, 0.9620689323424507, 0.9393939077645149, 279.0, 3913.0, 11.0, 18.0, 12.285538778017457] -399.0
cur thr:  -49.0 [0.8732344341132928, 0.8157894498307179, 0.9393939077645149, 279.0, 3861.0, 63.0, 18.0, 5.571348980728847] [0.9505912204785099, 0.9620689323424507, 0.9393939077645149, 279.0, 3913.0, 11.0, 18.0, 12.285538778017457] -399.0
cur thr:  1.0 [0.5346495384874581, 0.3648648603824956, 0.9999999663299676, 297.0, 3407.0, 517.0, 0.0, 3.1249609379882752] [0.9505912204785099, 0.9620689323424507, 0.9393939077645149, 279.0, 3913.0, 11.0, 18.0, 12.285538778017457] -399.0
cur thr:  51.0 [0.1314728747012619, 0.07036247318085176, 0.9999999663299676, 297.0, 0.0, 3924.0, 0.0, 0.0] [0.9505912204785099, 0.9620689323424507, 0.9393939077645149, 279.0, 3913.0, 11.0, 18.0, 12.285538778017457] -399.0
cur thr:  101.0 [0.1314728747012619, 0.07036247318085176, 0.9999999663299676, 297.0, 0.0, 3924.0, 0.0, 0.0] [0.9505912204785099, 0.9620689323424507, 0.9393939077645149, 279.0, 3913.0, 11.0, 18.0, 12.285538778017457] -399.0
cur thr:  151.0 [0.1314728747012619, 0.07036247318085176, 0.9999999663299676, 297.0, 0.0, 3924.0, 0.0, 0.0] [0.9505912204785099, 0.9620689323424507, 0.9393939077645149, 279.0, 3913.0, 11.0, 18.0, 12.285538778017457] -399.0
cur thr:  201.0 [0.1314728747012619, 0.07036247318085176, 0.9999999663299676, 297.0, 0.0, 3924.0, 0.0, 0.0] [0.9505912204785099, 0.9620689323424507, 0.9393939077645149, 279.0, 3913.0, 11.0, 18.0, 12.285538778017457] -399.0
cur thr:  251.0 [0.1314728747012619, 0.07036247318085176, 0.9999999663299676, 297.0, 0.0, 3924.0, 0.0, 0.0] [0.9505912204785099, 0.9620689323424507, 0.9393939077645149, 279.0, 3913.0, 11.0, 18.0, 12.285538778017457] -399.0
cur thr:  301.0 [0.1314728747012619, 0.07036247318085176, 0.9999999663299676, 297.0, 0.0, 3924.0, 0.0, 0.0] [0.9505912204785099, 0.9620689323424507, 0.9393939077645149, 279.0, 3913.0, 11.0, 18.0, 12.285538778017457] -399.0
cur thr:  351.0 [0.1314728747012619, 0.07036247318085176, 0.9999999663299676, 297.0, 0.0, 3924.0, 0.0, 0.0] [0.9505912204785099, 0.9620689323424507, 0.9393939077645149, 279.0, 3913.0, 11.0, 18.0, 12.285538778017457] -399.0
[0.9505912204785099, 0.9620689323424507, 0.9393939077645149, 279.0, 3913.0, 11.0, 18.0, 12.285538778017457] -399.0
label_file: ServerMachineDataset/interpretation_label/omi-9.txt
Initial threshold : 54.977524
Number of peaks : 64
Grimshaw maximum log-likelihood estimation ... [done]
	γ = 0
	σ = 117.16911
	L = 368.87157138001965
Extreme quantile (probability = 0.001): 290.95670195785635
103
4221
POT result:  (0.9073120495218386, 0.8773584629761491, 0.9393939077645149, 279.0, 3885.0, 39.0, 18.0) -75.21549170037063 8.285595920058284

=== 全局调试信息 ===
y_true shape: (4221,), unique values: [0. 1.]
y_pred shape: (4221,), unique values: [False  True]
feature_scores shape: (4221, 19)
interpretation_segments 数量: 8


=== 处理第 1/8 段 ===
原始段范围: orig_start=738, orig_end=756
调整后段范围: start=639, end=657
段内真实标签 (seg_true): [1. 1. 1. 1. 1. 1. 1. 1. 1. 1. 1. 1. 1. 1. 1. 1. 1. 1. 1.]
段内预测标签 (seg_pred): [ True  True  True  True  True  True  True  True  True  True  True  True
  True  True  True  True  True  True  True]
段内真实异常时间点索引 (相对段内): [ 0  1  2  3  4  5  6  7  8  9 10 11 12 13 14 15 16 17 18]
段内是否有预测为异常的时间点: True
真实异常维度 (0-based): [1, 8, 9, 10, 11, 12, 13, 14, 15, 16, 17, 18]
段内检测到的异常时间点索引 (相对段内): [ 0  1  2  3  4  5  6  7  8  9 10 11 12 13 14 15 16 17 18]
选择的维度数量 (k): 7 (基于真实异常维度数的 100%)
推断的异常维度 (0-based): [0, 1, 2, 3, 4, 5, 7, 8, 11, 15]
真实与推断的交集: [1, 8, 11, 15]
段内指标: TP=4, FP=6, FN=8, TN=1, IPS=0.3333

=== 处理第 2/8 段 ===
原始段范围: orig_start=763, orig_end=780
调整后段范围: start=664, end=681
段内真实标签 (seg_true): [1. 1. 1. 1. 1. 1. 1. 1. 1. 1. 1. 1. 1. 1. 1. 1. 1. 1.]
段内预测标签 (seg_pred): [False False False False False False False False False False False False
 False False False False False False]
段内真实异常时间点索引 (相对段内): [ 0  1  2  3  4  5  6  7  8  9 10 11 12 13 14 15 16 17]
段内是否有预测为异常的时间点: False
真实异常维度 (0-based): [0, 5, 6, 7, 8, 9, 10, 11, 12, 13, 14, 15, 16, 17, 18]
段内检测到的异常时间点索引 (相对段内): []
未检测到任何异常点，将整个段中的时间索引标记为异常
选择的维度数量 (k): 7 (基于真实异常维度数的 100%)
推断的异常维度 (0-based): [0, 1, 2, 3, 4, 5, 7, 8, 10, 13, 15, 16, 17]
真实与推断的交集: [0, 5, 7, 8, 10, 13, 15, 16, 17]
段内指标: TP=9, FP=4, FN=6, TN=0, IPS=0.6000

=== 处理第 3/8 段 ===
原始段范围: orig_start=2514, orig_end=2524
调整后段范围: start=2415, end=2425
段内真实标签 (seg_true): [1. 1. 1. 1. 1. 1. 1. 1. 1. 1. 1.]
段内预测标签 (seg_pred): [ True  True  True  True  True  True  True  True  True  True  True]
段内真实异常时间点索引 (相对段内): [ 0  1  2  3  4  5  6  7  8  9 10]
段内是否有预测为异常的时间点: True
真实异常维度 (0-based): [0, 3, 4, 6, 7, 8, 16, 17]
段内检测到的异常时间点索引 (相对段内): [ 0  1  2  3  4  5  6  7  8  9 10]
选择的维度数量 (k): 7 (基于真实异常维度数的 100%)
推断的异常维度 (0-based): [0, 1, 2, 3, 4, 5, 7, 8, 10, 11, 12, 14, 16]
真实与推断的交集: [0, 3, 4, 7, 8, 16]
段内指标: TP=6, FP=7, FN=2, TN=4, IPS=0.7500

=== 处理第 4/8 段 ===
原始段范围: orig_start=2603, orig_end=2668
调整后段范围: start=2504, end=2569
段内真实标签 (seg_true): [1. 1. 1. 1. 1. 1. 1. 1. 1. 1. 1. 1. 1. 1. 1. 1. 1. 1. 1. 1. 1. 1. 1. 1.
 1. 1. 1. 1. 1. 1. 1. 1. 1. 1. 1. 1. 1. 1. 1. 1. 1. 1. 1. 1. 1. 1. 1. 1.
 1. 1. 1. 1. 1. 1. 1. 1. 1. 1. 1. 1. 1. 1. 1. 1. 1. 1.]
段内预测标签 (seg_pred): [ True  True  True  True  True  True  True  True  True  True  True  True
  True  True  True  True  True  True  True  True  True  True  True  True
  True  True  True  True  True  True  True  True  True  True  True  True
  True  True  True  True  True  True  True  True  True  True  True  True
  True  True  True  True  True  True  True  True  True  True  True  True
  True  True  True  True  True  True]
段内真实异常时间点索引 (相对段内): [ 0  1  2  3  4  5  6  7  8  9 10 11 12 13 14 15 16 17 18 19 20 21 22 23
 24 25 26 27 28 29 30 31 32 33 34 35 36 37 38 39 40 41 42 43 44 45 46 47
 48 49 50 51 52 53 54 55 56 57 58 59 60 61 62 63 64 65]
段内是否有预测为异常的时间点: True
真实异常维度 (0-based): [0, 1, 4, 5, 7, 16, 17, 18]
段内检测到的异常时间点索引 (相对段内): [ 0  1  2  3  4  5  6  7  8  9 10 11 12 13 14 15 16 17 18 19 20 21 22 23
 24 25 26 27 28 29 30 31 32 33 34 35 36 37 38 39 40 41 42 43 44 45 46 47
 48 49 50 51 52 53 54 55 56 57 58 59 60 61 62 63 64 65]
选择的维度数量 (k): 7 (基于真实异常维度数的 100%)
推断的异常维度 (0-based): [0, 1, 2, 3, 4, 5, 6, 8, 9, 11, 13, 16, 17]
真实与推断的交集: [0, 1, 4, 5, 16, 17]
段内指标: TP=6, FP=7, FN=2, TN=4, IPS=0.7500

=== 处理第 5/8 段 ===
原始段范围: orig_start=2918, orig_end=2958
调整后段范围: start=2819, end=2859
段内真实标签 (seg_true): [1. 1. 1. 1. 1. 1. 1. 1. 1. 1. 1. 1. 1. 1. 1. 1. 1. 1. 1. 1. 1. 1. 1. 1.
 1. 1. 1. 1. 1. 1. 1. 1. 1. 1. 1. 1. 1. 1. 1. 1. 1.]
段内预测标签 (seg_pred): [ True  True  True  True  True  True  True  True  True  True  True  True
  True  True  True  True  True  True  True  True  True  True  True  True
  True  True  True  True  True  True  True  True  True  True  True  True
  True  True  True  True  True]
段内真实异常时间点索引 (相对段内): [ 0  1  2  3  4  5  6  7  8  9 10 11 12 13 14 15 16 17 18 19 20 21 22 23
 24 25 26 27 28 29 30 31 32 33 34 35 36 37 38 39 40]
段内是否有预测为异常的时间点: True
真实异常维度 (0-based): [0, 1, 4, 5, 7, 16, 17, 18]
段内检测到的异常时间点索引 (相对段内): [ 0  1  2  3  4  5  6  7  8  9 10 11 12 13 14 15 16 17 18 19 20 21 22 23
 24 25 26 27 28 29 30 31 32 33 34 35 36 37 38 39 40]
选择的维度数量 (k): 7 (基于真实异常维度数的 100%)
推断的异常维度 (0-based): [0, 1, 2, 3, 4, 5, 6, 8, 9, 11, 13, 14, 15, 17]
真实与推断的交集: [0, 1, 4, 5, 17]
段内指标: TP=5, FP=9, FN=3, TN=2, IPS=0.6250

=== 处理第 6/8 段 ===
原始段范围: orig_start=3170, orig_end=3245
调整后段范围: start=3071, end=3146
段内真实标签 (seg_true): [1. 1. 1. 1. 1. 1. 1. 1. 1. 1. 1. 1. 1. 1. 1. 1. 1. 1. 1. 1. 1. 1. 1. 1.
 1. 1. 1. 1. 1. 1. 1. 1. 1. 1. 1. 1. 1. 1. 1. 1. 1. 1. 1. 1. 1. 1. 1. 1.
 1. 1. 1. 1. 1. 1. 1. 1. 1. 1. 1. 1. 1. 1. 1. 1. 1. 1. 1. 1. 1. 1. 1. 1.
 1. 1. 1. 1.]
段内预测标签 (seg_pred): [ True  True  True  True  True  True  True  True  True  True  True  True
  True  True  True  True  True  True  True  True  True  True  True  True
  True  True  True  True  True  True  True  True  True  True  True  True
  True  True  True  True  True  True  True  True  True  True  True  True
  True  True  True  True  True  True  True  True  True  True  True  True
  True  True  True  True  True  True  True  True  True  True  True  True
  True  True  True  True]
段内真实异常时间点索引 (相对段内): [ 0  1  2  3  4  5  6  7  8  9 10 11 12 13 14 15 16 17 18 19 20 21 22 23
 24 25 26 27 28 29 30 31 32 33 34 35 36 37 38 39 40 41 42 43 44 45 46 47
 48 49 50 51 52 53 54 55 56 57 58 59 60 61 62 63 64 65 66 67 68 69 70 71
 72 73 74 75]
段内是否有预测为异常的时间点: True
真实异常维度 (0-based): [0, 1, 5, 7, 16, 17, 18]
段内检测到的异常时间点索引 (相对段内): [ 0  1  2  3  4  5  6  7  8  9 10 11 12 13 14 15 16 17 18 19 20 21 22 23
 24 25 26 27 28 29 30 31 32 33 34 35 36 37 38 39 40 41 42 43 44 45 46 47
 48 49 50 51 52 53 54 55 56 57 58 59 60 61 62 63 64 65 66 67 68 69 70 71
 72 73 74 75]
选择的维度数量 (k): 7 (基于真实异常维度数的 100%)
推断的异常维度 (0-based): [0, 1, 2, 3, 4, 5, 6, 7, 8, 13, 16, 17, 18]
真实与推断的交集: [0, 1, 5, 7, 16, 17, 18]
段内指标: TP=7, FP=6, FN=0, TN=6, IPS=1.0000

=== 处理第 7/8 段 ===
原始段范围: orig_start=3508, orig_end=3528
调整后段范围: start=3409, end=3429
段内真实标签 (seg_true): [1. 1. 1. 1. 1. 1. 1. 1. 1. 1. 1. 1. 1. 1. 1. 1. 1. 1. 1. 1. 1.]
段内预测标签 (seg_pred): [ True  True  True  True  True  True  True  True  True  True  True  True
  True  True  True  True  True  True  True  True  True]
段内真实异常时间点索引 (相对段内): [ 0  1  2  3  4  5  6  7  8  9 10 11 12 13 14 15 16 17 18 19 20]
段内是否有预测为异常的时间点: True
真实异常维度 (0-based): [1, 5, 7, 18]
段内检测到的异常时间点索引 (相对段内): [ 0  1  2  3  4  5  6  7  8  9 10 11 12 13 14 15 16 17 18 19 20]
选择的维度数量 (k): 7 (基于真实异常维度数的 100%)
推断的异常维度 (0-based): [0, 1, 2, 3, 4, 5, 6, 8, 16, 17]
真实与推断的交集: [1, 5]
段内指标: TP=2, FP=8, FN=2, TN=7, IPS=0.5000

=== 处理第 8/8 段 ===
原始段范围: orig_start=4064, orig_end=4108
调整后段范围: start=3965, end=4009
段内真实标签 (seg_true): [1. 1. 1. 1. 1. 1. 1. 1. 1. 1. 1. 1. 1. 1. 1. 1. 1. 1. 1. 1. 1. 1. 1. 1.
 1. 1. 1. 1. 1. 1. 1. 1. 1. 1. 1. 1. 1. 1. 1. 1. 1. 1. 1. 1. 1.]
段内预测标签 (seg_pred): [ True  True  True  True  True  True  True  True  True  True  True  True
  True  True  True  True  True  True  True  True  True  True  True  True
  True  True  True  True  True  True  True  True  True  True  True  True
  True  True  True  True  True  True  True  True  True]
段内真实异常时间点索引 (相对段内): [ 0  1  2  3  4  5  6  7  8  9 10 11 12 13 14 15 16 17 18 19 20 21 22 23
 24 25 26 27 28 29 30 31 32 33 34 35 36 37 38 39 40 41 42 43 44]
段内是否有预测为异常的时间点: True
真实异常维度 (0-based): [0, 1, 5, 6, 7, 8, 16, 17, 18]
段内检测到的异常时间点索引 (相对段内): [ 0  1  2  3  4  5  6  7  8  9 10 11 12 13 14 15 16 17 18 19 20 21 22 23
 24 25 26 27 28 29 30 31 32 33 34 35 36 37 38 39 40 41 42 43 44]
选择的维度数量 (k): 7 (基于真实异常维度数的 100%)
推断的异常维度 (0-based): [0, 1, 2, 3, 4, 5, 6, 7, 8, 9, 11, 13, 15, 16, 17, 18]
真实与推断的交集: [0, 1, 5, 6, 7, 8, 16, 17, 18]
段内指标: TP=9, FP=7, FN=0, TN=3, IPS=1.0000

=== 汇总指标 ===
总 TP: 48, 总 TN: 27, 总 FP: 54, 总 FN: 23

平均 IPS: 0.7812, Precision: 0.4706, Recall: 0.6761, F1: 0.5549
每段IPS与混淆: [{'original_start': 738, 'original_end': 756, 'start': 639, 'end': 657, 'TP': 4, 'TN': 1, 'FP': 6, 'FN': 8, 'IPS': 0.3333333333333333, 'k_selected': 7, 'gt_dims_count': 12}, {'original_start': 763, 'original_end': 780, 'start': 664, 'end': 681, 'TP': 9, 'TN': 0, 'FP': 4, 'FN': 6, 'IPS': 0.6, 'k_selected': 7, 'gt_dims_count': 15}, {'original_start': 2514, 'original_end': 2524, 'start': 2415, 'end': 2425, 'TP': 6, 'TN': 4, 'FP': 7, 'FN': 2, 'IPS': 0.75, 'k_selected': 7, 'gt_dims_count': 8}, {'original_start': 2603, 'original_end': 2668, 'start': 2504, 'end': 2569, 'TP': 6, 'TN': 4, 'FP': 7, 'FN': 2, 'IPS': 0.75, 'k_selected': 7, 'gt_dims_count': 8}, {'original_start': 2918, 'original_end': 2958, 'start': 2819, 'end': 2859, 'TP': 5, 'TN': 2, 'FP': 9, 'FN': 3, 'IPS': 0.625, 'k_selected': 7, 'gt_dims_count': 8}, {'original_start': 3170, 'original_end': 3245, 'start': 3071, 'end': 3146, 'TP': 7, 'TN': 6, 'FP': 6, 'FN': 0, 'IPS': 1.0, 'k_selected': 7, 'gt_dims_count': 7}, {'original_start': 3508, 'original_end': 3528, 'start': 3409, 'end': 3429, 'TP': 2, 'TN': 7, 'FP': 8, 'FN': 2, 'IPS': 0.5, 'k_selected': 7, 'gt_dims_count': 4}, {'original_start': 4064, 'original_end': 4108, 'start': 3965, 'end': 4009, 'TP': 9, 'TN': 3, 'FP': 7, 'FN': 0, 'IPS': 1.0, 'k_selected': 7, 'gt_dims_count': 9}]
总和: {'TP': 48, 'TN': 27, 'FP': 54, 'FN': 23, 'IPS': 0.7811728395061728, 'precision': 0.47058823529411764, 'recall': 0.676056338028169, 'F1': 0.5549132947976878}
test end time:  2025-06-22 18:37:08
test time:  152.3113820552826
==============================result==============================
{'FN': 18.0,
 'FP': 11.0,
 'TN': 3913.0,
 'TP': 279.0,
 'best-f1': 0.9505912204785099,
 'best_valid_loss': -10.670177718218769,
 'dataset': 'omi-9',
 'latency': 12.285538778017457,
 'pot-FN': 18.0,
 'pot-FP': 39.0,
 'pot-TN': 3885.0,
 'pot-TP': 279.0,
 'pot-f1': 0.9073120495218386,
 'pot-latency': 8.285595920058284,
 'pot-precision': 0.8773584629761491,
 'pot-recall': 0.9393939077645149,
 'pot-threshold': -75.21549170037063,
 'precision': 0.9620689323424507,
 'pred_time': 0.538282304651597,
 'pred_total_time': 45.853522062301636,
 'recall': 0.9393939077645149,
 'segment_results': [{'FN': 8,
                      'FP': 6,
                      'IPS': 0.3333333333333333,
                      'TN': 1,
                      'TP': 4,
                      'end': 657,
                      'gt_dims_count': 12,
                      'k_selected': 7,
                      'original_end': 756,
                      'original_start': 738,
                      'start': 639},
                     {'FN': 6,
                      'FP': 4,
                      'IPS': 0.6,
                      'TN': 0,
                      'TP': 9,
                      'end': 681,
                      'gt_dims_count': 15,
                      'k_selected': 7,
                      'original_end': 780,
                      'original_start': 763,
                      'start': 664},
                     {'FN': 2,
                      'FP': 7,
                      'IPS': 0.75,
                      'TN': 4,
                      'TP': 6,
                      'end': 2425,
                      'gt_dims_count': 8,
                      'k_selected': 7,
                      'original_end': 2524,
                      'original_start': 2514,
                      'start': 2415},
                     {'FN': 2,
                      'FP': 7,
                      'IPS': 0.75,
                      'TN': 4,
                      'TP': 6,
                      'end': 2569,
                      'gt_dims_count': 8,
                      'k_selected': 7,
                      'original_end': 2668,
                      'original_start': 2603,
                      'start': 2504},
                     {'FN': 3,
                      'FP': 9,
                      'IPS': 0.625,
                      'TN': 2,
                      'TP': 5,
                      'end': 2859,
                      'gt_dims_count': 8,
                      'k_selected': 7,
                      'original_end': 2958,
                      'original_start': 2918,
                      'start': 2819},
                     {'FN': 0,
                      'FP': 6,
                      'IPS': 1.0,
                      'TN': 6,
                      'TP': 7,
                      'end': 3146,
                      'gt_dims_count': 7,
                      'k_selected': 7,
                      'original_end': 3245,
                      'original_start': 3170,
                      'start': 3071},
                     {'FN': 2,
                      'FP': 8,
                      'IPS': 0.5,
                      'TN': 7,
                      'TP': 2,
                      'end': 3429,
                      'gt_dims_count': 4,
                      'k_selected': 7,
                      'original_end': 3528,
                      'original_start': 3508,
                      'start': 3409},
                     {'FN': 0,
                      'FP': 7,
                      'IPS': 1.0,
                      'TN': 3,
                      'TP': 9,
                      'end': 4009,
                      'gt_dims_count': 9,
                      'k_selected': 7,
                      'original_end': 4108,
                      'original_start': 4064,
                      'start': 3965}],
 'segment_summary': {'F1': 0.5549132947976878,
                     'FN': 23,
                     'FP': 54,
                     'IPS': 0.7811728395061728,
                     'TN': 27,
                     'TP': 48,
                     'precision': 0.47058823529411764,
                     'recall': 0.676056338028169},
 'threshold': -399.0,
 'train_time': 142.22141375541688,
 'valid_time': 0.5504858905618841}
