2025-06-22 16:47:59.722337: I tensorflow/core/platform/cpu_feature_guard.cc:141] Your CPU supports instructions that this TensorFlow binary was not compiled to use: AVX2 AVX512F FMA
Configurations
===========================================
{'batch_size': 50,
 'bf_search_max': 400.0,
 'bf_search_min': -400.0,
 'bf_search_step_size': 1.0,
 'dataset': 'omi-6',
 'dense_dim': 500,
 'early_stop': True,
 'get_score_on_dim': True,
 'gradient_clip_norm': 10.0,
 'initial_lr': 0.001,
 'l2_reg': 0.0001,
 'level': 0.0075,
 'lr_anneal_epoch_freq': 40,
 'lr_anneal_factor': 0.5,
 'lr_anneal_step_freq': None,
 'max_epoch': 10,
 'max_test_size': None,
 'max_train_size': None,
 'nf_layers': 20,
 'percentage_Dimension': 40.0,
 'posterior_flow_type': 'nf',
 'restore_dir': None,
 'result_dir': 'result',
 'rnn_cell': 'GRU',
 'rnn_num_hidden': 500,
 'save_dir': 'model',
 'save_z': False,
 'std_epsilon': 0.0001,
 'test_batch_size': 50,
 'test_n_z': 1,
 'test_score_filename': 'test_score.pkl',
 'test_start': 0,
 'train_score_filename': 'train_score.pkl',
 'train_start': 0,
 'use_connected_z_p': True,
 'use_connected_z_q': True,
 'valid_step_freq': 100,
 'window_length': 100,
 'x_dim': 19,
 'z_dim': 3}

train start time:  2025-06-22 16:47:31
load data of: omi-6
train:  0 None
test:  0 None
Data normalized
Data normalized
train set shape:  (8640, 19)
test set shape:  (4320, 19)
test set label shape:  (4320,)
Trainable Parameters                                            (2,560,202 in total)
------------------------------------------------------------------------------------
model/q_z_given_x/rnn_q_z/rnn/gru_cell/gates/kernel             (519, 1000)  519,000
model/q_z_given_x/rnn_q_z/rnn/gru_cell/gates/bias               (1000,)        1,000
model/q_z_given_x/rnn_q_z/rnn/gru_cell/candidate/kernel         (519, 500)   259,500
model/q_z_given_x/rnn_q_z/rnn/gru_cell/candidate/bias           (500,)           500
model/q_z_given_x/rnn_q_z/dense/kernel                          (500, 500)   250,000
model/q_z_given_x/rnn_q_z/dense/bias                            (500,)           500
model/q_z_given_x/rnn_q_z/dense_1/kernel                        (500, 500)   250,000
model/q_z_given_x/rnn_q_z/dense_1/bias                          (500,)           500
model/vae/variational/z_mean/kernel                             (503, 3)       1,509
model/vae/variational/z_mean/bias                               (3,)               3
model/vae/variational/z_std/kernel                              (503, 3)       1,509
model/vae/variational/z_std/bias                                (3,)               3
model/posterior_flow/_0/w                                       (1, 3)             3
model/posterior_flow/_0/b                                       (1,)               1
model/posterior_flow/_0/u                                       (1, 3)             3
model/posterior_flow/_1/w                                       (1, 3)             3
model/posterior_flow/_1/b                                       (1,)               1
model/posterior_flow/_1/u                                       (1, 3)             3
model/posterior_flow/_2/w                                       (1, 3)             3
model/posterior_flow/_2/b                                       (1,)               1
model/posterior_flow/_2/u                                       (1, 3)             3
model/posterior_flow/_3/w                                       (1, 3)             3
model/posterior_flow/_3/b                                       (1,)               1
model/posterior_flow/_3/u                                       (1, 3)             3
model/posterior_flow/_4/w                                       (1, 3)             3
model/posterior_flow/_4/b                                       (1,)               1
model/posterior_flow/_4/u                                       (1, 3)             3
model/posterior_flow/_5/w                                       (1, 3)             3
model/posterior_flow/_5/b                                       (1,)               1
model/posterior_flow/_5/u                                       (1, 3)             3
model/posterior_flow/_6/w                                       (1, 3)             3
model/posterior_flow/_6/b                                       (1,)               1
model/posterior_flow/_6/u                                       (1, 3)             3
model/posterior_flow/_7/w                                       (1, 3)             3
model/posterior_flow/_7/b                                       (1,)               1
model/posterior_flow/_7/u                                       (1, 3)             3
model/posterior_flow/_8/w                                       (1, 3)             3
model/posterior_flow/_8/b                                       (1,)               1
model/posterior_flow/_8/u                                       (1, 3)             3
model/posterior_flow/_9/w                                       (1, 3)             3
model/posterior_flow/_9/b                                       (1,)               1
model/posterior_flow/_9/u                                       (1, 3)             3
model/posterior_flow/_10/w                                      (1, 3)             3
model/posterior_flow/_10/b                                      (1,)               1
model/posterior_flow/_10/u                                      (1, 3)             3
model/posterior_flow/_11/w                                      (1, 3)             3
model/posterior_flow/_11/b                                      (1,)               1
model/posterior_flow/_11/u                                      (1, 3)             3
model/posterior_flow/_12/w                                      (1, 3)             3
model/posterior_flow/_12/b                                      (1,)               1
model/posterior_flow/_12/u                                      (1, 3)             3
model/posterior_flow/_13/w                                      (1, 3)             3
model/posterior_flow/_13/b                                      (1,)               1
model/posterior_flow/_13/u                                      (1, 3)             3
model/posterior_flow/_14/w                                      (1, 3)             3
model/posterior_flow/_14/b                                      (1,)               1
model/posterior_flow/_14/u                                      (1, 3)             3
model/posterior_flow/_15/w                                      (1, 3)             3
model/posterior_flow/_15/b                                      (1,)               1
model/posterior_flow/_15/u                                      (1, 3)             3
model/posterior_flow/_16/w                                      (1, 3)             3
model/posterior_flow/_16/b                                      (1,)               1
model/posterior_flow/_16/u                                      (1, 3)             3
model/posterior_flow/_17/w                                      (1, 3)             3
model/posterior_flow/_17/b                                      (1,)               1
model/posterior_flow/_17/u                                      (1, 3)             3
model/posterior_flow/_18/w                                      (1, 3)             3
model/posterior_flow/_18/b                                      (1,)               1
model/posterior_flow/_18/u                                      (1, 3)             3
model/posterior_flow/_19/w                                      (1, 3)             3
model/posterior_flow/_19/b                                      (1,)               1
model/posterior_flow/_19/u                                      (1, 3)             3
model/p_x_given_z/hidden/rnn_p_x/rnn/gru_cell/gates/kernel      (503, 1000)  503,000
model/p_x_given_z/hidden/rnn_p_x/rnn/gru_cell/gates/bias        (1000,)        1,000
model/p_x_given_z/hidden/rnn_p_x/rnn/gru_cell/candidate/kernel  (503, 500)   251,500
model/p_x_given_z/hidden/rnn_p_x/rnn/gru_cell/candidate/bias    (500,)           500
model/p_x_given_z/hidden/rnn_p_x/dense/kernel                   (500, 500)   250,000
model/p_x_given_z/hidden/rnn_p_x/dense/bias                     (500,)           500
model/p_x_given_z/hidden/rnn_p_x/dense_1/kernel                 (500, 500)   250,000
model/p_x_given_z/hidden/rnn_p_x/dense_1/bias                   (500,)           500
model/p_x_given_z/x_mean/kernel                                 (500, 19)      9,500
model/p_x_given_z/x_mean/bias                                   (19,)             19
model/p_x_given_z/x_std/kernel                                  (500, 19)      9,500
model/p_x_given_z/x_std/bias                                    (19,)             19/home/hz/anaconda3/envs/py36/lib/python3.6/site-packages/tensorflow/python/framework/dtypes.py:523: FutureWarning: Passing (type, 1) or '1type' as a synonym of type is deprecated; in a future version of numpy, it will be understood as (type, (1,)) / '(1,)type'.
  _np_qint8 = np.dtype([("qint8", np.int8, 1)])
/home/hz/anaconda3/envs/py36/lib/python3.6/site-packages/tensorflow/python/framework/dtypes.py:524: FutureWarning: Passing (type, 1) or '1type' as a synonym of type is deprecated; in a future version of numpy, it will be understood as (type, (1,)) / '(1,)type'.
  _np_quint8 = np.dtype([("quint8", np.uint8, 1)])
/home/hz/anaconda3/envs/py36/lib/python3.6/site-packages/tensorflow/python/framework/dtypes.py:525: FutureWarning: Passing (type, 1) or '1type' as a synonym of type is deprecated; in a future version of numpy, it will be understood as (type, (1,)) / '(1,)type'.
  _np_qint16 = np.dtype([("qint16", np.int16, 1)])
/home/hz/anaconda3/envs/py36/lib/python3.6/site-packages/tensorflow/python/framework/dtypes.py:526: FutureWarning: Passing (type, 1) or '1type' as a synonym of type is deprecated; in a future version of numpy, it will be understood as (type, (1,)) / '(1,)type'.
  _np_quint16 = np.dtype([("quint16", np.uint16, 1)])
/home/hz/anaconda3/envs/py36/lib/python3.6/site-packages/tensorflow/python/framework/dtypes.py:527: FutureWarning: Passing (type, 1) or '1type' as a synonym of type is deprecated; in a future version of numpy, it will be understood as (type, (1,)) / '(1,)type'.
  _np_qint32 = np.dtype([("qint32", np.int32, 1)])
/home/hz/anaconda3/envs/py36/lib/python3.6/site-packages/tensorflow/python/framework/dtypes.py:532: FutureWarning: Passing (type, 1) or '1type' as a synonym of type is deprecated; in a future version of numpy, it will be understood as (type, (1,)) / '(1,)type'.
  np_resource = np.dtype([("resource", np.ubyte, 1)])
/home/hz/anaconda3/envs/py36/lib/python3.6/site-packages/tfsnippet/utils/tfver.py:22: DeprecationWarning: Function 'semver.compare' is deprecated. Deprecated since version 2.10.0.  This function will be removed in semver 3. Use the respective 'semver.VersionInfo.compare' instead.
  compare_result = semver.compare(version, tf.__version__)
/home/hz/anaconda3/envs/py36/lib/python3.6/site-packages/tfsnippet/utils/tfver.py:22: DeprecationWarning: Function 'semver.compare' is deprecated. Deprecated since version 2.10.0.  This function will be removed in semver 3. Use the respective 'semver.VersionInfo.compare' instead.
  compare_result = semver.compare(version, tf.__version__)
INFO:tensorflow:Restoring parameters from /tmp/tmpoimycttd/variables.dat-700
2025-06-22 17:11:59,856 [INFO] tensorflow: Restoring parameters from /tmp/tmpoimycttd/variables.dat-700
  0%|          | 0/4221 [00:00<?, ?it/s]100%|██████████| 4221/4221 [00:00<00:00, 565664.17it/s]

train_values: (6048, 19)
[Epoch 1/10, Step 100] step time: 1.58s (±4.615s); train time: 2m 1.184s; valid time: 36.93s; loss: 2.06031 (±10.1368); valid loss: -3.5964 (*)
train_values: (6048, 19)
[Epoch 2/10, Step 200, ETA 22m 57.73s] step time: 1.23s (±3.045s); train time: 1m 16.28s; valid time: 30.46s; loss: -4.73181 (±2.22458); valid loss: -5.55874 (*)
train_values: (6048, 19)
[Epoch 3/10, Step 300, ETA 19m 32.82s] step time: 1.186s (±2.742s); train time: 58.43s; valid time: 27.44s; loss: -5.50138 (±1.65417); valid loss: -4.81148
train_values: (6048, 19)
[Epoch 4/10, Step 400, ETA 16m 50.98s] step time: 1.186s (±2.715s); train time: 42.75s; valid time: 27.14s; loss: -5.08998 (±2.41464); valid loss: -4.9107
train_values: (6048, 19)
[Epoch 5/10, Step 500, ETA 14m 31.49s] step time: 1.223s (±3.041s); train time: 25.99s; valid time: 30.64s; loss: -5.30891 (±2.49346); valid loss: -5.81423 (*)
train_values: (6048, 19)
[Epoch 6/10, Step 600, ETA 12m 17.32s] step time: 1.219s (±2.978s); train time: 9.524s; valid time: 29.86s; loss: -5.59614 (±2.33932); valid loss: -5.87022 (*)
[Epoch 6/10, Step 700, ETA 10m 7.961s] step time: 1.238s (±3.055s); train time: 1m 33.09s; valid time: 30.77s; loss: -5.90629 (±1.88167); valid loss: -6.02234 (*)
train_values: (6048, 19)
[Epoch 7/10, Step 800, ETA 7m 57.2s] step time: 1.179s (±2.714s); train time: 1m 23.49s; valid time: 27.35s; loss: -5.8492 (±2.50399); valid loss: -5.97411
train_values: (6048, 19)
[Epoch 8/10, Step 900, ETA 5m 49.69s] step time: 1.193s (±2.784s); train time: 1m 7.678s; valid time: 27.86s; loss: -5.74618 (±2.40839); valid loss: -5.05136
train_values: (6048, 19)
[Epoch 9/10, Step 1000, ETA 3m 43.87s] step time: 1.196s (±2.724s); train time: 52.09s; valid time: 27.34s; loss: -5.79161 (±3.1343); valid loss: -2.81981
train_values: (6048, 19)
[Epoch 10/10, Step 1100, ETA 1m 39.11s] step time: 1.19s (±2.793s); train time: 34.83s; valid time: 28.06s; loss: -5.90245 (±3.07887); valid loss: -5.9268
train end time:  2025-06-22 17:12:00
train time:  1468.8842558860779
test start time:  2025-06-22 17:12:00
------------------------------ testing ------------------------------
test_score shape:  (4221, 19)
test_z shape:  (4221, 100, 6)
search range:  -400.0 400.0
cur thr:  -399.0 [0.0, 0.0, 0.0, 0.0, 4023.0, 0.0, 198.0, 0.0] [0.0, 0.0, 0.0, 0.0, 4023.0, 0.0, 198.0, 0.0] -399.0
cur thr:  -349.0 [0.0, 0.0, 0.0, 0.0, 4023.0, 0.0, 198.0, 0.0] [0.0, 0.0, 0.0, 0.0, 4023.0, 0.0, 198.0, 0.0] -399.0
cur thr:  -299.0 [0.3291111467405339, 0.9999997435898093, 0.19696968702173298, 39.0, 4023.0, 0.0, 159.0, 0.9999000099990001] [0.3291111467405339, 0.9999997435898093, 0.19696968702173298, 39.0, 4023.0, 0.0, 159.0, 0.9999000099990001] -302.0
cur thr:  -249.0 [0.3291111467405339, 0.9999997435898093, 0.19696968702173298, 39.0, 4023.0, 0.0, 159.0, 0.9999000099990001] [0.3291111467405339, 0.9999997435898093, 0.19696968702173298, 39.0, 4023.0, 0.0, 159.0, 0.9999000099990001] -302.0
cur thr:  -199.0 [0.3291111467405339, 0.9999997435898093, 0.19696968702173298, 39.0, 4023.0, 0.0, 159.0, 0.9999000099990001] [0.3291111467405339, 0.9999997435898093, 0.19696968702173298, 39.0, 4023.0, 0.0, 159.0, 0.9999000099990001] -302.0
cur thr:  -149.0 [0.3614424967630013, 0.8823527681661238, 0.22727271579430727, 45.0, 4017.0, 6.0, 153.0, 1.9999000049997497] [0.3614424967630013, 0.8823527681661238, 0.22727271579430727, 45.0, 4017.0, 6.0, 153.0, 1.9999000049997497] -150.0
cur thr:  -99.0 [0.45352767930787213, 0.8591548085697452, 0.3080807925211721, 61.0, 4013.0, 10.0, 137.0, 5.666477784073864] [0.45521998722346385, 0.8714284469387933, 0.3080807925211721, 61.0, 4014.0, 9.0, 137.0, 5.666477784073864] -106.0
cur thr:  -49.0 [0.4728387719020575, 0.6434782049149387, 0.37373735486174975, 74.0, 3982.0, 41.0, 124.0, 4.49988750281243] [0.5138845563629932, 0.8222221308642077, 0.37373735486174975, 74.0, 4007.0, 16.0, 124.0, 4.7498812529686765] -69.0
cur thr:  1.0 [0.39679039853787945, 0.24749999690625005, 0.9999999494949521, 198.0, 3421.0, 602.0, 0.0, 4.899951000489995] [0.8139484818042619, 0.7543103123142106, 0.8838383392000838, 175.0, 3966.0, 57.0, 23.0, 7.49990625117186] -38.0
cur thr:  51.0 [0.08961217824790961, 0.04690831545390117, 0.9999999494949521, 198.0, 0.0, 4023.0, 0.0, 0.0] [0.8139484818042619, 0.7543103123142106, 0.8838383392000838, 175.0, 3966.0, 57.0, 23.0, 7.49990625117186] -38.0
cur thr:  101.0 [0.08961217824790961, 0.04690831545390117, 0.9999999494949521, 198.0, 0.0, 4023.0, 0.0, 0.0] [0.8139484818042619, 0.7543103123142106, 0.8838383392000838, 175.0, 3966.0, 57.0, 23.0, 7.49990625117186] -38.0
cur thr:  151.0 [0.08961217824790961, 0.04690831545390117, 0.9999999494949521, 198.0, 0.0, 4023.0, 0.0, 0.0] [0.8139484818042619, 0.7543103123142106, 0.8838383392000838, 175.0, 3966.0, 57.0, 23.0, 7.49990625117186] -38.0
cur thr:  201.0 [0.08961217824790961, 0.04690831545390117, 0.9999999494949521, 198.0, 0.0, 4023.0, 0.0, 0.0] [0.8139484818042619, 0.7543103123142106, 0.8838383392000838, 175.0, 3966.0, 57.0, 23.0, 7.49990625117186] -38.0
cur thr:  251.0 [0.08961217824790961, 0.04690831545390117, 0.9999999494949521, 198.0, 0.0, 4023.0, 0.0, 0.0] [0.8139484818042619, 0.7543103123142106, 0.8838383392000838, 175.0, 3966.0, 57.0, 23.0, 7.49990625117186] -38.0
cur thr:  301.0 [0.08961217824790961, 0.04690831545390117, 0.9999999494949521, 198.0, 0.0, 4023.0, 0.0, 0.0] [0.8139484818042619, 0.7543103123142106, 0.8838383392000838, 175.0, 3966.0, 57.0, 23.0, 7.49990625117186] -38.0
cur thr:  351.0 [0.08961217824790961, 0.04690831545390117, 0.9999999494949521, 198.0, 0.0, 4023.0, 0.0, 0.0] [0.8139484818042619, 0.7543103123142106, 0.8838383392000838, 175.0, 3966.0, 57.0, 23.0, 7.49990625117186] -38.0
[0.8139484818042619, 0.7543103123142106, 0.8838383392000838, 175.0, 3966.0, 57.0, 23.0, 7.49990625117186] -38.0
label_file: ServerMachineDataset/interpretation_label/omi-6.txt
Initial threshold : 50.721077
Number of peaks : 64
Grimshaw maximum log-likelihood estimation ... [done]
	γ = 0
	σ = 44.193577
	L = 306.4690852828734
Extreme quantile (probability = 0.001): 139.72716103285842
52
4221
POT result:  (0.4758795873113994, 0.6548671986843186, 0.37373735486174975, 74.0, 3984.0, 39.0, 124.0) -51.37475822714045 4.49988750281243

=== 全局调试信息 ===
y_true shape: (4221,), unique values: [0. 1.]
y_pred shape: (4221,), unique values: [False  True]
feature_scores shape: (4221, 19)
interpretation_segments 数量: 10


=== 处理第 1/10 段 ===
原始段范围: orig_start=357, orig_end=392
调整后段范围: start=258, end=293
段内真实标签 (seg_true): [1. 1. 1. 1. 1. 1. 1. 1. 1. 1. 1. 1. 1. 1. 1. 1. 1. 1. 1. 1. 1. 1. 1. 1.
 1. 1. 1. 1. 1. 1. 1. 1. 1. 1. 1. 1.]
段内预测标签 (seg_pred): [False False False False False False False False False False False False
 False False False False False False False False False False False False
 False False False False False False False False False False False False]
段内真实异常时间点索引 (相对段内): [ 0  1  2  3  4  5  6  7  8  9 10 11 12 13 14 15 16 17 18 19 20 21 22 23
 24 25 26 27 28 29 30 31 32 33 34 35]
段内是否有预测为异常的时间点: False
真实异常维度 (0-based): [3, 18]
段内检测到的异常时间点索引 (相对段内): []
未检测到任何异常点，将整个段中的时间索引标记为异常
选择的维度数量 (k): 7 (基于真实异常维度数的 100%)
推断的异常维度 (0-based): [0, 1, 2, 3, 4, 5, 6, 7, 15, 16, 18]
真实与推断的交集: [3, 18]
段内指标: TP=2, FP=9, FN=0, TN=8, IPS=1.0000

=== 处理第 2/10 段 ===
原始段范围: orig_start=750, orig_end=788
调整后段范围: start=651, end=689
段内真实标签 (seg_true): [1. 1. 1. 1. 1. 1. 1. 1. 1. 1. 1. 1. 1. 1. 1. 1. 1. 1. 1. 1. 1. 1. 1. 1.
 1. 1. 1. 1. 1. 1. 1. 1. 1. 1. 1. 1. 1. 1. 1.]
段内预测标签 (seg_pred): [ True  True  True  True  True  True  True  True  True  True  True  True
  True  True  True  True  True  True  True  True  True  True  True  True
  True  True  True  True  True  True  True  True  True  True  True  True
  True  True  True]
段内真实异常时间点索引 (相对段内): [ 0  1  2  3  4  5  6  7  8  9 10 11 12 13 14 15 16 17 18 19 20 21 22 23
 24 25 26 27 28 29 30 31 32 33 34 35 36 37 38]
段内是否有预测为异常的时间点: True
真实异常维度 (0-based): [1, 5, 6, 7, 8, 9, 10, 11, 12, 13, 14, 15, 16, 17, 18]
段内检测到的异常时间点索引 (相对段内): [ 0  1  2  3  4  5  6  7  8  9 10 11 12 13 14 15 16 17 18 19 20 21 22 23
 24 25 26 27 28 29 30 31 32 33 34 35 36 37 38]
选择的维度数量 (k): 7 (基于真实异常维度数的 100%)
推断的异常维度 (0-based): [0, 1, 2, 3, 4, 5, 6, 7, 8, 15, 16, 18]
真实与推断的交集: [1, 5, 6, 7, 8, 15, 16, 18]
段内指标: TP=8, FP=4, FN=7, TN=0, IPS=0.5333

=== 处理第 3/10 段 ===
原始段范围: orig_start=1278, orig_end=1293
调整后段范围: start=1179, end=1194
段内真实标签 (seg_true): [1. 1. 1. 1. 1. 1. 1. 1. 1. 1. 1. 1. 1. 1. 1. 1.]
段内预测标签 (seg_pred): [ True  True  True  True  True  True  True  True  True  True  True  True
  True  True  True  True]
段内真实异常时间点索引 (相对段内): [ 0  1  2  3  4  5  6  7  8  9 10 11 12 13 14 15]
段内是否有预测为异常的时间点: True
真实异常维度 (0-based): [3, 4, 5, 7, 16]
段内检测到的异常时间点索引 (相对段内): [ 0  1  2  3  4  5  6  7  8  9 10 11 12 13 14 15]
选择的维度数量 (k): 7 (基于真实异常维度数的 100%)
推断的异常维度 (0-based): [0, 1, 2, 3, 4, 5, 6, 7, 8, 18]
真实与推断的交集: [3, 4, 5, 7]
段内指标: TP=4, FP=6, FN=1, TN=8, IPS=0.8000

=== 处理第 4/10 段 ===
原始段范围: orig_start=1590, orig_end=1615
调整后段范围: start=1491, end=1516
段内真实标签 (seg_true): [1. 1. 1. 1. 1. 1. 1. 1. 1. 1. 1. 1. 1. 1. 1. 1. 1. 1. 1. 1. 1. 1. 1. 1.
 1. 1.]
段内预测标签 (seg_pred): [False False False False False False False False False False False False
 False False False False False False False False False False False False
 False False]
段内真实异常时间点索引 (相对段内): [ 0  1  2  3  4  5  6  7  8  9 10 11 12 13 14 15 16 17 18 19 20 21 22 23
 24 25]
段内是否有预测为异常的时间点: False
真实异常维度 (0-based): [0, 8, 17]
段内检测到的异常时间点索引 (相对段内): []
未检测到任何异常点，将整个段中的时间索引标记为异常
选择的维度数量 (k): 7 (基于真实异常维度数的 100%)
推断的异常维度 (0-based): [0, 1, 2, 3, 4, 5, 6, 7, 16, 17, 18]
真实与推断的交集: [0, 17]
段内指标: TP=2, FP=9, FN=1, TN=7, IPS=0.6667

=== 处理第 5/10 段 ===
原始段范围: orig_start=2592, orig_end=2604
调整后段范围: start=2493, end=2505
段内真实标签 (seg_true): [1. 1. 1. 1. 1. 1. 1. 1. 1. 1. 1. 1. 1.]
段内预测标签 (seg_pred): [False False False False False False False False False False False False
 False]
段内真实异常时间点索引 (相对段内): [ 0  1  2  3  4  5  6  7  8  9 10 11 12]
段内是否有预测为异常的时间点: False
真实异常维度 (0-based): [3, 5, 8]
段内检测到的异常时间点索引 (相对段内): []
未检测到任何异常点，将整个段中的时间索引标记为异常
选择的维度数量 (k): 7 (基于真实异常维度数的 100%)
推断的异常维度 (0-based): [0, 1, 2, 3, 4, 5, 7, 8, 12, 15, 16]
真实与推断的交集: [3, 5, 8]
段内指标: TP=3, FP=8, FN=0, TN=8, IPS=1.0000

=== 处理第 6/10 段 ===
原始段范围: orig_start=2734, orig_end=2765
调整后段范围: start=2635, end=2666
段内真实标签 (seg_true): [1. 1. 1. 1. 1. 1. 1. 1. 1. 1. 1. 1. 1. 1. 1. 1. 1. 1. 1. 1. 1. 1. 1. 1.
 1. 1. 1. 1. 1. 1. 1. 1.]
段内预测标签 (seg_pred): [False False False False False False False False False False False False
 False False False False False False False False False False False False
 False False False False False False False False]
段内真实异常时间点索引 (相对段内): [ 0  1  2  3  4  5  6  7  8  9 10 11 12 13 14 15 16 17 18 19 20 21 22 23
 24 25 26 27 28 29 30 31]
段内是否有预测为异常的时间点: False
真实异常维度 (0-based): [3, 5, 7, 18]
段内检测到的异常时间点索引 (相对段内): []
未检测到任何异常点，将整个段中的时间索引标记为异常
选择的维度数量 (k): 7 (基于真实异常维度数的 100%)
推断的异常维度 (0-based): [0, 1, 2, 3, 4, 5, 6, 7, 10, 15, 16, 17, 18]
真实与推断的交集: [3, 5, 7, 18]
段内指标: TP=4, FP=9, FN=0, TN=6, IPS=1.0000

=== 处理第 7/10 段 ===
原始段范围: orig_start=3066, orig_end=3072
调整后段范围: start=2967, end=2973
段内真实标签 (seg_true): [1. 1. 1. 1. 1. 1. 1.]
段内预测标签 (seg_pred): [False False False False False False False]
段内真实异常时间点索引 (相对段内): [0 1 2 3 4 5 6]
段内是否有预测为异常的时间点: False
真实异常维度 (0-based): [3, 5, 18]
段内检测到的异常时间点索引 (相对段内): []
未检测到任何异常点，将整个段中的时间索引标记为异常
选择的维度数量 (k): 7 (基于真实异常维度数的 100%)
推断的异常维度 (0-based): [0, 1, 2, 3, 4, 5, 6, 7, 8, 10, 18]
真实与推断的交集: [3, 5, 18]
段内指标: TP=3, FP=8, FN=0, TN=8, IPS=1.0000

=== 处理第 8/10 段 ===
原始段范围: orig_start=3596, orig_end=3605
调整后段范围: start=3497, end=3506
段内真实标签 (seg_true): [1. 1. 1. 1. 1. 1. 1. 1. 1. 1.]
段内预测标签 (seg_pred): [False False False False False False False False False False]
段内真实异常时间点索引 (相对段内): [0 1 2 3 4 5 6 7 8 9]
段内是否有预测为异常的时间点: False
真实异常维度 (0-based): [3, 4, 5, 18]
段内检测到的异常时间点索引 (相对段内): []
未检测到任何异常点，将整个段中的时间索引标记为异常
选择的维度数量 (k): 7 (基于真实异常维度数的 100%)
推断的异常维度 (0-based): [0, 1, 2, 3, 4, 5, 6, 7, 16, 18]
真实与推断的交集: [3, 4, 5, 18]
段内指标: TP=4, FP=6, FN=0, TN=9, IPS=1.0000

=== 处理第 9/10 段 ===
原始段范围: orig_start=3610, orig_end=3622
调整后段范围: start=3511, end=3523
段内真实标签 (seg_true): [1. 1. 1. 1. 1. 1. 1. 1. 1. 1. 1. 1. 1.]
段内预测标签 (seg_pred): [ True  True  True  True  True  True  True  True  True  True  True  True
  True]
段内真实异常时间点索引 (相对段内): [ 0  1  2  3  4  5  6  7  8  9 10 11 12]
段内是否有预测为异常的时间点: True
真实异常维度 (0-based): [0, 3, 4]
段内检测到的异常时间点索引 (相对段内): [ 0  1  2  3  4  5  6  7  8  9 10 11 12]
选择的维度数量 (k): 7 (基于真实异常维度数的 100%)
推断的异常维度 (0-based): [0, 1, 2, 3, 4, 5, 6, 7, 8, 10, 16, 18]
真实与推断的交集: [0, 3, 4]
段内指标: TP=3, FP=9, FN=0, TN=7, IPS=1.0000

=== 处理第 10/10 段 ===
原始段范围: orig_start=4159, orig_end=4164
调整后段范围: start=4060, end=4065
段内真实标签 (seg_true): [1. 1. 1. 1. 1. 1.]
段内预测标签 (seg_pred): [ True  True  True  True  True  True]
段内真实异常时间点索引 (相对段内): [0 1 2 3 4 5]
段内是否有预测为异常的时间点: True
真实异常维度 (0-based): [3, 4]
段内检测到的异常时间点索引 (相对段内): [0 1 2 3 4 5]
选择的维度数量 (k): 7 (基于真实异常维度数的 100%)
推断的异常维度 (0-based): [0, 1, 2, 3, 4, 5, 6, 7, 18]
真实与推断的交集: [3, 4]
段内指标: TP=2, FP=7, FN=0, TN=10, IPS=1.0000

=== 汇总指标 ===
总 TP: 35, 总 TN: 71, 总 FP: 75, 总 FN: 9
平均 IPS: 0.8481, Precision: 0.3182, Recall: 0.7955, F1: 0.4545
每段IPS与混淆: [{'original_start': 357, 'original_end': 392, 'start': 258, 'end': 293, 'TP': 2, 'TN': 8, 'FP': 9, 'FN': 0, 'IPS': 1.0, 'k_selected': 7, 'gt_dims_count': 2}, {'original_start': 750, 'original_end': 788, 'start': 651, 'end': 689, 'TP': 8, 'TN': 0, 'FP': 4, 'FN': 7, 'IPS': 0.5333333333333333, 'k_selected': 7, 'gt_dims_count': 15}, {'original_start': 1278, 'original_end': 1293, 'start': 1179, 'end': 1194, 'TP': 4, 'TN': 8, 'FP': 6, 'FN': 1, 'IPS': 0.8, 'k_selected': 7, 'gt_dims_count': 5}, {'original_start': 1590, 'original_end': 1615, 'start': 1491, 'end': 1516, 'TP': 2, 'TN': 7, 'FP': 9, 'FN': 1, 'IPS': 0.6666666666666666, 'k_selected': 7, 'gt_dims_count': 3}, {'original_start': 2592, 'original_end': 2604, 'start': 2493, 'end': 2505, 'TP': 3, 'TN': 8, 'FP': 8, 'FN': 0, 'IPS': 1.0, 'k_selected': 7, 'gt_dims_count': 3}, {'original_start': 2734, 'original_end': 2765, 'start': 2635, 'end': 2666, 'TP': 4, 'TN': 6, 'FP': 9, 'FN': 0, 'IPS': 1.0, 'k_selected': 7, 'gt_dims_count': 4}, {'original_start': 3066, 'original_end': 3072, 'start': 2967, 'end': 2973, 'TP': 3, 'TN': 8, 'FP': 8, 'FN': 0, 'IPS': 1.0, 'k_selected': 7, 'gt_dims_count': 3}, {'original_start': 3596, 'original_end': 3605, 'start': 3497, 'end': 3506, 'TP': 4, 'TN': 9, 'FP': 6, 'FN': 0, 'IPS': 1.0, 'k_selected': 7, 'gt_dims_count': 4}, {'original_start': 3610, 'original_end': 3622, 'start': 3511, 'end': 3523, 'TP': 3, 'TN': 7, 'FP': 9, 'FN': 0, 'IPS': 1.0, 'k_selected': 7, 'gt_dims_count': 3}, {'original_start': 4159, 'original_end': 4164, 'start': 4060, 'end': 4065, 'TP': 2, 'TN': 10, 'FP': 7, 'FN': 0, 'IPS': 1.0, 'k_selected': 7, 'gt_dims_count': 2}]

总和: {'TP': 35, 'TN': 71, 'FP': 75, 'FN': 9, 'IPS': 0.8481481481481482, 'precision': 0.3181818181818182, 'recall': 0.7954545454545454, 'F1': 0.45454545454545453}
test end time:  2025-06-22 17:14:36
test time:  156.60209465026855
==============================result==============================
{'FN': 23.0,
 'FP': 57.0,
 'TN': 3966.0,
 'TP': 175.0,
 'best-f1': 0.8139484818042619,
 'best_valid_loss': -6.022340524802713,
 'dataset': 'omi-6',
 'latency': 7.49990625117186,
 'pot-FN': 124.0,
 'pot-FP': 39.0,
 'pot-TN': 3984.0,
 'pot-TP': 74.0,
 'pot-f1': 0.4758795873113994,
 'pot-latency': 4.49988750281243,
 'pot-precision': 0.6548671986843186,
 'pot-recall': 0.37373735486174975,
 'pot-threshold': -51.37475822714045,
 'precision': 0.7543103123142106,
 'pred_time': 0.5497443732093362,
 'pred_total_time': 46.80524516105652,
 'recall': 0.8838383392000838,
 'segment_results': [{'FN': 0,
                      'FP': 9,
                      'IPS': 1.0,
                      'TN': 8,
                      'TP': 2,
                      'end': 293,
                      'gt_dims_count': 2,
                      'k_selected': 7,
                      'original_end': 392,
                      'original_start': 357,
                      'start': 258},
                     {'FN': 7,
                      'FP': 4,
                      'IPS': 0.5333333333333333,
                      'TN': 0,
                      'TP': 8,
                      'end': 689,
                      'gt_dims_count': 15,
                      'k_selected': 7,
                      'original_end': 788,
                      'original_start': 750,
                      'start': 651},
                     {'FN': 1,
                      'FP': 6,
                      'IPS': 0.8,
                      'TN': 8,
                      'TP': 4,
                      'end': 1194,
                      'gt_dims_count': 5,
                      'k_selected': 7,
                      'original_end': 1293,
                      'original_start': 1278,
                      'start': 1179},
                     {'FN': 1,
                      'FP': 9,
                      'IPS': 0.6666666666666666,
                      'TN': 7,
                      'TP': 2,
                      'end': 1516,
                      'gt_dims_count': 3,
                      'k_selected': 7,
                      'original_end': 1615,
                      'original_start': 1590,
                      'start': 1491},
                     {'FN': 0,
                      'FP': 8,
                      'IPS': 1.0,
                      'TN': 8,
                      'TP': 3,
                      'end': 2505,
                      'gt_dims_count': 3,
                      'k_selected': 7,
                      'original_end': 2604,
                      'original_start': 2592,
                      'start': 2493},
                     {'FN': 0,
                      'FP': 9,
                      'IPS': 1.0,
                      'TN': 6,
                      'TP': 4,
                      'end': 2666,
                      'gt_dims_count': 4,
                      'k_selected': 7,
                      'original_end': 2765,
                      'original_start': 2734,
                      'start': 2635},
                     {'FN': 0,
                      'FP': 8,
                      'IPS': 1.0,
                      'TN': 8,
                      'TP': 3,
                      'end': 2973,
                      'gt_dims_count': 3,
                      'k_selected': 7,
                      'original_end': 3072,
                      'original_start': 3066,
                      'start': 2967},
                     {'FN': 0,
                      'FP': 6,
                      'IPS': 1.0,
                      'TN': 9,
                      'TP': 4,
                      'end': 3506,
                      'gt_dims_count': 4,
                      'k_selected': 7,
                      'original_end': 3605,
                      'original_start': 3596,
                      'start': 3497},
                     {'FN': 0,
                      'FP': 9,
                      'IPS': 1.0,
                      'TN': 7,
                      'TP': 3,
                      'end': 3523,
                      'gt_dims_count': 3,
                      'k_selected': 7,
                      'original_end': 3622,
                      'original_start': 3610,
                      'start': 3511},
                     {'FN': 0,
                      'FP': 7,
                      'IPS': 1.0,
                      'TN': 10,
                      'TP': 2,
                      'end': 4065,
                      'gt_dims_count': 2,
                      'k_selected': 7,
                      'original_end': 4164,
                      'original_start': 4159,
                      'start': 4060}],
 'segment_summary': {'F1': 0.45454545454545453,
                     'FN': 9,
                     'FP': 75,
                     'IPS': 0.8481481481481482,
                     'TN': 71,
                     'TP': 35,
                     'precision': 0.3181818181818182,
                     'recall': 0.7954545454545454},
 'threshold': -38.0,
 'train_time': 144.06128656864166,
 'valid_time': 0.5621118068695068}
