2025-06-06 04:14:30.238353: I tensorflow/core/platform/cpu_feature_guard.cc:141] Your CPU supports instructions that this TensorFlow binary was not compiled to use: AVX2 AVX512F FMA
Configurations
===========================================
{'batch_size': 50,
 'bf_search_max': 400.0,
 'bf_search_min': -400.0,
 'bf_search_step_size': 1.0,
 'dataset': 'machine-3-8',
 'dense_dim': 500,
 'early_stop': True,
 'get_score_on_dim': True,
 'gradient_clip_norm': 10.0,
 'initial_lr': 0.001,
 'l2_reg': 0.0001,
 'level': 0.01,
 'lr_anneal_epoch_freq': 40,
 'lr_anneal_factor': 0.5,
 'lr_anneal_step_freq': None,
 'max_epoch': 5,
 'max_test_size': None,
 'max_train_size': None,
 'nf_layers': 20,
 'posterior_flow_type': 'nf',
 'restore_dir': None,
 'result_dir': 'result',
 'rnn_cell': 'GRU',
 'rnn_num_hidden': 500,
 'save_dir': 'model',
 'save_z': False,
 'std_epsilon': 0.0001,
 'test_batch_size': 50,
 'test_n_z': 1,
 'test_score_filename': 'test_score.pkl',
 'test_start': 0,
 'train_score_filename': 'train_score.pkl',
 'train_start': 0,
 'use_connected_z_p': True,
 'use_connected_z_q': True,
 'valid_step_freq': 100,
 'window_length': 100,
 'x_dim': 38,
 'z_dim': 3}

train start time:  2025-06-06 04:13:53
load data of: machine-3-8
train:  0 None
test:  0 None
Data normalized
Data normalized
train set shape:  (28703, 38)
test set shape:  (28704, 38)
test set label shape:  (28704,)
Trainable Parameters                                            (2,607,740 in total)
------------------------------------------------------------------------------------
model/q_z_given_x/rnn_q_z/rnn/gru_cell/gates/kernel             (538, 1000)  538,000
model/q_z_given_x/rnn_q_z/rnn/gru_cell/gates/bias               (1000,)        1,000
model/q_z_given_x/rnn_q_z/rnn/gru_cell/candidate/kernel         (538, 500)   269,000
model/q_z_given_x/rnn_q_z/rnn/gru_cell/candidate/bias           (500,)           500
model/q_z_given_x/rnn_q_z/dense/kernel                          (500, 500)   250,000
model/q_z_given_x/rnn_q_z/dense/bias                            (500,)           500
model/q_z_given_x/rnn_q_z/dense_1/kernel                        (500, 500)   250,000
model/q_z_given_x/rnn_q_z/dense_1/bias                          (500,)           500
model/vae/variational/z_mean/kernel                             (503, 3)       1,509
model/vae/variational/z_mean/bias                               (3,)               3
model/vae/variational/z_std/kernel                              (503, 3)       1,509
model/vae/variational/z_std/bias                                (3,)               3
model/posterior_flow/_0/w                                       (1, 3)             3
model/posterior_flow/_0/b                                       (1,)               1
model/posterior_flow/_0/u                                       (1, 3)             3
model/posterior_flow/_1/w                                       (1, 3)             3
model/posterior_flow/_1/b                                       (1,)               1
model/posterior_flow/_1/u                                       (1, 3)             3
model/posterior_flow/_2/w                                       (1, 3)             3
model/posterior_flow/_2/b                                       (1,)               1
model/posterior_flow/_2/u                                       (1, 3)             3
model/posterior_flow/_3/w                                       (1, 3)             3
model/posterior_flow/_3/b                                       (1,)               1
model/posterior_flow/_3/u                                       (1, 3)             3
model/posterior_flow/_4/w                                       (1, 3)             3
model/posterior_flow/_4/b                                       (1,)               1
model/posterior_flow/_4/u                                       (1, 3)             3
model/posterior_flow/_5/w                                       (1, 3)             3
model/posterior_flow/_5/b                                       (1,)               1
model/posterior_flow/_5/u                                       (1, 3)             3
model/posterior_flow/_6/w                                       (1, 3)             3
model/posterior_flow/_6/b                                       (1,)               1
model/posterior_flow/_6/u                                       (1, 3)             3
model/posterior_flow/_7/w                                       (1, 3)             3
model/posterior_flow/_7/b                                       (1,)               1
model/posterior_flow/_7/u                                       (1, 3)             3
model/posterior_flow/_8/w                                       (1, 3)             3
model/posterior_flow/_8/b                                       (1,)               1
model/posterior_flow/_8/u                                       (1, 3)             3
model/posterior_flow/_9/w                                       (1, 3)             3
model/posterior_flow/_9/b                                       (1,)               1
model/posterior_flow/_9/u                                       (1, 3)             3
model/posterior_flow/_10/w                                      (1, 3)             3
model/posterior_flow/_10/b                                      (1,)               1
model/posterior_flow/_10/u                                      (1, 3)             3
model/posterior_flow/_11/w                                      (1, 3)             3
model/posterior_flow/_11/b                                      (1,)               1
model/posterior_flow/_11/u                                      (1, 3)             3
model/posterior_flow/_12/w                                      (1, 3)             3
model/posterior_flow/_12/b                                      (1,)               1
model/posterior_flow/_12/u                                      (1, 3)             3
model/posterior_flow/_13/w                                      (1, 3)             3
model/posterior_flow/_13/b                                      (1,)               1
model/posterior_flow/_13/u                                      (1, 3)             3
model/posterior_flow/_14/w                                      (1, 3)             3
model/posterior_flow/_14/b                                      (1,)               1
model/posterior_flow/_14/u                                      (1, 3)             3
model/posterior_flow/_15/w                                      (1, 3)             3
model/posterior_flow/_15/b                                      (1,)               1
model/posterior_flow/_15/u                                      (1, 3)             3
model/posterior_flow/_16/w                                      (1, 3)             3
model/posterior_flow/_16/b                                      (1,)               1
model/posterior_flow/_16/u                                      (1, 3)             3
model/posterior_flow/_17/w                                      (1, 3)             3
model/posterior_flow/_17/b                                      (1,)               1
model/posterior_flow/_17/u                                      (1, 3)             3
model/posterior_flow/_18/w                                      (1, 3)             3
model/posterior_flow/_18/b                                      (1,)               1
model/posterior_flow/_18/u                                      (1, 3)             3
model/posterior_flow/_19/w                                      (1, 3)             3
model/posterior_flow/_19/b                                      (1,)               1
model/posterior_flow/_19/u                                      (1, 3)             3
model/p_x_given_z/hidden/rnn_p_x/rnn/gru_cell/gates/kernel      (503, 1000)  503,000
model/p_x_given_z/hidden/rnn_p_x/rnn/gru_cell/gates/bias        (1000,)        1,000
model/p_x_given_z/hidden/rnn_p_x/rnn/gru_cell/candidate/kernel  (503, 500)   251,500
model/p_x_given_z/hidden/rnn_p_x/rnn/gru_cell/candidate/bias    (500,)           500
model/p_x_given_z/hidden/rnn_p_x/dense/kernel                   (500, 500)   250,000
model/p_x_given_z/hidden/rnn_p_x/dense/bias                     (500,)           500
model/p_x_given_z/hidden/rnn_p_x/dense_1/kernel                 (500, 500)   250,000
model/p_x_given_z/hidden/rnn_p_x/dense_1/bias                   (500,)           500
model/p_x_given_z/x_mean/kernel                                 (500, 38)     19,000
model/p_x_given_z/x_mean/bias                                   (38,)             38
model/p_x_given_z/x_std/kernel                                  (500, 38)     19,000
model/p_x_given_z/x_std/bias                                    (38,)             38/home/hz/anaconda3/envs/py36/lib/python3.6/site-packages/tensorflow/python/framework/dtypes.py:523: FutureWarning: Passing (type, 1) or '1type' as a synonym of type is deprecated; in a future version of numpy, it will be understood as (type, (1,)) / '(1,)type'.
  _np_qint8 = np.dtype([("qint8", np.int8, 1)])
/home/hz/anaconda3/envs/py36/lib/python3.6/site-packages/tensorflow/python/framework/dtypes.py:524: FutureWarning: Passing (type, 1) or '1type' as a synonym of type is deprecated; in a future version of numpy, it will be understood as (type, (1,)) / '(1,)type'.
  _np_quint8 = np.dtype([("quint8", np.uint8, 1)])
/home/hz/anaconda3/envs/py36/lib/python3.6/site-packages/tensorflow/python/framework/dtypes.py:525: FutureWarning: Passing (type, 1) or '1type' as a synonym of type is deprecated; in a future version of numpy, it will be understood as (type, (1,)) / '(1,)type'.
  _np_qint16 = np.dtype([("qint16", np.int16, 1)])
/home/hz/anaconda3/envs/py36/lib/python3.6/site-packages/tensorflow/python/framework/dtypes.py:526: FutureWarning: Passing (type, 1) or '1type' as a synonym of type is deprecated; in a future version of numpy, it will be understood as (type, (1,)) / '(1,)type'.
  _np_quint16 = np.dtype([("quint16", np.uint16, 1)])
/home/hz/anaconda3/envs/py36/lib/python3.6/site-packages/tensorflow/python/framework/dtypes.py:527: FutureWarning: Passing (type, 1) or '1type' as a synonym of type is deprecated; in a future version of numpy, it will be understood as (type, (1,)) / '(1,)type'.
  _np_qint32 = np.dtype([("qint32", np.int32, 1)])
/home/hz/anaconda3/envs/py36/lib/python3.6/site-packages/tensorflow/python/framework/dtypes.py:532: FutureWarning: Passing (type, 1) or '1type' as a synonym of type is deprecated; in a future version of numpy, it will be understood as (type, (1,)) / '(1,)type'.
  np_resource = np.dtype([("resource", np.ubyte, 1)])
/home/hz/anaconda3/envs/py36/lib/python3.6/site-packages/tfsnippet/utils/tfver.py:22: DeprecationWarning: Function 'semver.compare' is deprecated. Deprecated since version 2.10.0.  This function will be removed in semver 3. Use the respective 'semver.VersionInfo.compare' instead.
  compare_result = semver.compare(version, tf.__version__)
/home/hz/anaconda3/envs/py36/lib/python3.6/site-packages/tfsnippet/utils/tfver.py:22: DeprecationWarning: Function 'semver.compare' is deprecated. Deprecated since version 2.10.0.  This function will be removed in semver 3. Use the respective 'semver.VersionInfo.compare' instead.
  compare_result = semver.compare(version, tf.__version__)
INFO:tensorflow:Restoring parameters from /tmp/tmpe2b5vyb9/variables.dat-1700
2025-06-06 05:45:51,991 [INFO] tensorflow: Restoring parameters from /tmp/tmpe2b5vyb9/variables.dat-1700
  0%|          | 0/28605 [00:00<?, ?it/s]100%|██████████| 28605/28605 [00:00<00:00, 318354.83it/s]

train_values: (20093, 38)
[Epoch 1/5, Step 100] step time: 2.839s (±15.06s); train time: 2m 15.88s; valid time: 2m 28.15s; loss: 1170.15 (±8355.78); valid loss: -40.0872 (*)
[Epoch 1/5, Step 200] step time: 2.667s (±14.55s); train time: 2m 0.6701s; valid time: 2m 26.14s; loss: -51.8456 (±19.1536); valid loss: -56.7708 (*)
[Epoch 1/5, Step 300] step time: 2.747s (±15.05s); train time: 2m 3.667s; valid time: 2m 31.16s; loss: -58.4135 (±7.8814); valid loss: -56.7894 (*)
train_values: (20093, 38)
[Epoch 2/5, Step 400, ETA 1h 14m 2.742s] step time: 2.883s (±15.48s); train time: 1.647s; valid time: 2m 35.42s; loss: -61.3416 (±6.34597); valid loss: -55.9144
[Epoch 2/5, Step 500, ETA 1h 9m 55.46s] step time: 2.889s (±15.35s); train time: 2m 14.35s; valid time: 2m 34.65s; loss: -62.7897 (±5.16086); valid loss: -51.999
[Epoch 2/5, Step 600, ETA 1h 5m 32.64s] step time: 2.882s (±15.56s); train time: 2m 11.54s; valid time: 2m 36.75s; loss: -64.4687 (±5.2566); valid loss: -63.8902 (*)
[Epoch 2/5, Step 700, ETA 1h 1m 12.61s] step time: 2.936s (±15.74s); train time: 2m 15.62s; valid time: 2m 38.12s; loss: -67.1727 (±4.73455); valid loss: -61.0054
train_values: (20093, 38)
[Epoch 3/5, Step 800, ETA 56m 41.82s] step time: 2.918s (±15.76s); train time: 2.786s; valid time: 2m 38.26s; loss: -67.3904 (±8.27398); valid loss: -63.8764
[Epoch 3/5, Step 900, ETA 52m 16.86s] step time: 3.008s (±16.18s); train time: 2m 18.53s; valid time: 2m 42.34s; loss: -67.6609 (±5.70552); valid loss: -66.7857 (*)
[Epoch 3/5, Step 1000, ETA 47m 19.28s] step time: 2.752s (±14.18s); train time: 2m 12.82s; valid time: 2m 22.49s; loss: -66.233 (±6.97543); valid loss: -56.302
[Epoch 3/5, Step 1100, ETA 41m 58.86s] step time: 2.422s (±12.9s); train time: 1m 52.84s; valid time: 2m 9.416s; loss: -69.7926 (±4.59113); valid loss: -65.2019
train_values: (20093, 38)
[Epoch 4/5, Step 1200, ETA 37m 3.461s] step time: 2.602s (±14.69s); train time: 3.284s; valid time: 2m 27.41s; loss: -70.7741 (±4.41552); valid loss: -70.0496 (*)
[Epoch 4/5, Step 1300, ETA 32m 30.71s] step time: 2.925s (±15.56s); train time: 2m 16.4s; valid time: 2m 36.24s; loss: -72.3557 (±5.10302); valid loss: -57.1129
[Epoch 4/5, Step 1400, ETA 27m 54.33s] step time: 2.907s (±15.26s); train time: 2m 17.47s; valid time: 2m 33.32s; loss: -70.6093 (±6.34447); valid loss: -66.8308
[Epoch 4/5, Step 1500, ETA 23m 5.625s] step time: 2.592s (±13.59s); train time: 2m 2.62s; valid time: 2m 16.65s; loss: -70.3157 (±8.72555); valid loss: -44.0513
train_values: (20093, 38)
[Epoch 5/5, Step 1600, ETA 18m 24.68s] step time: 2.755s (±14.94s); train time: 4.759s; valid time: 2m 30.58s; loss: -71.5665 (±5.64528); valid loss: -66.1319
[Epoch 5/5, Step 1700, ETA 13m 47.61s] step time: 2.945s (±15.92s); train time: 2m 14.53s; valid time: 2m 40.12s; loss: -70.5776 (±11.3445); valid loss: -73.436 (*)
[Epoch 5/5, Step 1800, ETA 9m 8.102s] step time: 2.9s (±15.28s); train time: 2m 16.04s; valid time: 2m 34.06s; loss: -71.8247 (±8.5054); valid loss: -67.3945
[Epoch 5/5, Step 1900, ETA 4m 27.41s] step time: 2.887s (±15.69s); train time: 2m 11.09s; valid time: 2m 37.74s; loss: -73.0486 (±4.569); valid loss: -70.8179
train end time:  2025-06-06 05:45:52
train time:  5519.182612657547
test start time:  2025-06-06 05:45:52
------------------------------ testing ------------------------------
test_score shape:  (28605, 38)
test_z shape:  (28605, 100, 6)
search range:  -400.0 400.0
cur thr:  -399.0 [0.3111286553480876, 0.18422467053987548, 0.999999992706054, 1371.0, 21163.0, 6071.0, 0.0, 1.166647222546291] [0.3111286553480876, 0.18422467053987548, 0.999999992706054, 1371.0, 21163.0, 6071.0, 0.0, 1.166647222546291] -399.0
cur thr:  -349.0 [0.308399145452264, 0.18231382954479544, 0.999999992706054, 1371.0, 21085.0, 6149.0, 0.0, 1.166647222546291] [0.3111286553480876, 0.18422467053987548, 0.999999992706054, 1371.0, 21163.0, 6071.0, 0.0, 1.166647222546291] -399.0
cur thr:  -299.0 [0.30415715409249006, 0.17935635769314973, 0.999999992706054, 1371.0, 20961.0, 6273.0, 0.0, 0.6666555557407376] [0.3111286553480876, 0.18422467053987548, 0.999999992706054, 1371.0, 21163.0, 6071.0, 0.0, 1.166647222546291] -399.0
cur thr:  -249.0 [0.29957136254396804, 0.17617579005888487, 0.999999992706054, 1371.0, 20823.0, 6411.0, 0.0, 0.6666555557407376] [0.3111286553480876, 0.18422467053987548, 0.999999992706054, 1371.0, 21163.0, 6071.0, 0.0, 1.166647222546291] -399.0
cur thr:  -199.0 [0.2952807045688584, 0.1732154135524758, 0.999999992706054, 1371.0, 20690.0, 6544.0, 0.0, 0.6666555557407376] [0.3111286553480876, 0.18422467053987548, 0.999999992706054, 1371.0, 21163.0, 6071.0, 0.0, 1.166647222546291] -399.0
cur thr:  -149.0 [0.29027911858515687, 0.1697832815234882, 0.999999992706054, 1371.0, 20530.0, 6704.0, 0.0, 0.6666555557407376] [0.3111286553480876, 0.18422467053987548, 0.999999992706054, 1371.0, 21163.0, 6071.0, 0.0, 1.166647222546291] -399.0
cur thr:  -99.0 [0.283731008331194, 0.16532014932434566, 0.999999992706054, 1371.0, 20312.0, 6922.0, 0.0, 0.49999166680555324] [0.3111286553480876, 0.18422467053987548, 0.999999992706054, 1371.0, 21163.0, 6071.0, 0.0, 1.166647222546291] -399.0
cur thr:  -49.0 [0.274472105881837, 0.15906717698217057, 0.999999992706054, 1371.0, 19986.0, 7248.0, 0.0, 0.1666638889351844] [0.3111286553480876, 0.18422467053987548, 0.999999992706054, 1371.0, 21163.0, 6071.0, 0.0, 1.166647222546291] -399.0
cur thr:  1.0 [0.2590925188713135, 0.1488276159912857, 0.999999992706054, 1371.0, 19393.0, 7841.0, 0.0, 0.0] [0.3111286553480876, 0.18422467053987548, 0.999999992706054, 1371.0, 21163.0, 6071.0, 0.0, 1.166647222546291] -399.0
cur thr:  51.0 [0.22488113334420787, 0.12668637948005324, 0.999999992706054, 1371.0, 17783.0, 9451.0, 0.0, 0.0] [0.3111286553480876, 0.18422467053987548, 0.999999992706054, 1371.0, 21163.0, 6071.0, 0.0, 1.166647222546291] -399.0
cur thr:  101.0 [0.09147230559505398, 0.047928683779783716, 0.999999992706054, 1371.0, 0.0, 27234.0, 0.0, 0.0] [0.3111286553480876, 0.18422467053987548, 0.999999992706054, 1371.0, 21163.0, 6071.0, 0.0, 1.166647222546291] -399.0
cur thr:  151.0 [0.09147230559505398, 0.047928683779783716, 0.999999992706054, 1371.0, 0.0, 27234.0, 0.0, 0.0] [0.3111286553480876, 0.18422467053987548, 0.999999992706054, 1371.0, 21163.0, 6071.0, 0.0, 1.166647222546291] -399.0
cur thr:  201.0 [0.09147230559505398, 0.047928683779783716, 0.999999992706054, 1371.0, 0.0, 27234.0, 0.0, 0.0] [0.3111286553480876, 0.18422467053987548, 0.999999992706054, 1371.0, 21163.0, 6071.0, 0.0, 1.166647222546291] -399.0
cur thr:  251.0 [0.09147230559505398, 0.047928683779783716, 0.999999992706054, 1371.0, 0.0, 27234.0, 0.0, 0.0] [0.3111286553480876, 0.18422467053987548, 0.999999992706054, 1371.0, 21163.0, 6071.0, 0.0, 1.166647222546291] -399.0
cur thr:  301.0 [0.09147230559505398, 0.047928683779783716, 0.999999992706054, 1371.0, 0.0, 27234.0, 0.0, 0.0] [0.3111286553480876, 0.18422467053987548, 0.999999992706054, 1371.0, 21163.0, 6071.0, 0.0, 1.166647222546291] -399.0
cur thr:  351.0 [0.09147230559505398, 0.047928683779783716, 0.999999992706054, 1371.0, 0.0, 27234.0, 0.0, 0.0] [0.3111286553480876, 0.18422467053987548, 0.999999992706054, 1371.0, 21163.0, 6071.0, 0.0, 1.166647222546291] -399.0
[0.3111286553480876, 0.18422467053987548, 0.999999992706054, 1371.0, 21163.0, 6071.0, 0.0, 1.166647222546291] -399.0
Initial threshold : 1.2111301
Number of peaks : 286
Grimshaw maximum log-likelihood estimation ... [done]
	γ = 0
	σ = 217.70378
	L = 1825.5767062718446
Extreme quantile (probability = 0.001): 502.46216530358254
8527
28605
POT result:  (0.2599768786689936, 0.14941150811964746, 0.999999992706054, 1371.0, 19429.0, 7805.0, 0.0) -1.3337925175354446 0.0
每段IPS与混淆: [{'start': 15144, 'end': 15266, 'TP': 3, 'TN': 14, 'FP': 12, 'FN': 9, 'IPS': 0.25}, {'start': 15941, 'end': 16514, 'TP': 2, 'TN': 15, 'FP': 12, 'FN': 9, 'IPS': 0.18181818181818182}, {'start': 17063, 'end': 17276, 'TP': 21, 'TN': 0, 'FP': 17, 'FN': 0, 'IPS': 1.0}, {'start': 21405, 'end': 21548, 'TP': 0, 'TN': 30, 'FP': 4, 'FN': 4, 'IPS': 0.0}, {'start': 23478, 'end': 23781, 'TP': 0, 'TN': 27, 'FP': 6, 'FN': 5, 'IPS': 0.0}, {'start': 28253, 'end': 28270, 'TP': 0, 'TN': 32, 'FP': 3, 'FN': 3, 'IPS': 0.0}]

总和: {'TP': 26, 'TN': 118, 'FP': 54, 'FN': 30, 'IPS': 0.2535320525516604, 'precision': 0.325, 'recall': 0.4642857142857143, 'F1': 0.3823529411764706}
test end time:  2025-06-06 06:02:08
test time:  976.0905466079712
==============================result==============================
{'FN': 0.0,
 'FP': 6071.0,
 'TN': 21163.0,
 'TP': 1371.0,
 'best-f1': 0.3111286553480876,
 'best_valid_loss': -73.43595148356343,
 'latency': 1.166647222546291,
 'pot-FN': 0.0,
 'pot-FP': 7805.0,
 'pot-TN': 19429.0,
 'pot-TP': 1371.0,
 'pot-f1': 0.2599768786689936,
 'pot-latency': 0.0,
 'pot-precision': 0.14941150811964746,
 'pot-recall': 0.999999992706054,
 'pot-threshold': -1.3337925175354446,
 'precision': 0.18422467053987548,
 'pred_time': 0.8071169166664802,
 'pred_total_time': 463.0794188976288,
 'recall': 0.999999992706054,
 'segment_results': [{'FN': 9,
                      'FP': 12,
                      'IPS': 0.25,
                      'TN': 14,
                      'TP': 3,
                      'end': 15266,
                      'start': 15144},
                     {'FN': 9,
                      'FP': 12,
                      'IPS': 0.18181818181818182,
                      'TN': 15,
                      'TP': 2,
                      'end': 16514,
                      'start': 15941},
                     {'FN': 0,
                      'FP': 17,
                      'IPS': 1.0,
                      'TN': 0,
                      'TP': 21,
                      'end': 17276,
                      'start': 17063},
                     {'FN': 4,
                      'FP': 4,
                      'IPS': 0.0,
                      'TN': 30,
                      'TP': 0,
                      'end': 21548,
                      'start': 21405},
                     {'FN': 5,
                      'FP': 6,
                      'IPS': 0.0,
                      'TN': 27,
                      'TP': 0,
                      'end': 23781,
                      'start': 23478},
                     {'FN': 3,
                      'FP': 3,
                      'IPS': 0.0,
                      'TN': 32,
                      'TP': 0,
                      'end': 28270,
                      'start': 28253}],
 'segment_summary': {'F1': 0.3823529411764706,
                     'FN': 30,
                     'FP': 54,
                     'IPS': 0.2535320525516604,
                     'TN': 118,
                     'TP': 26,
                     'precision': 0.325,
                     'recall': 0.4642857142857143},
 'threshold': -399.0,
 'train_time': 1096.4763780593871,
 'valid_time': 0.8752275283023297}
