2025-06-06 06:03:22.911115: I tensorflow/core/platform/cpu_feature_guard.cc:141] Your CPU supports instructions that this TensorFlow binary was not compiled to use: AVX2 AVX512F FMA
Configurations
===========================================
{'batch_size': 50,
 'bf_search_max': 400.0,
 'bf_search_min': -400.0,
 'bf_search_step_size': 1.0,
 'dataset': 'machine-3-10',
 'dense_dim': 500,
 'early_stop': True,
 'get_score_on_dim': True,
 'gradient_clip_norm': 10.0,
 'initial_lr': 0.001,
 'l2_reg': 0.0001,
 'level': 0.01,
 'lr_anneal_epoch_freq': 40,
 'lr_anneal_factor': 0.5,
 'lr_anneal_step_freq': None,
 'max_epoch': 5,
 'max_test_size': None,
 'max_train_size': None,
 'nf_layers': 20,
 'posterior_flow_type': 'nf',
 'restore_dir': None,
 'result_dir': 'result',
 'rnn_cell': 'GRU',
 'rnn_num_hidden': 500,
 'save_dir': 'model',
 'save_z': False,
 'std_epsilon': 0.0001,
 'test_batch_size': 50,
 'test_n_z': 1,
 'test_score_filename': 'test_score.pkl',
 'test_start': 0,
 'train_score_filename': 'train_score.pkl',
 'train_start': 0,
 'use_connected_z_p': True,
 'use_connected_z_q': True,
 'valid_step_freq': 100,
 'window_length': 100,
 'x_dim': 38,
 'z_dim': 3}

train start time:  2025-06-06 06:02:42
load data of: machine-3-10
train:  0 None
test:  0 None
Data normalized
Data normalized
train set shape:  (23692, 38)
test set shape:  (23693, 38)
test set label shape:  (23693,)
Trainable Parameters                                            (2,607,740 in total)
------------------------------------------------------------------------------------
model/q_z_given_x/rnn_q_z/rnn/gru_cell/gates/kernel             (538, 1000)  538,000
model/q_z_given_x/rnn_q_z/rnn/gru_cell/gates/bias               (1000,)        1,000
model/q_z_given_x/rnn_q_z/rnn/gru_cell/candidate/kernel         (538, 500)   269,000
model/q_z_given_x/rnn_q_z/rnn/gru_cell/candidate/bias           (500,)           500
model/q_z_given_x/rnn_q_z/dense/kernel                          (500, 500)   250,000
model/q_z_given_x/rnn_q_z/dense/bias                            (500,)           500
model/q_z_given_x/rnn_q_z/dense_1/kernel                        (500, 500)   250,000
model/q_z_given_x/rnn_q_z/dense_1/bias                          (500,)           500
model/vae/variational/z_mean/kernel                             (503, 3)       1,509
model/vae/variational/z_mean/bias                               (3,)               3
model/vae/variational/z_std/kernel                              (503, 3)       1,509
model/vae/variational/z_std/bias                                (3,)               3
model/posterior_flow/_0/w                                       (1, 3)             3
model/posterior_flow/_0/b                                       (1,)               1
model/posterior_flow/_0/u                                       (1, 3)             3
model/posterior_flow/_1/w                                       (1, 3)             3
model/posterior_flow/_1/b                                       (1,)               1
model/posterior_flow/_1/u                                       (1, 3)             3
model/posterior_flow/_2/w                                       (1, 3)             3
model/posterior_flow/_2/b                                       (1,)               1
model/posterior_flow/_2/u                                       (1, 3)             3
model/posterior_flow/_3/w                                       (1, 3)             3
model/posterior_flow/_3/b                                       (1,)               1
model/posterior_flow/_3/u                                       (1, 3)             3
model/posterior_flow/_4/w                                       (1, 3)             3
model/posterior_flow/_4/b                                       (1,)               1
model/posterior_flow/_4/u                                       (1, 3)             3
model/posterior_flow/_5/w                                       (1, 3)             3
model/posterior_flow/_5/b                                       (1,)               1
model/posterior_flow/_5/u                                       (1, 3)             3
model/posterior_flow/_6/w                                       (1, 3)             3
model/posterior_flow/_6/b                                       (1,)               1
model/posterior_flow/_6/u                                       (1, 3)             3
model/posterior_flow/_7/w                                       (1, 3)             3
model/posterior_flow/_7/b                                       (1,)               1
model/posterior_flow/_7/u                                       (1, 3)             3
model/posterior_flow/_8/w                                       (1, 3)             3
model/posterior_flow/_8/b                                       (1,)               1
model/posterior_flow/_8/u                                       (1, 3)             3
model/posterior_flow/_9/w                                       (1, 3)             3
model/posterior_flow/_9/b                                       (1,)               1
model/posterior_flow/_9/u                                       (1, 3)             3
model/posterior_flow/_10/w                                      (1, 3)             3
model/posterior_flow/_10/b                                      (1,)               1
model/posterior_flow/_10/u                                      (1, 3)             3
model/posterior_flow/_11/w                                      (1, 3)             3
model/posterior_flow/_11/b                                      (1,)               1
model/posterior_flow/_11/u                                      (1, 3)             3
model/posterior_flow/_12/w                                      (1, 3)             3
model/posterior_flow/_12/b                                      (1,)               1
model/posterior_flow/_12/u                                      (1, 3)             3
model/posterior_flow/_13/w                                      (1, 3)             3
model/posterior_flow/_13/b                                      (1,)               1
model/posterior_flow/_13/u                                      (1, 3)             3
model/posterior_flow/_14/w                                      (1, 3)             3
model/posterior_flow/_14/b                                      (1,)               1
model/posterior_flow/_14/u                                      (1, 3)             3
model/posterior_flow/_15/w                                      (1, 3)             3
model/posterior_flow/_15/b                                      (1,)               1
model/posterior_flow/_15/u                                      (1, 3)             3
model/posterior_flow/_16/w                                      (1, 3)             3
model/posterior_flow/_16/b                                      (1,)               1
model/posterior_flow/_16/u                                      (1, 3)             3
model/posterior_flow/_17/w                                      (1, 3)             3
model/posterior_flow/_17/b                                      (1,)               1
model/posterior_flow/_17/u                                      (1, 3)             3
model/posterior_flow/_18/w                                      (1, 3)             3
model/posterior_flow/_18/b                                      (1,)               1
model/posterior_flow/_18/u                                      (1, 3)             3
model/posterior_flow/_19/w                                      (1, 3)             3
model/posterior_flow/_19/b                                      (1,)               1
model/posterior_flow/_19/u                                      (1, 3)             3
model/p_x_given_z/hidden/rnn_p_x/rnn/gru_cell/gates/kernel      (503, 1000)  503,000
model/p_x_given_z/hidden/rnn_p_x/rnn/gru_cell/gates/bias        (1000,)        1,000
model/p_x_given_z/hidden/rnn_p_x/rnn/gru_cell/candidate/kernel  (503, 500)   251,500
model/p_x_given_z/hidden/rnn_p_x/rnn/gru_cell/candidate/bias    (500,)           500
model/p_x_given_z/hidden/rnn_p_x/dense/kernel                   (500, 500)   250,000
model/p_x_given_z/hidden/rnn_p_x/dense/bias                     (500,)           500
model/p_x_given_z/hidden/rnn_p_x/dense_1/kernel                 (500, 500)   250,000
model/p_x_given_z/hidden/rnn_p_x/dense_1/bias                   (500,)           500
model/p_x_given_z/x_mean/kernel                                 (500, 38)     19,000
model/p_x_given_z/x_mean/bias                                   (38,)             38
model/p_x_given_z/x_std/kernel                                  (500, 38)     19,000
model/p_x_given_z/x_std/bias                                    (38,)             38/home/hz/anaconda3/envs/py36/lib/python3.6/site-packages/tensorflow/python/framework/dtypes.py:523: FutureWarning: Passing (type, 1) or '1type' as a synonym of type is deprecated; in a future version of numpy, it will be understood as (type, (1,)) / '(1,)type'.
  _np_qint8 = np.dtype([("qint8", np.int8, 1)])
/home/hz/anaconda3/envs/py36/lib/python3.6/site-packages/tensorflow/python/framework/dtypes.py:524: FutureWarning: Passing (type, 1) or '1type' as a synonym of type is deprecated; in a future version of numpy, it will be understood as (type, (1,)) / '(1,)type'.
  _np_quint8 = np.dtype([("quint8", np.uint8, 1)])
/home/hz/anaconda3/envs/py36/lib/python3.6/site-packages/tensorflow/python/framework/dtypes.py:525: FutureWarning: Passing (type, 1) or '1type' as a synonym of type is deprecated; in a future version of numpy, it will be understood as (type, (1,)) / '(1,)type'.
  _np_qint16 = np.dtype([("qint16", np.int16, 1)])
/home/hz/anaconda3/envs/py36/lib/python3.6/site-packages/tensorflow/python/framework/dtypes.py:526: FutureWarning: Passing (type, 1) or '1type' as a synonym of type is deprecated; in a future version of numpy, it will be understood as (type, (1,)) / '(1,)type'.
  _np_quint16 = np.dtype([("quint16", np.uint16, 1)])
/home/hz/anaconda3/envs/py36/lib/python3.6/site-packages/tensorflow/python/framework/dtypes.py:527: FutureWarning: Passing (type, 1) or '1type' as a synonym of type is deprecated; in a future version of numpy, it will be understood as (type, (1,)) / '(1,)type'.
  _np_qint32 = np.dtype([("qint32", np.int32, 1)])
/home/hz/anaconda3/envs/py36/lib/python3.6/site-packages/tensorflow/python/framework/dtypes.py:532: FutureWarning: Passing (type, 1) or '1type' as a synonym of type is deprecated; in a future version of numpy, it will be understood as (type, (1,)) / '(1,)type'.
  np_resource = np.dtype([("resource", np.ubyte, 1)])
/home/hz/anaconda3/envs/py36/lib/python3.6/site-packages/tfsnippet/utils/tfver.py:22: DeprecationWarning: Function 'semver.compare' is deprecated. Deprecated since version 2.10.0.  This function will be removed in semver 3. Use the respective 'semver.VersionInfo.compare' instead.
  compare_result = semver.compare(version, tf.__version__)
/home/hz/anaconda3/envs/py36/lib/python3.6/site-packages/tfsnippet/utils/tfver.py:22: DeprecationWarning: Function 'semver.compare' is deprecated. Deprecated since version 2.10.0.  This function will be removed in semver 3. Use the respective 'semver.VersionInfo.compare' instead.
  compare_result = semver.compare(version, tf.__version__)
INFO:tensorflow:Restoring parameters from /tmp/tmp4pvngzi_/variables.dat-500
2025-06-06 07:13:12,677 [INFO] tensorflow: Restoring parameters from /tmp/tmp4pvngzi_/variables.dat-500
  0%|          | 0/23594 [00:00<?, ?it/s]100%|██████████| 23594/23594 [00:00<00:00, 616644.91it/s]

train_values: (16585, 38)
[Epoch 1/5, Step 100] step time: 3.167s (±14.77s); train time: 2m 54.28s; valid time: 2m 22.57s; loss: 30308.1 (±298641); valid loss: -48.8961 (*)
[Epoch 1/5, Step 200] step time: 2.65s (±13.07s); train time: 2m 13.78s; valid time: 2m 11.3s; loss: -52.8686 (±7.23986); valid loss: -55.9845 (*)
[Epoch 1/5, Step 300] step time: 2.649s (±13.01s); train time: 2m 14.31s; valid time: 2m 10.64s; loss: -58.5403 (±4.40504); valid loss: -65.1708 (*)
train_values: (16585, 38)
[Epoch 2/5, Step 400, ETA 56m 43.4s] step time: 2.464s (±11.73s); train time: 1m 28.36s; valid time: 1m 57.86s; loss: -60.7814 (±5.71359); valid loss: -54.8061
[Epoch 2/5, Step 500, ETA 50m 57.04s] step time: 2.414s (±12.01s); train time: 2m 0.9912s; valid time: 2m 0.4971s; loss: -61.5773 (±5.6468); valid loss: -70.9696 (*)
[Epoch 2/5, Step 600, ETA 46m 16.37s] step time: 2.59s (±12.56s); train time: 2m 12.87s; valid time: 2m 6.267s; loss: -62.4751 (±6.74942); valid loss: -54.7664
train_values: (16585, 38)
[Epoch 3/5, Step 700, ETA 41m 28.99s] step time: 2.494s (±11.47s); train time: 55.29s; valid time: 1m 55.27s; loss: -62.8643 (±4.39791); valid loss: -67.6561
[Epoch 3/5, Step 800, ETA 36m 58.78s] step time: 2.568s (±12.35s); train time: 2m 12.88s; valid time: 2m 4.038s; loss: -65.1406 (±3.78856); valid loss: -62.863
[Epoch 3/5, Step 900, ETA 32m 18.29s] step time: 2.408s (±11.65s); train time: 2m 3.803s; valid time: 1m 57.13s; loss: -63.9161 (±6.6781); valid loss: -66.3167
train_values: (16585, 38)
[Epoch 4/5, Step 1000, ETA 27m 30.26s] step time: 2.168s (±10.61s); train time: 13.37s; valid time: 1m 46.7s; loss: -53.202 (±29.6276); valid loss: -55.8478
[Epoch 4/5, Step 1100, ETA 23m 3.7s] step time: 2.342s (±12.01s); train time: 1m 53.8s; valid time: 2m 0.4403s; loss: -54.7881 (±22.5768); valid loss: -64.6289
[Epoch 4/5, Step 1200, ETA 18m 54.04s] step time: 2.652s (±12.85s); train time: 2m 15.86s; valid time: 2m 9.44s; loss: -56.8406 (±17.3743); valid loss: -67.4413
[Epoch 4/5, Step 1300, ETA 14m 41.39s] step time: 2.63s (±12.61s); train time: 2m 16.76s; valid time: 2m 6.318s; loss: -63.4585 (±5.95245); valid loss: -62.8661
train_values: (16585, 38)
[Epoch 5/5, Step 1400, ETA 10m 28.12s] step time: 2.68s (±13.17s); train time: 1m 54.3s; valid time: 2m 12.36s; loss: -62.3246 (±9.04492); valid loss: -69.9729
[Epoch 5/5, Step 1500, ETA 6m 12.84s] step time: 2.676s (±12.77s); train time: 2m 19.5s; valid time: 2m 8.164s; loss: -62.2398 (±8.73524); valid loss: -59.953
[Epoch 5/5, Step 1600, ETA 1m 55.89s] step time: 2.635s (±12.86s); train time: 2m 14.37s; valid time: 2m 9.196s; loss: -58.9774 (±9.28903); valid loss: -35.7714
train end time:  2025-06-06 07:13:13
train time:  4230.720300912857
test start time:  2025-06-06 07:13:13
------------------------------ testing ------------------------------
test_score shape:  (23594, 38)
test_z shape:  (23594, 100, 6)
search range:  -400.0 400.0
cur thr:  -399.0 [0.1908477082161689, 0.10549118377280485, 0.9999999904489018, 1047.0, 13669.0, 8878.0, 0.0, 0.3076899408466089] [0.1908477082161689, 0.10549118377280485, 0.9999999904489018, 1047.0, 13669.0, 8878.0, 0.0, 0.3076899408466089] -399.0
cur thr:  -349.0 [0.1803756520902673, 0.09912895275598471, 0.9999999904489018, 1047.0, 13032.0, 9515.0, 0.0, 0.23076745563495665] [0.1908477082161689, 0.10549118377280485, 0.9999999904489018, 1047.0, 13669.0, 8878.0, 0.0, 0.3076899408466089] -399.0
cur thr:  -299.0 [0.16970425752499838, 0.09272051001353125, 0.9999999904489018, 1047.0, 12302.0, 10245.0, 0.0, 0.23076745563495665] [0.1908477082161689, 0.10549118377280485, 0.9999999904489018, 1047.0, 13669.0, 8878.0, 0.0, 0.3076899408466089] -399.0
cur thr:  -249.0 [0.15899625829183614, 0.08636476112648292, 0.9999999904489018, 1047.0, 11471.0, 11076.0, 0.0, 0.23076745563495665] [0.1908477082161689, 0.10549118377280485, 0.9999999904489018, 1047.0, 13669.0, 8878.0, 0.0, 0.3076899408466089] -399.0
cur thr:  -199.0 [0.1481101010004439, 0.07997861119854968, 0.9999999904489018, 1047.0, 10503.0, 12044.0, 0.0, 0.23076745563495665] [0.1908477082161689, 0.10549118377280485, 0.9999999904489018, 1047.0, 13669.0, 8878.0, 0.0, 0.3076899408466089] -399.0
cur thr:  -149.0 [0.13496490303437517, 0.0723666021064649, 0.9999999904489018, 1047.0, 9126.0, 13421.0, 0.0, 0.23076745563495665] [0.1908477082161689, 0.10549118377280485, 0.9999999904489018, 1047.0, 13669.0, 8878.0, 0.0, 0.3076899408466089] -399.0
cur thr:  -99.0 [0.12138312727669083, 0.06461367559577039, 0.9999999904489018, 1047.0, 7390.0, 15157.0, 0.0, 0.23076745563495665] [0.1908477082161689, 0.10549118377280485, 0.9999999904489018, 1047.0, 13669.0, 8878.0, 0.0, 0.3076899408466089] -399.0
cur thr:  -49.0 [0.11080432945829516, 0.05865217631580742, 0.9999999904489018, 1047.0, 5743.0, 16804.0, 0.0, 0.23076745563495665] [0.1908477082161689, 0.10549118377280485, 0.9999999904489018, 1047.0, 13669.0, 8878.0, 0.0, 0.3076899408466089] -399.0
cur thr:  1.0 [0.1024351888585372, 0.05398298527765765, 0.9999999904489018, 1047.0, 4199.0, 18348.0, 0.0, 0.23076745563495665] [0.1908477082161689, 0.10549118377280485, 0.9999999904489018, 1047.0, 13669.0, 8878.0, 0.0, 0.3076899408466089] -399.0
cur thr:  51.0 [0.08497950360115783, 0.044375688715615966, 0.9999999904489018, 1047.0, 0.0, 22547.0, 0.0, 0.0] [0.1908477082161689, 0.10549118377280485, 0.9999999904489018, 1047.0, 13669.0, 8878.0, 0.0, 0.3076899408466089] -399.0
cur thr:  101.0 [0.08497950360115783, 0.044375688715615966, 0.9999999904489018, 1047.0, 0.0, 22547.0, 0.0, 0.0] [0.1908477082161689, 0.10549118377280485, 0.9999999904489018, 1047.0, 13669.0, 8878.0, 0.0, 0.3076899408466089] -399.0
cur thr:  151.0 [0.08497950360115783, 0.044375688715615966, 0.9999999904489018, 1047.0, 0.0, 22547.0, 0.0, 0.0] [0.1908477082161689, 0.10549118377280485, 0.9999999904489018, 1047.0, 13669.0, 8878.0, 0.0, 0.3076899408466089] -399.0
cur thr:  201.0 [0.08497950360115783, 0.044375688715615966, 0.9999999904489018, 1047.0, 0.0, 22547.0, 0.0, 0.0] [0.1908477082161689, 0.10549118377280485, 0.9999999904489018, 1047.0, 13669.0, 8878.0, 0.0, 0.3076899408466089] -399.0
cur thr:  251.0 [0.08497950360115783, 0.044375688715615966, 0.9999999904489018, 1047.0, 0.0, 22547.0, 0.0, 0.0] [0.1908477082161689, 0.10549118377280485, 0.9999999904489018, 1047.0, 13669.0, 8878.0, 0.0, 0.3076899408466089] -399.0
cur thr:  301.0 [0.08497950360115783, 0.044375688715615966, 0.9999999904489018, 1047.0, 0.0, 22547.0, 0.0, 0.0] [0.1908477082161689, 0.10549118377280485, 0.9999999904489018, 1047.0, 13669.0, 8878.0, 0.0, 0.3076899408466089] -399.0
cur thr:  351.0 [0.08497950360115783, 0.044375688715615966, 0.9999999904489018, 1047.0, 0.0, 22547.0, 0.0, 0.0] [0.1908477082161689, 0.10549118377280485, 0.9999999904489018, 1047.0, 13669.0, 8878.0, 0.0, 0.3076899408466089] -399.0
[0.1908477082161689, 0.10549118377280485, 0.9999999904489018, 1047.0, 13669.0, 8878.0, 0.0, 0.3076899408466089] -399.0
Initial threshold : 16.273088
Number of peaks : 235
Grimshaw maximum log-likelihood estimation ... [done]
	γ = 0
	σ = 160.69543
	L = 1428.6850527336887
Extreme quantile (probability = 0.001): 385.6533120207763
18723
23594
POT result:  (0.10584210302507653, 0.055878742565043105, 0.9999999904489018, 1047.0, 4857.0, 17690.0, 0.0) -16.273088 0.23076745563495665
每段IPS与混淆: [{'start': 326, 'end': 329, 'TP': 0, 'TN': 34, 'FP': 2, 'FN': 2, 'IPS': 0.0}, {'start': 2155, 'end': 2228, 'TP': 0, 'TN': 26, 'FP': 7, 'FN': 5, 'IPS': 0.0}, {'start': 2875, 'end': 2951, 'TP': 3, 'TN': 23, 'FP': 7, 'FN': 5, 'IPS': 0.375}, {'start': 3596, 'end': 3599, 'TP': 0, 'TN': 28, 'FP': 5, 'FN': 5, 'IPS': 0.0}, {'start': 6486, 'end': 6498, 'TP': 0, 'TN': 30, 'FP': 4, 'FN': 4, 'IPS': 0.0}, {'start': 7891, 'end': 7901, 'TP': 0, 'TN': 29, 'FP': 5, 'FN': 4, 'IPS': 0.0}, {'start': 9336, 'end': 9347, 'TP': 0, 'TN': 30, 'FP': 4, 'FN': 4, 'IPS': 0.0}, {'start': 10772, 'end': 10782, 'TP': 0, 'TN': 30, 'FP': 4, 'FN': 4, 'IPS': 0.0}, {'start': 12219, 'end': 12228, 'TP': 0, 'TN': 30, 'FP': 4, 'FN': 4, 'IPS': 0.0}, {'start': 13148, 'end': 13441, 'TP': 17, 'TN': 6, 'FP': 13, 'FN': 2, 'IPS': 0.8947368421052632}, {'start': 14655, 'end': 14673, 'TP': 4, 'TN': 16, 'FP': 10, 'FN': 8, 'IPS': 0.3333333333333333}, {'start': 21500, 'end': 21601, 'TP': 6, 'TN': 13, 'FP': 11, 'FN': 8, 'IPS': 0.42857142857142855}, {'start': 21785, 'end': 22213, 'TP': 6, 'TN': 8, 'FP': 16, 'FN': 8, 'IPS': 0.42857142857142855}]

总和: {'TP': 36, 'TN': 303, 'FP': 92, 'FN': 63, 'IPS': 0.4960682957393483, 'precision': 0.28125, 'recall': 0.36363636363636365, 'F1': 0.31718061674008813}
test end time:  2025-06-06 07:27:21
test time:  848.7098240852356
==============================result==============================
{'FN': 0.0,
 'FP': 8878.0,
 'TN': 13669.0,
 'TP': 1047.0,
 'best-f1': 0.1908477082161689,
 'best_valid_loss': -70.96960488955179,
 'latency': 0.3076899408466089,
 'pot-FN': 0.0,
 'pot-FP': 17690.0,
 'pot-TN': 4857.0,
 'pot-TP': 1047.0,
 'pot-f1': 0.10584210302507653,
 'pot-latency': 0.23076745563495665,
 'pot-precision': 0.055878742565043105,
 'pot-recall': 0.9999999904489018,
 'pot-threshold': -16.273088,
 'precision': 0.10549118377280485,
 'pred_time': 0.8446178895942236,
 'pred_total_time': 399.8371419906616,
 'recall': 0.9999999904489018,
 'segment_results': [{'FN': 2,
                      'FP': 2,
                      'IPS': 0.0,
                      'TN': 34,
                      'TP': 0,
                      'end': 329,
                      'start': 326},
                     {'FN': 5,
                      'FP': 7,
                      'IPS': 0.0,
                      'TN': 26,
                      'TP': 0,
                      'end': 2228,
                      'start': 2155},
                     {'FN': 5,
                      'FP': 7,
                      'IPS': 0.375,
                      'TN': 23,
                      'TP': 3,
                      'end': 2951,
                      'start': 2875},
                     {'FN': 5,
                      'FP': 5,
                      'IPS': 0.0,
                      'TN': 28,
                      'TP': 0,
                      'end': 3599,
                      'start': 3596},
                     {'FN': 4,
                      'FP': 4,
                      'IPS': 0.0,
                      'TN': 30,
                      'TP': 0,
                      'end': 6498,
                      'start': 6486},
                     {'FN': 4,
                      'FP': 5,
                      'IPS': 0.0,
                      'TN': 29,
                      'TP': 0,
                      'end': 7901,
                      'start': 7891},
                     {'FN': 4,
                      'FP': 4,
                      'IPS': 0.0,
                      'TN': 30,
                      'TP': 0,
                      'end': 9347,
                      'start': 9336},
                     {'FN': 4,
                      'FP': 4,
                      'IPS': 0.0,
                      'TN': 30,
                      'TP': 0,
                      'end': 10782,
                      'start': 10772},
                     {'FN': 4,
                      'FP': 4,
                      'IPS': 0.0,
                      'TN': 30,
                      'TP': 0,
                      'end': 12228,
                      'start': 12219},
                     {'FN': 2,
                      'FP': 13,
                      'IPS': 0.8947368421052632,
                      'TN': 6,
                      'TP': 17,
                      'end': 13441,
                      'start': 13148},
                     {'FN': 8,
                      'FP': 10,
                      'IPS': 0.3333333333333333,
                      'TN': 16,
                      'TP': 4,
                      'end': 14673,
                      'start': 14655},
                     {'FN': 8,
                      'FP': 11,
                      'IPS': 0.42857142857142855,
                      'TN': 13,
                      'TP': 6,
                      'end': 21601,
                      'start': 21500},
                     {'FN': 8,
                      'FP': 16,
                      'IPS': 0.42857142857142855,
                      'TN': 8,
                      'TP': 6,
                      'end': 22213,
                      'start': 21785}],
 'segment_summary': {'F1': 0.31718061674008813,
                     'FN': 63,
                     'FP': 92,
                     'IPS': 0.4960682957393483,
                     'TN': 303,
                     'TP': 36,
                     'precision': 0.28125,
                     'recall': 0.36363636363636365},
 'threshold': -399.0,
 'train_time': 838.0683153152465,
 'valid_time': 0.8766020967605266}
