2025-06-13 16:32:21.635680: I tensorflow/core/platform/cpu_feature_guard.cc:141] Your CPU supports instructions that this TensorFlow binary was not compiled to use: AVX2 AVX512F FMA
Configurations
===========================================
{'batch_size': 50,
 'bf_search_max': 400.0,
 'bf_search_min': -400.0,
 'bf_search_step_size': 1.0,
 'dataset': 'machine-2-7',
 'dense_dim': 500,
 'early_stop': True,
 'get_score_on_dim': True,
 'gradient_clip_norm': 10.0,
 'initial_lr': 0.001,
 'l2_reg': 0.0001,
 'level': 0.0075,
 'lr_anneal_epoch_freq': 40,
 'lr_anneal_factor': 0.5,
 'lr_anneal_step_freq': None,
 'max_epoch': 10,
 'max_test_size': None,
 'max_train_size': None,
 'nf_layers': 20,
 'posterior_flow_type': 'nf',
 'restore_dir': None,
 'result_dir': 'result',
 'rnn_cell': 'GRU',
 'rnn_num_hidden': 500,
 'save_dir': 'model',
 'save_z': False,
 'std_epsilon': 0.0001,
 'test_batch_size': 50,
 'test_n_z': 1,
 'test_score_filename': 'test_score.pkl',
 'test_start': 0,
 'train_score_filename': 'train_score.pkl',
 'train_start': 0,
 'use_connected_z_p': True,
 'use_connected_z_q': True,
 'valid_step_freq': 100,
 'window_length': 100,
 'x_dim': 38,
 'z_dim': 3}

train start time:  2025-06-13 16:32:07
load data of: machine-2-7
train:  0 None
test:  0 None
Data normalized
Data normalized
train set shape:  (23696, 38)
test set shape:  (23696, 38)
test set label shape:  (23696,)
Trainable Parameters                                            (2,607,740 in total)
------------------------------------------------------------------------------------
model/q_z_given_x/rnn_q_z/rnn/gru_cell/gates/kernel             (538, 1000)  538,000
model/q_z_given_x/rnn_q_z/rnn/gru_cell/gates/bias               (1000,)        1,000
model/q_z_given_x/rnn_q_z/rnn/gru_cell/candidate/kernel         (538, 500)   269,000
model/q_z_given_x/rnn_q_z/rnn/gru_cell/candidate/bias           (500,)           500
model/q_z_given_x/rnn_q_z/dense/kernel                          (500, 500)   250,000
model/q_z_given_x/rnn_q_z/dense/bias                            (500,)           500
model/q_z_given_x/rnn_q_z/dense_1/kernel                        (500, 500)   250,000
model/q_z_given_x/rnn_q_z/dense_1/bias                          (500,)           500
model/vae/variational/z_mean/kernel                             (503, 3)       1,509
model/vae/variational/z_mean/bias                               (3,)               3
model/vae/variational/z_std/kernel                              (503, 3)       1,509
model/vae/variational/z_std/bias                                (3,)               3
model/posterior_flow/_0/w                                       (1, 3)             3
model/posterior_flow/_0/b                                       (1,)               1
model/posterior_flow/_0/u                                       (1, 3)             3
model/posterior_flow/_1/w                                       (1, 3)             3
model/posterior_flow/_1/b                                       (1,)               1
model/posterior_flow/_1/u                                       (1, 3)             3
model/posterior_flow/_2/w                                       (1, 3)             3
model/posterior_flow/_2/b                                       (1,)               1
model/posterior_flow/_2/u                                       (1, 3)             3
model/posterior_flow/_3/w                                       (1, 3)             3
model/posterior_flow/_3/b                                       (1,)               1
model/posterior_flow/_3/u                                       (1, 3)             3
model/posterior_flow/_4/w                                       (1, 3)             3
model/posterior_flow/_4/b                                       (1,)               1
model/posterior_flow/_4/u                                       (1, 3)             3
model/posterior_flow/_5/w                                       (1, 3)             3
model/posterior_flow/_5/b                                       (1,)               1
model/posterior_flow/_5/u                                       (1, 3)             3
model/posterior_flow/_6/w                                       (1, 3)             3
model/posterior_flow/_6/b                                       (1,)               1
model/posterior_flow/_6/u                                       (1, 3)             3
model/posterior_flow/_7/w                                       (1, 3)             3
model/posterior_flow/_7/b                                       (1,)               1
model/posterior_flow/_7/u                                       (1, 3)             3
model/posterior_flow/_8/w                                       (1, 3)             3
model/posterior_flow/_8/b                                       (1,)               1
model/posterior_flow/_8/u                                       (1, 3)             3
model/posterior_flow/_9/w                                       (1, 3)             3
model/posterior_flow/_9/b                                       (1,)               1
model/posterior_flow/_9/u                                       (1, 3)             3
model/posterior_flow/_10/w                                      (1, 3)             3
model/posterior_flow/_10/b                                      (1,)               1
model/posterior_flow/_10/u                                      (1, 3)             3
model/posterior_flow/_11/w                                      (1, 3)             3
model/posterior_flow/_11/b                                      (1,)               1
model/posterior_flow/_11/u                                      (1, 3)             3
model/posterior_flow/_12/w                                      (1, 3)             3
model/posterior_flow/_12/b                                      (1,)               1
model/posterior_flow/_12/u                                      (1, 3)             3
model/posterior_flow/_13/w                                      (1, 3)             3
model/posterior_flow/_13/b                                      (1,)               1
model/posterior_flow/_13/u                                      (1, 3)             3
model/posterior_flow/_14/w                                      (1, 3)             3
model/posterior_flow/_14/b                                      (1,)               1
model/posterior_flow/_14/u                                      (1, 3)             3
model/posterior_flow/_15/w                                      (1, 3)             3
model/posterior_flow/_15/b                                      (1,)               1
model/posterior_flow/_15/u                                      (1, 3)             3
model/posterior_flow/_16/w                                      (1, 3)             3
model/posterior_flow/_16/b                                      (1,)               1
model/posterior_flow/_16/u                                      (1, 3)             3
model/posterior_flow/_17/w                                      (1, 3)             3
model/posterior_flow/_17/b                                      (1,)               1
model/posterior_flow/_17/u                                      (1, 3)             3
model/posterior_flow/_18/w                                      (1, 3)             3
model/posterior_flow/_18/b                                      (1,)               1
model/posterior_flow/_18/u                                      (1, 3)             3
model/posterior_flow/_19/w                                      (1, 3)             3
model/posterior_flow/_19/b                                      (1,)               1
model/posterior_flow/_19/u                                      (1, 3)             3
model/p_x_given_z/hidden/rnn_p_x/rnn/gru_cell/gates/kernel      (503, 1000)  503,000
model/p_x_given_z/hidden/rnn_p_x/rnn/gru_cell/gates/bias        (1000,)        1,000
model/p_x_given_z/hidden/rnn_p_x/rnn/gru_cell/candidate/kernel  (503, 500)   251,500
model/p_x_given_z/hidden/rnn_p_x/rnn/gru_cell/candidate/bias    (500,)           500
model/p_x_given_z/hidden/rnn_p_x/dense/kernel                   (500, 500)   250,000
model/p_x_given_z/hidden/rnn_p_x/dense/bias                     (500,)           500
model/p_x_given_z/hidden/rnn_p_x/dense_1/kernel                 (500, 500)   250,000
model/p_x_given_z/hidden/rnn_p_x/dense_1/bias                   (500,)           500
model/p_x_given_z/x_mean/kernel                                 (500, 38)     19,000
model/p_x_given_z/x_mean/bias                                   (38,)             38
model/p_x_given_z/x_std/kernel                                  (500, 38)     19,000
model/p_x_given_z/x_std/bias                                    (38,)             38/home/hz/anaconda3/envs/py36/lib/python3.6/site-packages/tensorflow/python/framework/dtypes.py:523: FutureWarning: Passing (type, 1) or '1type' as a synonym of type is deprecated; in a future version of numpy, it will be understood as (type, (1,)) / '(1,)type'.
  _np_qint8 = np.dtype([("qint8", np.int8, 1)])
/home/hz/anaconda3/envs/py36/lib/python3.6/site-packages/tensorflow/python/framework/dtypes.py:524: FutureWarning: Passing (type, 1) or '1type' as a synonym of type is deprecated; in a future version of numpy, it will be understood as (type, (1,)) / '(1,)type'.
  _np_quint8 = np.dtype([("quint8", np.uint8, 1)])
/home/hz/anaconda3/envs/py36/lib/python3.6/site-packages/tensorflow/python/framework/dtypes.py:525: FutureWarning: Passing (type, 1) or '1type' as a synonym of type is deprecated; in a future version of numpy, it will be understood as (type, (1,)) / '(1,)type'.
  _np_qint16 = np.dtype([("qint16", np.int16, 1)])
/home/hz/anaconda3/envs/py36/lib/python3.6/site-packages/tensorflow/python/framework/dtypes.py:526: FutureWarning: Passing (type, 1) or '1type' as a synonym of type is deprecated; in a future version of numpy, it will be understood as (type, (1,)) / '(1,)type'.
  _np_quint16 = np.dtype([("quint16", np.uint16, 1)])
/home/hz/anaconda3/envs/py36/lib/python3.6/site-packages/tensorflow/python/framework/dtypes.py:527: FutureWarning: Passing (type, 1) or '1type' as a synonym of type is deprecated; in a future version of numpy, it will be understood as (type, (1,)) / '(1,)type'.
  _np_qint32 = np.dtype([("qint32", np.int32, 1)])
/home/hz/anaconda3/envs/py36/lib/python3.6/site-packages/tensorflow/python/framework/dtypes.py:532: FutureWarning: Passing (type, 1) or '1type' as a synonym of type is deprecated; in a future version of numpy, it will be understood as (type, (1,)) / '(1,)type'.
  np_resource = np.dtype([("resource", np.ubyte, 1)])
/home/hz/anaconda3/envs/py36/lib/python3.6/site-packages/tfsnippet/utils/tfver.py:22: DeprecationWarning: Function 'semver.compare' is deprecated. Deprecated since version 2.10.0.  This function will be removed in semver 3. Use the respective 'semver.VersionInfo.compare' instead.
  compare_result = semver.compare(version, tf.__version__)
/home/hz/anaconda3/envs/py36/lib/python3.6/site-packages/tfsnippet/utils/tfver.py:22: DeprecationWarning: Function 'semver.compare' is deprecated. Deprecated since version 2.10.0.  This function will be removed in semver 3. Use the respective 'semver.VersionInfo.compare' instead.
  compare_result = semver.compare(version, tf.__version__)
INFO:tensorflow:Restoring parameters from /tmp/tmpwfntgw3y/variables.dat-3100
2025-06-13 17:30:41,236 [INFO] tensorflow: Restoring parameters from /tmp/tmpwfntgw3y/variables.dat-3100


train_values: (16588, 38)
[Epoch 1/10, Step 100] step time: 1.259s (±5.276s); train time: 1m 14.19s; valid time: 51.77s; loss: 57.3946 (±759.664); valid loss: -46.0617 (*)
[Epoch 1/10, Step 200] step time: 1.085s (±4.882s); train time: 59.53s; valid time: 49.07s; loss: -43.6281 (±12.972); valid loss: -46.3511 (*)
[Epoch 1/10, Step 300] step time: 1.084s (±4.862s); train time: 59.56s; valid time: 48.85s; loss: -52.1918 (±4.71715); valid loss: -52.7238 (*)
train_values: (16588, 38)
[Epoch 2/10, Step 400, ETA 54m 9.742s] step time: 1.067s (±4.717s); train time: 42.11s; valid time: 47.42s; loss: -55.963 (±4.60095); valid loss: -50.5397
[Epoch 2/10, Step 500, ETA 51m 46.43s] step time: 1.069s (±4.731s); train time: 59.36s; valid time: 47.55s; loss: -58.9011 (±4.7374); valid loss: -48.2527
[Epoch 2/10, Step 600, ETA 49m 41.47s] step time: 1.082s (±4.858s); train time: 59.47s; valid time: 48.84s; loss: -57.5531 (±5.81699); valid loss: -55.9373 (*)
train_values: (16588, 38)
[Epoch 3/10, Step 700, ETA 47m 37.04s] step time: 1.071s (±4.741s); train time: 25.07s; valid time: 47.65s; loss: -57.2493 (±6.96887); valid loss: -49.1057
[Epoch 3/10, Step 800, ETA 45m 40.78s] step time: 1.083s (±4.875s); train time: 59.4s; valid time: 49s; loss: -55.5575 (±9.49614); valid loss: -58.8212 (*)
[Epoch 3/10, Step 900, ETA 43m 43.33s] step time: 1.072s (±4.765s); train time: 59.42s; valid time: 47.87s; loss: -54.2251 (±11.6992); valid loss: -45.7477
train_values: (16588, 38)
[Epoch 4/10, Step 1000, ETA 41m 47.17s] step time: 1.069s (±4.73s); train time: 7.724s; valid time: 47.55s; loss: -47.1248 (±13.8835); valid loss: -45.4379
[Epoch 4/10, Step 1100, ETA 39m 51.27s] step time: 1.062s (±4.678s); train time: 59.24s; valid time: 47.02s; loss: -39.7684 (±19.446); valid loss: -24.1592
[Epoch 4/10, Step 1200, ETA 37m 57.59s] step time: 1.066s (±4.73s); train time: 59.07s; valid time: 47.54s; loss: -4.88484 (±93.0734); valid loss: -49.9667
[Epoch 4/10, Step 1300, ETA 36m 5.39s] step time: 1.068s (±4.726s); train time: 59.37s; valid time: 47.5s; loss: -48.7442 (±31.17); valid loss: -51.0455
train_values: (16588, 38)
[Epoch 5/10, Step 1400, ETA 34m 13.8s] step time: 1.067s (±4.739s); train time: 49.67s; valid time: 47.64s; loss: -51.3171 (±24.5067); valid loss: -53.8182
[Epoch 5/10, Step 1500, ETA 32m 22.48s] step time: 1.064s (±4.71s); train time: 59.1s; valid time: 47.34s; loss: -55.9812 (±5.87116); valid loss: -53.3591
[Epoch 5/10, Step 1600, ETA 30m 31.79s] step time: 1.064s (±4.726s); train time: 58.97s; valid time: 47.49s; loss: -57.398 (±5.50087); valid loss: -48.3759
train_values: (16588, 38)
[Epoch 6/10, Step 1700, ETA 28m 41.74s] step time: 1.065s (±4.743s); train time: 32.28s; valid time: 47.67s; loss: -59.0094 (±5.73973); valid loss: -54.8403
[Epoch 6/10, Step 1800, ETA 26m 52.13s] step time: 1.066s (±4.74s); train time: 59.06s; valid time: 47.63s; loss: -60.4714 (±6.40424); valid loss: -58.1173
[Epoch 6/10, Step 1900, ETA 25m 2.708s] step time: 1.065s (±4.728s); train time: 58.99s; valid time: 47.52s; loss: -61.8974 (±4.91387); valid loss: -46.2289
train_values: (16588, 38)
[Epoch 7/10, Step 2000, ETA 23m 14.63s] step time: 1.081s (±4.847s); train time: 15.54s; valid time: 48.73s; loss: -60.346 (±9.87787); valid loss: -59.3289 (*)
[Epoch 7/10, Step 2100, ETA 21m 26.55s] step time: 1.081s (±4.873s); train time: 59.19s; valid time: 48.97s; loss: -65.2999 (±4.08524); valid loss: -65.8488 (*)
[Epoch 7/10, Step 2200, ETA 19m 37.62s] step time: 1.064s (±4.714s); train time: 59.09s; valid time: 47.37s; loss: -65.3562 (±4.98736); valid loss: -58.2116
[Epoch 7/10, Step 2300, ETA 17m 48.94s] step time: 1.065s (±4.723s); train time: 59.06s; valid time: 47.48s; loss: -67.2137 (±4.17321); valid loss: -60.8657
train_values: (16588, 38)
[Epoch 8/10, Step 2400, ETA 16m 0.4695s] step time: 1.066s (±4.722s); train time: 57.42s; valid time: 47.45s; loss: -66.6078 (±4.23322); valid loss: -58.9082
[Epoch 8/10, Step 2500, ETA 14m 12.15s] step time: 1.066s (±4.73s); train time: 59.1s; valid time: 47.53s; loss: -62.6107 (±5.62581); valid loss: -59.5037
[Epoch 8/10, Step 2600, ETA 12m 23.9s] step time: 1.064s (±4.713s); train time: 59.09s; valid time: 47.36s; loss: -65.2511 (±4.80822); valid loss: -64.4717
train_values: (16588, 38)
[Epoch 9/10, Step 2700, ETA 10m 35.85s] step time: 1.066s (±4.741s); train time: 40.14s; valid time: 47.62s; loss: -65.1592 (±7.22679); valid loss: -61.6956
[Epoch 9/10, Step 2800, ETA 8m 47.91s] step time: 1.067s (±4.735s); train time: 59.2s; valid time: 47.59s; loss: -67.3185 (±4.62026); valid loss: -61.5298
[Epoch 9/10, Step 2900, ETA 7m 0.02519s] step time: 1.066s (±4.732s); train time: 59.13s; valid time: 47.52s; loss: -66.68 (±5.91741); valid loss: -65.8435
train_values: (16588, 38)
[Epoch 10/10, Step 3000, ETA 5m 12.22s] step time: 1.065s (±4.72s); train time: 23.09s; valid time: 47.44s; loss: -66.7507 (±5.04389); valid loss: -63.4415
[Epoch 10/10, Step 3100, ETA 3m 24.57s] step time: 1.078s (±4.853s); train time: 59.11s; valid time: 48.78s; loss: -69.8085 (±4.31339); valid loss: -66.2053 (*)
[Epoch 10/10, Step 3200, ETA 1m 36.87s] step time: 1.064s (±4.717s); train time: 59.05s; valid time: 47.43s; loss: -69.2407 (±4.67102); valid loss: -62.8424
train end time:  2025-06-13 17:30:41
train time:  3513.91042304039
test start time:  2025-06-13 17:30:41
------------------------------ testing ------------------------------
test_score shape:  (23597, 38)
test_z shape:  (23597, 100, 6)
search range:  -400.0 400.0
cur thr:  -399.0 [0.9795868132478088, 0.9807692071930479, 0.9784172427238071, 408.0, 23172.0, 8.0, 9.0, 14.888806173299038] [0.9795868132478088, 0.9807692071930479, 0.9784172427238071, 408.0, 23172.0, 8.0, 9.0, 14.888806173299038] -399.0
cur thr:  -349.0 [0.973741993606252, 0.9691211171230139, 0.9784172427238071, 408.0, 23167.0, 13.0, 9.0, 14.888806173299038] [0.9795868132478088, 0.9807692071930479, 0.9784172427238071, 408.0, 23172.0, 8.0, 9.0, 14.888806173299038] -399.0
cur thr:  -299.0 [0.9763543160112658, 0.9627039402633115, 0.9904076501101283, 413.0, 23164.0, 16.0, 4.0, 14.157820221998831] [0.9798289038021977, 0.9694835453172878, 0.9904076501101283, 413.0, 23167.0, 13.0, 4.0, 14.157820221998831] -328.0
cur thr:  -249.0 [0.9626989442014108, 0.9365079152719294, 0.9904076501101283, 413.0, 23152.0, 28.0, 4.0, 13.78940110841522] [0.9798289038021977, 0.9694835453172878, 0.9904076501101283, 413.0, 23167.0, 13.0, 4.0, 14.157820221998831] -328.0
cur thr:  -199.0 [0.9270432600619407, 0.8713079984956119, 0.9904076501101283, 413.0, 23119.0, 61.0, 4.0, 1.1052573407508381] [0.9798289038021977, 0.9694835453172878, 0.9904076501101283, 413.0, 23167.0, 13.0, 4.0, 14.157820221998831] -328.0
cur thr:  -149.0 [0.9198168312182164, 0.858627840776968, 0.9904076501101283, 413.0, 23112.0, 68.0, 4.0, 1.1052573407508381] [0.9798289038021977, 0.9694835453172878, 0.9904076501101283, 413.0, 23167.0, 13.0, 4.0, 14.157820221998831] -328.0
cur thr:  -99.0 [0.848915947928869, 0.742805742035868, 0.9904076501101283, 413.0, 23037.0, 143.0, 4.0, 1.0526260388103221] [0.9798289038021977, 0.9694835453172878, 0.9904076501101283, 413.0, 23167.0, 13.0, 4.0, 14.157820221998831] -328.0
cur thr:  -49.0 [0.7911829266412899, 0.6586921745025172, 0.9904076501101283, 413.0, 22966.0, 214.0, 4.0, 0.8421008310482576] [0.9798289038021977, 0.9694835453172878, 0.9904076501101283, 413.0, 23167.0, 13.0, 4.0, 14.157820221998831] -328.0
cur thr:  1.0 [0.5684749085960458, 0.3986486448006888, 0.9904076501101283, 413.0, 22557.0, 623.0, 4.0, 0.6842069252267093] [0.9798289038021977, 0.9694835453172878, 0.9904076501101283, 413.0, 23167.0, 13.0, 4.0, 14.157820221998831] -328.0
cur thr:  51.0 [0.10937395635575066, 0.05788367195811679, 0.9904076501101283, 413.0, 16458.0, 6722.0, 4.0, 0.2105252077620644] [0.9798289038021977, 0.9694835453172878, 0.9904076501101283, 413.0, 23167.0, 13.0, 4.0, 14.157820221998831] -328.0
cur thr:  101.0 [0.034729399692211484, 0.01767173792529909, 0.9999999760191853, 417.0, 0.0, 23180.0, 0.0, 0.0] [0.9798289038021977, 0.9694835453172878, 0.9904076501101283, 413.0, 23167.0, 13.0, 4.0, 14.157820221998831] -328.0
cur thr:   0%|          | 0/23597 [00:00<?, ?it/s]100%|██████████| 23597/23597 [00:00<00:00, 1388256.79it/s] 151.0 [0.034729399692211484, 0.01767173792529909, 0.9999999760191853, 417.0, 0.0, 23180.0, 0.0, 0.0] [0.9798289038021977, 0.9694835453172878, 0.9904076501101283, 413.0, 23167.0, 13.0, 4.0, 14.157820221998831] -328.0
cur thr:  201.0 [0.034729399692211484, 0.01767173792529909, 0.9999999760191853, 417.0, 0.0, 23180.0, 0.0, 0.0] [0.9798289038021977, 0.9694835453172878, 0.9904076501101283, 413.0, 23167.0, 13.0, 4.0, 14.157820221998831] -328.0
cur thr:  251.0 [0.034729399692211484, 0.01767173792529909, 0.9999999760191853, 417.0, 0.0, 23180.0, 0.0, 0.0] [0.9798289038021977, 0.9694835453172878, 0.9904076501101283, 413.0, 23167.0, 13.0, 4.0, 14.157820221998831] -328.0
cur thr:  301.0 [0.034729399692211484, 0.01767173792529909, 0.9999999760191853, 417.0, 0.0, 23180.0, 0.0, 0.0] [0.9798289038021977, 0.9694835453172878, 0.9904076501101283, 413.0, 23167.0, 13.0, 4.0, 14.157820221998831] -328.0
cur thr:  351.0 [0.034729399692211484, 0.01767173792529909, 0.9999999760191853, 417.0, 0.0, 23180.0, 0.0, 0.0] [0.9798289038021977, 0.9694835453172878, 0.9904076501101283, 413.0, 23167.0, 13.0, 4.0, 14.157820221998831] -328.0
[0.9798289038021977, 0.9694835453172878, 0.9904076501101283, 413.0, 23167.0, 13.0, 4.0, 14.157820221998831] -328.0
label_file: ServerMachineDataset/interpretation_label/machine-2-7.txt
Initial threshold : 38.162025
Number of peaks : 176
Grimshaw maximum log-likelihood estimation ... [done]
	γ = 0
	σ = 517.53705
	L = 1275.8382759886506
Extreme quantile (probability = 0.001): 1078.0825511029302
373
23597
POT result:  (0.7866618633035153, 0.6524486468807481, 0.9904076501101283, 413.0, 22960.0, 220.0, 4.0) -42.21646831981784 0.7894695291077416

=== 全局调试信息 ===
y_true shape: (23597,), unique values: [0. 1.]
y_pred shape: (23597,), unique values: [False  True]
feature_scores shape: (23597, 38)
y_true 中的异常段: [(565, 567), (2005, 2007), (3445, 3447), (4885, 4887), (5931, 5934), (7566, 7569), (7764, 7767), (9205, 9207), (10645, 10647), (12000, 12027), (13524, 13525), (14835, 14838), (14964, 14966), (16435, 16457), (17879, 17881), (18540, 18844), (19312, 19318), (20754, 20757), (22192, 22196), (22825, 22827)]


=== 处理第 1/20 段 ===
段范围: start=565, end=567
段内真实标签 (seg_true): [1. 1. 1.]
段内预测标签 (seg_pred): [ True  True  True]
段内真实异常时间点索引 (相对段内): [0 1 2]
段内是否有预测为异常的时间点: True
真实异常维度 (0-based): [8, 12, 13]
段内检测到的异常时间点索引 (相对段内): [0 1 2]
推断的异常维度 (0-based): [26, 36, 37]
真实与推断的交集: []
段内指标: TP=0, FP=3, FN=3, TN=32, IPS=0.0000

=== 处理第 2/20 段 ===
段范围: start=2005, end=2007
段内真实标签 (seg_true): [1. 1. 1.]
段内预测标签 (seg_pred): [ True  True  True]
段内真实异常时间点索引 (相对段内): [0 1 2]
段内是否有预测为异常的时间点: True
真实异常维度 (0-based): [12, 13]
段内检测到的异常时间点索引 (相对段内): [0 1 2]
推断的异常维度 (0-based): [26, 36]
真实与推断的交集: []
段内指标: TP=0, FP=2, FN=2, TN=34, IPS=0.0000

=== 处理第 3/20 段 ===
段范围: start=3445, end=3447
段内真实标签 (seg_true): [1. 1. 1.]
段内预测标签 (seg_pred): [ True  True  True]
段内真实异常时间点索引 (相对段内): [0 1 2]
段内是否有预测为异常的时间点: True
真实异常维度 (0-based): [8, 12, 13, 14]
段内检测到的异常时间点索引 (相对段内): [0 1 2]
推断的异常维度 (0-based): [4, 17, 36, 37]
真实与推断的交集: []
段内指标: TP=0, FP=4, FN=4, TN=30, IPS=0.0000

=== 处理第 4/20 段 ===
段范围: start=4885, end=4887
段内真实标签 (seg_true): [1. 1. 1.]
段内预测标签 (seg_pred): [ True  True  True]
段内真实异常时间点索引 (相对段内): [0 1 2]
段内是否有预测为异常的时间点: True
真实异常维度 (0-based): [8, 12, 13, 14]
段内检测到的异常时间点索引 (相对段内): [0 1 2]
推断的异常维度 (0-based): [4, 17, 36, 37]
真实与推断的交集: []
段内指标: TP=0, FP=4, FN=4, TN=30, IPS=0.0000

=== 处理第 5/20 段 ===
段范围: start=5931, end=5934
段内真实标签 (seg_true): [1. 1. 1. 1.]
段内预测标签 (seg_pred): [ True  True  True  True]
段内真实异常时间点索引 (相对段内): [0 1 2 3]
段内是否有预测为异常的时间点: True
真实异常维度 (0-based): [32, 33]
段内检测到的异常时间点索引 (相对段内): [0 1 2 3]
推断的异常维度 (0-based): [36, 37]
真实与推断的交集: []
段内指标: TP=0, FP=2, FN=2, TN=34, IPS=0.0000

=== 处理第 6/20 段 ===
段范围: start=7566, end=7569
段内真实标签 (seg_true): [1. 1. 1. 1.]
段内预测标签 (seg_pred): [False False False False]
段内真实异常时间点索引 (相对段内): [0 1 2 3]
段内是否有预测为异常的时间点: False
真实异常维度 (0-based): [29]
段内检测到的异常时间点索引 (相对段内): []
未检测到任何异常点，尝试从特征分数中推断异常维度
推断的异常维度 (0-based): [36]
真实与推断的交集: []
段内指标: TP=0, FP=1, FN=1, TN=36, IPS=0.0000

=== 处理第 7/20 段 ===
段范围: start=7764, end=7767
段内真实标签 (seg_true): [1. 1. 1. 1.]
段内预测标签 (seg_pred): [ True  True  True  True]
段内真实异常时间点索引 (相对段内): [0 1 2 3]
段内是否有预测为异常的时间点: True
真实异常维度 (0-based): [8, 12, 13, 14]
段内检测到的异常时间点索引 (相对段内): [0 1 2 3]
推断的异常维度 (0-based): [17, 26, 36, 37]
真实与推断的交集: []
段内指标: TP=0, FP=4, FN=4, TN=30, IPS=0.0000

=== 处理第 8/20 段 ===
段范围: start=9205, end=9207
段内真实标签 (seg_true): [1. 1. 1.]
段内预测标签 (seg_pred): [ True  True  True]
段内真实异常时间点索引 (相对段内): [0 1 2]
段内是否有预测为异常的时间点: True
真实异常维度 (0-based): [8, 12, 13, 14]
段内检测到的异常时间点索引 (相对段内): [0 1 2]
推断的异常维度 (0-based): [4, 17, 36, 37]
真实与推断的交集: []
段内指标: TP=0, FP=4, FN=4, TN=30, IPS=0.0000

=== 处理第 9/20 段 ===
段范围: start=10645, end=10647
段内真实标签 (seg_true): [1. 1. 1.]
段内预测标签 (seg_pred): [ True  True  True]
段内真实异常时间点索引 (相对段内): [0 1 2]
段内是否有预测为异常的时间点: True
真实异常维度 (0-based): [8, 12, 13, 14]
段内检测到的异常时间点索引 (相对段内): [0 1 2]
推断的异常维度 (0-based): [4, 17, 26, 36, 37]
真实与推断的交集: []
段内指标: TP=0, FP=5, FN=4, TN=29, IPS=0.0000

=== 处理第 10/20 段 ===
段范围: start=12000, end=12027
段内真实标签 (seg_true): [1. 1. 1. 1. 1. 1. 1. 1. 1. 1. 1. 1. 1. 1. 1. 1. 1. 1. 1. 1. 1. 1. 1. 1.
 1. 1. 1. 1.]
段内预测标签 (seg_pred): [ True  True  True  True  True  True  True  True  True  True  True  True
  True  True  True  True  True  True  True  True  True  True  True  True
  True  True  True  True]
段内真实异常时间点索引 (相对段内): [ 0  1  2  3  4  5  6  7  8  9 10 11 12 13 14 15 16 17 18 19 20 21 22 23
 24 25 26 27]
段内是否有预测为异常的时间点: True
真实异常维度 (0-based): [0, 1, 2, 3, 23, 25]
段内检测到的异常时间点索引 (相对段内): [ 0  1  2  3  4  5  6  7  8  9 10 11 12 13 14 15 16 17 18 19 20 21 22 23
 24 25 26 27]
推断的异常维度 (0-based): [4, 7, 17, 26, 36, 37]
真实与推断的交集: []
段内指标: TP=0, FP=6, FN=6, TN=26, IPS=0.0000

=== 处理第 11/20 段 ===
段范围: start=13524, end=13525
段内真实标签 (seg_true): [1. 1.]
段内预测标签 (seg_pred): [ True  True]
段内真实异常时间点索引 (相对段内): [0 1]
段内是否有预测为异常的时间点: True
真实异常维度 (0-based): [8, 12, 13, 14]
段内检测到的异常时间点索引 (相对段内): [0 1]
推断的异常维度 (0-based): [4, 17, 36, 37]
真实与推断的交集: []
段内指标: TP=0, FP=4, FN=4, TN=30, IPS=0.0000

=== 处理第 12/20 段 ===
段范围: start=14835, end=14838
段内真实标签 (seg_true): [1. 1. 1. 1.]
段内预测标签 (seg_pred): [ True  True  True  True]
段内真实异常时间点索引 (相对段内): [0 1 2 3]
段内是否有预测为异常的时间点: True
真实异常维度 (0-based): [32, 33]
段内检测到的异常时间点索引 (相对段内): [0 1 2 3]
推断的异常维度 (0-based): [36, 37]
真实与推断的交集: []
段内指标: TP=0, FP=2, FN=2, TN=34, IPS=0.0000

=== 处理第 13/20 段 ===
段范围: start=14964, end=14966
段内真实标签 (seg_true): [1. 1. 1.]
段内预测标签 (seg_pred): [ True  True  True]
段内真实异常时间点索引 (相对段内): [0 1 2]
段内是否有预测为异常的时间点: True
真实异常维度 (0-based): [8, 12, 13, 14]
段内检测到的异常时间点索引 (相对段内): [0 1 2]
推断的异常维度 (0-based): [4, 26, 36, 37]
真实与推断的交集: []
段内指标: TP=0, FP=4, FN=4, TN=30, IPS=0.0000

=== 处理第 14/20 段 ===
段范围: start=16435, end=16457
段内真实标签 (seg_true): [1. 1. 1. 1. 1. 1. 1. 1. 1. 1. 1. 1. 1. 1. 1. 1. 1. 1. 1. 1. 1. 1. 1.]
段内预测标签 (seg_pred): [ True  True  True  True  True  True  True  True  True  True  True  True
  True  True  True  True  True  True  True  True  True  True  True]
段内真实异常时间点索引 (相对段内): [ 0  1  2  3  4  5  6  7  8  9 10 11 12 13 14 15 16 17 18 19 20 21 22]
段内是否有预测为异常的时间点: True
真实异常维度 (0-based): [8, 12, 13, 14]
段内检测到的异常时间点索引 (相对段内): [ 0  1  2  3  4  5  6  7  8  9 10 11 12 13 14 15 16 17 18 19 20 21 22]
推断的异常维度 (0-based): [4, 17, 26, 36, 37]
真实与推断的交集: []
段内指标: TP=0, FP=5, FN=4, TN=29, IPS=0.0000

=== 处理第 15/20 段 ===
段范围: start=17879, end=17881
段内真实标签 (seg_true): [1. 1. 1.]
段内预测标签 (seg_pred): [ True  True  True]
段内真实异常时间点索引 (相对段内): [0 1 2]
段内是否有预测为异常的时间点: True
真实异常维度 (0-based): [8, 12, 13, 14]
段内检测到的异常时间点索引 (相对段内): [0 1 2]
推断的异常维度 (0-based): [4, 26, 36, 37]
真实与推断的交集: []
段内指标: TP=0, FP=4, FN=4, TN=30, IPS=0.0000

=== 处理第 16/20 段 ===
段范围: start=18540, end=18844
段内真实标签 (seg_true): [1. 1. 1. 1. 1. 1. 1. 1. 1. 1. 1. 1. 1. 1. 1. 1. 1. 1. 1. 1. 1. 1. 1. 1.
 1. 1. 1. 1. 1. 1. 1. 1. 1. 1. 1. 1. 1. 1. 1. 1. 1. 1. 1. 1. 1. 1. 1. 1.
 1. 1. 1. 1. 1. 1. 1. 1. 1. 1. 1. 1. 1. 1. 1. 1. 1. 1. 1. 1. 1. 1. 1. 1.
 1. 1. 1. 1. 1. 1. 1. 1. 1. 1. 1. 1. 1. 1. 1. 1. 1. 1. 1. 1. 1. 1. 1. 1.
 1. 1. 1. 1. 1. 1. 1. 1. 1. 1. 1. 1. 1. 1. 1. 1. 1. 1. 1. 1. 1. 1. 1. 1.
 1. 1. 1. 1. 1. 1. 1. 1. 1. 1. 1. 1. 1. 1. 1. 1. 1. 1. 1. 1. 1. 1. 1. 1.
 1. 1. 1. 1. 1. 1. 1. 1. 1. 1. 1. 1. 1. 1. 1. 1. 1. 1. 1. 1. 1. 1. 1. 1.
 1. 1. 1. 1. 1. 1. 1. 1. 1. 1. 1. 1. 1. 1. 1. 1. 1. 1. 1. 1. 1. 1. 1. 1.
 1. 1. 1. 1. 1. 1. 1. 1. 1. 1. 1. 1. 1. 1. 1. 1. 1. 1. 1. 1. 1. 1. 1. 1.
 1. 1. 1. 1. 1. 1. 1. 1. 1. 1. 1. 1. 1. 1. 1. 1. 1. 1. 1. 1. 1. 1. 1. 1.
 1. 1. 1. 1. 1. 1. 1. 1. 1. 1. 1. 1. 1. 1. 1. 1. 1. 1. 1. 1. 1. 1. 1. 1.
 1. 1. 1. 1. 1. 1. 1. 1. 1. 1. 1. 1. 1. 1. 1. 1. 1. 1. 1. 1. 1. 1. 1. 1.
 1. 1. 1. 1. 1. 1. 1. 1. 1. 1. 1. 1. 1. 1. 1. 1. 1.]
段内预测标签 (seg_pred): [ True  True  True  True  True  True  True  True  True  True  True  True
  True  True  True  True  True  True  True  True  True  True  True  True
  True  True  True  True  True  True  True  True  True  True  True  True
  True  True  True  True  True  True  True  True  True  True  True  True
  True  True  True  True  True  True  True  True  True  True  True  True
  True  True  True  True  True  True  True  True  True  True  True  True
  True  True  True  True  True  True  True  True  True  True  True  True
  True  True  True  True  True  True  True  True  True  True  True  True
  True  True  True  True  True  True  True  True  True  True  True  True
  True  True  True  True  True  True  True  True  True  True  True  True
  True  True  True  True  True  True  True  True  True  True  True  True
  True  True  True  True  True  True  True  True  True  True  True  True
  True  True  True  True  True  True  True  True  True  True  True  True
  True  True  True  True  True  True  True  True  True  True  True  True
  True  True  True  True  True  True  True  True  True  True  True  True
  True  True  True  True  True  True  True  True  True  True  True  True
  True  True  True  True  True  True  True  True  True  True  True  True
  True  True  True  True  True  True  True  True  True  True  True  True
  True  True  True  True  True  True  True  True  True  True  True  True
  True  True  True  True  True  True  True  True  True  True  True  True
  True  True  True  True  True  True  True  True  True  True  True  True
  True  True  True  True  True  True  True  True  True  True  True  True
  True  True  True  True  True  True  True  True  True  True  True  True
  True  True  True  True  True  True  True  True  True  True  True  True
  True  True  True  True  True  True  True  True  True  True  True  True
  True  True  True  True  True]
段内真实异常时间点索引 (相对段内): [  0   1   2   3   4   5   6   7   8   9  10  11  12  13  14  15  16  17
  18  19  20  21  22  23  24  25  26  27  28  29  30  31  32  33  34  35
  36  37  38  39  40  41  42  43  44  45  46  47  48  49  50  51  52  53
  54  55  56  57  58  59  60  61  62  63  64  65  66  67  68  69  70  71
  72  73  74  75  76  77  78  79  80  81  82  83  84  85  86  87  88  89
  90  91  92  93  94  95  96  97  98  99 100 101 102 103 104 105 106 107
 108 109 110 111 112 113 114 115 116 117 118 119 120 121 122 123 124 125
 126 127 128 129 130 131 132 133 134 135 136 137 138 139 140 141 142 143
 144 145 146 147 148 149 150 151 152 153 154 155 156 157 158 159 160 161
 162 163 164 165 166 167 168 169 170 171 172 173 174 175 176 177 178 179
 180 181 182 183 184 185 186 187 188 189 190 191 192 193 194 195 196 197
 198 199 200 201 202 203 204 205 206 207 208 209 210 211 212 213 214 215
 216 217 218 219 220 221 222 223 224 225 226 227 228 229 230 231 232 233
 234 235 236 237 238 239 240 241 242 243 244 245 246 247 248 249 250 251
 252 253 254 255 256 257 258 259 260 261 262 263 264 265 266 267 268 269
 270 271 272 273 274 275 276 277 278 279 280 281 282 283 284 285 286 287
 288 289 290 291 292 293 294 295 296 297 298 299 300 301 302 303 304]
段内是否有预测为异常的时间点: True
真实异常维度 (0-based): [0, 1, 2, 3, 5, 6, 10, 15, 18, 19, 20, 21, 22, 24, 27, 28, 30, 31, 33, 34, 35]
段内检测到的异常时间点索引 (相对段内): [  0   1   2   3   4   5   6   7   8   9  10  11  12  13  14  15  16  17
  18  19  20  21  22  23  24  25  26  27  28  29  30  31  32  33  34  35
  36  37  38  39  40  41  42  43  44  45  46  47  48  49  50  51  52  53
  54  55  56  57  58  59  60  61  62  63  64  65  66  67  68  69  70  71
  72  73  74  75  76  77  78  79  80  81  82  83  84  85  86  87  88  89
  90  91  92  93  94  95  96  97  98  99 100 101 102 103 104 105 106 107
 108 109 110 111 112 113 114 115 116 117 118 119 120 121 122 123 124 125
 126 127 128 129 130 131 132 133 134 135 136 137 138 139 140 141 142 143
 144 145 146 147 148 149 150 151 152 153 154 155 156 157 158 159 160 161
 162 163 164 165 166 167 168 169 170 171 172 173 174 175 176 177 178 179
 180 181 182 183 184 185 186 187 188 189 190 191 192 193 194 195 196 197
 198 199 200 201 202 203 204 205 206 207 208 209 210 211 212 213 214 215
 216 217 218 219 220 221 222 223 224 225 226 227 228 229 230 231 232 233
 234 235 236 237 238 239 240 241 242 243 244 245 246 247 248 249 250 251
 252 253 254 255 256 257 258 259 260 261 262 263 264 265 266 267 268 269
 270 271 272 273 274 275 276 277 278 279 280 281 282 283 284 285 286 287
 288 289 290 291 292 293 294 295 296 297 298 299 300 301 302 303 304]
推断的异常维度 (0-based): [0, 1, 2, 3, 4, 5, 6, 7, 8, 9, 10, 11, 12, 13, 14, 15, 16, 17, 18, 20, 21, 22, 23, 24, 25, 26, 27, 28, 29, 30, 31, 32, 33, 34, 35, 36, 37]
真实与推断的交集: [0, 1, 2, 3, 5, 6, 10, 15, 18, 20, 21, 22, 24, 27, 28, 30, 31, 33, 34, 35]
段内指标: TP=20, FP=17, FN=1, TN=0, IPS=0.9524

=== 处理第 17/20 段 ===
段范围: start=19312, end=19318
段内真实标签 (seg_true): [1. 1. 1. 1. 1. 1. 1.]
段内预测标签 (seg_pred): [ True  True  True  True  True  True  True]
段内真实异常时间点索引 (相对段内): [0 1 2 3 4 5 6]
段内是否有预测为异常的时间点: True
真实异常维度 (0-based): [8, 12, 13, 14]
段内检测到的异常时间点索引 (相对段内): [0 1 2 3 4 5 6]
推断的异常维度 (0-based): [4, 26, 36, 37]
真实与推断的交集: []
段内指标: TP=0, FP=4, FN=4, TN=30, IPS=0.0000

=== 处理第 18/20 段 ===
段范围: start=20754, end=20757
段内真实标签 (seg_true): [1. 1. 1. 1.]
段内预测标签 (seg_pred): [ True  True  True  True]
段内真实异常时间点索引 (相对段内): [0 1 2 3]
段内是否有预测为异常的时间点: True
真实异常维度 (0-based): [8, 12, 13, 14]
段内检测到的异常时间点索引 (相对段内): [0 1 2 3]
推断的异常维度 (0-based): [4, 17, 36, 37]
真实与推断的交集: []
段内指标: TP=0, FP=4, FN=4, TN=30, IPS=0.0000

=== 处理第 19/20 段 ===
段范围: start=22192, end=22196
段内真实标签 (seg_true): [1. 1. 1. 1. 1.]
段内预测标签 (seg_pred): [ True  True  True  True  True]
段内真实异常时间点索引 (相对段内): [0 1 2 3 4]
段内是否有预测为异常的时间点: True
真实异常维度 (0-based): [8, 12, 13, 14]
段内检测到的异常时间点索引 (相对段内): [0 1 2 3 4]
推断的异常维度 (0-based): [4, 26, 36, 37]
真实与推断的交集: []
段内指标: TP=0, FP=4, FN=4, TN=30, IPS=0.0000

=== 处理第 20/20 段 ===
段范围: start=22825, end=22827
段内真实标签 (seg_true): [1. 1. 1.]
段内预测标签 (seg_pred): [ True  True  True]
段内真实异常时间点索引 (相对段内): [0 1 2]
段内是否有预测为异常的时间点: True
真实异常维度 (0-based): [9]
段内检测到的异常时间点索引 (相对段内): [0 1 2]
推断的异常维度 (0-based): [36]
真实与推断的交集: []
段内指标: TP=0, FP=1, FN=1, TN=36, IPS=0.0000

=== 汇总指标 ===
总 TP: 20, 总 TN: 590, 总 FP: 84, 总 FN: 66
平均 IPS: 0.6966, Precision: 0.1923, Recall: 0.2326, F1: 0.2105
每段IPS与混淆: [{'start': 565, 'end': 567, 'TP': 0, 'TN': 32, 'FP': 3, 'FN': 3, 'IPS': 0.0, 'k_selected': 3, 'gt_dims_count': 3}, {'start': 2005, 'end': 2007, 'TP': 0, 'TN': 34, 'FP': 2, 'FN': 2, 'IPS': 0.0, 'k_selected': 2, 'gt_dims_count': 2}, {'start': 3445, 'end': 3447, 'TP': 0, 'TN': 30, 'FP': 4, 'FN': 4, 'IPS': 0.0, 'k_selected': 4, 'gt_dims_count': 4}, {'start': 4885, 'end': 4887, 'TP': 0, 'TN': 30, 'FP': 4, 'FN': 4, 'IPS': 0.0, 'k_selected': 4, 'gt_dims_count': 4}, {'start': 5931, 'end': 5934, 'TP': 0, 'TN': 34, 'FP': 2, 'FN': 2, 'IPS': 0.0, 'k_selected': 2, 'gt_dims_count': 2}, {'start': 7566, 'end': 7569, 'TP': 0, 'TN': 36, 'FP': 1, 'FN': 1, 'IPS': 0.0, 'k_selected': 1, 'gt_dims_count': 1}, {'start': 7764, 'end': 7767, 'TP': 0, 'TN': 30, 'FP': 4, 'FN': 4, 'IPS': 0.0, 'k_selected': 4, 'gt_dims_count': 4}, {'start': 9205, 'end': 9207, 'TP': 0, 'TN': 30, 'FP': 4, 'FN': 4, 'IPS': 0.0, 'k_selected': 4, 'gt_dims_count': 4}, {'start': 10645, 'end': 10647, 'TP': 0, 'TN': 29, 'FP': 5, 'FN': 4, 'IPS': 0.0, 'k_selected': 4, 'gt_dims_count': 4}, {'start': 12000, 'end': 12027, 'TP': 0, 'TN': 26, 'FP': 6, 'FN': 6, 'IPS': 0.0, 'k_selected': 6, 'gt_dims_count': 6}, {'start': 13524, 'end': 13525, 'TP': 0, 'TN': 30, 'FP': 4, 'FN': 4, 'IPS': 0.0, 'k_selected': 4, 'gt_dims_count': 4}, {'start': 14835, 'end': 14838, 'TP': 0, 'TN': 34, 'FP': 2, 'FN': 2, 'IPS': 0.0, 'k_selected': 2, 'gt_dims_count': 2}, {'start': 14964, 'end': 14966, 'TP': 0, 'TN': 30, 'FP': 4, 'FN': 4, 'IPS': 0.0, 'k_selected': 4, 'gt_dims_count': 4}, {'start': 16435, 'end': 16457, 'TP': 0, 'TN': 29, 'FP': 5, 'FN': 4, 'IPS': 0.0, 'k_selected': 4, 'gt_dims_count': 4}, {'start': 17879, 'end': 17881, 'TP': 0, 'TN': 30, 'FP': 4, 'FN': 4, 'IPS': 0.0, 'k_selected': 4, 'gt_dims_count': 4}, {'start': 18540, 'end': 18844, 'TP': 20, 'TN': 0, 'FP': 17, 'FN': 1, 'IPS': 0.9523809523809523, 'k_selected': 21, 'gt_dims_count': 21}, {'start': 19312, 'end': 19318, 'TP': 0, 'TN': 30, 'FP': 4, 'FN': 4, 'IPS': 0.0, 'k_selected': 4, 'gt_dims_count': 4}, {'start': 20754, 'end': 20757, 'TP': 0, 'TN': 30, 'FP': 4, 'FN': 4, 'IPS': 0.0, 'k_selected': 4, 'gt_dims_count': 4}, {'start': 22192, 'end': 22196, 'TP': 0, 'TN': 30, 'FP': 4, 'FN': 4, 'IPS': 0.0, 'k_selected': 4, 'gt_dims_count': 4}, {'start': 22825, 'end': 22827, 'TP': 0, 'TN': 36, 'FP': 1, 'FN': 1, 'IPS': 0.0, 'k_selected': 1, 'gt_dims_count': 1}]
总和: {'TP': 20, 'TN': 590, 'FP': 84, 'FN': 66, 'IPS': 0.6965855886719197, 'precision': 0.19230769230769232, 'recall': 0.23255813953488372, 'F1': 0.2105263157894737}
test end time:  2025-06-13 17:36:10
test time:  328.57583594322205
==============================result==============================
{'FN': 4.0,
 'FP': 13.0,
 'TN': 23167.0,
 'TP': 413.0,
 'best-f1': 0.9798289038021977,
 'best_valid_loss': -66.20532199832681,
 'latency': 14.157820221998831,
 'pot-FN': 4.0,
 'pot-FP': 220.0,
 'pot-TN': 22960.0,
 'pot-TP': 413.0,
 'pot-f1': 0.7866618633035153,
 'pot-latency': 0.7894695291077416,
 'pot-precision': 0.6524486468807481,
 'pot-recall': 0.9904076501101283,
 'pot-threshold': -42.21646831981784,
 'precision': 0.9694835453172878,
 'pred_time': 0.3376459312641015,
 'pred_total_time': 159.64653944969177,
 'recall': 0.9904076501101283,
 'segment_results': [{'FN': 3,
                      'FP': 3,
                      'IPS': 0.0,
                      'TN': 32,
                      'TP': 0,
                      'end': 567,
                      'gt_dims_count': 3,
                      'k_selected': 3,
                      'start': 565},
                     {'FN': 2,
                      'FP': 2,
                      'IPS': 0.0,
                      'TN': 34,
                      'TP': 0,
                      'end': 2007,
                      'gt_dims_count': 2,
                      'k_selected': 2,
                      'start': 2005},
                     {'FN': 4,
                      'FP': 4,
                      'IPS': 0.0,
                      'TN': 30,
                      'TP': 0,
                      'end': 3447,
                      'gt_dims_count': 4,
                      'k_selected': 4,
                      'start': 3445},
                     {'FN': 4,
                      'FP': 4,
                      'IPS': 0.0,
                      'TN': 30,
                      'TP': 0,
                      'end': 4887,
                      'gt_dims_count': 4,
                      'k_selected': 4,
                      'start': 4885},
                     {'FN': 2,
                      'FP': 2,
                      'IPS': 0.0,
                      'TN': 34,
                      'TP': 0,
                      'end': 5934,
                      'gt_dims_count': 2,
                      'k_selected': 2,
                      'start': 5931},
                     {'FN': 1,
                      'FP': 1,
                      'IPS': 0.0,
                      'TN': 36,
                      'TP': 0,
                      'end': 7569,
                      'gt_dims_count': 1,
                      'k_selected': 1,
                      'start': 7566},
                     {'FN': 4,
                      'FP': 4,
                      'IPS': 0.0,
                      'TN': 30,
                      'TP': 0,
                      'end': 7767,
                      'gt_dims_count': 4,
                      'k_selected': 4,
                      'start': 7764},
                     {'FN': 4,
                      'FP': 4,
                      'IPS': 0.0,
                      'TN': 30,
                      'TP': 0,
                      'end': 9207,
                      'gt_dims_count': 4,
                      'k_selected': 4,
                      'start': 9205},
                     {'FN': 4,
                      'FP': 5,
                      'IPS': 0.0,
                      'TN': 29,
                      'TP': 0,
                      'end': 10647,
                      'gt_dims_count': 4,
                      'k_selected': 4,
                      'start': 10645},
                     {'FN': 6,
                      
'FP': 6,
                      'IPS': 0.0,
                      'TN': 26,
                      'TP': 0,
                      'end': 12027,
                      'gt_dims_count': 6,
                      'k_selected': 6,
                      'start': 12000},
                     {'FN': 4,
                      'FP': 4,
                      'IPS': 0.0,
                      'TN': 30,
                      'TP': 0,
                      'end': 13525,
                      'gt_dims_count': 4,
                      'k_selected': 4,
                      'start': 13524},
                     {'FN': 2,
                      'FP': 2,
                      'IPS': 0.0,
                      'TN': 34,
                      'TP': 0,
                      'end': 14838,
                      'gt_dims_count': 2,
                      'k_selected': 2,
                      'start': 14835},
                     {'FN': 4,
                      'FP': 4,
                      'IPS': 0.0,
                      'TN': 30,
                      'TP': 0,
                      'end': 14966,
                      'gt_dims_count': 4,
                      'k_selected': 4,
                      'start': 14964},
                     {'FN': 4,
                      'FP': 5,
                      'IPS': 0.0,
                      'TN': 29,
                      'TP': 0,
                      'end': 16457,
                      'gt_dims_count': 4,
                      'k_selected': 4,
                      'start': 16435},
                     {'FN': 4,
                      'FP': 4,
                      'IPS': 0.0,
                      'TN': 30,
                      'TP': 0,
                      'end': 17881,
                      'gt_dims_count': 4,
                      'k_selected': 4,
                      'start': 17879},
                     {'FN': 1,
                      'FP': 17,
                      'IPS': 0.9523809523809523,
                      'TN': 0,
                      'TP': 20,
                      'end': 18844,
                      'gt_dims_count': 21,
                      'k_selected': 21,
                      'start': 18540},
                     {'FN': 4,
                      'FP': 4,
                      'IPS': 0.0,
                      'TN': 30,
                      'TP': 0,
                      'end': 19318,
                      'gt_dims_count': 4,
                      'k_selected': 4,
                      'start': 19312},
                     {'FN': 4,
                      'FP': 4,
                      'IPS': 0.0,
                      'TN': 30,
                      'TP': 0,
                      'end': 20757,
                      'gt_dims_count': 4,
                      'k_selected': 4,
                      'start': 20754},
                     {'FN': 4,
                      'FP': 4,
                      'IPS': 0.0,
                      'TN': 30,
                      'TP': 0,
                      'end': 22196,
                      'gt_dims_count': 4,
                      'k_selected': 4,
                      'start': 22192},
                     {'FN': 1,
                      'FP': 1,
                      'IPS': 0.0,
                      'TN': 36,
                      'TP': 0,
                      'end': 22827,
                      'gt_dims_count': 1,
                      'k_selected': 1,
                      'start': 22825}],
 'segment_summary': {'F1': 0.2105263157894737,
                     'FN': 66,
                     'FP': 84,
                     'IPS': 0.6965855886719197,
                     'TN': 590,
                     'TP': 20,
                     'precision': 0.19230769230769232,
                     'recall': 0.23255813953488372},
 'threshold': -328.0,
 'train_time': 349.98508150577544,
 'valid_time': 0.33707195673639895}
