2025-06-13 14:27:00.787215: I tensorflow/core/platform/cpu_feature_guard.cc:141] Your CPU supports instructions that this TensorFlow binary was not compiled to use: AVX2 AVX512F FMA
Configurations
===========================================
{'batch_size': 50,
 'bf_search_max': 400.0,
 'bf_search_min': -400.0,
 'bf_search_step_size': 1.0,
 'dataset': 'machine-2-3',
 'dense_dim': 500,
 'early_stop': True,
 'get_score_on_dim': True,
 'gradient_clip_norm': 10.0,
 'initial_lr': 0.001,
 'l2_reg': 0.0001,
 'level': 0.0075,
 'lr_anneal_epoch_freq': 40,
 'lr_anneal_factor': 0.5,
 'lr_anneal_step_freq': None,
 'max_epoch': 10,
 'max_test_size': None,
 'max_train_size': None,
 'nf_layers': 20,
 'posterior_flow_type': 'nf',
 'restore_dir': None,
 'result_dir': 'result',
 'rnn_cell': 'GRU',
 'rnn_num_hidden': 500,
 'save_dir': 'model',
 'save_z': False,
 'std_epsilon': 0.0001,
 'test_batch_size': 50,
 'test_n_z': 1,
 'test_score_filename': 'test_score.pkl',
 'test_start': 0,
 'train_score_filename': 'train_score.pkl',
 'train_start': 0,
 'use_connected_z_p': True,
 'use_connected_z_q': True,
 'valid_step_freq': 100,
 'window_length': 100,
 'x_dim': 38,
 'z_dim': 3}

train start time:  2025-06-13 14:26:47
load data of: machine-2-3
train:  0 None
test:  0 None
Data normalized
Data normalized
train set shape:  (23688, 38)
test set shape:  (23689, 38)
test set label shape:  (23689,)
Trainable Parameters                                            (2,607,740 in total)
------------------------------------------------------------------------------------
model/q_z_given_x/rnn_q_z/rnn/gru_cell/gates/kernel             (538, 1000)  538,000
model/q_z_given_x/rnn_q_z/rnn/gru_cell/gates/bias               (1000,)        1,000
model/q_z_given_x/rnn_q_z/rnn/gru_cell/candidate/kernel         (538, 500)   269,000
model/q_z_given_x/rnn_q_z/rnn/gru_cell/candidate/bias           (500,)           500
model/q_z_given_x/rnn_q_z/dense/kernel                          (500, 500)   250,000
model/q_z_given_x/rnn_q_z/dense/bias                            (500,)           500
model/q_z_given_x/rnn_q_z/dense_1/kernel                        (500, 500)   250,000
model/q_z_given_x/rnn_q_z/dense_1/bias                          (500,)           500
model/vae/variational/z_mean/kernel                             (503, 3)       1,509
model/vae/variational/z_mean/bias                               (3,)               3
model/vae/variational/z_std/kernel                              (503, 3)       1,509
model/vae/variational/z_std/bias                                (3,)               3
model/posterior_flow/_0/w                                       (1, 3)             3
model/posterior_flow/_0/b                                       (1,)               1
model/posterior_flow/_0/u                                       (1, 3)             3
model/posterior_flow/_1/w                                       (1, 3)             3
model/posterior_flow/_1/b                                       (1,)               1
model/posterior_flow/_1/u                                       (1, 3)             3
model/posterior_flow/_2/w                                       (1, 3)             3
model/posterior_flow/_2/b                                       (1,)               1
model/posterior_flow/_2/u                                       (1, 3)             3
model/posterior_flow/_3/w                                       (1, 3)             3
model/posterior_flow/_3/b                                       (1,)               1
model/posterior_flow/_3/u                                       (1, 3)             3
model/posterior_flow/_4/w                                       (1, 3)             3
model/posterior_flow/_4/b                                       (1,)               1
model/posterior_flow/_4/u                                       (1, 3)             3
model/posterior_flow/_5/w                                       (1, 3)             3
model/posterior_flow/_5/b                                       (1,)               1
model/posterior_flow/_5/u                                       (1, 3)             3
model/posterior_flow/_6/w                                       (1, 3)             3
model/posterior_flow/_6/b                                       (1,)               1
model/posterior_flow/_6/u                                       (1, 3)             3
model/posterior_flow/_7/w                                       (1, 3)             3
model/posterior_flow/_7/b                                       (1,)               1
model/posterior_flow/_7/u                                       (1, 3)             3
model/posterior_flow/_8/w                                       (1, 3)             3
model/posterior_flow/_8/b                                       (1,)               1
model/posterior_flow/_8/u                                       (1, 3)             3
model/posterior_flow/_9/w                                       (1, 3)             3
model/posterior_flow/_9/b                                       (1,)               1
model/posterior_flow/_9/u                                       (1, 3)             3
model/posterior_flow/_10/w                                      (1, 3)             3
model/posterior_flow/_10/b                                      (1,)               1
model/posterior_flow/_10/u                                      (1, 3)             3
model/posterior_flow/_11/w                                      (1, 3)             3
model/posterior_flow/_11/b                                      (1,)               1
model/posterior_flow/_11/u                                      (1, 3)             3
model/posterior_flow/_12/w                                      (1, 3)             3
model/posterior_flow/_12/b                                      (1,)               1
model/posterior_flow/_12/u                                      (1, 3)             3
model/posterior_flow/_13/w                                      (1, 3)             3
model/posterior_flow/_13/b                                      (1,)               1
model/posterior_flow/_13/u                                      (1, 3)             3
model/posterior_flow/_14/w                                      (1, 3)             3
model/posterior_flow/_14/b                                      (1,)               1
model/posterior_flow/_14/u                                      (1, 3)             3
model/posterior_flow/_15/w                                      (1, 3)             3
model/posterior_flow/_15/b                                      (1,)               1
model/posterior_flow/_15/u                                      (1, 3)             3
model/posterior_flow/_16/w                                      (1, 3)             3
model/posterior_flow/_16/b                                      (1,)               1
model/posterior_flow/_16/u                                      (1, 3)             3
model/posterior_flow/_17/w                                      (1, 3)             3
model/posterior_flow/_17/b                                      (1,)               1
model/posterior_flow/_17/u                                      (1, 3)             3
model/posterior_flow/_18/w                                      (1, 3)             3
model/posterior_flow/_18/b                                      (1,)               1
model/posterior_flow/_18/u                                      (1, 3)             3
model/posterior_flow/_19/w                                      (1, 3)             3
model/posterior_flow/_19/b                                      (1,)               1
model/posterior_flow/_19/u                                      (1, 3)             3
model/p_x_given_z/hidden/rnn_p_x/rnn/gru_cell/gates/kernel      (503, 1000)  503,000
model/p_x_given_z/hidden/rnn_p_x/rnn/gru_cell/gates/bias        (1000,)        1,000
model/p_x_given_z/hidden/rnn_p_x/rnn/gru_cell/candidate/kernel  (503, 500)   251,500
model/p_x_given_z/hidden/rnn_p_x/rnn/gru_cell/candidate/bias    (500,)           500
model/p_x_given_z/hidden/rnn_p_x/dense/kernel                   (500, 500)   250,000
model/p_x_given_z/hidden/rnn_p_x/dense/bias                     (500,)           500
model/p_x_given_z/hidden/rnn_p_x/dense_1/kernel                 (500, 500)   250,000
model/p_x_given_z/hidden/rnn_p_x/dense_1/bias                   (500,)           500
model/p_x_given_z/x_mean/kernel                                 (500, 38)     19,000
model/p_x_given_z/x_mean/bias                                   (38,)             38
model/p_x_given_z/x_std/kernel                                  (500, 38)     19,000
model/p_x_given_z/x_std/bias                                    (38,)             38/home/hz/anaconda3/envs/py36/lib/python3.6/site-packages/tensorflow/python/framework/dtypes.py:523: FutureWarning: Passing (type, 1) or '1type' as a synonym of type is deprecated; in a future version of numpy, it will be understood as (type, (1,)) / '(1,)type'.
  _np_qint8 = np.dtype([("qint8", np.int8, 1)])
/home/hz/anaconda3/envs/py36/lib/python3.6/site-packages/tensorflow/python/framework/dtypes.py:524: FutureWarning: Passing (type, 1) or '1type' as a synonym of type is deprecated; in a future version of numpy, it will be understood as (type, (1,)) / '(1,)type'.
  _np_quint8 = np.dtype([("quint8", np.uint8, 1)])
/home/hz/anaconda3/envs/py36/lib/python3.6/site-packages/tensorflow/python/framework/dtypes.py:525: FutureWarning: Passing (type, 1) or '1type' as a synonym of type is deprecated; in a future version of numpy, it will be understood as (type, (1,)) / '(1,)type'.
  _np_qint16 = np.dtype([("qint16", np.int16, 1)])
/home/hz/anaconda3/envs/py36/lib/python3.6/site-packages/tensorflow/python/framework/dtypes.py:526: FutureWarning: Passing (type, 1) or '1type' as a synonym of type is deprecated; in a future version of numpy, it will be understood as (type, (1,)) / '(1,)type'.
  _np_quint16 = np.dtype([("quint16", np.uint16, 1)])
/home/hz/anaconda3/envs/py36/lib/python3.6/site-packages/tensorflow/python/framework/dtypes.py:527: FutureWarning: Passing (type, 1) or '1type' as a synonym of type is deprecated; in a future version of numpy, it will be understood as (type, (1,)) / '(1,)type'.
  _np_qint32 = np.dtype([("qint32", np.int32, 1)])
/home/hz/anaconda3/envs/py36/lib/python3.6/site-packages/tensorflow/python/framework/dtypes.py:532: FutureWarning: Passing (type, 1) or '1type' as a synonym of type is deprecated; in a future version of numpy, it will be understood as (type, (1,)) / '(1,)type'.
  np_resource = np.dtype([("resource", np.ubyte, 1)])
/home/hz/anaconda3/envs/py36/lib/python3.6/site-packages/tfsnippet/utils/tfver.py:22: DeprecationWarning: Function 'semver.compare' is deprecated. Deprecated since version 2.10.0.  This function will be removed in semver 3. Use the respective 'semver.VersionInfo.compare' instead.
  compare_result = semver.compare(version, tf.__version__)
/home/hz/anaconda3/envs/py36/lib/python3.6/site-packages/tfsnippet/utils/tfver.py:22: DeprecationWarning: Function 'semver.compare' is deprecated. Deprecated since version 2.10.0.  This function will be removed in semver 3. Use the respective 'semver.VersionInfo.compare' instead.
  compare_result = semver.compare(version, tf.__version__)
INFO:tensorflow:Restoring parameters from /tmp/tmpxw_xkxqx/variables.dat-2500
2025-06-13 15:23:47,667 [INFO] tensorflow: Restoring parameters from /tmp/tmpxw_xkxqx/variables.dat-2500


train_values: (16582, 38)
[Epoch 1/10, Step 100] step time: 1.241s (±5.185s); train time: 1m 13.42s; valid time: 50.72s; loss: 1.03567 (±254.031); valid loss: -64.5833 (*)
[Epoch 1/10, Step 200] step time: 1.059s (±4.768s); train time: 58.02s; valid time: 47.92s; loss: -66.06 (±10.3131); valid loss: -76.219 (*)
[Epoch 1/10, Step 300] step time: 1.042s (±4.619s); train time: 57.81s; valid time: 46.43s; loss: -69.7489 (±7.00925); valid loss: -76.0076
train_values: (16582, 38)
[Epoch 2/10, Step 400, ETA 52m 56.32s] step time: 1.052s (±4.74s); train time: 40.84s; valid time: 47.66s; loss: -72.9711 (±8.77769); valid loss: -82.0099 (*)
[Epoch 2/10, Step 500, ETA 50m 39.5s] step time: 1.05s (±4.732s); train time: 57.52s; valid time: 47.56s; loss: -69.8342 (±15.5805); valid loss: -84.294 (*)
[Epoch 2/10, Step 600, ETA 48m 33.28s] step time: 1.05s (±4.747s); train time: 57.38s; valid time: 47.71s; loss: -74.6389 (±7.87523); valid loss: -84.6289 (*)
train_values: (16582, 38)
[Epoch 3/10, Step 700, ETA 46m 33.12s] step time: 1.05s (±4.744s); train time: 24.16s; valid time: 47.67s; loss: -71.0991 (±23.332); valid loss: -85.9304 (*)
[Epoch 3/10, Step 800, ETA 44m 36.78s] step time: 1.051s (±4.729s); train time: 57.57s; valid time: 47.54s; loss: -74.7198 (±14.0388); valid loss: -89.5371 (*)
[Epoch 3/10, Step 900, ETA 42m 39.18s] step time: 1.036s (±4.605s); train time: 57.44s; valid time: 46.26s; loss: -70.1783 (±12.8949); valid loss: -78.7986
train_values: (16582, 38)
[Epoch 4/10, Step 1000, ETA 40m 42.87s] step time: 1.03s (±4.553s); train time: 7.512s; valid time: 45.75s; loss: -62.4114 (±38.2465); valid loss: -70.0113
[Epoch 4/10, Step 1100, ETA 38m 49.26s] step time: 1.031s (±4.605s); train time: 56.92s; valid time: 46.28s; loss: -55.0798 (±28.2611); valid loss: -69.7694
[Epoch 4/10, Step 1200, ETA 36m 58.46s] step time: 1.038s (±4.6s); train time: 57.61s; valid time: 46.2s; loss: -68.7985 (±21.8266); valid loss: -74.3428
[Epoch 4/10, Step 1300, ETA 35m 8.966s] step time: 1.039s (±4.626s); train time: 57.45s; valid time: 46.51s; loss: -72.6014 (±10.9925); valid loss: -48.7029
train_values: (16582, 38)
[Epoch 5/10, Step 1400, ETA 33m 21.86s] step time: 1.051s (±4.728s); train time: 48.32s; valid time: 47.53s; loss: -71.7936 (±13.1296); valid loss: -89.8061 (*)
[Epoch 5/10, Step 1500, ETA 31m 33.11s] step time: 1.035s (±4.602s); train time: 57.32s; valid time: 46.23s; loss: -76.9311 (±14.7129); valid loss: -82.5911
[Epoch 5/10, Step 1600, ETA 29m 45.31s] step time: 1.038s (±4.622s); train time: 57.37s; valid time: 46.45s; loss: -77.3253 (±11.9481); valid loss: -86.7819
train_values: (16582, 38)
[Epoch 6/10, Step 1700, ETA 27m 59.06s] step time: 1.049s (±4.725s); train time: 31.61s; valid time: 47.5s; loss: -76.9019 (±11.1756); valid loss: -91.1917 (*)
[Epoch 6/10, Step 1800, ETA 26m 12.97s] step time: 1.05s (±4.728s); train time: 57.49s; valid time: 47.53s; loss: -80.662 (±15.8294); valid loss: -95.0742 (*)
[Epoch 6/10, Step 1900, ETA 24m 25.81s] step time: 1.033s (±4.602s); train time: 57.13s; valid time: 46.26s; loss: -77.9956 (±19.8257); valid loss: -89.3289
train_values: (16582, 38)
[Epoch 7/10, Step 2000, ETA 22m 39.26s] step time: 1.037s (±4.616s); train time: 14.99s; valid time: 46.39s; loss: -78.9191 (±12.4769); valid loss: -90.6851
[Epoch 7/10, Step 2100, ETA 20m 53.02s] step time: 1.038s (±4.606s); train time: 57.54s; valid time: 46.3s; loss: -81.6339 (±12.542); valid loss: -88.2733
[Epoch 7/10, Step 2200, ETA 19m 7.655s] step time: 1.051s (±4.75s); train time: 57.41s; valid time: 47.74s; loss: -82.183 (±12.728); valid loss: -97.7418 (*)
[Epoch 7/10, Step 2300, ETA 17m 21.6s] step time: 1.035s (±4.608s); train time: 57.19s; valid time: 46.32s; loss: -82.1348 (±13.6475); valid loss: -86.807
train_values: (16582, 38)
[Epoch 8/10, Step 2400, ETA 15m 35.88s] step time: 1.038s (±4.621s); train time: 55.66s; valid time: 46.44s; loss: -82.3377 (±9.92177); valid loss: -95.2101
[Epoch 8/10, Step 2500, ETA 13m 50.67s] step time: 1.049s (±4.744s); train time: 57.31s; valid time: 47.69s; loss: -86.6407 (±12.1684); valid loss: -99.809 (*)
[Epoch 8/10, Step 2600, ETA 12m 5.139s] step time: 1.036s (±4.616s); train time: 57.3s; valid time: 46.4s; loss: -83.9893 (±9.54299); valid loss: -91.2695
train_values: (16582, 38)
[Epoch 9/10, Step 2700, ETA 10m 19.72s] step time: 1.035s (±4.603s); train time: 39.04s; valid time: 46.27s; loss: -83.7742 (±14.5142); valid loss: -88.2554
[Epoch 9/10, Step 2800, ETA 8m 34.44s] step time: 1.036s (±4.61s); train time: 57.3s; valid time: 46.35s; loss: -84.389 (±13.9968); valid loss: -99.2113
[Epoch 9/10, Step 2900, ETA 6m 49.28s] step time: 1.036s (±4.612s); train time: 57.33s; valid time: 46.35s; loss: -85.4647 (±15.0108); valid loss: -88.7151
train_values: (16582, 38)
[Epoch 10/10, Step 3000, ETA 5m 4.206s] step time: 1.035s (±4.616s); train time: 22.34s; valid time: 46.39s; loss: -84.3563 (±12.309); valid loss: -91.771
[Epoch 10/10, Step 3100, ETA 3m 19.23s] step time: 1.036s (±4.599s); train time: 57.4s; valid time: 46.22s; loss: -88.024 (±13.7778); valid loss: -96.2048
[Epoch 10/10, Step 3200, ETA 1m 34.31s] step time: 1.026s (±4.51s); train time: 57.27s; valid time: 45.34s; loss: -87.8238 (±9.78751); valid loss: -96.7752
train end time:  2025-06-13 15:23:47
train time:  3420.7023475170135
test start time:  2025-06-13 15:23:47
------------------------------ testing ------------------------------
test_score shape:  (23590, 38)
test_z shape:  (23590, 100, 6)
search range:  -400.0 400.0
cur thr:  -399.0 [0.9907868608251642, 0.9817517889871611, 0.9999999628252803, 269.0, 23316.0, 5.0, 0.0, 3.2999670003299966] [0.9907868608251642, 0.9817517889871611, 0.9999999628252803, 269.0, 23316.0, 5.0, 0.0, 3.2999670003299966] -399.0
cur thr:  -349.0 [0.9853429503534222, 0.9711190985155561, 0.9999999628252803, 269.0, 23313.0, 8.0, 0.0, 2.4999750002499974] [0.9907868608251642, 0.9817517889871611, 0.9999999628252803, 269.0, 23316.0, 5.0, 0.0, 3.2999670003299966] -399.0
cur thr:  -299.0 [0.9817467906775881, 0.9641576715355674, 0.9999999628252803, 269.0, 23311.0, 10.0, 0.0, 2.4999750002499974] [0.9907868608251642, 0.9817517889871611, 0.9999999628252803, 269.0, 23316.0, 5.0, 0.0, 3.2999670003299966] -399.0
cur thr:  -249.0 [0.9711141027117783, 0.9438596160049258, 0.9999999628252803, 269.0, 23305.0, 16.0, 0.0, 2.299977000229998] [0.9907868608251642, 0.9817517889871611, 0.9999999628252803, 269.0, 23316.0, 5.0, 0.0, 3.2999670003299966] -399.0
cur thr:  -199.0 [0.9589967567724333, 0.9212328451632588, 0.9999999628252803, 269.0, 23298.0, 23.0, 0.0, 2.299977000229998] [0.9907868608251642, 0.9817517889871611, 0.9999999628252803, 269.0, 23316.0, 5.0, 0.0, 3.2999670003299966] -399.0
cur thr:  -149.0 [0.9356471620983318, 0.8790849385919955, 0.9999999628252803, 269.0, 23284.0, 37.0, 0.0, 2.299977000229998] [0.9907868608251642, 0.9817517889871611, 0.9999999628252803, 269.0, 23316.0, 5.0, 0.0, 3.2999670003299966] -399.0
cur thr:  -99.0 [0.8705452174532148, 0.7707736168832775, 0.9999999628252803, 269.0, 23241.0, 80.0, 0.0, 1.999980000199998] [0.9907868608251642, 0.9817517889871611, 0.9999999628252803, 269.0, 23316.0, 5.0, 0.0, 3.2999670003299966] -399.0
cur thr:  -49.0 [0.7106955318252234, 0.551229496901035, 0.9999999628252803, 269.0, 23102.0, 219.0, 0.0, 1.999980000199998] [0.9907868608251642, 0.9817517889871611, 0.9999999628252803, 269.0, 23316.0, 5.0, 0.0, 3.2999670003299966] -399.0
cur thr:  1.0 [0.4345684816961573, 0.2776057762888981, 0.9999999628252803, 269.0, 22621.0, 700.0, 0.0, 1.5999840001599985] [0.9907868608251642, 0.9817517889871611, 0.9999999628252803, 269.0, 23316.0, 5.0, 0.0, 3.2999670003299966] -399.0
cur thr:  51.0 [0.25521598741625795, 0.14627514874238637, 0.9999999628252803, 269.0, 21751.0, 1570.0, 0.0, 1.4999850001499986] [0.9907868608251642, 0.9817517889871611, 0.9999999628252803, 269.0, 23316.0, 5.0, 0.0, 3.2999670003299966] -399.0
cur thr:  101.0 [0.03216517433539138, 0.016345627990310734, 0.9999999628252803, 269.0, 7133.0, 16188.0, 0.0, 0.4999950000499995] [0.9907868608251642, 0.9817517889871611, 0.9999999628252803, 269.0, 23316.0, 5.0, 0.0, 3.2999670003299966] -399.0  0%|          | 0/23590 [00:00<?, ?it/s]100%|██████████| 23590/23590 [00:00<00:00, 1226432.04it/s]
cur thr:  151.0 [0.022548919915277823, 0.01140313691759087, 0.9999999628252803, 269.0, 0.0, 23321.0, 0.0, 0.0] [0.9907868608251642, 0.9817517889871611, 0.9999999628252803, 269.0, 23316.0, 5.0, 0.0, 3.2999670003299966] -399.0
cur thr:  201.0 [0.022548919915277823, 0.01140313691759087, 0.9999999628252803, 269.0, 0.0, 23321.0, 0.0, 0.0] [0.9907868608251642, 0.9817517889871611, 0.9999999628252803, 269.0, 23316.0, 5.0, 0.0, 3.2999670003299966] -399.0
cur thr:  251.0 [0.022548919915277823, 0.01140313691759087, 0.9999999628252803, 269.0, 0.0, 23321.0, 0.0, 0.0] [0.9907868608251642, 0.9817517889871611, 0.9999999628252803, 269.0, 23316.0, 5.0, 0.0, 3.2999670003299966] -399.0
cur thr:  301.0 [0.022548919915277823, 0.01140313691759087, 0.9999999628252803, 269.0, 0.0, 23321.0, 0.0, 0.0] [0.9907868608251642, 0.9817517889871611, 0.9999999628252803, 269.0, 23316.0, 5.0, 0.0, 3.2999670003299966] -399.0
cur thr:  351.0 [0.022548919915277823, 0.01140313691759087, 0.9999999628252803, 269.0, 0.0, 23321.0, 0.0, 0.0] [0.9907868608251642, 0.9817517889871611, 0.9999999628252803, 269.0, 23316.0, 5.0, 0.0, 3.2999670003299966] -399.0
[0.9907868608251642, 0.9817517889871611, 0.9999999628252803, 269.0, 23316.0, 5.0, 0.0, 3.2999670003299966] -399.0
label_file: ServerMachineDataset/interpretation_label/machine-2-3.txt
Initial threshold : 7.047333
Number of peaks : 176
Grimshaw maximum log-likelihood estimation ... [done]
	γ = 0
	σ = 1397.012
	L = 1450.608002358599
Extreme quantile (probability = 0.001): 2814.627154851598
814
23590
POT result:  (0.8705452174532148, 0.7707736168832775, 0.9999999628252803, 269.0, 23241.0, 80.0, 0.0) -97.26121598294476 1.999980000199998

=== 全局调试信息 ===
y_true shape: (23590,), unique values: [0. 1.]
y_pred shape: (23590,), unique values: [False  True]
feature_scores shape: (23590, 38)
y_true 中的异常段: [(758, 760), (5640, 5645), (5909, 5912), (7811, 7901), (10854, 10857), (12101, 12126), (14971, 15051), (19276, 19316), (19446, 19453), (20154, 20158)]


=== 处理第 1/10 段 ===
段范围: start=758, end=760
段内真实标签 (seg_true): [1. 1. 1.]
段内预测标签 (seg_pred): [ True  True  True]
段内真实异常时间点索引 (相对段内): [0 1 2]
段内是否有预测为异常的时间点: True
真实异常维度 (0-based): [11, 12]
段内检测到的异常时间点索引 (相对段内): [0 1 2]
推断的异常维度 (0-based): [7, 36]
真实与推断的交集: []
段内指标: TP=0, FP=2, FN=2, TN=34, IPS=0.0000

=== 处理第 2/10 段 ===
段范围: start=5640, end=5645
段内真实标签 (seg_true): [1. 1. 1. 1. 1. 1.]
段内预测标签 (seg_pred): [ True  True  True  True  True  True]
段内真实异常时间点索引 (相对段内): [0 1 2 3 4 5]
段内是否有预测为异常的时间点: True
真实异常维度 (0-based): [8, 9, 12]
段内检测到的异常时间点索引 (相对段内): [0 1 2 3 4 5]
推断的异常维度 (0-based): [7, 16, 36]
真实与推断的交集: []
段内指标: TP=0, FP=3, FN=3, TN=32, IPS=0.0000

=== 处理第 3/10 段 ===
段范围: start=5909, end=5912
段内真实标签 (seg_true): [1. 1. 1. 1.]
段内预测标签 (seg_pred): [ True  True  True  True]
段内真实异常时间点索引 (相对段内): [0 1 2 3]
段内是否有预测为异常的时间点: True
真实异常维度 (0-based): [8, 9, 12]
段内检测到的异常时间点索引 (相对段内): [0 1 2 3]
推断的异常维度 (0-based): [7, 16, 36]
真实与推断的交集: []
段内指标: TP=0, FP=3, FN=3, TN=32, IPS=0.0000

=== 处理第 4/10 段 ===
段范围: start=7811, end=7901
段内真实标签 (seg_true): [1. 1. 1. 1. 1. 1. 1. 1. 1. 1. 1. 1. 1. 1. 1. 1. 1. 1. 1. 1. 1. 1. 1. 1.
 1. 1. 1. 1. 1. 1. 1. 1. 1. 1. 1. 1. 1. 1. 1. 1. 1. 1. 1. 1. 1. 1. 1. 1.
 1. 1. 1. 1. 1. 1. 1. 1. 1. 1. 1. 1. 1. 1. 1. 1. 1. 1. 1. 1. 1. 1. 1. 1.
 1. 1. 1. 1. 1. 1. 1. 1. 1. 1. 1. 1. 1. 1. 1. 1. 1. 1. 1.]
段内预测标签 (seg_pred): [ True  True  True  True  True  True  True  True  True  True  True  True
  True  True  True  True  True  True  True  True  True  True  True  True
  True  True  True  True  True  True  True  True  True  True  True  True
  True  True  True  True  True  True  True  True  True  True  True  True
  True  True  True  True  True  True  True  True  True  True  True  True
  True  True  True  True  True  True  True  True  True  True  True  True
  True  True  True  True  True  True  True  True  True  True  True  True
  True  True  True  True  True  True  True]
段内真实异常时间点索引 (相对段内): [ 0  1  2  3  4  5  6  7  8  9 10 11 12 13 14 15 16 17 18 19 20 21 22 23
 24 25 26 27 28 29 30 31 32 33 34 35 36 37 38 39 40 41 42 43 44 45 46 47
 48 49 50 51 52 53 54 55 56 57 58 59 60 61 62 63 64 65 66 67 68 69 70 71
 72 73 74 75 76 77 78 79 80 81 82 83 84 85 86 87 88 89 90]
段内是否有预测为异常的时间点: True
真实异常维度 (0-based): [0, 1, 2, 3, 5, 6, 18, 20, 21, 22, 23, 24, 25, 27, 30, 31, 34, 35]
段内检测到的异常时间点索引 (相对段内): [ 0  1  2  3  4  5  6  7  8  9 10 11 12 13 14 15 16 17 18 19 20 21 22 23
 24 25 26 27 28 29 30 31 32 33 34 35 36 37 38 39 40 41 42 43 44 45 46 47
 48 49 50 51 52 53 54 55 56 57 58 59 60 61 62 63 64 65 66 67 68 69 70 71
 72 73 74 75 76 77 78 79 80 81 82 83 84 85 86 87 88 89 90]
推断的异常维度 (0-based): [0, 1, 2, 3, 4, 5, 6, 7, 8, 9, 10, 11, 12, 13, 14, 15, 16, 17, 22, 23, 24, 25, 26, 28, 29, 32, 33, 34, 35, 36, 37]
真实与推断的交集: [0, 1, 2, 3, 5, 6, 22, 23, 24, 25, 34, 35]
段内指标: TP=12, FP=19, FN=6, TN=1, IPS=0.6667

=== 处理第 5/10 段 ===
段范围: start=10854, end=10857
段内真实标签 (seg_true): [1. 1. 1. 1.]
段内预测标签 (seg_pred): [ True  True  True  True]
段内真实异常时间点索引 (相对段内): [0 1 2 3]
段内是否有预测为异常的时间点: True
真实异常维度 (0-based): [8, 11, 14]
段内检测到的异常时间点索引 (相对段内): [0 1 2 3]
推断的异常维度 (0-based): [7, 16, 36]
真实与推断的交集: []
段内指标: TP=0, FP=3, FN=3, TN=32, IPS=0.0000

=== 处理第 6/10 段 ===
段范围: start=12101, end=12126
段内真实标签 (seg_true): [1. 1. 1. 1. 1. 1. 1. 1. 1. 1. 1. 1. 1. 1. 1. 1. 1. 1. 1. 1. 1. 1. 1. 1.
 1. 1.]
段内预测标签 (seg_pred): [ True  True  True  True  True  True  True  True  True  True  True  True
  True  True  True  True  True  True  True  True  True  True  True  True
  True  True]
段内真实异常时间点索引 (相对段内): [ 0  1  2  3  4  5  6  7  8  9 10 11 12 13 14 15 16 17 18 19 20 21 22 23
 24 25]
段内是否有预测为异常的时间点: True
真实异常维度 (0-based): [0, 5, 6, 10, 15, 19, 20, 21, 22, 24, 27, 30, 31]
段内检测到的异常时间点索引 (相对段内): [ 0  1  2  3  4  5  6  7  8  9 10 11 12 13 14 15 16 17 18 19 20 21 22 23
 24 25]
推断的异常维度 (0-based): [1, 4, 7, 9, 12, 16, 17, 23, 25, 26, 28, 29, 32, 33, 36, 37]
真实与推断的交集: []
段内指标: TP=0, FP=16, FN=13, TN=9, IPS=0.0000

=== 处理第 7/10 段 ===
段范围: start=14971, end=15051
段内真实标签 (seg_true): [1. 1. 1. 1. 1. 1. 1. 1. 1. 1. 1. 1. 1. 1. 1. 1. 1. 1. 1. 1. 1. 1. 1. 1.
 1. 1. 1. 1. 1. 1. 1. 1. 1. 1. 1. 1. 1. 1. 1. 1. 1. 1. 1. 1. 1. 1. 1. 1.
 1. 1. 1. 1. 1. 1. 1. 1. 1. 1. 1. 1. 1. 1. 1. 1. 1. 1. 1. 1. 1. 1. 1. 1.
 1. 1. 1. 1. 1. 1. 1. 1. 1.]
段内预测标签 (seg_pred): [ True  True  True  True  True  True  True  True  True  True  True  True
  True  True  True  True  True  True  True  True  True  True  True  True
  True  True  True  True  True  True  True  True  True  True  True  True
  True  True  True  True  True  True  True  True  True  True  True  True
  True  True  True  True  True  True  True  True  True  True  True  True
  True  True  True  True  True  True  True  True  True  True  True  True
  True  True  True  True  True  True  True  True  True]
段内真实异常时间点索引 (相对段内): [ 0  1  2  3  4  5  6  7  8  9 10 11 12 13 14 15 16 17 18 19 20 21 22 23
 24 25 26 27 28 29 30 31 32 33 34 35 36 37 38 39 40 41 42 43 44 45 46 47
 48 49 50 51 52 53 54 55 56 57 58 59 60 61 62 63 64 65 66 67 68 69 70 71
 72 73 74 75 76 77 78 79 80]
段内是否有预测为异常的时间点: True
真实异常维度 (0-based): [0, 5, 6, 19, 20, 21, 22, 24, 27, 30, 31]
段内检测到的异常时间点索引 (相对段内): [ 0  1  2  3  4  5  6  7  8  9 10 11 12 13 14 15 16 17 18 19 20 21 22 23
 24 25 26 27 28 29 30 31 32 33 34 35 36 37 38 39 40 41 42 43 44 45 46 47
 48 49 50 51 52 53 54 55 56 57 58 59 60 61 62 63 64 65 66 67 68 69 70 71
 72 73 74 75 76 77 78 79 80]
推断的异常维度 (0-based): [4, 7, 9, 16, 17, 26, 28, 32, 33, 36, 37]
真实与推断的交集: []
段内指标: TP=0, FP=11, FN=11, TN=16, IPS=0.0000

=== 处理第 8/10 段 ===
段范围: start=19276, end=19316
段内真实标签 (seg_true): [1. 1. 1. 1. 1. 1. 1. 1. 1. 1. 1. 1. 1. 1. 1. 1. 1. 1. 1. 1. 1. 1. 1. 1.
 1. 1. 1. 1. 1. 1. 1. 1. 1. 1. 1. 1. 1. 1. 1. 1. 1.]
段内预测标签 (seg_pred): [ True  True  True  True  True  True  True  True  True  True  True  True
  True  True  True  True  True  True  True  True  True  True  True  True
  True  True  True  True  True  True  True  True  True  True  True  True
  True  True  True  True  True]
段内真实异常时间点索引 (相对段内): [ 0  1  2  3  4  5  6  7  8  9 10 11 12 13 14 15 16 17 18 19 20 21 22 23
 24 25 26 27 28 29 30 31 32 33 34 35 36 37 38 39 40]
段内是否有预测为异常的时间点: True
真实异常维度 (0-based): [0, 1, 2, 3, 5, 6, 15, 18, 19, 20, 21, 22, 23, 24, 25, 26, 27, 28, 29, 30, 31, 32, 33, 34, 35]
段内检测到的异常时间点索引 (相对段内): [ 0  1  2  3  4  5  6  7  8  9 10 11 12 13 14 15 16 17 18 19 20 21 22 23
 24 25 26 27 28 29 30 31 32 33 34 35 36 37 38 39 40]
推断的异常维度 (0-based): [0, 1, 2, 3, 4, 5, 6, 7, 8, 9, 10, 11, 12, 13, 14, 15, 16, 17, 18, 19, 20, 21, 22, 23, 24, 25, 26, 27, 28, 29, 30, 31, 32, 33, 34, 35, 36, 37]
真实与推断的交集: [0, 1, 2, 3, 5, 6, 15, 18, 19, 20, 21, 22, 23, 24, 25, 26, 27, 28, 29, 30, 31, 32, 33, 34, 35]
段内指标: TP=25, FP=13, FN=0, TN=0, IPS=1.0000

=== 处理第 9/10 段 ===
段范围: start=19446, end=19453
段内真实标签 (seg_true): [1. 1. 1. 1. 1. 1. 1. 1.]
段内预测标签 (seg_pred): [ True  True  True  True  True  True  True  True]
段内真实异常时间点索引 (相对段内): [0 1 2 3 4 5 6 7]
段内是否有预测为异常的时间点: True
真实异常维度 (0-based): [11]
段内检测到的异常时间点索引 (相对段内): [0 1 2 3 4 5 6 7]
推断的异常维度 (0-based): [7, 36]
真实与推断的交集: []
段内指标: TP=0, FP=2, FN=1, TN=35, IPS=0.0000

=== 处理第 10/10 段 ===
段范围: start=20154, end=20158
段内真实标签 (seg_true): [1. 1. 1. 1. 1.]
段内预测标签 (seg_pred): [ True  True  True  True  True]
段内真实异常时间点索引 (相对段内): [0 1 2 3 4]
段内是否有预测为异常的时间点: True
真实异常维度 (0-based): [29]
段内检测到的异常时间点索引 (相对段内): [0 1 2 3 4]
推断的异常维度 (0-based): [36]
真实与推断的交集: []
段内指标: TP=0, FP=1, FN=1, TN=36, IPS=0.0000

=== 汇总指标 ===
总 TP: 37, 总 TN: 227, 总 FP: 73, 总 FN: 43
平均 IPS: 0.3779, Precision: 0.3364, Recall: 0.4625, F1: 0.3895
每段IPS与混淆: [{'start': 758, 'end': 760, 'TP': 0, 'TN': 34, 'FP': 2, 'FN': 2, 'IPS': 0.0, 'k_selected': 2, 'gt_dims_count': 2}, {'start': 5640, 'end': 5645, 'TP': 0, 'TN': 32, 'FP': 3, 'FN': 3, 'IPS': 0.0, 'k_selected': 3, 'gt_dims_count': 3}, {'start': 5909, 'end': 5912, 'TP': 0, 'TN': 32, 'FP': 3, 'FN': 3, 'IPS': 0.0, 'k_selected': 3, 'gt_dims_count': 3}, {'start': 7811, 'end': 7901, 'TP': 12, 'TN': 1, 'FP': 19, 'FN': 6, 'IPS': 0.6666666666666666, 'k_selected': 18, 'gt_dims_count': 18}, {'start': 10854, 'end': 10857, 'TP': 0, 'TN': 32, 'FP': 3, 'FN': 3, 'IPS': 0.0, 'k_selected': 3, 'gt_dims_count': 3}, {'start': 12101, 'end': 12126, 'TP': 0, 'TN': 9, 'FP': 16, 'FN': 13, 'IPS': 0.0, 'k_selected': 13, 'gt_dims_count': 13}, {'start': 14971, 'end': 15051, 'TP': 0, 'TN': 16, 'FP': 11, 'FN': 11, 'IPS': 0.0, 'k_selected': 11, 'gt_dims_count': 11}, {'start': 19276, 'end': 19316, 'TP': 25, 'TN': 0, 'FP': 13, 'FN': 0, 'IPS': 1.0, 'k_selected': 25, 'gt_dims_count': 25}, {'start': 19446, 'end': 19453, 'TP': 0, 'TN': 35, 'FP': 2, 'FN': 1, 'IPS': 0.0, 'k_selected': 1, 'gt_dims_count': 1}, {'start': 20154, 'end': 20158, 'TP': 0, 'TN': 36, 'FP': 1, 'FN': 1, 'IPS': 0.0, 'k_selected': 1, 'gt_dims_count': 1}]
总和: {'TP': 37, 'TN': 227, 'FP': 73, 'FN': 43, 'IPS': 0.3779429987608426, 'precision': 0.33636363636363636, 'recall': 0.4625, 'F1': 0.38947368421052636}
test end time:  2025-06-13 15:29:00
test time:  312.2454710006714
==============================result==============================
{'FN': 0.0,
 'FP': 5.0,
 'TN': 23316.0,
 'TP': 269.0,
 'best-f1': 0.9907868608251642,
 'best_valid_loss': -99.80903517286329,
 'latency': 3.2999670003299966,
 'pot-FN': 0.0,
 'pot-FP': 80.0,
 'pot-TN': 23241.0,
 'pot-TP': 269.0,
 'pot-f1': 0.8705452174532148,
 'pot-latency': 1.999980000199998,
 'pot-precision': 0.7707736168832775,
 'pot-recall': 0.9999999628252803,
 'pot-threshold': -97.26121598294476,
 'precision': 0.9817517889871611,
 'pred_time': 0.3188213877758737,
 'pred_total_time': 150.79352068901062,
 'recall': 0.9999999628252803,
 'segment_results': [{'FN': 2,
                      'FP': 2,
                      'IPS': 0.0,
                      'TN': 34,
                      'TP': 0,
                      'end': 760,
                      'gt_dims_count': 2,
                      'k_selected': 2,
                      'start': 758},
                     {'FN': 3,
                      'FP': 3,
                      'IPS': 0.0,
                      'TN': 32,
                      'TP': 0,
                      'end': 5645,
                      'gt_dims_count': 3,
                      'k_selected': 3,
                      'start': 5640},
                     {'FN': 3,
                      'FP': 3,
                      'IPS': 0.0,
                      'TN': 32,
                      'TP': 0,
                      'end': 5912,
                      'gt_dims_count': 3,
                      'k_selected': 3,
                      'start': 5909},
                     {'FN': 6,
                      'FP': 19,
                      'IPS': 0.6666666666666666,
                      'TN': 1,
                      'TP': 12,
                      'end': 7901,
                      'gt_dims_count': 18,
                      'k_selected': 18,
                      'start': 7811},
                     {'FN': 3,
                      'FP': 3,
                      'IPS': 0.0,
                      'TN': 32,
                      'TP': 0,
                      'end': 10857,
                      'gt_dims_count': 3,
                      'k_selected': 3,
                      'start': 10854},
                     {'FN': 13,
                      'FP': 16,
                      'IPS': 0.0,
                      'TN': 9,
                      'TP': 0,
                      'end': 12126,
                      'gt_dims_count': 13,
                      'k_selected': 13,
                      'start': 12101},
                     {'FN': 11,
                      'FP': 11,
                      'IPS': 0.0,
                      'TN': 16,
                      'TP': 0,
                      'end': 15051,
                      'gt_dims_count': 11,
                      'k_selected': 11,
                      'start': 14971},
                     {'FN': 0,
                      'FP': 13,
                      'IPS': 1.0,
                      'TN': 0,
                      'TP': 25,
                      'end': 19316,
                      'gt_dims_count': 25,
                      'k_selected': 25,
                      'start': 19276},
                     {'FN': 1,
                      'FP': 2,
                      'IPS': 0.0,
                      'TN': 35,
                      'TP': 0,
                      'end': 19453,
                      'gt_dims_count': 1,
                      'k_selected': 1,
                      'start': 19446},
                     {'FN': 1,
                      'FP': 1,
                      'IPS': 0.0,
                      'TN': 36,
                      'TP': 0,
                      'end'
: 20158,
                      'gt_dims_count': 1,
                      'k_selected': 1,
                      'start': 20154}],
 'segment_summary': {'F1': 0.38947368421052636,
                     'FN': 43,
                     'FP': 73,
                     'IPS': 0.3779429987608426,
                     'TN': 227,
                     'TP': 37,
                     'precision': 0.33636363636363636,
                     'recall': 0.4625},
 'threshold': -399.0,
 'train_time': 340.71563241481783,
 'valid_time': 0.3283293194381903}
