2025-06-13 10:13:25.058657: I tensorflow/core/platform/cpu_feature_guard.cc:141] Your CPU supports instructions that this TensorFlow binary was not compiled to use: AVX2 AVX512F FMA
Configurations
===========================================
{'batch_size': 50,
 'bf_search_max': 400.0,
 'bf_search_min': -400.0,
 'bf_search_step_size': 1.0,
 'dataset': 'machine-1-6',
 'dense_dim': 500,
 'early_stop': True,
 'get_score_on_dim': True,
 'gradient_clip_norm': 10.0,
 'initial_lr': 0.001,
 'l2_reg': 0.0001,
 'level': 0.0075,
 'lr_anneal_epoch_freq': 40,
 'lr_anneal_factor': 0.5,
 'lr_anneal_step_freq': None,
 'max_epoch': 10,
 'max_test_size': None,
 'max_train_size': None,
 'nf_layers': 20,
 'posterior_flow_type': 'nf',
 'restore_dir': None,
 'result_dir': 'result',
 'rnn_cell': 'GRU',
 'rnn_num_hidden': 500,
 'save_dir': 'model',
 'save_z': False,
 'std_epsilon': 0.0001,
 'test_batch_size': 50,
 'test_n_z': 1,
 'test_score_filename': 'test_score.pkl',
 'test_start': 0,
 'train_score_filename': 'train_score.pkl',
 'train_start': 0,
 'use_connected_z_p': True,
 'use_connected_z_q': True,
 'valid_step_freq': 100,
 'window_length': 100,
 'x_dim': 38,
 'z_dim': 3}

train start time:  2025-06-13 10:13:10
load data of: machine-1-6
train:  0 None
test:  0 None
Data normalized
Data normalized
train set shape:  (23688, 38)
test set shape:  (23689, 38)
test set label shape:  (23689,)
Trainable Parameters                                            (2,607,740 in total)
------------------------------------------------------------------------------------
model/q_z_given_x/rnn_q_z/rnn/gru_cell/gates/kernel             (538, 1000)  538,000
model/q_z_given_x/rnn_q_z/rnn/gru_cell/gates/bias               (1000,)        1,000
model/q_z_given_x/rnn_q_z/rnn/gru_cell/candidate/kernel         (538, 500)   269,000
model/q_z_given_x/rnn_q_z/rnn/gru_cell/candidate/bias           (500,)           500
model/q_z_given_x/rnn_q_z/dense/kernel                          (500, 500)   250,000
model/q_z_given_x/rnn_q_z/dense/bias                            (500,)           500
model/q_z_given_x/rnn_q_z/dense_1/kernel                        (500, 500)   250,000
model/q_z_given_x/rnn_q_z/dense_1/bias                          (500,)           500
model/vae/variational/z_mean/kernel                             (503, 3)       1,509
model/vae/variational/z_mean/bias                               (3,)               3
model/vae/variational/z_std/kernel                              (503, 3)       1,509
model/vae/variational/z_std/bias                                (3,)               3
model/posterior_flow/_0/w                                       (1, 3)             3
model/posterior_flow/_0/b                                       (1,)               1
model/posterior_flow/_0/u                                       (1, 3)             3
model/posterior_flow/_1/w                                       (1, 3)             3
model/posterior_flow/_1/b                                       (1,)               1
model/posterior_flow/_1/u                                       (1, 3)             3
model/posterior_flow/_2/w                                       (1, 3)             3
model/posterior_flow/_2/b                                       (1,)               1
model/posterior_flow/_2/u                                       (1, 3)             3
model/posterior_flow/_3/w                                       (1, 3)             3
model/posterior_flow/_3/b                                       (1,)               1
model/posterior_flow/_3/u                                       (1, 3)             3
model/posterior_flow/_4/w                                       (1, 3)             3
model/posterior_flow/_4/b                                       (1,)               1
model/posterior_flow/_4/u                                       (1, 3)             3
model/posterior_flow/_5/w                                       (1, 3)             3
model/posterior_flow/_5/b                                       (1,)               1
model/posterior_flow/_5/u                                       (1, 3)             3
model/posterior_flow/_6/w                                       (1, 3)             3
model/posterior_flow/_6/b                                       (1,)               1
model/posterior_flow/_6/u                                       (1, 3)             3
model/posterior_flow/_7/w                                       (1, 3)             3
model/posterior_flow/_7/b                                       (1,)               1
model/posterior_flow/_7/u                                       (1, 3)             3
model/posterior_flow/_8/w                                       (1, 3)             3
model/posterior_flow/_8/b                                       (1,)               1
model/posterior_flow/_8/u                                       (1, 3)             3
model/posterior_flow/_9/w                                       (1, 3)             3
model/posterior_flow/_9/b                                       (1,)               1
model/posterior_flow/_9/u                                       (1, 3)             3
model/posterior_flow/_10/w                                      (1, 3)             3
model/posterior_flow/_10/b                                      (1,)               1
model/posterior_flow/_10/u                                      (1, 3)             3
model/posterior_flow/_11/w                                      (1, 3)             3
model/posterior_flow/_11/b                                      (1,)               1
model/posterior_flow/_11/u                                      (1, 3)             3
model/posterior_flow/_12/w                                      (1, 3)             3
model/posterior_flow/_12/b                                      (1,)               1
model/posterior_flow/_12/u                                      (1, 3)             3
model/posterior_flow/_13/w                                      (1, 3)             3
model/posterior_flow/_13/b                                      (1,)               1
model/posterior_flow/_13/u                                      (1, 3)             3
model/posterior_flow/_14/w                                      (1, 3)             3
model/posterior_flow/_14/b                                      (1,)               1
model/posterior_flow/_14/u                                      (1, 3)             3
model/posterior_flow/_15/w                                      (1, 3)             3
model/posterior_flow/_15/b                                      (1,)               1
model/posterior_flow/_15/u                                      (1, 3)             3
model/posterior_flow/_16/w                                      (1, 3)             3
model/posterior_flow/_16/b                                      (1,)               1
model/posterior_flow/_16/u                                      (1, 3)             3
model/posterior_flow/_17/w                                      (1, 3)             3
model/posterior_flow/_17/b                                      (1,)               1
model/posterior_flow/_17/u                                      (1, 3)             3
model/posterior_flow/_18/w                                      (1, 3)             3
model/posterior_flow/_18/b                                      (1,)               1
model/posterior_flow/_18/u                                      (1, 3)             3
model/posterior_flow/_19/w                                      (1, 3)             3
model/posterior_flow/_19/b                                      (1,)               1
model/posterior_flow/_19/u                                      (1, 3)             3
model/p_x_given_z/hidden/rnn_p_x/rnn/gru_cell/gates/kernel      (503, 1000)  503,000
model/p_x_given_z/hidden/rnn_p_x/rnn/gru_cell/gates/bias        (1000,)        1,000
model/p_x_given_z/hidden/rnn_p_x/rnn/gru_cell/candidate/kernel  (503, 500)   251,500
model/p_x_given_z/hidden/rnn_p_x/rnn/gru_cell/candidate/bias    (500,)           500
model/p_x_given_z/hidden/rnn_p_x/dense/kernel                   (500, 500)   250,000
model/p_x_given_z/hidden/rnn_p_x/dense/bias                     (500,)           500
model/p_x_given_z/hidden/rnn_p_x/dense_1/kernel                 (500, 500)   250,000
model/p_x_given_z/hidden/rnn_p_x/dense_1/bias                   (500,)           500
model/p_x_given_z/x_mean/kernel                                 (500, 38)     19,000
model/p_x_given_z/x_mean/bias                                   (38,)             38
model/p_x_given_z/x_std/kernel                                  (500, 38)     19,000
model/p_x_given_z/x_std/bias                                    (38,)             38/home/hz/anaconda3/envs/py36/lib/python3.6/site-packages/tensorflow/python/framework/dtypes.py:523: FutureWarning: Passing (type, 1) or '1type' as a synonym of type is deprecated; in a future version of numpy, it will be understood as (type, (1,)) / '(1,)type'.
  _np_qint8 = np.dtype([("qint8", np.int8, 1)])
/home/hz/anaconda3/envs/py36/lib/python3.6/site-packages/tensorflow/python/framework/dtypes.py:524: FutureWarning: Passing (type, 1) or '1type' as a synonym of type is deprecated; in a future version of numpy, it will be understood as (type, (1,)) / '(1,)type'.
  _np_quint8 = np.dtype([("quint8", np.uint8, 1)])
/home/hz/anaconda3/envs/py36/lib/python3.6/site-packages/tensorflow/python/framework/dtypes.py:525: FutureWarning: Passing (type, 1) or '1type' as a synonym of type is deprecated; in a future version of numpy, it will be understood as (type, (1,)) / '(1,)type'.
  _np_qint16 = np.dtype([("qint16", np.int16, 1)])
/home/hz/anaconda3/envs/py36/lib/python3.6/site-packages/tensorflow/python/framework/dtypes.py:526: FutureWarning: Passing (type, 1) or '1type' as a synonym of type is deprecated; in a future version of numpy, it will be understood as (type, (1,)) / '(1,)type'.
  _np_quint16 = np.dtype([("quint16", np.uint16, 1)])
/home/hz/anaconda3/envs/py36/lib/python3.6/site-packages/tensorflow/python/framework/dtypes.py:527: FutureWarning: Passing (type, 1) or '1type' as a synonym of type is deprecated; in a future version of numpy, it will be understood as (type, (1,)) / '(1,)type'.
  _np_qint32 = np.dtype([("qint32", np.int32, 1)])
/home/hz/anaconda3/envs/py36/lib/python3.6/site-packages/tensorflow/python/framework/dtypes.py:532: FutureWarning: Passing (type, 1) or '1type' as a synonym of type is deprecated; in a future version of numpy, it will be understood as (type, (1,)) / '(1,)type'.
  np_resource = np.dtype([("resource", np.ubyte, 1)])
/home/hz/anaconda3/envs/py36/lib/python3.6/site-packages/tfsnippet/utils/tfver.py:22: DeprecationWarning: Function 'semver.compare' is deprecated. Deprecated since version 2.10.0.  This function will be removed in semver 3. Use the respective 'semver.VersionInfo.compare' instead.
  compare_result = semver.compare(version, tf.__version__)
/home/hz/anaconda3/envs/py36/lib/python3.6/site-packages/tfsnippet/utils/tfver.py:22: DeprecationWarning: Function 'semver.compare' is deprecated. Deprecated since version 2.10.0.  This function will be removed in semver 3. Use the respective 'semver.VersionInfo.compare' instead.
  compare_result = semver.compare(version, tf.__version__)
INFO:tensorflow:Restoring parameters from /tmp/tmpo836ed58/variables.dat-3100
2025-06-13 11:11:01,391 [INFO] tensorflow: Restoring parameters from /tmp/tmpo836ed58/variables.dat-3100


train_values: (16582, 38)
[Epoch 1/10, Step 100] step time: 1.245s (±5.143s); train time: 1m 14.35s; valid time: 50.27s; loss: 5067.03 (±35497.1); valid loss: -36.6156 (*)
[Epoch 1/10, Step 200] step time: 1.057s (±4.724s); train time: 58.33s; valid time: 47.46s; loss: -39.5802 (±10.06); valid loss: -42.51 (*)
[Epoch 1/10, Step 300] step time: 1.056s (±4.708s); train time: 58.35s; valid time: 47.31s; loss: -46.3014 (±3.57483); valid loss: -44.6101 (*)
train_values: (16582, 38)
[Epoch 2/10, Step 400, ETA 53m 2.369s] step time: 1.043s (±4.58s); train time: 41.43s; valid time: 46.03s; loss: -47.5342 (±2.71247); valid loss: -44.4943
[Epoch 2/10, Step 500, ETA 50m 43.38s] step time: 1.049s (±4.617s); train time: 58.53s; valid time: 46.41s; loss: -48.761 (±3.8161); valid loss: -39.9429
[Epoch 2/10, Step 600, ETA 48m 44.44s] step time: 1.068s (±4.751s); train time: 59.14s; valid time: 47.74s; loss: -47.7989 (±3.1149); valid loss: -45.1358 (*)
train_values: (16582, 38)
[Epoch 3/10, Step 700, ETA 46m 43.64s] step time: 1.054s (±4.612s); train time: 24.89s; valid time: 46.34s; loss: -47.374 (±5.27229); valid loss: -44.2948
[Epoch 3/10, Step 800, ETA 44m 46.6s] step time: 1.054s (±4.604s); train time: 59.16s; valid time: 46.27s; loss: -49.1106 (±3.45095); valid loss: -41.3821
[Epoch 3/10, Step 900, ETA 42m 53.12s] step time: 1.057s (±4.616s); train time: 59.38s; valid time: 46.41s; loss: -45.1992 (±8.38765); valid loss: -44.6648
train_values: (16582, 38)
[Epoch 4/10, Step 1000, ETA 41m 4.477s] step time: 1.072s (±4.74s); train time: 7.74s; valid time: 47.64s; loss: -49.5509 (±3.80846); valid loss: -46.6189 (*)
[Epoch 4/10, Step 1100, ETA 39m 12.74s] step time: 1.055s (±4.617s); train time: 59.13s; valid time: 46.42s; loss: -47.5675 (±9.09127); valid loss: -45.5825
[Epoch 4/10, Step 1200, ETA 37m 21.96s] step time: 1.055s (±4.601s); train time: 59.26s; valid time: 46.25s; loss: -45.2832 (±7.68555); valid loss: -42.1905
[Epoch 4/10, Step 1300, ETA 35m 33.59s] step time: 1.065s (±4.716s); train time: 59.14s; valid time: 47.41s; loss: -46.6569 (±9.20146); valid loss: -47.6844 (*)
train_values: (16582, 38)
[Epoch 5/10, Step 1400, ETA 33m 45.58s] step time: 1.066s (±4.712s); train time: 49.72s; valid time: 47.36s; loss: -52.3849 (±2.63115); valid loss: -48.751 (*)
[Epoch 5/10, Step 1500, ETA 31m 57.54s] step time: 1.064s (±4.715s); train time: 59.05s; valid time: 47.39s; loss: -50.3311 (±4.95179); valid loss: -49.6193 (*)
[Epoch 5/10, Step 1600, ETA 30m 8.155s] step time: 1.049s (±4.582s); train time: 58.92s; valid time: 46.06s; loss: -50.311 (±8.44485); valid loss: -46.4673
train_values: (16582, 38)
[Epoch 6/10, Step 1700, ETA 28m 19.7s] step time: 1.054s (±4.602s); train time: 32.62s; valid time: 46.26s; loss: -50.3351 (±4.85328); valid loss: -44.8132
[Epoch 6/10, Step 1800, ETA 26m 31.51s] step time: 1.053s (±4.621s); train time: 58.91s; valid time: 46.43s; loss: -51.2774 (±9.34123); valid loss: -49.031
[Epoch 6/10, Step 1900, ETA 24m 43.56s] step time: 1.052s (±4.605s); train time: 58.99s; valid time: 46.27s; loss: -53.9046 (±3.03064); valid loss: -47.3706
train_values: (16582, 38)
[Epoch 7/10, Step 2000, ETA 22m 56.66s] step time: 1.064s (±4.72s); train time: 15.37s; valid time: 47.44s; loss: -54.5639 (±3.7144); valid loss: -50.045 (*)
[Epoch 7/10, Step 2100, ETA 21m 9.85s] step time: 1.065s (±4.722s); train time: 59.09s; valid time: 47.47s; loss: -55.2074 (±3.55705); valid loss: -52.6105 (*)
[Epoch 7/10, Step 2200, ETA 19m 22.45s] step time: 1.053s (±4.607s); train time: 59.01s; valid time: 46.31s; loss: -53.6348 (±5.05032); valid loss: -48.6553
[Epoch 7/10, Step 2300, ETA 17m 35.25s] step time: 1.053s (±4.6s); train time: 59.13s; valid time: 46.23s; loss: -55.6195 (±2.79553); valid loss: -52.4789
train_values: (16582, 38)
[Epoch 8/10, Step 2400, ETA 15m 48.2s] step time: 1.053s (±4.596s); train time: 57.36s; valid time: 46.2s; loss: -56.8236 (±2.64448); valid loss: -50.9327
[Epoch 8/10, Step 2500, ETA 14m 1.731s] step time: 1.067s (±4.742s); train time: 59.12s; valid time: 47.65s; loss: -57.2663 (±3.54837); valid loss: -54.0669 (*)
[Epoch 8/10, Step 2600, ETA 12m 14.82s] step time: 1.051s (±4.596s); train time: 59s; valid time: 46.18s; loss: -58.3584 (±3.93732); valid loss: -48.9057
train_values: (16582, 38)
[Epoch 9/10, Step 2700, ETA 10m 28s] step time: 1.049s (±4.583s); train time: 40.09s; valid time: 46.06s; loss: -58.6844 (±4.57871); valid loss: -53.177
[Epoch 9/10, Step 2800, ETA 8m 41.38s] step time: 1.054s (±4.605s); train time: 59.12s; valid time: 46.29s; loss: -58.1004 (±3.81386); valid loss: -53.8163
[Epoch 9/10, Step 2900, ETA 6m 54.8s] step time: 1.051s (±4.585s); train time: 59.05s; valid time: 46.09s; loss: -59.9814 (±3.90298); valid loss: -50.9364
train_values: (16582, 38)
[Epoch 10/10, Step 3000, ETA 5m 8.348s] step time: 1.053s (±4.617s); train time: 23.05s; valid time: 46.41s; loss: -59.4199 (±3.87627); valid loss: -53.9319
[Epoch 10/10, Step 3100, ETA 3m 22.02s] step time: 1.062s (±4.711s); train time: 58.9s; valid time: 47.35s; loss: -60.2004 (±3.39307); valid loss: -55.9328 (*)
[Epoch 10/10, Step 3200, ETA 1m 35.65s] step time: 1.049s (±4.594s); train time: 58.82s; valid time: 46.17s; loss: -60.8561 (±4.7689); valid loss: -51.1617
train end time:  2025-06-13 11:11:01
train time:  3471.256021499634
test start time:  2025-06-13 11:11:01
------------------------------ testing ------------------------------
test_score shape:  (23590, 38)
test_z shape:  (23590, 100, 6)
search range:  -400.0 400.0
cur thr:  -399.0 [0.9879960887659716, 0.9991726392742066, 0.9770765885192109, 3623.0, 19879.0, 3.0, 85.0, 12.866580889460737] [0.9879960887659716, 0.9991726392742066, 0.9770765885192109, 3623.0, 19879.0, 3.0, 85.0, 12.866580889460737] -399.0
cur thr:  -349.0 [0.9892452358762881, 0.9983520983291619, 0.9803128344651757, 3635.0, 19876.0, 6.0, 73.0, 11.529343945035617] [0.9893798643909057, 0.9986263708828945, 0.9803128344651757, 3635.0, 19877.0, 5.0, 73.0, 11.588167128428656] -375.0
cur thr:  -299.0 [0.9928105051322142, 0.9980921204739925, 0.9875943878435965, 3662.0, 19875.0, 7.0, 46.0, 9.04757596392398] [0.9928105051322142, 0.9980921204739925, 0.9875943878435965, 3662.0, 19875.0, 7.0, 46.0, 9.142813605649497] -312.0
cur thr:  -249.0 [0.9941786846557552, 0.9972862930874185, 0.9911003209517251, 3675.0, 19872.0, 10.0, 33.0, 7.958300173749276] [0.9944477101501228, 0.9978278550154008, 0.9911003209517251, 3675.0, 19874.0, 8.0, 33.0, 7.958300173749276] -257.0
cur thr:  -199.0 [0.9973003058830768, 0.9964997280654287, 0.9981121871679822, 3701.0, 19869.0, 13.0, 7.0, 2.96427512758883] [0.9973003058830768, 0.9964997280654287, 0.9981121871679822, 3701.0, 19869.0, 13.0, 7.0, 2.96427512758883] -206.0
cur thr:  -149.0 [0.9968973542495216, 0.9956954506438109, 0.9981121871679822, 3701.0, 19866.0, 16.0, 7.0, 2.749990178606505] [0.9973003058830768, 0.9964997280654287, 0.9981121871679822, 3701.0, 19869.0, 13.0, 7.0, 2.96427512758883] -206.0
cur thr:  -99.0 [0.9946200981925191, 0.9911622897933522, 0.9981121871679822, 3701.0, 19849.0, 33.0, 7.0, 0.28571326530976676] [0.9973003058830768, 0.9964997280654287, 0.9981121871679822, 3701.0, 19869.0, 13.0, 7.0, 2.96427512758883] -206.0
cur thr:  -49.0 [0.9915623915649161, 0.984321017846609, 0.9989212486544734, 3704.0, 19823.0, 59.0, 4.0, 0.17241319857517734] [0.9973003058830768, 0.9964997280654287, 0.9981121871679822, 3701.0, 19869.0, 13.0, 7.0, 2.96427512758883] -206.0
cur thr:  1.0 [0.9365310475014773, 0.8814850050416826, 0.9989212486544734, 3704.0, 19384.0, 498.0, 4.0, 0.1034479191451064] [0.9973003058830768, 0.9964997280654287, 0.9981121871679822, 3701.0, 19869.0, 13.0, 7.0, 2.96427512758883] -206.0
cur thr:  51.0 [0.377340048896402, 0.2326048730013785, 0.9989212486544734, 3704.0, 7662.0, 12220.0, 4.0, 0.06896527943007093] [0.9973003058830768, 0.9964997280654287, 0.9981121871679822, 3701.0, 19869.0, 13.0, 7.0, 2.96427512758883] -206.0
cur thr:  101.0 [0.2716659062414536, 0.1571852479198028, 0.9999999973031283, 3708.0, 0.0, 19882.0, 0.0, 0.0] [0.9973003058830768, 0.9964997280654287, 0.9981121871679822, 3701.0, 19869.0, 13.0, 7.0, 2.96427512758883] -206.0  0%|          | 0/23590 [00:00<?, ?it/s]100%|██████████| 23590/23590 [00:00<00:00, 1526413.22it/s]
cur thr:  151.0 [0.2716659062414536, 0.1571852479198028, 0.9999999973031283, 3708.0, 0.0, 19882.0, 0.0, 0.0] [0.9973003058830768, 0.9964997280654287, 0.9981121871679822, 3701.0, 19869.0, 13.0, 7.0, 2.96427512758883] -206.0
cur thr:  201.0 [0.2716659062414536, 0.1571852479198028, 0.9999999973031283, 3708.0, 0.0, 19882.0, 0.0, 0.0] [0.9973003058830768, 0.9964997280654287, 0.9981121871679822, 3701.0, 19869.0, 13.0, 7.0, 2.96427512758883] -206.0
cur thr:  251.0 [0.2716659062414536, 0.1571852479198028, 0.9999999973031283, 3708.0, 0.0, 19882.0, 0.0, 0.0] [0.9973003058830768, 0.9964997280654287, 0.9981121871679822, 3701.0, 19869.0, 13.0, 7.0, 2.96427512758883] -206.0
cur thr:  301.0 [0.2716659062414536, 0.1571852479198028, 0.9999999973031283, 3708.0, 0.0, 19882.0, 0.0, 0.0] [0.9973003058830768, 0.9964997280654287, 0.9981121871679822, 3701.0, 19869.0, 13.0, 7.0, 2.96427512758883] -206.0
cur thr:  351.0 [0.2716659062414536, 0.1571852479198028, 0.9999999973031283, 3708.0, 0.0, 19882.0, 0.0, 0.0] [0.9973003058830768, 0.9964997280654287, 0.9981121871679822, 3701.0, 19869.0, 13.0, 7.0, 2.96427512758883] -206.0
[0.9973003058830768, 0.9964997280654287, 0.9981121871679822, 3701.0, 19869.0, 13.0, 7.0, 2.96427512758883] -206.0
label_file: ServerMachineDataset/interpretation_label/machine-1-6.txt
Initial threshold : 30.679676
Number of peaks : 176
Grimshaw maximum log-likelihood estimation ... [done]
	γ = 0
	σ = 280.82727
	L = 1168.2422020947306
Extreme quantile (probability = 0.001): 595.0592226263989
2038
23590
POT result:  (0.9889150352643756, 0.9791171002402402, 0.9989212486544734, 3704.0, 19803.0, 79.0, 4.0) -34.244430292406854 0.13793055886014186

=== 全局调试信息 ===
y_true shape: (23590,), unique values: [0. 1.]
y_pred shape: (23590,), unique values: [False  True]
feature_scores shape: (23590, 38)
y_true 中的异常段: [(147, 152), (554, 558), (1993, 2000), (2785, 2788), (3435, 3439), (4548, 4945), (5068, 5072), (5609, 5613), (5774, 5785), (5923, 5927), (6313, 6319), (7752, 7756), (9192, 9198), (10632, 10636), (11368, 11371), (12072, 12076), (12970, 12973), (13178, 13180), (13514, 13519), (14504, 14507), (14953, 14955), (15298, 15301), (15703, 15705), (16392, 16399), (16619, 16621), (16873, 16876), (17832, 17839), (18501, 21661), (22153, 22160), (22318, 22320)]


=== 处理第 1/30 段 ===
段范围: start=147, end=152
段内真实标签 (seg_true): [1. 1. 1. 1. 1. 1.]
段内预测标签 (seg_pred): [ True  True  True  True  True  True]
段内真实异常时间点索引 (相对段内): [0 1 2 3 4 5]
段内是否有预测为异常的时间点: True
真实异常维度 (0-based): [0, 1, 2, 3, 5, 8, 9, 10, 11, 12, 14]
段内检测到的异常时间点索引 (相对段内): [0 1 2 3 4 5]
推断的异常维度 (0-based): [7, 9, 10, 13, 15, 16, 17, 26, 28, 32, 33, 36, 37]
真实与推断的交集: [9, 10]
段内指标: TP=2, FP=11, FN=9, TN=16, IPS=0.1818

=== 处理第 2/30 段 ===
段范围: start=554, end=558
段内真实标签 (seg_true): [1. 1. 1. 1. 1.]
段内预测标签 (seg_pred): [ True  True  True  True  True]
段内真实异常时间点索引 (相对段内): [0 1 2 3 4]
段内是否有预测为异常的时间点: True
真实异常维度 (0-based): [0, 1, 2, 3, 5, 8, 9, 10, 11, 12, 14, 18, 19, 20, 21, 25, 27, 29, 30, 31]
段内检测到的异常时间点索引 (相对段内): [0 1 2 3 4]
推断的异常维度 (0-based): [0, 1, 2, 3, 4, 5, 6, 7, 11, 13, 14, 15, 16, 17, 23, 24, 25, 26, 27, 28, 29, 30, 32, 33, 36, 37]
真实与推断的交集: [0, 1, 2, 3, 5, 11, 14, 25, 27, 29, 30]
段内指标: TP=11, FP=15, FN=9, TN=3, IPS=0.5500

=== 处理第 3/30 段 ===
段范围: start=1993, end=2000
段内真实标签 (seg_true): [1. 1. 1. 1. 1. 1. 1. 1.]
段内预测标签 (seg_pred): [ True  True  True  True  True  True  True  True]
段内真实异常时间点索引 (相对段内): [0 1 2 3 4 5 6 7]
段内是否有预测为异常的时间点: True
真实异常维度 (0-based): [0, 1, 2, 3, 5, 8, 9, 10, 11, 12, 14, 18, 19, 20, 21, 25, 27, 29, 30, 31]
段内检测到的异常时间点索引 (相对段内): [0 1 2 3 4 5 6 7]
推断的异常维度 (0-based): [0, 1, 2, 3, 4, 5, 7, 8, 9, 10, 11, 12, 13, 14, 15, 16, 17, 18, 19, 21, 23, 24, 25, 26, 27, 28, 29, 30, 32, 33, 36, 37]
真实与推断的交集: [0, 1, 2, 3, 5, 8, 9, 10, 11, 12, 14, 18, 19, 21, 25, 27, 29, 30]
段内指标: TP=18, FP=14, FN=2, TN=4, IPS=0.9000

=== 处理第 4/30 段 ===
段范围: start=2785, end=2788
段内真实标签 (seg_true): [1. 1. 1. 1.]
段内预测标签 (seg_pred): [False False False False]
段内真实异常时间点索引 (相对段内): [0 1 2 3]
段内是否有预测为异常的时间点: False
真实异常维度 (0-based): [5]
段内检测到的异常时间点索引 (相对段内): []
未检测到任何异常点，尝试从特征分数中推断异常维度
推断的异常维度 (0-based): [7]
真实与推断的交集: []
段内指标: TP=0, FP=1, FN=1, TN=36, IPS=0.0000

=== 处理第 5/30 段 ===
段范围: start=3435, end=3439
段内真实标签 (seg_true): [1. 1. 1. 1. 1.]
段内预测标签 (seg_pred): [ True  True  True  True  True]
段内真实异常时间点索引 (相对段内): [0 1 2 3 4]
段内是否有预测为异常的时间点: True
真实异常维度 (0-based): [0, 1, 2, 3, 5, 8, 9, 10, 11, 12, 14, 18, 19, 20, 21]
段内检测到的异常时间点索引 (相对段内): [0 1 2 3 4]
推断的异常维度 (0-based): [2, 3, 7, 8, 9, 10, 11, 13, 14, 15, 16, 17, 18, 23, 26, 28, 29, 32, 33, 36, 37]
真实与推断的交集: [2, 3, 8, 9, 10, 11, 14, 18]
段内指标: TP=8, FP=13, FN=7, TN=10, IPS=0.5333

=== 处理第 6/30 段 ===
段范围: start=4548, end=4945
段内真实标签 (seg_true): [1. 1. 1. 1. 1. 1. 1. 1. 1. 1. 1. 1. 1. 1. 1. 1. 1. 1. 1. 1. 1. 1. 1. 1.
 1. 1. 1. 1. 1. 1. 1. 1. 1. 1. 1. 1. 1. 1. 1. 1. 1. 1. 1. 1. 1. 1. 1. 1.
 1. 1. 1. 1. 1. 1. 1. 1. 1. 1. 1. 1. 1. 1. 1. 1. 1. 1. 1. 1. 1. 1. 1. 1.
 1. 1. 1. 1. 1. 1. 1. 1. 1. 1. 1. 1. 1. 1. 1. 1. 1. 1. 1. 1. 1. 1. 1. 1.
 1. 1. 1. 1. 1. 1. 1. 1. 1. 1. 1. 1. 1. 1. 1. 1. 1. 1. 1. 1. 1. 1. 1. 1.
 1. 1. 1. 1. 1. 1. 1. 1. 1. 1. 1. 1. 1. 1. 1. 1. 1. 1. 1. 1. 1. 1. 1. 1.
 1. 1. 1. 1. 1. 1. 1. 1. 1. 1. 1. 1. 1. 1. 1. 1. 1. 1. 1. 1. 1. 1. 1. 1.
 1. 1. 1. 1. 1. 1. 1. 1. 1. 1. 1. 1. 1. 1. 1. 1. 1. 1. 1. 1. 1. 1. 1. 1.
 1. 1. 1. 1. 1. 1. 1. 1. 1. 1. 1. 1. 1. 1. 1. 1. 1. 1. 1. 1. 1. 1. 1. 1.
 1. 1. 1. 1. 1. 1. 1. 1. 1. 1. 1. 1. 1. 1. 1. 1. 1. 1. 1. 1. 1. 1. 1. 1.
 1. 1. 1. 1. 1. 1. 1. 1. 1. 1. 1. 1. 1. 1. 1. 1. 1. 1. 1. 1. 1. 1. 1. 1.
 1. 1. 1. 1. 1. 1. 1. 1. 1. 1. 1. 1. 1. 1. 1. 1. 1. 1. 1. 1. 1. 1. 1. 1.
 1. 1. 1. 1. 1. 1. 1. 1. 1. 1. 1. 1. 1. 1. 1. 1. 1. 1. 1. 1. 1. 1. 1. 1.
 1. 1. 1. 1. 1. 1. 1. 1. 1. 1. 1. 1. 1. 1. 1. 1. 1. 1. 1. 1. 1. 1. 1. 1.
 1. 1. 1. 1. 1. 1. 1. 1. 1. 1. 1. 1. 1. 1. 1. 1. 1. 1. 1. 1. 1. 1. 1. 1.
 1. 1. 1. 1. 1. 1. 1. 1. 1. 1. 1. 1. 1. 1. 1. 1. 1. 1. 1. 1. 1. 1. 1. 1.
 1. 1. 1. 1. 1. 1. 1. 1. 1. 1. 1. 1. 1. 1.]
段内预测标签 (seg_pred): [ True  True  True  True  True  True  True  True  True  True  True  True
  True  True  True  True  True  True  True  True  True  True  True  True
  True  True  True  True  True  True  True  True  True  True  True  True
  True  True  True  True  True  True  True  True  True  True  True  True
  True  True  True  True  True  True  True  True  True  True  True  True
  True  True  True  True  True  True  True  True  True  True  True  True
  True  True  True  True  True  True  True  True  True  True  True  True
  True  True  True  True  True  True  True  True  True  True  True  True
  True  True  True  True  True  True  True  True  True  True  True  True
  True  True  True  True  True  True  True  True  True  True  True  True
  True  True  True  True  True  True  True  True  True  True  True  True
  True  True  True  True  True  True  True  True  True  True  True  True
  True  True  True  True  True  True  True  True  True  True  True  True
  True  True  True  True  True  True  True  True  True  True  True  True
  True  True  True  True  True  True  True  True  True  True  True  True
  True  True  True  True  True  True  True  True  True  True  True  True
  True  True  True  True  True  True  True  True  True  True  True  True
  True  True  True  True  True  True  True  True  True  True  True  True
  True  True  True  True  True  True  True  True  True  True  True  True
  True  True  True  True  True  True  True  True  True  True  True  True
  True  True  True  True  True  True  True  True  True  True  True  True
  True  True  True  True  True  True  True  True  True  True  True  True
  True  True  True  True  True  True  True  True  True  True  True  True
  True  True  True  True  True  True  True  True  True  True  True  True
  True  True  True  True  True  True  True  True  True  True  True  True
  True  True  True  True  True  True  True  True  True  True  True  True
  True  True  True  True  True  True  True  True  True  True  True  True
  True  True  True  True  True  True  True  True  True  True  True  True
  True  True  True  True  True  True  True  True  True  True  True  True
  True  True  True  True  True  True  True  True  True  True  True  True
  True  True  True  True  True  True  True  True  True  True  True  True
  True  True  True  True  True  True  True  True  True  True  True  True
  True  True  True  True  True  True  True  True  True  True  True  True
  True  True]
段内真实异常时间点索引 (相对段内): [  0   1   2   3   4   5   6   7   8   9  10  11  12  13  14  15  16  17
  18  19  20  21  22  23  24  25  26  27  28  29  30  31  32  33  34  35
  36  37  38  39  40  41  42  43  44  45  46  47  48  49  50  51  52  53
  54  55  56  57  58  59  60  61  62  63  64  65  66  67  68  69  70  71
  72  73  74  75  76  77  78  79  80  81  82  83  84  85  86  87  88  89
  90  91  92  93  94  95  96  97  98  99 100 101 102 103 104 105 106 107
 108 109 110 111 112 113 114 115 116 117 118 119 120 121 122 123 124 125
 126 127 128 129 130 131 132 133 134 135 136 137 138 139 140 141 142 143
 144 145 146 147 148 149 150 151 152 153 154 155 156 157 158 159 160 161
 162 163 164 165 166 167 168 169 170 171 172 173 174 175 176 177 178 179
 180 181 182 183 184 185 186 187 188 189 190 191 192 193 194 195 196 197
 198 199 200 201 202 203 204 205 206 207 208 209 210 211 212 213 214 215
 216 217 218 219 220 221 222 223 224 225 226 227 228 229 230 231 232 233
 234 235 236 237 238 239 240 241 242 243 244 245 246 247 248 249 250 251
 252 253 254 255 256 257 258 259 260 261 262 263 264 265 266 267 268 269
 270 271 272 273 274 275 276 277 278 279 280 281 282 283 284 285 286 287
 288 289 290 291 292 293 294 295 296 297 298 299 300 301 302 303 304 305
 306 307 308 309 310 311 312 313 314 315 316 317 318 319 320 321 322 323
 324 325 326 327 328 329 330 331 332 333 334 335 336 337 338 339 340 341
 342 343 344 345 346 347 348 349 350 351 352 353 354 355 356 357 358 359
 360 361 362 363 364 365 366 367 368 369 370 371 372 373 374 375 376 377
 378 379 380 381 382 383 384 385 386 387 388 389 390 391 392 393 394 395
 396 397]
段内是否有预测为异常的时间点: True
真实异常维度 (0-based): [4, 5, 8, 9, 10, 12, 16, 32, 33]
段内检测到的异常时间点索引 (相对段内): [  0   1   2   3   4   5   6   7   8   9  10  11  12  13  14  15  16  17
  18  19  20  21  22  23  24  25  26  27  28  29  30  31  32  33  34  35
  36  37  38  39  40  41  42  43  44  45  46  47  48  49  50  51  52  53
  54  55  56  57  58  59  60  61  62  63  64  65  66  67  68  69  70  71
  72  73  74  75  76  77  78  79  80  81  82  83  84  85  86  87  88  89
  90  91  92  93  94  95  96  97  98  99 100 101 102 103 104 105 106 107
 108 109 110 111 112 113 114 115 116 117 118 119 120 121 122 123 124 125
 126 127 128 129 130 131 132 133 134 135 136 137 138 139 140 141 142 143
 144 145 146 147 148 149 150 151 152 153 154 155 156 157 158 159 160 161
 162 163 164 165 166 167 168 169 170 171 172 173 174 175 176 177 178 179
 180 181 182 183 184 185 186 187 188 189 190 191 192 193 194 195 196 197
 198 199 200 201 202 203 204 205 206 207 208 209 210 211 212 213 214 215
 216 217 218 219 220 221 222 223 224 225 226 227 228 229 230 231 232 233
 234 235 236 237 238 239 240 241 242 243 244 245 246 247 248 249 250 251
 252 253 254 255 256 257 258 259 260 261 262 263 264 265 266 267 268 269
 270 271 272 273 274 275 276 277 278 279 280 281 282 283 284 285 286 287
 288 289 290 291 292 293 294 295 296 297 298 299 300 301 302 303 304 305
 306 307 308 309 310 311 312 313 314 315 316 317 318 319 320 321 322 323
 324 325 326 327 328 329 330 331 332 333 334 335 336 337 338 339 340 341
 342 343 344 345 346 347 348 349 350 351 352 353 354 355 356 357 358 359
 360 361 362 363 364 365 366 367 368 369 370 371 372 373 374 375 376 377
 378 379 380 381 382 383 384 385 386 387 388 389 390 391 392 393 394 395
 396 397]
推断的异常维度 (0-based): [7, 9, 10, 13, 16, 17, 26, 28, 32, 33, 36, 37]
真实与推断的交集: [9, 10, 16, 32, 33]
段内指标: TP=5, FP=7, FN=4, TN=22, IPS=0.5556

=== 处理第 7/30 段 ===
段范围: start=5068, end=5072
段内真实标签 (seg_true): [1. 1. 1. 1. 1.]
段内预测标签 (seg_pred): [ True  True  True  True  True]
段内真实异常时间点索引 (相对段内): [0 1 2 3 4]
段内是否有预测为异常的时间点: True
真实异常维度 (0-based): [8, 9, 10, 12, 17]
段内检测到的异常时间点索引 (相对段内): [0 1 2 3 4]
推断的异常维度 (0-based): [7, 16, 26, 36, 37]
真实与推断的交集: []
段内指标: TP=0, FP=5, FN=5, TN=28, IPS=0.0000

=== 处理第 8/30 段 ===
段范围: start=5609, end=5613
段内真实标签 (seg_true): [1. 1. 1. 1. 1.]
段内预测标签 (seg_pred): [ True  True  True  True  True]
段内真实异常时间点索引 (相对段内): [0 1 2 3 4]
段内是否有预测为异常的时间点: True
真实异常维度 (0-based): [8, 9, 10, 12]
段内检测到的异常时间点索引 (相对段内): [0 1 2 3 4]
推断的异常维度 (0-based): [7, 26, 28, 36]
真实与推断的交集: []
段内指标: TP=0, FP=4, FN=4, TN=30, IPS=0.0000

=== 处理第 9/30 段 ===
段范围: start=5774, end=5785
段内真实标签 (seg_true): [1. 1. 1. 1. 1. 1. 1. 1. 1. 1. 1. 1.]
段内预测标签 (seg_pred): [ True  True  True  True  True  True  True  True  True  True  True  True]
段内真实异常时间点索引 (相对段内): [ 0  1  2  3  4  5  6  7  8  9 10 11]
段内是否有预测为异常的时间点: True
真实异常维度 (0-based): [1, 2, 5, 8, 9, 10, 12, 18, 19, 20, 21, 27, 30, 31]
段内检测到的异常时间点索引 (相对段内): [ 0  1  2  3  4  5  6  7  8  9 10 11]
推断的异常维度 (0-based): [0, 1, 3, 5, 7, 9, 10, 11, 13, 14, 15, 16, 17, 18, 24, 26, 28, 29, 31, 32, 33, 36, 37]
真实与推断的交集: [1, 5, 9, 10, 18, 31]
段内指标: TP=6, FP=17, FN=8, TN=7, IPS=0.4286

=== 处理第 10/30 段 ===
段范围: start=5923, end=5927
段内真实标签 (seg_true): [1. 1. 1. 1. 1.]
段内预测标签 (seg_pred): [ True  True  True  True  True]
段内真实异常时间点索引 (相对段内): [0 1 2 3 4]
段内是否有预测为异常的时间点: True
真实异常维度 (0-based): [32, 33]
段内检测到的异常时间点索引 (相对段内): [0 1 2 3 4]
推断的异常维度 (0-based): [7, 26]
真实与推断的交集: []
段内指标: TP=0, FP=2, FN=2, TN=34, IPS=0.0000

=== 处理第 11/30 段 ===
段范围: start=6313, end=6319
段内真实标签 (seg_true): [1. 1. 1. 1. 1. 1. 1.]
段内预测标签 (seg_pred): [ True  True  True  True  True  True  True]
段内真实异常时间点索引 (相对段内): [0 1 2 3 4 5 6]
段内是否有预测为异常的时间点: True
真实异常维度 (0-based): [0, 1, 2, 5, 8, 9, 10, 12, 14, 18, 19, 20, 21, 27, 29, 30, 31, 34, 35]
段内检测到的异常时间点索引 (相对段内): [0 1 2 3 4 5 6]
推断的异常维度 (0-based): [0, 1, 2, 3, 4, 5, 6, 7, 9, 10, 11, 13, 15, 16, 17, 18, 22, 24, 25, 26, 27, 28, 29, 30, 31, 32, 33, 34, 35, 36, 37]
真实与推断的交集: [0, 1, 2, 5, 9, 10, 18, 27, 29, 30, 31, 34, 35]
段内指标: TP=13, FP=18, FN=6, TN=1, IPS=0.6842

=== 处理第 12/30 段 ===
段范围: start=7752, end=7756
段内真实标签 (seg_true): [1. 1. 1. 1. 1.]
段内预测标签 (seg_pred): [ True  True  True  True  True]
段内真实异常时间点索引 (相对段内): [0 1 2 3 4]
段内是否有预测为异常的时间点: True
真实异常维度 (0-based): [0, 1, 8, 9, 10, 12, 18, 19, 20, 21, 22, 27, 29, 30, 31]
段内检测到的异常时间点索引 (相对段内): [0 1 2 3 4]
推断的异常维度 (0-based): [0, 1, 2, 5, 7, 8, 9, 10, 11, 13, 14, 15, 16, 17, 22, 23, 24, 25, 26, 28, 29, 31, 32, 33, 36, 37]
真实与推断的交集: [0, 1, 8, 9, 10, 22, 29, 31]
段内指标: TP=8, FP=18, FN=7, TN=5, IPS=0.5333

=== 处理第 13/30 段 ===
段范围: start=9192, end=9198
段内真实标签 (seg_true): [1. 1. 1. 1. 1. 1. 1.]
段内预测标签 (seg_pred): [ True  True  True  True  True  True  True]
段内真实异常时间点索引 (相对段内): [0 1 2 3 4 5 6]
段内是否有预测为异常的时间点: True
真实异常维度 (0-based): [0, 1, 2, 8, 9, 10, 12, 18, 19, 20, 21, 22, 27, 29, 30, 31]
段内检测到的异常时间点索引 (相对段内): [0 1 2 3 4 5 6]
推断的异常维度 (0-based): [0, 1, 2, 3, 5, 7, 9, 10, 11, 13, 15, 16, 17, 22, 23, 24, 25, 26, 28, 29, 30, 31, 32, 33, 34, 35, 36, 37]
真实与推断的交集: [0, 1, 2, 9, 10, 22, 29, 30, 31]
段内指标: TP=9, FP=19, FN=7, TN=3, IPS=0.5625

=== 处理第 14/30 段 ===
段范围: start=10632, end=10636
段内真实标签 (seg_true): [1. 1. 1. 1. 1.]
段内预测标签 (seg_pred): [ True  True  True  True  True]
段内真实异常时间点索引 (相对段内): [0 1 2 3 4]
段内是否有预测为异常的时间点: True
真实异常维度 (0-based): [0, 1, 2, 8, 9, 10, 12, 18, 19, 20, 21, 22, 27, 29, 30, 31]
段内检测到的异常时间点索引 (相对段内): [0 1 2 3 4]
推断的异常维度 (0-based): [0, 1, 3, 5, 7, 9, 10, 11, 13, 15, 16, 17, 22, 24, 25, 26, 28, 29, 30, 31, 32, 33, 36, 37]
真实与推断的交集: [0, 1, 9, 10, 22, 29, 30, 31]
段内指标: TP=8, FP=16, FN=8, TN=6, IPS=0.5000

=== 处理第 15/30 段 ===
段范围: start=11368, end=11371
段内真实标签 (seg_true): [1. 1. 1. 1.]
段内预测标签 (seg_pred): [ True  True  True  True]
段内真实异常时间点索引 (相对段内): [0 1 2 3]
段内是否有预测为异常的时间点: True
真实异常维度 (0-based): [0, 1, 2, 5, 8, 9, 10, 12, 18, 19, 20, 21, 22, 27, 29, 30, 31]
段内检测到的异常时间点索引 (相对段内): [0 1 2 3]
推断的异常维度 (0-based): [0, 1, 3, 5, 7, 9, 10, 13, 15, 16, 17, 18, 20, 24, 25, 26, 28, 30, 31, 32, 33, 34, 35, 36, 37]
真实与推断的交集: [0, 1, 5, 9, 10, 18, 20, 30, 31]
段内指标: TP=9, FP=16, FN=8, TN=5, IPS=0.5294

=== 处理第 16/30 段 ===
段范围: start=12072, end=12076
段内真实标签 (seg_true): [1. 1. 1. 1. 1.]
段内预测标签 (seg_pred): [ True  True  True  True  True]
段内真实异常时间点索引 (相对段内): [0 1 2 3 4]
段内是否有预测为异常的时间点: True
真实异常维度 (0-based): [0, 1, 2, 5, 8, 9, 10, 12, 18, 19, 20, 21, 22, 27, 29, 30, 31]
段内检测到的异常时间点索引 (相对段内): [0 1 2 3 4]
推断的异常维度 (0-based): [0, 1, 2, 3, 5, 6, 7, 9, 10, 11, 13, 15, 16, 17, 23, 24, 25, 26, 28, 29, 31, 32, 33, 36, 37]
真实与推断的交集: [0, 1, 2, 5, 9, 10, 29, 31]
段内指标: TP=8, FP=17, FN=9, TN=4, IPS=0.4706

=== 处理第 17/30 段 ===
段范围: start=12970, end=12973
段内真实标签 (seg_true): [1. 1. 1. 1.]
段内预测标签 (seg_pred): [ True  True  True  True]
段内真实异常时间点索引 (相对段内): [0 1 2 3]
段内是否有预测为异常的时间点: True
真实异常维度 (0-based): [32, 33]
段内检测到的异常时间点索引 (相对段内): [0 1 2 3]
推断的异常维度 (0-based): [7, 26]
真实与推断的交集: []
段内指标: TP=0, FP=2, FN=2, TN=34, IPS=0.0000

=== 处理第 18/30 段 ===
段范围: start=13178, end=13180
段内真实标签 (seg_true): [1. 1. 1.]
段内预测标签 (seg_pred): [ True  True  True]
段内真实异常时间点索引 (相对段内): [0 1 2]
段内是否有预测为异常的时间点: True
真实异常维度 (0-based): [16]
段内检测到的异常时间点索引 (相对段内): [0 1 2]
推断的异常维度 (0-based): [7]
真实与推断的交集: []
段内指标: TP=0, FP=1, FN=1, TN=36, IPS=0.0000

=== 处理第 19/30 段 ===
段范围: start=13514, end=13519
段内真实标签 (seg_true): [1. 1. 1. 1. 1. 1.]
段内预测标签 (seg_pred): [ True  True  True  True  True  True]
段内真实异常时间点索引 (相对段内): [0 1 2 3 4 5]
段内是否有预测为异常的时间点: True
真实异常维度 (0-based): [0, 1, 8, 9, 10, 11, 12, 29]
段内检测到的异常时间点索引 (相对段内): [0 1 2 3 4 5]
推断的异常维度 (0-based): [7, 16, 17, 26, 28, 32, 33, 36, 37]
真实与推断的交集: []
段内指标: TP=0, FP=9, FN=8, TN=21, IPS=0.0000

=== 处理第 20/30 段 ===
段范围: start=14504, end=14507
段内真实标签 (seg_true): [1. 1. 1. 1.]
段内预测标签 (seg_pred): [ True  True  True  True]
段内真实异常时间点索引 (相对段内): [0 1 2 3]
段内是否有预测为异常的时间点: True
真实异常维度 (0-based): [8, 9, 10, 12, 18, 19, 20, 21, 31, 36]
段内检测到的异常时间点索引 (相对段内): [0 1 2 3]
推断的异常维度 (0-based): [7, 9, 10, 11, 13, 15, 16, 17, 26, 28, 32, 33, 36, 37]
真实与推断的交集: [9, 10, 36]
段内指标: TP=3, FP=11, FN=7, TN=17, IPS=0.3000

=== 处理第 21/30 段 ===
段范围: start=14953, end=14955
段内真实标签 (seg_true): [1. 1. 1.]
段内预测标签 (seg_pred): [ True  True  True]
段内真实异常时间点索引 (相对段内): [0 1 2]
段内是否有预测为异常的时间点: True
真实异常维度 (0-based): [8, 9, 10, 12]
段内检测到的异常时间点索引 (相对段内): [0 1 2]
推断的异常维度 (0-based): [7, 26, 28, 36]
真实与推断的交集: []
段内指标: TP=0, FP=4, FN=4, TN=30, IPS=0.0000

=== 处理第 22/30 段 ===
段范围: start=15298, end=15301
段内真实标签 (seg_true): [1. 1. 1. 1.]
段内预测标签 (seg_pred): [ True  True  True  True]
段内真实异常时间点索引 (相对段内): [0 1 2 3]
段内是否有预测为异常的时间点: True
真实异常维度 (0-based): [8, 11, 12]
段内检测到的异常时间点索引 (相对段内): [0 1 2 3]
推断的异常维度 (0-based): [7, 26, 36]
真实与推断的交集: []
段内指标: TP=0, FP=3, FN=3, TN=32, IPS=0.0000

=== 处理第 23/30 段 ===
段范围: start=15703, end=15705
段内真实标签 (seg_true): [1. 1. 1.]
段内预测标签 (seg_pred): [ True  True  True]
段内真实异常时间点索引 (相对段内): [0 1 2]
段内是否有预测为异常的时间点: True
真实异常维度 (0-based): [8, 9, 10, 12]
段内检测到的异常时间点索引 (相对段内): [0 1 2]
推断的异常维度 (0-based): [7, 26, 28, 36]
真实与推断的交集: []
段内指标: TP=0, FP=4, FN=4, TN=30, IPS=0.0000

=== 处理第 24/30 段 ===
段范围: start=16392, end=16399
段内真实标签 (seg_true): [1. 1. 1. 1. 1. 1. 1. 1.]
段内预测标签 (seg_pred): [ True  True  True  True  True  True  True  True]
段内真实异常时间点索引 (相对段内): [0 1 2 3 4 5 6 7]
段内是否有预测为异常的时间点: True
真实异常维度 (0-based): [0, 1, 2, 8, 9, 10, 12, 14]
段内检测到的异常时间点索引 (相对段内): [0 1 2 3 4 5 6 7]
推断的异常维度 (0-based): [7, 13, 16, 17, 26, 28, 32, 33, 36, 37]
真实与推断的交集: []
段内指标: TP=0, FP=10, FN=8, TN=20, IPS=0.0000

=== 处理第 25/30 段 ===
段范围: start=16619, end=16621
段内真实标签 (seg_true): [1. 1. 1.]
段内预测标签 (seg_pred): [ True  True  True]
段内真实异常时间点索引 (相对段内): [0 1 2]
段内是否有预测为异常的时间点: True
真实异常维度 (0-based): [8, 9, 10, 12]
段内检测到的异常时间点索引 (相对段内): [0 1 2]
推断的异常维度 (0-based): [7, 26, 28, 36]
真实与推断的交集: []
段内指标: TP=0, FP=4, FN=4, TN=30, IPS=0.0000

=== 处理第 26/30 段 ===
段范围: start=16873, end=16876
段内真实标签 (seg_true): [1. 1. 1. 1.]
段内预测标签 (seg_pred): [ True  True  True  True]
段内真实异常时间点索引 (相对段内): [0 1 2 3]
段内是否有预测为异常的时间点: True
真实异常维度 (0-based): [8, 11, 12, 14]
段内检测到的异常时间点索引 (相对段内): [0 1 2 3]
推断的异常维度 (0-based): [7, 26, 28, 36]
真实与推断的交集: []
段内指标: TP=0, FP=4, FN=4, TN=30, IPS=0.0000

=== 处理第 27/30 段 ===
段范围: start=17832, end=17839
段内真实标签 (seg_true): [1. 1. 1. 1. 1. 1. 1. 1.]
段内预测标签 (seg_pred): [ True  True  True  True  True  True  True  True]
段内真实异常时间点索引 (相对段内): [0 1 2 3 4 5 6 7]
段内是否有预测为异常的时间点: True
真实异常维度 (0-based): [0, 1, 2, 5, 8, 9, 10, 11, 12, 14, 18, 19, 20, 21, 22, 27, 29, 30, 31]
段内检测到的异常时间点索引 (相对段内): [0 1 2 3 4 5 6 7]
推断的异常维度 (0-based): [0, 1, 2, 3, 5, 7, 9, 10, 13, 15, 16, 17, 20, 21, 22, 24, 25, 26, 27, 28, 29, 30, 31, 32, 33, 34, 35, 36, 37]
真实与推断的交集: [0, 1, 2, 5, 9, 10, 20, 21, 22, 27, 29, 30, 31]
段内指标: TP=13, FP=16, FN=6, TN=3, IPS=0.6842

=== 处理第 28/30 段 ===
段范围: start=18501, end=21661
段内真实标签 (seg_true): [1. 1. 1. ... 1. 1. 1.]
段内预测标签 (seg_pred): [ True  True  True ...  True  True  True]
段内真实异常时间点索引 (相对段内): [   0    1    2 ... 3158 3159 3160]
段内是否有预测为异常的时间点: True
真实异常维度 (0-based): [0, 1, 2, 3, 5, 8, 9, 10, 11, 12, 13, 14, 15, 22, 24, 27, 29, 30, 31, 34, 35]
段内检测到的异常时间点索引 (相对段内): [   0    1    2 ... 3158 3159 3160]
推断的异常维度 (0-based): [0, 1, 2, 3, 4, 5, 6, 7, 8, 9, 10, 11, 12, 13, 14, 15, 16, 17, 18, 19, 20, 21, 22, 24, 25, 26, 27, 28, 29, 30, 31, 32, 33, 34, 35, 36, 37]
真实与推断的交集: [0, 1, 2, 3, 5, 8, 9, 10, 11, 12, 13, 14, 15, 22, 24, 27, 29, 30, 31, 34, 35]
段内指标: TP=21, FP=16, FN=0, TN=1, IPS=1.0000

=== 处理第 29/30 段 ===
段范围: start=22153, end=22160
段内真实标签 (seg_true): [1. 1. 1. 1. 1. 1. 1. 1.]
段内预测标签 (seg_pred): [ True  True  True  True  True  True  True  True]
段内真实异常时间点索引 (相对段内): [0 1 2 3 4 5 6 7]
段内是否有预测为异常的时间点: True
真实异常维度 (0-based): [8, 12, 14]
段内检测到的异常时间点索引 (相对段内): [0 1 2 3 4 5 6 7]
推断的异常维度 (0-based): [7, 16, 26]
真实与推断的交集: []
段内指标: TP=0, FP=3, FN=3, TN=32, IPS=0.0000

=== 处理第 30/30 段 ===
段范围: start=22318, end=22320
段内真实标签 (seg_true): [1. 1. 1.]
段内预测标签 (seg_pred): [ True  True  True]
段内真实异常时间点索引 (相对段内): [0 1 2]
段内是否有预测为异常的时间点: True
真实异常维度 (0-based): [10, 12]
段内检测到的异常时间点索引 (相对段内): [0 1 2]
推断的异常维度 (0-based): [7, 16]
真实与推断的交集: []
段内指标: TP=0, FP=2, FN=2, TN=34, IPS=0.0000

=== 汇总指标 ===
总 TP: 142, 总 TN: 564, 总 FP: 282, 总 FN: 152
平均 IPS: 0.9239, Precision: 0.3349, Recall: 0.4830, F1: 0.3955
每段IPS与混淆: [{'start': 147, 'end': 152, 'TP': 2, 'TN': 16, 'FP': 11, 'FN': 9, 'IPS': 0.18181818181818182, 'k_selected': 11, 'gt_dims_count': 11}, {'start': 554, 'end': 558, 'TP': 11, 'TN': 3, 'FP': 15, 'FN': 9, 'IPS': 0.55, 'k_selected': 20, 'gt_dims_count': 20}, {'start': 1993, 'end': 2000, 'TP': 18, 'TN': 4, 'FP': 14, 'FN': 2, 'IPS': 0.9, 'k_selected': 20, 'gt_dims_count': 20}, {'start': 2785, 'end': 2788, 'TP': 0, 'TN': 36, 'FP': 1, 'FN': 1, 'IPS': 0.0, 'k_selected': 1, 'gt_dims_count': 1}, {'start': 3435, 'end': 3439, 'TP': 8, 'TN': 10, 'FP': 13, 'FN': 7, 'IPS': 0.5333333333333333, 'k_selected': 15, 'gt_dims_count': 15}, {'start': 4548, 'end': 4945, 'TP': 5, 'TN': 22, 'FP': 7, 'FN': 4, 'IPS': 0.5555555555555556, 'k_selected': 9, 'gt_dims_count': 9}, {'start': 5068, 'end': 5072, 'TP': 0, 'TN': 28, 'FP': 5, 'FN': 5, 'IPS': 0.0, 'k_selected': 5, 'gt_dims_count': 5}, {'start': 5609, 'end': 5613, 'TP': 0, 'TN': 30, 'FP': 4, 'FN': 4, 'IPS': 0.0, 'k_selected': 4, 'gt_dims_count': 4}, {'start': 5774, 'end': 5785, 'TP': 6, 'TN': 7, 'FP': 17, 'FN': 8, 'IPS': 0.42857142857142855, 'k_selected': 14, 'gt_dims_count': 14}, {'start': 5923, 'end': 5927, 'TP': 0, 'TN': 34, 'FP': 2, 'FN': 2, 'IPS': 0.0, 'k_selected': 2, 'gt_dims_count': 2}, {'start': 6313, 'end': 6319, 'TP': 13, 'TN': 1, 'FP': 18, 'FN': 6, 'IPS': 0.6842105263157895, 'k_selected': 19, 'gt_dims_count': 19}, {'start': 7752, 'end': 7756, 'TP': 8, 'TN': 5, 'FP': 18, 'FN': 7, 'IPS': 0.5333333333333333, 'k_selected': 15, 'gt_dims_count': 15}, {'start': 9192, 'end': 9198, 'TP': 9, 'TN': 3, 'FP': 19, 'FN': 7, 'IPS': 0.5625, 'k_selected': 16, 'gt_dims_count': 16}, {'start': 10632, 'end': 10636, 'TP': 8, 'TN': 6, 'FP': 16, 'FN': 8, 'IPS': 0.5, 'k_selected': 16, 'gt_dims_count': 16}, {'start': 11368, 'end': 11371, 'TP': 9, 'TN': 5, 'FP': 16, 'FN': 8, 'IPS': 0.5294117647058824, 'k_selected': 17, 'gt_dims_count': 17}, {'start': 12072, 'end': 12076, 'TP': 8, 'TN': 4, 'FP': 17, 'FN': 9, 'IPS': 0.47058823529411764, 'k_selected': 17, 'gt_dims_count': 17}, {'start': 12970, 'end': 12973, 'TP': 0, 'TN': 34, 'FP': 2, 'FN': 2, 'IPS': 0.0, 'k_selected': 2, 'gt_dims_count': 2}, {'start': 13178, 'end': 13180, 'TP': 0, 'TN': 36, 'FP': 1, 'FN': 1, 'IPS': 0.0, 'k_selected': 1, 'gt_dims_count': 1}, {'start': 13514, 'end': 13519, 'TP': 0, 'TN': 21, 'FP': 9, 'FN': 8, 'IPS': 0.0, 'k_selected': 8, 'gt_dims_count': 8}, {'start': 14504, 'end': 14507, 'TP': 3, 'TN': 17, 'FP': 11, 'FN': 7, 'IPS': 0.3, 'k_selected': 10, 'gt_dims_count': 10}, {'start': 14953, 'end': 14955, 'TP': 0, 'TN': 30, 'FP': 4, 'FN': 4, 'IPS': 0.0, 'k_selected': 4, 'gt_dims_count': 4}, {'start': 15298, 'end': 15301, 'TP': 0, 'TN': 32, 'FP': 3, 'FN': 3, 'IPS': 0.0, 'k_selected': 3, 'gt_dims_count': 3}, {'start': 15703, 'end': 15705, 'TP': 0, 'TN': 30, 'FP': 4, 'FN': 4, 'IPS': 0.0, 'k_selected': 4, 'gt_dims_count': 4}, {'start': 16392, 'end': 16399, 'TP': 0, 'TN': 20, 'FP': 10, 'FN': 8, 'IPS': 0.0, 'k_selected': 8, 'gt_dims_count': 8}, {'start': 16619, 'end': 16621, 'TP': 0, 'TN': 30, 'FP': 4, 'FN': 4, 'IPS': 0.0, 'k_selected': 4, 'gt_dims_count': 4}, {'start': 16873, 'end': 16876, 'TP': 0, 'TN': 30, 'FP': 4, 'FN': 4, 'IPS': 0.0, 'k_selected': 4, 'gt_dims_count': 4}, {'start': 17832, 'end': 17839, 'TP': 13, 'TN': 3, 'FP': 16, 'FN': 6, 'IPS': 0.6842105263157895, 'k_selected': 19, 'gt_dims_count': 19}, {'start': 18501, 'end': 21661, 'TP': 21, 'TN': 1, 'FP': 16, 'FN': 0, 'IPS': 1.0, 'k_selected': 21, 'gt_dims_count': 21}, {'start': 22153, 'end': 22160, 'TP': 0, 'TN': 32, 'FP': 3, 'FN': 3, 'IPS': 0.0, 'k_selected': 3, 'gt_dims_count': 3}, {'start': 22318, 'end': 22320, 'TP': 0, 'TN': 34, 'FP': 2, 'FN': 2, 'IPS': 0.0, 'k_selected': 2, 'gt_dims_count': 2}]
总和: {'TP': 142, 'TN': 564, 'FP': 282, 'FN': 152, 'IPS': 0.9239480735728807, 'precision': 0.33490566037735847, 'recall': 0.48299319727891155, 'F1': 0.39554317548746515}
test end time:  2025-06-13 11:16:21
test time:  320.03684401512146
==============================result==============================
{'FN': 7.0,
 'FP': 13.0,
 'TN': 19869.0,
 'TP': 3701.0,
 'best-f1': 0.9973003058830768,
 'best_valid_loss': -55.932800431249476,
 'latency': 2.96427512758883,
 'pot-FN': 4.0,
 'pot-FP': 79.0,
 'pot-TN': 19803.0,
 'pot-TP': 3704.0,
 'pot-f1': 0.9889150352643756,
 'pot-latency': 0.13793055886014186,
 'pot-precision': 0.9791171002402402,
 'pot-recall': 0.9989212486544734,
 'pot-threshold': -34.244430292406854,
 'precision': 0.9964997280654287,
 'pred_time': 0.32904783295372786,
 'pred_total_time': 155.57530760765076,
 'recall': 0.9981121871679822,
 'segment_results': [{'FN': 9,
                      'FP': 11,
                      'IPS': 0.18181818181818182,
                      'TN': 16,
                      'TP': 2,
                      'end': 152,
                      'gt_dims_count': 11,
                      'k_selected': 11,
                      'start': 147},
                     {'FN': 9,
                      'FP': 15,
                      'IPS': 0.55,
                      'TN': 3,
                      'TP': 11,
                      'end': 558,
                      'gt_dims_count': 20,
                      'k_selected': 20,
                      'start': 554},
                     {'FN': 2,
                      'FP': 14,
                      'IPS': 0.9,
                      'TN': 4,
                      'TP': 18,
                      'end': 2000,
                      'gt_dims_count': 20,
                      'k_selected': 20,
                      'start': 1993},
                     {'FN': 1,
                      'FP': 1,
                      'IPS': 0.0,
                      'TN': 36,
                      'TP': 0,
                      'end': 2788,
                      'gt_dims_count': 1,
                      'k_selected': 1,
                      'start': 2785},
                     {'FN': 7,
                      'FP': 13,
                      'IPS': 0.5333333333333333,
                      'TN': 10,
                      'TP': 8,
                      'end': 3439,
                      'gt_dims_count': 15,
                      'k_selected': 15,
                      'start': 3435},
                     {'FN': 4,
                      'FP': 7,
                      'IPS': 0.5555555555555556,
                      'TN': 22,
                      'TP': 5,
                      'end': 4945,
                      'gt_dims_count': 9,
                      
'k_selected': 9,
                      'start': 4548},
                     {'FN': 5,
                      'FP': 5,
                      'IPS': 0.0,
                      'TN': 28,
                      'TP': 0,
                      'end': 5072,
                      'gt_dims_count': 5,
                      'k_selected': 5,
                      'start': 5068},
                     {'FN': 4,
                      'FP': 4,
                      'IPS': 0.0,
                      'TN': 30,
                      'TP': 0,
                      'end': 5613,
                      'gt_dims_count': 4,
                      'k_selected': 4,
                      'start': 5609},
                     {'FN': 8,
                      'FP': 17,
                      'IPS': 0.42857142857142855,
                      'TN': 7,
                      'TP': 6,
                      'end': 5785,
                      'gt_dims_count': 14,
                      'k_selected': 14,
                      'start': 5774},
                     {'FN': 2,
                      'FP': 2,
                      'IPS': 0.0,
                      'TN': 34,
                      'TP': 0,
                      'end': 5927,
                      'gt_dims_count': 2,
                      'k_selected': 2,
                      'start': 5923},
                     {'FN': 6,
                      'FP': 18,
                      'IPS': 0.6842105263157895,
                      'TN': 1,
                      'TP': 13,
                      'end': 6319,
                      'gt_dims_count': 19,
                      'k_selected': 19,
                      'start': 6313},
                     {'FN': 7,
                      'FP': 18,
                      'IPS': 0.5333333333333333,
                      'TN': 5,
                      'TP': 8,
                      'end': 7756,
                      'gt_dims_count': 15,
                      'k_selected': 15,
                      'start': 7752},
                     {'FN': 7,
                      'FP': 19,
                      'IPS': 0.5625,
                      'TN': 3,
                      'TP': 9,
                      'end': 9198,
                      'gt_dims_count': 16,
                      'k_selected': 16,
                      'start': 9192},
                     {'FN': 8,
                      'FP': 16,
                      'IPS': 0.5,
                      'TN': 6,
                      'TP': 8,
                      'end': 10636,
                      'gt_dims_count': 16,
                      'k_selected': 16,
                      'start': 10632},
                     {'FN': 8,
                      'FP': 16,
                      'IPS': 0.5294117647058824,
                      'TN': 5,
                      'TP': 9,
                      'end': 11371,
                      'gt_dims_count': 17,
                      'k_selected': 17,
                      'start': 11368},
                     {'FN': 9,
                      'FP': 17,
                      'IPS': 0.47058823529411764,
                      'TN': 4,
                      'TP': 8,
                      'end': 12076,
                      'gt_dims_count': 17,
                      'k_selected': 17,
                      'start': 12072},
                     {'FN': 2,
                      'FP': 2,
                      'IPS': 0.0,
                      'TN': 34,
                      'TP': 0,
                      'end': 12973,
                      'gt_dims_count': 2,
                      'k_selected': 2,
                      'start': 12970},
                     {'FN': 1,
                      'FP': 1,
                      'IPS': 0.0,
                      'TN': 36,
                      'TP': 0,
                      'end': 13180,
                      'gt_dims_count': 1,
                      'k_selected': 1,
                      'start': 13178},
                     {'FN': 8,
                      'FP': 9,
                      'IPS': 0.0,
                      'TN': 21,
                      'TP': 0,
                      'end': 13519,
                      'gt_dims_count': 8,
                      'k_selected': 8,
                      'start': 13514},
                     {'FN': 7,
                      'FP': 11,
                      'IPS': 0.3,
                      'TN': 17,
                      'TP': 3,
                      'end': 14507,
                      'gt_dims_count': 10,
                      'k_selected': 10,
                      'start': 14504},
                     {'FN': 4,
                      'FP': 4,
                      'IPS': 0.0,
                      'TN': 30,
                      'TP': 0,
                      'end': 14955,
                      'gt_dims_count': 4,
                      'k_selected': 4,
                      'start': 14953},
                     {'FN': 3,
                      'FP': 3,
                      'IPS': 0.0,
                      'TN': 32,
                      'TP': 0,
                      'end': 15301,
                      'gt_dims_count': 3,
                      'k_selected': 3,
                      'start': 15298},
                     {'FN': 4,
                      'FP': 4,
                      'IPS': 0.0,
                      'TN': 30,
                      'TP': 0,
                      'end': 15705,
                      'gt_dims_count': 4,
                      'k_selected': 4,
                      'start': 15703},
                     {'FN': 8,
                      'FP': 10,
                      'IPS': 0.0,
                      'TN': 20,
                      'TP': 0,
                      'end': 16399,
                      'gt_dims_count': 8,
                      'k_selected': 8,
                      'start': 16392},
                     {'FN': 4,
                      'FP': 4,
                      'IPS': 0.0,
                      'TN': 30,
                      'TP': 0,
                      'end': 16621,
                      'gt_dims_count': 4,
                      'k_selected': 4,
                      'start': 16619},
                     {'FN': 4,
                      'FP': 4,
                      'IPS': 0.0,
                      'TN': 30,
                      'TP': 0,
                      'end': 16876,
                      'gt_dims_count': 4,
                      'k_selected': 4,
                      'start': 16873},
                     {'FN': 6,
                      'FP': 16,
                      'IPS': 0.6842105263157895,
                      'TN': 3,
                      'TP': 13,
                      'end': 17839,
                      'gt_dims_count': 19,
                      'k_selected': 19,
                      'start': 17832},
                     {'FN': 0,
                      'FP': 16,
                      'IPS': 1.0,
                      'TN': 1,
                      'TP': 21,
                      'end': 21661,
                      'gt_dims_count': 21,
                      'k_selected': 21,
                      'start': 18501},
                     {'FN': 3,
                      'FP': 3,
                      'IPS': 0.0,
                      'TN': 32,
                      'TP': 0,
                      'end': 22160,
                      'gt_dims_count': 3,
                      'k_selected': 3,
                      'start': 22153},
                     {'FN': 2,
                      'FP': 2,
                      'IPS': 0.0,
                      'TN': 34,
                      'TP': 0,
                      'end': 22320,
                      'gt_dims_count': 2,
                      'k_selected': 2,
                      'start': 22318}],
 'segment_summary': {'F1': 0.39554317548746515,
                     'FN': 152,
                     'FP': 282,
                     'IPS': 0.9239480735728807,
                     'TN': 564,
                     'TP': 142,
                     'precision': 0.33490566037735847,
                     'recall': 0.48299319727891155},
 'threshold': -206.0,
 'train_time': 345.6550407409668,
 'valid_time': 0.32784731099580194}
