2025-06-13 12:19:35.736775: I tensorflow/core/platform/cpu_feature_guard.cc:141] Your CPU supports instructions that this TensorFlow binary was not compiled to use: AVX2 AVX512F FMA
Configurations
===========================================
{'batch_size': 50,
 'bf_search_max': 400.0,
 'bf_search_min': -400.0,
 'bf_search_step_size': 1.0,
 'dataset': 'machine-2-1',
 'dense_dim': 500,
 'early_stop': True,
 'get_score_on_dim': True,
 'gradient_clip_norm': 10.0,
 'initial_lr': 0.001,
 'l2_reg': 0.0001,
 'level': 0.0075,
 'lr_anneal_epoch_freq': 40,
 'lr_anneal_factor': 0.5,
 'lr_anneal_step_freq': None,
 'max_epoch': 10,
 'max_test_size': None,
 'max_train_size': None,
 'nf_layers': 20,
 'posterior_flow_type': 'nf',
 'restore_dir': None,
 'result_dir': 'result',
 'rnn_cell': 'GRU',
 'rnn_num_hidden': 500,
 'save_dir': 'model',
 'save_z': False,
 'std_epsilon': 0.0001,
 'test_batch_size': 50,
 'test_n_z': 1,
 'test_score_filename': 'test_score.pkl',
 'test_start': 0,
 'train_score_filename': 'train_score.pkl',
 'train_start': 0,
 'use_connected_z_p': True,
 'use_connected_z_q': True,
 'valid_step_freq': 100,
 'window_length': 100,
 'x_dim': 38,
 'z_dim': 3}

train start time:  2025-06-13 12:19:21
load data of: machine-2-1
train:  0 None
test:  0 None
Data normalized
Data normalized
train set shape:  (23693, 38)
test set shape:  (23694, 38)
test set label shape:  (23694,)
Trainable Parameters                                            (2,607,740 in total)
------------------------------------------------------------------------------------
model/q_z_given_x/rnn_q_z/rnn/gru_cell/gates/kernel             (538, 1000)  538,000
model/q_z_given_x/rnn_q_z/rnn/gru_cell/gates/bias               (1000,)        1,000
model/q_z_given_x/rnn_q_z/rnn/gru_cell/candidate/kernel         (538, 500)   269,000
model/q_z_given_x/rnn_q_z/rnn/gru_cell/candidate/bias           (500,)           500
model/q_z_given_x/rnn_q_z/dense/kernel                          (500, 500)   250,000
model/q_z_given_x/rnn_q_z/dense/bias                            (500,)           500
model/q_z_given_x/rnn_q_z/dense_1/kernel                        (500, 500)   250,000
model/q_z_given_x/rnn_q_z/dense_1/bias                          (500,)           500
model/vae/variational/z_mean/kernel                             (503, 3)       1,509
model/vae/variational/z_mean/bias                               (3,)               3
model/vae/variational/z_std/kernel                              (503, 3)       1,509
model/vae/variational/z_std/bias                                (3,)               3
model/posterior_flow/_0/w                                       (1, 3)             3
model/posterior_flow/_0/b                                       (1,)               1
model/posterior_flow/_0/u                                       (1, 3)             3
model/posterior_flow/_1/w                                       (1, 3)             3
model/posterior_flow/_1/b                                       (1,)               1
model/posterior_flow/_1/u                                       (1, 3)             3
model/posterior_flow/_2/w                                       (1, 3)             3
model/posterior_flow/_2/b                                       (1,)               1
model/posterior_flow/_2/u                                       (1, 3)             3
model/posterior_flow/_3/w                                       (1, 3)             3
model/posterior_flow/_3/b                                       (1,)               1
model/posterior_flow/_3/u                                       (1, 3)             3
model/posterior_flow/_4/w                                       (1, 3)             3
model/posterior_flow/_4/b                                       (1,)               1
model/posterior_flow/_4/u                                       (1, 3)             3
model/posterior_flow/_5/w                                       (1, 3)             3
model/posterior_flow/_5/b                                       (1,)               1
model/posterior_flow/_5/u                                       (1, 3)             3
model/posterior_flow/_6/w                                       (1, 3)             3
model/posterior_flow/_6/b                                       (1,)               1
model/posterior_flow/_6/u                                       (1, 3)             3
model/posterior_flow/_7/w                                       (1, 3)             3
model/posterior_flow/_7/b                                       (1,)               1
model/posterior_flow/_7/u                                       (1, 3)             3
model/posterior_flow/_8/w                                       (1, 3)             3
model/posterior_flow/_8/b                                       (1,)               1
model/posterior_flow/_8/u                                       (1, 3)             3
model/posterior_flow/_9/w                                       (1, 3)             3
model/posterior_flow/_9/b                                       (1,)               1
model/posterior_flow/_9/u                                       (1, 3)             3
model/posterior_flow/_10/w                                      (1, 3)             3
model/posterior_flow/_10/b                                      (1,)               1
model/posterior_flow/_10/u                                      (1, 3)             3
model/posterior_flow/_11/w                                      (1, 3)             3
model/posterior_flow/_11/b                                      (1,)               1
model/posterior_flow/_11/u                                      (1, 3)             3
model/posterior_flow/_12/w                                      (1, 3)             3
model/posterior_flow/_12/b                                      (1,)               1
model/posterior_flow/_12/u                                      (1, 3)             3
model/posterior_flow/_13/w                                      (1, 3)             3
model/posterior_flow/_13/b                                      (1,)               1
model/posterior_flow/_13/u                                      (1, 3)             3
model/posterior_flow/_14/w                                      (1, 3)             3
model/posterior_flow/_14/b                                      (1,)               1
model/posterior_flow/_14/u                                      (1, 3)             3
model/posterior_flow/_15/w                                      (1, 3)             3
model/posterior_flow/_15/b                                      (1,)               1
model/posterior_flow/_15/u                                      (1, 3)             3
model/posterior_flow/_16/w                                      (1, 3)             3
model/posterior_flow/_16/b                                      (1,)               1
model/posterior_flow/_16/u                                      (1, 3)             3
model/posterior_flow/_17/w                                      (1, 3)             3
model/posterior_flow/_17/b                                      (1,)               1
model/posterior_flow/_17/u                                      (1, 3)             3
model/posterior_flow/_18/w                                      (1, 3)             3
model/posterior_flow/_18/b                                      (1,)               1
model/posterior_flow/_18/u                                      (1, 3)             3
model/posterior_flow/_19/w                                      (1, 3)             3
model/posterior_flow/_19/b                                      (1,)               1
model/posterior_flow/_19/u                                      (1, 3)             3
model/p_x_given_z/hidden/rnn_p_x/rnn/gru_cell/gates/kernel      (503, 1000)  503,000
model/p_x_given_z/hidden/rnn_p_x/rnn/gru_cell/gates/bias        (1000,)        1,000
model/p_x_given_z/hidden/rnn_p_x/rnn/gru_cell/candidate/kernel  (503, 500)   251,500
model/p_x_given_z/hidden/rnn_p_x/rnn/gru_cell/candidate/bias    (500,)           500
model/p_x_given_z/hidden/rnn_p_x/dense/kernel                   (500, 500)   250,000
model/p_x_given_z/hidden/rnn_p_x/dense/bias                     (500,)           500
model/p_x_given_z/hidden/rnn_p_x/dense_1/kernel                 (500, 500)   250,000
model/p_x_given_z/hidden/rnn_p_x/dense_1/bias                   (500,)           500
model/p_x_given_z/x_mean/kernel                                 (500, 38)     19,000
model/p_x_given_z/x_mean/bias                                   (38,)             38
model/p_x_given_z/x_std/kernel                                  (500, 38)     19,000
model/p_x_given_z/x_std/bias                                    (38,)             38/home/hz/anaconda3/envs/py36/lib/python3.6/site-packages/tensorflow/python/framework/dtypes.py:523: FutureWarning: Passing (type, 1) or '1type' as a synonym of type is deprecated; in a future version of numpy, it will be understood as (type, (1,)) / '(1,)type'.
  _np_qint8 = np.dtype([("qint8", np.int8, 1)])
/home/hz/anaconda3/envs/py36/lib/python3.6/site-packages/tensorflow/python/framework/dtypes.py:524: FutureWarning: Passing (type, 1) or '1type' as a synonym of type is deprecated; in a future version of numpy, it will be understood as (type, (1,)) / '(1,)type'.
  _np_quint8 = np.dtype([("quint8", np.uint8, 1)])
/home/hz/anaconda3/envs/py36/lib/python3.6/site-packages/tensorflow/python/framework/dtypes.py:525: FutureWarning: Passing (type, 1) or '1type' as a synonym of type is deprecated; in a future version of numpy, it will be understood as (type, (1,)) / '(1,)type'.
  _np_qint16 = np.dtype([("qint16", np.int16, 1)])
/home/hz/anaconda3/envs/py36/lib/python3.6/site-packages/tensorflow/python/framework/dtypes.py:526: FutureWarning: Passing (type, 1) or '1type' as a synonym of type is deprecated; in a future version of numpy, it will be understood as (type, (1,)) / '(1,)type'.
  _np_quint16 = np.dtype([("quint16", np.uint16, 1)])
/home/hz/anaconda3/envs/py36/lib/python3.6/site-packages/tensorflow/python/framework/dtypes.py:527: FutureWarning: Passing (type, 1) or '1type' as a synonym of type is deprecated; in a future version of numpy, it will be understood as (type, (1,)) / '(1,)type'.
  _np_qint32 = np.dtype([("qint32", np.int32, 1)])
/home/hz/anaconda3/envs/py36/lib/python3.6/site-packages/tensorflow/python/framework/dtypes.py:532: FutureWarning: Passing (type, 1) or '1type' as a synonym of type is deprecated; in a future version of numpy, it will be understood as (type, (1,)) / '(1,)type'.
  np_resource = np.dtype([("resource", np.ubyte, 1)])
/home/hz/anaconda3/envs/py36/lib/python3.6/site-packages/tfsnippet/utils/tfver.py:22: DeprecationWarning: Function 'semver.compare' is deprecated. Deprecated since version 2.10.0.  This function will be removed in semver 3. Use the respective 'semver.VersionInfo.compare' instead.
  compare_result = semver.compare(version, tf.__version__)
/home/hz/anaconda3/envs/py36/lib/python3.6/site-packages/tfsnippet/utils/tfver.py:22: DeprecationWarning: Function 'semver.compare' is deprecated. Deprecated since version 2.10.0.  This function will be removed in semver 3. Use the respective 'semver.VersionInfo.compare' instead.
  compare_result = semver.compare(version, tf.__version__)
INFO:tensorflow:Restoring parameters from /tmp/tmpgy29zuct/variables.dat-3100
2025-06-13 13:17:33,522 [INFO] tensorflow: Restoring parameters from /tmp/tmpgy29zuct/variables.dat-3100


train_values: (16586, 38)
[Epoch 1/10, Step 100] step time: 1.249s (±5.24s); train time: 1m 13.61s; valid time: 51.36s; loss: 180.5 (±1713.6); valid loss: -43.9345 (*)
[Epoch 1/10, Step 200] step time: 1.061s (±4.708s); train time: 58.8s; valid time: 47.31s; loss: -49.2356 (±5.15465); valid loss: -41.5016
[Epoch 1/10, Step 300] step time: 1.079s (±4.873s); train time: 58.98s; valid time: 48.97s; loss: -50.6114 (±3.97896); valid loss: -45.69 (*)
train_values: (16586, 38)
[Epoch 2/10, Step 400, ETA 53m 43.48s] step time: 1.071s (±4.844s); train time: 41.46s; valid time: 48.7s; loss: -54.1781 (±3.52583); valid loss: -55.579 (*)
[Epoch 2/10, Step 500, ETA 51m 20.2s] step time: 1.058s (±4.714s); train time: 58.47s; valid time: 47.38s; loss: -53.9913 (±3.50643); valid loss: -53.7572
[Epoch 2/10, Step 600, ETA 49m 10.38s] step time: 1.06s (±4.72s); train time: 58.62s; valid time: 47.45s; loss: -53.7882 (±3.78768); valid loss: -51.0985
train_values: (16586, 38)
[Epoch 3/10, Step 700, ETA 47m 7.246s] step time: 1.06s (±4.726s); train time: 24.6s; valid time: 47.5s; loss: -54.9511 (±3.42659); valid loss: -51.1739
[Epoch 3/10, Step 800, ETA 45m 9.063s] step time: 1.062s (±4.731s); train time: 58.71s; valid time: 47.55s; loss: -55.9322 (±3.89715); valid loss: -53.0539
[Epoch 3/10, Step 900, ETA 43m 12.88s] step time: 1.06s (±4.721s); train time: 58.56s; valid time: 47.46s; loss: -55.6349 (±3.47096); valid loss: -48.9496
train_values: (16586, 38)
[Epoch 4/10, Step 1000, ETA 41m 19.02s] step time: 1.061s (±4.718s); train time: 7.692s; valid time: 47.44s; loss: -50.9285 (±12.8251); valid loss: -49.7425
[Epoch 4/10, Step 1100, ETA 39m 29.33s] step time: 1.075s (±4.852s); train time: 58.77s; valid time: 48.76s; loss: -54.395 (±5.43503); valid loss: -56.5699 (*)
[Epoch 4/10, Step 1200, ETA 37m 37.57s] step time: 1.061s (±4.71s); train time: 58.8s; valid time: 47.34s; loss: -49.2692 (±9.13458); valid loss: -53.8563
[Epoch 4/10, Step 1300, ETA 35m 46.33s] step time: 1.059s (±4.715s); train time: 58.5s; valid time: 47.41s; loss: -56.2117 (±3.90619); valid loss: -50.7636
train_values: (16586, 38)
[Epoch 5/10, Step 1400, ETA 33m 55.62s] step time: 1.057s (±4.705s); train time: 49s; valid time: 47.29s; loss: -49.3289 (±12.8738); valid loss: -19.093
[Epoch 5/10, Step 1500, ETA 32m 5.927s] step time: 1.06s (±4.723s); train time: 58.56s; valid time: 47.48s; loss: -50.1062 (±9.27159); valid loss: -53.4093
[Epoch 5/10, Step 1600, ETA 30m 16.44s] step time: 1.057s (±4.723s); train time: 58.32s; valid time: 47.48s; loss: -48.6472 (±20.9978); valid loss: -52.9511
train_values: (16586, 38)
[Epoch 6/10, Step 1700, ETA 28m 28.07s] step time: 1.065s (±4.743s); train time: 32.36s; valid time: 47.67s; loss: -55.3487 (±9.26755); valid loss: -30.6115
[Epoch 6/10, Step 1800, ETA 26m 39.64s] step time: 1.062s (±4.73s); train time: 58.67s; valid time: 47.53s; loss: -56.6453 (±6.08706); valid loss: -54.8395
[Epoch 6/10, Step 1900, ETA 24m 52.35s] step time: 1.074s (±4.857s); train time: 58.64s; valid time: 48.81s; loss: -59.5946 (±3.15813); valid loss: -58.5737 (*)
train_values: (16586, 38)
[Epoch 7/10, Step 2000, ETA 23m 3.898s] step time: 1.056s (±4.722s); train time: 15.16s; valid time: 47.45s; loss: -59.5879 (±4.03114); valid loss: -56.3726
[Epoch 7/10, Step 2100, ETA 21m 15.84s] step time: 1.059s (±4.715s); train time: 58.53s; valid time: 47.38s; loss: -60.795 (±3.59255); valid loss: -57.0436
[Epoch 7/10, Step 2200, ETA 19m 28s] step time: 1.059s (±4.719s); train time: 58.53s; valid time: 47.42s; loss: -59.3025 (±3.83552); valid loss: -57.5092
[Epoch 7/10, Step 2300, ETA 17m 40.93s] step time: 1.073s (±4.845s); train time: 58.66s; valid time: 48.69s; loss: -60.2816 (±3.40254); valid loss: -62.2751 (*)
train_values: (16586, 38)
[Epoch 8/10, Step 2400, ETA 15m 53.72s] step time: 1.07s (±4.834s); train time: 56.75s; valid time: 48.58s; loss: -62.7682 (±3.69847); valid loss: -62.7702 (*)
[Epoch 8/10, Step 2500, ETA 14m 6.175s] step time: 1.059s (±4.702s); train time: 58.66s; valid time: 47.27s; loss: -61.8726 (±3.85074); valid loss: -58.0368
[Epoch 8/10, Step 2600, ETA 12m 18.75s] step time: 1.059s (±4.723s); train time: 58.46s; valid time: 47.47s; loss: -64.4803 (±2.73812); valid loss: -60.6382
train_values: (16586, 38)
[Epoch 9/10, Step 2700, ETA 10m 31.8s] step time: 1.075s (±4.862s); train time: 39.84s; valid time: 48.86s; loss: -64.4715 (±4.07031); valid loss: -65.1417 (*)
[Epoch 9/10, Step 2800, ETA 8m 44.48s] step time: 1.057s (±4.71s); train time: 58.39s; valid time: 47.34s; loss: -63.9657 (±4.75512); valid loss: -63.4085
[Epoch 9/10, Step 2900, ETA 6m 57.45s] step time: 1.07s (±4.854s); train time: 58.28s; valid time: 48.79s; loss: -66.3237 (±3.32662); valid loss: -66.7436 (*)
train_values: (16586, 38)
[Epoch 10/10, Step 3000, ETA 5m 10.3s] step time: 1.058s (±4.717s); train time: 22.72s; valid time: 47.39s; loss: -64.8484 (±4.6792); valid loss: -62.0067
[Epoch 10/10, Step 3100, ETA 3m 23.3s] step time: 1.07s (±4.842s); train time: 58.38s; valid time: 48.66s; loss: -66.3782 (±4.969); valid loss: -68.5051 (*)
[Epoch 10/10, Step 3200, ETA 1m 36.27s] step time: 1.059s (±4.717s); train time: 58.51s; valid time: 47.42s; loss: -67.9654 (±3.41665); valid loss: -61.4699
train end time:  2025-06-13 13:17:33
train time:  3492.2019789218903
test start time:  2025-06-13 13:17:33
------------------------------ testing ------------------------------
test_score shape:  (23595, 38)
test_z shape:  (23595, 100, 6)
search range:  -400.0 400.0
cur thr:  -399.0 [0.9389160888342484, 0.9813606618698913, 0.8999999923076923, 1053.0, 22405.0, 20.0, 117.0, 62.44375062499306] [0.9389160888342484, 0.9813606618698913, 0.8999999923076923, 1053.0, 22405.0, 20.0, 117.0, 62.44375062499306] -399.0
cur thr:  -349.0 [0.9380796331394854, 0.9795348746089779, 0.8999999923076923, 1053.0, 22403.0, 22.0, 117.0, 62.44375062499306] [0.9389160888342484, 0.9813606618698913, 0.8999999923076923, 1053.0, 22405.0, 20.0, 117.0, 62.44375062499306] -399.0
cur thr:  -299.0 [0.9355791843370412, 0.9740980483432188, 0.8999999923076923, 1053.0, 22397.0, 28.0, 117.0, 62.44375062499306] [0.9389160888342484, 0.9813606618698913, 0.8999999923076923, 1053.0, 22405.0, 20.0, 117.0, 62.44375062499306] -399.0
cur thr:  -249.0 [0.9343339519874638, 0.9714022050608653, 0.8999999923076923, 1053.0, 22394.0, 31.0, 117.0, 26.55526049710559] [0.9389160888342484, 0.9813606618698913, 0.8999999923076923, 1053.0, 22405.0, 20.0, 117.0, 62.44375062499306] -399.0
cur thr:  -199.0 [0.9302070115780267, 0.9625228431213634, 0.8999999923076923, 1053.0, 22384.0, 41.0, 117.0, 26.444150620548662] [0.9389160888342484, 0.9813606618698913, 0.8999999923076923, 1053.0, 22405.0, 20.0, 117.0, 62.44375062499306] -399.0
cur thr:  -149.0 [0.9339654537439525, 0.9496466347204361, 0.9188034109503982, 1075.0, 22368.0, 57.0, 95.0, 14.099859001409985] [0.9389160888342484, 0.9813606618698913, 0.8999999923076923, 1053.0, 22405.0, 20.0, 117.0, 62.44375062499306] -399.0
cur thr:  -99.0 [0.927073883400837, 0.9251063751054777, 0.9290598211191469, 1087.0, 22337.0, 88.0, 83.0, 12.999881819256188] [0.9389160888342484, 0.9813606618698913, 0.8999999923076923, 1053.0, 22405.0, 20.0, 117.0, 62.44375062499306] -399.0
cur thr:  -49.0 [0.9416481662986126, 0.8952234137502049, 0.9931623846738258, 1162.0, 22289.0, 136.0, 8.0, 12.166565278622679] [0.9575557731789496, 0.9244232225582878, 0.9931623846738258, 1162.0, 22330.0, 95.0, 8.0, 12.416563195306706] -85.0
cur thr:  1.0 [0.896203396317423, 0.8119361498130733, 0.9999999914529916, 1170.0, 22154.0, 271.0, 0.0, 10.999915385266267] [0.9575557731789496, 0.9244232225582878, 0.9931623846738258, 1162.0, 22330.0, 95.0, 8.0, 12.416563195306706] -85.0
cur thr:  51.0 [0.6788466867083869, 0.5138339898382345, 0.9999999914529916, 1170.0, 21318.0, 1107.0, 0.0, 2.9999769232544367] [0.9575557731789496, 0.9244232225582878, 0.9931623846738258, 1162.0, 22330.0, 95.0, 8.0, 12.416563195306706] -85.0
cur thr:  101.0 [0.09448728866684003, 0.04958677683848833, 0.9999999914529916, 1170.0, 0.0, 22425.0, 0.0, 0.0] [0.9575557731789496, 0.9244232225582878, 0.9931623846738258, 1162.0, 22330.0, 95.0, 8.0, 12.416563195306706]  0%|          | 0/23595 [00:00<?, ?it/s]100%|██████████| 23595/23595 [00:00<00:00, 1367122.12it/s] -85.0
cur thr:  151.0 [0.09448728866684003, 0.04958677683848833, 0.9999999914529916, 1170.0, 0.0, 22425.0, 0.0, 0.0] [0.9575557731789496, 0.9244232225582878, 0.9931623846738258, 1162.0, 22330.0, 95.0, 8.0, 12.416563195306706] -85.0
cur thr:  201.0 [0.09448728866684003, 0.04958677683848833, 0.9999999914529916, 1170.0, 0.0, 22425.0, 0.0, 0.0] [0.9575557731789496, 0.9244232225582878, 0.9931623846738258, 1162.0, 22330.0, 95.0, 8.0, 12.416563195306706] -85.0
cur thr:  251.0 [0.09448728866684003, 0.04958677683848833, 0.9999999914529916, 1170.0, 0.0, 22425.0, 0.0, 0.0] [0.9575557731789496, 0.9244232225582878, 0.9931623846738258, 1162.0, 22330.0, 95.0, 8.0, 12.416563195306706] -85.0
cur thr:  301.0 [0.09448728866684003, 0.04958677683848833, 0.9999999914529916, 1170.0, 0.0, 22425.0, 0.0, 0.0] [0.9575557731789496, 0.9244232225582878, 0.9931623846738258, 1162.0, 22330.0, 95.0, 8.0, 12.416563195306706] -85.0
cur thr:  351.0 [0.09448728866684003, 0.04958677683848833, 0.9999999914529916, 1170.0, 0.0, 22425.0, 0.0, 0.0] [0.9575557731789496, 0.9244232225582878, 0.9931623846738258, 1162.0, 22330.0, 95.0, 8.0, 12.416563195306706] -85.0
[0.9575557731789496, 0.9244232225582878, 0.9931623846738258, 1162.0, 22330.0, 95.0, 8.0, 12.416563195306706] -85.0
label_file: ServerMachineDataset/interpretation_label/machine-2-1.txt
Initial threshold : 21.638376
Number of peaks : 176
Grimshaw maximum log-likelihood estimation ... [done]
	γ = 0
	σ = 508.3414
	L = 1272.682975412308
Extreme quantile (probability = 0.001): 1043.1461256765833
275
23595
POT result:  (0.924165637591036, 0.8590308306972774, 0.9999999914529916, 1170.0, 22233.0, 192.0, 0.0) -21.941430028972484 11.230682840901224

=== 全局调试信息 ===
y_true shape: (23595,), unique values: [0. 1.]
y_pred shape: (23595,), unique values: [False  True]
feature_scores shape: (23595, 38)
y_true 中的异常段: [(6407, 6428), (7808, 7861), (9241, 9286), (9680, 9705), (12074, 12081), (16037, 16488), (17266, 17282), (17896, 17928), (18476, 18550), (19921, 19936), (20241, 20252), (20792, 20812), (22808, 23195)]


=== 处理第 1/13 段 ===
段范围: start=6407, end=6428
段内真实标签 (seg_true): [1. 1. 1. 1. 1. 1. 1. 1. 1. 1. 1. 1. 1. 1. 1. 1. 1. 1. 1. 1. 1. 1.]
段内预测标签 (seg_pred): [ True  True  True  True  True  True  True  True  True  True  True  True
  True  True  True  True  True  True  True  True  True  True]
段内真实异常时间点索引 (相对段内): [ 0  1  2  3  4  5  6  7  8  9 10 11 12 13 14 15 16 17 18 19 20 21]
段内是否有预测为异常的时间点: True
真实异常维度 (0-based): [22, 24, 31, 34, 35]
段内检测到的异常时间点索引 (相对段内): [ 0  1  2  3  4  5  6  7  8  9 10 11 12 13 14 15 16 17 18 19 20 21]
推断的异常维度 (0-based): [7, 17, 26, 28, 36]
真实与推断的交集: []
段内指标: TP=0, FP=5, FN=5, TN=28, IPS=0.0000

=== 处理第 2/13 段 ===
段范围: start=7808, end=7861
段内真实标签 (seg_true): [1. 1. 1. 1. 1. 1. 1. 1. 1. 1. 1. 1. 1. 1. 1. 1. 1. 1. 1. 1. 1. 1. 1. 1.
 1. 1. 1. 1. 1. 1. 1. 1. 1. 1. 1. 1. 1. 1. 1. 1. 1. 1. 1. 1. 1. 1. 1. 1.
 1. 1. 1. 1. 1. 1.]
段内预测标签 (seg_pred): [ True  True  True  True  True  True  True  True  True  True  True  True
  True  True  True  True  True  True  True  True  True  True  True  True
  True  True  True  True  True  True  True  True  True  True  True  True
  True  True  True  True  True  True  True  True  True  True  True  True
  True  True  True  True  True  True]
段内真实异常时间点索引 (相对段内): [ 0  1  2  3  4  5  6  7  8  9 10 11 12 13 14 15 16 17 18 19 20 21 22 23
 24 25 26 27 28 29 30 31 32 33 34 35 36 37 38 39 40 41 42 43 44 45 46 47
 48 49 50 51 52 53]
段内是否有预测为异常的时间点: True
真实异常维度 (0-based): [8, 9, 10, 12, 31]
段内检测到的异常时间点索引 (相对段内): [ 0  1  2  3  4  5  6  7  8  9 10 11 12 13 14 15 16 17 18 19 20 21 22 23
 24 25 26 27 28 29 30 31 32 33 34 35 36 37 38 39 40 41 42 43 44 45 46 47
 48 49 50 51 52 53]
推断的异常维度 (0-based): [7, 17, 26, 28, 36, 37]
真实与推断的交集: []
段内指标: TP=0, FP=6, FN=5, TN=27, IPS=0.0000

=== 处理第 3/13 段 ===
段范围: start=9241, end=9286
段内真实标签 (seg_true): [1. 1. 1. 1. 1. 1. 1. 1. 1. 1. 1. 1. 1. 1. 1. 1. 1. 1. 1. 1. 1. 1. 1. 1.
 1. 1. 1. 1. 1. 1. 1. 1. 1. 1. 1. 1. 1. 1. 1. 1. 1. 1. 1. 1. 1. 1.]
段内预测标签 (seg_pred): [ True  True  True  True  True  True  True  True  True  True  True  True
  True  True  True  True  True  True  True  True  True  True  True  True
  True  True  True  True  True  True  True  True  True  True  True  True
  True  True  True  True  True  True  True  True  True  True]
段内真实异常时间点索引 (相对段内): [ 0  1  2  3  4  5  6  7  8  9 10 11 12 13 14 15 16 17 18 19 20 21 22 23
 24 25 26 27 28 29 30 31 32 33 34 35 36 37 38 39 40 41 42 43 44 45]
段内是否有预测为异常的时间点: True
真实异常维度 (0-based): [8, 9, 10, 12, 31, 32, 33]
段内检测到的异常时间点索引 (相对段内): [ 0  1  2  3  4  5  6  7  8  9 10 11 12 13 14 15 16 17 18 19 20 21 22 23
 24 25 26 27 28 29 30 31 32 33 34 35 36 37 38 39 40 41 42 43 44 45]
推断的异常维度 (0-based): [7, 16, 17, 26, 28, 36, 37]
真实与推断的交集: []
段内指标: TP=0, FP=7, FN=7, TN=24, IPS=0.0000

=== 处理第 4/13 段 ===
段范围: start=9680, end=9705
段内真实标签 (seg_true): [1. 1. 1. 1. 1. 1. 1. 1. 1. 1. 1. 1. 1. 1. 1. 1. 1. 1. 1. 1. 1. 1. 1. 1.
 1. 1.]
段内预测标签 (seg_pred): [ True  True  True  True  True  True  True  True  True  True  True  True
  True  True  True  True  True  True  True  True  True  True  True  True
  True  True]
段内真实异常时间点索引 (相对段内): [ 0  1  2  3  4  5  6  7  8  9 10 11 12 13 14 15 16 17 18 19 20 21 22 23
 24 25]
段内是否有预测为异常的时间点: True
真实异常维度 (0-based): [4, 32, 33]
段内检测到的异常时间点索引 (相对段内): [ 0  1  2  3  4  5  6  7  8  9 10 11 12 13 14 15 16 17 18 19 20 21 22 23
 24 25]
推断的异常维度 (0-based): [17, 26, 28]
真实与推断的交集: []
段内指标: TP=0, FP=3, FN=3, TN=32, IPS=0.0000

=== 处理第 5/13 段 ===
段范围: start=12074, end=12081
段内真实标签 (seg_true): [1. 1. 1. 1. 1. 1. 1. 1.]
段内预测标签 (seg_pred): [ True  True  True  True  True  True  True  True]
段内真实异常时间点索引 (相对段内): [0 1 2 3 4 5 6 7]
段内是否有预测为异常的时间点: True
真实异常维度 (0-based): [18, 19, 20, 21, 27]
段内检测到的异常时间点索引 (相对段内): [0 1 2 3 4 5 6 7]
推断的异常维度 (0-based): [7, 17, 26, 28, 36]
真实与推断的交集: []
段内指标: TP=0, FP=5, FN=5, TN=28, IPS=0.0000

=== 处理第 6/13 段 ===
段范围: start=16037, end=16488
段内真实标签 (seg_true): [1. 1. 1. 1. 1. 1. 1. 1. 1. 1. 1. 1. 1. 1. 1. 1. 1. 1. 1. 1. 1. 1. 1. 1.
 1. 1. 1. 1. 1. 1. 1. 1. 1. 1. 1. 1. 1. 1. 1. 1. 1. 1. 1. 1. 1. 1. 1. 1.
 1. 1. 1. 1. 1. 1. 1. 1. 1. 1. 1. 1. 1. 1. 1. 1. 1. 1. 1. 1. 1. 1. 1. 1.
 1. 1. 1. 1. 1. 1. 1. 1. 1. 1. 1. 1. 1. 1. 1. 1. 1. 1. 1. 1. 1. 1. 1. 1.
 1. 1. 1. 1. 1. 1. 1. 1. 1. 1. 1. 1. 1. 1. 1. 1. 1. 1. 1. 1. 1. 1. 1. 1.
 1. 1. 1. 1. 1. 1. 1. 1. 1. 1. 1. 1. 1. 1. 1. 1. 1. 1. 1. 1. 1. 1. 1. 1.
 1. 1. 1. 1. 1. 1. 1. 1. 1. 1. 1. 1. 1. 1. 1. 1. 1. 1. 1. 1. 1. 1. 1. 1.
 1. 1. 1. 1. 1. 1. 1. 1. 1. 1. 1. 1. 1. 1. 1. 1. 1. 1. 1. 1. 1. 1. 1. 1.
 1. 1. 1. 1. 1. 1. 1. 1. 1. 1. 1. 1. 1. 1. 1. 1. 1. 1. 1. 1. 1. 1. 1. 1.
 1. 1. 1. 1. 1. 1. 1. 1. 1. 1. 1. 1. 1. 1. 1. 1. 1. 1. 1. 1. 1. 1. 1. 1.
 1. 1. 1. 1. 1. 1. 1. 1. 1. 1. 1. 1. 1. 1. 1. 1. 1. 1. 1. 1. 1. 1. 1. 1.
 1. 1. 1. 1. 1. 1. 1. 1. 1. 1. 1. 1. 1. 1. 1. 1. 1. 1. 1. 1. 1. 1. 1. 1.
 1. 1. 1. 1. 1. 1. 1. 1. 1. 1. 1. 1. 1. 1. 1. 1. 1. 1. 1. 1. 1. 1. 1. 1.
 1. 1. 1. 1. 1. 1. 1. 1. 1. 1. 1. 1. 1. 1. 1. 1. 1. 1. 1. 1. 1. 1. 1. 1.
 1. 1. 1. 1. 1. 1. 1. 1. 1. 1. 1. 1. 1. 1. 1. 1. 1. 1. 1. 1. 1. 1. 1. 1.
 1. 1. 1. 1. 1. 1. 1. 1. 1. 1. 1. 1. 1. 1. 1. 1. 1. 1. 1. 1. 1. 1. 1. 1.
 1. 1. 1. 1. 1. 1. 1. 1. 1. 1. 1. 1. 1. 1. 1. 1. 1. 1. 1. 1. 1. 1. 1. 1.
 1. 1. 1. 1. 1. 1. 1. 1. 1. 1. 1. 1. 1. 1. 1. 1. 1. 1. 1. 1. 1. 1. 1. 1.
 1. 1. 1. 1. 1. 1. 1. 1. 1. 1. 1. 1. 1. 1. 1. 1. 1. 1. 1. 1.]
段内预测标签 (seg_pred): [ True  True  True  True  True  True  True  True  True  True  True  True
  True  True  True  True  True  True  True  True  True  True  True  True
  True  True  True  True  True  True  True  True  True  True  True  True
  True  True  True  True  True  True  True  True  True  True  True  True
  True  True  True  True  True  True  True  True  True  True  True  True
  True  True  True  True  True  True  True  True  True  True  True  True
  True  True  True  True  True  True  True  True  True  True  True  True
  True  True  True  True  True  True  True  True  True  True  True  True
  True  True  True  True  True  True  True  True  True  True  True  True
  True  True  True  True  True  True  True  True  True  True  True  True
  True  True  True  True  True  True  True  True  True  True  True  True
  True  True  True  True  True  True  True  True  True  True  True  True
  True  True  True  True  True  True  True  True  True  True  True  True
  True  True  True  True  True  True  True  True  True  True  True  True
  True  True  True  True  True  True  True  True  True  True  True  True
  True  True  True  True  True  True  True  True  True  True  True  True
  True  True  True  True  True  True  True  True  True  True  True  True
  True  True  True  True  True  True  True  True  True  True  True  True
  True  True  True  True  True  True  True  True  True  True  True  True
  True  True  True  True  True  True  True  True  True  True  True  True
  True  True  True  True  True  True  True  True  True  True  True  True
  True  True  True  True  True  True  True  True  True  True  True  True
  True  True  True  True  True  True  True  True  True  True  True  True
  True  True  True  True  True  True  True  True  True  True  True  True
  True  True  True  True  True  True  True  True  True  True  True  True
  True  True  True  True  True  True  True  True  True  True  True  True
  True  True  True  True  True  True  True  True  True  True  True  True
  True  True  True  True  True  True  True  True  True  True  True  True
  True  True  True  True  True  True  True  True  True  True  True  True
  True  True  True  True  True  True  True  True  True  True  True  True
  True  True  True  True  True  True  True  True  True  True  True  True
  True  True  True  True  True  True  True  True  True  True  True  True
  True  True  True  True  True  True  True  True  True  True  True  True
  True  True  True  True  True  True  True  True  True  True  True  True
  True  True  True  True  True  True  True  True  True  True  True  True
  True  True  True  True  True  True  True  True  True  True  True  True
  True  True  True  True  True  True  True  True  True  True  True  True
  True  True  True  True  True  True  True  True]
段内真实异常时间点索引 (相对段内): [  0   1   2   3   4   5   6   7   8   9  10  11  12  13  14  15  16  17
  18  19  20  21  22  23  24  25  26  27  28  29  30  31  32  33  34  35
  36  37  38  39  40  41  42  43  44  45  46  47  48  49  50  51  52  53
  54  55  56  57  58  59  60  61  62  63  64  65  66  67  68  69  70  71
  72  73  74  75  76  77  78  79  80  81  82  83  84  85  86  87  88  89
  90  91  92  93  94  95  96  97  98  99 100 101 102 103 104 105 106 107
 108 109 110 111 112 113 114 115 116 117 118 119 120 121 122 123 124 125
 126 127 128 129 130 131 132 133 134 135 136 137 138 139 140 141 142 143
 144 145 146 147 148 149 150 151 152 153 154 155 156 157 158 159 160 161
 162 163 164 165 166 167 168 169 170 171 172 173 174 175 176 177 178 179
 180 181 182 183 184 185 186 187 188 189 190 191 192 193 194 195 196 197
 198 199 200 201 202 203 204 205 206 207 208 209 210 211 212 213 214 215
 216 217 218 219 220 221 222 223 224 225 226 227 228 229 230 231 232 233
 234 235 236 237 238 239 240 241 242 243 244 245 246 247 248 249 250 251
 252 253 254 255 256 257 258 259 260 261 262 263 264 265 266 267 268 269
 270 271 272 273 274 275 276 277 278 279 280 281 282 283 284 285 286 287
 288 289 290 291 292 293 294 295 296 297 298 299 300 301 302 303 304 305
 306 307 308 309 310 311 312 313 314 315 316 317 318 319 320 321 322 323
 324 325 326 327 328 329 330 331 332 333 334 335 336 337 338 339 340 341
 342 343 344 345 346 347 348 349 350 351 352 353 354 355 356 357 358 359
 360 361 362 363 364 365 366 367 368 369 370 371 372 373 374 375 376 377
 378 379 380 381 382 383 384 385 386 387 388 389 390 391 392 393 394 395
 396 397 398 399 400 401 402 403 404 405 406 407 408 409 410 411 412 413
 414 415 416 417 418 419 420 421 422 423 424 425 426 427 428 429 430 431
 432 433 434 435 436 437 438 439 440 441 442 443 444 445 446 447 448 449
 450 451]
段内是否有预测为异常的时间点: True
真实异常维度 (0-based): [8, 9, 23, 25]
段内检测到的异常时间点索引 (相对段内): [  0   1   2   3   4   5   6   7   8   9  10  11  12  13  14  15  16  17
  18  19  20  21  22  23  24  25  26  27  28  29  30  31  32  33  34  35
  36  37  38  39  40  41  42  43  44  45  46  47  48  49  50  51  52  53
  54  55  56  57  58  59  60  61  62  63  64  65  66  67  68  69  70  71
  72  73  74  75  76  77  78  79  80  81  82  83  84  85  86  87  88  89
  90  91  92  93  94  95  96  97  98  99 100 101 102 103 104 105 106 107
 108 109 110 111 112 113 114 115 116 117 118 119 120 121 122 123 124 125
 126 127 128 129 130 131 132 133 134 135 136 137 138 139 140 141 142 143
 144 145 146 147 148 149 150 151 152 153 154 155 156 157 158 159 160 161
 162 163 164 165 166 167 168 169 170 171 172 173 174 175 176 177 178 179
 180 181 182 183 184 185 186 187 188 189 190 191 192 193 194 195 196 197
 198 199 200 201 202 203 204 205 206 207 208 209 210 211 212 213 214 215
 216 217 218 219 220 221 222 223 224 225 226 227 228 229 230 231 232 233
 234 235 236 237 238 239 240 241 242 243 244 245 246 247 248 249 250 251
 252 253 254 255 256 257 258 259 260 261 262 263 264 265 266 267 268 269
 270 271 272 273 274 275 276 277 278 279 280 281 282 283 284 285 286 287
 288 289 290 291 292 293 294 295 296 297 298 299 300 301 302 303 304 305
 306 307 308 309 310 311 312 313 314 315 316 317 318 319 320 321 322 323
 324 325 326 327 328 329 330 331 332 333 334 335 336 337 338 339 340 341
 342 343 344 345 346 347 348 349 350 351 352 353 354 355 356 357 358 359
 360 361 362 363 364 365 366 367 368 369 370 371 372 373 374 375 376 377
 378 379 380 381 382 383 384 385 386 387 388 389 390 391 392 393 394 395
 396 397 398 399 400 401 402 403 404 405 406 407 408 409 410 411 412 413
 414 415 416 417 418 419 420 421 422 423 424 425 426 427 428 429 430 431
 432 433 434 435 436 437 438 439 440 441 442 443 444 445 446 447 448 449
 450 451]
推断的异常维度 (0-based): [7, 17, 26, 28, 36, 37]
真实与推断的交集: []
段内指标: TP=0, FP=6, FN=4, TN=28, IPS=0.0000

=== 处理第 7/13 段 ===
段范围: start=17266, end=17282
段内真实标签 (seg_true): [1. 1. 1. 1. 1. 1. 1. 1. 1. 1. 1. 1. 1. 1. 1. 1. 1.]
段内预测标签 (seg_pred): [ True  True  True  True  True  True  True  True  True  True  True  True
  True  True  True  True  True]
段内真实异常时间点索引 (相对段内): [ 0  1  2  3  4  5  6  7  8  9 10 11 12 13 14 15 16]
段内是否有预测为异常的时间点: True
真实异常维度 (0-based): [0, 1, 2, 3, 8, 13, 14, 15, 17, 23, 25]
段内检测到的异常时间点索引 (相对段内): [ 0  1  2  3  4  5  6  7  8  9 10 11 12 13 14 15 16]
推断的异常维度 (0-based): [3, 7, 8, 9, 10, 11, 12, 16, 17, 24, 26, 28, 29, 32, 36, 37]
真实与推断的交集: [3, 8, 17]
段内指标: TP=3, FP=13, FN=8, TN=14, IPS=0.2727

=== 处理第 8/13 段 ===
段范围: start=17896, end=17928
段内真实标签 (seg_true): [1. 1. 1. 1. 1. 1. 1. 1. 1. 1. 1. 1. 1. 1. 1. 1. 1. 1. 1. 1. 1. 1. 1. 1.
 1. 1. 1. 1. 1. 1. 1. 1. 1.]
段内预测标签 (seg_pred): [ True  True  True  True  True  True  True  True  True  True  True  True
  True  True  True  True  True  True  True  True  True  True  True  True
  True  True  True  True  True  True  True  True  True]
段内真实异常时间点索引 (相对段内): [ 0  1  2  3  4  5  6  7  8  9 10 11 12 13 14 15 16 17 18 19 20 21 22 23
 24 25 26 27 28 29 30 31 32]
段内是否有预测为异常的时间点: True
真实异常维度 (0-based): [8, 9, 10, 12, 14]
段内检测到的异常时间点索引 (相对段内): [ 0  1  2  3  4  5  6  7  8  9 10 11 12 13 14 15 16 17 18 19 20 21 22 23
 24 25 26 27 28 29 30 31 32]
推断的异常维度 (0-based): [17, 26, 28, 36, 37]
真实与推断的交集: []
段内指标: TP=0, FP=5, FN=5, TN=28, IPS=0.0000

=== 处理第 9/13 段 ===
段范围: start=18476, end=18550
段内真实标签 (seg_true): [1. 1. 1. 1. 1. 1. 1. 1. 1. 1. 1. 1. 1. 1. 1. 1. 1. 1. 1. 1. 1. 1. 1. 1.
 1. 1. 1. 1. 1. 1. 1. 1. 1. 1. 1. 1. 1. 1. 1. 1. 1. 1. 1. 1. 1. 1. 1. 1.
 1. 1. 1. 1. 1. 1. 1. 1. 1. 1. 1. 1. 1. 1. 1. 1. 1. 1. 1. 1. 1. 1. 1. 1.
 1. 1. 1.]
段内预测标签 (seg_pred): [ True  True  True  True  True  True  True  True  True  True  True  True
  True  True  True  True  True  True  True  True  True  True  True  True
  True  True  True  True  True  True  True  True  True  True  True  True
  True  True  True  True  True  True  True  True  True  True  True  True
  True  True  True  True  True  True  True  True  True  True  True  True
  True  True  True  True  True  True  True  True  True  True  True  True
  True  True  True]
段内真实异常时间点索引 (相对段内): [ 0  1  2  3  4  5  6  7  8  9 10 11 12 13 14 15 16 17 18 19 20 21 22 23
 24 25 26 27 28 29 30 31 32 33 34 35 36 37 38 39 40 41 42 43 44 45 46 47
 48 49 50 51 52 53 54 55 56 57 58 59 60 61 62 63 64 65 66 67 68 69 70 71
 72 73 74]
段内是否有预测为异常的时间点: True
真实异常维度 (0-based): [0, 18, 19, 20, 21]
段内检测到的异常时间点索引 (相对段内): [ 0  1  2  3  4  5  6  7  8  9 10 11 12 13 14 15 16 17 18 19 20 21 22 23
 24 25 26 27 28 29 30 31 32 33 34 35 36 37 38 39 40 41 42 43 44 45 46 47
 48 49 50 51 52 53 54 55 56 57 58 59 60 61 62 63 64 65 66 67 68 69 70 71
 72 73 74]
推断的异常维度 (0-based): [7, 17, 26, 28, 36, 37]
真实与推断的交集: []
段内指标: TP=0, FP=6, FN=5, TN=27, IPS=0.0000

=== 处理第 10/13 段 ===
段范围: start=19921, end=19936
段内真实标签 (seg_true): [1. 1. 1. 1. 1. 1. 1. 1. 1. 1. 1. 1. 1. 1. 1. 1.]
段内预测标签 (seg_pred): [ True  True  True  True  True  True  True  True  True  True  True  True
  True  True  True  True]
段内真实异常时间点索引 (相对段内): [ 0  1  2  3  4  5  6  7  8  9 10 11 12 13 14 15]
段内是否有预测为异常的时间点: True
真实异常维度 (0-based): [0, 5, 6]
段内检测到的异常时间点索引 (相对段内): [ 0  1  2  3  4  5  6  7  8  9 10 11 12 13 14 15]
推断的异常维度 (0-based): [17, 26, 28, 36]
真实与推断的交集: []
段内指标: TP=0, FP=4, FN=3, TN=31, IPS=0.0000

=== 处理第 11/13 段 ===
段范围: start=20241, end=20252
段内真实标签 (seg_true): [1. 1. 1. 1. 1. 1. 1. 1. 1. 1. 1. 1.]
段内预测标签 (seg_pred): [ True  True  True  True  True  True  True  True  True  True  True  True]
段内真实异常时间点索引 (相对段内): [ 0  1  2  3  4  5  6  7  8  9 10 11]
段内是否有预测为异常的时间点: True
真实异常维度 (0-based): [9, 12]
段内检测到的异常时间点索引 (相对段内): [ 0  1  2  3  4  5  6  7  8  9 10 11]
推断的异常维度 (0-based): [26, 28]
真实与推断的交集: []
段内指标: TP=0, FP=2, FN=2, TN=34, IPS=0.0000

=== 处理第 12/13 段 ===
段范围: start=20792, end=20812
段内真实标签 (seg_true): [1. 1. 1. 1. 1. 1. 1. 1. 1. 1. 1. 1. 1. 1. 1. 1. 1. 1. 1. 1. 1.]
段内预测标签 (seg_pred): [ True  True  True  True  True  True  True  True  True  True  True  True
  True  True  True  True  True  True  True  True  True]
段内真实异常时间点索引 (相对段内): [ 0  1  2  3  4  5  6  7  8  9 10 11 12 13 14 15 16 17 18 19 20]
段内是否有预测为异常的时间点: True
真实异常维度 (0-based): [8, 9, 10, 12, 31]
段内检测到的异常时间点索引 (相对段内): [ 0  1  2  3  4  5  6  7  8  9 10 11 12 13 14 15 16 17 18 19 20]
推断的异常维度 (0-based): [7, 17, 26, 28, 36, 37]
真实与推断的交集: []
段内指标: TP=0, FP=6, FN=5, TN=27, IPS=0.0000

=== 处理第 13/13 段 ===
段范围: start=22808, end=23195
段内真实标签 (seg_true): [1. 1. 1. 1. 1. 1. 1. 1. 1. 1. 1. 1. 1. 1. 1. 1. 1. 1. 1. 1. 1. 1. 1. 1.
 1. 1. 1. 1. 1. 1. 1. 1. 1. 1. 1. 1. 1. 1. 1. 1. 1. 1. 1. 1. 1. 1. 1. 1.
 1. 1. 1. 1. 1. 1. 1. 1. 1. 1. 1. 1. 1. 1. 1. 1. 1. 1. 1. 1. 1. 1. 1. 1.
 1. 1. 1. 1. 1. 1. 1. 1. 1. 1. 1. 1. 1. 1. 1. 1. 1. 1. 1. 1. 1. 1. 1. 1.
 1. 1. 1. 1. 1. 1. 1. 1. 1. 1. 1. 1. 1. 1. 1. 1. 1. 1. 1. 1. 1. 1. 1. 1.
 1. 1. 1. 1. 1. 1. 1. 1. 1. 1. 1. 1. 1. 1. 1. 1. 1. 1. 1. 1. 1. 1. 1. 1.
 1. 1. 1. 1. 1. 1. 1. 1. 1. 1. 1. 1. 1. 1. 1. 1. 1. 1. 1. 1. 1. 1. 1. 1.
 1. 1. 1. 1. 1. 1. 1. 1. 1. 1. 1. 1. 1. 1. 1. 1. 1. 1. 1. 1. 1. 1. 1. 1.
 1. 1. 1. 1. 1. 1. 1. 1. 1. 1. 1. 1. 1. 1. 1. 1. 1. 1. 1. 1. 1. 1. 1. 1.
 1. 1. 1. 1. 1. 1. 1. 1. 1. 1. 1. 1. 1. 1. 1. 1. 1. 1. 1. 1. 1. 1. 1. 1.
 1. 1. 1. 1. 1. 1. 1. 1. 1. 1. 1. 1. 1. 1. 1. 1. 1. 1. 1. 1. 1. 1. 1. 1.
 1. 1. 1. 1. 1. 1. 1. 1. 1. 1. 1. 1. 1. 1. 1. 1. 1. 1. 1. 1. 1. 1. 1. 1.
 1. 1. 1. 1. 1. 1. 1. 1. 1. 1. 1. 1. 1. 1. 1. 1. 1. 1. 1. 1. 1. 1. 1. 1.
 1. 1. 1. 1. 1. 1. 1. 1. 1. 1. 1. 1. 1. 1. 1. 1. 1. 1. 1. 1. 1. 1. 1. 1.
 1. 1. 1. 1. 1. 1. 1. 1. 1. 1. 1. 1. 1. 1. 1. 1. 1. 1. 1. 1. 1. 1. 1. 1.
 1. 1. 1. 1. 1. 1. 1. 1. 1. 1. 1. 1. 1. 1. 1. 1. 1. 1. 1. 1. 1. 1. 1. 1.
 1. 1. 1. 1.]
段内预测标签 (seg_pred): [ True  True  True  True  True  True  True  True  True  True  True  True
  True  True  True  True  True  True  True  True  True  True  True  True
  True  True  True  True  True  True  True  True  True  True  True  True
  True  True  True  True  True  True  True  True  True  True  True  True
  True  True  True  True  True  True  True  True  True  True  True  True
  True  True  True  True  True  True  True  True  True  True  True  True
  True  True  True  True  True  True  True  True  True  True  True  True
  True  True  True  True  True  True  True  True  True  True  True  True
  True  True  True  True  True  True  True  True  True  True  True  True
  True  True  True  True  True  True  True  True  True  True  True  True
  True  True  True  True  True  True  True  True  True  True  True  True
  True  True  True  True  True  True  True  True  True  True  True  True
  True  True  True  True  True  True  True  True  True  True  True  True
  True  True  True  True  True  True  True  True  True  True  True  True
  True  True  True  True  True  True  True  True  True  True  True  True
  True  True  True  True  True  True  True  True  True  True  True  True
  True  True  True  True  True  True  True  True  True  True  True  True
  True  True  True  True  True  True  True  True  True  True  True  True
  True  True  True  True  True  True  True  True  True  True  True  True
  True  True  True  True  True  True  True  True  True  True  True  True
  True  True  True  True  True  True  True  True  True  True  True  True
  True  True  True  True  True  True  True  True  True  True  True  True
  True  True  True  True  True  True  True  True  True  True  True  True
  True  True  True  True  True  True  True  True  True  True  True  True
  True  True  True  True  True  True  True  True  True  True  True  True
  True  True  True  True  True  True  True  True  True  True  True  True
  True  True  True  True  True  True  True  True  True  True  True  True
  True  True  True  True  True  True  True  True  True  True  True  True
  True  True  True  True  True  True  True  True  True  True  True  True
  True  True  True  True  True  True  True  True  True  True  True  True
  True  True  True  True  True  True  True  True  True  True  True  True
  True  True  True  True  True  True  True  True  True  True  True  True
  True  True  True  True]
段内真实异常时间点索引 (相对段内): [  0   1   2   3   4   5   6   7   8   9  10  11  12  13  14  15  16  17
  18  19  20  21  22  23  24  25  26  27  28  29  30  31  32  33  34  35
  36  37  38  39  40  41  42  43  44  45  46  47  48  49  50  51  52  53
  54  55  56  57  58  59  60  61  62  63  64  65  66  67  68  69  70  71
  72  73  74  75  76  77  78  79  80  81  82  83  84  85  86  87  88  89
  90  91  92  93  94  95  96  97  98  99 100 101 102 103 104 105 106 107
 108 109 110 111 112 113 114 115 116 117 118 119 120 121 122 123 124 125
 126 127 128 129 130 131 132 133 134 135 136 137 138 139 140 141 142 143
 144 145 146 147 148 149 150 151 152 153 154 155 156 157 158 159 160 161
 162 163 164 165 166 167 168 169 170 171 172 173 174 175 176 177 178 179
 180 181 182 183 184 185 186 187 188 189 190 191 192 193 194 195 196 197
 198 199 200 201 202 203 204 205 206 207 208 209 210 211 212 213 214 215
 216 217 218 219 220 221 222 223 224 225 226 227 228 229 230 231 232 233
 234 235 236 237 238 239 240 241 242 243 244 245 246 247 248 249 250 251
 252 253 254 255 256 257 258 259 260 261 262 263 264 265 266 267 268 269
 270 271 272 273 274 275 276 277 278 279 280 281 282 283 284 285 286 287
 288 289 290 291 292 293 294 295 296 297 298 299 300 301 302 303 304 305
 306 307 308 309 310 311 312 313 314 315 316 317 318 319 320 321 322 323
 324 325 326 327 328 329 330 331 332 333 334 335 336 337 338 339 340 341
 342 343 344 345 346 347 348 349 350 351 352 353 354 355 356 357 358 359
 360 361 362 363 364 365 366 367 368 369 370 371 372 373 374 375 376 377
 378 379 380 381 382 383 384 385 386 387]
段内是否有预测为异常的时间点: True
真实异常维度 (0-based): [0, 1, 2, 3, 4, 5, 6, 8, 9, 10, 11, 12, 13, 15, 16, 18, 19, 20, 21, 22, 23, 24, 25, 27, 30, 31, 34, 35]
段内检测到的异常时间点索引 (相对段内): [  0   1   2   3   4   5   6   7   8   9  10  11  12  13  14  15  16  17
  18  19  20  21  22  23  24  25  26  27  28  29  30  31  32  33  34  35
  36  37  38  39  40  41  42  43  44  45  46  47  48  49  50  51  52  53
  54  55  56  57  58  59  60  61  62  63  64  65  66  67  68  69  70  71
  72  73  74  75  76  77  78  79  80  81  82  83  84  85  86  87  88  89
  90  91  92  93  94  95  96  97  98  99 100 101 102 103 104 105 106 107
 108 109 110 111 112 113 114 115 116 117 118 119 120 121 122 123 124 125
 126 127 128 129 130 131 132 133 134 135 136 137 138 139 140 141 142 143
 144 145 146 147 148 149 150 151 152 153 154 155 156 157 158 159 160 161
 162 163 164 165 166 167 168 169 170 171 172 173 174 175 176 177 178 179
 180 181 182 183 184 185 186 187 188 189 190 191 192 193 194 195 196 197
 198 199 200 201 202 203 204 205 206 207 208 209 210 211 212 213 214 215
 216 217 218 219 220 221 222 223 224 225 226 227 228 229 230 231 232 233
 234 235 236 237 238 239 240 241 242 243 244 245 246 247 248 249 250 251
 252 253 254 255 256 257 258 259 260 261 262 263 264 265 266 267 268 269
 270 271 272 273 274 275 276 277 278 279 280 281 282 283 284 285 286 287
 288 289 290 291 292 293 294 295 296 297 298 299 300 301 302 303 304 305
 306 307 308 309 310 311 312 313 314 315 316 317 318 319 320 321 322 323
 324 325 326 327 328 329 330 331 332 333 334 335 336 337 338 339 340 341
 342 343 344 345 346 347 348 349 350 351 352 353 354 355 356 357 358 359
 360 361 362 363 364 365 366 367 368 369 370 371 372 373 374 375 376 377
 378 379 380 381 382 383 384 385 386 387]
推断的异常维度 (0-based): [0, 1, 2, 3, 4, 5, 6, 7, 8, 9, 10, 11, 12, 13, 14, 15, 16, 17, 18, 19, 20, 21, 22, 23, 24, 25, 26, 27, 28, 29, 30, 31, 32, 33, 34, 35, 36, 37]
真实与推断的交集: [0, 1, 2, 3, 4, 5, 6, 8, 9, 10, 11, 12, 13, 15, 16, 18, 19, 20, 21, 22, 23, 24, 25, 27, 30, 31, 34, 35]
段内指标: TP=28, FP=10, FN=0, TN=0, IPS=1.0000

=== 汇总指标 ===
总 TP: 31, 总 TN: 328, 总 FP: 78, 总 FN: 57
平均 IPS: 0.3356, Precision: 0.2844, Recall: 0.3523, F1: 0.3147
每段IPS与混淆: [{'start': 6407, 'end': 6428, 'TP': 0, 'TN': 28, 'FP': 5, 'FN': 5, 'IPS': 0.0, 'k_selected': 5, 'gt_dims_count': 5}, {'start': 7808, 'end': 7861, 'TP': 0, 'TN': 27, 'FP': 6, 'FN': 5, 'IPS': 0.0, 'k_selected': 5, 'gt_dims_count': 5}, {'start': 9241, 'end': 9286, 'TP': 0, 'TN': 24, 'FP': 7, 'FN': 7, 'IPS': 0.0, 'k_selected': 7, 'gt_dims_count': 7}, {'start': 9680, 'end': 9705, 'TP': 0, 'TN': 32, 'FP': 3, 'FN': 3, 'IPS': 0.0, 'k_selected': 3, 'gt_dims_count': 3}, {'start': 12074, 'end': 12081, 'TP': 0, 'TN': 28, 'FP': 5, 'FN': 5, 'IPS': 0.0, 'k_selected': 5, 'gt_dims_count': 5}, {'start': 16037, 'end': 16488, 'TP': 0, 'TN': 28, 'FP': 6, 'FN': 4, 'IPS': 0.0, 'k_selected': 4, 'gt_dims_count': 4}, {'start': 17266, 'end': 17282, 'TP': 3, 'TN': 14, 'FP': 13, 'FN': 8, 'IPS': 0.2727272727272727, 'k_selected': 11, 'gt_dims_count': 11}, {'start': 17896, 'end': 17928, 'TP': 0, 'TN': 28, 'FP': 5, 'FN': 5, 'IPS': 0.0, 'k_selected': 5, 'gt_dims_count': 5}, {'start': 18476, 'end': 18550, 'TP': 0, 'TN': 27, 'FP': 6, 'FN': 5, 'IPS': 0.0, 'k_selected': 5, 'gt_dims_count': 5}, {'start': 19921, 'end': 19936, 'TP': 0, 'TN': 31, 'FP': 4, 'FN': 3, 'IPS': 0.0, 'k_selected': 3, 'gt_dims_count': 3}, {'start': 20241, 'end': 20252, 'TP': 0, 'TN': 34, 'FP': 2, 'FN': 2, 'IPS': 0.0, 'k_selected': 2, 'gt_dims_count': 2}, {'start': 20792, 'end': 20812, 'TP': 0, 'TN': 27, 'FP': 6, 'FN': 5, 'IPS': 0.0, 'k_selected': 5, 'gt_dims_count': 5}, {'start': 22808, 'end': 23195, 'TP': 28, 'TN': 0, 'FP': 10, 'FN': 0, 'IPS': 1.0, 'k_selected': 28, 'gt_dims_count': 28}]
总和: {'TP': 31, 'TN': 328, 'FP': 78, 'FN': 57, 'IPS': 0.3355866355866356, 'precision': 0.28440366972477066, 'recall': 0.3522727272727273, 'F1': 0.3147208121827411}
test end time:  2025-06-13 13:23:01
test time:  327.46248054504395
==============================result==============================
{'FN': 8.0,
 'FP': 95.0,
 'TN': 22330.0,
 'TP': 1162.0,
 'best-f1': 0.9575557731789496,
 'best_valid_loss': -68.50512687923151,
 'latency': 12.416563195306706,
 'pot-FN': 0.0,
 'pot-FP': 192.0,
 'pot-TN': 22233.0,
 'pot-TP': 1170.0,
 'pot-f1': 0.924165637591036,
 'pot-latency': 11.230682840901224,
 'pot-precision': 0.8590308306972774,
 'pot-recall': 0.9999999914529916,
 'pot-threshold': -21.941430028972484,
 'precision': 0.9244232225582878,
 'pred_time': 0.3348735985109362,
 'pred_total_time': 158.35164618492126,
 'recall': 0.9931623846738258,
 'segment_results': [{'FN': 5,
                      'FP': 5,
                      'IPS': 0.0,
                      'TN': 28,
                      'TP': 0,
                      'end': 6428,
                      'gt_dims_count': 5,
                      'k_selected': 5,
                      'start': 6407},
                     {'FN': 5,
                      'FP': 6,
                      'IPS': 0.0,
                      'TN': 27,
                      'TP': 0,
                      'end': 7861,
                      'gt_dims_count': 5,
                      'k_selected': 5,
                      'start': 7808},
                     {'FN': 7,
                      'FP': 7,
                      'IPS': 0.0,
                      'TN': 24,
                      'TP': 0,
                      'end': 9286,
                      'gt_dims_count': 7,
                      'k_selected': 7,
                      'start': 9241},
                     {'FN': 3,
                      'FP': 3,
                      'IPS': 0.0,
                      'TN': 32,
                      'TP': 0,
                      'end': 9705,
                      'gt_dims_count': 3,
                      'k_selected': 3,
                      'start': 9680},
                     {'FN': 5,
                      'FP': 5,
                      'IPS': 0.0,
                      'TN': 28,
                      'TP': 0,
                      'end': 12081,
                      'gt_dims_count': 5,
                      'k_selected': 5,
                      'start': 12074},
                     {'FN': 4,
                      'FP': 6,
                      'IPS': 0.0,
                      'TN': 28,
                      'TP': 0,
                      'end': 16488,
                      'gt_dims_count': 4,
                      'k_selected': 4,
                      'start': 16037},
                     {'FN': 8,
                      'FP': 13,
                      'IPS': 0.2727272727272727,
                      'TN': 14,
                      'TP': 3,
                      'end': 17282,
                      'gt_dims_count': 11,
                      'k_selected': 11,
                      'start': 17266},
                     {'FN': 5,
                      'FP': 5,
                      'IPS': 0.0,
                      'TN': 28,
                      'TP': 0,
                      'end': 17928,
                      'gt_dims_count': 5,
                      'k_selected': 5,
                      'start': 17896},
                     {'FN': 5,
                      'FP': 6,
                      'IPS': 0.0,
                      'TN': 27,
                      'TP': 0,
                      'end': 18550,
                      'gt_dims_count': 5,
                      'k_selected': 5,
                      'start': 18476},
                     {'FN': 3,
                      'FP': 4,
                      'IPS': 0.0,
                      'TN': 31,
                      'TP': 0,
                      'end': 19936,
                      'gt_dims_count': 3,
                      'k_selected': 3,
                      'start': 19921},
                     {'FN': 2,
                      'FP': 2,
                      'IPS': 0.0,
                      'TN': 34,
                      'TP': 0,
                      'end': 20252,
                      'gt_dims_count': 2,
                      'k_selected': 2,
                      'start': 
20241},
                     {'FN': 5,
                      'FP': 6,
                      'IPS': 0.0,
                      'TN': 27,
                      'TP': 0,
                      'end': 20812,
                      'gt_dims_count': 5,
                      'k_selected': 5,
                      'start': 20792},
                     {'FN': 0,
                      'FP': 10,
                      'IPS': 1.0,
                      'TN': 0,
                      'TP': 28,
                      'end': 23195,
                      'gt_dims_count': 28,
                      'k_selected': 28,
                      'start': 22808}],
 'segment_summary': {'F1': 0.3147208121827411,
                     'FN': 57,
                     'FP': 78,
                     'IPS': 0.3355866355866356,
                     'TN': 328,
                     'TP': 31,
                     'precision': 0.28440366972477066,
                     'recall': 0.3522727272727273},
 'threshold': -85.0,
 'train_time': 347.8021280050278,
 'valid_time': 0.33643455666007727}
