2025-06-14 00:37:27.881575: I tensorflow/core/platform/cpu_feature_guard.cc:141] Your CPU supports instructions that this TensorFlow binary was not compiled to use: AVX2 AVX512F FMA
Configurations
===========================================
{'batch_size': 50,
 'bf_search_max': 400.0,
 'bf_search_min': -400.0,
 'bf_search_step_size': 1.0,
 'dataset': 'machine-3-11',
 'dense_dim': 500,
 'early_stop': True,
 'get_score_on_dim': True,
 'gradient_clip_norm': 10.0,
 'initial_lr': 0.001,
 'l2_reg': 0.0001,
 'level': 0.0075,
 'lr_anneal_epoch_freq': 40,
 'lr_anneal_factor': 0.5,
 'lr_anneal_step_freq': None,
 'max_epoch': 10,
 'max_test_size': None,
 'max_train_size': None,
 'nf_layers': 20,
 'posterior_flow_type': 'nf',
 'restore_dir': None,
 'result_dir': 'result',
 'rnn_cell': 'GRU',
 'rnn_num_hidden': 500,
 'save_dir': 'model',
 'save_z': False,
 'std_epsilon': 0.0001,
 'test_batch_size': 50,
 'test_n_z': 1,
 'test_score_filename': 'test_score.pkl',
 'test_start': 0,
 'train_score_filename': 'train_score.pkl',
 'train_start': 0,
 'use_connected_z_p': True,
 'use_connected_z_q': True,
 'valid_step_freq': 100,
 'window_length': 100,
 'x_dim': 38,
 'z_dim': 3}

train start time:  2025-06-14 00:37:13
load data of: machine-3-11
train:  0 None
test:  0 None
Data normalized
Data normalized
train set shape:  (28695, 38)
test set shape:  (28696, 38)
test set label shape:  (28696,)
Trainable Parameters                                            (2,607,740 in total)
------------------------------------------------------------------------------------
model/q_z_given_x/rnn_q_z/rnn/gru_cell/gates/kernel             (538, 1000)  538,000
model/q_z_given_x/rnn_q_z/rnn/gru_cell/gates/bias               (1000,)        1,000
model/q_z_given_x/rnn_q_z/rnn/gru_cell/candidate/kernel         (538, 500)   269,000
model/q_z_given_x/rnn_q_z/rnn/gru_cell/candidate/bias           (500,)           500
model/q_z_given_x/rnn_q_z/dense/kernel                          (500, 500)   250,000
model/q_z_given_x/rnn_q_z/dense/bias                            (500,)           500
model/q_z_given_x/rnn_q_z/dense_1/kernel                        (500, 500)   250,000
model/q_z_given_x/rnn_q_z/dense_1/bias                          (500,)           500
model/vae/variational/z_mean/kernel                             (503, 3)       1,509
model/vae/variational/z_mean/bias                               (3,)               3
model/vae/variational/z_std/kernel                              (503, 3)       1,509
model/vae/variational/z_std/bias                                (3,)               3
model/posterior_flow/_0/w                                       (1, 3)             3
model/posterior_flow/_0/b                                       (1,)               1
model/posterior_flow/_0/u                                       (1, 3)             3
model/posterior_flow/_1/w                                       (1, 3)             3
model/posterior_flow/_1/b                                       (1,)               1
model/posterior_flow/_1/u                                       (1, 3)             3
model/posterior_flow/_2/w                                       (1, 3)             3
model/posterior_flow/_2/b                                       (1,)               1
model/posterior_flow/_2/u                                       (1, 3)             3
model/posterior_flow/_3/w                                       (1, 3)             3
model/posterior_flow/_3/b                                       (1,)               1
model/posterior_flow/_3/u                                       (1, 3)             3
model/posterior_flow/_4/w                                       (1, 3)             3
model/posterior_flow/_4/b                                       (1,)               1
model/posterior_flow/_4/u                                       (1, 3)             3
model/posterior_flow/_5/w                                       (1, 3)             3
model/posterior_flow/_5/b                                       (1,)               1
model/posterior_flow/_5/u                                       (1, 3)             3
model/posterior_flow/_6/w                                       (1, 3)             3
model/posterior_flow/_6/b                                       (1,)               1
model/posterior_flow/_6/u                                       (1, 3)             3
model/posterior_flow/_7/w                                       (1, 3)             3
model/posterior_flow/_7/b                                       (1,)               1
model/posterior_flow/_7/u                                       (1, 3)             3
model/posterior_flow/_8/w                                       (1, 3)             3
model/posterior_flow/_8/b                                       (1,)               1
model/posterior_flow/_8/u                                       (1, 3)             3
model/posterior_flow/_9/w                                       (1, 3)             3
model/posterior_flow/_9/b                                       (1,)               1
model/posterior_flow/_9/u                                       (1, 3)             3
model/posterior_flow/_10/w                                      (1, 3)             3
model/posterior_flow/_10/b                                      (1,)               1
model/posterior_flow/_10/u                                      (1, 3)             3
model/posterior_flow/_11/w                                      (1, 3)             3
model/posterior_flow/_11/b                                      (1,)               1
model/posterior_flow/_11/u                                      (1, 3)             3
model/posterior_flow/_12/w                                      (1, 3)             3
model/posterior_flow/_12/b                                      (1,)               1
model/posterior_flow/_12/u                                      (1, 3)             3
model/posterior_flow/_13/w                                      (1, 3)             3
model/posterior_flow/_13/b                                      (1,)               1
model/posterior_flow/_13/u                                      (1, 3)             3
model/posterior_flow/_14/w                                      (1, 3)             3
model/posterior_flow/_14/b                                      (1,)               1
model/posterior_flow/_14/u                                      (1, 3)             3
model/posterior_flow/_15/w                                      (1, 3)             3
model/posterior_flow/_15/b                                      (1,)               1
model/posterior_flow/_15/u                                      (1, 3)             3
model/posterior_flow/_16/w                                      (1, 3)             3
model/posterior_flow/_16/b                                      (1,)               1
model/posterior_flow/_16/u                                      (1, 3)             3
model/posterior_flow/_17/w                                      (1, 3)             3
model/posterior_flow/_17/b                                      (1,)               1
model/posterior_flow/_17/u                                      (1, 3)             3
model/posterior_flow/_18/w                                      (1, 3)             3
model/posterior_flow/_18/b                                      (1,)               1
model/posterior_flow/_18/u                                      (1, 3)             3
model/posterior_flow/_19/w                                      (1, 3)             3
model/posterior_flow/_19/b                                      (1,)               1
model/posterior_flow/_19/u                                      (1, 3)             3
model/p_x_given_z/hidden/rnn_p_x/rnn/gru_cell/gates/kernel      (503, 1000)  503,000
model/p_x_given_z/hidden/rnn_p_x/rnn/gru_cell/gates/bias        (1000,)        1,000
model/p_x_given_z/hidden/rnn_p_x/rnn/gru_cell/candidate/kernel  (503, 500)   251,500
model/p_x_given_z/hidden/rnn_p_x/rnn/gru_cell/candidate/bias    (500,)           500
model/p_x_given_z/hidden/rnn_p_x/dense/kernel                   (500, 500)   250,000
model/p_x_given_z/hidden/rnn_p_x/dense/bias                     (500,)           500
model/p_x_given_z/hidden/rnn_p_x/dense_1/kernel                 (500, 500)   250,000
model/p_x_given_z/hidden/rnn_p_x/dense_1/bias                   (500,)           500
model/p_x_given_z/x_mean/kernel                                 (500, 38)     19,000
model/p_x_given_z/x_mean/bias                                   (38,)             38
model/p_x_given_z/x_std/kernel                                  (500, 38)     19,000
model/p_x_given_z/x_std/bias                                    (38,)             38/home/hz/anaconda3/envs/py36/lib/python3.6/site-packages/tensorflow/python/framework/dtypes.py:523: FutureWarning: Passing (type, 1) or '1type' as a synonym of type is deprecated; in a future version of numpy, it will be understood as (type, (1,)) / '(1,)type'.
  _np_qint8 = np.dtype([("qint8", np.int8, 1)])
/home/hz/anaconda3/envs/py36/lib/python3.6/site-packages/tensorflow/python/framework/dtypes.py:524: FutureWarning: Passing (type, 1) or '1type' as a synonym of type is deprecated; in a future version of numpy, it will be understood as (type, (1,)) / '(1,)type'.
  _np_quint8 = np.dtype([("quint8", np.uint8, 1)])
/home/hz/anaconda3/envs/py36/lib/python3.6/site-packages/tensorflow/python/framework/dtypes.py:525: FutureWarning: Passing (type, 1) or '1type' as a synonym of type is deprecated; in a future version of numpy, it will be understood as (type, (1,)) / '(1,)type'.
  _np_qint16 = np.dtype([("qint16", np.int16, 1)])
/home/hz/anaconda3/envs/py36/lib/python3.6/site-packages/tensorflow/python/framework/dtypes.py:526: FutureWarning: Passing (type, 1) or '1type' as a synonym of type is deprecated; in a future version of numpy, it will be understood as (type, (1,)) / '(1,)type'.
  _np_quint16 = np.dtype([("quint16", np.uint16, 1)])
/home/hz/anaconda3/envs/py36/lib/python3.6/site-packages/tensorflow/python/framework/dtypes.py:527: FutureWarning: Passing (type, 1) or '1type' as a synonym of type is deprecated; in a future version of numpy, it will be understood as (type, (1,)) / '(1,)type'.
  _np_qint32 = np.dtype([("qint32", np.int32, 1)])
/home/hz/anaconda3/envs/py36/lib/python3.6/site-packages/tensorflow/python/framework/dtypes.py:532: FutureWarning: Passing (type, 1) or '1type' as a synonym of type is deprecated; in a future version of numpy, it will be understood as (type, (1,)) / '(1,)type'.
  np_resource = np.dtype([("resource", np.ubyte, 1)])
/home/hz/anaconda3/envs/py36/lib/python3.6/site-packages/tfsnippet/utils/tfver.py:22: DeprecationWarning: Function 'semver.compare' is deprecated. Deprecated since version 2.10.0.  This function will be removed in semver 3. Use the respective 'semver.VersionInfo.compare' instead.
  compare_result = semver.compare(version, tf.__version__)
/home/hz/anaconda3/envs/py36/lib/python3.6/site-packages/tfsnippet/utils/tfver.py:22: DeprecationWarning: Function 'semver.compare' is deprecated. Deprecated since version 2.10.0.  This function will be removed in semver 3. Use the respective 'semver.VersionInfo.compare' instead.
  compare_result = semver.compare(version, tf.__version__)
INFO:tensorflow:Restoring parameters from /tmp/tmpagy16wc6/variables.dat-3500
2025-06-14 01:50:57,580 [INFO] tensorflow: Restoring parameters from /tmp/tmpagy16wc6/variables.dat-3500


train_values: (20087, 38)
[Epoch 1/10, Step 100] step time: 1.298s (±5.916s); train time: 1m 11.57s; valid time: 58.35s; loss: -12.0517 (±37.162); valid loss: -33.3242 (*)
[Epoch 1/10, Step 200] step time: 1.114s (±5.402s); train time: 57.21s; valid time: 54.27s; loss: -37.6576 (±5.82855); valid loss: -29.1682
[Epoch 1/10, Step 300] step time: 1.126s (±5.536s); train time: 57.03s; valid time: 55.65s; loss: -42.6492 (±4.38256); valid loss: -42.1521 (*)
train_values: (20087, 38)
[Epoch 2/10, Step 400, ETA 1h 9m 33.72s] step time: 1.109s (±5.38s); train time: 0.6253s; valid time: 54.05s; loss: -45.6183 (±6.08469); valid loss: -41.1203
[Epoch 2/10, Step 500, ETA 1h 7m 12.76s] step time: 1.127s (±5.532s); train time: 57.11s; valid time: 55.61s; loss: -49.3446 (±4.28554); valid loss: -44.5097 (*)
[Epoch 2/10, Step 600, ETA 1h 4m 53.4s] step time: 1.113s (±5.392s); train time: 57.13s; valid time: 54.2s; loss: -47.8744 (±6.02395); valid loss: -40.0414
[Epoch 2/10, Step 700, ETA 1h 2m 46.88s] step time: 1.123s (±5.518s); train time: 56.92s; valid time: 55.44s; loss: -52.6936 (±4.27506); valid loss: -47.4751 (*)
train_values: (20087, 38)
[Epoch 3/10, Step 800, ETA 1h 37.93s] step time: 1.108s (±5.375s); train time: 1.172s; valid time: 54.02s; loss: -52.1525 (±5.26417); valid loss: -31.3834
[Epoch 3/10, Step 900, ETA 58m 32.34s] step time: 1.106s (±5.374s); train time: 56.65s; valid time: 54.02s; loss: -51.9184 (±5.34929); valid loss: -45.1727
[Epoch 3/10, Step 1000, ETA 56m 31.15s] step time: 1.111s (±5.403s); train time: 56.85s; valid time: 54.3s; loss: -53.4595 (±5.29937); valid loss: -45.5984
[Epoch 3/10, Step 1100, ETA 54m 35.43s] step time: 1.125s (±5.529s); train time: 56.96s; valid time: 55.58s; loss: -51.7147 (±6.57631); valid loss: -57.1524 (*)
train_values: (20087, 38)
[Epoch 4/10, Step 1200, ETA 52m 36.25s] step time: 1.107s (±5.374s); train time: 1.753s; valid time: 54.01s; loss: -55.9431 (±4.4856); valid loss: -50.79
[Epoch 4/10, Step 1300, ETA 50m 39.03s] step time: 1.111s (±5.393s); train time: 56.94s; valid time: 54.21s; loss: -56.6649 (±4.32283); valid loss: -56.1374
[Epoch 4/10, Step 1400, ETA 48m 41.93s] step time: 1.107s (±5.378s); train time: 56.71s; valid time: 54.03s; loss: -57.8655 (±4.24702); valid loss: -46.8038
[Epoch 4/10, Step 1500, ETA 46m 46.25s] step time: 1.11s (±5.392s); train time: 56.91s; valid time: 54.18s; loss: -57.217 (±5.00259); valid loss: -49.0886
train_values: (20087, 38)
[Epoch 5/10, Step 1600, ETA 44m 50.96s] step time: 1.109s (±5.383s); train time: 2.275s; valid time: 54.11s; loss: -58.2377 (±4.98913); valid loss: -53.5259
[Epoch 5/10, Step 1700, ETA 42m 56.26s] step time: 1.11s (±5.39s); train time: 56.87s; valid time: 54.16s; loss: -58.9554 (±4.36533); valid loss: -51.0249
[Epoch 5/10, Step 1800, ETA 41m 3.267s] step time: 1.12s (±5.51s); train time: 56.71s; valid time: 55.38s; loss: -59.8528 (±4.17427); valid loss: -58.8642 (*)
[Epoch 5/10, Step 1900, ETA 39m 8.891s] step time: 1.107s (±5.393s); train time: 56.57s; valid time: 54.19s; loss: -59.1518 (±4.62031); valid loss: -54.1378
train_values: (20087, 38)
[Epoch 6/10, Step 2000, ETA 37m 14.86s] step time: 1.107s (±5.378s); train time: 2.856s; valid time: 54.05s; loss: -60.9255 (±6.37537); valid loss: -50.2405
[Epoch 6/10, Step 2100, ETA 35m 21.28s] step time: 1.108s (±5.373s); train time: 56.88s; valid time: 54s; loss: -59.2773 (±5.28964); valid loss: -57.2086
[Epoch 6/10, Step 2200, ETA 33m 28.84s] step time: 1.119s (±5.499s); train time: 56.73s; valid time: 55.27s; loss: -61.1698 (±4.90152); valid loss: -61.2385 (*)
[Epoch 6/10, Step 2300, ETA 31m 35.34s] step time: 1.104s (±5.375s); train time: 56.46s; valid time: 54.02s; loss: -64.7688 (±4.40776); valid loss: -53.9464
train_values: (20087, 38)
[Epoch 7/10, Step 2400, ETA 29m 43.27s] step time: 1.122s (±5.513s); train time: 3.475s; valid time: 55.41s; loss: -64.1706 (±5.42489); valid loss: -64.8916 (*)
[Epoch 7/10, Step 2500, ETA 27m 50.26s] step time: 1.107s (±5.375s); train time: 56.69s; valid time: 54.03s; loss: -63.6954 (±5.97081); valid loss: -63.7109
[Epoch 7/10, Step 2600, ETA 25m 57.48s] step time: 1.108s (±5.385s); train time: 56.72s; valid time: 54.11s; loss: -65.4292 (±5.36071); valid loss: -64.7703
[Epoch 7/10, Step 2700, ETA 24m 4.803s] step time: 1.107s (±5.363s); train time: 56.83s; valid time: 53.9s; loss: -66.7795 (±4.47746); valid loss: -55.6245
train_values: (20087, 38)
[Epoch 8/10, Step 2800, ETA 22m 12.97s] step time: 1.123s (±5.518s); train time: 3.995s; valid time: 55.47s; loss: -65.9682 (±6.51838); valid loss: -68.7556 (*)
[Epoch 8/10, Step 2900, ETA 20m 20.45s] step time: 1.106s (±5.377s); train time: 56.64s; valid time: 54.04s; loss: -68.6181 (±4.64942); valid loss: -64.7372
[Epoch 8/10, Step 3000, ETA 18m 28.05s] step time: 1.106s (±5.375s); train time: 56.64s; valid time: 54.02s; loss: -69.1997 (±4.50209); valid loss: -64.3601
[Epoch 8/10, Step 3100, ETA 16m 35.81s] step time: 1.108s (±5.378s); train time: 56.76s; valid time: 54.05s; loss: -68.6677 (±4.97784); valid loss: -61.3452
train_values: (20087, 38)
[Epoch 9/10, Step 3200, ETA 14m 43.69s] step time: 1.109s (±5.388s); train time: 4.597s; valid time: 54.16s; loss: -67.2166 (±5.48599); valid loss: -67.0111
[Epoch 9/10, Step 3300, ETA 12m 51.65s] step time: 1.109s (±5.388s); train time: 56.86s; valid time: 54.13s; loss: -67.302 (±5.31073); valid loss: -60.2833
[Epoch 9/10, Step 3400, ETA 10m 59.68s] step time: 1.11s (±5.395s); train time: 56.82s; valid time: 54.22s; loss: -67.6641 (±5.19853); valid loss: -57.7083
[Epoch 9/10, Step 3500, ETA 9m 7.903s] step time: 1.12s (±5.506s); train time: 56.68s; valid time: 55.35s; loss: -68.2433 (±6.15545); valid loss: -70.6795 (*)
train_values: (20087, 38)
[Epoch 10/10, Step 3600, ETA 7m 15.96s] step time: 1.105s (±5.362s); train time: 5.122s; valid time: 53.91s; loss: -68.9755 (±5.61205); valid loss: -69.1106
[Epoch 10/10, Step 3700, ETA 5m 24.11s] step time: 1.11s (±5.382s); train time: 56.91s; valid time: 54.09s; loss: -71.2808 (±5.15666); valid loss: -54.6157
[Epoch 10/10, Step 3800, ETA 3m 32.3s] step time: 1.107s (±5.377s); train time: 56.69s; valid time: 54.03s; loss: -70.1481 (±4.57478); valid loss: -69.7696
[Epoch 10/10, Step 3900, ETA 1m 40.54s] step time: 1.106s (±5.363s); train time: 56.7s; valid time: 53.91s; loss: -70.4839 (±6.36304); valid loss: -69.7863
train end time:  2025-06-14 01:50:57
train time:  4424.335241556168
test start time:  2025-06-14 01:50:57
------------------------------ testing ------------------------------
test_score shape:  (28597, 38)
test_z shape:  (28597, 100, 6)
search range:  -400.0 400.0
cur thr:  -399.0 [0.014531432553694271, 0.0073189664705138185, 0.9999999494949521, 198.0, 1544.0, 26855.0, 0.0, 0.0] [0.014531432553694271, 0.0073189664705138185, 0.9999999494949521, 198.0, 1544.0, 26855.0, 0.0, 0.0] -399.0
cur thr:  -349.0 [0.013765158058218839, 0.006930346514900124, 0.9999999494949521, 198.0, 27.0, 28372.0, 0.0, 0.0] [0.014531432553694271, 0.0073189664705138185, 0.9999999494949521, 198.0, 1544.0, 26855.0, 0.0, 0.0] -399.0
cur thr:  -299.0 [0.013752250980848828, 0.0069238031937182915, 0.9999999494949521, 198.0, 0.0, 28399.0, 0.0, 0.0] [0.014531432553694271, 0.0073189664705138185, 0.9999999494949521, 198.0, 1544.0, 26855.0, 0.0, 0.0] -399.0
cur thr:  -249.0 [0.013752250980848828, 0.0069238031937182915, 0.9999999494949521, 198.0, 0.0, 28399.0, 0.0, 0.0] [0.014531432553694271, 0.0073189664705138185, 0.9999999494949521, 198.0, 1544.0, 26855.0, 0.0, 0.0] -399.0
cur thr:  -199.0 [0.013752250980848828, 0.0069238031937182915, 0.9999999494949521, 198.0, 0.0, 28399.0, 0.0, 0.0] [0.014531432553694271, 0.0073189664705138185, 0.9999999494949521, 198.0, 1544.0, 26855.0, 0.0, 0.0] -399.0
cur thr:  -149.0 [0.013752250980848828, 0.0069238031937182915, 0.9999999494949521, 198.0, 0.0, 28399.0, 0.0, 0.0] [0.014531432553694271, 0.0073189664705138185, 0.9999999494949521, 198.0, 1544.0, 26855.0, 0.0, 0.0] -399.0
cur thr:  -99.0 [0.013752250980848828, 0.0069238031937182915, 0.9999999494949521, 198.0, 0.0, 28399.0, 0.0, 0.0] [0.014531432553694271, 0.0073189664705138185, 0.9999999494949521, 198.0, 1544.0, 26855.0, 0.0, 0.0]  0%|          | 0/28597 [00:00<?, ?it/s]100%|██████████| 28597/28597 [00:00<00:00, 1176214.87it/s] -399.0
cur thr:  -49.0 [0.013752250980848828, 0.0069238031937182915, 0.9999999494949521, 198.0, 0.0, 28399.0, 0.0, 0.0] [0.014531432553694271, 0.0073189664705138185, 0.9999999494949521, 198.0, 1544.0, 26855.0, 0.0, 0.0] -399.0
cur thr:  1.0 [0.013752250980848828, 0.0069238031937182915, 0.9999999494949521, 198.0, 0.0, 28399.0, 0.0, 0.0] [0.014531432553694271, 0.0073189664705138185, 0.9999999494949521, 198.0, 1544.0, 26855.0, 0.0, 0.0] -399.0
cur thr:  51.0 [0.013752250980848828, 0.0069238031937182915, 0.9999999494949521, 198.0, 0.0, 28399.0, 0.0, 0.0] [0.014531432553694271, 0.0073189664705138185, 0.9999999494949521, 198.0, 1544.0, 26855.0, 0.0, 0.0] -399.0
cur thr:  101.0 [0.013752250980848828, 0.0069238031937182915, 0.9999999494949521, 198.0, 0.0, 28399.0, 0.0, 0.0] [0.014531432553694271, 0.0073189664705138185, 0.9999999494949521, 198.0, 1544.0, 26855.0, 0.0, 0.0] -399.0
cur thr:  151.0 [0.013752250980848828, 0.0069238031937182915, 0.9999999494949521, 198.0, 0.0, 28399.0, 0.0, 0.0] [0.014531432553694271, 0.0073189664705138185, 0.9999999494949521, 198.0, 1544.0, 26855.0, 0.0, 0.0] -399.0
cur thr:  201.0 [0.013752250980848828, 0.0069238031937182915, 0.9999999494949521, 198.0, 0.0, 28399.0, 0.0, 0.0] [0.014531432553694271, 0.0073189664705138185, 0.9999999494949521, 198.0, 1544.0, 26855.0, 0.0, 0.0] -399.0
cur thr:  251.0 [0.013752250980848828, 0.0069238031937182915, 0.9999999494949521, 198.0, 0.0, 28399.0, 0.0, 0.0] [0.014531432553694271, 0.0073189664705138185, 0.9999999494949521, 198.0, 1544.0, 26855.0, 0.0, 0.0] -399.0
cur thr:  301.0 [0.013752250980848828, 0.0069238031937182915, 0.9999999494949521, 198.0, 0.0, 28399.0, 0.0, 0.0] [0.014531432553694271, 0.0073189664705138185, 0.9999999494949521, 198.0, 1544.0, 26855.0, 0.0, 0.0] -399.0
cur thr:  351.0 [0.013752250980848828, 0.0069238031937182915, 0.9999999494949521, 198.0, 0.0, 28399.0, 0.0, 0.0] [0.014531432553694271, 0.0073189664705138185, 0.9999999494949521, 198.0, 1544.0, 26855.0, 0.0, 0.0] -399.0
[0.014531432553694271, 0.0073189664705138185, 0.9999999494949521, 198.0, 1544.0, 26855.0, 0.0, 0.0] -399.0
label_file: ServerMachineDataset/interpretation_label/machine-3-11.txt
Initial threshold : -35.367794
Number of peaks : 214
Grimshaw maximum log-likelihood estimation ... [done]
	γ = 0
	σ = 398.03308
	L = 1495.1185156924478
Extreme quantile (probability = 0.001): 765.7570370178261
28597
28597
POT result:  (0.013752250980848828, 0.0069238031937182915, 0.9999999494949521, 198.0, 0.0, 28399.0, 0.0) 35.36779 0.0

=== 全局调试信息 ===
y_true shape: (28597,), unique values: [0. 1.]
y_pred shape: (28597,), unique values: [ True]
feature_scores shape: (28597, 38)
y_true 中的异常段: [(21131, 21196), (27726, 27851), (27896, 27901)]


=== 处理第 1/3 段 ===
段范围: start=21131, end=21196
段内真实标签 (seg_true): [1. 1. 1. 1. 1. 1. 1. 1. 1. 1. 1. 1. 1. 1. 1. 1. 1. 1. 1. 1. 1. 1. 1. 1.
 1. 1. 1. 1. 1. 1. 1. 1. 1. 1. 1. 1. 1. 1. 1. 1. 1. 1. 1. 1. 1. 1. 1. 1.
 1. 1. 1. 1. 1. 1. 1. 1. 1. 1. 1. 1. 1. 1. 1. 1. 1. 1.]
段内预测标签 (seg_pred): [ True  True  True  True  True  True  True  True  True  True  True  True
  True  True  True  True  True  True  True  True  True  True  True  True
  True  True  True  True  True  True  True  True  True  True  True  True
  True  True  True  True  True  True  True  True  True  True  True  True
  True  True  True  True  True  True  True  True  True  True  True  True
  True  True  True  True  True  True]
段内真实异常时间点索引 (相对段内): [ 0  1  2  3  4  5  6  7  8  9 10 11 12 13 14 15 16 17 18 19 20 21 22 23
 24 25 26 27 28 29 30 31 32 33 34 35 36 37 38 39 40 41 42 43 44 45 46 47
 48 49 50 51 52 53 54 55 56 57 58 59 60 61 62 63 64 65]
段内是否有预测为异常的时间点: True
真实异常维度 (0-based): [0, 1, 2, 3, 4, 5, 6, 9, 10, 15, 18, 19, 20, 21, 22, 23, 25, 27, 29, 30, 31, 34, 35]
段内检测到的异常时间点索引 (相对段内): [ 0  1  2  3  4  5  6  7  8  9 10 11 12 13 14 15 16 17 18 19 20 21 22 23
 24 25 26 27 28 29 30 31 32 33 34 35 36 37 38 39 40 41 42 43 44 45 46 47
 48 49 50 51 52 53 54 55 56 57 58 59 60 61 62 63 64 65]
推断的异常维度 (0-based): [0, 1, 2, 3, 4, 5, 6, 7, 8, 9, 10, 11, 12, 13, 14, 15, 16, 17, 18, 19, 20, 21, 22, 23, 24, 25, 26, 27, 28, 29, 30, 31, 32, 33, 34, 35, 36, 37]
真实与推断的交集: [0, 1, 2, 3, 4, 5, 6, 9, 10, 15, 18, 19, 20, 21, 22, 23, 25, 27, 29, 30, 31, 34, 35]
段内指标: TP=23, FP=15, FN=0, TN=0, IPS=1.0000

=== 处理第 2/3 段 ===
段范围: start=27726, end=27851
段内真实标签 (seg_true): [1. 1. 1. 1. 1. 1. 1. 1. 1. 1. 1. 1. 1. 1. 1. 1. 1. 1. 1. 1. 1. 1. 1. 1.
 1. 1. 1. 1. 1. 1. 1. 1. 1. 1. 1. 1. 1. 1. 1. 1. 1. 1. 1. 1. 1. 1. 1. 1.
 1. 1. 1. 1. 1. 1. 1. 1. 1. 1. 1. 1. 1. 1. 1. 1. 1. 1. 1. 1. 1. 1. 1. 1.
 1. 1. 1. 1. 1. 1. 1. 1. 1. 1. 1. 1. 1. 1. 1. 1. 1. 1. 1. 1. 1. 1. 1. 1.
 1. 1. 1. 1. 1. 1. 1. 1. 1. 1. 1. 1. 1. 1. 1. 1. 1. 1. 1. 1. 1. 1. 1. 1.
 1. 1. 1. 1. 1. 1.]
段内预测标签 (seg_pred): [ True  True  True  True  True  True  True  True  True  True  True  True
  True  True  True  True  True  True  True  True  True  True  True  True
  True  True  True  True  True  True  True  True  True  True  True  True
  True  True  True  True  True  True  True  True  True  True  True  True
  True  True  True  True  True  True  True  True  True  True  True  True
  True  True  True  True  True  True  True  True  True  True  True  True
  True  True  True  True  True  True  True  True  True  True  True  True
  True  True  True  True  True  True  True  True  True  True  True  True
  True  True  True  True  True  True  True  True  True  True  True  True
  True  True  True  True  True  True  True  True  True  True  True  True
  True  True  True  True  True  True]
段内真实异常时间点索引 (相对段内): [  0   1   2   3   4   5   6   7   8   9  10  11  12  13  14  15  16  17
  18  19  20  21  22  23  24  25  26  27  28  29  30  31  32  33  34  35
  36  37  38  39  40  41  42  43  44  45  46  47  48  49  50  51  52  53
  54  55  56  57  58  59  60  61  62  63  64  65  66  67  68  69  70  71
  72  73  74  75  76  77  78  79  80  81  82  83  84  85  86  87  88  89
  90  91  92  93  94  95  96  97  98  99 100 101 102 103 104 105 106 107
 108 109 110 111 112 113 114 115 116 117 118 119 120 121 122 123 124 125]
段内是否有预测为异常的时间点: True
真实异常维度 (0-based): [0, 1, 2, 3, 6, 18, 19, 20, 21, 22, 23, 25, 27, 29, 30, 31, 33, 34, 35, 36]
段内检测到的异常时间点索引 (相对段内): [  0   1   2   3   4   5   6   7   8   9  10  11  12  13  14  15  16  17
  18  19  20  21  22  23  24  25  26  27  28  29  30  31  32  33  34  35
  36  37  38  39  40  41  42  43  44  45  46  47  48  49  50  51  52  53
  54  55  56  57  58  59  60  61  62  63  64  65  66  67  68  69  70  71
  72  73  74  75  76  77  78  79  80  81  82  83  84  85  86  87  88  89
  90  91  92  93  94  95  96  97  98  99 100 101 102 103 104 105 106 107
 108 109 110 111 112 113 114 115 116 117 118 119 120 121 122 123 124 125]
推断的异常维度 (0-based): [0, 1, 2, 3, 4, 5, 6, 7, 8, 9, 10, 11, 12, 13, 14, 15, 16, 17, 18, 19, 20, 21, 22, 23, 24, 25, 26, 27, 28, 30, 31, 32, 33, 34, 35, 36, 37]
真实与推断的交集: [0, 1, 2, 3, 6, 18, 19, 20, 21, 22, 23, 25, 27, 30, 31, 33, 34, 35, 36]
段内指标: TP=19, FP=18, FN=1, TN=0, IPS=0.9500

=== 处理第 3/3 段 ===
段范围: start=27896, end=27901
段内真实标签 (seg_true): [1. 1. 1. 1. 1. 1.]
段内预测标签 (seg_pred): [ True  True  True  True  True  True]
段内真实异常时间点索引 (相对段内): [0 1 2 3 4 5]
段内是否有预测为异常的时间点: True
真实异常维度 (0-based): [9, 10]
段内检测到的异常时间点索引 (相对段内): [0 1 2 3 4 5]
推断的异常维度 (0-based): [7, 26]
真实与推断的交集: []
段内指标: TP=0, FP=2, FN=2, TN=34, IPS=0.0000

=== 汇总指标 ===
总 TP: 42, 总 TN: 34, 总 FP: 35, 总 FN: 3
平均 IPS: 0.9379, Precision: 0.5455, Recall: 0.9333, F1: 0.6885
每段IPS与混淆: [{'start': 21131, 'end': 21196, 'TP': 23, 'TN': 0, 'FP': 15, 'FN': 0, 'IPS': 1.0, 'k_selected': 23, 'gt_dims_count': 23}, {'start': 27726, 'end': 27851, 'TP': 19, 'TN': 0, 'FP': 18, 'FN': 1, 'IPS': 0.95, 'k_selected': 20, 'gt_dims_count': 20}, {'start': 27896, 'end': 27901, 'TP': 0, 'TN': 34, 'FP': 2, 'FN': 2, 'IPS': 0.0, 'k_selected': 2, 'gt_dims_count': 2}]

总和: {'TP': 42, 'TN': 34, 'FP': 35, 'FN': 3, 'IPS': 0.9378787878787879, 'precision': 0.5454545454545454, 'recall': 0.9333333333333333, 'F1': 0.6885245901639344}
test end time:  2025-06-14 01:57:11
test time:  373.87139654159546
==============================result==============================
{'FN': 0.0,
 'FP': 26855.0,
 'TN': 1544.0,
 'TP': 198.0,
 'best-f1': 0.014531432553694271,
 'best_valid_loss': -70.67946358547465,
 'latency': 0.0,
 'pot-FN': 0.0,
 'pot-FP': 28399.0,
 'pot-TN': 0.0,
 'pot-TP': 198.0,
 'pot-f1': 0.013752250980848828,
 'pot-latency': 0.0,
 'pot-precision': 0.0069238031937182915,
 'pot-recall': 0.9999999494949521,
 'pot-threshold': 35.36779,
 'precision': 0.0073189664705138185,
 'pred_time': 0.3170427788387645,
 'pred_total_time': 181.71784234046936,
 'recall': 0.9999999494949521,
 'segment_results': [{'FN': 0,
                      'FP': 15,
                      'IPS': 1.0,
                      'TN': 0,
                      'TP': 23,
                      'end': 21196,
                      'gt_dims_count': 23,
                      'k_selected': 23,
                      'start': 21131},
                     {'FN': 1,
                      'FP': 18,
                      'IPS': 0.95,
                      'TN': 0,
                      'TP': 19,
                      'end': 27851,
                      'gt_dims_count': 20,
                      'k_selected': 20,
                      'start': 27726},
                     {'FN': 2,
                      'FP': 2,
                      'IPS': 0.0,
                      'TN': 34,
                      'TP': 0,
                      'end': 27901,
                      'gt_dims_count': 2,
                      'k_selected': 2,
                      'start': 27896}],
 'segment_summary': {'F1': 0.6885245901639344,
                     'FN': 3,
                     'FP': 35,
                     'IPS': 0.9378787878787879,
                     'TN': 34,
                     'TP': 42,
                     'precision': 0.5454545454545454,
                     'recall': 0.9333333333333333},
 'threshold': -399.0,
 'train_time': 440.99391691684724,
 'valid_time': 0.31612950333735274}
