nohup: ignoring input
2025-06-05 10:20:32.246505: I tensorflow/core/platform/cpu_feature_guard.cc:141] Your CPU supports instructions that this TensorFlow binary was not compiled to use: AVX2 AVX512F FMA
Configurations
===========================================
{'batch_size': 50,
 'bf_search_max': 400.0,
 'bf_search_min': -400.0,
 'bf_search_step_size': 1.0,
 'dataset': 'machine-3-4',
 'dense_dim': 500,
 'early_stop': True,
 'get_score_on_dim': True,
 'gradient_clip_norm': 10.0,
 'initial_lr': 0.001,
 'l2_reg': 0.0001,
 'level': 0.01,
 'lr_anneal_epoch_freq': 40,
 'lr_anneal_factor': 0.5,
 'lr_anneal_step_freq': None,
 'max_epoch': 1,
 'max_test_size': None,
 'max_train_size': None,
 'nf_layers': 20,
 'posterior_flow_type': 'nf',
 'restore_dir': None,
 'result_dir': 'result',
 'rnn_cell': 'GRU',
 'rnn_num_hidden': 500,
 'save_dir': 'model',
 'save_z': False,
 'std_epsilon': 0.0001,
 'test_batch_size': 50,
 'test_n_z': 1,
 'test_score_filename': 'test_score.pkl',
 'test_start': 0,
 'train_score_filename': 'train_score.pkl',
 'train_start': 0,
 'use_connected_z_p': True,
 'use_connected_z_q': True,
 'valid_step_freq': 100,
 'window_length': 100,
 'x_dim': 38,
 'z_dim': 3}

train start time:  2025-06-05 10:20:12
load data of: machine-3-4
train:  0 None
test:  0 None
Data normalized
Data normalized
train set shape:  (23687, 38)
test set shape:  (23687, 38)
test set label shape:  (23687,)
Trainable Parameters                                            (2,607,740 in total)
------------------------------------------------------------------------------------
model/q_z_given_x/rnn_q_z/rnn/gru_cell/gates/kernel             (538, 1000)  538,000
model/q_z_given_x/rnn_q_z/rnn/gru_cell/gates/bias               (1000,)        1,000
model/q_z_given_x/rnn_q_z/rnn/gru_cell/candidate/kernel         (538, 500)   269,000
model/q_z_given_x/rnn_q_z/rnn/gru_cell/candidate/bias           (500,)           500
model/q_z_given_x/rnn_q_z/dense/kernel                          (500, 500)   250,000
model/q_z_given_x/rnn_q_z/dense/bias                            (500,)           500
model/q_z_given_x/rnn_q_z/dense_1/kernel                        (500, 500)   250,000
model/q_z_given_x/rnn_q_z/dense_1/bias                          (500,)           500
model/vae/variational/z_mean/kernel                             (503, 3)       1,509
model/vae/variational/z_mean/bias                               (3,)               3
model/vae/variational/z_std/kernel                              (503, 3)       1,509
model/vae/variational/z_std/bias                                (3,)               3
model/posterior_flow/_0/w                                       (1, 3)             3
model/posterior_flow/_0/b                                       (1,)               1
model/posterior_flow/_0/u                                       (1, 3)             3
model/posterior_flow/_1/w                                       (1, 3)             3
model/posterior_flow/_1/b                                       (1,)               1
model/posterior_flow/_1/u                                       (1, 3)             3
model/posterior_flow/_2/w                                       (1, 3)             3
model/posterior_flow/_2/b                                       (1,)               1
model/posterior_flow/_2/u                                       (1, 3)             3
model/posterior_flow/_3/w                                       (1, 3)             3
model/posterior_flow/_3/b                                       (1,)               1
model/posterior_flow/_3/u                                       (1, 3)             3
model/posterior_flow/_4/w                                       (1, 3)             3
model/posterior_flow/_4/b                                       (1,)               1
model/posterior_flow/_4/u                                       (1, 3)             3
model/posterior_flow/_5/w                                       (1, 3)             3
model/posterior_flow/_5/b                                       (1,)               1
model/posterior_flow/_5/u                                       (1, 3)             3
model/posterior_flow/_6/w                                       (1, 3)             3
model/posterior_flow/_6/b                                       (1,)               1
model/posterior_flow/_6/u                                       (1, 3)             3
model/posterior_flow/_7/w                                       (1, 3)             3
model/posterior_flow/_7/b                                       (1,)               1
model/posterior_flow/_7/u                                       (1, 3)             3
model/posterior_flow/_8/w                                       (1, 3)             3
model/posterior_flow/_8/b                                       (1,)               1
model/posterior_flow/_8/u                                       (1, 3)             3
model/posterior_flow/_9/w                                       (1, 3)             3
model/posterior_flow/_9/b                                       (1,)               1
model/posterior_flow/_9/u                                       (1, 3)             3
model/posterior_flow/_10/w                                      (1, 3)             3
model/posterior_flow/_10/b                                      (1,)               1
model/posterior_flow/_10/u                                      (1, 3)             3
model/posterior_flow/_11/w                                      (1, 3)             3
model/posterior_flow/_11/b                                      (1,)               1
model/posterior_flow/_11/u                                      (1, 3)             3
model/posterior_flow/_12/w                                      (1, 3)             3
model/posterior_flow/_12/b                                      (1,)               1
model/posterior_flow/_12/u                                      (1, 3)             3
model/posterior_flow/_13/w                                      (1, 3)             3
model/posterior_flow/_13/b                                      (1,)               1
model/posterior_flow/_13/u                                      (1, 3)             3
model/posterior_flow/_14/w                                      (1, 3)             3
model/posterior_flow/_14/b                                      (1,)               1
model/posterior_flow/_14/u                                      (1, 3)             3
model/posterior_flow/_15/w                                      (1, 3)             3
model/posterior_flow/_15/b                                      (1,)               1
model/posterior_flow/_15/u                                      (1, 3)             3
model/posterior_flow/_16/w                                      (1, 3)             3
model/posterior_flow/_16/b                                      (1,)               1
model/posterior_flow/_16/u                                      (1, 3)             3
model/posterior_flow/_17/w                                      (1, 3)             3
model/posterior_flow/_17/b                                      (1,)               1
model/posterior_flow/_17/u                                      (1, 3)             3
model/posterior_flow/_18/w                                      (1, 3)             3
model/posterior_flow/_18/b                                      (1,)               1
model/posterior_flow/_18/u                                      (1, 3)             3
model/posterior_flow/_19/w                                      (1, 3)             3
model/posterior_flow/_19/b                                      (1,)               1
model/posterior_flow/_19/u                                      (1, 3)             3
model/p_x_given_z/hidden/rnn_p_x/rnn/gru_cell/gates/kernel      (503, 1000)  503,000
model/p_x_given_z/hidden/rnn_p_x/rnn/gru_cell/gates/bias        (1000,)        1,000
model/p_x_given_z/hidden/rnn_p_x/rnn/gru_cell/candidate/kernel  (503, 500)   251,500
model/p_x_given_z/hidden/rnn_p_x/rnn/gru_cell/candidate/bias    (500,)           500
model/p_x_given_z/hidden/rnn_p_x/dense/kernel                   (500, 500)   250,000
model/p_x_given_z/hidden/rnn_p_x/dense/bias                     (500,)           500
model/p_x_given_z/hidden/rnn_p_x/dense_1/kernel                 (500, 500)   250,000
model/p_x_given_z/hidden/rnn_p_x/dense_1/bias                   (500,)           500
model/p_x_given_z/x_mean/kernel                                 (500, 38)     19,000
model/p_x_given_z/x_mean/bias                                   (38,)             38
model/p_x_given_z/x_std/kernel                                  (500, 38)     19,000
model/p_x_given_z/x_std/bias                                    (38,)             38/home/hz/anaconda3/envs/py36/lib/python3.6/site-packages/tensorflow/python/framework/dtypes.py:523: FutureWarning: Passing (type, 1) or '1type' as a synonym of type is deprecated; in a future version of numpy, it will be understood as (type, (1,)) / '(1,)type'.
  _np_qint8 = np.dtype([("qint8", np.int8, 1)])
/home/hz/anaconda3/envs/py36/lib/python3.6/site-packages/tensorflow/python/framework/dtypes.py:524: FutureWarning: Passing (type, 1) or '1type' as a synonym of type is deprecated; in a future version of numpy, it will be understood as (type, (1,)) / '(1,)type'.
  _np_quint8 = np.dtype([("quint8", np.uint8, 1)])
/home/hz/anaconda3/envs/py36/lib/python3.6/site-packages/tensorflow/python/framework/dtypes.py:525: FutureWarning: Passing (type, 1) or '1type' as a synonym of type is deprecated; in a future version of numpy, it will be understood as (type, (1,)) / '(1,)type'.
  _np_qint16 = np.dtype([("qint16", np.int16, 1)])
/home/hz/anaconda3/envs/py36/lib/python3.6/site-packages/tensorflow/python/framework/dtypes.py:526: FutureWarning: Passing (type, 1) or '1type' as a synonym of type is deprecated; in a future version of numpy, it will be understood as (type, (1,)) / '(1,)type'.
  _np_quint16 = np.dtype([("quint16", np.uint16, 1)])
/home/hz/anaconda3/envs/py36/lib/python3.6/site-packages/tensorflow/python/framework/dtypes.py:527: FutureWarning: Passing (type, 1) or '1type' as a synonym of type is deprecated; in a future version of numpy, it will be understood as (type, (1,)) / '(1,)type'.
  _np_qint32 = np.dtype([("qint32", np.int32, 1)])
/home/hz/anaconda3/envs/py36/lib/python3.6/site-packages/tensorflow/python/framework/dtypes.py:532: FutureWarning: Passing (type, 1) or '1type' as a synonym of type is deprecated; in a future version of numpy, it will be understood as (type, (1,)) / '(1,)type'.
  np_resource = np.dtype([("resource", np.ubyte, 1)])
/home/hz/anaconda3/envs/py36/lib/python3.6/site-packages/tfsnippet/utils/tfver.py:22: DeprecationWarning: Function 'semver.compare' is deprecated. Deprecated since version 2.10.0.  This function will be removed in semver 3. Use the respective 'semver.VersionInfo.compare' instead.
  compare_result = semver.compare(version, tf.__version__)
/home/hz/anaconda3/envs/py36/lib/python3.6/site-packages/tfsnippet/utils/tfver.py:22: DeprecationWarning: Function 'semver.compare' is deprecated. Deprecated since version 2.10.0.  This function will be removed in semver 3. Use the respective 'semver.VersionInfo.compare' instead.
  compare_result = semver.compare(version, tf.__version__)
INFO:tensorflow:Restoring parameters from /tmp/tmpvcnl1frm/variables.dat-300
2025-06-05 10:26:46,839 [INFO] tensorflow: Restoring parameters from /tmp/tmpvcnl1frm/variables.dat-300
  0%|          | 0/23588 [00:00<?, ?it/s]100%|██████████| 23588/23588 [00:00<00:00, 616991.74it/s]


train_values: (16581, 38)
[Step 100] step time: 1.326s (±5.633s); train time: 1m 18.6s; valid time: 54.11s; loss: 53.2602 (±682.618); valid loss: -46.6639 (*)
[Step 200] step time: 1.121s (±5.069s); train time: 1m 1.291s; valid time: 50.9s; loss: -45.5126 (±6.12194); valid loss: -51.3181 (*)
[Step 300] step time: 1.096s (±4.873s); train time: 1m 0.7238s; valid time: 48.95s; loss: -52.845 (±3.44544); valid loss: -53.2832 (*)
train end time:  2025-06-05 10:26:47
train time:  394.9707143306732
test start time:  2025-06-05 10:26:47
------------------------------ testing ------------------------------
test_score shape:  (23588, 38)
test_z shape:  (23588, 100, 6)
pred_speed:  0.33942581334356536
search range:  -400.0 400.0
cur thr:  -399.0 [0.8973882586424776, 0.9794188743411759, 0.8280450273485668, 809.0, 22594.0, 17.0, 168.0, 1.5999680006399872] [0.8973882586424776, 0.9794188743411759, 0.8280450273485668, 809.0, 22594.0, 17.0, 168.0, 1.5999680006399872] -399.0
cur thr:  -349.0 [0.8741171022299574, 0.925629280027125, 0.8280450273485668, 809.0, 22546.0, 65.0, 168.0, 1.5999680006399872] [0.8973882586424776, 0.9794188743411759, 0.8280450273485668, 809.0, 22594.0, 17.0, 168.0, 1.5999680006399872] -399.0
cur thr:  -299.0 [0.7950809952247945, 0.7646502763265569, 0.8280450273485668, 809.0, 22362.0, 249.0, 168.0, 1.5999680006399872] [0.8973882586424776, 0.9794188743411759, 0.8280450273485668, 809.0, 22594.0, 17.0, 168.0, 1.5999680006399872] -399.0
cur thr:  -249.0 [0.643335203940084, 0.5260077989206255, 0.8280450273485668, 809.0, 21882.0, 729.0, 168.0, 1.5999680006399872] [0.8973882586424776, 0.9794188743411759, 0.8280450273485668, 809.0, 22594.0, 17.0, 168.0, 1.5999680006399872] -399.0
cur thr:  -199.0 [0.4523303852710563, 0.3111538449571006, 0.8280450273485668, 809.0, 20820.0, 1791.0, 168.0, 1.5999680006399872] [0.8973882586424776, 0.9794188743411759, 0.8280450273485668, 809.0, 22594.0, 17.0, 168.0, 1.5999680006399872] -399.0
cur thr:  -149.0 [0.29901755355455045, 0.1824537659394367, 0.8280450273485668, 809.0, 18986.0, 3625.0, 168.0, 0.3999920001599968] [0.8973882586424776, 0.9794188743411759, 0.8280450273485668, 809.0, 22594.0, 17.0, 168.0, 1.5999680006399872] -399.0
cur thr:  -99.0 [0.24790445029680513, 0.14149167249602945, 0.9999999897645856, 977.0, 16683.0, 5928.0, 0.0, 11.374857814277322] [0.8973882586424776, 0.9794188743411759, 0.8280450273485668, 809.0, 22594.0, 17.0, 168.0, 1.5999680006399872] -399.0
cur thr:  -49.0 [0.18185037070438176, 0.10002047491807896, 0.9999999897645856, 977.0, 13820.0, 8791.0, 0.0, 2.7499656254296823] [0.8973882586424776, 0.9794188743411759, 0.8280450273485668, 809.0, 22594.0, 17.0, 168.0, 1.5999680006399872] -399.0
cur thr:  1.0 [0.10135284238682138, 0.0533821439988077, 0.9999999897645856, 977.0, 5286.0, 17325.0, 0.0, 1.3749828127148411] [0.8973882586424776, 0.9794188743411759, 0.8280450273485668, 809.0, 22594.0, 17.0, 168.0, 1.5999680006399872] -399.0
cur thr:  51.0 [0.07954330289984311, 0.04141936576165026, 0.9999999897645856, 977.0, 0.0, 22611.0, 0.0, 0.0] [0.8973882586424776, 0.9794188743411759, 0.8280450273485668, 809.0, 22594.0, 17.0, 168.0, 1.5999680006399872] -399.0
cur thr:  101.0 [0.07954330289984311, 0.04141936576165026, 0.9999999897645856, 977.0, 0.0, 22611.0, 0.0, 0.0] [0.8973882586424776, 0.9794188743411759, 0.8280450273485668, 809.0, 22594.0, 17.0, 168.0, 1.5999680006399872] -399.0
cur thr:  151.0 [0.07954330289984311, 0.04141936576165026, 0.9999999897645856, 977.0, 0.0, 22611.0, 0.0, 0.0] [0.8973882586424776, 0.9794188743411759, 0.8280450273485668, 809.0, 22594.0, 17.0, 168.0, 1.5999680006399872] -399.0
cur thr:  201.0 [0.07954330289984311, 0.04141936576165026, 0.9999999897645856, 977.0, 0.0, 22611.0, 0.0, 0.0] [0.8973882586424776, 0.9794188743411759, 0.8280450273485668, 809.0, 22594.0, 17.0, 168.0, 1.5999680006399872] -399.0
cur thr:  251.0 [0.07954330289984311, 0.04141936576165026, 0.9999999897645856, 977.0, 0.0, 22611.0, 0.0, 0.0] [0.8973882586424776, 0.9794188743411759, 0.8280450273485668, 809.0, 22594.0, 17.0, 168.0, 1.5999680006399872] -399.0
cur thr:  301.0 [0.07954330289984311, 0.04141936576165026, 0.9999999897645856, 977.0, 0.0, 22611.0, 0.0, 0.0] [0.8973882586424776, 0.9794188743411759, 0.8280450273485668, 809.0, 22594.0, 17.0, 168.0, 1.5999680006399872] -399.0
cur thr:  351.0 [0.07954330289984311, 0.04141936576165026, 0.9999999897645856, 977.0, 0.0, 22611.0, 0.0, 0.0] [0.8973882586424776, 0.9794188743411759, 0.8280450273485668, 809.0, 22594.0, 17.0, 168.0, 1.5999680006399872] -399.0
[0.8973882586424776, 0.9794188743411759, 0.8280450273485668, 809.0, 22594.0, 17.0, 168.0, 1.5999680006399872] -399.0
Initial threshold : -16.842302
Number of peaks : 235
Grimshaw maximum log-likelihood estimation ... [done]
	γ = 0
	σ = 89.33637
	L = 1290.7160469422868
Extreme quantile (probability = 0.001): 188.5283855749808
22476
23588
POT result:  (0.0828063426515644, 0.04319186558656416, 0.9999999897645856, 977.0, 968.0, 21643.0, 0.0) 16.842302 0.0
label_file: ServerMachineDataset/interpretation_label/machine-3-4.txt
y_true_root_causes: {(2734, 3520): array([ 0,  1,  2,  3,  5,  6, 10, 15]), (4474, 4550): array([ 1, 10]), (6013, 6016): array([ 9, 11, 12, 13]), (10963, 10969): array([29, 32, 33]), (11565, 11569): array([23, 32, 33]), (13699, 13709): array([23, 32, 33]), (18589, 18640): array([0, 1, 2, 3]), (18784, 18825): array([0, 1, 2])}
y_true_root_causes shape: (8, 2)
--------------------------------------------------------------------------
y_true_root_causes shape: {(2734, 3520): array([ 0,  1,  2,  3,  5,  6, 10, 15]), (4474, 4550): array([ 1, 10]), (6013, 6016): array([ 9, 11, 12, 13]), (10963, 10969): array([29, 32, 33]), (11565, 11569): array([23, 32, 33]), (13699, 13709): array([23, 32, 33]), (18589, 18640): array([0, 1, 2, 3]), (18784, 18825): array([0, 1, 2])}
y_pred shape: (23588,)
anomaly_scores shape: (23588,)
feature_scores shape: (23588, 38)
y_test shape: (23588,)
Root Cause HitRate@100%: 0.0
Segment-level confusion (sum over all abnormal segments): {'TP': 0, 'TN': 290, 'FP': 0, 'FN': 687}
test end time:  2025-06-05 10:32:18
test time:  331.2436361312866
==============================result==============================
{'FN': 168.0,
 'FP': 17.0,
 'TN': 22594.0,
 'TP': 809.0,
 'best-f1': 0.8973882586424776,
 'best_valid_loss': -53.28316405307077,
 'latency': 1.5999680006399872,
 'pot-FN': 0.0,
 'pot-FP': 21643.0,
 'pot-TN': 968.0,
 'pot-TP': 977.0,
 'pot-f1': 0.0828063426515644,
 'pot-latency': 0.0,
 'pot-precision': 0.04319186558656416,
 'pot-recall': 0.9999999897645856,
 'pot-threshold': 16.842302,
 'precision': 0.9794188743411759,
 'pred_time': 0.33942581334356536,
 'pred_total_time': 160.52276706695557,
 'recall': 0.8280450273485668,
 'root_cause_hitrate@100%': 0.0,
 'segment_FN': 687,
 'segment_FP': 0,
 'segment_TN': 290,
 'segment_TP': 0,
 'threshold': -399.0,
 'train_time': 374.8062973022461,
 'valid_time': 0.34872508781739725}
